2022-12-27T08:47:11.1463228Z Requested labels: self-hosted, macOS, X64
2022-12-27T08:47:11.1463378Z Job defined at: kilnbuild/python.build/.github/workflows/mac_arm_build.yml@refs/heads/main
2022-12-27T08:47:11.1463411Z Waiting for a runner to pick up this job...
2022-12-27T11:07:52.5691597Z Job is about to start running on the runner: k2 (organization)
2022-12-27T11:07:55.1728130Z Current runner version: '2.300.2'
2022-12-27T11:07:55.1733090Z Runner name: 'k2'
2022-12-27T11:07:55.1733340Z Runner group name: 'Default'
2022-12-27T11:07:55.1733880Z Machine name: 'k2'
2022-12-27T11:07:55.1735350Z ##[group]GITHUB_TOKEN Permissions
2022-12-27T11:07:55.1735770Z Actions: write
2022-12-27T11:07:55.1735900Z Checks: write
2022-12-27T11:07:55.1736030Z Contents: write
2022-12-27T11:07:55.1736160Z Deployments: write
2022-12-27T11:07:55.1736300Z Discussions: write
2022-12-27T11:07:55.1736430Z Issues: write
2022-12-27T11:07:55.1736560Z Metadata: read
2022-12-27T11:07:55.1736690Z Packages: write
2022-12-27T11:07:55.1736830Z Pages: write
2022-12-27T11:07:55.1736960Z PullRequests: write
2022-12-27T11:07:55.1737120Z RepositoryProjects: write
2022-12-27T11:07:55.1737280Z SecurityEvents: write
2022-12-27T11:07:55.1737420Z Statuses: write
2022-12-27T11:07:55.1737550Z ##[endgroup]
2022-12-27T11:07:55.1740290Z Secret source: Actions
2022-12-27T11:07:55.1740620Z Prepare workflow directory
2022-12-27T11:07:55.2404710Z Prepare all required actions
2022-12-27T11:07:55.2525410Z Getting action download info
2022-12-27T11:07:55.6762580Z Download action repository 'actions/setup-python@v4' (SHA:5ccb29d8773c3f3f653e1705f474dfaa8a06a912)
2022-12-27T11:07:57.5382520Z Download action repository 'actions/upload-artifact@v3' (SHA:83fd05a356d7e2593de66fc9913b3002723633cb)
2022-12-27T11:07:58.8558940Z ##[group]Run echo '{
2022-12-27T11:07:58.8559240Z [36;1mecho '{[0m
2022-12-27T11:07:58.8559360Z [36;1m  "package_name": "lxml",[0m
2022-12-27T11:07:58.8559630Z [36;1m  "package_url": "https://files.pythonhosted.org/packages/32/99/cb2c4e205acc3ce8d7544cac7fe5d86bed227674655d405aa95bf76b0163/lxml-3.3.2.tar.gz",[0m
2022-12-27T11:07:58.8559850Z [36;1m  "package_version": "3.3.2",[0m
2022-12-27T11:07:58.8559980Z [36;1m  "python_version": "3.8",[0m
2022-12-27T11:07:58.8560090Z [36;1m  "use_ccache": "true"[0m
2022-12-27T11:07:58.8560250Z [36;1m}'[0m
2022-12-27T11:07:58.8575770Z shell: /bin/bash -e {0}
2022-12-27T11:07:58.8575950Z ##[endgroup]
2022-12-27T11:07:58.8791880Z {
2022-12-27T11:07:58.8793230Z   "package_name": "lxml",
2022-12-27T11:07:58.8793900Z   "package_url": "https://files.pythonhosted.org/packages/32/99/cb2c4e205acc3ce8d7544cac7fe5d86bed227674655d405aa95bf76b0163/lxml-3.3.2.tar.gz",
2022-12-27T11:07:58.8794250Z   "package_version": "3.3.2",
2022-12-27T11:07:58.8794490Z   "python_version": "3.8",
2022-12-27T11:07:58.8794640Z   "use_ccache": "true"
2022-12-27T11:07:58.8794810Z }
2022-12-27T11:07:58.9005190Z ##[group]Run actions/setup-python@v4
2022-12-27T11:07:58.9005400Z with:
2022-12-27T11:07:58.9005580Z   python-version: 3.8
2022-12-27T11:07:58.9005760Z   check-latest: false
2022-12-27T11:07:58.9006050Z   token: ***
2022-12-27T11:07:58.9006260Z   update-environment: true
2022-12-27T11:07:58.9006440Z ##[endgroup]
2022-12-27T11:07:59.0256720Z ##[group]Installed versions
2022-12-27T11:07:59.0292270Z Successfully set up CPython (3.8.15)
2022-12-27T11:07:59.0292870Z ##[endgroup]
2022-12-27T11:07:59.0441380Z ##[group]Run if [ "true" == "true" ]
2022-12-27T11:07:59.0441820Z [36;1mif [ "true" == "true" ][0m
2022-12-27T11:07:59.0441980Z [36;1mthen[0m
2022-12-27T11:07:59.0442210Z [36;1m  echo "CCACHE_PATH_PREPEND=/usr/local/opt/ccache/libexec" >> $GITHUB_OUTPUT[0m
2022-12-27T11:07:59.0442420Z [36;1melse[0m
2022-12-27T11:07:59.0442590Z [36;1m  echo "CCACHE_PATH_PREPEND=" >> $GITHUB_OUTPUT[0m
2022-12-27T11:07:59.0442840Z [36;1mfi[0m
2022-12-27T11:07:59.0459720Z shell: /bin/bash -e {0}
2022-12-27T11:07:59.0459920Z env:
2022-12-27T11:07:59.0460100Z   pythonLocation: /Users/runner/hostedtoolcache/Python/3.8.15/x64
2022-12-27T11:07:59.0460460Z   PKG_CONFIG_PATH: /Users/runner/hostedtoolcache/Python/3.8.15/x64/lib/pkgconfig
2022-12-27T11:07:59.0460730Z   Python_ROOT_DIR: /Users/runner/hostedtoolcache/Python/3.8.15/x64
2022-12-27T11:07:59.0460940Z   Python2_ROOT_DIR: /Users/runner/hostedtoolcache/Python/3.8.15/x64
2022-12-27T11:07:59.0461230Z   Python3_ROOT_DIR: /Users/runner/hostedtoolcache/Python/3.8.15/x64
2022-12-27T11:07:59.0461770Z ##[endgroup]
2022-12-27T11:07:59.0571290Z ##[group]Run echo "BUILD_NAME=$(echo lxml_3.3.2_3.8 | tr -dc '[:alnum:]\n\r' | tr '[:upper:]' '[:lower:]')" >> $GITHUB_OUTPUT
2022-12-27T11:07:59.0571720Z [36;1mecho "BUILD_NAME=$(echo lxml_3.3.2_3.8 | tr -dc '[:alnum:]\n\r' | tr '[:upper:]' '[:lower:]')" >> $GITHUB_OUTPUT[0m
2022-12-27T11:07:59.0585370Z shell: /bin/bash -e {0}
2022-12-27T11:07:59.0585660Z env:
2022-12-27T11:07:59.0585890Z   pythonLocation: /Users/runner/hostedtoolcache/Python/3.8.15/x64
2022-12-27T11:07:59.0586120Z   PKG_CONFIG_PATH: /Users/runner/hostedtoolcache/Python/3.8.15/x64/lib/pkgconfig
2022-12-27T11:07:59.0586380Z   Python_ROOT_DIR: /Users/runner/hostedtoolcache/Python/3.8.15/x64
2022-12-27T11:07:59.0586640Z   Python2_ROOT_DIR: /Users/runner/hostedtoolcache/Python/3.8.15/x64
2022-12-27T11:07:59.0586940Z   Python3_ROOT_DIR: /Users/runner/hostedtoolcache/Python/3.8.15/x64
2022-12-27T11:07:59.0587140Z ##[endgroup]
2022-12-27T11:07:59.0740300Z ##[group]Run echo "PYTHON_NO_DOTS=$(echo 3.8 | tr -dc '[:alnum:]\n\r' | tr '[:upper:]' '[:lower:]')" >> $GITHUB_OUTPUT
2022-12-27T11:07:59.0740740Z [36;1mecho "PYTHON_NO_DOTS=$(echo 3.8 | tr -dc '[:alnum:]\n\r' | tr '[:upper:]' '[:lower:]')" >> $GITHUB_OUTPUT[0m
2022-12-27T11:07:59.0754380Z shell: /bin/bash -e {0}
2022-12-27T11:07:59.0754530Z env:
2022-12-27T11:07:59.0754800Z   pythonLocation: /Users/runner/hostedtoolcache/Python/3.8.15/x64
2022-12-27T11:07:59.0755480Z   PKG_CONFIG_PATH: /Users/runner/hostedtoolcache/Python/3.8.15/x64/lib/pkgconfig
2022-12-27T11:07:59.0755740Z   Python_ROOT_DIR: /Users/runner/hostedtoolcache/Python/3.8.15/x64
2022-12-27T11:07:59.0755950Z   Python2_ROOT_DIR: /Users/runner/hostedtoolcache/Python/3.8.15/x64
2022-12-27T11:07:59.0756210Z   Python3_ROOT_DIR: /Users/runner/hostedtoolcache/Python/3.8.15/x64
2022-12-27T11:07:59.0756420Z ##[endgroup]
2022-12-27T11:07:59.0871290Z ##[group]Run rm -rf build_lxml33238
2022-12-27T11:07:59.0871690Z [36;1mrm -rf build_lxml33238[0m
2022-12-27T11:07:59.0871930Z [36;1mmkdir build_lxml33238[0m
2022-12-27T11:07:59.0872110Z [36;1mcd build_lxml33238[0m
2022-12-27T11:07:59.0872430Z [36;1m/usr/local/bin/wget --quiet https://files.pythonhosted.org/packages/32/99/cb2c4e205acc3ce8d7544cac7fe5d86bed227674655d405aa95bf76b0163/lxml-3.3.2.tar.gz[0m
2022-12-27T11:07:59.0872710Z [36;1mtar xf *.tar.gz[0m
2022-12-27T11:07:59.0872850Z [36;1mcd *[0m
2022-12-27T11:07:59.0873090Z [36;1mpython -m pip install cibuildwheel==2.11.3[0m
2022-12-27T11:07:59.0873320Z [36;1mpython -m cibuildwheel --output-dir ../wheelsout[0m
2022-12-27T11:07:59.0887720Z shell: /bin/bash -e {0}
2022-12-27T11:07:59.0887900Z env:
2022-12-27T11:07:59.0888170Z   pythonLocation: /Users/runner/hostedtoolcache/Python/3.8.15/x64
2022-12-27T11:07:59.0888430Z   PKG_CONFIG_PATH: /Users/runner/hostedtoolcache/Python/3.8.15/x64/lib/pkgconfig
2022-12-27T11:07:59.0888720Z   Python_ROOT_DIR: /Users/runner/hostedtoolcache/Python/3.8.15/x64
2022-12-27T11:07:59.0888930Z   Python2_ROOT_DIR: /Users/runner/hostedtoolcache/Python/3.8.15/x64
2022-12-27T11:07:59.0889220Z   Python3_ROOT_DIR: /Users/runner/hostedtoolcache/Python/3.8.15/x64
2022-12-27T11:07:59.0889430Z   CIBW_ARCHS_MACOS: arm64
2022-12-27T11:07:59.0889610Z   CIBW_TEST_SKIP: *_arm64
2022-12-27T11:07:59.0889760Z   CIBW_BUILD: cp38-macosx_arm64
2022-12-27T11:07:59.0889940Z   CIBW_BUILD_FRONTEND: pip
2022-12-27T11:07:59.0890170Z   CIBW_BUILD_VERBOSITY: 3
2022-12-27T11:07:59.0890450Z   CIBW_ENVIRONMENT_MACOS:  CFLAGS="-I/usr/local/opt/openssl@3/include" LDFLAGS="-L/usr/local/opt/openssl@3/lib" CPPFLAGS="-I/usr/local/opt/openssl@3/include" MAKEFLAGS="-j$(sysctl -n hw.logicalcpu)" PATH=/usr/local/opt/ccache/libexec:$PATH
2022-12-27T11:07:59.0890830Z   CIBW_BEFORE_BUILD: pip install Cython; if [[ -f requirements.txt ]]; then pip install -r requirements.txt; fi
2022-12-27T11:07:59.0891080Z   MAKEFLAGS: -j$(sysctl -n hw.logicalcpu)
2022-12-27T11:07:59.0891300Z ##[endgroup]
2022-12-27T11:07:59.5728130Z Requirement already satisfied: cibuildwheel==2.11.3 in /Users/runner/hostedtoolcache/Python/3.8.15/x64/lib/python3.8/site-packages (2.11.3)
2022-12-27T11:07:59.6062610Z Requirement already satisfied: certifi in /Users/runner/hostedtoolcache/Python/3.8.15/x64/lib/python3.8/site-packages (from cibuildwheel==2.11.3) (2022.12.7)
2022-12-27T11:07:59.6066790Z Requirement already satisfied: bashlex!=0.13 in /Users/runner/hostedtoolcache/Python/3.8.15/x64/lib/python3.8/site-packages (from cibuildwheel==2.11.3) (0.16)
2022-12-27T11:07:59.6071240Z Requirement already satisfied: packaging>=20.9 in /Users/runner/hostedtoolcache/Python/3.8.15/x64/lib/python3.8/site-packages (from cibuildwheel==2.11.3) (22.0)
2022-12-27T11:07:59.6074410Z Requirement already satisfied: filelock in /Users/runner/hostedtoolcache/Python/3.8.15/x64/lib/python3.8/site-packages (from cibuildwheel==2.11.3) (3.8.2)
2022-12-27T11:07:59.6077510Z Requirement already satisfied: platformdirs in /Users/runner/hostedtoolcache/Python/3.8.15/x64/lib/python3.8/site-packages (from cibuildwheel==2.11.3) (2.6.0)
2022-12-27T11:07:59.6083180Z Requirement already satisfied: tomli in /Users/runner/hostedtoolcache/Python/3.8.15/x64/lib/python3.8/site-packages (from cibuildwheel==2.11.3) (2.0.1)
2022-12-27T11:07:59.6086420Z Requirement already satisfied: bracex in /Users/runner/hostedtoolcache/Python/3.8.15/x64/lib/python3.8/site-packages (from cibuildwheel==2.11.3) (2.3.post1)
2022-12-27T11:07:59.6095250Z Requirement already satisfied: typing-extensions>=4.1.0 in /Users/runner/hostedtoolcache/Python/3.8.15/x64/lib/python3.8/site-packages (from cibuildwheel==2.11.3) (4.4.0)
2022-12-27T11:07:59.7777620Z 
2022-12-27T11:07:59.7777870Z      _ _       _ _   _       _           _
2022-12-27T11:07:59.7778990Z  ___|_| |_ _ _|_| |_| |_ _ _| |_ ___ ___| |
2022-12-27T11:07:59.7779780Z |  _| | . | | | | | . | | | |   | -_| -_| |
2022-12-27T11:07:59.7780300Z |___|_|___|___|_|_|___|_____|_|_|___|___|_|
2022-12-27T11:07:59.7781250Z 
2022-12-27T11:07:59.7781570Z cibuildwheel version 2.11.3
2022-12-27T11:07:59.7781820Z 
2022-12-27T11:07:59.7781950Z Build options:
2022-12-27T11:07:59.7782230Z   platform: macos
2022-12-27T11:07:59.7922800Z   architectures: arm64[0m
2022-12-27T11:07:59.7923100Z   build_selector: 
2022-12-27T11:07:59.7923420Z     build_config: cp38-macosx_arm64
2022-12-27T11:07:59.7923690Z     skip_config: 
2022-12-27T11:07:59.7924490Z     requires_python: None
2022-12-27T11:07:59.7924840Z     prerelease_pythons: False[0m
2022-12-27T11:07:59.7925210Z   [38;5;244mcontainer_engine: docker[0m
2022-12-27T11:07:59.7925700Z   output_dir: /Users/runner/actions-runner/_work/python.build/python.build/build_lxml33238/wheelsout[0m
2022-12-27T11:07:59.7926380Z   package_dir: /Users/runner/actions-runner/_work/python.build/python.build/build_lxml33238/lxml-3.3.2[0m
2022-12-27T11:07:59.7926690Z   test_selector: 
2022-12-27T11:07:59.7927020Z     skip_config: *_arm64[0m
2022-12-27T11:07:59.7927340Z   [38;5;244mbefore_all: [0m
2022-12-27T11:07:59.7927770Z   before_build: pip install Cython; if [[ -f requirements.txt ]]; then pip install -r requirements.txt; fi[0m
2022-12-27T11:07:59.7928220Z   [38;5;244mbefore_test: [0m
2022-12-27T11:07:59.7928560Z   [38;5;244mbuild_frontend: pip[0m
2022-12-27T11:07:59.7928830Z   build_verbosity: 3[0m
2022-12-27T11:07:59.7929150Z   [38;5;244mconfig_settings: [0m
2022-12-27T11:07:59.7929500Z   [38;5;244mdependency_constraints: pinned[0m
2022-12-27T11:07:59.7929780Z   environment: 
2022-12-27T11:07:59.7930130Z     CFLAGS="-I/usr/local/opt/openssl@3/include"
2022-12-27T11:07:59.7930490Z     LDFLAGS="-L/usr/local/opt/openssl@3/lib"
2022-12-27T11:07:59.7930870Z     CPPFLAGS="-I/usr/local/opt/openssl@3/include"
2022-12-27T11:07:59.7931200Z     MAKEFLAGS="-j$(sysctl -n hw.logicalcpu)"
2022-12-27T11:07:59.7931630Z     PATH=/usr/local/opt/ccache/libexec:$PATH[0m
2022-12-27T11:07:59.7931980Z   [38;5;244mmanylinux_images: None[0m
2022-12-27T11:07:59.7932280Z   [38;5;244mmusllinux_images: None[0m
2022-12-27T11:07:59.7932740Z   [38;5;244mrepair_command: delocate-wheel --require-archs {delocate_archs} -w {dest_dir} -v {wheel}[0m
2022-12-27T11:07:59.7933640Z   [38;5;244mtest_command: [0m
2022-12-27T11:07:59.7933920Z   [38;5;244mtest_extras: [0m
2022-12-27T11:07:59.7934240Z   [38;5;244mtest_requires: [0m
2022-12-27T11:07:59.7934390Z 
2022-12-27T11:07:59.7934550Z Cache folder: /Users/runner/Library/Caches/cibuildwheel
2022-12-27T11:07:59.7941350Z 
2022-12-27T11:07:59.7941610Z Here we go!
2022-12-27T11:07:59.7941870Z 
2022-12-27T11:07:59.8066600Z 
2022-12-27T11:07:59.8067160Z [1m[34mBuilding cp38-macosx_arm64 wheel[0m
2022-12-27T11:07:59.8067650Z CPython 3.8 macOS arm64 - Apple Silicon
2022-12-27T11:07:59.8067850Z 
2022-12-27T11:07:59.8070730Z ##[group]Installing Python cp38...
2022-12-27T11:07:59.8070900Z 
2022-12-27T11:07:59.8072330Z + pkgutil --pkgs
2022-12-27T11:07:59.8173310Z ##[endgroup]
2022-12-27T11:07:59.8174410Z                                                               [32m✓ [0m0.01s
2022-12-27T11:07:59.8175070Z ##[group]Setting up build environment...
2022-12-27T11:07:59.8175250Z 
2022-12-27T11:07:59.8194360Z + /Users/runner/hostedtoolcache/Python/3.8.15/x64/bin/python -sS /Users/runner/Library/Caches/cibuildwheel/virtualenv-20.17.0.pyz --activators= --no-periodic-update --pip=22.3.1 --setuptools=65.6.3 --wheel=0.38.4 --symlink-app-data --python /Library/Frameworks/Python.framework/Versions/3.8/bin/python3 /private/var/folders/51/hd414ycd67n82196sw51xqtc0000gn/T/cibw-run-eqdo6848/cp38-macosx_arm64/build/venv
2022-12-27T11:08:00.0013710Z created virtual environment CPython3.8.10.final.0-64 in 44ms
2022-12-27T11:08:00.0014600Z   creator CPython3Posix(dest=/private/var/folders/51/hd414ycd67n82196sw51xqtc0000gn/T/cibw-run-eqdo6848/cp38-macosx_arm64/build/venv, clear=False, no_vcs_ignore=False, global=False)
2022-12-27T11:08:00.0015430Z   seeder FromAppData(download=False, pip=22.3.1, setuptools=65.6.3, wheel=0.38.4, via=symlink, app_data_dir=/Users/runner/Library/Application Support/virtualenv)
2022-12-27T11:08:00.0015790Z     added seed packages: pip==22.3.1, setuptools==65.6.3, wheel==0.38.4
2022-12-27T11:08:00.0135110Z + python -m pip install --upgrade pip -c /Users/runner/hostedtoolcache/Python/3.8.15/x64/lib/python3.8/site-packages/cibuildwheel/resources/constraints-python38.txt
2022-12-27T11:08:00.3169530Z Requirement already satisfied: pip in ./lib/python3.8/site-packages (22.3.1)
2022-12-27T11:08:00.4507850Z + which pip
2022-12-27T11:08:00.4528010Z /private/var/folders/51/hd414ycd67n82196sw51xqtc0000gn/T/cibw-run-eqdo6848/cp38-macosx_arm64/build/venv/bin/pip
2022-12-27T11:08:00.4530460Z + pip --version
2022-12-27T11:08:00.6742540Z pip 22.3.1 from /private/var/folders/51/hd414ycd67n82196sw51xqtc0000gn/T/cibw-run-eqdo6848/cp38-macosx_arm64/build/venv/lib/python3.8/site-packages/pip (python 3.8)
2022-12-27T11:08:00.6974440Z + which pip
2022-12-27T11:08:00.7005060Z + which python
2022-12-27T11:08:00.7027350Z /private/var/folders/51/hd414ycd67n82196sw51xqtc0000gn/T/cibw-run-eqdo6848/cp38-macosx_arm64/build/venv/bin/python
2022-12-27T11:08:00.7030780Z + python --version
2022-12-27T11:08:00.7085660Z Python 3.8.10
2022-12-27T11:08:00.7090890Z + which python
2022-12-27T11:08:00.7149440Z ##[endgroup]
2022-12-27T11:08:00.7150380Z                                                               [32m✓ [0m0.90s
2022-12-27T11:08:00.7151100Z ##[group]Installing build tools...
2022-12-27T11:08:00.7151340Z 
2022-12-27T11:08:00.7151930Z + pip install --upgrade setuptools wheel delocate -c /Users/runner/hostedtoolcache/Python/3.8.15/x64/lib/python3.8/site-packages/cibuildwheel/resources/constraints-python38.txt
2022-12-27T11:08:01.0171790Z Requirement already satisfied: setuptools in /private/var/folders/51/hd414ycd67n82196sw51xqtc0000gn/T/cibw-run-eqdo6848/cp38-macosx_arm64/build/venv/lib/python3.8/site-packages (65.6.3)
2022-12-27T11:08:01.2398270Z Requirement already satisfied: wheel in /private/var/folders/51/hd414ycd67n82196sw51xqtc0000gn/T/cibw-run-eqdo6848/cp38-macosx_arm64/build/venv/lib/python3.8/site-packages (0.38.4)
2022-12-27T11:08:01.2947440Z Collecting delocate
2022-12-27T11:08:01.3012300Z   Using cached delocate-0.10.3-py3-none-any.whl (142 kB)
2022-12-27T11:08:01.3336790Z Collecting packaging>=20.9
2022-12-27T11:08:01.3358680Z   Using cached packaging-21.3-py3-none-any.whl (40 kB)
2022-12-27T11:08:01.3928580Z Collecting typing-extensions
2022-12-27T11:08:01.3951980Z   Using cached typing_extensions-4.4.0-py3-none-any.whl (26 kB)
2022-12-27T11:08:01.4307630Z Collecting pyparsing!=3.0.5,>=2.0.2
2022-12-27T11:08:01.4329660Z   Using cached pyparsing-3.0.9-py3-none-any.whl (98 kB)
2022-12-27T11:08:01.4691190Z Installing collected packages: typing-extensions, pyparsing, packaging, delocate
2022-12-27T11:08:01.5971690Z Successfully installed delocate-0.10.3 packaging-21.3 pyparsing-3.0.9 typing-extensions-4.4.0
2022-12-27T11:08:01.6435610Z ##[endgroup]
2022-12-27T11:08:01.6436440Z                                                               [32m✓ [0m0.93s
2022-12-27T11:08:01.6436930Z ##[group]Running before_build...
2022-12-27T11:08:01.6437100Z 
2022-12-27T11:08:01.6443240Z + pip install Cython; if [[ -f requirements.txt ]]; then pip install -r requirements.txt; fi
2022-12-27T11:08:02.3108050Z Collecting Cython
2022-12-27T11:08:02.3156320Z   Using cached Cython-0.29.32-py2.py3-none-any.whl (986 kB)
2022-12-27T11:08:02.3646810Z Installing collected packages: Cython
2022-12-27T11:08:02.7834030Z Successfully installed Cython-0.29.32
2022-12-27T11:08:03.1153850Z Requirement already satisfied: Cython>=0.20 in /private/var/folders/51/hd414ycd67n82196sw51xqtc0000gn/T/cibw-run-eqdo6848/cp38-macosx_arm64/build/venv/lib/python3.8/site-packages (from -r requirements.txt (line 1)) (0.29.32)
2022-12-27T11:08:03.1899190Z ##[endgroup]
2022-12-27T11:08:03.1900200Z                                                               [32m✓ [0m1.55s
2022-12-27T11:08:03.1900900Z ##[group]Building wheel...
2022-12-27T11:08:03.1901080Z 
2022-12-27T11:08:03.1905880Z + python -m pip wheel /Users/runner/actions-runner/_work/python.build/python.build/build_lxml33238/lxml-3.3.2 --wheel-dir=/private/var/folders/51/hd414ycd67n82196sw51xqtc0000gn/T/cibw-run-eqdo6848/cp38-macosx_arm64/built_wheel --no-deps -vvv
2022-12-27T11:08:03.4680610Z Created temporary directory: /private/var/folders/51/hd414ycd67n82196sw51xqtc0000gn/T/pip-ephem-wheel-cache-dug_q4_0
2022-12-27T11:08:03.4686590Z Created temporary directory: /private/var/folders/51/hd414ycd67n82196sw51xqtc0000gn/T/pip-build-tracker-gpzgvtuc
2022-12-27T11:08:03.4688640Z Initialized build tracking at /private/var/folders/51/hd414ycd67n82196sw51xqtc0000gn/T/pip-build-tracker-gpzgvtuc
2022-12-27T11:08:03.4690080Z Created build tracker: /private/var/folders/51/hd414ycd67n82196sw51xqtc0000gn/T/pip-build-tracker-gpzgvtuc
2022-12-27T11:08:03.4692060Z Entered build tracker: /private/var/folders/51/hd414ycd67n82196sw51xqtc0000gn/T/pip-build-tracker-gpzgvtuc
2022-12-27T11:08:03.4695730Z Created temporary directory: /private/var/folders/51/hd414ycd67n82196sw51xqtc0000gn/T/pip-wheel-t4xexy6k
2022-12-27T11:08:03.4702270Z Created temporary directory: /private/var/folders/51/hd414ycd67n82196sw51xqtc0000gn/T/pip-ephem-wheel-cache-i5i5m65x
2022-12-27T11:08:03.4781620Z Processing /Users/runner/actions-runner/_work/python.build/python.build/build_lxml33238/lxml-3.3.2
2022-12-27T11:08:03.4787160Z   Added file:///Users/runner/actions-runner/_work/python.build/python.build/build_lxml33238/lxml-3.3.2 to build tracker '/private/var/folders/51/hd414ycd67n82196sw51xqtc0000gn/T/pip-build-tracker-gpzgvtuc'
2022-12-27T11:08:03.4790750Z   Running setup.py (path:/Users/runner/actions-runner/_work/python.build/python.build/build_lxml33238/lxml-3.3.2/setup.py) egg_info for package from file:///Users/runner/actions-runner/_work/python.build/python.build/build_lxml33238/lxml-3.3.2
2022-12-27T11:08:03.4793890Z   Created temporary directory: /private/var/folders/51/hd414ycd67n82196sw51xqtc0000gn/T/pip-pip-egg-info-ubg24_2j
2022-12-27T11:08:03.4795530Z   Preparing metadata (setup.py): started
2022-12-27T11:08:03.4797410Z   Running command python setup.py egg_info
2022-12-27T11:08:03.8458340Z   Building lxml version 3.3.2.
2022-12-27T11:08:03.8460200Z   Building without Cython.
2022-12-27T11:08:03.8461830Z   Using build configuration of libxslt 1.1.29
2022-12-27T11:08:03.8464690Z   Building against libxml2/libxslt in the following directory: /Library/Developer/CommandLineTools/SDKs/MacOSX12.1.sdk/usr/lib
2022-12-27T11:08:03.8465870Z   running egg_info
2022-12-27T11:08:03.8468320Z   creating /private/var/folders/51/hd414ycd67n82196sw51xqtc0000gn/T/pip-pip-egg-info-ubg24_2j/lxml.egg-info
2022-12-27T11:08:03.8470290Z   writing /private/var/folders/51/hd414ycd67n82196sw51xqtc0000gn/T/pip-pip-egg-info-ubg24_2j/lxml.egg-info/PKG-INFO
2022-12-27T11:08:03.8472580Z   writing dependency_links to /private/var/folders/51/hd414ycd67n82196sw51xqtc0000gn/T/pip-pip-egg-info-ubg24_2j/lxml.egg-info/dependency_links.txt
2022-12-27T11:08:03.8474590Z   writing requirements to /private/var/folders/51/hd414ycd67n82196sw51xqtc0000gn/T/pip-pip-egg-info-ubg24_2j/lxml.egg-info/requires.txt
2022-12-27T11:08:03.8476760Z   writing top-level names to /private/var/folders/51/hd414ycd67n82196sw51xqtc0000gn/T/pip-pip-egg-info-ubg24_2j/lxml.egg-info/top_level.txt
2022-12-27T11:08:03.8478750Z   writing manifest file '/private/var/folders/51/hd414ycd67n82196sw51xqtc0000gn/T/pip-pip-egg-info-ubg24_2j/lxml.egg-info/SOURCES.txt'
2022-12-27T11:08:03.8556300Z   reading manifest file '/private/var/folders/51/hd414ycd67n82196sw51xqtc0000gn/T/pip-pip-egg-info-ubg24_2j/lxml.egg-info/SOURCES.txt'
2022-12-27T11:08:03.8558810Z   reading manifest template 'MANIFEST.in'
2022-12-27T11:08:03.9584060Z   adding license file 'LICENSES.txt'
2022-12-27T11:08:03.9650870Z   writing manifest file '/private/var/folders/51/hd414ycd67n82196sw51xqtc0000gn/T/pip-pip-egg-info-ubg24_2j/lxml.egg-info/SOURCES.txt'
2022-12-27T11:08:03.9653930Z   /private/var/folders/51/hd414ycd67n82196sw51xqtc0000gn/T/cibw-run-eqdo6848/cp38-macosx_arm64/build/venv/lib/python3.8/site-packages/setuptools/_distutils/dist.py:265: UserWarning: Unknown distribution option: 'bugtrack_url'
2022-12-27T11:08:03.9656650Z     warnings.warn(msg)
2022-12-27T11:08:03.9875630Z   Preparing metadata (setup.py): finished with status 'done'
2022-12-27T11:08:03.9900610Z   Source in /Users/runner/actions-runner/_work/python.build/python.build/build_lxml33238/lxml-3.3.2 has version 3.3.2, which satisfies requirement lxml==3.3.2 from file:///Users/runner/actions-runner/_work/python.build/python.build/build_lxml33238/lxml-3.3.2
2022-12-27T11:08:03.9904080Z   Removed lxml==3.3.2 from file:///Users/runner/actions-runner/_work/python.build/python.build/build_lxml33238/lxml-3.3.2 from build tracker '/private/var/folders/51/hd414ycd67n82196sw51xqtc0000gn/T/pip-build-tracker-gpzgvtuc'
2022-12-27T11:08:04.0038240Z Created temporary directory: /private/var/folders/51/hd414ycd67n82196sw51xqtc0000gn/T/pip-unpack-x10oe_u_
2022-12-27T11:08:04.0040360Z Building wheels for collected packages: lxml
2022-12-27T11:08:04.0046370Z   Created temporary directory: /private/var/folders/51/hd414ycd67n82196sw51xqtc0000gn/T/pip-wheel-iomzvfae
2022-12-27T11:08:04.0048050Z   Building wheel for lxml (setup.py): started
2022-12-27T11:08:04.0049810Z   Destination directory: /private/var/folders/51/hd414ycd67n82196sw51xqtc0000gn/T/pip-wheel-iomzvfae
2022-12-27T11:08:04.0051300Z   Running command python setup.py bdist_wheel
2022-12-27T11:08:04.2336690Z   Building lxml version 3.3.2.
2022-12-27T11:08:04.2339460Z   Building without Cython.
2022-12-27T11:08:04.2469420Z   Using build configuration of libxslt 1.1.29
2022-12-27T11:08:04.3442680Z   Building against libxml2/libxslt in the following directory: /Library/Developer/CommandLineTools/SDKs/MacOSX12.1.sdk/usr/lib
2022-12-27T11:08:04.3522630Z   /private/var/folders/51/hd414ycd67n82196sw51xqtc0000gn/T/cibw-run-eqdo6848/cp38-macosx_arm64/build/venv/lib/python3.8/site-packages/setuptools/_distutils/dist.py:265: UserWarning: Unknown distribution option: 'bugtrack_url'
2022-12-27T11:08:04.3523850Z     warnings.warn(msg)
2022-12-27T11:08:04.3709940Z   running bdist_wheel
2022-12-27T11:08:04.3751170Z   running build
2022-12-27T11:08:04.3752840Z   running build_py
2022-12-27T11:08:04.3772980Z   creating build
2022-12-27T11:08:04.3774830Z   creating build/lib.macosx-11.0-arm64-cpython-38
2022-12-27T11:08:04.3776530Z   creating build/lib.macosx-11.0-arm64-cpython-38/lxml
2022-12-27T11:08:04.3778910Z   copying src/lxml/_elementpath.py -> build/lib.macosx-11.0-arm64-cpython-38/lxml
2022-12-27T11:08:04.3782190Z   copying src/lxml/sax.py -> build/lib.macosx-11.0-arm64-cpython-38/lxml
2022-12-27T11:08:04.3785230Z   copying src/lxml/pyclasslookup.py -> build/lib.macosx-11.0-arm64-cpython-38/lxml
2022-12-27T11:08:04.3787110Z   copying src/lxml/__init__.py -> build/lib.macosx-11.0-arm64-cpython-38/lxml
2022-12-27T11:08:04.3790970Z   copying src/lxml/builder.py -> build/lib.macosx-11.0-arm64-cpython-38/lxml
2022-12-27T11:08:04.3793560Z   copying src/lxml/doctestcompare.py -> build/lib.macosx-11.0-arm64-cpython-38/lxml
2022-12-27T11:08:04.3797040Z   copying src/lxml/usedoctest.py -> build/lib.macosx-11.0-arm64-cpython-38/lxml
2022-12-27T11:08:04.3800020Z   copying src/lxml/cssselect.py -> build/lib.macosx-11.0-arm64-cpython-38/lxml
2022-12-27T11:08:04.3802440Z   copying src/lxml/ElementInclude.py -> build/lib.macosx-11.0-arm64-cpython-38/lxml
2022-12-27T11:08:04.3807170Z   creating build/lib.macosx-11.0-arm64-cpython-38/lxml/includes
2022-12-27T11:08:04.3808960Z   copying src/lxml/includes/__init__.py -> build/lib.macosx-11.0-arm64-cpython-38/lxml/includes
2022-12-27T11:08:04.3815820Z   creating build/lib.macosx-11.0-arm64-cpython-38/lxml/html
2022-12-27T11:08:04.3817250Z   copying src/lxml/html/soupparser.py -> build/lib.macosx-11.0-arm64-cpython-38/lxml/html
2022-12-27T11:08:04.3822480Z   copying src/lxml/html/defs.py -> build/lib.macosx-11.0-arm64-cpython-38/lxml/html
2022-12-27T11:08:04.3824580Z   copying src/lxml/html/_setmixin.py -> build/lib.macosx-11.0-arm64-cpython-38/lxml/html
2022-12-27T11:08:04.3826590Z   copying src/lxml/html/clean.py -> build/lib.macosx-11.0-arm64-cpython-38/lxml/html
2022-12-27T11:08:04.3829410Z   copying src/lxml/html/_diffcommand.py -> build/lib.macosx-11.0-arm64-cpython-38/lxml/html
2022-12-27T11:08:04.3832120Z   copying src/lxml/html/html5parser.py -> build/lib.macosx-11.0-arm64-cpython-38/lxml/html
2022-12-27T11:08:04.3836960Z   copying src/lxml/html/__init__.py -> build/lib.macosx-11.0-arm64-cpython-38/lxml/html
2022-12-27T11:08:04.3840050Z   copying src/lxml/html/formfill.py -> build/lib.macosx-11.0-arm64-cpython-38/lxml/html
2022-12-27T11:08:04.3844640Z   copying src/lxml/html/builder.py -> build/lib.macosx-11.0-arm64-cpython-38/lxml/html
2022-12-27T11:08:04.3847220Z   copying src/lxml/html/ElementSoup.py -> build/lib.macosx-11.0-arm64-cpython-38/lxml/html
2022-12-27T11:08:04.3852070Z   copying src/lxml/html/_html5builder.py -> build/lib.macosx-11.0-arm64-cpython-38/lxml/html
2022-12-27T11:08:04.3854890Z   copying src/lxml/html/usedoctest.py -> build/lib.macosx-11.0-arm64-cpython-38/lxml/html
2022-12-27T11:08:04.3858030Z   copying src/lxml/html/diff.py -> build/lib.macosx-11.0-arm64-cpython-38/lxml/html
2022-12-27T11:08:04.3863020Z   creating build/lib.macosx-11.0-arm64-cpython-38/lxml/isoschematron
2022-12-27T11:08:04.3864630Z   copying src/lxml/isoschematron/__init__.py -> build/lib.macosx-11.0-arm64-cpython-38/lxml/isoschematron
2022-12-27T11:08:04.3892140Z   copying src/lxml/lxml.etree.h -> build/lib.macosx-11.0-arm64-cpython-38/lxml
2022-12-27T11:08:04.3895890Z   copying src/lxml/lxml.etree_api.h -> build/lib.macosx-11.0-arm64-cpython-38/lxml
2022-12-27T11:08:04.3899000Z   copying src/lxml/includes/xmlerror.pxd -> build/lib.macosx-11.0-arm64-cpython-38/lxml/includes
2022-12-27T11:08:04.3903390Z   copying src/lxml/includes/c14n.pxd -> build/lib.macosx-11.0-arm64-cpython-38/lxml/includes
2022-12-27T11:08:04.3906730Z   copying src/lxml/includes/xmlschema.pxd -> build/lib.macosx-11.0-arm64-cpython-38/lxml/includes
2022-12-27T11:08:04.3909160Z   copying src/lxml/includes/schematron.pxd -> build/lib.macosx-11.0-arm64-cpython-38/lxml/includes
2022-12-27T11:08:04.3912670Z   copying src/lxml/includes/tree.pxd -> build/lib.macosx-11.0-arm64-cpython-38/lxml/includes
2022-12-27T11:08:04.3918450Z   copying src/lxml/includes/uri.pxd -> build/lib.macosx-11.0-arm64-cpython-38/lxml/includes
2022-12-27T11:08:04.3922110Z   copying src/lxml/includes/etreepublic.pxd -> build/lib.macosx-11.0-arm64-cpython-38/lxml/includes
2022-12-27T11:08:04.3925560Z   copying src/lxml/includes/xpath.pxd -> build/lib.macosx-11.0-arm64-cpython-38/lxml/includes
2022-12-27T11:08:04.3928900Z   copying src/lxml/includes/htmlparser.pxd -> build/lib.macosx-11.0-arm64-cpython-38/lxml/includes
2022-12-27T11:08:04.3932330Z   copying src/lxml/includes/xslt.pxd -> build/lib.macosx-11.0-arm64-cpython-38/lxml/includes
2022-12-27T11:08:04.3936620Z   copying src/lxml/includes/config.pxd -> build/lib.macosx-11.0-arm64-cpython-38/lxml/includes
2022-12-27T11:08:04.3940410Z   copying src/lxml/includes/xmlparser.pxd -> build/lib.macosx-11.0-arm64-cpython-38/lxml/includes
2022-12-27T11:08:04.3944740Z   copying src/lxml/includes/xinclude.pxd -> build/lib.macosx-11.0-arm64-cpython-38/lxml/includes
2022-12-27T11:08:04.3947930Z   copying src/lxml/includes/dtdvalid.pxd -> build/lib.macosx-11.0-arm64-cpython-38/lxml/includes
2022-12-27T11:08:04.3950930Z   copying src/lxml/includes/relaxng.pxd -> build/lib.macosx-11.0-arm64-cpython-38/lxml/includes
2022-12-27T11:08:04.3953840Z   copying src/lxml/includes/lxml-version.h -> build/lib.macosx-11.0-arm64-cpython-38/lxml/includes
2022-12-27T11:08:04.3957060Z   copying src/lxml/includes/etree_defs.h -> build/lib.macosx-11.0-arm64-cpython-38/lxml/includes
2022-12-27T11:08:04.3960440Z   creating build/lib.macosx-11.0-arm64-cpython-38/lxml/isoschematron/resources
2022-12-27T11:08:04.3961970Z   creating build/lib.macosx-11.0-arm64-cpython-38/lxml/isoschematron/resources/rng
2022-12-27T11:08:04.3963960Z   copying src/lxml/isoschematron/resources/rng/iso-schematron.rng -> build/lib.macosx-11.0-arm64-cpython-38/lxml/isoschematron/resources/rng
2022-12-27T11:08:04.3967010Z   creating build/lib.macosx-11.0-arm64-cpython-38/lxml/isoschematron/resources/xsl
2022-12-27T11:08:04.3968170Z   copying src/lxml/isoschematron/resources/xsl/XSD2Schtrn.xsl -> build/lib.macosx-11.0-arm64-cpython-38/lxml/isoschematron/resources/xsl
2022-12-27T11:08:04.3970720Z   copying src/lxml/isoschematron/resources/xsl/RNG2Schtrn.xsl -> build/lib.macosx-11.0-arm64-cpython-38/lxml/isoschematron/resources/xsl
2022-12-27T11:08:04.3974070Z   creating build/lib.macosx-11.0-arm64-cpython-38/lxml/isoschematron/resources/xsl/iso-schematron-xslt1
2022-12-27T11:08:04.3975820Z   copying src/lxml/isoschematron/resources/xsl/iso-schematron-xslt1/iso_abstract_expand.xsl -> build/lib.macosx-11.0-arm64-cpython-38/lxml/isoschematron/resources/xsl/iso-schematron-xslt1
2022-12-27T11:08:04.3979080Z   copying src/lxml/isoschematron/resources/xsl/iso-schematron-xslt1/iso_dsdl_include.xsl -> build/lib.macosx-11.0-arm64-cpython-38/lxml/isoschematron/resources/xsl/iso-schematron-xslt1
2022-12-27T11:08:04.3982630Z   copying src/lxml/isoschematron/resources/xsl/iso-schematron-xslt1/iso_schematron_skeleton_for_xslt1.xsl -> build/lib.macosx-11.0-arm64-cpython-38/lxml/isoschematron/resources/xsl/iso-schematron-xslt1
2022-12-27T11:08:04.3986400Z   copying src/lxml/isoschematron/resources/xsl/iso-schematron-xslt1/iso_svrl_for_xslt1.xsl -> build/lib.macosx-11.0-arm64-cpython-38/lxml/isoschematron/resources/xsl/iso-schematron-xslt1
2022-12-27T11:08:04.3989870Z   copying src/lxml/isoschematron/resources/xsl/iso-schematron-xslt1/iso_schematron_message.xsl -> build/lib.macosx-11.0-arm64-cpython-38/lxml/isoschematron/resources/xsl/iso-schematron-xslt1
2022-12-27T11:08:04.3993520Z   copying src/lxml/isoschematron/resources/xsl/iso-schematron-xslt1/readme.txt -> build/lib.macosx-11.0-arm64-cpython-38/lxml/isoschematron/resources/xsl/iso-schematron-xslt1
2022-12-27T11:08:04.4007080Z   running build_ext
2022-12-27T11:08:04.4414260Z   building 'lxml.etree' extension
2022-12-27T11:08:04.4479090Z   creating build/temp.macosx-11.0-arm64-cpython-38
2022-12-27T11:08:04.4479760Z   creating build/temp.macosx-11.0-arm64-cpython-38/src
2022-12-27T11:08:04.4480580Z   creating build/temp.macosx-11.0-arm64-cpython-38/src/lxml
2022-12-27T11:08:04.4482580Z   gcc -Wno-unused-result -Wsign-compare -Wunreachable-code -fno-common -dynamic -DNDEBUG -g -fwrapv -O3 -Wall -g -I/usr/local/opt/openssl@3/include -I/usr/local/opt/openssl@3/include -arch arm64 -I/Library/Developer/CommandLineTools/SDKs/MacOSX12.1.sdk/usr/include -I/Users/runner/actions-runner/_work/python.build/python.build/build_lxml33238/lxml-3.3.2/src/lxml/includes -I/private/var/folders/51/hd414ycd67n82196sw51xqtc0000gn/T/cibw-run-eqdo6848/cp38-macosx_arm64/build/venv/include -I/Library/Frameworks/Python.framework/Versions/3.8/include/python3.8 -c src/lxml/lxml.etree.c -o build/temp.macosx-11.0-arm64-cpython-38/src/lxml/lxml.etree.o -w -flat_namespace
2022-12-27T11:08:05.1931800Z   src/lxml/lxml.etree.c:196462:21: error: no member named 'exc_type' in 'struct _ts'
2022-12-27T11:08:05.1933290Z       *type = tstate->exc_type;
2022-12-27T11:08:05.1935890Z               ~~~~~~  ^
2022-12-27T11:08:05.1937820Z   src/lxml/lxml.etree.c:196463:22: error: no member named 'exc_value' in 'struct _ts'; did you mean 'curexc_value'?
2022-12-27T11:08:05.1939780Z       *value = tstate->exc_value;
2022-12-27T11:08:05.1941230Z                        ^~~~~~~~~
2022-12-27T11:08:05.1943430Z                        curexc_value
2022-12-27T11:08:05.1945440Z   /Library/Frameworks/Python.framework/Versions/3.8/include/python3.8/cpython/pystate.h:80:15: note: 'curexc_value' declared here
2022-12-27T11:08:05.1947100Z       PyObject *curexc_value;
2022-12-27T11:08:05.1948900Z                 ^
2022-12-27T11:08:05.1951570Z   src/lxml/lxml.etree.c:196464:19: error: no member named 'exc_traceback' in 'struct _ts'; did you mean 'curexc_traceback'?
2022-12-27T11:08:05.1952940Z       *tb = tstate->exc_traceback;
2022-12-27T11:08:05.1954660Z                     ^~~~~~~~~~~~~
2022-12-27T11:08:05.1956950Z                     curexc_traceback
2022-12-27T11:08:05.1958760Z   /Library/Frameworks/Python.framework/Versions/3.8/include/python3.8/cpython/pystate.h:81:15: note: 'curexc_traceback' declared here
2022-12-27T11:08:05.1960280Z       PyObject *curexc_traceback;
2022-12-27T11:08:05.1962080Z                 ^
2022-12-27T11:08:05.1964140Z   src/lxml/lxml.etree.c:196476:24: error: no member named 'exc_type' in 'struct _ts'
2022-12-27T11:08:05.1965920Z       tmp_type = tstate->exc_type;
2022-12-27T11:08:05.1967690Z                  ~~~~~~  ^
2022-12-27T11:08:05.1969770Z   src/lxml/lxml.etree.c:196477:25: error: no member named 'exc_value' in 'struct _ts'; did you mean 'curexc_value'?
2022-12-27T11:08:05.1971460Z       tmp_value = tstate->exc_value;
2022-12-27T11:08:05.1973320Z                           ^~~~~~~~~
2022-12-27T11:08:05.1975120Z                           curexc_value
2022-12-27T11:08:05.1977320Z   /Library/Frameworks/Python.framework/Versions/3.8/include/python3.8/cpython/pystate.h:80:15: note: 'curexc_value' declared here
2022-12-27T11:08:05.1978870Z       PyObject *curexc_value;
2022-12-27T11:08:05.1980730Z                 ^
2022-12-27T11:08:05.1983360Z   src/lxml/lxml.etree.c:196478:22: error: no member named 'exc_traceback' in 'struct _ts'; did you mean 'curexc_traceback'?
2022-12-27T11:08:05.1985340Z       tmp_tb = tstate->exc_traceback;
2022-12-27T11:08:05.1987320Z                        ^~~~~~~~~~~~~
2022-12-27T11:08:05.1989420Z                        curexc_traceback
2022-12-27T11:08:05.1991710Z   /Library/Frameworks/Python.framework/Versions/3.8/include/python3.8/cpython/pystate.h:81:15: note: 'curexc_traceback' declared here
2022-12-27T11:08:05.1993520Z       PyObject *curexc_traceback;
2022-12-27T11:08:05.1995830Z                 ^
2022-12-27T11:08:05.1998700Z   src/lxml/lxml.etree.c:196479:13: error: no member named 'exc_type' in 'struct _ts'
2022-12-27T11:08:05.2000850Z       tstate->exc_type = type;
2022-12-27T11:08:05.2003050Z       ~~~~~~  ^
2022-12-27T11:08:05.2005810Z   src/lxml/lxml.etree.c:196480:13: error: no member named 'exc_value' in 'struct _ts'; did you mean 'curexc_value'?
2022-12-27T11:08:05.2007680Z       tstate->exc_value = value;
2022-12-27T11:08:05.2009590Z               ^~~~~~~~~
2022-12-27T11:08:05.2011550Z               curexc_value
2022-12-27T11:08:05.2013950Z   /Library/Frameworks/Python.framework/Versions/3.8/include/python3.8/cpython/pystate.h:80:15: note: 'curexc_value' declared here
2022-12-27T11:08:05.2015380Z       PyObject *curexc_value;
2022-12-27T11:08:05.2017130Z                 ^
2022-12-27T11:08:05.2019330Z   src/lxml/lxml.etree.c:196481:13: error: no member named 'exc_traceback' in 'struct _ts'; did you mean 'curexc_traceback'?
2022-12-27T11:08:05.2020990Z       tstate->exc_traceback = tb;
2022-12-27T11:08:05.2022740Z               ^~~~~~~~~~~~~
2022-12-27T11:08:05.2024910Z               curexc_traceback
2022-12-27T11:08:05.2027610Z   /Library/Frameworks/Python.framework/Versions/3.8/include/python3.8/cpython/pystate.h:81:15: note: 'curexc_traceback' declared here
2022-12-27T11:08:05.2029030Z       PyObject *curexc_traceback;
2022-12-27T11:08:05.2030800Z                 ^
2022-12-27T11:08:05.2033010Z   src/lxml/lxml.etree.c:196524:24: error: no member named 'exc_type' in 'struct _ts'
2022-12-27T11:08:05.2034780Z       tmp_type = tstate->exc_type;
2022-12-27T11:08:05.2036550Z                  ~~~~~~  ^
2022-12-27T11:08:05.2038660Z   src/lxml/lxml.etree.c:196525:25: error: no member named 'exc_value' in 'struct _ts'; did you mean 'curexc_value'?
2022-12-27T11:08:05.2040440Z       tmp_value = tstate->exc_value;
2022-12-27T11:08:05.2042110Z                           ^~~~~~~~~
2022-12-27T11:08:05.2044110Z                           curexc_value
2022-12-27T11:08:05.2046220Z   /Library/Frameworks/Python.framework/Versions/3.8/include/python3.8/cpython/pystate.h:80:15: note: 'curexc_value' declared here
2022-12-27T11:08:05.2047920Z       PyObject *curexc_value;
2022-12-27T11:08:05.2049640Z                 ^
2022-12-27T11:08:05.2052700Z   src/lxml/lxml.etree.c:196526:22: error: no member named 'exc_traceback' in 'struct _ts'; did you mean 'curexc_traceback'?
2022-12-27T11:08:05.2054440Z       tmp_tb = tstate->exc_traceback;
2022-12-27T11:08:05.2056090Z                        ^~~~~~~~~~~~~
2022-12-27T11:08:05.2057860Z                        curexc_traceback
2022-12-27T11:08:05.2060140Z   /Library/Frameworks/Python.framework/Versions/3.8/include/python3.8/cpython/pystate.h:81:15: note: 'curexc_traceback' declared here
2022-12-27T11:08:05.2061750Z       PyObject *curexc_traceback;
2022-12-27T11:08:05.2063570Z                 ^
2022-12-27T11:08:05.2065610Z   src/lxml/lxml.etree.c:196527:13: error: no member named 'exc_type' in 'struct _ts'
2022-12-27T11:08:05.2067450Z       tstate->exc_type = local_type;
2022-12-27T11:08:05.2069220Z       ~~~~~~  ^
2022-12-27T11:08:05.2071710Z   src/lxml/lxml.etree.c:196528:13: error: no member named 'exc_value' in 'struct _ts'; did you mean 'curexc_value'?
2022-12-27T11:08:05.2073720Z       tstate->exc_value = local_value;
2022-12-27T11:08:05.2075480Z               ^~~~~~~~~
2022-12-27T11:08:05.2077270Z               curexc_value
2022-12-27T11:08:05.2079490Z   /Library/Frameworks/Python.framework/Versions/3.8/include/python3.8/cpython/pystate.h:80:15: note: 'curexc_value' declared here
2022-12-27T11:08:05.2081120Z       PyObject *curexc_value;
2022-12-27T11:08:05.2082900Z                 ^
2022-12-27T11:08:05.2085030Z   src/lxml/lxml.etree.c:196529:13: error: no member named 'exc_traceback' in 'struct _ts'; did you mean 'curexc_traceback'?
2022-12-27T11:08:05.2086750Z       tstate->exc_traceback = local_tb;
2022-12-27T11:08:05.2088530Z               ^~~~~~~~~~~~~
2022-12-27T11:08:05.2090390Z               curexc_traceback
2022-12-27T11:08:05.2092530Z   /Library/Frameworks/Python.framework/Versions/3.8/include/python3.8/cpython/pystate.h:81:15: note: 'curexc_traceback' declared here
2022-12-27T11:08:05.2094280Z       PyObject *curexc_traceback;
2022-12-27T11:08:05.2096040Z                 ^
2022-12-27T11:08:05.2098140Z   src/lxml/lxml.etree.c:196728:24: error: no member named 'exc_type' in 'struct _ts'
2022-12-27T11:08:05.2099940Z       tmp_type = tstate->exc_type;
2022-12-27T11:08:05.2101710Z                  ~~~~~~  ^
2022-12-27T11:08:05.2103860Z   src/lxml/lxml.etree.c:196729:25: error: no member named 'exc_value' in 'struct _ts'; did you mean 'curexc_value'?
2022-12-27T11:08:05.2105540Z       tmp_value = tstate->exc_value;
2022-12-27T11:08:05.2107330Z                           ^~~~~~~~~
2022-12-27T11:08:05.2109170Z                           curexc_value
2022-12-27T11:08:05.2111340Z   /Library/Frameworks/Python.framework/Versions/3.8/include/python3.8/cpython/pystate.h:80:15: note: 'curexc_value' declared here
2022-12-27T11:08:05.2112960Z       PyObject *curexc_value;
2022-12-27T11:08:05.2114890Z                 ^
2022-12-27T11:08:05.2117040Z   src/lxml/lxml.etree.c:196730:22: error: no member named 'exc_traceback' in 'struct _ts'; did you mean 'curexc_traceback'?
2022-12-27T11:08:05.2118860Z       tmp_tb = tstate->exc_traceback;
2022-12-27T11:08:05.2120590Z                        ^~~~~~~~~~~~~
2022-12-27T11:08:05.2122480Z                        curexc_traceback
2022-12-27T11:08:05.2124680Z   /Library/Frameworks/Python.framework/Versions/3.8/include/python3.8/cpython/pystate.h:81:15: note: 'curexc_traceback' declared here
2022-12-27T11:08:05.2126660Z       PyObject *curexc_traceback;
2022-12-27T11:08:05.2128380Z                 ^
2022-12-27T11:08:05.2130470Z   src/lxml/lxml.etree.c:196731:13: error: no member named 'exc_type' in 'struct _ts'
2022-12-27T11:08:05.2132260Z       tstate->exc_type = *type;
2022-12-27T11:08:05.2134100Z       ~~~~~~  ^
2022-12-27T11:08:05.2136220Z   fatal error: too many errors emitted, stopping now [-ferror-limit=]
2022-12-27T11:08:05.2140210Z   20 errors generated.
2022-12-27T11:08:05.2190170Z   error: command '/usr/bin/gcc' failed with exit code 1
2022-12-27T11:08:05.2518460Z   error: subprocess-exited-with-error
2022-12-27T11:08:05.2518900Z   
2022-12-27T11:08:05.2519450Z   × python setup.py bdist_wheel did not run successfully.
2022-12-27T11:08:05.2520420Z   │ exit code: 1
2022-12-27T11:08:05.2520800Z   ╰─> See above for output.
2022-12-27T11:08:05.2521040Z   
2022-12-27T11:08:05.2521350Z   note: This error originates from a subprocess, and is likely not a problem with pip.
2022-12-27T11:08:05.2528450Z   full command: /private/var/folders/51/hd414ycd67n82196sw51xqtc0000gn/T/cibw-run-eqdo6848/cp38-macosx_arm64/build/venv/bin/python -u -c '
2022-12-27T11:08:05.2528960Z   exec(compile('"'"''"'"''"'"'
2022-12-27T11:08:05.2529860Z   # This is <pip-setuptools-caller> -- a caller that pip uses to run setup.py
2022-12-27T11:08:05.2530220Z   #
2022-12-27T11:08:05.2530750Z   # - It imports setuptools before invoking setup.py, to enable projects that directly
2022-12-27T11:08:05.2531100Z   #   import from `distutils.core` to work with newer packaging standards.
2022-12-27T11:08:05.2531490Z   # - It provides a clear error message when setuptools is not installed.
2022-12-27T11:08:05.2531870Z   # - It sets `sys.argv[0]` to the underlying `setup.py`, when invoking `setup.py` so
2022-12-27T11:08:05.2533180Z   #   setuptools doesn'"'"'t think the script is `-c`. This avoids the following warning:
2022-12-27T11:08:05.2533710Z   #     manifest_maker: standard file '"'"'-c'"'"' not found".
2022-12-27T11:08:05.2534480Z   # - It generates a shim setup.py, for handling setup.cfg-only projects.
2022-12-27T11:08:05.2534950Z   import os, sys, tokenize
2022-12-27T11:08:05.2535620Z   
2022-12-27T11:08:05.2536020Z   try:
2022-12-27T11:08:05.2536280Z       import setuptools
2022-12-27T11:08:05.2536620Z   except ImportError as error:
2022-12-27T11:08:05.2536910Z       print(
2022-12-27T11:08:05.2537350Z           "ERROR: Can not execute `setup.py` since setuptools is not available in "
2022-12-27T11:08:05.2537770Z           "the build environment.",
2022-12-27T11:08:05.2538080Z           file=sys.stderr,
2022-12-27T11:08:05.2538280Z       )
2022-12-27T11:08:05.2538500Z       sys.exit(1)
2022-12-27T11:08:05.2538750Z   
2022-12-27T11:08:05.2538930Z   __file__ = %r
2022-12-27T11:08:05.2539220Z   sys.argv[0] = __file__
2022-12-27T11:08:05.2539490Z   
2022-12-27T11:08:05.2539740Z   if os.path.exists(__file__):
2022-12-27T11:08:05.2540060Z       filename = __file__
2022-12-27T11:08:05.2540680Z       with tokenize.open(__file__) as f:
2022-12-27T11:08:05.2540930Z           setup_py_code = f.read()
2022-12-27T11:08:05.2541280Z   else:
2022-12-27T11:08:05.2541760Z       filename = "<auto-generated setuptools caller>"
2022-12-27T11:08:05.2542200Z       setup_py_code = "from setuptools import setup; setup()"
2022-12-27T11:08:05.2542500Z   
2022-12-27T11:08:05.2542820Z   exec(compile(setup_py_code, filename, "exec"))
2022-12-27T11:08:05.2543820Z   '"'"''"'"''"'"' % ('"'"'/Users/runner/actions-runner/_work/python.build/python.build/build_lxml33238/lxml-3.3.2/setup.py'"'"',), "<pip-setuptools-caller>", "exec"))' bdist_wheel -d /private/var/folders/51/hd414ycd67n82196sw51xqtc0000gn/T/pip-wheel-iomzvfae
2022-12-27T11:08:05.2544630Z   cwd: /Users/runner/actions-runner/_work/python.build/python.build/build_lxml33238/lxml-3.3.2/
2022-12-27T11:08:05.2545080Z   ERROR: Failed building wheel for lxml
2022-12-27T11:08:05.2545510Z   Building wheel for lxml (setup.py): finished with status 'error'
2022-12-27T11:08:05.2545770Z   Running command python setup.py clean
2022-12-27T11:08:05.2545980Z   Running setup.py clean for lxml
2022-12-27T11:08:05.4799160Z   Building lxml version 3.3.2.
2022-12-27T11:08:05.4801260Z   Building without Cython.
2022-12-27T11:08:05.4937760Z   Using build configuration of libxslt 1.1.29
2022-12-27T11:08:05.5971020Z   Building against libxml2/libxslt in the following directory: /Library/Developer/CommandLineTools/SDKs/MacOSX12.1.sdk/usr/lib
2022-12-27T11:08:05.6047920Z   /private/var/folders/51/hd414ycd67n82196sw51xqtc0000gn/T/cibw-run-eqdo6848/cp38-macosx_arm64/build/venv/lib/python3.8/site-packages/setuptools/_distutils/dist.py:265: UserWarning: Unknown distribution option: 'bugtrack_url'
2022-12-27T11:08:05.6049030Z     warnings.warn(msg)
2022-12-27T11:08:05.6139150Z   running clean
2022-12-27T11:08:05.6175140Z   removing 'build/temp.macosx-11.0-arm64-cpython-38' (and everything under it)
2022-12-27T11:08:05.6178180Z   removing 'build/lib.macosx-11.0-arm64-cpython-38' (and everything under it)
2022-12-27T11:08:05.6228310Z   'build/bdist.macosx-11.0-arm64' does not exist -- can't clean it
2022-12-27T11:08:05.6230420Z   'build/scripts-3.8' does not exist -- can't clean it
2022-12-27T11:08:05.6231830Z   removing 'build'
2022-12-27T11:08:05.6498820Z Failed to build lxml
2022-12-27T11:08:05.6503530Z ERROR: Failed to build one or more wheels
2022-12-27T11:08:05.6514480Z Exception information:
2022-12-27T11:08:05.6514770Z Traceback (most recent call last):
2022-12-27T11:08:05.6523300Z   File "/private/var/folders/51/hd414ycd67n82196sw51xqtc0000gn/T/cibw-run-eqdo6848/cp38-macosx_arm64/build/venv/lib/python3.8/site-packages/pip/_internal/cli/base_command.py", line 160, in exc_logging_wrapper
2022-12-27T11:08:05.6523780Z     status = run_func(*args)
2022-12-27T11:08:05.6524500Z   File "/private/var/folders/51/hd414ycd67n82196sw51xqtc0000gn/T/cibw-run-eqdo6848/cp38-macosx_arm64/build/venv/lib/python3.8/site-packages/pip/_internal/cli/req_command.py", line 247, in wrapper
2022-12-27T11:08:05.6524930Z     return func(self, options, args)
2022-12-27T11:08:05.6525430Z   File "/private/var/folders/51/hd414ycd67n82196sw51xqtc0000gn/T/cibw-run-eqdo6848/cp38-macosx_arm64/build/venv/lib/python3.8/site-packages/pip/_internal/commands/wheel.py", line 201, in run
2022-12-27T11:08:05.6525740Z     raise CommandError("Failed to build one or more wheels")
2022-12-27T11:08:05.6525930Z pip._internal.exceptions.CommandError: Failed to build one or more wheels
2022-12-27T11:08:05.6526230Z Removed build tracker: '/private/var/folders/51/hd414ycd67n82196sw51xqtc0000gn/T/pip-build-tracker-gpzgvtuc'
2022-12-27T11:08:05.7039330Z ##[endgroup]
2022-12-27T11:08:05.7039920Z                                                               [31m✕ [0m2.51s
2022-12-27T11:08:05.7385480Z ##[error]Command ['python', '-m', 'pip', 'wheel', '/Users/runner/actions-runner/_work/python.build/python.build/build_lxml33238/lxml-3.3.2', '--wheel-dir=/private/var/folders/51/hd414ycd67n82196sw51xqtc0000gn/T/cibw-run-eqdo6848/cp38-macosx_arm64/built_wheel', '--no-deps', '-vvv'] failed with code 1. None
2022-12-27T11:08:05.7391740Z 
2022-12-27T11:08:05.7515570Z ##[error]Process completed with exit code 1.
2022-12-27T11:08:05.7547110Z ##[group]Run rm -rf build_lxml33238 wheelsout
2022-12-27T11:08:05.7547310Z [36;1mrm -rf build_lxml33238 wheelsout[0m
2022-12-27T11:08:05.7561820Z shell: /bin/bash -e {0}
2022-12-27T11:08:05.7561930Z env:
2022-12-27T11:08:05.7562070Z   pythonLocation: /Users/runner/hostedtoolcache/Python/3.8.15/x64
2022-12-27T11:08:05.7562270Z   PKG_CONFIG_PATH: /Users/runner/hostedtoolcache/Python/3.8.15/x64/lib/pkgconfig
2022-12-27T11:08:05.7562460Z   Python_ROOT_DIR: /Users/runner/hostedtoolcache/Python/3.8.15/x64
2022-12-27T11:08:05.7562630Z   Python2_ROOT_DIR: /Users/runner/hostedtoolcache/Python/3.8.15/x64
2022-12-27T11:08:05.7562800Z   Python3_ROOT_DIR: /Users/runner/hostedtoolcache/Python/3.8.15/x64
2022-12-27T11:08:05.7562940Z ##[endgroup]
2022-12-27T11:08:05.8128150Z Cleaning up orphan processes
