2022-12-27T08:48:18.5578032Z Requested labels: self-hosted, macOS, X64
2022-12-27T08:48:18.5578154Z Job defined at: kilnbuild/python.build/.github/workflows/mac_arm_build.yml@refs/heads/main
2022-12-27T08:48:18.5578188Z Waiting for a runner to pick up this job...
2022-12-27T11:12:57.8710721Z Job is about to start running on the runner: k1 (organization)
2022-12-27T11:13:00.8216940Z Current runner version: '2.300.2'
2022-12-27T11:13:00.8221640Z Runner name: 'k1'
2022-12-27T11:13:00.8221860Z Runner group name: 'Default'
2022-12-27T11:13:00.8222290Z Machine name: 'k1'
2022-12-27T11:13:00.8223710Z ##[group]GITHUB_TOKEN Permissions
2022-12-27T11:13:00.8224110Z Actions: write
2022-12-27T11:13:00.8224250Z Checks: write
2022-12-27T11:13:00.8224380Z Contents: write
2022-12-27T11:13:00.8224500Z Deployments: write
2022-12-27T11:13:00.8224640Z Discussions: write
2022-12-27T11:13:00.8224770Z Issues: write
2022-12-27T11:13:00.8224890Z Metadata: read
2022-12-27T11:13:00.8225020Z Packages: write
2022-12-27T11:13:00.8225160Z Pages: write
2022-12-27T11:13:00.8225280Z PullRequests: write
2022-12-27T11:13:00.8225440Z RepositoryProjects: write
2022-12-27T11:13:00.8225600Z SecurityEvents: write
2022-12-27T11:13:00.8225730Z Statuses: write
2022-12-27T11:13:00.8225860Z ##[endgroup]
2022-12-27T11:13:00.8228430Z Secret source: Actions
2022-12-27T11:13:00.8228730Z Prepare workflow directory
2022-12-27T11:13:00.8846900Z Prepare all required actions
2022-12-27T11:13:00.8959770Z Getting action download info
2022-12-27T11:13:02.0985500Z Download action repository 'actions/setup-python@v4' (SHA:5ccb29d8773c3f3f653e1705f474dfaa8a06a912)
2022-12-27T11:13:03.8398880Z Download action repository 'actions/upload-artifact@v3' (SHA:83fd05a356d7e2593de66fc9913b3002723633cb)
2022-12-27T11:13:05.1667220Z ##[group]Run echo '{
2022-12-27T11:13:05.1667480Z [36;1mecho '{[0m
2022-12-27T11:13:05.1667600Z [36;1m  "package_name": "lxml",[0m
2022-12-27T11:13:05.1667830Z [36;1m  "package_url": "https://files.pythonhosted.org/packages/7f/17/94cc862bec81cec2fafa92f3783045a008b70fccb852b30c29f9e4d0d632/lxml-2.3.2.tar.gz",[0m
2022-12-27T11:13:05.1668040Z [36;1m  "package_version": "2.3.2",[0m
2022-12-27T11:13:05.1668160Z [36;1m  "python_version": "3.11",[0m
2022-12-27T11:13:05.1668270Z [36;1m  "use_ccache": "true"[0m
2022-12-27T11:13:05.1668370Z [36;1m}'[0m
2022-12-27T11:13:05.1683110Z shell: /bin/bash -e {0}
2022-12-27T11:13:05.1683260Z ##[endgroup]
2022-12-27T11:13:05.1893040Z {
2022-12-27T11:13:05.1894290Z   "package_name": "lxml",
2022-12-27T11:13:05.1894930Z   "package_url": "https://files.pythonhosted.org/packages/7f/17/94cc862bec81cec2fafa92f3783045a008b70fccb852b30c29f9e4d0d632/lxml-2.3.2.tar.gz",
2022-12-27T11:13:05.1895210Z   "package_version": "2.3.2",
2022-12-27T11:13:05.1895470Z   "python_version": "3.11",
2022-12-27T11:13:05.1895620Z   "use_ccache": "true"
2022-12-27T11:13:05.1895770Z }
2022-12-27T11:13:05.2096470Z ##[group]Run actions/setup-python@v4
2022-12-27T11:13:05.2096680Z with:
2022-12-27T11:13:05.2096920Z   python-version: 3.11
2022-12-27T11:13:05.2097110Z   check-latest: false
2022-12-27T11:13:05.2097370Z   token: ***
2022-12-27T11:13:05.2097550Z   update-environment: true
2022-12-27T11:13:05.2097790Z ##[endgroup]
2022-12-27T11:13:05.3302900Z ##[group]Installed versions
2022-12-27T11:13:05.3381680Z Successfully set up CPython (3.11.1)
2022-12-27T11:13:05.3382360Z ##[endgroup]
2022-12-27T11:13:05.3515840Z ##[group]Run if [ "true" == "true" ]
2022-12-27T11:13:05.3516250Z [36;1mif [ "true" == "true" ][0m
2022-12-27T11:13:05.3516440Z [36;1mthen[0m
2022-12-27T11:13:05.3516620Z [36;1m  echo "CCACHE_PATH_PREPEND=/usr/local/opt/ccache/libexec" >> $GITHUB_OUTPUT[0m
2022-12-27T11:13:05.3516820Z [36;1melse[0m
2022-12-27T11:13:05.3517010Z [36;1m  echo "CCACHE_PATH_PREPEND=" >> $GITHUB_OUTPUT[0m
2022-12-27T11:13:05.3517460Z [36;1mfi[0m
2022-12-27T11:13:05.3534800Z shell: /bin/bash -e {0}
2022-12-27T11:13:05.3535010Z env:
2022-12-27T11:13:05.3535310Z   pythonLocation: /Users/runner/hostedtoolcache/Python/3.11.1/x64
2022-12-27T11:13:05.3535540Z   PKG_CONFIG_PATH: /Users/runner/hostedtoolcache/Python/3.11.1/x64/lib/pkgconfig
2022-12-27T11:13:05.3535800Z   Python_ROOT_DIR: /Users/runner/hostedtoolcache/Python/3.11.1/x64
2022-12-27T11:13:05.3536030Z   Python2_ROOT_DIR: /Users/runner/hostedtoolcache/Python/3.11.1/x64
2022-12-27T11:13:05.3536380Z   Python3_ROOT_DIR: /Users/runner/hostedtoolcache/Python/3.11.1/x64
2022-12-27T11:13:05.3536840Z ##[endgroup]
2022-12-27T11:13:05.3644580Z ##[group]Run echo "BUILD_NAME=$(echo lxml_2.3.2_3.11 | tr -dc '[:alnum:]\n\r' | tr '[:upper:]' '[:lower:]')" >> $GITHUB_OUTPUT
2022-12-27T11:13:05.3645030Z [36;1mecho "BUILD_NAME=$(echo lxml_2.3.2_3.11 | tr -dc '[:alnum:]\n\r' | tr '[:upper:]' '[:lower:]')" >> $GITHUB_OUTPUT[0m
2022-12-27T11:13:05.3659410Z shell: /bin/bash -e {0}
2022-12-27T11:13:05.3659700Z env:
2022-12-27T11:13:05.3699450Z   pythonLocation: /Users/runner/hostedtoolcache/Python/3.11.1/x64
2022-12-27T11:13:05.3699710Z   PKG_CONFIG_PATH: /Users/runner/hostedtoolcache/Python/3.11.1/x64/lib/pkgconfig
2022-12-27T11:13:05.3699930Z   Python_ROOT_DIR: /Users/runner/hostedtoolcache/Python/3.11.1/x64
2022-12-27T11:13:05.3700100Z   Python2_ROOT_DIR: /Users/runner/hostedtoolcache/Python/3.11.1/x64
2022-12-27T11:13:05.3700270Z   Python3_ROOT_DIR: /Users/runner/hostedtoolcache/Python/3.11.1/x64
2022-12-27T11:13:05.3700430Z ##[endgroup]
2022-12-27T11:13:05.3803990Z ##[group]Run echo "PYTHON_NO_DOTS=$(echo 3.11 | tr -dc '[:alnum:]\n\r' | tr '[:upper:]' '[:lower:]')" >> $GITHUB_OUTPUT
2022-12-27T11:13:05.3804460Z [36;1mecho "PYTHON_NO_DOTS=$(echo 3.11 | tr -dc '[:alnum:]\n\r' | tr '[:upper:]' '[:lower:]')" >> $GITHUB_OUTPUT[0m
2022-12-27T11:13:05.3818300Z shell: /bin/bash -e {0}
2022-12-27T11:13:05.3818450Z env:
2022-12-27T11:13:05.3818700Z   pythonLocation: /Users/runner/hostedtoolcache/Python/3.11.1/x64
2022-12-27T11:13:05.3818960Z   PKG_CONFIG_PATH: /Users/runner/hostedtoolcache/Python/3.11.1/x64/lib/pkgconfig
2022-12-27T11:13:05.3819160Z   Python_ROOT_DIR: /Users/runner/hostedtoolcache/Python/3.11.1/x64
2022-12-27T11:13:05.3819390Z   Python2_ROOT_DIR: /Users/runner/hostedtoolcache/Python/3.11.1/x64
2022-12-27T11:13:05.3819610Z   Python3_ROOT_DIR: /Users/runner/hostedtoolcache/Python/3.11.1/x64
2022-12-27T11:13:05.3819830Z ##[endgroup]
2022-12-27T11:13:05.3922100Z ##[group]Run rm -rf build_lxml232311
2022-12-27T11:13:05.3922420Z [36;1mrm -rf build_lxml232311[0m
2022-12-27T11:13:05.3922580Z [36;1mmkdir build_lxml232311[0m
2022-12-27T11:13:05.3922810Z [36;1mcd build_lxml232311[0m
2022-12-27T11:13:05.3923090Z [36;1m/usr/local/bin/wget --quiet https://files.pythonhosted.org/packages/7f/17/94cc862bec81cec2fafa92f3783045a008b70fccb852b30c29f9e4d0d632/lxml-2.3.2.tar.gz[0m
2022-12-27T11:13:05.3923350Z [36;1mtar xf *.tar.gz[0m
2022-12-27T11:13:05.3923480Z [36;1mcd *[0m
2022-12-27T11:13:05.3923690Z [36;1mpython -m pip install cibuildwheel==2.11.3[0m
2022-12-27T11:13:05.3923900Z [36;1mpython -m cibuildwheel --output-dir ../wheelsout[0m
2022-12-27T11:13:05.3938160Z shell: /bin/bash -e {0}
2022-12-27T11:13:05.3938370Z env:
2022-12-27T11:13:05.3938640Z   pythonLocation: /Users/runner/hostedtoolcache/Python/3.11.1/x64
2022-12-27T11:13:05.3938870Z   PKG_CONFIG_PATH: /Users/runner/hostedtoolcache/Python/3.11.1/x64/lib/pkgconfig
2022-12-27T11:13:05.3939190Z   Python_ROOT_DIR: /Users/runner/hostedtoolcache/Python/3.11.1/x64
2022-12-27T11:13:05.3939410Z   Python2_ROOT_DIR: /Users/runner/hostedtoolcache/Python/3.11.1/x64
2022-12-27T11:13:05.3939690Z   Python3_ROOT_DIR: /Users/runner/hostedtoolcache/Python/3.11.1/x64
2022-12-27T11:13:05.3939910Z   CIBW_ARCHS_MACOS: arm64
2022-12-27T11:13:05.3940070Z   CIBW_TEST_SKIP: *_arm64
2022-12-27T11:13:05.3940260Z   CIBW_BUILD: cp311-macosx_arm64
2022-12-27T11:13:05.3940460Z   CIBW_BUILD_FRONTEND: pip
2022-12-27T11:13:05.3940660Z   CIBW_BUILD_VERBOSITY: 3
2022-12-27T11:13:05.3940990Z   CIBW_ENVIRONMENT_MACOS:  CFLAGS="-I/usr/local/opt/openssl@3/include" LDFLAGS="-L/usr/local/opt/openssl@3/lib" CPPFLAGS="-I/usr/local/opt/openssl@3/include" MAKEFLAGS="-j$(sysctl -n hw.logicalcpu)" PATH=/usr/local/opt/ccache/libexec:$PATH
2022-12-27T11:13:05.3941370Z   CIBW_BEFORE_BUILD: pip install Cython; if [[ -f requirements.txt ]]; then pip install -r requirements.txt; fi
2022-12-27T11:13:05.3941620Z   MAKEFLAGS: -j$(sysctl -n hw.logicalcpu)
2022-12-27T11:13:05.3941790Z ##[endgroup]
2022-12-27T11:13:05.8561220Z Requirement already satisfied: cibuildwheel==2.11.3 in /Library/Frameworks/Python.framework/Versions/3.11/lib/python3.11/site-packages (2.11.3)
2022-12-27T11:13:05.8853370Z Requirement already satisfied: bashlex!=0.13 in /Library/Frameworks/Python.framework/Versions/3.11/lib/python3.11/site-packages (from cibuildwheel==2.11.3) (0.16)
2022-12-27T11:13:05.8859740Z Requirement already satisfied: bracex in /Library/Frameworks/Python.framework/Versions/3.11/lib/python3.11/site-packages (from cibuildwheel==2.11.3) (2.3.post1)
2022-12-27T11:13:05.8866190Z Requirement already satisfied: certifi in /Library/Frameworks/Python.framework/Versions/3.11/lib/python3.11/site-packages (from cibuildwheel==2.11.3) (2022.12.7)
2022-12-27T11:13:05.8872610Z Requirement already satisfied: filelock in /Library/Frameworks/Python.framework/Versions/3.11/lib/python3.11/site-packages (from cibuildwheel==2.11.3) (3.8.2)
2022-12-27T11:13:05.8881560Z Requirement already satisfied: packaging>=20.9 in /Library/Frameworks/Python.framework/Versions/3.11/lib/python3.11/site-packages (from cibuildwheel==2.11.3) (22.0)
2022-12-27T11:13:05.8889520Z Requirement already satisfied: platformdirs in /Library/Frameworks/Python.framework/Versions/3.11/lib/python3.11/site-packages (from cibuildwheel==2.11.3) (2.6.0)
2022-12-27T11:13:06.1045110Z 
2022-12-27T11:13:06.1045640Z      _ _       _ _   _       _           _
2022-12-27T11:13:06.1046060Z  ___|_| |_ _ _|_| |_| |_ _ _| |_ ___ ___| |
2022-12-27T11:13:06.1047100Z |  _| | . | | | | | . | | | |   | -_| -_| |
2022-12-27T11:13:06.1047430Z |___|_|___|___|_|_|___|_____|_|_|___|___|_|
2022-12-27T11:13:06.1047560Z 
2022-12-27T11:13:06.1047720Z cibuildwheel version 2.11.3
2022-12-27T11:13:06.1047930Z 
2022-12-27T11:13:06.1048040Z Build options:
2022-12-27T11:13:06.1048280Z   platform: macos
2022-12-27T11:13:06.1138510Z   architectures: arm64[0m
2022-12-27T11:13:06.1138880Z   build_selector: 
2022-12-27T11:13:06.1140460Z     build_config: cp311-macosx_arm64
2022-12-27T11:13:06.1140790Z     skip_config: 
2022-12-27T11:13:06.1141020Z     requires_python: None
2022-12-27T11:13:06.1141460Z     prerelease_pythons: False[0m
2022-12-27T11:13:06.1141800Z   [38;5;244mcontainer_engine: docker[0m
2022-12-27T11:13:06.1142200Z   output_dir: /Users/runner/actions-runner/_work/python.build/python.build/build_lxml232311/wheelsout[0m
2022-12-27T11:13:06.1142690Z   package_dir: /Users/runner/actions-runner/_work/python.build/python.build/build_lxml232311/lxml-2.3.2[0m
2022-12-27T11:13:06.1143040Z   test_selector: 
2022-12-27T11:13:06.1143290Z     skip_config: *_arm64[0m
2022-12-27T11:13:06.1143610Z   [38;5;244mbefore_all: [0m
2022-12-27T11:13:06.1144060Z   before_build: pip install Cython; if [[ -f requirements.txt ]]; then pip install -r requirements.txt; fi[0m
2022-12-27T11:13:06.1144400Z   [38;5;244mbefore_test: [0m
2022-12-27T11:13:06.1144690Z   [38;5;244mbuild_frontend: pip[0m
2022-12-27T11:13:06.1145020Z   build_verbosity: 3[0m
2022-12-27T11:13:06.1145290Z   [38;5;244mconfig_settings: [0m
2022-12-27T11:13:06.1145550Z   [38;5;244mdependency_constraints: pinned[0m
2022-12-27T11:13:06.1145780Z   environment: 
2022-12-27T11:13:06.1146110Z     CFLAGS="-I/usr/local/opt/openssl@3/include"
2022-12-27T11:13:06.1146410Z     LDFLAGS="-L/usr/local/opt/openssl@3/lib"
2022-12-27T11:13:06.1146800Z     CPPFLAGS="-I/usr/local/opt/openssl@3/include"
2022-12-27T11:13:06.1147120Z     MAKEFLAGS="-j$(sysctl -n hw.logicalcpu)"
2022-12-27T11:13:06.1147410Z     PATH=/usr/local/opt/ccache/libexec:$PATH[0m
2022-12-27T11:13:06.1147750Z   [38;5;244mmanylinux_images: None[0m
2022-12-27T11:13:06.1148030Z   [38;5;244mmusllinux_images: None[0m
2022-12-27T11:13:06.1148420Z   [38;5;244mrepair_command: delocate-wheel --require-archs {delocate_archs} -w {dest_dir} -v {wheel}[0m
2022-12-27T11:13:06.1148720Z   [38;5;244mtest_command: [0m
2022-12-27T11:13:06.1149010Z   [38;5;244mtest_extras: [0m
2022-12-27T11:13:06.1149270Z   [38;5;244mtest_requires: [0m
2022-12-27T11:13:06.1149400Z 
2022-12-27T11:13:06.1149500Z Cache folder: /Users/runner/Library/Caches/cibuildwheel
2022-12-27T11:13:06.1159380Z 
2022-12-27T11:13:06.1159700Z Here we go!
2022-12-27T11:13:06.1159980Z 
2022-12-27T11:13:06.1269660Z 
2022-12-27T11:13:06.1270260Z [1m[34mBuilding cp311-macosx_arm64 wheel[0m
2022-12-27T11:13:06.1270900Z CPython 3.11 macOS arm64 - Apple Silicon
2022-12-27T11:13:06.1271070Z 
2022-12-27T11:13:06.1272880Z ##[group]Installing Python cp311...
2022-12-27T11:13:06.1273070Z 
2022-12-27T11:13:06.1273280Z + pkgutil --pkgs
2022-12-27T11:13:06.1374120Z ##[endgroup]
2022-12-27T11:13:06.1374940Z                                                               [32m✓ [0m0.01s
2022-12-27T11:13:06.1375310Z ##[group]Setting up build environment...
2022-12-27T11:13:06.1375430Z 
2022-12-27T11:13:06.1392620Z + /Library/Frameworks/Python.framework/Versions/3.11/bin/python -sS /Users/runner/Library/Caches/cibuildwheel/virtualenv-20.17.0.pyz --activators= --no-periodic-update --pip=22.3.1 --setuptools=65.6.3 --wheel=0.38.4 --symlink-app-data --python /Library/Frameworks/Python.framework/Versions/3.11/bin/python3 /private/var/folders/51/hd414ycd67n82196sw51xqtc0000gn/T/cibw-run-47_a8ht0/cp311-macosx_arm64/build/venv
2022-12-27T11:13:06.3306420Z created virtual environment CPython3.11.1.final.0-64 in 54ms
2022-12-27T11:13:06.3307100Z   creator CPython3Posix(dest=/private/var/folders/51/hd414ycd67n82196sw51xqtc0000gn/T/cibw-run-47_a8ht0/cp311-macosx_arm64/build/venv, clear=False, no_vcs_ignore=False, global=False)
2022-12-27T11:13:06.3308060Z   seeder FromAppData(download=False, pip=22.3.1, setuptools=65.6.3, wheel=0.38.4, via=symlink, app_data_dir=/Users/runner/Library/Application Support/virtualenv)
2022-12-27T11:13:06.3308560Z     added seed packages: pip==22.3.1, setuptools==65.6.3, wheel==0.38.4
2022-12-27T11:13:06.3451230Z + python -m pip install --upgrade pip -c /Library/Frameworks/Python.framework/Versions/3.11/lib/python3.11/site-packages/cibuildwheel/resources/constraints-python311.txt
2022-12-27T11:13:06.6103130Z Requirement already satisfied: pip in ./lib/python3.11/site-packages (22.3.1)
2022-12-27T11:13:06.7365520Z + which pip
2022-12-27T11:13:06.7385650Z /private/var/folders/51/hd414ycd67n82196sw51xqtc0000gn/T/cibw-run-47_a8ht0/cp311-macosx_arm64/build/venv/bin/pip
2022-12-27T11:13:06.7388030Z + pip --version
2022-12-27T11:13:06.9322760Z pip 22.3.1 from /private/var/folders/51/hd414ycd67n82196sw51xqtc0000gn/T/cibw-run-47_a8ht0/cp311-macosx_arm64/build/venv/lib/python3.11/site-packages/pip (python 3.11)
2022-12-27T11:13:06.9574660Z + which pip
2022-12-27T11:13:06.9603950Z + which python
2022-12-27T11:13:06.9624420Z /private/var/folders/51/hd414ycd67n82196sw51xqtc0000gn/T/cibw-run-47_a8ht0/cp311-macosx_arm64/build/venv/bin/python
2022-12-27T11:13:06.9626390Z + python --version
2022-12-27T11:13:06.9681780Z Python 3.11.1
2022-12-27T11:13:06.9684780Z + which python
2022-12-27T11:13:06.9739410Z ##[endgroup]
2022-12-27T11:13:06.9740030Z                                                               [32m✓ [0m0.84s
2022-12-27T11:13:06.9740870Z ##[group]Installing build tools...
2022-12-27T11:13:06.9741030Z 
2022-12-27T11:13:06.9741640Z + pip install --upgrade setuptools wheel delocate -c /Library/Frameworks/Python.framework/Versions/3.11/lib/python3.11/site-packages/cibuildwheel/resources/constraints-python311.txt
2022-12-27T11:13:07.2453420Z Requirement already satisfied: setuptools in /private/var/folders/51/hd414ycd67n82196sw51xqtc0000gn/T/cibw-run-47_a8ht0/cp311-macosx_arm64/build/venv/lib/python3.11/site-packages (65.6.3)
2022-12-27T11:13:07.4131500Z Requirement already satisfied: wheel in /private/var/folders/51/hd414ycd67n82196sw51xqtc0000gn/T/cibw-run-47_a8ht0/cp311-macosx_arm64/build/venv/lib/python3.11/site-packages (0.38.4)
2022-12-27T11:13:07.4568760Z Collecting delocate
2022-12-27T11:13:07.4589250Z   Using cached delocate-0.10.3-py3-none-any.whl (142 kB)
2022-12-27T11:13:07.4836860Z Collecting packaging>=20.9
2022-12-27T11:13:07.4853850Z   Using cached packaging-21.3-py3-none-any.whl (40 kB)
2022-12-27T11:13:07.4995190Z Collecting typing-extensions
2022-12-27T11:13:07.5012310Z   Using cached typing_extensions-4.4.0-py3-none-any.whl (26 kB)
2022-12-27T11:13:07.5288990Z Collecting pyparsing!=3.0.5,>=2.0.2
2022-12-27T11:13:07.5305210Z   Using cached pyparsing-3.0.9-py3-none-any.whl (98 kB)
2022-12-27T11:13:07.5830880Z Installing collected packages: typing-extensions, pyparsing, packaging, delocate
2022-12-27T11:13:07.7067340Z Successfully installed delocate-0.10.3 packaging-21.3 pyparsing-3.0.9 typing-extensions-4.4.0
2022-12-27T11:13:07.7544810Z ##[endgroup]
2022-12-27T11:13:07.7545480Z                                                               [32m✓ [0m0.78s
2022-12-27T11:13:07.7546010Z ##[group]Running before_build...
2022-12-27T11:13:07.7546180Z 
2022-12-27T11:13:07.7550860Z + pip install Cython; if [[ -f requirements.txt ]]; then pip install -r requirements.txt; fi
2022-12-27T11:13:08.3118270Z Collecting Cython
2022-12-27T11:13:08.3162470Z   Using cached Cython-0.29.32-py2.py3-none-any.whl (986 kB)
2022-12-27T11:13:08.3565020Z Installing collected packages: Cython
2022-12-27T11:13:08.7588120Z Successfully installed Cython-0.29.32
2022-12-27T11:13:08.8051520Z ##[endgroup]
2022-12-27T11:13:08.8052630Z                                                               [32m✓ [0m1.05s
2022-12-27T11:13:08.8053190Z ##[group]Building wheel...
2022-12-27T11:13:08.8053310Z 
2022-12-27T11:13:08.8057050Z + python -m pip wheel /Users/runner/actions-runner/_work/python.build/python.build/build_lxml232311/lxml-2.3.2 --wheel-dir=/private/var/folders/51/hd414ycd67n82196sw51xqtc0000gn/T/cibw-run-47_a8ht0/cp311-macosx_arm64/built_wheel --no-deps -vvv
2022-12-27T11:13:09.0581360Z Created temporary directory: /private/var/folders/51/hd414ycd67n82196sw51xqtc0000gn/T/pip-ephem-wheel-cache-ivnf2_69
2022-12-27T11:13:09.0586110Z Created temporary directory: /private/var/folders/51/hd414ycd67n82196sw51xqtc0000gn/T/pip-build-tracker-x99pqjws
2022-12-27T11:13:09.0588250Z Initialized build tracking at /private/var/folders/51/hd414ycd67n82196sw51xqtc0000gn/T/pip-build-tracker-x99pqjws
2022-12-27T11:13:09.0589710Z Created build tracker: /private/var/folders/51/hd414ycd67n82196sw51xqtc0000gn/T/pip-build-tracker-x99pqjws
2022-12-27T11:13:09.0591090Z Entered build tracker: /private/var/folders/51/hd414ycd67n82196sw51xqtc0000gn/T/pip-build-tracker-x99pqjws
2022-12-27T11:13:09.0594180Z Created temporary directory: /private/var/folders/51/hd414ycd67n82196sw51xqtc0000gn/T/pip-wheel-r0d66gvw
2022-12-27T11:13:09.0599310Z Created temporary directory: /private/var/folders/51/hd414ycd67n82196sw51xqtc0000gn/T/pip-ephem-wheel-cache-kfbmgar3
2022-12-27T11:13:09.0681540Z Processing /Users/runner/actions-runner/_work/python.build/python.build/build_lxml232311/lxml-2.3.2
2022-12-27T11:13:09.0686630Z   Added file:///Users/runner/actions-runner/_work/python.build/python.build/build_lxml232311/lxml-2.3.2 to build tracker '/private/var/folders/51/hd414ycd67n82196sw51xqtc0000gn/T/pip-build-tracker-x99pqjws'
2022-12-27T11:13:09.0689860Z   Running setup.py (path:/Users/runner/actions-runner/_work/python.build/python.build/build_lxml232311/lxml-2.3.2/setup.py) egg_info for package from file:///Users/runner/actions-runner/_work/python.build/python.build/build_lxml232311/lxml-2.3.2
2022-12-27T11:13:09.0692610Z   Created temporary directory: /private/var/folders/51/hd414ycd67n82196sw51xqtc0000gn/T/pip-pip-egg-info-z26u7ew7
2022-12-27T11:13:09.0693630Z   Preparing metadata (setup.py): started
2022-12-27T11:13:09.0695100Z   Running command python setup.py egg_info
2022-12-27T11:13:09.4124520Z   Building lxml version 2.3.2.
2022-12-27T11:13:09.4126400Z   Building with Cython 0.29.32.
2022-12-27T11:13:09.4127700Z   Using build configuration of libxslt 1.1.29
2022-12-27T11:13:09.4128680Z   Building against libxml2/libxslt in the following directory: /Library/Developer/CommandLineTools/SDKs/MacOSX12.1.sdk/usr/lib
2022-12-27T11:13:09.4129760Z   running egg_info
2022-12-27T11:13:09.4131630Z   creating /private/var/folders/51/hd414ycd67n82196sw51xqtc0000gn/T/pip-pip-egg-info-z26u7ew7/lxml.egg-info
2022-12-27T11:13:09.4132550Z   writing /private/var/folders/51/hd414ycd67n82196sw51xqtc0000gn/T/pip-pip-egg-info-z26u7ew7/lxml.egg-info/PKG-INFO
2022-12-27T11:13:09.4135330Z   writing dependency_links to /private/var/folders/51/hd414ycd67n82196sw51xqtc0000gn/T/pip-pip-egg-info-z26u7ew7/lxml.egg-info/dependency_links.txt
2022-12-27T11:13:09.4139510Z   writing top-level names to /private/var/folders/51/hd414ycd67n82196sw51xqtc0000gn/T/pip-pip-egg-info-z26u7ew7/lxml.egg-info/top_level.txt
2022-12-27T11:13:09.4140990Z   writing manifest file '/private/var/folders/51/hd414ycd67n82196sw51xqtc0000gn/T/pip-pip-egg-info-z26u7ew7/lxml.egg-info/SOURCES.txt'
2022-12-27T11:13:09.4198750Z   reading manifest file '/private/var/folders/51/hd414ycd67n82196sw51xqtc0000gn/T/pip-pip-egg-info-z26u7ew7/lxml.egg-info/SOURCES.txt'
2022-12-27T11:13:09.4201450Z   reading manifest template 'MANIFEST.in'
2022-12-27T11:13:09.5043880Z   adding license file 'LICENSES.txt'
2022-12-27T11:13:09.5095800Z   writing manifest file '/private/var/folders/51/hd414ycd67n82196sw51xqtc0000gn/T/pip-pip-egg-info-z26u7ew7/lxml.egg-info/SOURCES.txt'
2022-12-27T11:13:09.5374460Z   Preparing metadata (setup.py): finished with status 'done'
2022-12-27T11:13:09.5398230Z   Source in /Users/runner/actions-runner/_work/python.build/python.build/build_lxml232311/lxml-2.3.2 has version 2.3.2, which satisfies requirement lxml==2.3.2 from file:///Users/runner/actions-runner/_work/python.build/python.build/build_lxml232311/lxml-2.3.2
2022-12-27T11:13:09.5401390Z   Removed lxml==2.3.2 from file:///Users/runner/actions-runner/_work/python.build/python.build/build_lxml232311/lxml-2.3.2 from build tracker '/private/var/folders/51/hd414ycd67n82196sw51xqtc0000gn/T/pip-build-tracker-x99pqjws'
2022-12-27T11:13:09.5418290Z Created temporary directory: /private/var/folders/51/hd414ycd67n82196sw51xqtc0000gn/T/pip-unpack-axzu150a
2022-12-27T11:13:09.5420100Z Building wheels for collected packages: lxml
2022-12-27T11:13:09.5427210Z   Created temporary directory: /private/var/folders/51/hd414ycd67n82196sw51xqtc0000gn/T/pip-wheel-dho1x8lw
2022-12-27T11:13:09.5428210Z   Building wheel for lxml (setup.py): started
2022-12-27T11:13:09.5569850Z   Destination directory: /private/var/folders/51/hd414ycd67n82196sw51xqtc0000gn/T/pip-wheel-dho1x8lw
2022-12-27T11:13:09.5570920Z   Running command python setup.py bdist_wheel
2022-12-27T11:13:09.7698270Z   Building lxml version 2.3.2.
2022-12-27T11:13:09.7698640Z   Building with Cython 0.29.32.
2022-12-27T11:13:09.7832190Z   Using build configuration of libxslt 1.1.29
2022-12-27T11:13:09.8771170Z   Building against libxml2/libxslt in the following directory: /Library/Developer/CommandLineTools/SDKs/MacOSX12.1.sdk/usr/lib
2022-12-27T11:13:09.8982890Z   running bdist_wheel
2022-12-27T11:13:09.9017880Z   running build
2022-12-27T11:13:09.9019480Z   running build_py
2022-12-27T11:13:09.9037560Z   creating build
2022-12-27T11:13:09.9039350Z   creating build/lib.macosx-11.0-arm64-cpython-311
2022-12-27T11:13:09.9040730Z   creating build/lib.macosx-11.0-arm64-cpython-311/lxml
2022-12-27T11:13:09.9042460Z   copying src/lxml/_elementpath.py -> build/lib.macosx-11.0-arm64-cpython-311/lxml
2022-12-27T11:13:09.9044730Z   copying src/lxml/sax.py -> build/lib.macosx-11.0-arm64-cpython-311/lxml
2022-12-27T11:13:09.9046860Z   copying src/lxml/pyclasslookup.py -> build/lib.macosx-11.0-arm64-cpython-311/lxml
2022-12-27T11:13:09.9048840Z   copying src/lxml/__init__.py -> build/lib.macosx-11.0-arm64-cpython-311/lxml
2022-12-27T11:13:09.9051780Z   copying src/lxml/builder.py -> build/lib.macosx-11.0-arm64-cpython-311/lxml
2022-12-27T11:13:09.9055010Z   copying src/lxml/doctestcompare.py -> build/lib.macosx-11.0-arm64-cpython-311/lxml
2022-12-27T11:13:09.9056530Z   copying src/lxml/usedoctest.py -> build/lib.macosx-11.0-arm64-cpython-311/lxml
2022-12-27T11:13:09.9058880Z   copying src/lxml/cssselect.py -> build/lib.macosx-11.0-arm64-cpython-311/lxml
2022-12-27T11:13:09.9061750Z   copying src/lxml/ElementInclude.py -> build/lib.macosx-11.0-arm64-cpython-311/lxml
2022-12-27T11:13:09.9067800Z   creating build/lib.macosx-11.0-arm64-cpython-311/lxml/html
2022-12-27T11:13:09.9069370Z   copying src/lxml/html/soupparser.py -> build/lib.macosx-11.0-arm64-cpython-311/lxml/html
2022-12-27T11:13:09.9071750Z   copying src/lxml/html/defs.py -> build/lib.macosx-11.0-arm64-cpython-311/lxml/html
2022-12-27T11:13:09.9073540Z   copying src/lxml/html/_setmixin.py -> build/lib.macosx-11.0-arm64-cpython-311/lxml/html
2022-12-27T11:13:09.9076370Z   copying src/lxml/html/clean.py -> build/lib.macosx-11.0-arm64-cpython-311/lxml/html
2022-12-27T11:13:09.9078570Z   copying src/lxml/html/_diffcommand.py -> build/lib.macosx-11.0-arm64-cpython-311/lxml/html
2022-12-27T11:13:09.9080720Z   copying src/lxml/html/html5parser.py -> build/lib.macosx-11.0-arm64-cpython-311/lxml/html
2022-12-27T11:13:09.9083300Z   copying src/lxml/html/__init__.py -> build/lib.macosx-11.0-arm64-cpython-311/lxml/html
2022-12-27T11:13:09.9086320Z   copying src/lxml/html/formfill.py -> build/lib.macosx-11.0-arm64-cpython-311/lxml/html
2022-12-27T11:13:09.9088540Z   copying src/lxml/html/builder.py -> build/lib.macosx-11.0-arm64-cpython-311/lxml/html
2022-12-27T11:13:09.9090760Z   copying src/lxml/html/ElementSoup.py -> build/lib.macosx-11.0-arm64-cpython-311/lxml/html
2022-12-27T11:13:09.9093270Z   copying src/lxml/html/_html5builder.py -> build/lib.macosx-11.0-arm64-cpython-311/lxml/html
2022-12-27T11:13:09.9095220Z   copying src/lxml/html/usedoctest.py -> build/lib.macosx-11.0-arm64-cpython-311/lxml/html
2022-12-27T11:13:09.9097790Z   copying src/lxml/html/diff.py -> build/lib.macosx-11.0-arm64-cpython-311/lxml/html
2022-12-27T11:13:09.9100250Z   copying src/lxml/html/_dictmixin.py -> build/lib.macosx-11.0-arm64-cpython-311/lxml/html
2022-12-27T11:13:09.9103910Z   creating build/lib.macosx-11.0-arm64-cpython-311/lxml/isoschematron
2022-12-27T11:13:09.9105110Z   copying src/lxml/isoschematron/__init__.py -> build/lib.macosx-11.0-arm64-cpython-311/lxml/isoschematron
2022-12-27T11:13:09.9116790Z   copying src/lxml/etreepublic.pxd -> build/lib.macosx-11.0-arm64-cpython-311/lxml
2022-12-27T11:13:09.9119190Z   copying src/lxml/tree.pxd -> build/lib.macosx-11.0-arm64-cpython-311/lxml
2022-12-27T11:13:09.9122650Z   copying src/lxml/etree_defs.h -> build/lib.macosx-11.0-arm64-cpython-311/lxml
2022-12-27T11:13:09.9124960Z   creating build/lib.macosx-11.0-arm64-cpython-311/lxml/isoschematron/resources
2022-12-27T11:13:09.9126330Z   creating build/lib.macosx-11.0-arm64-cpython-311/lxml/isoschematron/resources/rng
2022-12-27T11:13:09.9127770Z   copying src/lxml/isoschematron/resources/rng/iso-schematron.rng -> build/lib.macosx-11.0-arm64-cpython-311/lxml/isoschematron/resources/rng
2022-12-27T11:13:09.9129560Z   creating build/lib.macosx-11.0-arm64-cpython-311/lxml/isoschematron/resources/xsl
2022-12-27T11:13:09.9131260Z   copying src/lxml/isoschematron/resources/xsl/XSD2Schtrn.xsl -> build/lib.macosx-11.0-arm64-cpython-311/lxml/isoschematron/resources/xsl
2022-12-27T11:13:09.9135100Z   copying src/lxml/isoschematron/resources/xsl/RNG2Schtrn.xsl -> build/lib.macosx-11.0-arm64-cpython-311/lxml/isoschematron/resources/xsl
2022-12-27T11:13:09.9136560Z   creating build/lib.macosx-11.0-arm64-cpython-311/lxml/isoschematron/resources/xsl/iso-schematron-xslt1
2022-12-27T11:13:09.9138000Z   copying src/lxml/isoschematron/resources/xsl/iso-schematron-xslt1/iso_abstract_expand.xsl -> build/lib.macosx-11.0-arm64-cpython-311/lxml/isoschematron/resources/xsl/iso-schematron-xslt1
2022-12-27T11:13:09.9139350Z   copying src/lxml/isoschematron/resources/xsl/iso-schematron-xslt1/iso_dsdl_include.xsl -> build/lib.macosx-11.0-arm64-cpython-311/lxml/isoschematron/resources/xsl/iso-schematron-xslt1
2022-12-27T11:13:09.9142700Z   copying src/lxml/isoschematron/resources/xsl/iso-schematron-xslt1/iso_schematron_skeleton_for_xslt1.xsl -> build/lib.macosx-11.0-arm64-cpython-311/lxml/isoschematron/resources/xsl/iso-schematron-xslt1
2022-12-27T11:13:09.9146370Z   copying src/lxml/isoschematron/resources/xsl/iso-schematron-xslt1/iso_svrl_for_xslt1.xsl -> build/lib.macosx-11.0-arm64-cpython-311/lxml/isoschematron/resources/xsl/iso-schematron-xslt1
2022-12-27T11:13:09.9150190Z   copying src/lxml/isoschematron/resources/xsl/iso-schematron-xslt1/iso_schematron_message.xsl -> build/lib.macosx-11.0-arm64-cpython-311/lxml/isoschematron/resources/xsl/iso-schematron-xslt1
2022-12-27T11:13:09.9152960Z   copying src/lxml/isoschematron/resources/xsl/iso-schematron-xslt1/readme.txt -> build/lib.macosx-11.0-arm64-cpython-311/lxml/isoschematron/resources/xsl/iso-schematron-xslt1
2022-12-27T11:13:09.9162980Z   running build_ext
2022-12-27T11:13:09.9276390Z   skipping 'src/lxml/lxml.etree.c' Cython extension (up-to-date)
2022-12-27T11:13:09.9277810Z   skipping 'src/lxml/lxml.objectify.c' Cython extension (up-to-date)
2022-12-27T11:13:09.9279170Z   building 'lxml.etree' extension
2022-12-27T11:13:09.9280940Z   creating build/temp.macosx-11.0-arm64-cpython-311
2022-12-27T11:13:09.9282330Z   creating build/temp.macosx-11.0-arm64-cpython-311/src
2022-12-27T11:13:09.9284030Z   creating build/temp.macosx-11.0-arm64-cpython-311/src/lxml
2022-12-27T11:13:09.9286430Z   clang -Wsign-compare -Wunreachable-code -fno-common -dynamic -DNDEBUG -g -fwrapv -O3 -Wall -g -I/usr/local/opt/openssl@3/include -I/usr/local/opt/openssl@3/include -arch arm64 -I/Library/Developer/CommandLineTools/SDKs/MacOSX12.1.sdk/usr/include -I/private/var/folders/51/hd414ycd67n82196sw51xqtc0000gn/T/cibw-run-47_a8ht0/cp311-macosx_arm64/build/venv/include -I/Library/Frameworks/Python.framework/Versions/3.11/include/python3.11 -c src/lxml/lxml.etree.c -o build/temp.macosx-11.0-arm64-cpython-311/src/lxml/lxml.etree.o -w -flat_namespace
2022-12-27T11:13:10.0202360Z   src/lxml/lxml.etree.c:3684:20: error: expression is not assignable
2022-12-27T11:13:10.0203470Z           Py_SIZE(L) -= 1;
2022-12-27T11:13:10.0204570Z           ~~~~~~~~~~ ^
2022-12-27T11:13:10.4166300Z   src/lxml/lxml.etree.c:136877:5: error: expression is not assignable
2022-12-27T11:13:10.4166680Z       ++Py_REFCNT(o);
2022-12-27T11:13:10.4169210Z       ^ ~~~~~~~~~~~~
2022-12-27T11:13:10.4171020Z   src/lxml/lxml.etree.c:136880:5: error: expression is not assignable
2022-12-27T11:13:10.4173160Z       --Py_REFCNT(o);
2022-12-27T11:13:10.4174440Z       ^ ~~~~~~~~~~~~
2022-12-27T11:13:10.4176450Z   src/lxml/lxml.etree.c:137085:5: error: expression is not assignable
2022-12-27T11:13:10.4178070Z       ++Py_REFCNT(o);
2022-12-27T11:13:10.4179970Z       ^ ~~~~~~~~~~~~
2022-12-27T11:13:10.4182250Z   src/lxml/lxml.etree.c:137088:5: error: expression is not assignable
2022-12-27T11:13:10.4183870Z       --Py_REFCNT(o);
2022-12-27T11:13:10.4185450Z       ^ ~~~~~~~~~~~~
2022-12-27T11:13:10.4402980Z   src/lxml/lxml.etree.c:148270:5: error: expression is not assignable
2022-12-27T11:13:10.4404650Z       ++Py_REFCNT(o);
2022-12-27T11:13:10.4406400Z       ^ ~~~~~~~~~~~~
2022-12-27T11:13:10.4408430Z   src/lxml/lxml.etree.c:148273:5: error: expression is not assignable
2022-12-27T11:13:10.4410350Z       --Py_REFCNT(o);
2022-12-27T11:13:10.4412110Z       ^ ~~~~~~~~~~~~
2022-12-27T11:13:10.4415620Z   src/lxml/lxml.etree.c:148874:5: error: expression is not assignable
2022-12-27T11:13:10.4417030Z       ++Py_REFCNT(o);
2022-12-27T11:13:10.4418390Z       ^ ~~~~~~~~~~~~
2022-12-27T11:13:10.4419830Z   src/lxml/lxml.etree.c:148877:5: error: expression is not assignable
2022-12-27T11:13:10.4421230Z       --Py_REFCNT(o);
2022-12-27T11:13:10.4422490Z       ^ ~~~~~~~~~~~~
2022-12-27T11:13:10.4425300Z   src/lxml/lxml.etree.c:149287:5: error: expression is not assignable
2022-12-27T11:13:10.4426470Z       ++Py_REFCNT(o);
2022-12-27T11:13:10.4427620Z       ^ ~~~~~~~~~~~~
2022-12-27T11:13:10.4428690Z   src/lxml/lxml.etree.c:149290:5: error: expression is not assignable
2022-12-27T11:13:10.4429740Z       --Py_REFCNT(o);
2022-12-27T11:13:10.4430950Z       ^ ~~~~~~~~~~~~
2022-12-27T11:13:10.4432300Z   src/lxml/lxml.etree.c:149474:5: error: expression is not assignable
2022-12-27T11:13:10.4433430Z       ++Py_REFCNT(o);
2022-12-27T11:13:10.4434700Z       ^ ~~~~~~~~~~~~
2022-12-27T11:13:10.4436040Z   src/lxml/lxml.etree.c:149477:5: error: expression is not assignable
2022-12-27T11:13:10.4437370Z       --Py_REFCNT(o);
2022-12-27T11:13:10.4438820Z       ^ ~~~~~~~~~~~~
2022-12-27T11:13:10.4528570Z   src/lxml/lxml.etree.c:153537:5: error: expression is not assignable
2022-12-27T11:13:10.4529930Z       ++Py_REFCNT(o);
2022-12-27T11:13:10.4531640Z       ^ ~~~~~~~~~~~~
2022-12-27T11:13:10.4533110Z   src/lxml/lxml.etree.c:153540:5: error: expression is not assignable
2022-12-27T11:13:10.4534790Z       --Py_REFCNT(o);
2022-12-27T11:13:10.4536130Z       ^ ~~~~~~~~~~~~
2022-12-27T11:13:10.4540970Z   src/lxml/lxml.etree.c:154124:5: error: expression is not assignable
2022-12-27T11:13:10.4542200Z       ++Py_REFCNT(o);
2022-12-27T11:13:10.4543680Z       ^ ~~~~~~~~~~~~
2022-12-27T11:13:10.4545120Z   src/lxml/lxml.etree.c:154127:5: error: expression is not assignable
2022-12-27T11:13:10.4546490Z       --Py_REFCNT(o);
2022-12-27T11:13:10.4547910Z       ^ ~~~~~~~~~~~~
2022-12-27T11:13:10.4552540Z   src/lxml/lxml.etree.c:154701:5: error: expression is not assignable
2022-12-27T11:13:10.4553820Z       ++Py_REFCNT(o);
2022-12-27T11:13:10.4555190Z       ^ ~~~~~~~~~~~~
2022-12-27T11:13:10.4556610Z   src/lxml/lxml.etree.c:154704:5: error: expression is not assignable
2022-12-27T11:13:10.4557980Z       --Py_REFCNT(o);
2022-12-27T11:13:10.4559360Z       ^ ~~~~~~~~~~~~
2022-12-27T11:13:10.4566420Z   fatal error: too many errors emitted, stopping now [-ferror-limit=]
2022-12-27T11:13:10.5121490Z   20 errors generated.
2022-12-27T11:13:10.5163260Z   error: command '/usr/bin/clang' failed with exit code 1
2022-12-27T11:13:10.5513420Z   error: subprocess-exited-with-error
2022-12-27T11:13:10.5513710Z   
2022-12-27T11:13:10.5514070Z   × python setup.py bdist_wheel did not run successfully.
2022-12-27T11:13:10.5514340Z   │ exit code: 1
2022-12-27T11:13:10.5514580Z   ╰─> See above for output.
2022-12-27T11:13:10.5514790Z   
2022-12-27T11:13:10.5515090Z   note: This error originates from a subprocess, and is likely not a problem with pip.
2022-12-27T11:13:10.5522050Z   full command: /private/var/folders/51/hd414ycd67n82196sw51xqtc0000gn/T/cibw-run-47_a8ht0/cp311-macosx_arm64/build/venv/bin/python -u -c '
2022-12-27T11:13:10.5523560Z   exec(compile('"'"''"'"''"'"'
2022-12-27T11:13:10.5524680Z   # This is <pip-setuptools-caller> -- a caller that pip uses to run setup.py
2022-12-27T11:13:10.5524940Z   #
2022-12-27T11:13:10.5525310Z   # - It imports setuptools before invoking setup.py, to enable projects that directly
2022-12-27T11:13:10.5525670Z   #   import from `distutils.core` to work with newer packaging standards.
2022-12-27T11:13:10.5526090Z   # - It provides a clear error message when setuptools is not installed.
2022-12-27T11:13:10.5526490Z   # - It sets `sys.argv[0]` to the underlying `setup.py`, when invoking `setup.py` so
2022-12-27T11:13:10.5526880Z   #   setuptools doesn'"'"'t think the script is `-c`. This avoids the following warning:
2022-12-27T11:13:10.5527260Z   #     manifest_maker: standard file '"'"'-c'"'"' not found".
2022-12-27T11:13:10.5527620Z   # - It generates a shim setup.py, for handling setup.cfg-only projects.
2022-12-27T11:13:10.5527910Z   import os, sys, tokenize
2022-12-27T11:13:10.5528130Z   
2022-12-27T11:13:10.5528280Z   try:
2022-12-27T11:13:10.5528530Z       import setuptools
2022-12-27T11:13:10.5528770Z   except ImportError as error:
2022-12-27T11:13:10.5529000Z       print(
2022-12-27T11:13:10.5529260Z           "ERROR: Can not execute `setup.py` since setuptools is not available in "
2022-12-27T11:13:10.5529550Z           "the build environment.",
2022-12-27T11:13:10.5529810Z           file=sys.stderr,
2022-12-27T11:13:10.5530000Z       )
2022-12-27T11:13:10.5530220Z       sys.exit(1)
2022-12-27T11:13:10.5530400Z   
2022-12-27T11:13:10.5530570Z   __file__ = %r
2022-12-27T11:13:10.5530850Z   sys.argv[0] = __file__
2022-12-27T11:13:10.5531250Z   
2022-12-27T11:13:10.5531520Z   if os.path.exists(__file__):
2022-12-27T11:13:10.5531760Z       filename = __file__
2022-12-27T11:13:10.5532140Z       with tokenize.open(__file__) as f:
2022-12-27T11:13:10.5532550Z           setup_py_code = f.read()
2022-12-27T11:13:10.5532960Z   else:
2022-12-27T11:13:10.5533320Z       filename = "<auto-generated setuptools caller>"
2022-12-27T11:13:10.5533900Z       setup_py_code = "from setuptools import setup; setup()"
2022-12-27T11:13:10.5534140Z   
2022-12-27T11:13:10.5534360Z   exec(compile(setup_py_code, filename, "exec"))
2022-12-27T11:13:10.5535020Z   '"'"''"'"''"'"' % ('"'"'/Users/runner/actions-runner/_work/python.build/python.build/build_lxml232311/lxml-2.3.2/setup.py'"'"',), "<pip-setuptools-caller>", "exec"))' bdist_wheel -d /private/var/folders/51/hd414ycd67n82196sw51xqtc0000gn/T/pip-wheel-dho1x8lw
2022-12-27T11:13:10.5535430Z   cwd: /Users/runner/actions-runner/_work/python.build/python.build/build_lxml232311/lxml-2.3.2/
2022-12-27T11:13:10.5535680Z   ERROR: Failed building wheel for lxml
2022-12-27T11:13:10.5535870Z   Running command python setup.py clean
2022-12-27T11:13:10.5536120Z   Building wheel for lxml (setup.py): finished with status 'error'
2022-12-27T11:13:10.5536310Z   Running setup.py clean for lxml
2022-12-27T11:13:10.7635630Z   Building lxml version 2.3.2.
2022-12-27T11:13:10.7636280Z   Building with Cython 0.29.32.
2022-12-27T11:13:10.7770510Z   Using build configuration of libxslt 1.1.29
2022-12-27T11:13:10.8730720Z   Building against libxml2/libxslt in the following directory: /Library/Developer/CommandLineTools/SDKs/MacOSX12.1.sdk/usr/lib
2022-12-27T11:13:10.8850310Z   running clean
2022-12-27T11:13:10.8874160Z   removing 'build/temp.macosx-11.0-arm64-cpython-311' (and everything under it)
2022-12-27T11:13:10.8877590Z   removing 'build/lib.macosx-11.0-arm64-cpython-311' (and everything under it)
2022-12-27T11:13:10.8910540Z   'build/bdist.macosx-11.0-arm64' does not exist -- can't clean it
2022-12-27T11:13:10.8912080Z   'build/scripts-3.11' does not exist -- can't clean it
2022-12-27T11:13:10.8913500Z   removing 'build'
2022-12-27T11:13:10.9199750Z Failed to build lxml
2022-12-27T11:13:10.9203870Z ERROR: Failed to build one or more wheels
2022-12-27T11:13:10.9215850Z Exception information:
2022-12-27T11:13:10.9216220Z Traceback (most recent call last):
2022-12-27T11:13:10.9224070Z   File "/private/var/folders/51/hd414ycd67n82196sw51xqtc0000gn/T/cibw-run-47_a8ht0/cp311-macosx_arm64/build/venv/lib/python3.11/site-packages/pip/_internal/cli/base_command.py", line 160, in exc_logging_wrapper
2022-12-27T11:13:10.9224510Z     status = run_func(*args)
2022-12-27T11:13:10.9224700Z              ^^^^^^^^^^^^^^^
2022-12-27T11:13:10.9225340Z   File "/private/var/folders/51/hd414ycd67n82196sw51xqtc0000gn/T/cibw-run-47_a8ht0/cp311-macosx_arm64/build/venv/lib/python3.11/site-packages/pip/_internal/cli/req_command.py", line 247, in wrapper
2022-12-27T11:13:10.9225730Z     return func(self, options, args)
2022-12-27T11:13:10.9225960Z            ^^^^^^^^^^^^^^^^^^^^^^^^^
2022-12-27T11:13:10.9226490Z   File "/private/var/folders/51/hd414ycd67n82196sw51xqtc0000gn/T/cibw-run-47_a8ht0/cp311-macosx_arm64/build/venv/lib/python3.11/site-packages/pip/_internal/commands/wheel.py", line 201, in run
2022-12-27T11:13:10.9226880Z     raise CommandError("Failed to build one or more wheels")
2022-12-27T11:13:10.9227200Z pip._internal.exceptions.CommandError: Failed to build one or more wheels
2022-12-27T11:13:10.9227750Z Removed build tracker: '/private/var/folders/51/hd414ycd67n82196sw51xqtc0000gn/T/pip-build-tracker-x99pqjws'
2022-12-27T11:13:10.9657620Z ##[endgroup]
2022-12-27T11:13:10.9682060Z ##[error]Command ['python', '-m', 'pip', 'wheel', '/Users/runner/actions-runner/_work/python.build/python.build/build_lxml232311/lxml-2.3.2', '--wheel-dir=/private/var/folders/51/hd414ycd67n82196sw51xqtc0000gn/T/cibw-run-47_a8ht0/cp311-macosx_arm64/built_wheel', '--no-deps', '-vvv'] failed with code 1. None
2022-12-27T11:13:10.9688240Z 
2022-12-27T11:13:10.9688620Z                                                               [31m✕ [0m2.16s
2022-12-27T11:13:11.0139010Z ##[error]Process completed with exit code 1.
2022-12-27T11:13:11.0171710Z ##[group]Run rm -rf build_lxml232311 wheelsout
2022-12-27T11:13:11.0171900Z [36;1mrm -rf build_lxml232311 wheelsout[0m
2022-12-27T11:13:11.0187740Z shell: /bin/bash -e {0}
2022-12-27T11:13:11.0188040Z env:
2022-12-27T11:13:11.0188210Z   pythonLocation: /Users/runner/hostedtoolcache/Python/3.11.1/x64
2022-12-27T11:13:11.0188430Z   PKG_CONFIG_PATH: /Users/runner/hostedtoolcache/Python/3.11.1/x64/lib/pkgconfig
2022-12-27T11:13:11.0188640Z   Python_ROOT_DIR: /Users/runner/hostedtoolcache/Python/3.11.1/x64
2022-12-27T11:13:11.0188910Z   Python2_ROOT_DIR: /Users/runner/hostedtoolcache/Python/3.11.1/x64
2022-12-27T11:13:11.0189150Z   Python3_ROOT_DIR: /Users/runner/hostedtoolcache/Python/3.11.1/x64
2022-12-27T11:13:11.0189290Z ##[endgroup]
2022-12-27T11:13:11.0730570Z Cleaning up orphan processes
