2022-12-27T07:25:31.3206127Z Requested labels: self-hosted, macOS, X64
2022-12-27T07:25:31.3206206Z Job defined at: kilnbuild/python.build/.github/workflows/mac_arm_build.yml@refs/heads/main
2022-12-27T07:25:31.3206241Z Waiting for a runner to pick up this job...
2022-12-27T09:32:05.3536838Z Job is about to start running on the runner: s1 (organization)
2022-12-27T09:32:08.8642110Z Current runner version: '2.300.2'
2022-12-27T09:32:08.8650590Z Runner name: 's1'
2022-12-27T09:32:08.8650870Z Runner group name: 'Default'
2022-12-27T09:32:08.8651400Z Machine name: 's1'
2022-12-27T09:32:08.8653040Z ##[group]GITHUB_TOKEN Permissions
2022-12-27T09:32:08.8653500Z Actions: write
2022-12-27T09:32:08.8653650Z Checks: write
2022-12-27T09:32:08.8653790Z Contents: write
2022-12-27T09:32:08.8653940Z Deployments: write
2022-12-27T09:32:08.8654090Z Discussions: write
2022-12-27T09:32:08.8654220Z Issues: write
2022-12-27T09:32:08.8654350Z Metadata: read
2022-12-27T09:32:08.8654490Z Packages: write
2022-12-27T09:32:08.8654640Z Pages: write
2022-12-27T09:32:08.8654780Z PullRequests: write
2022-12-27T09:32:08.8654950Z RepositoryProjects: write
2022-12-27T09:32:08.8655110Z SecurityEvents: write
2022-12-27T09:32:08.8655260Z Statuses: write
2022-12-27T09:32:08.8655390Z ##[endgroup]
2022-12-27T09:32:08.8658200Z Secret source: Actions
2022-12-27T09:32:08.8658540Z Prepare workflow directory
2022-12-27T09:32:08.9338140Z Prepare all required actions
2022-12-27T09:32:08.9461170Z Getting action download info
2022-12-27T09:32:09.4576090Z Download action repository 'actions/setup-python@v4' (SHA:5ccb29d8773c3f3f653e1705f474dfaa8a06a912)
2022-12-27T09:32:11.6528080Z Download action repository 'actions/upload-artifact@v3' (SHA:83fd05a356d7e2593de66fc9913b3002723633cb)
2022-12-27T09:32:12.9865690Z ##[group]Run echo '{
2022-12-27T09:32:12.9865990Z [36;1mecho '{[0m
2022-12-27T09:32:12.9866200Z [36;1m  "environment_variables": "GRPC_PYTHON_BUILD_WITH_CYTHON=1 GRPC_BUILD_WITH_BORING_SSL_ASM='' GRPC_PYTHON_BUILD_SYSTEM_OPENSSL=TRUE",[0m
2022-12-27T09:32:12.9866410Z [36;1m  "package_name": "grpcio-tools",[0m
2022-12-27T09:32:12.9866700Z [36;1m  "package_url": "https://files.pythonhosted.org/packages/6c/38/ff06cec1b32e796c8422153d6d29a6c8c6dab962436779e34b0d72df0f2f/grpcio-tools-1.14.2.tar.gz",[0m
2022-12-27T09:32:12.9866990Z [36;1m  "package_version": "1.14.2",[0m
2022-12-27T09:32:12.9867140Z [36;1m  "python_version": "3.7",[0m
2022-12-27T09:32:12.9867270Z [36;1m  "use_ccache": "true"[0m
2022-12-27T09:32:12.9867390Z [36;1m}'[0m
2022-12-27T09:32:12.9882820Z shell: /bin/bash -e {0}
2022-12-27T09:32:12.9882970Z ##[endgroup]
2022-12-27T09:32:13.0103240Z {
2022-12-27T09:32:13.0104750Z   "environment_variables": "GRPC_PYTHON_BUILD_WITH_CYTHON=1 GRPC_BUILD_WITH_BORING_SSL_ASM= GRPC_PYTHON_BUILD_SYSTEM_OPENSSL=TRUE",
2022-12-27T09:32:13.0105300Z   "package_name": "grpcio-tools",
2022-12-27T09:32:13.0105770Z   "package_url": "https://files.pythonhosted.org/packages/6c/38/ff06cec1b32e796c8422153d6d29a6c8c6dab962436779e34b0d72df0f2f/grpcio-tools-1.14.2.tar.gz",
2022-12-27T09:32:13.0106070Z   "package_version": "1.14.2",
2022-12-27T09:32:13.0106260Z   "python_version": "3.7",
2022-12-27T09:32:13.0106410Z   "use_ccache": "true"
2022-12-27T09:32:13.0106580Z }
2022-12-27T09:32:13.0324840Z ##[group]Run actions/setup-python@v4
2022-12-27T09:32:13.0325130Z with:
2022-12-27T09:32:13.0325320Z   python-version: 3.7
2022-12-27T09:32:13.0325510Z   check-latest: false
2022-12-27T09:32:13.0325820Z   token: ***
2022-12-27T09:32:13.0326070Z   update-environment: true
2022-12-27T09:32:13.0326270Z ##[endgroup]
2022-12-27T09:32:13.1553370Z ##[group]Installed versions
2022-12-27T09:32:13.1596140Z Successfully set up CPython (3.7.15)
2022-12-27T09:32:13.1596850Z ##[endgroup]
2022-12-27T09:32:13.1742570Z ##[group]Run if [ "true" == "true" ]
2022-12-27T09:32:13.1742850Z [36;1mif [ "true" == "true" ][0m
2022-12-27T09:32:13.1743230Z [36;1mthen[0m
2022-12-27T09:32:13.1743440Z [36;1m  echo "CCACHE_PATH_PREPEND=/usr/local/opt/ccache/libexec" >> $GITHUB_OUTPUT[0m
2022-12-27T09:32:13.1743670Z [36;1melse[0m
2022-12-27T09:32:13.1743870Z [36;1m  echo "CCACHE_PATH_PREPEND=" >> $GITHUB_OUTPUT[0m
2022-12-27T09:32:13.1744040Z [36;1mfi[0m
2022-12-27T09:32:13.1761350Z shell: /bin/bash -e {0}
2022-12-27T09:32:13.1761580Z env:
2022-12-27T09:32:13.1761830Z   pythonLocation: /Users/runner/hostedtoolcache/Python/3.7.15/x64
2022-12-27T09:32:13.1762200Z   PKG_CONFIG_PATH: /Users/runner/hostedtoolcache/Python/3.7.15/x64/lib/pkgconfig
2022-12-27T09:32:13.1762810Z   Python_ROOT_DIR: /Users/runner/hostedtoolcache/Python/3.7.15/x64
2022-12-27T09:32:13.1763080Z   Python2_ROOT_DIR: /Users/runner/hostedtoolcache/Python/3.7.15/x64
2022-12-27T09:32:13.1763390Z   Python3_ROOT_DIR: /Users/runner/hostedtoolcache/Python/3.7.15/x64
2022-12-27T09:32:13.1763650Z ##[endgroup]
2022-12-27T09:32:13.1872270Z ##[group]Run echo "BUILD_NAME=$(echo grpcio-tools_1.14.2_3.7 | tr -dc '[:alnum:]\n\r' | tr '[:upper:]' '[:lower:]')" >> $GITHUB_OUTPUT
2022-12-27T09:32:13.1872790Z [36;1mecho "BUILD_NAME=$(echo grpcio-tools_1.14.2_3.7 | tr -dc '[:alnum:]\n\r' | tr '[:upper:]' '[:lower:]')" >> $GITHUB_OUTPUT[0m
2022-12-27T09:32:13.1887230Z shell: /bin/bash -e {0}
2022-12-27T09:32:13.1887530Z env:
2022-12-27T09:32:13.1887730Z   pythonLocation: /Users/runner/hostedtoolcache/Python/3.7.15/x64
2022-12-27T09:32:13.1888030Z   PKG_CONFIG_PATH: /Users/runner/hostedtoolcache/Python/3.7.15/x64/lib/pkgconfig
2022-12-27T09:32:13.1888340Z   Python_ROOT_DIR: /Users/runner/hostedtoolcache/Python/3.7.15/x64
2022-12-27T09:32:13.1888560Z   Python2_ROOT_DIR: /Users/runner/hostedtoolcache/Python/3.7.15/x64
2022-12-27T09:32:13.1888890Z   Python3_ROOT_DIR: /Users/runner/hostedtoolcache/Python/3.7.15/x64
2022-12-27T09:32:13.1889100Z ##[endgroup]
2022-12-27T09:32:13.2005070Z ##[group]Run echo "PYTHON_NO_DOTS=$(echo 3.7 | tr -dc '[:alnum:]\n\r' | tr '[:upper:]' '[:lower:]')" >> $GITHUB_OUTPUT
2022-12-27T09:32:13.2005430Z [36;1mecho "PYTHON_NO_DOTS=$(echo 3.7 | tr -dc '[:alnum:]\n\r' | tr '[:upper:]' '[:lower:]')" >> $GITHUB_OUTPUT[0m
2022-12-27T09:32:13.2019360Z shell: /bin/bash -e {0}
2022-12-27T09:32:13.2019560Z env:
2022-12-27T09:32:13.2019770Z   pythonLocation: /Users/runner/hostedtoolcache/Python/3.7.15/x64
2022-12-27T09:32:13.2020000Z   PKG_CONFIG_PATH: /Users/runner/hostedtoolcache/Python/3.7.15/x64/lib/pkgconfig
2022-12-27T09:32:13.2020220Z   Python_ROOT_DIR: /Users/runner/hostedtoolcache/Python/3.7.15/x64
2022-12-27T09:32:13.2020430Z   Python2_ROOT_DIR: /Users/runner/hostedtoolcache/Python/3.7.15/x64
2022-12-27T09:32:13.2020660Z   Python3_ROOT_DIR: /Users/runner/hostedtoolcache/Python/3.7.15/x64
2022-12-27T09:32:13.2020810Z ##[endgroup]
2022-12-27T09:32:13.2126640Z ##[group]Run rm -rf build_grpciotools114237
2022-12-27T09:32:13.2127070Z [36;1mrm -rf build_grpciotools114237[0m
2022-12-27T09:32:13.2127250Z [36;1mmkdir build_grpciotools114237[0m
2022-12-27T09:32:13.2127450Z [36;1mcd build_grpciotools114237[0m
2022-12-27T09:32:13.2127780Z [36;1m/usr/local/bin/wget --quiet https://files.pythonhosted.org/packages/6c/38/ff06cec1b32e796c8422153d6d29a6c8c6dab962436779e34b0d72df0f2f/grpcio-tools-1.14.2.tar.gz[0m
2022-12-27T09:32:13.2128110Z [36;1mtar xf *.tar.gz[0m
2022-12-27T09:32:13.2128250Z [36;1mcd *[0m
2022-12-27T09:32:13.2128450Z [36;1mpython -m pip install cibuildwheel==2.11.3[0m
2022-12-27T09:32:13.2128690Z [36;1mpython -m cibuildwheel --output-dir ../wheelsout[0m
2022-12-27T09:32:13.2142790Z shell: /bin/bash -e {0}
2022-12-27T09:32:13.2142980Z env:
2022-12-27T09:32:13.2143210Z   pythonLocation: /Users/runner/hostedtoolcache/Python/3.7.15/x64
2022-12-27T09:32:13.2143490Z   PKG_CONFIG_PATH: /Users/runner/hostedtoolcache/Python/3.7.15/x64/lib/pkgconfig
2022-12-27T09:32:13.2143790Z   Python_ROOT_DIR: /Users/runner/hostedtoolcache/Python/3.7.15/x64
2022-12-27T09:32:13.2144040Z   Python2_ROOT_DIR: /Users/runner/hostedtoolcache/Python/3.7.15/x64
2022-12-27T09:32:13.2144280Z   Python3_ROOT_DIR: /Users/runner/hostedtoolcache/Python/3.7.15/x64
2022-12-27T09:32:13.2144460Z   CIBW_ARCHS_MACOS: arm64
2022-12-27T09:32:13.2144670Z   CIBW_TEST_SKIP: *_arm64
2022-12-27T09:32:13.2144860Z   CIBW_BUILD: cp37-macosx_arm64
2022-12-27T09:32:13.2145020Z   CIBW_BUILD_FRONTEND: pip
2022-12-27T09:32:13.2145190Z   CIBW_BUILD_VERBOSITY: 3
2022-12-27T09:32:13.2145580Z   CIBW_ENVIRONMENT_MACOS: GRPC_PYTHON_BUILD_WITH_CYTHON=1 GRPC_BUILD_WITH_BORING_SSL_ASM='' GRPC_PYTHON_BUILD_SYSTEM_OPENSSL=TRUE CFLAGS="-I/usr/local/opt/openssl@3/include" LDFLAGS="-L/usr/local/opt/openssl@3/lib" CPPFLAGS="-I/usr/local/opt/openssl@3/include" MAKEFLAGS="-j$(sysctl -n hw.logicalcpu)" PATH=/usr/local/opt/ccache/libexec:$PATH
2022-12-27T09:32:13.2146250Z   CIBW_BEFORE_BUILD: pip install Cython; if [[ -f requirements.txt ]]; then pip install -r requirements.txt; fi
2022-12-27T09:32:13.2146500Z   MAKEFLAGS: -j$(sysctl -n hw.logicalcpu)
2022-12-27T09:32:13.2146660Z ##[endgroup]
2022-12-27T09:32:13.7170440Z Requirement already satisfied: cibuildwheel==2.11.3 in /Users/runner/hostedtoolcache/Python/3.7.15/x64/lib/python3.7/site-packages (2.11.3)
2022-12-27T09:32:13.7482930Z Requirement already satisfied: packaging>=20.9 in /Users/runner/hostedtoolcache/Python/3.7.15/x64/lib/python3.7/site-packages (from cibuildwheel==2.11.3) (22.0)
2022-12-27T09:32:13.7490040Z Requirement already satisfied: tomli in /Users/runner/hostedtoolcache/Python/3.7.15/x64/lib/python3.7/site-packages (from cibuildwheel==2.11.3) (2.0.1)
2022-12-27T09:32:13.7494100Z Requirement already satisfied: filelock in /Users/runner/hostedtoolcache/Python/3.7.15/x64/lib/python3.7/site-packages (from cibuildwheel==2.11.3) (3.8.2)
2022-12-27T09:32:13.7499920Z Requirement already satisfied: bashlex!=0.13 in /Users/runner/hostedtoolcache/Python/3.7.15/x64/lib/python3.7/site-packages (from cibuildwheel==2.11.3) (0.16)
2022-12-27T09:32:13.7504400Z Requirement already satisfied: bracex in /Users/runner/hostedtoolcache/Python/3.7.15/x64/lib/python3.7/site-packages (from cibuildwheel==2.11.3) (2.3.post1)
2022-12-27T09:32:13.7514010Z Requirement already satisfied: typing-extensions>=4.1.0 in /Users/runner/hostedtoolcache/Python/3.7.15/x64/lib/python3.7/site-packages (from cibuildwheel==2.11.3) (4.4.0)
2022-12-27T09:32:13.7517690Z Requirement already satisfied: certifi in /Users/runner/hostedtoolcache/Python/3.7.15/x64/lib/python3.7/site-packages (from cibuildwheel==2.11.3) (2022.12.7)
2022-12-27T09:32:13.7521210Z Requirement already satisfied: platformdirs in /Users/runner/hostedtoolcache/Python/3.7.15/x64/lib/python3.7/site-packages (from cibuildwheel==2.11.3) (2.6.0)
2022-12-27T09:32:13.9244210Z 
2022-12-27T09:32:13.9244400Z      _ _       _ _   _       _           _
2022-12-27T09:32:13.9244910Z  ___|_| |_ _ _|_| |_| |_ _ _| |_ ___ ___| |
2022-12-27T09:32:13.9246400Z |  _| | . | | | | | . | | | |   | -_| -_| |
2022-12-27T09:32:13.9246650Z |___|_|___|___|_|_|___|_____|_|_|___|___|_|
2022-12-27T09:32:13.9246860Z 
2022-12-27T09:32:13.9246980Z cibuildwheel version 2.11.3
2022-12-27T09:32:13.9247120Z 
2022-12-27T09:32:13.9247240Z Build options:
2022-12-27T09:32:13.9247520Z   platform: macos
2022-12-27T09:32:13.9424950Z   architectures: arm64[0m
2022-12-27T09:32:13.9425510Z   build_selector: 
2022-12-27T09:32:13.9426160Z     build_config: cp37-macosx_arm64
2022-12-27T09:32:13.9427560Z     skip_config: 
2022-12-27T09:32:13.9428490Z     requires_python: None
2022-12-27T09:32:13.9429170Z     prerelease_pythons: False[0m
2022-12-27T09:32:13.9430230Z cibuildwheel: No build identifiers selected: BuildSelector(build_config='cp37-macosx_arm64', skip_config='', requires_python=None, prerelease_pythons=False)
2022-12-27T09:32:13.9430860Z   [38;5;244mcontainer_engine: docker[0m
2022-12-27T09:32:13.9431800Z   output_dir: /Users/runner/actions-runner/_work/python.build/python.build/build_grpciotools114237/wheelsout[0m
2022-12-27T09:32:13.9432720Z   package_dir: /Users/runner/actions-runner/_work/python.build/python.build/build_grpciotools114237/grpcio-tools-1.14.2[0m
2022-12-27T09:32:13.9433260Z   test_selector: 
2022-12-27T09:32:13.9433860Z     skip_config: *_arm64[0m
2022-12-27T09:32:13.9434370Z   [38;5;244mbefore_all: [0m
2022-12-27T09:32:13.9435110Z   before_build: pip install Cython; if [[ -f requirements.txt ]]; then pip install -r requirements.txt; fi[0m
2022-12-27T09:32:13.9435660Z   [38;5;244mbefore_test: [0m
2022-12-27T09:32:13.9436220Z   [38;5;244mbuild_frontend: pip[0m
2022-12-27T09:32:13.9436670Z   build_verbosity: 3[0m
2022-12-27T09:32:13.9437050Z   [38;5;244mconfig_settings: [0m
2022-12-27T09:32:13.9437590Z   [38;5;244mdependency_constraints: pinned[0m
2022-12-27T09:32:13.9438520Z   environment: 
2022-12-27T09:32:13.9438810Z     GRPC_PYTHON_BUILD_WITH_CYTHON=1
2022-12-27T09:32:13.9439150Z     GRPC_BUILD_WITH_BORING_SSL_ASM=''
2022-12-27T09:32:13.9439480Z     GRPC_PYTHON_BUILD_SYSTEM_OPENSSL=TRUE
2022-12-27T09:32:13.9440040Z     CFLAGS="-I/usr/local/opt/openssl@3/include"
2022-12-27T09:32:13.9440410Z     LDFLAGS="-L/usr/local/opt/openssl@3/lib"
2022-12-27T09:32:13.9440830Z     CPPFLAGS="-I/usr/local/opt/openssl@3/include"
2022-12-27T09:32:13.9441240Z     MAKEFLAGS="-j$(sysctl -n hw.logicalcpu)"
2022-12-27T09:32:13.9441610Z     PATH=/usr/local/opt/ccache/libexec:$PATH[0m
2022-12-27T09:32:13.9442140Z   [38;5;244mmanylinux_images: None[0m
2022-12-27T09:32:13.9442530Z   [38;5;244mmusllinux_images: None[0m
2022-12-27T09:32:13.9443040Z   [38;5;244mrepair_command: delocate-wheel --require-archs {delocate_archs} -w {dest_dir} -v {wheel}[0m
2022-12-27T09:32:13.9443430Z   [38;5;244mtest_command: [0m
2022-12-27T09:32:13.9443790Z   [38;5;244mtest_extras: [0m
2022-12-27T09:32:13.9444320Z   [38;5;244mtest_requires: [0m
2022-12-27T09:32:13.9444450Z 
2022-12-27T09:32:13.9444620Z Cache folder: /Users/runner/Library/Caches/cibuildwheel
2022-12-27T09:32:13.9444830Z 
2022-12-27T09:32:13.9444940Z Here we go!
2022-12-27T09:32:13.9445090Z 
2022-12-27T09:32:13.9556120Z ##[error]Process completed with exit code 3.
2022-12-27T09:32:13.9594990Z ##[group]Run rm -rf build_grpciotools114237 wheelsout
2022-12-27T09:32:13.9595230Z [36;1mrm -rf build_grpciotools114237 wheelsout[0m
2022-12-27T09:32:13.9610660Z shell: /bin/bash -e {0}
2022-12-27T09:32:13.9610850Z env:
2022-12-27T09:32:13.9611070Z   pythonLocation: /Users/runner/hostedtoolcache/Python/3.7.15/x64
2022-12-27T09:32:13.9611300Z   PKG_CONFIG_PATH: /Users/runner/hostedtoolcache/Python/3.7.15/x64/lib/pkgconfig
2022-12-27T09:32:13.9611630Z   Python_ROOT_DIR: /Users/runner/hostedtoolcache/Python/3.7.15/x64
2022-12-27T09:32:13.9611870Z   Python2_ROOT_DIR: /Users/runner/hostedtoolcache/Python/3.7.15/x64
2022-12-27T09:32:13.9612090Z   Python3_ROOT_DIR: /Users/runner/hostedtoolcache/Python/3.7.15/x64
2022-12-27T09:32:13.9612280Z ##[endgroup]
2022-12-27T09:32:14.0212050Z Cleaning up orphan processes
