2022-12-27T08:46:13.5932621Z Requested labels: self-hosted, macOS, X64
2022-12-27T08:46:13.5932724Z Job defined at: kilnbuild/python.build/.github/workflows/mac_arm_build.yml@refs/heads/main
2022-12-27T08:46:13.5932764Z Waiting for a runner to pick up this job...
2022-12-27T11:05:42.1893456Z Job is about to start running on the runner: s1 (organization)
2022-12-27T11:05:44.6515140Z Current runner version: '2.300.2'
2022-12-27T11:05:44.6520200Z Runner name: 's1'
2022-12-27T11:05:44.6520460Z Runner group name: 'Default'
2022-12-27T11:05:44.6520890Z Machine name: 's1'
2022-12-27T11:05:44.6522420Z ##[group]GITHUB_TOKEN Permissions
2022-12-27T11:05:44.6522840Z Actions: write
2022-12-27T11:05:44.6522990Z Checks: write
2022-12-27T11:05:44.6523140Z Contents: write
2022-12-27T11:05:44.6523280Z Deployments: write
2022-12-27T11:05:44.6523440Z Discussions: write
2022-12-27T11:05:44.6523580Z Issues: write
2022-12-27T11:05:44.6523710Z Metadata: read
2022-12-27T11:05:44.6523860Z Packages: write
2022-12-27T11:05:44.6524010Z Pages: write
2022-12-27T11:05:44.6524160Z PullRequests: write
2022-12-27T11:05:44.6524330Z RepositoryProjects: write
2022-12-27T11:05:44.6524500Z SecurityEvents: write
2022-12-27T11:05:44.6524640Z Statuses: write
2022-12-27T11:05:44.6524790Z ##[endgroup]
2022-12-27T11:05:44.6527370Z Secret source: Actions
2022-12-27T11:05:44.6527690Z Prepare workflow directory
2022-12-27T11:05:44.7184850Z Prepare all required actions
2022-12-27T11:05:44.7306300Z Getting action download info
2022-12-27T11:05:45.1765390Z Download action repository 'actions/setup-python@v4' (SHA:5ccb29d8773c3f3f653e1705f474dfaa8a06a912)
2022-12-27T11:05:47.0004090Z Download action repository 'actions/upload-artifact@v3' (SHA:83fd05a356d7e2593de66fc9913b3002723633cb)
2022-12-27T11:05:48.3392200Z ##[group]Run echo '{
2022-12-27T11:05:48.3392540Z [36;1mecho '{[0m
2022-12-27T11:05:48.3392680Z [36;1m  "package_name": "lxml",[0m
2022-12-27T11:05:48.3392920Z [36;1m  "package_url": "https://files.pythonhosted.org/packages/e8/14/825a8cad1976a17143809c037061b33b124172510e49c602ed2dd5988721/lxml-1.3.tar.gz",[0m
2022-12-27T11:05:48.3393230Z [36;1m  "package_version": "1.3",[0m
2022-12-27T11:05:48.3393430Z [36;1m  "python_version": "3.11",[0m
2022-12-27T11:05:48.3393570Z [36;1m  "use_ccache": "true"[0m
2022-12-27T11:05:48.3393700Z [36;1m}'[0m
2022-12-27T11:05:48.3409290Z shell: /bin/bash -e {0}
2022-12-27T11:05:48.3409440Z ##[endgroup]
2022-12-27T11:05:48.3629170Z {
2022-12-27T11:05:48.3630540Z   "package_name": "lxml",
2022-12-27T11:05:48.3631220Z   "package_url": "https://files.pythonhosted.org/packages/e8/14/825a8cad1976a17143809c037061b33b124172510e49c602ed2dd5988721/lxml-1.3.tar.gz",
2022-12-27T11:05:48.3631510Z   "package_version": "1.3",
2022-12-27T11:05:48.3631730Z   "python_version": "3.11",
2022-12-27T11:05:48.3631920Z   "use_ccache": "true"
2022-12-27T11:05:48.3632120Z }
2022-12-27T11:05:48.3853540Z ##[group]Run actions/setup-python@v4
2022-12-27T11:05:48.3853770Z with:
2022-12-27T11:05:48.3853960Z   python-version: 3.11
2022-12-27T11:05:48.3854180Z   check-latest: false
2022-12-27T11:05:48.3854540Z   token: ***
2022-12-27T11:05:48.3854700Z   update-environment: true
2022-12-27T11:05:48.3854890Z ##[endgroup]
2022-12-27T11:05:48.5108130Z ##[group]Installed versions
2022-12-27T11:05:48.5147820Z Successfully set up CPython (3.11.1)
2022-12-27T11:05:48.5148550Z ##[endgroup]
2022-12-27T11:05:48.5296240Z ##[group]Run if [ "true" == "true" ]
2022-12-27T11:05:48.5296580Z [36;1mif [ "true" == "true" ][0m
2022-12-27T11:05:48.5296800Z [36;1mthen[0m
2022-12-27T11:05:48.5297040Z [36;1m  echo "CCACHE_PATH_PREPEND=/usr/local/opt/ccache/libexec" >> $GITHUB_OUTPUT[0m
2022-12-27T11:05:48.5297270Z [36;1melse[0m
2022-12-27T11:05:48.5297440Z [36;1m  echo "CCACHE_PATH_PREPEND=" >> $GITHUB_OUTPUT[0m
2022-12-27T11:05:48.5297640Z [36;1mfi[0m
2022-12-27T11:05:48.5315780Z shell: /bin/bash -e {0}
2022-12-27T11:05:48.5315970Z env:
2022-12-27T11:05:48.5316210Z   pythonLocation: /Users/runner/hostedtoolcache/Python/3.11.1/x64
2022-12-27T11:05:48.5316550Z   PKG_CONFIG_PATH: /Users/runner/hostedtoolcache/Python/3.11.1/x64/lib/pkgconfig
2022-12-27T11:05:48.5316820Z   Python_ROOT_DIR: /Users/runner/hostedtoolcache/Python/3.11.1/x64
2022-12-27T11:05:48.5317080Z   Python2_ROOT_DIR: /Users/runner/hostedtoolcache/Python/3.11.1/x64
2022-12-27T11:05:48.5317400Z   Python3_ROOT_DIR: /Users/runner/hostedtoolcache/Python/3.11.1/x64
2022-12-27T11:05:48.5318000Z ##[endgroup]
2022-12-27T11:05:48.5424520Z ##[group]Run echo "BUILD_NAME=$(echo lxml_1.3_3.11 | tr -dc '[:alnum:]\n\r' | tr '[:upper:]' '[:lower:]')" >> $GITHUB_OUTPUT
2022-12-27T11:05:48.5425080Z [36;1mecho "BUILD_NAME=$(echo lxml_1.3_3.11 | tr -dc '[:alnum:]\n\r' | tr '[:upper:]' '[:lower:]')" >> $GITHUB_OUTPUT[0m
2022-12-27T11:05:48.5440140Z shell: /bin/bash -e {0}
2022-12-27T11:05:48.5440310Z env:
2022-12-27T11:05:48.5440620Z   pythonLocation: /Users/runner/hostedtoolcache/Python/3.11.1/x64
2022-12-27T11:05:48.5440900Z   PKG_CONFIG_PATH: /Users/runner/hostedtoolcache/Python/3.11.1/x64/lib/pkgconfig
2022-12-27T11:05:48.5441160Z   Python_ROOT_DIR: /Users/runner/hostedtoolcache/Python/3.11.1/x64
2022-12-27T11:05:48.5441430Z   Python2_ROOT_DIR: /Users/runner/hostedtoolcache/Python/3.11.1/x64
2022-12-27T11:05:48.5441680Z   Python3_ROOT_DIR: /Users/runner/hostedtoolcache/Python/3.11.1/x64
2022-12-27T11:05:48.5441960Z ##[endgroup]
2022-12-27T11:05:48.5585740Z ##[group]Run echo "PYTHON_NO_DOTS=$(echo 3.11 | tr -dc '[:alnum:]\n\r' | tr '[:upper:]' '[:lower:]')" >> $GITHUB_OUTPUT
2022-12-27T11:05:48.5586170Z [36;1mecho "PYTHON_NO_DOTS=$(echo 3.11 | tr -dc '[:alnum:]\n\r' | tr '[:upper:]' '[:lower:]')" >> $GITHUB_OUTPUT[0m
2022-12-27T11:05:48.5601450Z shell: /bin/bash -e {0}
2022-12-27T11:05:48.5601610Z env:
2022-12-27T11:05:48.5601810Z   pythonLocation: /Users/runner/hostedtoolcache/Python/3.11.1/x64
2022-12-27T11:05:48.5602590Z   PKG_CONFIG_PATH: /Users/runner/hostedtoolcache/Python/3.11.1/x64/lib/pkgconfig
2022-12-27T11:05:48.5602880Z   Python_ROOT_DIR: /Users/runner/hostedtoolcache/Python/3.11.1/x64
2022-12-27T11:05:48.5603090Z   Python2_ROOT_DIR: /Users/runner/hostedtoolcache/Python/3.11.1/x64
2022-12-27T11:05:48.5603320Z   Python3_ROOT_DIR: /Users/runner/hostedtoolcache/Python/3.11.1/x64
2022-12-27T11:05:48.5603520Z ##[endgroup]
2022-12-27T11:05:48.5715380Z ##[group]Run rm -rf build_lxml13311
2022-12-27T11:05:48.5715790Z [36;1mrm -rf build_lxml13311[0m
2022-12-27T11:05:48.5715990Z [36;1mmkdir build_lxml13311[0m
2022-12-27T11:05:48.5716190Z [36;1mcd build_lxml13311[0m
2022-12-27T11:05:48.5716520Z [36;1m/usr/local/bin/wget --quiet https://files.pythonhosted.org/packages/e8/14/825a8cad1976a17143809c037061b33b124172510e49c602ed2dd5988721/lxml-1.3.tar.gz[0m
2022-12-27T11:05:48.5716810Z [36;1mtar xf *.tar.gz[0m
2022-12-27T11:05:48.5716950Z [36;1mcd *[0m
2022-12-27T11:05:48.5717150Z [36;1mpython -m pip install cibuildwheel==2.11.3[0m
2022-12-27T11:05:48.5717420Z [36;1mpython -m cibuildwheel --output-dir ../wheelsout[0m
2022-12-27T11:05:48.5732600Z shell: /bin/bash -e {0}
2022-12-27T11:05:48.5732770Z env:
2022-12-27T11:05:48.5732990Z   pythonLocation: /Users/runner/hostedtoolcache/Python/3.11.1/x64
2022-12-27T11:05:48.5733310Z   PKG_CONFIG_PATH: /Users/runner/hostedtoolcache/Python/3.11.1/x64/lib/pkgconfig
2022-12-27T11:05:48.5733600Z   Python_ROOT_DIR: /Users/runner/hostedtoolcache/Python/3.11.1/x64
2022-12-27T11:05:48.5733860Z   Python2_ROOT_DIR: /Users/runner/hostedtoolcache/Python/3.11.1/x64
2022-12-27T11:05:48.5734070Z   Python3_ROOT_DIR: /Users/runner/hostedtoolcache/Python/3.11.1/x64
2022-12-27T11:05:48.5734310Z   CIBW_ARCHS_MACOS: arm64
2022-12-27T11:05:48.5734500Z   CIBW_TEST_SKIP: *_arm64
2022-12-27T11:05:48.5734660Z   CIBW_BUILD: cp311-macosx_arm64
2022-12-27T11:05:48.5734840Z   CIBW_BUILD_FRONTEND: pip
2022-12-27T11:05:48.5735020Z   CIBW_BUILD_VERBOSITY: 3
2022-12-27T11:05:48.5735340Z   CIBW_ENVIRONMENT_MACOS:  CFLAGS="-I/usr/local/opt/openssl@3/include" LDFLAGS="-L/usr/local/opt/openssl@3/lib" CPPFLAGS="-I/usr/local/opt/openssl@3/include" MAKEFLAGS="-j$(sysctl -n hw.logicalcpu)" PATH=/usr/local/opt/ccache/libexec:$PATH
2022-12-27T11:05:48.5735740Z   CIBW_BEFORE_BUILD: pip install Cython; if [[ -f requirements.txt ]]; then pip install -r requirements.txt; fi
2022-12-27T11:05:48.5736000Z   MAKEFLAGS: -j$(sysctl -n hw.logicalcpu)
2022-12-27T11:05:48.5736190Z ##[endgroup]
2022-12-27T11:05:48.9133180Z Requirement already satisfied: cibuildwheel==2.11.3 in /Library/Frameworks/Python.framework/Versions/3.11/lib/python3.11/site-packages (2.11.3)
2022-12-27T11:05:48.9440550Z Requirement already satisfied: bashlex!=0.13 in /Library/Frameworks/Python.framework/Versions/3.11/lib/python3.11/site-packages (from cibuildwheel==2.11.3) (0.16)
2022-12-27T11:05:48.9447220Z Requirement already satisfied: bracex in /Library/Frameworks/Python.framework/Versions/3.11/lib/python3.11/site-packages (from cibuildwheel==2.11.3) (2.3.post1)
2022-12-27T11:05:48.9453700Z Requirement already satisfied: certifi in /Library/Frameworks/Python.framework/Versions/3.11/lib/python3.11/site-packages (from cibuildwheel==2.11.3) (2022.12.7)
2022-12-27T11:05:48.9460240Z Requirement already satisfied: filelock in /Library/Frameworks/Python.framework/Versions/3.11/lib/python3.11/site-packages (from cibuildwheel==2.11.3) (3.8.2)
2022-12-27T11:05:48.9469410Z Requirement already satisfied: packaging>=20.9 in /Library/Frameworks/Python.framework/Versions/3.11/lib/python3.11/site-packages (from cibuildwheel==2.11.3) (22.0)
2022-12-27T11:05:48.9477380Z Requirement already satisfied: platformdirs in /Library/Frameworks/Python.framework/Versions/3.11/lib/python3.11/site-packages (from cibuildwheel==2.11.3) (2.6.0)
2022-12-27T11:05:49.1693220Z 
2022-12-27T11:05:49.1693750Z      _ _       _ _   _       _           _
2022-12-27T11:05:49.1694310Z  ___|_| |_ _ _|_| |_| |_ _ _| |_ ___ ___| |
2022-12-27T11:05:49.1695920Z |  _| | . | | | | | . | | | |   | -_| -_| |
2022-12-27T11:05:49.1696270Z |___|_|___|___|_|_|___|_____|_|_|___|___|_|
2022-12-27T11:05:49.1696590Z 
2022-12-27T11:05:49.1696730Z cibuildwheel version 2.11.3
2022-12-27T11:05:49.1696900Z 
2022-12-27T11:05:49.1697020Z Build options:
2022-12-27T11:05:49.1697250Z   platform: macos
2022-12-27T11:05:49.1728080Z   architectures: arm64[0m
2022-12-27T11:05:49.1728460Z   build_selector: 
2022-12-27T11:05:49.1729640Z     build_config: cp311-macosx_arm64
2022-12-27T11:05:49.1730180Z     skip_config: 
2022-12-27T11:05:49.1730440Z     requires_python: None
2022-12-27T11:05:49.1730870Z     prerelease_pythons: False[0m
2022-12-27T11:05:49.1731320Z   [38;5;244mcontainer_engine: docker[0m
2022-12-27T11:05:49.1731940Z   output_dir: /Users/runner/actions-runner/_work/python.build/python.build/build_lxml13311/wheelsout[0m
2022-12-27T11:05:49.1732600Z   package_dir: /Users/runner/actions-runner/_work/python.build/python.build/build_lxml13311/lxml-1.3[0m
2022-12-27T11:05:49.1733210Z   test_selector: 
2022-12-27T11:05:49.1733610Z     skip_config: *_arm64[0m
2022-12-27T11:05:49.1733950Z   [38;5;244mbefore_all: [0m
2022-12-27T11:05:49.1734580Z   before_build: pip install Cython; if [[ -f requirements.txt ]]; then pip install -r requirements.txt; fi[0m
2022-12-27T11:05:49.1735230Z   [38;5;244mbefore_test: [0m
2022-12-27T11:05:49.1735570Z   [38;5;244mbuild_frontend: pip[0m
2022-12-27T11:05:49.1735930Z   build_verbosity: 3[0m
2022-12-27T11:05:49.1736310Z   [38;5;244mconfig_settings: [0m
2022-12-27T11:05:49.1736660Z   [38;5;244mdependency_constraints: pinned[0m
2022-12-27T11:05:49.1737140Z   environment: 
2022-12-27T11:05:49.1737550Z     CFLAGS="-I/usr/local/opt/openssl@3/include"
2022-12-27T11:05:49.1737920Z     LDFLAGS="-L/usr/local/opt/openssl@3/lib"
2022-12-27T11:05:49.1738340Z     CPPFLAGS="-I/usr/local/opt/openssl@3/include"
2022-12-27T11:05:49.1738960Z     MAKEFLAGS="-j$(sysctl -n hw.logicalcpu)"
2022-12-27T11:05:49.1739410Z     PATH=/usr/local/opt/ccache/libexec:$PATH[0m
2022-12-27T11:05:49.1739770Z   [38;5;244mmanylinux_images: None[0m
2022-12-27T11:05:49.1740150Z   [38;5;244mmusllinux_images: None[0m
2022-12-27T11:05:49.1740670Z   [38;5;244mrepair_command: delocate-wheel --require-archs {delocate_archs} -w {dest_dir} -v {wheel}[0m
2022-12-27T11:05:49.1741210Z   [38;5;244mtest_command: [0m
2022-12-27T11:05:49.1741590Z   [38;5;244mtest_extras: [0m
2022-12-27T11:05:49.1741950Z   [38;5;244mtest_requires: [0m
2022-12-27T11:05:49.1742130Z 
2022-12-27T11:05:49.1742250Z Cache folder: /Users/runner/Library/Caches/cibuildwheel
2022-12-27T11:05:49.1743100Z 
2022-12-27T11:05:49.1743350Z Here we go!
2022-12-27T11:05:49.1743890Z 
2022-12-27T11:05:49.1790660Z 
2022-12-27T11:05:49.1791400Z [1m[34mBuilding cp311-macosx_arm64 wheel[0m
2022-12-27T11:05:49.1791810Z CPython 3.11 macOS arm64 - Apple Silicon
2022-12-27T11:05:49.1791970Z 
2022-12-27T11:05:49.1793660Z ##[group]Installing Python cp311...
2022-12-27T11:05:49.1793870Z 
2022-12-27T11:05:49.1794360Z + pkgutil --pkgs
2022-12-27T11:05:49.1893530Z ##[endgroup]
2022-12-27T11:05:49.1894510Z                                                               [32m✓ [0m0.01s
2022-12-27T11:05:49.1894980Z ##[group]Setting up build environment...
2022-12-27T11:05:49.1895110Z 
2022-12-27T11:05:49.1911460Z + /Library/Frameworks/Python.framework/Versions/3.11/bin/python -sS /Users/runner/Library/Caches/cibuildwheel/virtualenv-20.17.0.pyz --activators= --no-periodic-update --pip=22.3.1 --setuptools=65.6.3 --wheel=0.38.4 --symlink-app-data --python /Library/Frameworks/Python.framework/Versions/3.11/bin/python3 /private/var/folders/51/hd414ycd67n82196sw51xqtc0000gn/T/cibw-run-3wvxk9in/cp311-macosx_arm64/build/venv
2022-12-27T11:05:49.3803470Z created virtual environment CPython3.11.1.final.0-64 in 48ms
2022-12-27T11:05:49.3804100Z   creator CPython3Posix(dest=/private/var/folders/51/hd414ycd67n82196sw51xqtc0000gn/T/cibw-run-3wvxk9in/cp311-macosx_arm64/build/venv, clear=False, no_vcs_ignore=False, global=False)
2022-12-27T11:05:49.3804520Z   seeder FromAppData(download=False, pip=22.3.1, setuptools=65.6.3, wheel=0.38.4, via=symlink, app_data_dir=/Users/runner/Library/Application Support/virtualenv)
2022-12-27T11:05:49.3804840Z     added seed packages: pip==22.3.1, setuptools==65.6.3, wheel==0.38.4
2022-12-27T11:05:49.3935220Z + python -m pip install --upgrade pip -c /Library/Frameworks/Python.framework/Versions/3.11/lib/python3.11/site-packages/cibuildwheel/resources/constraints-python311.txt
2022-12-27T11:05:49.6702230Z Requirement already satisfied: pip in ./lib/python3.11/site-packages (22.3.1)
2022-12-27T11:05:49.8036680Z + which pip
2022-12-27T11:05:49.8053220Z /private/var/folders/51/hd414ycd67n82196sw51xqtc0000gn/T/cibw-run-3wvxk9in/cp311-macosx_arm64/build/venv/bin/pip
2022-12-27T11:05:49.8055300Z + pip --version
2022-12-27T11:05:50.0085710Z pip 22.3.1 from /private/var/folders/51/hd414ycd67n82196sw51xqtc0000gn/T/cibw-run-3wvxk9in/cp311-macosx_arm64/build/venv/lib/python3.11/site-packages/pip (python 3.11)
2022-12-27T11:05:50.0326160Z + which pip
2022-12-27T11:05:50.0351160Z + which python
2022-12-27T11:05:50.0367270Z /private/var/folders/51/hd414ycd67n82196sw51xqtc0000gn/T/cibw-run-3wvxk9in/cp311-macosx_arm64/build/venv/bin/python
2022-12-27T11:05:50.0370130Z + python --version
2022-12-27T11:05:50.0425900Z Python 3.11.1
2022-12-27T11:05:50.0428650Z + which python
2022-12-27T11:05:50.0478630Z ##[endgroup]
2022-12-27T11:05:50.0479300Z                                                               [32m✓ [0m0.86s
2022-12-27T11:05:50.0479740Z ##[group]Installing build tools...
2022-12-27T11:05:50.0479900Z 
2022-12-27T11:05:50.0480300Z + pip install --upgrade setuptools wheel delocate -c /Library/Frameworks/Python.framework/Versions/3.11/lib/python3.11/site-packages/cibuildwheel/resources/constraints-python311.txt
2022-12-27T11:05:50.3194020Z Requirement already satisfied: setuptools in /private/var/folders/51/hd414ycd67n82196sw51xqtc0000gn/T/cibw-run-3wvxk9in/cp311-macosx_arm64/build/venv/lib/python3.11/site-packages (65.6.3)
2022-12-27T11:05:50.4984710Z Requirement already satisfied: wheel in /private/var/folders/51/hd414ycd67n82196sw51xqtc0000gn/T/cibw-run-3wvxk9in/cp311-macosx_arm64/build/venv/lib/python3.11/site-packages (0.38.4)
2022-12-27T11:05:50.5383540Z Collecting delocate
2022-12-27T11:05:50.5406400Z   Using cached delocate-0.10.3-py3-none-any.whl (142 kB)
2022-12-27T11:05:50.5671550Z Collecting packaging>=20.9
2022-12-27T11:05:50.5689910Z   Using cached packaging-21.3-py3-none-any.whl (40 kB)
2022-12-27T11:05:50.5843670Z Collecting typing-extensions
2022-12-27T11:05:50.5861370Z   Using cached typing_extensions-4.4.0-py3-none-any.whl (26 kB)
2022-12-27T11:05:50.6183770Z Collecting pyparsing!=3.0.5,>=2.0.2
2022-12-27T11:05:50.6201200Z   Using cached pyparsing-3.0.9-py3-none-any.whl (98 kB)
2022-12-27T11:05:50.6775260Z Installing collected packages: typing-extensions, pyparsing, packaging, delocate
2022-12-27T11:05:50.8094980Z Successfully installed delocate-0.10.3 packaging-21.3 pyparsing-3.0.9 typing-extensions-4.4.0
2022-12-27T11:05:50.8550250Z ##[endgroup]
2022-12-27T11:05:50.8550880Z                                                               [32m✓ [0m0.81s
2022-12-27T11:05:50.8551330Z ##[group]Running before_build...
2022-12-27T11:05:50.8551550Z 
2022-12-27T11:05:50.8556010Z + pip install Cython; if [[ -f requirements.txt ]]; then pip install -r requirements.txt; fi
2022-12-27T11:05:51.4373230Z Collecting Cython
2022-12-27T11:05:51.4418410Z   Using cached Cython-0.29.32-py2.py3-none-any.whl (986 kB)
2022-12-27T11:05:51.4835110Z Installing collected packages: Cython
2022-12-27T11:05:51.8930610Z Successfully installed Cython-0.29.32
2022-12-27T11:05:51.9371040Z ##[endgroup]
2022-12-27T11:05:51.9371600Z                                                               [32m✓ [0m1.08s
2022-12-27T11:05:51.9372040Z ##[group]Building wheel...
2022-12-27T11:05:51.9372170Z 
2022-12-27T11:05:51.9376800Z + python -m pip wheel /Users/runner/actions-runner/_work/python.build/python.build/build_lxml13311/lxml-1.3 --wheel-dir=/private/var/folders/51/hd414ycd67n82196sw51xqtc0000gn/T/cibw-run-3wvxk9in/cp311-macosx_arm64/built_wheel --no-deps -vvv
2022-12-27T11:05:52.1916570Z Created temporary directory: /private/var/folders/51/hd414ycd67n82196sw51xqtc0000gn/T/pip-ephem-wheel-cache-eqymr2x6
2022-12-27T11:05:52.1920180Z Created temporary directory: /private/var/folders/51/hd414ycd67n82196sw51xqtc0000gn/T/pip-build-tracker-yxmneo0y
2022-12-27T11:05:52.1922110Z Initialized build tracking at /private/var/folders/51/hd414ycd67n82196sw51xqtc0000gn/T/pip-build-tracker-yxmneo0y
2022-12-27T11:05:52.1923370Z Created build tracker: /private/var/folders/51/hd414ycd67n82196sw51xqtc0000gn/T/pip-build-tracker-yxmneo0y
2022-12-27T11:05:52.1924600Z Entered build tracker: /private/var/folders/51/hd414ycd67n82196sw51xqtc0000gn/T/pip-build-tracker-yxmneo0y
2022-12-27T11:05:52.1927590Z Created temporary directory: /private/var/folders/51/hd414ycd67n82196sw51xqtc0000gn/T/pip-wheel-0r8h0a_a
2022-12-27T11:05:52.1932770Z Created temporary directory: /private/var/folders/51/hd414ycd67n82196sw51xqtc0000gn/T/pip-ephem-wheel-cache-d5t9ownh
2022-12-27T11:05:52.2010100Z Processing /Users/runner/actions-runner/_work/python.build/python.build/build_lxml13311/lxml-1.3
2022-12-27T11:05:52.2015050Z   Added file:///Users/runner/actions-runner/_work/python.build/python.build/build_lxml13311/lxml-1.3 to build tracker '/private/var/folders/51/hd414ycd67n82196sw51xqtc0000gn/T/pip-build-tracker-yxmneo0y'
2022-12-27T11:05:52.2018060Z   Running setup.py (path:/Users/runner/actions-runner/_work/python.build/python.build/build_lxml13311/lxml-1.3/setup.py) egg_info for package from file:///Users/runner/actions-runner/_work/python.build/python.build/build_lxml13311/lxml-1.3
2022-12-27T11:05:52.2020910Z   Created temporary directory: /private/var/folders/51/hd414ycd67n82196sw51xqtc0000gn/T/pip-pip-egg-info-zbpgm829
2022-12-27T11:05:52.2021860Z   Preparing metadata (setup.py): started
2022-12-27T11:05:52.2023320Z   Running command python setup.py egg_info
2022-12-27T11:05:52.3412450Z   Traceback (most recent call last):
2022-12-27T11:05:52.3421260Z     File "<string>", line 2, in <module>
2022-12-27T11:05:52.3421970Z     File "<pip-setuptools-caller>", line 34, in <module>
2022-12-27T11:05:52.3422530Z     File "/Users/runner/actions-runner/_work/python.build/python.build/build_lxml13311/lxml-1.3/setup.py", line 25
2022-12-27T11:05:52.3422890Z       print "Building lxml version", svn_version
2022-12-27T11:05:52.3423220Z       ^^^^^^^^^^^^^^^^^^^^^^^^^^^^^^^^^^^^^^^^^^
2022-12-27T11:05:52.3423550Z   SyntaxError: Missing parentheses in call to 'print'. Did you mean print(...)?
2022-12-27T11:05:52.3731330Z   error: subprocess-exited-with-error
2022-12-27T11:05:52.3732330Z   
2022-12-27T11:05:52.3732730Z   × python setup.py egg_info did not run successfully.
2022-12-27T11:05:52.3733030Z   │ exit code: 1
2022-12-27T11:05:52.3733310Z   ╰─> See above for output.
2022-12-27T11:05:52.3733520Z   
2022-12-27T11:05:52.3733810Z   note: This error originates from a subprocess, and is likely not a problem with pip.
2022-12-27T11:05:52.3737780Z   full command: /private/var/folders/51/hd414ycd67n82196sw51xqtc0000gn/T/cibw-run-3wvxk9in/cp311-macosx_arm64/build/venv/bin/python -c '
2022-12-27T11:05:52.3738250Z   exec(compile('"'"''"'"''"'"'
2022-12-27T11:05:52.3738620Z   # This is <pip-setuptools-caller> -- a caller that pip uses to run setup.py
2022-12-27T11:05:52.3738850Z   #
2022-12-27T11:05:52.3739370Z   # - It imports setuptools before invoking setup.py, to enable projects that directly
2022-12-27T11:05:52.3740060Z   #   import from `distutils.core` to work with newer packaging standards.
2022-12-27T11:05:52.3740730Z   # - It provides a clear error message when setuptools is not installed.
2022-12-27T11:05:52.3741520Z   # - It sets `sys.argv[0]` to the underlying `setup.py`, when invoking `setup.py` so
2022-12-27T11:05:52.3742200Z   #   setuptools doesn'"'"'t think the script is `-c`. This avoids the following warning:
2022-12-27T11:05:52.3742820Z   #     manifest_maker: standard file '"'"'-c'"'"' not found".
2022-12-27T11:05:52.3743530Z   # - It generates a shim setup.py, for handling setup.cfg-only projects.
2022-12-27T11:05:52.3743950Z   import os, sys, tokenize
2022-12-27T11:05:52.3744260Z   
2022-12-27T11:05:52.3744450Z   try:
2022-12-27T11:05:52.3744700Z       import setuptools
2022-12-27T11:05:52.3745130Z   except ImportError as error:
2022-12-27T11:05:52.3745360Z       print(
2022-12-27T11:05:52.3745690Z           "ERROR: Can not execute `setup.py` since setuptools is not available in "
2022-12-27T11:05:52.3746320Z           "the build environment.",
2022-12-27T11:05:52.3746790Z           file=sys.stderr,
2022-12-27T11:05:52.3747080Z       )
2022-12-27T11:05:52.3747340Z       sys.exit(1)
2022-12-27T11:05:52.3747580Z   
2022-12-27T11:05:52.3747770Z   __file__ = %r
2022-12-27T11:05:52.3748200Z   sys.argv[0] = __file__
2022-12-27T11:05:52.3748460Z   
2022-12-27T11:05:52.3748680Z   if os.path.exists(__file__):
2022-12-27T11:05:52.3748950Z       filename = __file__
2022-12-27T11:05:52.3749250Z       with tokenize.open(__file__) as f:
2022-12-27T11:05:52.3749650Z           setup_py_code = f.read()
2022-12-27T11:05:52.3749920Z   else:
2022-12-27T11:05:52.3750340Z       filename = "<auto-generated setuptools caller>"
2022-12-27T11:05:52.3750640Z       setup_py_code = "from setuptools import setup; setup()"
2022-12-27T11:05:52.3750940Z   
2022-12-27T11:05:52.3751350Z   exec(compile(setup_py_code, filename, "exec"))
2022-12-27T11:05:52.3752120Z   '"'"''"'"''"'"' % ('"'"'/Users/runner/actions-runner/_work/python.build/python.build/build_lxml13311/lxml-1.3/setup.py'"'"',), "<pip-setuptools-caller>", "exec"))' egg_info --egg-base /private/var/folders/51/hd414ycd67n82196sw51xqtc0000gn/T/pip-pip-egg-info-zbpgm829
2022-12-27T11:05:52.3752870Z   cwd: /Users/runner/actions-runner/_work/python.build/python.build/build_lxml13311/lxml-1.3/
2022-12-27T11:05:52.3753380Z   Preparing metadata (setup.py): finished with status 'error'
2022-12-27T11:05:52.3753980Z error: metadata-generation-failed
2022-12-27T11:05:52.3754180Z 
2022-12-27T11:05:52.3754410Z × Encountered error while generating package metadata.
2022-12-27T11:05:52.3754820Z ╰─> See above for output.
2022-12-27T11:05:52.3754990Z 
2022-12-27T11:05:52.3755160Z note: This is an issue with the package mentioned above, not pip.
2022-12-27T11:05:52.3755490Z hint: See above for details.
2022-12-27T11:05:52.3781600Z Exception information:
2022-12-27T11:05:52.3781870Z Traceback (most recent call last):
2022-12-27T11:05:52.3782630Z   File "/private/var/folders/51/hd414ycd67n82196sw51xqtc0000gn/T/cibw-run-3wvxk9in/cp311-macosx_arm64/build/venv/lib/python3.11/site-packages/pip/_internal/operations/build/metadata_legacy.py", line 64, in generate_metadata
2022-12-27T11:05:52.3783670Z     call_subprocess(
2022-12-27T11:05:52.3784320Z   File "/private/var/folders/51/hd414ycd67n82196sw51xqtc0000gn/T/cibw-run-3wvxk9in/cp311-macosx_arm64/build/venv/lib/python3.11/site-packages/pip/_internal/utils/subprocess.py", line 224, in call_subprocess
2022-12-27T11:05:52.3784640Z     raise error
2022-12-27T11:05:52.3784970Z pip._internal.exceptions.InstallationSubprocessError: python setup.py egg_info exited with 1
2022-12-27T11:05:52.3785190Z 
2022-12-27T11:05:52.3785500Z The above exception was the direct cause of the following exception:
2022-12-27T11:05:52.3785670Z 
2022-12-27T11:05:52.3785780Z Traceback (most recent call last):
2022-12-27T11:05:52.3786790Z   File "/private/var/folders/51/hd414ycd67n82196sw51xqtc0000gn/T/cibw-run-3wvxk9in/cp311-macosx_arm64/build/venv/lib/python3.11/site-packages/pip/_internal/cli/base_command.py", line 160, in exc_logging_wrapper
2022-12-27T11:05:52.3787630Z     status = run_func(*args)
2022-12-27T11:05:52.3788010Z              ^^^^^^^^^^^^^^^
2022-12-27T11:05:52.3788960Z   File "/private/var/folders/51/hd414ycd67n82196sw51xqtc0000gn/T/cibw-run-3wvxk9in/cp311-macosx_arm64/build/venv/lib/python3.11/site-packages/pip/_internal/cli/req_command.py", line 247, in wrapper
2022-12-27T11:05:52.3789550Z     return func(self, options, args)
2022-12-27T11:05:52.3790050Z            ^^^^^^^^^^^^^^^^^^^^^^^^^
2022-12-27T11:05:52.3791230Z   File "/private/var/folders/51/hd414ycd67n82196sw51xqtc0000gn/T/cibw-run-3wvxk9in/cp311-macosx_arm64/build/venv/lib/python3.11/site-packages/pip/_internal/commands/wheel.py", line 170, in run
2022-12-27T11:05:52.3791810Z     requirement_set = resolver.resolve(reqs, check_supported_wheels=True)
2022-12-27T11:05:52.3792230Z                       ^^^^^^^^^^^^^^^^^^^^^^^^^^^^^^^^^^^^^^^^^^^^^^^^^^^
2022-12-27T11:05:52.3793610Z   File "/private/var/folders/51/hd414ycd67n82196sw51xqtc0000gn/T/cibw-run-3wvxk9in/cp311-macosx_arm64/build/venv/lib/python3.11/site-packages/pip/_internal/resolution/resolvelib/resolver.py", line 73, in resolve
2022-12-27T11:05:52.3794290Z     collected = self.factory.collect_root_requirements(root_reqs)
2022-12-27T11:05:52.3794590Z                 ^^^^^^^^^^^^^^^^^^^^^^^^^^^^^^^^^^^^^^^^^^^^^^^^^
2022-12-27T11:05:52.3795380Z   File "/private/var/folders/51/hd414ycd67n82196sw51xqtc0000gn/T/cibw-run-3wvxk9in/cp311-macosx_arm64/build/venv/lib/python3.11/site-packages/pip/_internal/resolution/resolvelib/factory.py", line 491, in collect_root_requirements
2022-12-27T11:05:52.3795900Z     req = self._make_requirement_from_install_req(
2022-12-27T11:05:52.3796370Z           ^^^^^^^^^^^^^^^^^^^^^^^^^^^^^^^^^^^^^^^^
2022-12-27T11:05:52.3797200Z   File "/private/var/folders/51/hd414ycd67n82196sw51xqtc0000gn/T/cibw-run-3wvxk9in/cp311-macosx_arm64/build/venv/lib/python3.11/site-packages/pip/_internal/resolution/resolvelib/factory.py", line 453, in _make_requirement_from_install_req
2022-12-27T11:05:52.3797740Z     cand = self._make_candidate_from_link(
2022-12-27T11:05:52.3798040Z            ^^^^^^^^^^^^^^^^^^^^^^^^^^^^^^^
2022-12-27T11:05:52.3799110Z   File "/private/var/folders/51/hd414ycd67n82196sw51xqtc0000gn/T/cibw-run-3wvxk9in/cp311-macosx_arm64/build/venv/lib/python3.11/site-packages/pip/_internal/resolution/resolvelib/factory.py", line 206, in _make_candidate_from_link
2022-12-27T11:05:52.3799660Z     self._link_candidate_cache[link] = LinkCandidate(
2022-12-27T11:05:52.3799940Z                                        ^^^^^^^^^^^^^^
2022-12-27T11:05:52.3800680Z   File "/private/var/folders/51/hd414ycd67n82196sw51xqtc0000gn/T/cibw-run-3wvxk9in/cp311-macosx_arm64/build/venv/lib/python3.11/site-packages/pip/_internal/resolution/resolvelib/candidates.py", line 297, in __init__
2022-12-27T11:05:52.3801200Z     super().__init__(
2022-12-27T11:05:52.3802030Z   File "/private/var/folders/51/hd414ycd67n82196sw51xqtc0000gn/T/cibw-run-3wvxk9in/cp311-macosx_arm64/build/venv/lib/python3.11/site-packages/pip/_internal/resolution/resolvelib/candidates.py", line 162, in __init__
2022-12-27T11:05:52.3802510Z     self.dist = self._prepare()
2022-12-27T11:05:52.3803000Z                 ^^^^^^^^^^^^^^^
2022-12-27T11:05:52.3803750Z   File "/private/var/folders/51/hd414ycd67n82196sw51xqtc0000gn/T/cibw-run-3wvxk9in/cp311-macosx_arm64/build/venv/lib/python3.11/site-packages/pip/_internal/resolution/resolvelib/candidates.py", line 231, in _prepare
2022-12-27T11:05:52.3804360Z     dist = self._prepare_distribution()
2022-12-27T11:05:52.3804670Z            ^^^^^^^^^^^^^^^^^^^^^^^^^^^^
2022-12-27T11:05:52.3805320Z   File "/private/var/folders/51/hd414ycd67n82196sw51xqtc0000gn/T/cibw-run-3wvxk9in/cp311-macosx_arm64/build/venv/lib/python3.11/site-packages/pip/_internal/resolution/resolvelib/candidates.py", line 308, in _prepare_distribution
2022-12-27T11:05:52.3805720Z     return preparer.prepare_linked_requirement(self._ireq, parallel_builds=True)
2022-12-27T11:05:52.3805970Z            ^^^^^^^^^^^^^^^^^^^^^^^^^^^^^^^^^^^^^^^^^^^^^^^^^^^^^^^^^^^^^^^^^^^^^
2022-12-27T11:05:52.3806560Z   File "/private/var/folders/51/hd414ycd67n82196sw51xqtc0000gn/T/cibw-run-3wvxk9in/cp311-macosx_arm64/build/venv/lib/python3.11/site-packages/pip/_internal/operations/prepare.py", line 491, in prepare_linked_requirement
2022-12-27T11:05:52.3806960Z     return self._prepare_linked_requirement(req, parallel_builds)
2022-12-27T11:05:52.3807150Z            ^^^^^^^^^^^^^^^^^^^^^^^^^^^^^^^^^^^^^^^^^^^^^^^^^^^^^^
2022-12-27T11:05:52.3807620Z   File "/private/var/folders/51/hd414ycd67n82196sw51xqtc0000gn/T/cibw-run-3wvxk9in/cp311-macosx_arm64/build/venv/lib/python3.11/site-packages/pip/_internal/operations/prepare.py", line 577, in _prepare_linked_requirement
2022-12-27T11:05:52.3808020Z     dist = _get_prepared_distribution(
2022-12-27T11:05:52.3808230Z            ^^^^^^^^^^^^^^^^^^^^^^^^^^^
2022-12-27T11:05:52.3808830Z   File "/private/var/folders/51/hd414ycd67n82196sw51xqtc0000gn/T/cibw-run-3wvxk9in/cp311-macosx_arm64/build/venv/lib/python3.11/site-packages/pip/_internal/operations/prepare.py", line 69, in _get_prepared_distribution
2022-12-27T11:05:52.3809210Z     abstract_dist.prepare_distribution_metadata(
2022-12-27T11:05:52.3809720Z   File "/private/var/folders/51/hd414ycd67n82196sw51xqtc0000gn/T/cibw-run-3wvxk9in/cp311-macosx_arm64/build/venv/lib/python3.11/site-packages/pip/_internal/distributions/sdist.py", line 61, in prepare_distribution_metadata
2022-12-27T11:05:52.3810130Z     self.req.prepare_metadata()
2022-12-27T11:05:52.3810580Z   File "/private/var/folders/51/hd414ycd67n82196sw51xqtc0000gn/T/cibw-run-3wvxk9in/cp311-macosx_arm64/build/venv/lib/python3.11/site-packages/pip/_internal/req/req_install.py", line 541, in prepare_metadata
2022-12-27T11:05:52.3810920Z     self.metadata_directory = generate_metadata_legacy(
2022-12-27T11:05:52.3811100Z                               ^^^^^^^^^^^^^^^^^^^^^^^^^
2022-12-27T11:05:52.3811630Z   File "/private/var/folders/51/hd414ycd67n82196sw51xqtc0000gn/T/cibw-run-3wvxk9in/cp311-macosx_arm64/build/venv/lib/python3.11/site-packages/pip/_internal/operations/build/metadata_legacy.py", line 71, in generate_metadata
2022-12-27T11:05:52.3812010Z     raise MetadataGenerationFailed(package_details=details) from error
2022-12-27T11:05:52.3812310Z pip._internal.exceptions.MetadataGenerationFailed: metadata generation failed
2022-12-27T11:05:52.3812780Z Removed file:///Users/runner/actions-runner/_work/python.build/python.build/build_lxml13311/lxml-1.3 from build tracker '/private/var/folders/51/hd414ycd67n82196sw51xqtc0000gn/T/pip-build-tracker-yxmneo0y'
2022-12-27T11:05:52.3813230Z Removed build tracker: '/private/var/folders/51/hd414ycd67n82196sw51xqtc0000gn/T/pip-build-tracker-yxmneo0y'
2022-12-27T11:05:52.4144860Z ##[endgroup]
2022-12-27T11:05:52.4169500Z ##[error]Command ['python', '-m', 'pip', 'wheel', '/Users/runner/actions-runner/_work/python.build/python.build/build_lxml13311/lxml-1.3', '--wheel-dir=/private/var/folders/51/hd414ycd67n82196sw51xqtc0000gn/T/cibw-run-3wvxk9in/cp311-macosx_arm64/built_wheel', '--no-deps', '-vvv'] failed with code 1. None
2022-12-27T11:05:52.4175930Z 
2022-12-27T11:05:52.4176220Z                                                               [31m✕ [0m0.48s
2022-12-27T11:05:52.4622390Z ##[error]Process completed with exit code 1.
2022-12-27T11:05:52.4714190Z ##[group]Run rm -rf build_lxml13311 wheelsout
2022-12-27T11:05:52.4714440Z [36;1mrm -rf build_lxml13311 wheelsout[0m
2022-12-27T11:05:52.4730820Z shell: /bin/bash -e {0}
2022-12-27T11:05:52.4730960Z env:
2022-12-27T11:05:52.4731150Z   pythonLocation: /Users/runner/hostedtoolcache/Python/3.11.1/x64
2022-12-27T11:05:52.4731400Z   PKG_CONFIG_PATH: /Users/runner/hostedtoolcache/Python/3.11.1/x64/lib/pkgconfig
2022-12-27T11:05:52.4731600Z   Python_ROOT_DIR: /Users/runner/hostedtoolcache/Python/3.11.1/x64
2022-12-27T11:05:52.4731810Z   Python2_ROOT_DIR: /Users/runner/hostedtoolcache/Python/3.11.1/x64
2022-12-27T11:05:52.4732010Z   Python3_ROOT_DIR: /Users/runner/hostedtoolcache/Python/3.11.1/x64
2022-12-27T11:05:52.4732150Z ##[endgroup]
2022-12-27T11:05:52.5030410Z Cleaning up orphan processes
