2022-12-27T07:28:37.2372287Z Requested labels: self-hosted, macOS, X64
2022-12-27T07:28:37.2372355Z Job defined at: kilnbuild/python.build/.github/workflows/mac_arm_build.yml@refs/heads/main
2022-12-27T07:28:37.2372380Z Waiting for a runner to pick up this job...
2022-12-27T10:51:50.9190770Z Job is about to start running on the runner: s1 (organization)
2022-12-27T10:51:53.6738720Z Current runner version: '2.300.2'
2022-12-27T10:51:53.6743820Z Runner name: 's1'
2022-12-27T10:51:53.6744070Z Runner group name: 'Default'
2022-12-27T10:51:53.6744500Z Machine name: 's1'
2022-12-27T10:51:53.6746040Z ##[group]GITHUB_TOKEN Permissions
2022-12-27T10:51:53.6746470Z Actions: write
2022-12-27T10:51:53.6746610Z Checks: write
2022-12-27T10:51:53.6746740Z Contents: write
2022-12-27T10:51:53.6746870Z Deployments: write
2022-12-27T10:51:53.6747010Z Discussions: write
2022-12-27T10:51:53.6747140Z Issues: write
2022-12-27T10:51:53.6747270Z Metadata: read
2022-12-27T10:51:53.6747400Z Packages: write
2022-12-27T10:51:53.6747540Z Pages: write
2022-12-27T10:51:53.6747670Z PullRequests: write
2022-12-27T10:51:53.6747840Z RepositoryProjects: write
2022-12-27T10:51:53.6748000Z SecurityEvents: write
2022-12-27T10:51:53.6748130Z Statuses: write
2022-12-27T10:51:53.6748260Z ##[endgroup]
2022-12-27T10:51:53.6750720Z Secret source: Actions
2022-12-27T10:51:53.6751040Z Prepare workflow directory
2022-12-27T10:51:53.7407870Z Prepare all required actions
2022-12-27T10:51:53.7531300Z Getting action download info
2022-12-27T10:51:54.2023050Z Download action repository 'actions/setup-python@v4' (SHA:5ccb29d8773c3f3f653e1705f474dfaa8a06a912)
2022-12-27T10:51:55.9546450Z Download action repository 'actions/upload-artifact@v3' (SHA:83fd05a356d7e2593de66fc9913b3002723633cb)
2022-12-27T10:51:57.2743960Z ##[group]Run echo '{
2022-12-27T10:51:57.2744210Z [36;1mecho '{[0m
2022-12-27T10:51:57.2744450Z [36;1m  "environment_variables": "GRPC_PYTHON_BUILD_WITH_CYTHON=1 GRPC_BUILD_WITH_BORING_SSL_ASM='' GRPC_PYTHON_BUILD_SYSTEM_OPENSSL=TRUE",[0m
2022-12-27T10:51:57.2744680Z [36;1m  "package_name": "grpcio-tools",[0m
2022-12-27T10:51:57.2744950Z [36;1m  "package_url": "https://files.pythonhosted.org/packages/f0/18/8ace4beaf76c4447bb456d6718ab46d04237d0c94842489d6e2e1496a68a/grpcio-tools-1.41.0.tar.gz",[0m
2022-12-27T10:51:57.2745180Z [36;1m  "package_version": "1.41.0",[0m
2022-12-27T10:51:57.2745300Z [36;1m  "python_version": "3.7",[0m
2022-12-27T10:51:57.2745430Z [36;1m  "use_ccache": "true"[0m
2022-12-27T10:51:57.2745540Z [36;1m}'[0m
2022-12-27T10:51:57.2761190Z shell: /bin/bash -e {0}
2022-12-27T10:51:57.2761450Z ##[endgroup]
2022-12-27T10:51:57.2977360Z {
2022-12-27T10:51:57.2979160Z   "environment_variables": "GRPC_PYTHON_BUILD_WITH_CYTHON=1 GRPC_BUILD_WITH_BORING_SSL_ASM= GRPC_PYTHON_BUILD_SYSTEM_OPENSSL=TRUE",
2022-12-27T10:51:57.2979740Z   "package_name": "grpcio-tools",
2022-12-27T10:51:57.2980190Z   "package_url": "https://files.pythonhosted.org/packages/f0/18/8ace4beaf76c4447bb456d6718ab46d04237d0c94842489d6e2e1496a68a/grpcio-tools-1.41.0.tar.gz",
2022-12-27T10:51:57.2980490Z   "package_version": "1.41.0",
2022-12-27T10:51:57.2980640Z   "python_version": "3.7",
2022-12-27T10:51:57.2980830Z   "use_ccache": "true"
2022-12-27T10:51:57.2981030Z }
2022-12-27T10:51:57.3197520Z ##[group]Run actions/setup-python@v4
2022-12-27T10:51:57.3197850Z with:
2022-12-27T10:51:57.3198040Z   python-version: 3.7
2022-12-27T10:51:57.3198230Z   check-latest: false
2022-12-27T10:51:57.3198600Z   token: ***
2022-12-27T10:51:57.3198800Z   update-environment: true
2022-12-27T10:51:57.3198990Z ##[endgroup]
2022-12-27T10:51:57.4461830Z ##[group]Installed versions
2022-12-27T10:51:57.4503380Z Successfully set up CPython (3.7.15)
2022-12-27T10:51:57.4504270Z ##[endgroup]
2022-12-27T10:51:57.4657450Z ##[group]Run if [ "true" == "true" ]
2022-12-27T10:51:57.4657740Z [36;1mif [ "true" == "true" ][0m
2022-12-27T10:51:57.4657940Z [36;1mthen[0m
2022-12-27T10:51:57.4658210Z [36;1m  echo "CCACHE_PATH_PREPEND=/usr/local/opt/ccache/libexec" >> $GITHUB_OUTPUT[0m
2022-12-27T10:51:57.4658390Z [36;1melse[0m
2022-12-27T10:51:57.4658630Z [36;1m  echo "CCACHE_PATH_PREPEND=" >> $GITHUB_OUTPUT[0m
2022-12-27T10:51:57.4658790Z [36;1mfi[0m
2022-12-27T10:51:57.4675920Z shell: /bin/bash -e {0}
2022-12-27T10:51:57.4676150Z env:
2022-12-27T10:51:57.4676390Z   pythonLocation: /Users/runner/hostedtoolcache/Python/3.7.15/x64
2022-12-27T10:51:57.4676640Z   PKG_CONFIG_PATH: /Users/runner/hostedtoolcache/Python/3.7.15/x64/lib/pkgconfig
2022-12-27T10:51:57.4677260Z   Python_ROOT_DIR: /Users/runner/hostedtoolcache/Python/3.7.15/x64
2022-12-27T10:51:57.4677530Z   Python2_ROOT_DIR: /Users/runner/hostedtoolcache/Python/3.7.15/x64
2022-12-27T10:51:57.4677860Z   Python3_ROOT_DIR: /Users/runner/hostedtoolcache/Python/3.7.15/x64
2022-12-27T10:51:57.4678080Z ##[endgroup]
2022-12-27T10:51:57.4783550Z ##[group]Run echo "BUILD_NAME=$(echo grpcio-tools_1.41.0_3.7 | tr -dc '[:alnum:]\n\r' | tr '[:upper:]' '[:lower:]')" >> $GITHUB_OUTPUT
2022-12-27T10:51:57.4783970Z [36;1mecho "BUILD_NAME=$(echo grpcio-tools_1.41.0_3.7 | tr -dc '[:alnum:]\n\r' | tr '[:upper:]' '[:lower:]')" >> $GITHUB_OUTPUT[0m
2022-12-27T10:51:57.4798470Z shell: /bin/bash -e {0}
2022-12-27T10:51:57.4798680Z env:
2022-12-27T10:51:57.4798910Z   pythonLocation: /Users/runner/hostedtoolcache/Python/3.7.15/x64
2022-12-27T10:51:57.4799240Z   PKG_CONFIG_PATH: /Users/runner/hostedtoolcache/Python/3.7.15/x64/lib/pkgconfig
2022-12-27T10:51:57.4799550Z   Python_ROOT_DIR: /Users/runner/hostedtoolcache/Python/3.7.15/x64
2022-12-27T10:51:57.4799820Z   Python2_ROOT_DIR: /Users/runner/hostedtoolcache/Python/3.7.15/x64
2022-12-27T10:51:57.4800040Z   Python3_ROOT_DIR: /Users/runner/hostedtoolcache/Python/3.7.15/x64
2022-12-27T10:51:57.4800250Z ##[endgroup]
2022-12-27T10:51:57.4941100Z ##[group]Run echo "PYTHON_NO_DOTS=$(echo 3.7 | tr -dc '[:alnum:]\n\r' | tr '[:upper:]' '[:lower:]')" >> $GITHUB_OUTPUT
2022-12-27T10:51:57.4941430Z [36;1mecho "PYTHON_NO_DOTS=$(echo 3.7 | tr -dc '[:alnum:]\n\r' | tr '[:upper:]' '[:lower:]')" >> $GITHUB_OUTPUT[0m
2022-12-27T10:51:57.4955790Z shell: /bin/bash -e {0}
2022-12-27T10:51:57.4955960Z env:
2022-12-27T10:51:57.4956170Z   pythonLocation: /Users/runner/hostedtoolcache/Python/3.7.15/x64
2022-12-27T10:51:57.4956870Z   PKG_CONFIG_PATH: /Users/runner/hostedtoolcache/Python/3.7.15/x64/lib/pkgconfig
2022-12-27T10:51:57.4957140Z   Python_ROOT_DIR: /Users/runner/hostedtoolcache/Python/3.7.15/x64
2022-12-27T10:51:57.4957390Z   Python2_ROOT_DIR: /Users/runner/hostedtoolcache/Python/3.7.15/x64
2022-12-27T10:51:57.4957630Z   Python3_ROOT_DIR: /Users/runner/hostedtoolcache/Python/3.7.15/x64
2022-12-27T10:51:57.4957890Z ##[endgroup]
2022-12-27T10:51:57.5068790Z ##[group]Run rm -rf build_grpciotools141037
2022-12-27T10:51:57.5069160Z [36;1mrm -rf build_grpciotools141037[0m
2022-12-27T10:51:57.5069370Z [36;1mmkdir build_grpciotools141037[0m
2022-12-27T10:51:57.5069530Z [36;1mcd build_grpciotools141037[0m
2022-12-27T10:51:57.5069840Z [36;1m/usr/local/bin/wget --quiet https://files.pythonhosted.org/packages/f0/18/8ace4beaf76c4447bb456d6718ab46d04237d0c94842489d6e2e1496a68a/grpcio-tools-1.41.0.tar.gz[0m
2022-12-27T10:51:57.5070170Z [36;1mtar xf *.tar.gz[0m
2022-12-27T10:51:57.5070330Z [36;1mcd *[0m
2022-12-27T10:51:57.5070490Z [36;1mpython -m pip install cibuildwheel==2.11.3[0m
2022-12-27T10:51:57.5070720Z [36;1mpython -m cibuildwheel --output-dir ../wheelsout[0m
2022-12-27T10:51:57.5084800Z shell: /bin/bash -e {0}
2022-12-27T10:51:57.5085020Z env:
2022-12-27T10:51:57.5085200Z   pythonLocation: /Users/runner/hostedtoolcache/Python/3.7.15/x64
2022-12-27T10:51:57.5085550Z   PKG_CONFIG_PATH: /Users/runner/hostedtoolcache/Python/3.7.15/x64/lib/pkgconfig
2022-12-27T10:51:57.5085810Z   Python_ROOT_DIR: /Users/runner/hostedtoolcache/Python/3.7.15/x64
2022-12-27T10:51:57.5086020Z   Python2_ROOT_DIR: /Users/runner/hostedtoolcache/Python/3.7.15/x64
2022-12-27T10:51:57.5086260Z   Python3_ROOT_DIR: /Users/runner/hostedtoolcache/Python/3.7.15/x64
2022-12-27T10:51:57.5086460Z   CIBW_ARCHS_MACOS: arm64
2022-12-27T10:51:57.5086630Z   CIBW_TEST_SKIP: *_arm64
2022-12-27T10:51:57.5086810Z   CIBW_BUILD: cp37-macosx_arm64
2022-12-27T10:51:57.5086990Z   CIBW_BUILD_FRONTEND: pip
2022-12-27T10:51:57.5087140Z   CIBW_BUILD_VERBOSITY: 3
2022-12-27T10:51:57.5087510Z   CIBW_ENVIRONMENT_MACOS: GRPC_PYTHON_BUILD_WITH_CYTHON=1 GRPC_BUILD_WITH_BORING_SSL_ASM='' GRPC_PYTHON_BUILD_SYSTEM_OPENSSL=TRUE CFLAGS="-I/usr/local/opt/openssl@3/include" LDFLAGS="-L/usr/local/opt/openssl@3/lib" CPPFLAGS="-I/usr/local/opt/openssl@3/include" MAKEFLAGS="-j$(sysctl -n hw.logicalcpu)" PATH=/usr/local/opt/ccache/libexec:$PATH
2022-12-27T10:51:57.5088160Z   CIBW_BEFORE_BUILD: pip install Cython; if [[ -f requirements.txt ]]; then pip install -r requirements.txt; fi
2022-12-27T10:51:57.5088410Z   MAKEFLAGS: -j$(sysctl -n hw.logicalcpu)
2022-12-27T10:51:57.5088590Z ##[endgroup]
2022-12-27T10:51:58.0121540Z Requirement already satisfied: cibuildwheel==2.11.3 in /Users/runner/hostedtoolcache/Python/3.7.15/x64/lib/python3.7/site-packages (2.11.3)
2022-12-27T10:51:58.0431010Z Requirement already satisfied: packaging>=20.9 in /Users/runner/hostedtoolcache/Python/3.7.15/x64/lib/python3.7/site-packages (from cibuildwheel==2.11.3) (22.0)
2022-12-27T10:51:58.0434900Z Requirement already satisfied: certifi in /Users/runner/hostedtoolcache/Python/3.7.15/x64/lib/python3.7/site-packages (from cibuildwheel==2.11.3) (2022.12.7)
2022-12-27T10:51:58.0439110Z Requirement already satisfied: filelock in /Users/runner/hostedtoolcache/Python/3.7.15/x64/lib/python3.7/site-packages (from cibuildwheel==2.11.3) (3.8.2)
2022-12-27T10:51:58.0446260Z Requirement already satisfied: tomli in /Users/runner/hostedtoolcache/Python/3.7.15/x64/lib/python3.7/site-packages (from cibuildwheel==2.11.3) (2.0.1)
2022-12-27T10:51:58.0450170Z Requirement already satisfied: bracex in /Users/runner/hostedtoolcache/Python/3.7.15/x64/lib/python3.7/site-packages (from cibuildwheel==2.11.3) (2.3.post1)
2022-12-27T10:51:58.0454060Z Requirement already satisfied: platformdirs in /Users/runner/hostedtoolcache/Python/3.7.15/x64/lib/python3.7/site-packages (from cibuildwheel==2.11.3) (2.6.0)
2022-12-27T10:51:58.0461710Z Requirement already satisfied: bashlex!=0.13 in /Users/runner/hostedtoolcache/Python/3.7.15/x64/lib/python3.7/site-packages (from cibuildwheel==2.11.3) (0.16)
2022-12-27T10:51:58.0471800Z Requirement already satisfied: typing-extensions>=4.1.0 in /Users/runner/hostedtoolcache/Python/3.7.15/x64/lib/python3.7/site-packages (from cibuildwheel==2.11.3) (4.4.0)
2022-12-27T10:51:58.2215180Z 
2022-12-27T10:51:58.2215430Z      _ _       _ _   _       _           _
2022-12-27T10:51:58.2216050Z  ___|_| |_ _ _|_| |_| |_ _ _| |_ ___ ___| |
2022-12-27T10:51:58.2217090Z |  _| | . | | | | | . | | | |   | -_| -_| |
2022-12-27T10:51:58.2217340Z |___|_|___|___|_|_|___|_____|_|_|___|___|_|
2022-12-27T10:51:58.2217480Z 
2022-12-27T10:51:58.2217600Z cibuildwheel version 2.11.3
2022-12-27T10:51:58.2217810Z 
2022-12-27T10:51:58.2217940Z Build options:
2022-12-27T10:51:58.2218230Z   platform: macos
2022-12-27T10:51:58.2424560Z   architectures: arm64[0m
2022-12-27T10:51:58.2424800Z   build_selector: 
2022-12-27T10:51:58.2425220Z     build_config: cp37-macosx_arm64
2022-12-27T10:51:58.2425440Z     skip_config: 
2022-12-27T10:51:58.2425870Z     requires_python: None
2022-12-27T10:51:58.2426190Z     prerelease_pythons: False[0m
2022-12-27T10:51:58.2426520Z   [38;5;244mcontainer_engine: docker[0m
2022-12-27T10:51:58.2427270Z   output_dir: /Users/runner/actions-runner/_work/python.build/python.build/build_grpciotools141037/wheelsout[0m
2022-12-27T10:51:58.2427740Z   package_dir: /Users/runner/actions-runner/_work/python.build/python.build/build_grpciotools141037/grpcio-tools-1.41.0[0m
2022-12-27T10:51:58.2428010Z   test_selector: 
2022-12-27T10:51:58.2428350Z     skip_config: *_arm64[0m
2022-12-27T10:51:58.2428610Z   [38;5;244mbefore_all: [0m
2022-12-27T10:51:58.2429030Z   before_build: pip install Cython; if [[ -f requirements.txt ]]; then pip install -r requirements.txt; fi[0m
2022-12-27T10:51:58.2429290Z   [38;5;244mbefore_test: [0m
2022-12-27T10:51:58.2429530Z   [38;5;244mbuild_frontend: pip[0m
2022-12-27T10:51:58.2430010Z cibuildwheel: No build identifiers selected: BuildSelector(build_config='cp37-macosx_arm64', skip_config='', requires_python=None, prerelease_pythons=False)
2022-12-27T10:51:58.2430520Z   build_verbosity: 3[0m
2022-12-27T10:51:58.2430770Z   [38;5;244mconfig_settings: [0m
2022-12-27T10:51:58.2431020Z   [38;5;244mdependency_constraints: pinned[0m
2022-12-27T10:51:58.2431890Z   environment: 
2022-12-27T10:51:58.2432120Z     GRPC_PYTHON_BUILD_WITH_CYTHON=1
2022-12-27T10:51:58.2432350Z     GRPC_BUILD_WITH_BORING_SSL_ASM=''
2022-12-27T10:51:58.2432590Z     GRPC_PYTHON_BUILD_SYSTEM_OPENSSL=TRUE
2022-12-27T10:51:58.2433050Z     CFLAGS="-I/usr/local/opt/openssl@3/include"
2022-12-27T10:51:58.2433290Z     LDFLAGS="-L/usr/local/opt/openssl@3/lib"
2022-12-27T10:51:58.2433560Z     CPPFLAGS="-I/usr/local/opt/openssl@3/include"
2022-12-27T10:51:58.2433970Z     MAKEFLAGS="-j$(sysctl -n hw.logicalcpu)"
2022-12-27T10:51:58.2434220Z     PATH=/usr/local/opt/ccache/libexec:$PATH[0m
2022-12-27T10:51:58.2434500Z   [38;5;244mmanylinux_images: None[0m
2022-12-27T10:51:58.2434740Z   [38;5;244mmusllinux_images: None[0m
2022-12-27T10:51:58.2435200Z   [38;5;244mrepair_command: delocate-wheel --require-archs {delocate_archs} -w {dest_dir} -v {wheel}[0m
2022-12-27T10:51:58.2435460Z   [38;5;244mtest_command: [0m
2022-12-27T10:51:58.2435690Z   [38;5;244mtest_extras: [0m
2022-12-27T10:51:58.2435920Z   [38;5;244mtest_requires: [0m
2022-12-27T10:51:58.2436000Z 
2022-12-27T10:51:58.2436110Z Cache folder: /Users/runner/Library/Caches/cibuildwheel
2022-12-27T10:51:58.2436250Z 
2022-12-27T10:51:58.2436410Z Here we go!
2022-12-27T10:51:58.2436510Z 
2022-12-27T10:51:58.2559680Z ##[error]Process completed with exit code 3.
2022-12-27T10:51:58.2598250Z ##[group]Run rm -rf build_grpciotools141037 wheelsout
2022-12-27T10:51:58.2598540Z [36;1mrm -rf build_grpciotools141037 wheelsout[0m
2022-12-27T10:51:58.2613600Z shell: /bin/bash -e {0}
2022-12-27T10:51:58.2613790Z env:
2022-12-27T10:51:58.2613970Z   pythonLocation: /Users/runner/hostedtoolcache/Python/3.7.15/x64
2022-12-27T10:51:58.2614230Z   PKG_CONFIG_PATH: /Users/runner/hostedtoolcache/Python/3.7.15/x64/lib/pkgconfig
2022-12-27T10:51:58.2614480Z   Python_ROOT_DIR: /Users/runner/hostedtoolcache/Python/3.7.15/x64
2022-12-27T10:51:58.2614730Z   Python2_ROOT_DIR: /Users/runner/hostedtoolcache/Python/3.7.15/x64
2022-12-27T10:51:58.2614970Z   Python3_ROOT_DIR: /Users/runner/hostedtoolcache/Python/3.7.15/x64
2022-12-27T10:51:58.2615170Z ##[endgroup]
2022-12-27T10:51:58.3221760Z Cleaning up orphan processes
