2022-12-27T07:27:31.7415611Z Requested labels: self-hosted, macOS, X64
2022-12-27T07:27:31.7415691Z Job defined at: kilnbuild/python.build/.github/workflows/mac_arm_build.yml@refs/heads/main
2022-12-27T07:27:31.7415721Z Waiting for a runner to pick up this job...
2022-12-27T10:27:44.9110997Z Job is about to start running on the runner: s1 (organization)
2022-12-27T10:27:48.2604700Z Current runner version: '2.300.2'
2022-12-27T10:27:48.2609700Z Runner name: 's1'
2022-12-27T10:27:48.2609950Z Runner group name: 'Default'
2022-12-27T10:27:48.2610380Z Machine name: 's1'
2022-12-27T10:27:48.2611920Z ##[group]GITHUB_TOKEN Permissions
2022-12-27T10:27:48.2612320Z Actions: write
2022-12-27T10:27:48.2612460Z Checks: write
2022-12-27T10:27:48.2612590Z Contents: write
2022-12-27T10:27:48.2612730Z Deployments: write
2022-12-27T10:27:48.2612870Z Discussions: write
2022-12-27T10:27:48.2613010Z Issues: write
2022-12-27T10:27:48.2613140Z Metadata: read
2022-12-27T10:27:48.2613270Z Packages: write
2022-12-27T10:27:48.2613400Z Pages: write
2022-12-27T10:27:48.2613540Z PullRequests: write
2022-12-27T10:27:48.2613700Z RepositoryProjects: write
2022-12-27T10:27:48.2613860Z SecurityEvents: write
2022-12-27T10:27:48.2614000Z Statuses: write
2022-12-27T10:27:48.2614130Z ##[endgroup]
2022-12-27T10:27:48.2616820Z Secret source: Actions
2022-12-27T10:27:48.2617160Z Prepare workflow directory
2022-12-27T10:27:48.3277200Z Prepare all required actions
2022-12-27T10:27:48.3399210Z Getting action download info
2022-12-27T10:27:48.8870880Z Download action repository 'actions/setup-python@v4' (SHA:5ccb29d8773c3f3f653e1705f474dfaa8a06a912)
2022-12-27T10:27:50.7088450Z Download action repository 'actions/upload-artifact@v3' (SHA:83fd05a356d7e2593de66fc9913b3002723633cb)
2022-12-27T10:27:52.0219670Z ##[group]Run echo '{
2022-12-27T10:27:52.0220010Z [36;1mecho '{[0m
2022-12-27T10:27:52.0220280Z [36;1m  "environment_variables": "GRPC_PYTHON_BUILD_WITH_CYTHON=1 GRPC_BUILD_WITH_BORING_SSL_ASM='' GRPC_PYTHON_BUILD_SYSTEM_OPENSSL=TRUE",[0m
2022-12-27T10:27:52.0220490Z [36;1m  "package_name": "grpcio-tools",[0m
2022-12-27T10:27:52.0220760Z [36;1m  "package_url": "https://files.pythonhosted.org/packages/54/19/0ee14633c94545976c246c29cf7d9172e0e130fc94266c90975ba6c2474e/grpcio-tools-1.28.0.dev0.tar.gz",[0m
2022-12-27T10:27:52.0221000Z [36;1m  "package_version": "1.28.0.dev0",[0m
2022-12-27T10:27:52.0221130Z [36;1m  "python_version": "3.7",[0m
2022-12-27T10:27:52.0221250Z [36;1m  "use_ccache": "true"[0m
2022-12-27T10:27:52.0221350Z [36;1m}'[0m
2022-12-27T10:27:52.0239170Z shell: /bin/bash -e {0}
2022-12-27T10:27:52.0239300Z ##[endgroup]
2022-12-27T10:27:52.0455090Z {
2022-12-27T10:27:52.0456670Z   "environment_variables": "GRPC_PYTHON_BUILD_WITH_CYTHON=1 GRPC_BUILD_WITH_BORING_SSL_ASM= GRPC_PYTHON_BUILD_SYSTEM_OPENSSL=TRUE",
2022-12-27T10:27:52.0457210Z   "package_name": "grpcio-tools",
2022-12-27T10:27:52.0457640Z   "package_url": "https://files.pythonhosted.org/packages/54/19/0ee14633c94545976c246c29cf7d9172e0e130fc94266c90975ba6c2474e/grpcio-tools-1.28.0.dev0.tar.gz",
2022-12-27T10:27:52.0457960Z   "package_version": "1.28.0.dev0",
2022-12-27T10:27:52.0458150Z   "python_version": "3.7",
2022-12-27T10:27:52.0458300Z   "use_ccache": "true"
2022-12-27T10:27:52.0458450Z }
2022-12-27T10:27:52.0681970Z ##[group]Run actions/setup-python@v4
2022-12-27T10:27:52.0682290Z with:
2022-12-27T10:27:52.0682460Z   python-version: 3.7
2022-12-27T10:27:52.0682680Z   check-latest: false
2022-12-27T10:27:52.0682980Z   token: ***
2022-12-27T10:27:52.0683230Z   update-environment: true
2022-12-27T10:27:52.0683390Z ##[endgroup]
2022-12-27T10:27:52.1939150Z ##[group]Installed versions
2022-12-27T10:27:52.1979800Z Successfully set up CPython (3.7.15)
2022-12-27T10:27:52.1980370Z ##[endgroup]
2022-12-27T10:27:52.2128740Z ##[group]Run if [ "true" == "true" ]
2022-12-27T10:27:52.2128960Z [36;1mif [ "true" == "true" ][0m
2022-12-27T10:27:52.2129170Z [36;1mthen[0m
2022-12-27T10:27:52.2129440Z [36;1m  echo "CCACHE_PATH_PREPEND=/usr/local/opt/ccache/libexec" >> $GITHUB_OUTPUT[0m
2022-12-27T10:27:52.2129630Z [36;1melse[0m
2022-12-27T10:27:52.2129850Z [36;1m  echo "CCACHE_PATH_PREPEND=" >> $GITHUB_OUTPUT[0m
2022-12-27T10:27:52.2130050Z [36;1mfi[0m
2022-12-27T10:27:52.2148030Z shell: /bin/bash -e {0}
2022-12-27T10:27:52.2148260Z env:
2022-12-27T10:27:52.2148490Z   pythonLocation: /Users/runner/hostedtoolcache/Python/3.7.15/x64
2022-12-27T10:27:52.2149160Z   PKG_CONFIG_PATH: /Users/runner/hostedtoolcache/Python/3.7.15/x64/lib/pkgconfig
2022-12-27T10:27:52.2149570Z   Python_ROOT_DIR: /Users/runner/hostedtoolcache/Python/3.7.15/x64
2022-12-27T10:27:52.2149830Z   Python2_ROOT_DIR: /Users/runner/hostedtoolcache/Python/3.7.15/x64
2022-12-27T10:27:52.2150100Z   Python3_ROOT_DIR: /Users/runner/hostedtoolcache/Python/3.7.15/x64
2022-12-27T10:27:52.2150320Z ##[endgroup]
2022-12-27T10:27:52.2259620Z ##[group]Run echo "BUILD_NAME=$(echo grpcio-tools_1.28.0.dev0_3.7 | tr -dc '[:alnum:]\n\r' | tr '[:upper:]' '[:lower:]')" >> $GITHUB_OUTPUT
2022-12-27T10:27:52.2260100Z [36;1mecho "BUILD_NAME=$(echo grpcio-tools_1.28.0.dev0_3.7 | tr -dc '[:alnum:]\n\r' | tr '[:upper:]' '[:lower:]')" >> $GITHUB_OUTPUT[0m
2022-12-27T10:27:52.2275420Z shell: /bin/bash -e {0}
2022-12-27T10:27:52.2275590Z env:
2022-12-27T10:27:52.2275820Z   pythonLocation: /Users/runner/hostedtoolcache/Python/3.7.15/x64
2022-12-27T10:27:52.2276200Z   PKG_CONFIG_PATH: /Users/runner/hostedtoolcache/Python/3.7.15/x64/lib/pkgconfig
2022-12-27T10:27:52.2276480Z   Python_ROOT_DIR: /Users/runner/hostedtoolcache/Python/3.7.15/x64
2022-12-27T10:27:52.2276730Z   Python2_ROOT_DIR: /Users/runner/hostedtoolcache/Python/3.7.15/x64
2022-12-27T10:27:52.2276980Z   Python3_ROOT_DIR: /Users/runner/hostedtoolcache/Python/3.7.15/x64
2022-12-27T10:27:52.2277190Z ##[endgroup]
2022-12-27T10:27:52.2422160Z ##[group]Run echo "PYTHON_NO_DOTS=$(echo 3.7 | tr -dc '[:alnum:]\n\r' | tr '[:upper:]' '[:lower:]')" >> $GITHUB_OUTPUT
2022-12-27T10:27:52.2422530Z [36;1mecho "PYTHON_NO_DOTS=$(echo 3.7 | tr -dc '[:alnum:]\n\r' | tr '[:upper:]' '[:lower:]')" >> $GITHUB_OUTPUT[0m
2022-12-27T10:27:52.2437380Z shell: /bin/bash -e {0}
2022-12-27T10:27:52.2437540Z env:
2022-12-27T10:27:52.2437760Z   pythonLocation: /Users/runner/hostedtoolcache/Python/3.7.15/x64
2022-12-27T10:27:52.2438360Z   PKG_CONFIG_PATH: /Users/runner/hostedtoolcache/Python/3.7.15/x64/lib/pkgconfig
2022-12-27T10:27:52.2438590Z   Python_ROOT_DIR: /Users/runner/hostedtoolcache/Python/3.7.15/x64
2022-12-27T10:27:52.2438860Z   Python2_ROOT_DIR: /Users/runner/hostedtoolcache/Python/3.7.15/x64
2022-12-27T10:27:52.2439100Z   Python3_ROOT_DIR: /Users/runner/hostedtoolcache/Python/3.7.15/x64
2022-12-27T10:27:52.2439270Z ##[endgroup]
2022-12-27T10:27:52.2555360Z ##[group]Run rm -rf build_grpciotools1280dev037
2022-12-27T10:27:52.2555740Z [36;1mrm -rf build_grpciotools1280dev037[0m
2022-12-27T10:27:52.2555980Z [36;1mmkdir build_grpciotools1280dev037[0m
2022-12-27T10:27:52.2556160Z [36;1mcd build_grpciotools1280dev037[0m
2022-12-27T10:27:52.2556510Z [36;1m/usr/local/bin/wget --quiet https://files.pythonhosted.org/packages/54/19/0ee14633c94545976c246c29cf7d9172e0e130fc94266c90975ba6c2474e/grpcio-tools-1.28.0.dev0.tar.gz[0m
2022-12-27T10:27:52.2556800Z [36;1mtar xf *.tar.gz[0m
2022-12-27T10:27:52.2556940Z [36;1mcd *[0m
2022-12-27T10:27:52.2557150Z [36;1mpython -m pip install cibuildwheel==2.11.3[0m
2022-12-27T10:27:52.2557380Z [36;1mpython -m cibuildwheel --output-dir ../wheelsout[0m
2022-12-27T10:27:52.2572270Z shell: /bin/bash -e {0}
2022-12-27T10:27:52.2572430Z env:
2022-12-27T10:27:52.2572700Z   pythonLocation: /Users/runner/hostedtoolcache/Python/3.7.15/x64
2022-12-27T10:27:52.2573010Z   PKG_CONFIG_PATH: /Users/runner/hostedtoolcache/Python/3.7.15/x64/lib/pkgconfig
2022-12-27T10:27:52.2573240Z   Python_ROOT_DIR: /Users/runner/hostedtoolcache/Python/3.7.15/x64
2022-12-27T10:27:52.2573470Z   Python2_ROOT_DIR: /Users/runner/hostedtoolcache/Python/3.7.15/x64
2022-12-27T10:27:52.2573750Z   Python3_ROOT_DIR: /Users/runner/hostedtoolcache/Python/3.7.15/x64
2022-12-27T10:27:52.2573930Z   CIBW_ARCHS_MACOS: arm64
2022-12-27T10:27:52.2574100Z   CIBW_TEST_SKIP: *_arm64
2022-12-27T10:27:52.2574280Z   CIBW_BUILD: cp37-macosx_arm64
2022-12-27T10:27:52.2574440Z   CIBW_BUILD_FRONTEND: pip
2022-12-27T10:27:52.2574650Z   CIBW_BUILD_VERBOSITY: 3
2022-12-27T10:27:52.2575020Z   CIBW_ENVIRONMENT_MACOS: GRPC_PYTHON_BUILD_WITH_CYTHON=1 GRPC_BUILD_WITH_BORING_SSL_ASM='' GRPC_PYTHON_BUILD_SYSTEM_OPENSSL=TRUE CFLAGS="-I/usr/local/opt/openssl@3/include" LDFLAGS="-L/usr/local/opt/openssl@3/lib" CPPFLAGS="-I/usr/local/opt/openssl@3/include" MAKEFLAGS="-j$(sysctl -n hw.logicalcpu)" PATH=/usr/local/opt/ccache/libexec:$PATH
2022-12-27T10:27:52.2575650Z   CIBW_BEFORE_BUILD: pip install Cython; if [[ -f requirements.txt ]]; then pip install -r requirements.txt; fi
2022-12-27T10:27:52.2575900Z   MAKEFLAGS: -j$(sysctl -n hw.logicalcpu)
2022-12-27T10:27:52.2576080Z ##[endgroup]
2022-12-27T10:27:52.7762660Z Requirement already satisfied: cibuildwheel==2.11.3 in /Users/runner/hostedtoolcache/Python/3.7.15/x64/lib/python3.7/site-packages (2.11.3)
2022-12-27T10:27:52.8065820Z Requirement already satisfied: certifi in /Users/runner/hostedtoolcache/Python/3.7.15/x64/lib/python3.7/site-packages (from cibuildwheel==2.11.3) (2022.12.7)
2022-12-27T10:27:52.8071520Z Requirement already satisfied: bashlex!=0.13 in /Users/runner/hostedtoolcache/Python/3.7.15/x64/lib/python3.7/site-packages (from cibuildwheel==2.11.3) (0.16)
2022-12-27T10:27:52.8075170Z Requirement already satisfied: bracex in /Users/runner/hostedtoolcache/Python/3.7.15/x64/lib/python3.7/site-packages (from cibuildwheel==2.11.3) (2.3.post1)
2022-12-27T10:27:52.8085100Z Requirement already satisfied: typing-extensions>=4.1.0 in /Users/runner/hostedtoolcache/Python/3.7.15/x64/lib/python3.7/site-packages (from cibuildwheel==2.11.3) (4.4.0)
2022-12-27T10:27:52.8092990Z Requirement already satisfied: tomli in /Users/runner/hostedtoolcache/Python/3.7.15/x64/lib/python3.7/site-packages (from cibuildwheel==2.11.3) (2.0.1)
2022-12-27T10:27:52.8096840Z Requirement already satisfied: platformdirs in /Users/runner/hostedtoolcache/Python/3.7.15/x64/lib/python3.7/site-packages (from cibuildwheel==2.11.3) (2.6.0)
2022-12-27T10:27:52.8100200Z Requirement already satisfied: filelock in /Users/runner/hostedtoolcache/Python/3.7.15/x64/lib/python3.7/site-packages (from cibuildwheel==2.11.3) (3.8.2)
2022-12-27T10:27:52.8105770Z Requirement already satisfied: packaging>=20.9 in /Users/runner/hostedtoolcache/Python/3.7.15/x64/lib/python3.7/site-packages (from cibuildwheel==2.11.3) (22.0)
2022-12-27T10:27:52.9878340Z 
2022-12-27T10:27:52.9878840Z      _ _       _ _   _       _           _
2022-12-27T10:27:52.9879870Z  ___|_| |_ _ _|_| |_| |_ _ _| |_ ___ ___| |
2022-12-27T10:27:52.9880630Z |  _| | . | | | | | . | | | |   | -_| -_| |
2022-12-27T10:27:52.9880880Z |___|_|___|___|_|_|___|_____|_|_|___|___|_|
2022-12-27T10:27:52.9881010Z 
2022-12-27T10:27:52.9881080Z cibuildwheel version 2.11.3
2022-12-27T10:27:52.9881220Z 
2022-12-27T10:27:52.9881350Z Build options:
2022-12-27T10:27:52.9881750Z   platform: macos
2022-12-27T10:27:53.0067280Z   architectures: arm64[0m
2022-12-27T10:27:53.0067630Z   build_selector: 
2022-12-27T10:27:53.0068170Z     build_config: cp37-macosx_arm64
2022-12-27T10:27:53.0068620Z     skip_config: 
2022-12-27T10:27:53.0068810Z     requires_python: None
2022-12-27T10:27:53.0069120Z     prerelease_pythons: False[0m
2022-12-27T10:27:53.0069440Z   [38;5;244mcontainer_engine: docker[0m
2022-12-27T10:27:53.0069860Z   output_dir: /Users/runner/actions-runner/_work/python.build/python.build/build_grpciotools1280dev037/wheelsout[0m
2022-12-27T10:27:53.0071350Z cibuildwheel: No build identifiers selected: BuildSelector(build_config='cp37-macosx_arm64', skip_config='', requires_python=None, prerelease_pythons=False)
2022-12-27T10:27:53.0072040Z   package_dir: /Users/runner/actions-runner/_work/python.build/python.build/build_grpciotools1280dev037/grpcio-tools-1.28.0.dev0[0m
2022-12-27T10:27:53.0072430Z   test_selector: 
2022-12-27T10:27:53.0072700Z     skip_config: *_arm64[0m
2022-12-27T10:27:53.0072900Z   [38;5;244mbefore_all: [0m
2022-12-27T10:27:53.0073380Z   before_build: pip install Cython; if [[ -f requirements.txt ]]; then pip install -r requirements.txt; fi[0m
2022-12-27T10:27:53.0073670Z   [38;5;244mbefore_test: [0m
2022-12-27T10:27:53.0073870Z   [38;5;244mbuild_frontend: pip[0m
2022-12-27T10:27:53.0074240Z   build_verbosity: 3[0m
2022-12-27T10:27:53.0074490Z   [38;5;244mconfig_settings: [0m
2022-12-27T10:27:53.0075050Z   [38;5;244mdependency_constraints: pinned[0m
2022-12-27T10:27:53.0075260Z   environment: 
2022-12-27T10:27:53.0075650Z     GRPC_PYTHON_BUILD_WITH_CYTHON=1
2022-12-27T10:27:53.0075870Z     GRPC_BUILD_WITH_BORING_SSL_ASM=''
2022-12-27T10:27:53.0076100Z     GRPC_PYTHON_BUILD_SYSTEM_OPENSSL=TRUE
2022-12-27T10:27:53.0076370Z     CFLAGS="-I/usr/local/opt/openssl@3/include"
2022-12-27T10:27:53.0076630Z     LDFLAGS="-L/usr/local/opt/openssl@3/lib"
2022-12-27T10:27:53.0076980Z     CPPFLAGS="-I/usr/local/opt/openssl@3/include"
2022-12-27T10:27:53.0077260Z     MAKEFLAGS="-j$(sysctl -n hw.logicalcpu)"
2022-12-27T10:27:53.0077530Z     PATH=/usr/local/opt/ccache/libexec:$PATH[0m
2022-12-27T10:27:53.0077750Z   [38;5;244mmanylinux_images: None[0m
2022-12-27T10:27:53.0077980Z   [38;5;244mmusllinux_images: None[0m
2022-12-27T10:27:53.0078410Z   [38;5;244mrepair_command: delocate-wheel --require-archs {delocate_archs} -w {dest_dir} -v {wheel}[0m
2022-12-27T10:27:53.0078670Z   [38;5;244mtest_command: [0m
2022-12-27T10:27:53.0078900Z   [38;5;244mtest_extras: [0m
2022-12-27T10:27:53.0079130Z   [38;5;244mtest_requires: [0m
2022-12-27T10:27:53.0079240Z 
2022-12-27T10:27:53.0079320Z Cache folder: /Users/runner/Library/Caches/cibuildwheel
2022-12-27T10:27:53.0079580Z 
2022-12-27T10:27:53.0079650Z Here we go!
2022-12-27T10:27:53.0079760Z 
2022-12-27T10:27:53.0200720Z ##[error]Process completed with exit code 3.
2022-12-27T10:27:53.0239590Z ##[group]Run rm -rf build_grpciotools1280dev037 wheelsout
2022-12-27T10:27:53.0239850Z [36;1mrm -rf build_grpciotools1280dev037 wheelsout[0m
2022-12-27T10:27:53.0255420Z shell: /bin/bash -e {0}
2022-12-27T10:27:53.0255680Z env:
2022-12-27T10:27:53.0255870Z   pythonLocation: /Users/runner/hostedtoolcache/Python/3.7.15/x64
2022-12-27T10:27:53.0256130Z   PKG_CONFIG_PATH: /Users/runner/hostedtoolcache/Python/3.7.15/x64/lib/pkgconfig
2022-12-27T10:27:53.0256390Z   Python_ROOT_DIR: /Users/runner/hostedtoolcache/Python/3.7.15/x64
2022-12-27T10:27:53.0256690Z   Python2_ROOT_DIR: /Users/runner/hostedtoolcache/Python/3.7.15/x64
2022-12-27T10:27:53.0256890Z   Python3_ROOT_DIR: /Users/runner/hostedtoolcache/Python/3.7.15/x64
2022-12-27T10:27:53.0257080Z ##[endgroup]
2022-12-27T10:27:53.0887600Z Cleaning up orphan processes
