2022-12-27T08:46:10.5934879Z Requested labels: self-hosted, macOS, X64
2022-12-27T08:46:10.5934953Z Job defined at: kilnbuild/python.build/.github/workflows/mac_arm_build.yml@refs/heads/main
2022-12-27T08:46:10.5934977Z Waiting for a runner to pick up this job...
2022-12-27T11:04:39.0042446Z Job is about to start running on the runner: k1 (organization)
2022-12-27T11:04:43.4936230Z Current runner version: '2.300.2'
2022-12-27T11:04:43.4940770Z Runner name: 'k1'
2022-12-27T11:04:43.4941010Z Runner group name: 'Default'
2022-12-27T11:04:43.4941400Z Machine name: 'k1'
2022-12-27T11:04:43.4942830Z ##[group]GITHUB_TOKEN Permissions
2022-12-27T11:04:43.4943210Z Actions: write
2022-12-27T11:04:43.4943350Z Checks: write
2022-12-27T11:04:43.4943480Z Contents: write
2022-12-27T11:04:43.4943610Z Deployments: write
2022-12-27T11:04:43.4943740Z Discussions: write
2022-12-27T11:04:43.4943870Z Issues: write
2022-12-27T11:04:43.4943990Z Metadata: read
2022-12-27T11:04:43.4944120Z Packages: write
2022-12-27T11:04:43.4944250Z Pages: write
2022-12-27T11:04:43.4944370Z PullRequests: write
2022-12-27T11:04:43.4944540Z RepositoryProjects: write
2022-12-27T11:04:43.4944700Z SecurityEvents: write
2022-12-27T11:04:43.4944830Z Statuses: write
2022-12-27T11:04:43.4944960Z ##[endgroup]
2022-12-27T11:04:43.4947210Z Secret source: Actions
2022-12-27T11:04:43.4947500Z Prepare workflow directory
2022-12-27T11:04:43.5571110Z Prepare all required actions
2022-12-27T11:04:43.5686200Z Getting action download info
2022-12-27T11:04:43.9913790Z Download action repository 'actions/setup-python@v4' (SHA:5ccb29d8773c3f3f653e1705f474dfaa8a06a912)
2022-12-27T11:04:45.7405930Z Download action repository 'actions/upload-artifact@v3' (SHA:83fd05a356d7e2593de66fc9913b3002723633cb)
2022-12-27T11:04:47.0378450Z ##[group]Run echo '{
2022-12-27T11:04:47.0378720Z [36;1mecho '{[0m
2022-12-27T11:04:47.0378890Z [36;1m  "package_name": "lxml",[0m
2022-12-27T11:04:47.0379160Z [36;1m  "package_url": "https://files.pythonhosted.org/packages/3d/ad/4de9fbf122783f2017a5283aa762d9412f43d08d874e52d8db092d53544c/lxml-1.0.beta.tar.gz",[0m
2022-12-27T11:04:47.0379400Z [36;1m  "package_version": "1.0.beta",[0m
2022-12-27T11:04:47.0379520Z [36;1m  "python_version": "3.11",[0m
2022-12-27T11:04:47.0379680Z [36;1m  "use_ccache": "true"[0m
2022-12-27T11:04:47.0379830Z [36;1m}'[0m
2022-12-27T11:04:47.0394990Z shell: /bin/bash -e {0}
2022-12-27T11:04:47.0395220Z ##[endgroup]
2022-12-27T11:04:47.0605750Z {
2022-12-27T11:04:47.0607500Z   "package_name": "lxml",
2022-12-27T11:04:47.0608290Z   "package_url": "https://files.pythonhosted.org/packages/3d/ad/4de9fbf122783f2017a5283aa762d9412f43d08d874e52d8db092d53544c/lxml-1.0.beta.tar.gz",
2022-12-27T11:04:47.0608580Z   "package_version": "1.0.beta",
2022-12-27T11:04:47.0608830Z   "python_version": "3.11",
2022-12-27T11:04:47.0608990Z   "use_ccache": "true"
2022-12-27T11:04:47.0609270Z }
2022-12-27T11:04:47.0823320Z ##[group]Run actions/setup-python@v4
2022-12-27T11:04:47.0823570Z with:
2022-12-27T11:04:47.0823750Z   python-version: 3.11
2022-12-27T11:04:47.0823900Z   check-latest: false
2022-12-27T11:04:47.0824250Z   token: ***
2022-12-27T11:04:47.0824440Z   update-environment: true
2022-12-27T11:04:47.0824590Z ##[endgroup]
2022-12-27T11:04:47.2068610Z ##[group]Installed versions
2022-12-27T11:04:47.2167260Z Successfully set up CPython (3.11.1)
2022-12-27T11:04:47.2168030Z ##[endgroup]
2022-12-27T11:04:47.2310930Z ##[group]Run if [ "true" == "true" ]
2022-12-27T11:04:47.2311300Z [36;1mif [ "true" == "true" ][0m
2022-12-27T11:04:47.2311490Z [36;1mthen[0m
2022-12-27T11:04:47.2311670Z [36;1m  echo "CCACHE_PATH_PREPEND=/usr/local/opt/ccache/libexec" >> $GITHUB_OUTPUT[0m
2022-12-27T11:04:47.2311880Z [36;1melse[0m
2022-12-27T11:04:47.2312140Z [36;1m  echo "CCACHE_PATH_PREPEND=" >> $GITHUB_OUTPUT[0m
2022-12-27T11:04:47.2312300Z [36;1mfi[0m
2022-12-27T11:04:47.2329690Z shell: /bin/bash -e {0}
2022-12-27T11:04:47.2329910Z env:
2022-12-27T11:04:47.2330170Z   pythonLocation: /Users/runner/hostedtoolcache/Python/3.11.1/x64
2022-12-27T11:04:47.2330490Z   PKG_CONFIG_PATH: /Users/runner/hostedtoolcache/Python/3.11.1/x64/lib/pkgconfig
2022-12-27T11:04:47.2330740Z   Python_ROOT_DIR: /Users/runner/hostedtoolcache/Python/3.11.1/x64
2022-12-27T11:04:47.2330980Z   Python2_ROOT_DIR: /Users/runner/hostedtoolcache/Python/3.11.1/x64
2022-12-27T11:04:47.2331310Z   Python3_ROOT_DIR: /Users/runner/hostedtoolcache/Python/3.11.1/x64
2022-12-27T11:04:47.2331860Z ##[endgroup]
2022-12-27T11:04:47.2439400Z ##[group]Run echo "BUILD_NAME=$(echo lxml_1.0.beta_3.11 | tr -dc '[:alnum:]\n\r' | tr '[:upper:]' '[:lower:]')" >> $GITHUB_OUTPUT
2022-12-27T11:04:47.2440140Z [36;1mecho "BUILD_NAME=$(echo lxml_1.0.beta_3.11 | tr -dc '[:alnum:]\n\r' | tr '[:upper:]' '[:lower:]')" >> $GITHUB_OUTPUT[0m
2022-12-27T11:04:47.2455230Z shell: /bin/bash -e {0}
2022-12-27T11:04:47.2455380Z env:
2022-12-27T11:04:47.2455750Z   pythonLocation: /Users/runner/hostedtoolcache/Python/3.11.1/x64
2022-12-27T11:04:47.2456020Z   PKG_CONFIG_PATH: /Users/runner/hostedtoolcache/Python/3.11.1/x64/lib/pkgconfig
2022-12-27T11:04:47.2456280Z   Python_ROOT_DIR: /Users/runner/hostedtoolcache/Python/3.11.1/x64
2022-12-27T11:04:47.2456570Z   Python2_ROOT_DIR: /Users/runner/hostedtoolcache/Python/3.11.1/x64
2022-12-27T11:04:47.2456810Z   Python3_ROOT_DIR: /Users/runner/hostedtoolcache/Python/3.11.1/x64
2022-12-27T11:04:47.2457010Z ##[endgroup]
2022-12-27T11:04:47.2604100Z ##[group]Run echo "PYTHON_NO_DOTS=$(echo 3.11 | tr -dc '[:alnum:]\n\r' | tr '[:upper:]' '[:lower:]')" >> $GITHUB_OUTPUT
2022-12-27T11:04:47.2604530Z [36;1mecho "PYTHON_NO_DOTS=$(echo 3.11 | tr -dc '[:alnum:]\n\r' | tr '[:upper:]' '[:lower:]')" >> $GITHUB_OUTPUT[0m
2022-12-27T11:04:47.2619260Z shell: /bin/bash -e {0}
2022-12-27T11:04:47.2619400Z env:
2022-12-27T11:04:47.2619600Z   pythonLocation: /Users/runner/hostedtoolcache/Python/3.11.1/x64
2022-12-27T11:04:47.2619890Z   PKG_CONFIG_PATH: /Users/runner/hostedtoolcache/Python/3.11.1/x64/lib/pkgconfig
2022-12-27T11:04:47.2620110Z   Python_ROOT_DIR: /Users/runner/hostedtoolcache/Python/3.11.1/x64
2022-12-27T11:04:47.2620330Z   Python2_ROOT_DIR: /Users/runner/hostedtoolcache/Python/3.11.1/x64
2022-12-27T11:04:47.2620550Z   Python3_ROOT_DIR: /Users/runner/hostedtoolcache/Python/3.11.1/x64
2022-12-27T11:04:47.2620740Z ##[endgroup]
2022-12-27T11:04:47.2733970Z ##[group]Run rm -rf build_lxml10beta311
2022-12-27T11:04:47.2734350Z [36;1mrm -rf build_lxml10beta311[0m
2022-12-27T11:04:47.2734560Z [36;1mmkdir build_lxml10beta311[0m
2022-12-27T11:04:47.2734750Z [36;1mcd build_lxml10beta311[0m
2022-12-27T11:04:47.2735090Z [36;1m/usr/local/bin/wget --quiet https://files.pythonhosted.org/packages/3d/ad/4de9fbf122783f2017a5283aa762d9412f43d08d874e52d8db092d53544c/lxml-1.0.beta.tar.gz[0m
2022-12-27T11:04:47.2735380Z [36;1mtar xf *.tar.gz[0m
2022-12-27T11:04:47.2735520Z [36;1mcd *[0m
2022-12-27T11:04:47.2735710Z [36;1mpython -m pip install cibuildwheel==2.11.3[0m
2022-12-27T11:04:47.2735980Z [36;1mpython -m cibuildwheel --output-dir ../wheelsout[0m
2022-12-27T11:04:47.2751840Z shell: /bin/bash -e {0}
2022-12-27T11:04:47.2751990Z env:
2022-12-27T11:04:47.2752200Z   pythonLocation: /Users/runner/hostedtoolcache/Python/3.11.1/x64
2022-12-27T11:04:47.2752540Z   PKG_CONFIG_PATH: /Users/runner/hostedtoolcache/Python/3.11.1/x64/lib/pkgconfig
2022-12-27T11:04:47.2752800Z   Python_ROOT_DIR: /Users/runner/hostedtoolcache/Python/3.11.1/x64
2022-12-27T11:04:47.2753040Z   Python2_ROOT_DIR: /Users/runner/hostedtoolcache/Python/3.11.1/x64
2022-12-27T11:04:47.2753280Z   Python3_ROOT_DIR: /Users/runner/hostedtoolcache/Python/3.11.1/x64
2022-12-27T11:04:47.2753510Z   CIBW_ARCHS_MACOS: arm64
2022-12-27T11:04:47.2753680Z   CIBW_TEST_SKIP: *_arm64
2022-12-27T11:04:47.2753870Z   CIBW_BUILD: cp311-macosx_arm64
2022-12-27T11:04:47.2754030Z   CIBW_BUILD_FRONTEND: pip
2022-12-27T11:04:47.2754210Z   CIBW_BUILD_VERBOSITY: 3
2022-12-27T11:04:47.2754600Z   CIBW_ENVIRONMENT_MACOS:  CFLAGS="-I/usr/local/opt/openssl@3/include" LDFLAGS="-L/usr/local/opt/openssl@3/lib" CPPFLAGS="-I/usr/local/opt/openssl@3/include" MAKEFLAGS="-j$(sysctl -n hw.logicalcpu)" PATH=/usr/local/opt/ccache/libexec:$PATH
2022-12-27T11:04:47.2755010Z   CIBW_BEFORE_BUILD: pip install Cython; if [[ -f requirements.txt ]]; then pip install -r requirements.txt; fi
2022-12-27T11:04:47.2755230Z   MAKEFLAGS: -j$(sysctl -n hw.logicalcpu)
2022-12-27T11:04:47.2755420Z ##[endgroup]
2022-12-27T11:04:47.5952890Z Requirement already satisfied: cibuildwheel==2.11.3 in /Library/Frameworks/Python.framework/Versions/3.11/lib/python3.11/site-packages (2.11.3)
2022-12-27T11:04:47.6262630Z Requirement already satisfied: bashlex!=0.13 in /Library/Frameworks/Python.framework/Versions/3.11/lib/python3.11/site-packages (from cibuildwheel==2.11.3) (0.16)
2022-12-27T11:04:47.6268990Z Requirement already satisfied: bracex in /Library/Frameworks/Python.framework/Versions/3.11/lib/python3.11/site-packages (from cibuildwheel==2.11.3) (2.3.post1)
2022-12-27T11:04:47.6275140Z Requirement already satisfied: certifi in /Library/Frameworks/Python.framework/Versions/3.11/lib/python3.11/site-packages (from cibuildwheel==2.11.3) (2022.12.7)
2022-12-27T11:04:47.6281560Z Requirement already satisfied: filelock in /Library/Frameworks/Python.framework/Versions/3.11/lib/python3.11/site-packages (from cibuildwheel==2.11.3) (3.8.2)
2022-12-27T11:04:47.6290060Z Requirement already satisfied: packaging>=20.9 in /Library/Frameworks/Python.framework/Versions/3.11/lib/python3.11/site-packages (from cibuildwheel==2.11.3) (22.0)
2022-12-27T11:04:47.6297880Z Requirement already satisfied: platformdirs in /Library/Frameworks/Python.framework/Versions/3.11/lib/python3.11/site-packages (from cibuildwheel==2.11.3) (2.6.0)
2022-12-27T11:04:47.8379500Z 
2022-12-27T11:04:47.8380530Z      _ _       _ _   _       _           _
2022-12-27T11:04:47.8381150Z  ___|_| |_ _ _|_| |_| |_ _ _| |_ ___ ___| |
2022-12-27T11:04:47.8381610Z |  _| | . | | | | | . | | | |   | -_| -_| |
2022-12-27T11:04:47.8381830Z |___|_|___|___|_|_|___|_____|_|_|___|___|_|
2022-12-27T11:04:47.8381950Z 
2022-12-27T11:04:47.8382160Z cibuildwheel version 2.11.3
2022-12-27T11:04:47.8382390Z 
2022-12-27T11:04:47.8382470Z Build options:
2022-12-27T11:04:47.8382660Z   platform: macos
2022-12-27T11:04:47.8410520Z   architectures: arm64[0m
2022-12-27T11:04:47.8411000Z   build_selector: 
2022-12-27T11:04:47.8412980Z     build_config: cp311-macosx_arm64
2022-12-27T11:04:47.8413350Z     skip_config: 
2022-12-27T11:04:47.8413610Z     requires_python: None
2022-12-27T11:04:47.8414260Z     prerelease_pythons: False[0m
2022-12-27T11:04:47.8414550Z   [38;5;244mcontainer_engine: docker[0m
2022-12-27T11:04:47.8415010Z   output_dir: /Users/runner/actions-runner/_work/python.build/python.build/build_lxml10beta311/wheelsout[0m
2022-12-27T11:04:47.8415670Z   package_dir: /Users/runner/actions-runner/_work/python.build/python.build/build_lxml10beta311/lxml-1.0.beta[0m
2022-12-27T11:04:47.8416130Z   test_selector: 
2022-12-27T11:04:47.8416390Z     skip_config: *_arm64[0m
2022-12-27T11:04:47.8416680Z   [38;5;244mbefore_all: [0m
2022-12-27T11:04:47.8417120Z   before_build: pip install Cython; if [[ -f requirements.txt ]]; then pip install -r requirements.txt; fi[0m
2022-12-27T11:04:47.8417560Z   [38;5;244mbefore_test: [0m
2022-12-27T11:04:47.8417860Z   [38;5;244mbuild_frontend: pip[0m
2022-12-27T11:04:47.8418140Z   build_verbosity: 3[0m
2022-12-27T11:04:47.8418430Z   [38;5;244mconfig_settings: [0m
2022-12-27T11:04:47.8418850Z   [38;5;244mdependency_constraints: pinned[0m
2022-12-27T11:04:47.8419130Z   environment: 
2022-12-27T11:04:47.8419580Z     CFLAGS="-I/usr/local/opt/openssl@3/include"
2022-12-27T11:04:47.8420050Z     LDFLAGS="-L/usr/local/opt/openssl@3/lib"
2022-12-27T11:04:47.8420540Z     CPPFLAGS="-I/usr/local/opt/openssl@3/include"
2022-12-27T11:04:47.8421100Z     MAKEFLAGS="-j$(sysctl -n hw.logicalcpu)"
2022-12-27T11:04:47.8421550Z     PATH=/usr/local/opt/ccache/libexec:$PATH[0m
2022-12-27T11:04:47.8421990Z   [38;5;244mmanylinux_images: None[0m
2022-12-27T11:04:47.8422390Z   [38;5;244mmusllinux_images: None[0m
2022-12-27T11:04:47.8422960Z   [38;5;244mrepair_command: delocate-wheel --require-archs {delocate_archs} -w {dest_dir} -v {wheel}[0m
2022-12-27T11:04:47.8423550Z   [38;5;244mtest_command: [0m
2022-12-27T11:04:47.8423930Z   [38;5;244mtest_extras: [0m
2022-12-27T11:04:47.8424310Z   [38;5;244mtest_requires: [0m
2022-12-27T11:04:47.8424470Z 
2022-12-27T11:04:47.8424680Z Cache folder: /Users/runner/Library/Caches/cibuildwheel
2022-12-27T11:04:47.8425520Z 
2022-12-27T11:04:47.8425970Z Here we go!
2022-12-27T11:04:47.8426130Z 
2022-12-27T11:04:47.8532980Z 
2022-12-27T11:04:47.8533380Z [1m[34mBuilding cp311-macosx_arm64 wheel[0m
2022-12-27T11:04:47.8533780Z CPython 3.11 macOS arm64 - Apple Silicon
2022-12-27T11:04:47.8533960Z 
2022-12-27T11:04:47.8536270Z ##[group]Installing Python cp311...
2022-12-27T11:04:47.8536600Z 
2022-12-27T11:04:47.8536820Z + pkgutil --pkgs
2022-12-27T11:04:47.8632170Z ##[endgroup]
2022-12-27T11:04:47.8633310Z                                                               [32m✓ [0m0.01s
2022-12-27T11:04:47.8634010Z ##[group]Setting up build environment...
2022-12-27T11:04:47.8634160Z 
2022-12-27T11:04:47.8651590Z + /Library/Frameworks/Python.framework/Versions/3.11/bin/python -sS /Users/runner/Library/Caches/cibuildwheel/virtualenv-20.17.0.pyz --activators= --no-periodic-update --pip=22.3.1 --setuptools=65.6.3 --wheel=0.38.4 --symlink-app-data --python /Library/Frameworks/Python.framework/Versions/3.11/bin/python3 /private/var/folders/51/hd414ycd67n82196sw51xqtc0000gn/T/cibw-run-h2lh_tnt/cp311-macosx_arm64/build/venv
2022-12-27T11:04:48.0479720Z created virtual environment CPython3.11.1.final.0-64 in 51ms
2022-12-27T11:04:48.0480310Z   creator CPython3Posix(dest=/private/var/folders/51/hd414ycd67n82196sw51xqtc0000gn/T/cibw-run-h2lh_tnt/cp311-macosx_arm64/build/venv, clear=False, no_vcs_ignore=False, global=False)
2022-12-27T11:04:48.0480720Z   seeder FromAppData(download=False, pip=22.3.1, setuptools=65.6.3, wheel=0.38.4, via=symlink, app_data_dir=/Users/runner/Library/Application Support/virtualenv)
2022-12-27T11:04:48.0481090Z     added seed packages: pip==22.3.1, setuptools==65.6.3, wheel==0.38.4
2022-12-27T11:04:48.0604480Z + python -m pip install --upgrade pip -c /Library/Frameworks/Python.framework/Versions/3.11/lib/python3.11/site-packages/cibuildwheel/resources/constraints-python311.txt
2022-12-27T11:04:48.3353310Z Requirement already satisfied: pip in ./lib/python3.11/site-packages (22.3.1)
2022-12-27T11:04:48.4611960Z + which pip
2022-12-27T11:04:48.4630890Z /private/var/folders/51/hd414ycd67n82196sw51xqtc0000gn/T/cibw-run-h2lh_tnt/cp311-macosx_arm64/build/venv/bin/pip
2022-12-27T11:04:48.4634360Z + pip --version
2022-12-27T11:04:48.6534330Z pip 22.3.1 from /private/var/folders/51/hd414ycd67n82196sw51xqtc0000gn/T/cibw-run-h2lh_tnt/cp311-macosx_arm64/build/venv/lib/python3.11/site-packages/pip (python 3.11)
2022-12-27T11:04:48.6771790Z + which pip
2022-12-27T11:04:48.6798780Z + which python
2022-12-27T11:04:48.6816090Z /private/var/folders/51/hd414ycd67n82196sw51xqtc0000gn/T/cibw-run-h2lh_tnt/cp311-macosx_arm64/build/venv/bin/python
2022-12-27T11:04:48.6817950Z + python --version
2022-12-27T11:04:48.6871420Z Python 3.11.1
2022-12-27T11:04:48.6874590Z + which python
2022-12-27T11:04:48.6924320Z ##[endgroup]
2022-12-27T11:04:48.6924830Z                                                               [32m✓ [0m0.83s
2022-12-27T11:04:48.6925320Z ##[group]Installing build tools...
2022-12-27T11:04:48.6925550Z 
2022-12-27T11:04:48.6925980Z + pip install --upgrade setuptools wheel delocate -c /Library/Frameworks/Python.framework/Versions/3.11/lib/python3.11/site-packages/cibuildwheel/resources/constraints-python311.txt
2022-12-27T11:04:48.9619860Z Requirement already satisfied: setuptools in /private/var/folders/51/hd414ycd67n82196sw51xqtc0000gn/T/cibw-run-h2lh_tnt/cp311-macosx_arm64/build/venv/lib/python3.11/site-packages (65.6.3)
2022-12-27T11:04:49.1338490Z Requirement already satisfied: wheel in /private/var/folders/51/hd414ycd67n82196sw51xqtc0000gn/T/cibw-run-h2lh_tnt/cp311-macosx_arm64/build/venv/lib/python3.11/site-packages (0.38.4)
2022-12-27T11:04:49.1781860Z Collecting delocate
2022-12-27T11:04:49.1803730Z   Using cached delocate-0.10.3-py3-none-any.whl (142 kB)
2022-12-27T11:04:49.2058430Z Collecting packaging>=20.9
2022-12-27T11:04:49.2075530Z   Using cached packaging-21.3-py3-none-any.whl (40 kB)
2022-12-27T11:04:49.2225820Z Collecting typing-extensions
2022-12-27T11:04:49.2244930Z   Using cached typing_extensions-4.4.0-py3-none-any.whl (26 kB)
2022-12-27T11:04:49.2558690Z Collecting pyparsing!=3.0.5,>=2.0.2
2022-12-27T11:04:49.2576370Z   Using cached pyparsing-3.0.9-py3-none-any.whl (98 kB)
2022-12-27T11:04:49.3116580Z Installing collected packages: typing-extensions, pyparsing, packaging, delocate
2022-12-27T11:04:49.4360080Z Successfully installed delocate-0.10.3 packaging-21.3 pyparsing-3.0.9 typing-extensions-4.4.0
2022-12-27T11:04:49.4831100Z ##[endgroup]
2022-12-27T11:04:49.4831780Z                                                               [32m✓ [0m0.79s
2022-12-27T11:04:49.4832240Z ##[group]Running before_build...
2022-12-27T11:04:49.4832400Z 
2022-12-27T11:04:49.4835820Z + pip install Cython; if [[ -f requirements.txt ]]; then pip install -r requirements.txt; fi
2022-12-27T11:04:50.0428380Z Collecting Cython
2022-12-27T11:04:50.0473080Z   Using cached Cython-0.29.32-py2.py3-none-any.whl (986 kB)
2022-12-27T11:04:50.0862130Z Installing collected packages: Cython
2022-12-27T11:04:50.4844850Z Successfully installed Cython-0.29.32
2022-12-27T11:04:50.5289660Z ##[endgroup]
2022-12-27T11:04:50.5290440Z                                                               [32m✓ [0m1.05s
2022-12-27T11:04:50.5291040Z ##[group]Building wheel...
2022-12-27T11:04:50.5291180Z 
2022-12-27T11:04:50.5294280Z + python -m pip wheel /Users/runner/actions-runner/_work/python.build/python.build/build_lxml10beta311/lxml-1.0.beta --wheel-dir=/private/var/folders/51/hd414ycd67n82196sw51xqtc0000gn/T/cibw-run-h2lh_tnt/cp311-macosx_arm64/built_wheel --no-deps -vvv
2022-12-27T11:04:50.7710720Z Created temporary directory: /private/var/folders/51/hd414ycd67n82196sw51xqtc0000gn/T/pip-ephem-wheel-cache-7zflczwo
2022-12-27T11:04:50.7714620Z Created temporary directory: /private/var/folders/51/hd414ycd67n82196sw51xqtc0000gn/T/pip-build-tracker-36yuq_8c
2022-12-27T11:04:50.7716630Z Initialized build tracking at /private/var/folders/51/hd414ycd67n82196sw51xqtc0000gn/T/pip-build-tracker-36yuq_8c
2022-12-27T11:04:50.7717820Z Created build tracker: /private/var/folders/51/hd414ycd67n82196sw51xqtc0000gn/T/pip-build-tracker-36yuq_8c
2022-12-27T11:04:50.7719050Z Entered build tracker: /private/var/folders/51/hd414ycd67n82196sw51xqtc0000gn/T/pip-build-tracker-36yuq_8c
2022-12-27T11:04:50.7721970Z Created temporary directory: /private/var/folders/51/hd414ycd67n82196sw51xqtc0000gn/T/pip-wheel-63j4rmpy
2022-12-27T11:04:50.7727080Z Created temporary directory: /private/var/folders/51/hd414ycd67n82196sw51xqtc0000gn/T/pip-ephem-wheel-cache-cg8ztjho
2022-12-27T11:04:50.7799660Z Processing /Users/runner/actions-runner/_work/python.build/python.build/build_lxml10beta311/lxml-1.0.beta
2022-12-27T11:04:50.7804210Z   Added file:///Users/runner/actions-runner/_work/python.build/python.build/build_lxml10beta311/lxml-1.0.beta to build tracker '/private/var/folders/51/hd414ycd67n82196sw51xqtc0000gn/T/pip-build-tracker-36yuq_8c'
2022-12-27T11:04:50.7807330Z   Running setup.py (path:/Users/runner/actions-runner/_work/python.build/python.build/build_lxml10beta311/lxml-1.0.beta/setup.py) egg_info for package from file:///Users/runner/actions-runner/_work/python.build/python.build/build_lxml10beta311/lxml-1.0.beta
2022-12-27T11:04:50.7809980Z   Created temporary directory: /private/var/folders/51/hd414ycd67n82196sw51xqtc0000gn/T/pip-pip-egg-info-u4u8elk4
2022-12-27T11:04:50.7810880Z   Preparing metadata (setup.py): started
2022-12-27T11:04:50.7812490Z   Running command python setup.py egg_info
2022-12-27T11:04:50.9174560Z   Traceback (most recent call last):
2022-12-27T11:04:50.9182530Z     File "<string>", line 2, in <module>
2022-12-27T11:04:50.9183240Z     File "<pip-setuptools-caller>", line 34, in <module>
2022-12-27T11:04:50.9183800Z     File "/Users/runner/actions-runner/_work/python.build/python.build/build_lxml10beta311/lxml-1.0.beta/setup.py", line 22
2022-12-27T11:04:50.9184140Z       raise NotImplementedError, \
2022-12-27T11:04:50.9184370Z                                ^
2022-12-27T11:04:50.9184610Z   SyntaxError: invalid syntax
2022-12-27T11:04:50.9521430Z   error: subprocess-exited-with-error
2022-12-27T11:04:50.9522200Z   
2022-12-27T11:04:50.9522690Z   × python setup.py egg_info did not run successfully.
2022-12-27T11:04:50.9523180Z   │ exit code: 1
2022-12-27T11:04:50.9523480Z   ╰─> See above for output.
2022-12-27T11:04:50.9523670Z   
2022-12-27T11:04:50.9523960Z   note: This error originates from a subprocess, and is likely not a problem with pip.
2022-12-27T11:04:50.9527400Z   full command: /private/var/folders/51/hd414ycd67n82196sw51xqtc0000gn/T/cibw-run-h2lh_tnt/cp311-macosx_arm64/build/venv/bin/python -c '
2022-12-27T11:04:50.9528880Z   exec(compile('"'"''"'"''"'"'
2022-12-27T11:04:50.9529530Z   # This is <pip-setuptools-caller> -- a caller that pip uses to run setup.py
2022-12-27T11:04:50.9530050Z   #
2022-12-27T11:04:50.9530620Z   # - It imports setuptools before invoking setup.py, to enable projects that directly
2022-12-27T11:04:50.9531090Z   #   import from `distutils.core` to work with newer packaging standards.
2022-12-27T11:04:50.9531750Z   # - It provides a clear error message when setuptools is not installed.
2022-12-27T11:04:50.9532210Z   # - It sets `sys.argv[0]` to the underlying `setup.py`, when invoking `setup.py` so
2022-12-27T11:04:50.9532710Z   #   setuptools doesn'"'"'t think the script is `-c`. This avoids the following warning:
2022-12-27T11:04:50.9533130Z   #     manifest_maker: standard file '"'"'-c'"'"' not found".
2022-12-27T11:04:50.9533850Z   # - It generates a shim setup.py, for handling setup.cfg-only projects.
2022-12-27T11:04:50.9534140Z   import os, sys, tokenize
2022-12-27T11:04:50.9534340Z   
2022-12-27T11:04:50.9534490Z   try:
2022-12-27T11:04:50.9534970Z       import setuptools
2022-12-27T11:04:50.9535200Z   except ImportError as error:
2022-12-27T11:04:50.9535450Z       print(
2022-12-27T11:04:50.9536190Z           "ERROR: Can not execute `setup.py` since setuptools is not available in "
2022-12-27T11:04:50.9536770Z           "the build environment.",
2022-12-27T11:04:50.9537040Z           file=sys.stderr,
2022-12-27T11:04:50.9537260Z       )
2022-12-27T11:04:50.9537450Z       sys.exit(1)
2022-12-27T11:04:50.9537620Z   
2022-12-27T11:04:50.9538110Z   __file__ = %r
2022-12-27T11:04:50.9538310Z   sys.argv[0] = __file__
2022-12-27T11:04:50.9538480Z   
2022-12-27T11:04:50.9538760Z   if os.path.exists(__file__):
2022-12-27T11:04:50.9539410Z       filename = __file__
2022-12-27T11:04:50.9539670Z       with tokenize.open(__file__) as f:
2022-12-27T11:04:50.9540240Z           setup_py_code = f.read()
2022-12-27T11:04:50.9540510Z   else:
2022-12-27T11:04:50.9541210Z       filename = "<auto-generated setuptools caller>"
2022-12-27T11:04:50.9541600Z       setup_py_code = "from setuptools import setup; setup()"
2022-12-27T11:04:50.9541900Z   
2022-12-27T11:04:50.9542460Z   exec(compile(setup_py_code, filename, "exec"))
2022-12-27T11:04:50.9543350Z   '"'"''"'"''"'"' % ('"'"'/Users/runner/actions-runner/_work/python.build/python.build/build_lxml10beta311/lxml-1.0.beta/setup.py'"'"',), "<pip-setuptools-caller>", "exec"))' egg_info --egg-base /private/var/folders/51/hd414ycd67n82196sw51xqtc0000gn/T/pip-pip-egg-info-u4u8elk4
2022-12-27T11:04:50.9544190Z   cwd: /Users/runner/actions-runner/_work/python.build/python.build/build_lxml10beta311/lxml-1.0.beta/
2022-12-27T11:04:50.9544740Z   Preparing metadata (setup.py): finished with status 'error'
2022-12-27T11:04:50.9545450Z error: metadata-generation-failed
2022-12-27T11:04:50.9545610Z 
2022-12-27T11:04:50.9545900Z × Encountered error while generating package metadata.
2022-12-27T11:04:50.9546290Z ╰─> See above for output.
2022-12-27T11:04:50.9546460Z 
2022-12-27T11:04:50.9546640Z note: This is an issue with the package mentioned above, not pip.
2022-12-27T11:04:50.9546950Z hint: See above for details.
2022-12-27T11:04:50.9578920Z Exception information:
2022-12-27T11:04:50.9579320Z Traceback (most recent call last):
2022-12-27T11:04:50.9580460Z   File "/private/var/folders/51/hd414ycd67n82196sw51xqtc0000gn/T/cibw-run-h2lh_tnt/cp311-macosx_arm64/build/venv/lib/python3.11/site-packages/pip/_internal/operations/build/metadata_legacy.py", line 64, in generate_metadata
2022-12-27T11:04:50.9581550Z     call_subprocess(
2022-12-27T11:04:50.9583030Z   File "/private/var/folders/51/hd414ycd67n82196sw51xqtc0000gn/T/cibw-run-h2lh_tnt/cp311-macosx_arm64/build/venv/lib/python3.11/site-packages/pip/_internal/utils/subprocess.py", line 224, in call_subprocess
2022-12-27T11:04:50.9584280Z     raise error
2022-12-27T11:04:50.9584710Z pip._internal.exceptions.InstallationSubprocessError: python setup.py egg_info exited with 1
2022-12-27T11:04:50.9585260Z 
2022-12-27T11:04:50.9585430Z The above exception was the direct cause of the following exception:
2022-12-27T11:04:50.9586040Z 
2022-12-27T11:04:50.9586180Z Traceback (most recent call last):
2022-12-27T11:04:50.9587190Z   File "/private/var/folders/51/hd414ycd67n82196sw51xqtc0000gn/T/cibw-run-h2lh_tnt/cp311-macosx_arm64/build/venv/lib/python3.11/site-packages/pip/_internal/cli/base_command.py", line 160, in exc_logging_wrapper
2022-12-27T11:04:50.9587600Z     status = run_func(*args)
2022-12-27T11:04:50.9587790Z              ^^^^^^^^^^^^^^^
2022-12-27T11:04:50.9588360Z   File "/private/var/folders/51/hd414ycd67n82196sw51xqtc0000gn/T/cibw-run-h2lh_tnt/cp311-macosx_arm64/build/venv/lib/python3.11/site-packages/pip/_internal/cli/req_command.py", line 247, in wrapper
2022-12-27T11:04:50.9588730Z     return func(self, options, args)
2022-12-27T11:04:50.9589380Z            ^^^^^^^^^^^^^^^^^^^^^^^^^
2022-12-27T11:04:50.9590050Z   File "/private/var/folders/51/hd414ycd67n82196sw51xqtc0000gn/T/cibw-run-h2lh_tnt/cp311-macosx_arm64/build/venv/lib/python3.11/site-packages/pip/_internal/commands/wheel.py", line 170, in run
2022-12-27T11:04:50.9590660Z     requirement_set = resolver.resolve(reqs, check_supported_wheels=True)
2022-12-27T11:04:50.9590990Z                       ^^^^^^^^^^^^^^^^^^^^^^^^^^^^^^^^^^^^^^^^^^^^^^^^^^^
2022-12-27T11:04:50.9592230Z   File "/private/var/folders/51/hd414ycd67n82196sw51xqtc0000gn/T/cibw-run-h2lh_tnt/cp311-macosx_arm64/build/venv/lib/python3.11/site-packages/pip/_internal/resolution/resolvelib/resolver.py", line 73, in resolve
2022-12-27T11:04:50.9592780Z     collected = self.factory.collect_root_requirements(root_reqs)
2022-12-27T11:04:50.9593060Z                 ^^^^^^^^^^^^^^^^^^^^^^^^^^^^^^^^^^^^^^^^^^^^^^^^^
2022-12-27T11:04:50.9593800Z   File "/private/var/folders/51/hd414ycd67n82196sw51xqtc0000gn/T/cibw-run-h2lh_tnt/cp311-macosx_arm64/build/venv/lib/python3.11/site-packages/pip/_internal/resolution/resolvelib/factory.py", line 491, in collect_root_requirements
2022-12-27T11:04:50.9594310Z     req = self._make_requirement_from_install_req(
2022-12-27T11:04:50.9594870Z           ^^^^^^^^^^^^^^^^^^^^^^^^^^^^^^^^^^^^^^^^
2022-12-27T11:04:50.9595660Z   File "/private/var/folders/51/hd414ycd67n82196sw51xqtc0000gn/T/cibw-run-h2lh_tnt/cp311-macosx_arm64/build/venv/lib/python3.11/site-packages/pip/_internal/resolution/resolvelib/factory.py", line 453, in _make_requirement_from_install_req
2022-12-27T11:04:50.9596130Z     cand = self._make_candidate_from_link(
2022-12-27T11:04:50.9596400Z            ^^^^^^^^^^^^^^^^^^^^^^^^^^^^^^^
2022-12-27T11:04:50.9597130Z   File "/private/var/folders/51/hd414ycd67n82196sw51xqtc0000gn/T/cibw-run-h2lh_tnt/cp311-macosx_arm64/build/venv/lib/python3.11/site-packages/pip/_internal/resolution/resolvelib/factory.py", line 206, in _make_candidate_from_link
2022-12-27T11:04:50.9597950Z     self._link_candidate_cache[link] = LinkCandidate(
2022-12-27T11:04:50.9598250Z                                        ^^^^^^^^^^^^^^
2022-12-27T11:04:50.9598940Z   File "/private/var/folders/51/hd414ycd67n82196sw51xqtc0000gn/T/cibw-run-h2lh_tnt/cp311-macosx_arm64/build/venv/lib/python3.11/site-packages/pip/_internal/resolution/resolvelib/candidates.py", line 297, in __init__
2022-12-27T11:04:50.9599350Z     super().__init__(
2022-12-27T11:04:50.9599930Z   File "/private/var/folders/51/hd414ycd67n82196sw51xqtc0000gn/T/cibw-run-h2lh_tnt/cp311-macosx_arm64/build/venv/lib/python3.11/site-packages/pip/_internal/resolution/resolvelib/candidates.py", line 162, in __init__
2022-12-27T11:04:50.9600450Z     self.dist = self._prepare()
2022-12-27T11:04:50.9600650Z                 ^^^^^^^^^^^^^^^
2022-12-27T11:04:50.9601120Z   File "/private/var/folders/51/hd414ycd67n82196sw51xqtc0000gn/T/cibw-run-h2lh_tnt/cp311-macosx_arm64/build/venv/lib/python3.11/site-packages/pip/_internal/resolution/resolvelib/candidates.py", line 231, in _prepare
2022-12-27T11:04:50.9601410Z     dist = self._prepare_distribution()
2022-12-27T11:04:50.9601700Z            ^^^^^^^^^^^^^^^^^^^^^^^^^^^^
2022-12-27T11:04:50.9602190Z   File "/private/var/folders/51/hd414ycd67n82196sw51xqtc0000gn/T/cibw-run-h2lh_tnt/cp311-macosx_arm64/build/venv/lib/python3.11/site-packages/pip/_internal/resolution/resolvelib/candidates.py", line 308, in _prepare_distribution
2022-12-27T11:04:50.9602550Z     return preparer.prepare_linked_requirement(self._ireq, parallel_builds=True)
2022-12-27T11:04:50.9602760Z            ^^^^^^^^^^^^^^^^^^^^^^^^^^^^^^^^^^^^^^^^^^^^^^^^^^^^^^^^^^^^^^^^^^^^^
2022-12-27T11:04:50.9603300Z   File "/private/var/folders/51/hd414ycd67n82196sw51xqtc0000gn/T/cibw-run-h2lh_tnt/cp311-macosx_arm64/build/venv/lib/python3.11/site-packages/pip/_internal/operations/prepare.py", line 491, in prepare_linked_requirement
2022-12-27T11:04:50.9603630Z     return self._prepare_linked_requirement(req, parallel_builds)
2022-12-27T11:04:50.9603860Z            ^^^^^^^^^^^^^^^^^^^^^^^^^^^^^^^^^^^^^^^^^^^^^^^^^^^^^^
2022-12-27T11:04:50.9604310Z   File "/private/var/folders/51/hd414ycd67n82196sw51xqtc0000gn/T/cibw-run-h2lh_tnt/cp311-macosx_arm64/build/venv/lib/python3.11/site-packages/pip/_internal/operations/prepare.py", line 577, in _prepare_linked_requirement
2022-12-27T11:04:50.9604700Z     dist = _get_prepared_distribution(
2022-12-27T11:04:50.9604860Z            ^^^^^^^^^^^^^^^^^^^^^^^^^^^
2022-12-27T11:04:50.9605460Z   File "/private/var/folders/51/hd414ycd67n82196sw51xqtc0000gn/T/cibw-run-h2lh_tnt/cp311-macosx_arm64/build/venv/lib/python3.11/site-packages/pip/_internal/operations/prepare.py", line 69, in _get_prepared_distribution
2022-12-27T11:04:50.9605820Z     abstract_dist.prepare_distribution_metadata(
2022-12-27T11:04:50.9606320Z   File "/private/var/folders/51/hd414ycd67n82196sw51xqtc0000gn/T/cibw-run-h2lh_tnt/cp311-macosx_arm64/build/venv/lib/python3.11/site-packages/pip/_internal/distributions/sdist.py", line 61, in prepare_distribution_metadata
2022-12-27T11:04:50.9606670Z     self.req.prepare_metadata()
2022-12-27T11:04:50.9607130Z   File "/private/var/folders/51/hd414ycd67n82196sw51xqtc0000gn/T/cibw-run-h2lh_tnt/cp311-macosx_arm64/build/venv/lib/python3.11/site-packages/pip/_internal/req/req_install.py", line 541, in prepare_metadata
2022-12-27T11:04:50.9607450Z     self.metadata_directory = generate_metadata_legacy(
2022-12-27T11:04:50.9607660Z                               ^^^^^^^^^^^^^^^^^^^^^^^^^
2022-12-27T11:04:50.9608200Z   File "/private/var/folders/51/hd414ycd67n82196sw51xqtc0000gn/T/cibw-run-h2lh_tnt/cp311-macosx_arm64/build/venv/lib/python3.11/site-packages/pip/_internal/operations/build/metadata_legacy.py", line 71, in generate_metadata
2022-12-27T11:04:50.9608570Z     raise MetadataGenerationFailed(package_details=details) from error
2022-12-27T11:04:50.9608830Z pip._internal.exceptions.MetadataGenerationFailed: metadata generation failed
2022-12-27T11:04:50.9609340Z Removed file:///Users/runner/actions-runner/_work/python.build/python.build/build_lxml10beta311/lxml-1.0.beta from build tracker '/private/var/folders/51/hd414ycd67n82196sw51xqtc0000gn/T/pip-build-tracker-36yuq_8c'
2022-12-27T11:04:50.9609790Z Removed build tracker: '/private/var/folders/51/hd414ycd67n82196sw51xqtc0000gn/T/pip-build-tracker-36yuq_8c'
2022-12-27T11:04:50.9948270Z ##[endgroup]
2022-12-27T11:04:50.9973150Z ##[error]Command ['python', '-m', 'pip', 'wheel', '/Users/runner/actions-runner/_work/python.build/python.build/build_lxml10beta311/lxml-1.0.beta', '--wheel-dir=/private/var/folders/51/hd414ycd67n82196sw51xqtc0000gn/T/cibw-run-h2lh_tnt/cp311-macosx_arm64/built_wheel', '--no-deps', '-vvv'] failed with code 1. None
2022-12-27T11:04:50.9979410Z 
2022-12-27T11:04:50.9979710Z                                                               [31m✕ [0m0.47s
2022-12-27T11:04:51.0434490Z ##[error]Process completed with exit code 1.
2022-12-27T11:04:51.0534240Z ##[group]Run rm -rf build_lxml10beta311 wheelsout
2022-12-27T11:04:51.0534510Z [36;1mrm -rf build_lxml10beta311 wheelsout[0m
2022-12-27T11:04:51.0550380Z shell: /bin/bash -e {0}
2022-12-27T11:04:51.0550610Z env:
2022-12-27T11:04:51.0550810Z   pythonLocation: /Users/runner/hostedtoolcache/Python/3.11.1/x64
2022-12-27T11:04:51.0551060Z   PKG_CONFIG_PATH: /Users/runner/hostedtoolcache/Python/3.11.1/x64/lib/pkgconfig
2022-12-27T11:04:51.0551270Z   Python_ROOT_DIR: /Users/runner/hostedtoolcache/Python/3.11.1/x64
2022-12-27T11:04:51.0551500Z   Python2_ROOT_DIR: /Users/runner/hostedtoolcache/Python/3.11.1/x64
2022-12-27T11:04:51.0551730Z   Python3_ROOT_DIR: /Users/runner/hostedtoolcache/Python/3.11.1/x64
2022-12-27T11:04:51.0551900Z ##[endgroup]
2022-12-27T11:04:51.0801980Z Cleaning up orphan processes
