2022-12-27T08:59:31.5910068Z Requested labels: self-hosted, macOS, X64
2022-12-27T08:59:31.5910143Z Job defined at: kilnbuild/python.build/.github/workflows/mac_arm_build.yml@refs/heads/main
2022-12-27T08:59:31.5910168Z Waiting for a runner to pick up this job...
2022-12-27T11:50:43.2403029Z Job is about to start running on the runner: k2 (organization)
2022-12-27T11:50:45.9142410Z Current runner version: '2.300.2'
2022-12-27T11:50:45.9147220Z Runner name: 'k2'
2022-12-27T11:50:45.9147460Z Runner group name: 'Default'
2022-12-27T11:50:45.9147880Z Machine name: 'k2'
2022-12-27T11:50:45.9149380Z ##[group]GITHUB_TOKEN Permissions
2022-12-27T11:50:45.9149780Z Actions: write
2022-12-27T11:50:45.9149910Z Checks: write
2022-12-27T11:50:45.9150040Z Contents: write
2022-12-27T11:50:45.9150180Z Deployments: write
2022-12-27T11:50:45.9150310Z Discussions: write
2022-12-27T11:50:45.9150440Z Issues: write
2022-12-27T11:50:45.9150560Z Metadata: read
2022-12-27T11:50:45.9150690Z Packages: write
2022-12-27T11:50:45.9150830Z Pages: write
2022-12-27T11:50:45.9150960Z PullRequests: write
2022-12-27T11:50:45.9151120Z RepositoryProjects: write
2022-12-27T11:50:45.9151280Z SecurityEvents: write
2022-12-27T11:50:45.9151420Z Statuses: write
2022-12-27T11:50:45.9151550Z ##[endgroup]
2022-12-27T11:50:45.9154040Z Secret source: Actions
2022-12-27T11:50:45.9154360Z Prepare workflow directory
2022-12-27T11:50:45.9802860Z Prepare all required actions
2022-12-27T11:50:45.9921690Z Getting action download info
2022-12-27T11:50:46.4289920Z Download action repository 'actions/setup-python@v4' (SHA:5ccb29d8773c3f3f653e1705f474dfaa8a06a912)
2022-12-27T11:50:48.2151100Z Download action repository 'actions/upload-artifact@v3' (SHA:83fd05a356d7e2593de66fc9913b3002723633cb)
2022-12-27T11:50:49.7298650Z ##[group]Run echo '{
2022-12-27T11:50:49.7298940Z [36;1mecho '{[0m
2022-12-27T11:50:49.7299060Z [36;1m  "package_name": "lxml",[0m
2022-12-27T11:50:49.7299310Z [36;1m  "package_url": "https://files.pythonhosted.org/packages/3c/5a/81446fb5a4706bb07a98427634ab93219dc7fa393841d81f5da5c7e151b7/lxml-4.6.0.tar.gz",[0m
2022-12-27T11:50:49.7299520Z [36;1m  "package_version": "4.6.0",[0m
2022-12-27T11:50:49.7299640Z [36;1m  "python_version": "3.8",[0m
2022-12-27T11:50:49.7299760Z [36;1m  "use_ccache": "true"[0m
2022-12-27T11:50:49.7299860Z [36;1m}'[0m
2022-12-27T11:50:49.7315470Z shell: /bin/bash -e {0}
2022-12-27T11:50:49.7315700Z ##[endgroup]
2022-12-27T11:50:49.7532710Z {
2022-12-27T11:50:49.7534130Z   "package_name": "lxml",
2022-12-27T11:50:49.7534810Z   "package_url": "https://files.pythonhosted.org/packages/3c/5a/81446fb5a4706bb07a98427634ab93219dc7fa393841d81f5da5c7e151b7/lxml-4.6.0.tar.gz",
2022-12-27T11:50:49.7535130Z   "package_version": "4.6.0",
2022-12-27T11:50:49.7535350Z   "python_version": "3.8",
2022-12-27T11:50:49.7535540Z   "use_ccache": "true"
2022-12-27T11:50:49.7535710Z }
2022-12-27T11:50:49.7742210Z ##[group]Run actions/setup-python@v4
2022-12-27T11:50:49.7742470Z with:
2022-12-27T11:50:49.7742730Z   python-version: 3.8
2022-12-27T11:50:49.7742890Z   check-latest: false
2022-12-27T11:50:49.7743180Z   token: ***
2022-12-27T11:50:49.7743370Z   update-environment: true
2022-12-27T11:50:49.7743520Z ##[endgroup]
2022-12-27T11:50:49.8983420Z ##[group]Installed versions
2022-12-27T11:50:49.9086340Z Successfully set up CPython (3.8.15)
2022-12-27T11:50:49.9086870Z ##[endgroup]
2022-12-27T11:50:49.9227930Z ##[group]Run if [ "true" == "true" ]
2022-12-27T11:50:49.9228280Z [36;1mif [ "true" == "true" ][0m
2022-12-27T11:50:49.9228470Z [36;1mthen[0m
2022-12-27T11:50:49.9228650Z [36;1m  echo "CCACHE_PATH_PREPEND=/usr/local/opt/ccache/libexec" >> $GITHUB_OUTPUT[0m
2022-12-27T11:50:49.9228940Z [36;1melse[0m
2022-12-27T11:50:49.9229260Z [36;1m  echo "CCACHE_PATH_PREPEND=" >> $GITHUB_OUTPUT[0m
2022-12-27T11:50:49.9229500Z [36;1mfi[0m
2022-12-27T11:50:49.9246080Z shell: /bin/bash -e {0}
2022-12-27T11:50:49.9246370Z env:
2022-12-27T11:50:49.9246600Z   pythonLocation: /Users/runner/hostedtoolcache/Python/3.8.15/x64
2022-12-27T11:50:49.9246840Z   PKG_CONFIG_PATH: /Users/runner/hostedtoolcache/Python/3.8.15/x64/lib/pkgconfig
2022-12-27T11:50:49.9247100Z   Python_ROOT_DIR: /Users/runner/hostedtoolcache/Python/3.8.15/x64
2022-12-27T11:50:49.9247350Z   Python2_ROOT_DIR: /Users/runner/hostedtoolcache/Python/3.8.15/x64
2022-12-27T11:50:49.9247670Z   Python3_ROOT_DIR: /Users/runner/hostedtoolcache/Python/3.8.15/x64
2022-12-27T11:50:49.9248240Z ##[endgroup]
2022-12-27T11:50:49.9402210Z ##[group]Run echo "BUILD_NAME=$(echo lxml_4.6.0_3.8 | tr -dc '[:alnum:]\n\r' | tr '[:upper:]' '[:lower:]')" >> $GITHUB_OUTPUT
2022-12-27T11:50:49.9402800Z [36;1mecho "BUILD_NAME=$(echo lxml_4.6.0_3.8 | tr -dc '[:alnum:]\n\r' | tr '[:upper:]' '[:lower:]')" >> $GITHUB_OUTPUT[0m
2022-12-27T11:50:49.9416520Z shell: /bin/bash -e {0}
2022-12-27T11:50:49.9416680Z env:
2022-12-27T11:50:49.9416880Z   pythonLocation: /Users/runner/hostedtoolcache/Python/3.8.15/x64
2022-12-27T11:50:49.9417130Z   PKG_CONFIG_PATH: /Users/runner/hostedtoolcache/Python/3.8.15/x64/lib/pkgconfig
2022-12-27T11:50:49.9417370Z   Python_ROOT_DIR: /Users/runner/hostedtoolcache/Python/3.8.15/x64
2022-12-27T11:50:49.9417570Z   Python2_ROOT_DIR: /Users/runner/hostedtoolcache/Python/3.8.15/x64
2022-12-27T11:50:49.9417770Z   Python3_ROOT_DIR: /Users/runner/hostedtoolcache/Python/3.8.15/x64
2022-12-27T11:50:49.9417960Z ##[endgroup]
2022-12-27T11:50:49.9524770Z ##[group]Run echo "PYTHON_NO_DOTS=$(echo 3.8 | tr -dc '[:alnum:]\n\r' | tr '[:upper:]' '[:lower:]')" >> $GITHUB_OUTPUT
2022-12-27T11:50:49.9525260Z [36;1mecho "PYTHON_NO_DOTS=$(echo 3.8 | tr -dc '[:alnum:]\n\r' | tr '[:upper:]' '[:lower:]')" >> $GITHUB_OUTPUT[0m
2022-12-27T11:50:49.9538770Z shell: /bin/bash -e {0}
2022-12-27T11:50:49.9538910Z env:
2022-12-27T11:50:49.9539160Z   pythonLocation: /Users/runner/hostedtoolcache/Python/3.8.15/x64
2022-12-27T11:50:49.9539420Z   PKG_CONFIG_PATH: /Users/runner/hostedtoolcache/Python/3.8.15/x64/lib/pkgconfig
2022-12-27T11:50:49.9539630Z   Python_ROOT_DIR: /Users/runner/hostedtoolcache/Python/3.8.15/x64
2022-12-27T11:50:49.9539870Z   Python2_ROOT_DIR: /Users/runner/hostedtoolcache/Python/3.8.15/x64
2022-12-27T11:50:49.9540090Z   Python3_ROOT_DIR: /Users/runner/hostedtoolcache/Python/3.8.15/x64
2022-12-27T11:50:49.9540290Z ##[endgroup]
2022-12-27T11:50:49.9645880Z ##[group]Run rm -rf build_lxml46038
2022-12-27T11:50:49.9646220Z [36;1mrm -rf build_lxml46038[0m
2022-12-27T11:50:49.9646380Z [36;1mmkdir build_lxml46038[0m
2022-12-27T11:50:49.9646620Z [36;1mcd build_lxml46038[0m
2022-12-27T11:50:49.9646900Z [36;1m/usr/local/bin/wget --quiet https://files.pythonhosted.org/packages/3c/5a/81446fb5a4706bb07a98427634ab93219dc7fa393841d81f5da5c7e151b7/lxml-4.6.0.tar.gz[0m
2022-12-27T11:50:49.9647160Z [36;1mtar xf *.tar.gz[0m
2022-12-27T11:50:49.9647290Z [36;1mcd *[0m
2022-12-27T11:50:49.9647510Z [36;1mpython -m pip install cibuildwheel==2.11.3[0m
2022-12-27T11:50:49.9647730Z [36;1mpython -m cibuildwheel --output-dir ../wheelsout[0m
2022-12-27T11:50:49.9661020Z shell: /bin/bash -e {0}
2022-12-27T11:50:49.9661210Z env:
2022-12-27T11:50:49.9661470Z   pythonLocation: /Users/runner/hostedtoolcache/Python/3.8.15/x64
2022-12-27T11:50:49.9661700Z   PKG_CONFIG_PATH: /Users/runner/hostedtoolcache/Python/3.8.15/x64/lib/pkgconfig
2022-12-27T11:50:49.9662010Z   Python_ROOT_DIR: /Users/runner/hostedtoolcache/Python/3.8.15/x64
2022-12-27T11:50:49.9662210Z   Python2_ROOT_DIR: /Users/runner/hostedtoolcache/Python/3.8.15/x64
2022-12-27T11:50:49.9662470Z   Python3_ROOT_DIR: /Users/runner/hostedtoolcache/Python/3.8.15/x64
2022-12-27T11:50:49.9662680Z   CIBW_ARCHS_MACOS: arm64
2022-12-27T11:50:49.9662820Z   CIBW_TEST_SKIP: *_arm64
2022-12-27T11:50:49.9663000Z   CIBW_BUILD: cp38-macosx_arm64
2022-12-27T11:50:49.9663180Z   CIBW_BUILD_FRONTEND: pip
2022-12-27T11:50:49.9663350Z   CIBW_BUILD_VERBOSITY: 3
2022-12-27T11:50:49.9663650Z   CIBW_ENVIRONMENT_MACOS:  CFLAGS="-I/usr/local/opt/openssl@3/include" LDFLAGS="-L/usr/local/opt/openssl@3/lib" CPPFLAGS="-I/usr/local/opt/openssl@3/include" MAKEFLAGS="-j$(sysctl -n hw.logicalcpu)" PATH=/usr/local/opt/ccache/libexec:$PATH
2022-12-27T11:50:49.9664010Z   CIBW_BEFORE_BUILD: pip install Cython; if [[ -f requirements.txt ]]; then pip install -r requirements.txt; fi
2022-12-27T11:50:49.9664250Z   MAKEFLAGS: -j$(sysctl -n hw.logicalcpu)
2022-12-27T11:50:49.9664400Z ##[endgroup]
2022-12-27T11:50:50.4112680Z Requirement already satisfied: cibuildwheel==2.11.3 in /Users/runner/hostedtoolcache/Python/3.8.15/x64/lib/python3.8/site-packages (2.11.3)
2022-12-27T11:50:50.4471380Z Requirement already satisfied: packaging>=20.9 in /Users/runner/hostedtoolcache/Python/3.8.15/x64/lib/python3.8/site-packages (from cibuildwheel==2.11.3) (22.0)
2022-12-27T11:50:50.4474960Z Requirement already satisfied: bracex in /Users/runner/hostedtoolcache/Python/3.8.15/x64/lib/python3.8/site-packages (from cibuildwheel==2.11.3) (2.3.post1)
2022-12-27T11:50:50.4480620Z Requirement already satisfied: tomli in /Users/runner/hostedtoolcache/Python/3.8.15/x64/lib/python3.8/site-packages (from cibuildwheel==2.11.3) (2.0.1)
2022-12-27T11:50:50.4484710Z Requirement already satisfied: filelock in /Users/runner/hostedtoolcache/Python/3.8.15/x64/lib/python3.8/site-packages (from cibuildwheel==2.11.3) (3.8.2)
2022-12-27T11:50:50.4487990Z Requirement already satisfied: certifi in /Users/runner/hostedtoolcache/Python/3.8.15/x64/lib/python3.8/site-packages (from cibuildwheel==2.11.3) (2022.12.7)
2022-12-27T11:50:50.4491360Z Requirement already satisfied: platformdirs in /Users/runner/hostedtoolcache/Python/3.8.15/x64/lib/python3.8/site-packages (from cibuildwheel==2.11.3) (2.6.0)
2022-12-27T11:50:50.4496580Z Requirement already satisfied: bashlex!=0.13 in /Users/runner/hostedtoolcache/Python/3.8.15/x64/lib/python3.8/site-packages (from cibuildwheel==2.11.3) (0.16)
2022-12-27T11:50:50.4506380Z Requirement already satisfied: typing-extensions>=4.1.0 in /Users/runner/hostedtoolcache/Python/3.8.15/x64/lib/python3.8/site-packages (from cibuildwheel==2.11.3) (4.4.0)
2022-12-27T11:50:50.6292980Z 
2022-12-27T11:50:50.6293140Z      _ _       _ _   _       _           _
2022-12-27T11:50:50.6293710Z  ___|_| |_ _ _|_| |_| |_ _ _| |_ ___ ___| |
2022-12-27T11:50:50.6294400Z |  _| | . | | | | | . | | | |   | -_| -_| |
2022-12-27T11:50:50.6294870Z |___|_|___|___|_|_|___|_____|_|_|___|___|_|
2022-12-27T11:50:50.6295540Z 
2022-12-27T11:50:50.6295690Z cibuildwheel version 2.11.3
2022-12-27T11:50:50.6295860Z 
2022-12-27T11:50:50.6295970Z Build options:
2022-12-27T11:50:50.6296310Z   platform: macos
2022-12-27T11:50:50.6443700Z   architectures: arm64[0m
2022-12-27T11:50:50.6444140Z   build_selector: 
2022-12-27T11:50:50.6444900Z     build_config: cp38-macosx_arm64
2022-12-27T11:50:50.6445140Z     skip_config: 
2022-12-27T11:50:50.6445680Z     requires_python: None
2022-12-27T11:50:50.6446100Z     prerelease_pythons: False[0m
2022-12-27T11:50:50.6446480Z   [38;5;244mcontainer_engine: docker[0m
2022-12-27T11:50:50.6446960Z   output_dir: /Users/runner/actions-runner/_work/python.build/python.build/build_lxml46038/wheelsout[0m
2022-12-27T11:50:50.6447620Z   package_dir: /Users/runner/actions-runner/_work/python.build/python.build/build_lxml46038/lxml-4.6.0[0m
2022-12-27T11:50:50.6447990Z   test_selector: 
2022-12-27T11:50:50.6448320Z     skip_config: *_arm64[0m
2022-12-27T11:50:50.6448610Z   [38;5;244mbefore_all: [0m
2022-12-27T11:50:50.6449110Z   before_build: pip install Cython; if [[ -f requirements.txt ]]; then pip install -r requirements.txt; fi[0m
2022-12-27T11:50:50.6449560Z   [38;5;244mbefore_test: [0m
2022-12-27T11:50:50.6449830Z   [38;5;244mbuild_frontend: pip[0m
2022-12-27T11:50:50.6450110Z   build_verbosity: 3[0m
2022-12-27T11:50:50.6450410Z   [38;5;244mconfig_settings: [0m
2022-12-27T11:50:50.6450700Z   [38;5;244mdependency_constraints: pinned[0m
2022-12-27T11:50:50.6450990Z   environment: 
2022-12-27T11:50:50.6451310Z     CFLAGS="-I/usr/local/opt/openssl@3/include"
2022-12-27T11:50:50.6451620Z     LDFLAGS="-L/usr/local/opt/openssl@3/lib"
2022-12-27T11:50:50.6451960Z     CPPFLAGS="-I/usr/local/opt/openssl@3/include"
2022-12-27T11:50:50.6452350Z     MAKEFLAGS="-j$(sysctl -n hw.logicalcpu)"
2022-12-27T11:50:50.6452660Z     PATH=/usr/local/opt/ccache/libexec:$PATH[0m
2022-12-27T11:50:50.6452990Z   [38;5;244mmanylinux_images: None[0m
2022-12-27T11:50:50.6453300Z   [38;5;244mmusllinux_images: None[0m
2022-12-27T11:50:50.6453700Z   [38;5;244mrepair_command: delocate-wheel --require-archs {delocate_archs} -w {dest_dir} -v {wheel}[0m
2022-12-27T11:50:50.6454530Z   [38;5;244mtest_command: [0m
2022-12-27T11:50:50.6454820Z   [38;5;244mtest_extras: [0m
2022-12-27T11:50:50.6455110Z   [38;5;244mtest_requires: [0m
2022-12-27T11:50:50.6455220Z 
2022-12-27T11:50:50.6455370Z Cache folder: /Users/runner/Library/Caches/cibuildwheel
2022-12-27T11:50:50.6460710Z 
2022-12-27T11:50:50.6460980Z Here we go!
2022-12-27T11:50:50.6461110Z 
2022-12-27T11:50:50.6589900Z 
2022-12-27T11:50:50.6590530Z [1m[34mBuilding cp38-macosx_arm64 wheel[0m
2022-12-27T11:50:50.6590940Z CPython 3.8 macOS arm64 - Apple Silicon
2022-12-27T11:50:50.6591110Z 
2022-12-27T11:50:50.6593910Z ##[group]Installing Python cp38...
2022-12-27T11:50:50.6594100Z 
2022-12-27T11:50:50.6595000Z + pkgutil --pkgs
2022-12-27T11:50:50.6702610Z ##[endgroup]
2022-12-27T11:50:50.6703540Z                                                               [32mâœ“ [0m0.01s
2022-12-27T11:50:50.6703970Z ##[group]Setting up build environment...
2022-12-27T11:50:50.6704120Z 
2022-12-27T11:50:50.6723730Z + /Users/runner/hostedtoolcache/Python/3.8.15/x64/bin/python -sS /Users/runner/Library/Caches/cibuildwheel/virtualenv-20.17.0.pyz --activators= --no-periodic-update --pip=22.3.1 --setuptools=65.6.3 --wheel=0.38.4 --symlink-app-data --python /Library/Frameworks/Python.framework/Versions/3.8/bin/python3 /private/var/folders/51/hd414ycd67n82196sw51xqtc0000gn/T/cibw-run-gq4wnu_p/cp38-macosx_arm64/build/venv
2022-12-27T11:50:50.8667060Z created virtual environment CPython3.8.10.final.0-64 in 53ms
2022-12-27T11:50:50.8668060Z   creator CPython3Posix(dest=/private/var/folders/51/hd414ycd67n82196sw51xqtc0000gn/T/cibw-run-gq4wnu_p/cp38-macosx_arm64/build/venv, clear=False, no_vcs_ignore=False, global=False)
2022-12-27T11:50:50.8668990Z   seeder FromAppData(download=False, pip=22.3.1, setuptools=65.6.3, wheel=0.38.4, via=symlink, app_data_dir=/Users/runner/Library/Application Support/virtualenv)
2022-12-27T11:50:50.8669400Z     added seed packages: pip==22.3.1, setuptools==65.6.3, wheel==0.38.4
2022-12-27T11:50:50.8803080Z + python -m pip install --upgrade pip -c /Users/runner/hostedtoolcache/Python/3.8.15/x64/lib/python3.8/site-packages/cibuildwheel/resources/constraints-python38.txt
2022-12-27T11:50:51.1887310Z Requirement already satisfied: pip in ./lib/python3.8/site-packages (22.3.1)
2022-12-27T11:50:51.3302270Z + which pip
2022-12-27T11:50:51.3322540Z /private/var/folders/51/hd414ycd67n82196sw51xqtc0000gn/T/cibw-run-gq4wnu_p/cp38-macosx_arm64/build/venv/bin/pip
2022-12-27T11:50:51.3324960Z + pip --version
2022-12-27T11:50:51.5544930Z pip 22.3.1 from /private/var/folders/51/hd414ycd67n82196sw51xqtc0000gn/T/cibw-run-gq4wnu_p/cp38-macosx_arm64/build/venv/lib/python3.8/site-packages/pip (python 3.8)
2022-12-27T11:50:51.5781570Z + which pip
2022-12-27T11:50:51.5810470Z + which python
2022-12-27T11:50:51.5832290Z /private/var/folders/51/hd414ycd67n82196sw51xqtc0000gn/T/cibw-run-gq4wnu_p/cp38-macosx_arm64/build/venv/bin/python
2022-12-27T11:50:51.5833620Z + python --version
2022-12-27T11:50:51.5884210Z Python 3.8.10
2022-12-27T11:50:51.5887030Z + which python
2022-12-27T11:50:51.5941100Z ##[endgroup]
2022-12-27T11:50:51.5941810Z                                                               [32mâœ“ [0m0.92s
2022-12-27T11:50:51.5942440Z ##[group]Installing build tools...
2022-12-27T11:50:51.5942620Z 
2022-12-27T11:50:51.5943130Z + pip install --upgrade setuptools wheel delocate -c /Users/runner/hostedtoolcache/Python/3.8.15/x64/lib/python3.8/site-packages/cibuildwheel/resources/constraints-python38.txt
2022-12-27T11:50:51.9035930Z Requirement already satisfied: setuptools in /private/var/folders/51/hd414ycd67n82196sw51xqtc0000gn/T/cibw-run-gq4wnu_p/cp38-macosx_arm64/build/venv/lib/python3.8/site-packages (65.6.3)
2022-12-27T11:50:52.1205570Z Requirement already satisfied: wheel in /private/var/folders/51/hd414ycd67n82196sw51xqtc0000gn/T/cibw-run-gq4wnu_p/cp38-macosx_arm64/build/venv/lib/python3.8/site-packages (0.38.4)
2022-12-27T11:50:52.1755920Z Collecting delocate
2022-12-27T11:50:52.1784520Z   Using cached delocate-0.10.3-py3-none-any.whl (142 kB)
2022-12-27T11:50:52.2018650Z Collecting typing-extensions
2022-12-27T11:50:52.2042000Z   Using cached typing_extensions-4.4.0-py3-none-any.whl (26 kB)
2022-12-27T11:50:52.2312220Z Collecting packaging>=20.9
2022-12-27T11:50:52.2333980Z   Using cached packaging-21.3-py3-none-any.whl (40 kB)
2022-12-27T11:50:52.2732680Z Collecting pyparsing!=3.0.5,>=2.0.2
2022-12-27T11:50:52.2757670Z   Using cached pyparsing-3.0.9-py3-none-any.whl (98 kB)
2022-12-27T11:50:52.3125590Z Installing collected packages: typing-extensions, pyparsing, packaging, delocate
2022-12-27T11:50:52.4475090Z Successfully installed delocate-0.10.3 packaging-21.3 pyparsing-3.0.9 typing-extensions-4.4.0
2022-12-27T11:50:52.4954860Z ##[endgroup]
2022-12-27T11:50:52.4955440Z                                                               [32mâœ“ [0m0.90s
2022-12-27T11:50:52.4956040Z ##[group]Running before_build...
2022-12-27T11:50:52.4956190Z 
2022-12-27T11:50:52.4962760Z + pip install Cython; if [[ -f requirements.txt ]]; then pip install -r requirements.txt; fi
2022-12-27T11:50:53.1865430Z Collecting Cython
2022-12-27T11:50:53.1915280Z   Using cached Cython-0.29.32-py2.py3-none-any.whl (986 kB)
2022-12-27T11:50:53.2403740Z Installing collected packages: Cython
2022-12-27T11:50:53.6607300Z Successfully installed Cython-0.29.32
2022-12-27T11:50:53.9926610Z Requirement already satisfied: Cython>=0.29.7 in /private/var/folders/51/hd414ycd67n82196sw51xqtc0000gn/T/cibw-run-gq4wnu_p/cp38-macosx_arm64/build/venv/lib/python3.8/site-packages (from -r requirements.txt (line 1)) (0.29.32)
2022-12-27T11:50:54.0622350Z ##[endgroup]
2022-12-27T11:50:54.0623170Z                                                               [32mâœ“ [0m1.57s
2022-12-27T11:50:54.0623860Z ##[group]Building wheel...
2022-12-27T11:50:54.0623980Z 
2022-12-27T11:50:54.0628250Z + python -m pip wheel /Users/runner/actions-runner/_work/python.build/python.build/build_lxml46038/lxml-4.6.0 --wheel-dir=/private/var/folders/51/hd414ycd67n82196sw51xqtc0000gn/T/cibw-run-gq4wnu_p/cp38-macosx_arm64/built_wheel --no-deps -vvv
2022-12-27T11:50:54.3470330Z Created temporary directory: /private/var/folders/51/hd414ycd67n82196sw51xqtc0000gn/T/pip-ephem-wheel-cache-zbfwtio5
2022-12-27T11:50:54.3474980Z Created temporary directory: /private/var/folders/51/hd414ycd67n82196sw51xqtc0000gn/T/pip-build-tracker-cphr0ugh
2022-12-27T11:50:54.3476610Z Initialized build tracking at /private/var/folders/51/hd414ycd67n82196sw51xqtc0000gn/T/pip-build-tracker-cphr0ugh
2022-12-27T11:50:54.3478620Z Created build tracker: /private/var/folders/51/hd414ycd67n82196sw51xqtc0000gn/T/pip-build-tracker-cphr0ugh
2022-12-27T11:50:54.3479980Z Entered build tracker: /private/var/folders/51/hd414ycd67n82196sw51xqtc0000gn/T/pip-build-tracker-cphr0ugh
2022-12-27T11:50:54.3483680Z Created temporary directory: /private/var/folders/51/hd414ycd67n82196sw51xqtc0000gn/T/pip-wheel-xskxl21e
2022-12-27T11:50:54.3489700Z Created temporary directory: /private/var/folders/51/hd414ycd67n82196sw51xqtc0000gn/T/pip-ephem-wheel-cache-pz1r6gy4
2022-12-27T11:50:54.3568480Z Processing /Users/runner/actions-runner/_work/python.build/python.build/build_lxml46038/lxml-4.6.0
2022-12-27T11:50:54.3573530Z   Added file:///Users/runner/actions-runner/_work/python.build/python.build/build_lxml46038/lxml-4.6.0 to build tracker '/private/var/folders/51/hd414ycd67n82196sw51xqtc0000gn/T/pip-build-tracker-cphr0ugh'
2022-12-27T11:50:54.3577060Z   Running setup.py (path:/Users/runner/actions-runner/_work/python.build/python.build/build_lxml46038/lxml-4.6.0/setup.py) egg_info for package from file:///Users/runner/actions-runner/_work/python.build/python.build/build_lxml46038/lxml-4.6.0
2022-12-27T11:50:54.3579980Z   Created temporary directory: /private/var/folders/51/hd414ycd67n82196sw51xqtc0000gn/T/pip-pip-egg-info-2xg95b0s
2022-12-27T11:50:54.3581520Z   Preparing metadata (setup.py): started
2022-12-27T11:50:54.3583450Z   Running command python setup.py egg_info
2022-12-27T11:50:54.7184000Z   Building lxml version 4.6.0.
2022-12-27T11:50:54.7185240Z   Building without Cython.
2022-12-27T11:50:54.7186910Z   Building against libxml2 2.9.4 and libxslt 1.1.29
2022-12-27T11:50:54.7188960Z   Building against libxml2/libxslt in the following directory: /Library/Developer/CommandLineTools/SDKs/MacOSX12.1.sdk/usr/lib
2022-12-27T11:50:54.7190110Z   running egg_info
2022-12-27T11:50:54.7192580Z   creating /private/var/folders/51/hd414ycd67n82196sw51xqtc0000gn/T/pip-pip-egg-info-2xg95b0s/lxml.egg-info
2022-12-27T11:50:54.7196560Z   writing /private/var/folders/51/hd414ycd67n82196sw51xqtc0000gn/T/pip-pip-egg-info-2xg95b0s/lxml.egg-info/PKG-INFO
2022-12-27T11:50:54.7200520Z   writing dependency_links to /private/var/folders/51/hd414ycd67n82196sw51xqtc0000gn/T/pip-pip-egg-info-2xg95b0s/lxml.egg-info/dependency_links.txt
2022-12-27T11:50:54.7204500Z   writing requirements to /private/var/folders/51/hd414ycd67n82196sw51xqtc0000gn/T/pip-pip-egg-info-2xg95b0s/lxml.egg-info/requires.txt
2022-12-27T11:50:54.7206610Z   writing top-level names to /private/var/folders/51/hd414ycd67n82196sw51xqtc0000gn/T/pip-pip-egg-info-2xg95b0s/lxml.egg-info/top_level.txt
2022-12-27T11:50:54.7208570Z   writing manifest file '/private/var/folders/51/hd414ycd67n82196sw51xqtc0000gn/T/pip-pip-egg-info-2xg95b0s/lxml.egg-info/SOURCES.txt'
2022-12-27T11:50:54.7305430Z   reading manifest file '/private/var/folders/51/hd414ycd67n82196sw51xqtc0000gn/T/pip-pip-egg-info-2xg95b0s/lxml.egg-info/SOURCES.txt'
2022-12-27T11:50:54.7308200Z   reading manifest template 'MANIFEST.in'
2022-12-27T11:50:54.8135360Z   adding license file 'LICENSES.txt'
2022-12-27T11:50:54.8177270Z   writing manifest file '/private/var/folders/51/hd414ycd67n82196sw51xqtc0000gn/T/pip-pip-egg-info-2xg95b0s/lxml.egg-info/SOURCES.txt'
2022-12-27T11:50:54.8408380Z   Preparing metadata (setup.py): finished with status 'done'
2022-12-27T11:50:54.8434500Z   Source in /Users/runner/actions-runner/_work/python.build/python.build/build_lxml46038/lxml-4.6.0 has version 4.6.0, which satisfies requirement lxml==4.6.0 from file:///Users/runner/actions-runner/_work/python.build/python.build/build_lxml46038/lxml-4.6.0
2022-12-27T11:50:54.8438020Z   Removed lxml==4.6.0 from file:///Users/runner/actions-runner/_work/python.build/python.build/build_lxml46038/lxml-4.6.0 from build tracker '/private/var/folders/51/hd414ycd67n82196sw51xqtc0000gn/T/pip-build-tracker-cphr0ugh'
2022-12-27T11:50:54.8561610Z Created temporary directory: /private/var/folders/51/hd414ycd67n82196sw51xqtc0000gn/T/pip-unpack-s_m3w1pi
2022-12-27T11:50:54.8562980Z Building wheels for collected packages: lxml
2022-12-27T11:50:54.8569610Z   Created temporary directory: /private/var/folders/51/hd414ycd67n82196sw51xqtc0000gn/T/pip-wheel-vxi2fomy
2022-12-27T11:50:54.8571380Z   Building wheel for lxml (setup.py): started
2022-12-27T11:50:54.8573250Z   Destination directory: /private/var/folders/51/hd414ycd67n82196sw51xqtc0000gn/T/pip-wheel-vxi2fomy
2022-12-27T11:50:54.8574460Z   Running command python setup.py bdist_wheel
2022-12-27T11:50:55.0206340Z   Building lxml version 4.6.0.
2022-12-27T11:50:55.0207940Z   Building without Cython.
2022-12-27T11:50:55.0504950Z   Building against libxml2 2.9.4 and libxslt 1.1.29
2022-12-27T11:50:55.1948710Z   Building against libxml2/libxslt in the following directory: /Library/Developer/CommandLineTools/SDKs/MacOSX12.1.sdk/usr/lib
2022-12-27T11:50:55.2216100Z   running bdist_wheel
2022-12-27T11:50:55.2259520Z   running build
2022-12-27T11:50:55.2261700Z   running build_py
2022-12-27T11:50:55.2283880Z   creating build
2022-12-27T11:50:55.2286400Z   creating build/lib.macosx-11.0-arm64-cpython-38
2022-12-27T11:50:55.2288370Z   creating build/lib.macosx-11.0-arm64-cpython-38/lxml
2022-12-27T11:50:55.2290140Z   copying src/lxml/_elementpath.py -> build/lib.macosx-11.0-arm64-cpython-38/lxml
2022-12-27T11:50:55.2291740Z   copying src/lxml/sax.py -> build/lib.macosx-11.0-arm64-cpython-38/lxml
2022-12-27T11:50:55.2293240Z   copying src/lxml/pyclasslookup.py -> build/lib.macosx-11.0-arm64-cpython-38/lxml
2022-12-27T11:50:55.2296620Z   copying src/lxml/__init__.py -> build/lib.macosx-11.0-arm64-cpython-38/lxml
2022-12-27T11:50:55.2299360Z   copying src/lxml/builder.py -> build/lib.macosx-11.0-arm64-cpython-38/lxml
2022-12-27T11:50:55.2301240Z   copying src/lxml/doctestcompare.py -> build/lib.macosx-11.0-arm64-cpython-38/lxml
2022-12-27T11:50:55.2303680Z   copying src/lxml/usedoctest.py -> build/lib.macosx-11.0-arm64-cpython-38/lxml
2022-12-27T11:50:55.2305860Z   copying src/lxml/cssselect.py -> build/lib.macosx-11.0-arm64-cpython-38/lxml
2022-12-27T11:50:55.2308340Z   copying src/lxml/ElementInclude.py -> build/lib.macosx-11.0-arm64-cpython-38/lxml
2022-12-27T11:50:55.2313060Z   creating build/lib.macosx-11.0-arm64-cpython-38/lxml/includes
2022-12-27T11:50:55.2314690Z   copying src/lxml/includes/__init__.py -> build/lib.macosx-11.0-arm64-cpython-38/lxml/includes
2022-12-27T11:50:55.2320890Z   creating build/lib.macosx-11.0-arm64-cpython-38/lxml/html
2022-12-27T11:50:55.2322420Z   copying src/lxml/html/soupparser.py -> build/lib.macosx-11.0-arm64-cpython-38/lxml/html
2022-12-27T11:50:55.2325260Z   copying src/lxml/html/defs.py -> build/lib.macosx-11.0-arm64-cpython-38/lxml/html
2022-12-27T11:50:55.2327350Z   copying src/lxml/html/_setmixin.py -> build/lib.macosx-11.0-arm64-cpython-38/lxml/html
2022-12-27T11:50:55.2331120Z   copying src/lxml/html/clean.py -> build/lib.macosx-11.0-arm64-cpython-38/lxml/html
2022-12-27T11:50:55.2333520Z   copying src/lxml/html/_diffcommand.py -> build/lib.macosx-11.0-arm64-cpython-38/lxml/html
2022-12-27T11:50:55.2335950Z   copying src/lxml/html/html5parser.py -> build/lib.macosx-11.0-arm64-cpython-38/lxml/html
2022-12-27T11:50:55.2338520Z   copying src/lxml/html/__init__.py -> build/lib.macosx-11.0-arm64-cpython-38/lxml/html
2022-12-27T11:50:55.2341680Z   copying src/lxml/html/formfill.py -> build/lib.macosx-11.0-arm64-cpython-38/lxml/html
2022-12-27T11:50:55.2344540Z   copying src/lxml/html/builder.py -> build/lib.macosx-11.0-arm64-cpython-38/lxml/html
2022-12-27T11:50:55.2346470Z   copying src/lxml/html/ElementSoup.py -> build/lib.macosx-11.0-arm64-cpython-38/lxml/html
2022-12-27T11:50:55.2349300Z   copying src/lxml/html/_html5builder.py -> build/lib.macosx-11.0-arm64-cpython-38/lxml/html
2022-12-27T11:50:55.2351310Z   copying src/lxml/html/usedoctest.py -> build/lib.macosx-11.0-arm64-cpython-38/lxml/html
2022-12-27T11:50:55.2354020Z   copying src/lxml/html/diff.py -> build/lib.macosx-11.0-arm64-cpython-38/lxml/html
2022-12-27T11:50:55.2358430Z   creating build/lib.macosx-11.0-arm64-cpython-38/lxml/isoschematron
2022-12-27T11:50:55.2360390Z   copying src/lxml/isoschematron/__init__.py -> build/lib.macosx-11.0-arm64-cpython-38/lxml/isoschematron
2022-12-27T11:50:55.2386330Z   copying src/lxml/etree.h -> build/lib.macosx-11.0-arm64-cpython-38/lxml
2022-12-27T11:50:55.2389750Z   copying src/lxml/etree_api.h -> build/lib.macosx-11.0-arm64-cpython-38/lxml
2022-12-27T11:50:55.2392160Z   copying src/lxml/lxml.etree.h -> build/lib.macosx-11.0-arm64-cpython-38/lxml
2022-12-27T11:50:55.2395900Z   copying src/lxml/lxml.etree_api.h -> build/lib.macosx-11.0-arm64-cpython-38/lxml
2022-12-27T11:50:55.2398650Z   copying src/lxml/includes/xmlerror.pxd -> build/lib.macosx-11.0-arm64-cpython-38/lxml/includes
2022-12-27T11:50:55.2401920Z   copying src/lxml/includes/c14n.pxd -> build/lib.macosx-11.0-arm64-cpython-38/lxml/includes
2022-12-27T11:50:55.2405110Z   copying src/lxml/includes/xmlschema.pxd -> build/lib.macosx-11.0-arm64-cpython-38/lxml/includes
2022-12-27T11:50:55.2408660Z   copying src/lxml/includes/__init__.pxd -> build/lib.macosx-11.0-arm64-cpython-38/lxml/includes
2022-12-27T11:50:55.2410680Z   copying src/lxml/includes/schematron.pxd -> build/lib.macosx-11.0-arm64-cpython-38/lxml/includes
2022-12-27T11:50:55.2412800Z   copying src/lxml/includes/tree.pxd -> build/lib.macosx-11.0-arm64-cpython-38/lxml/includes
2022-12-27T11:50:55.2415770Z   copying src/lxml/includes/uri.pxd -> build/lib.macosx-11.0-arm64-cpython-38/lxml/includes
2022-12-27T11:50:55.2418470Z   copying src/lxml/includes/etreepublic.pxd -> build/lib.macosx-11.0-arm64-cpython-38/lxml/includes
2022-12-27T11:50:55.2421510Z   copying src/lxml/includes/xpath.pxd -> build/lib.macosx-11.0-arm64-cpython-38/lxml/includes
2022-12-27T11:50:55.2424070Z   copying src/lxml/includes/htmlparser.pxd -> build/lib.macosx-11.0-arm64-cpython-38/lxml/includes
2022-12-27T11:50:55.2427240Z   copying src/lxml/includes/xslt.pxd -> build/lib.macosx-11.0-arm64-cpython-38/lxml/includes
2022-12-27T11:50:55.2429910Z   copying src/lxml/includes/config.pxd -> build/lib.macosx-11.0-arm64-cpython-38/lxml/includes
2022-12-27T11:50:55.2432950Z   copying src/lxml/includes/xmlparser.pxd -> build/lib.macosx-11.0-arm64-cpython-38/lxml/includes
2022-12-27T11:50:55.2435400Z   copying src/lxml/includes/xinclude.pxd -> build/lib.macosx-11.0-arm64-cpython-38/lxml/includes
2022-12-27T11:50:55.2438440Z   copying src/lxml/includes/dtdvalid.pxd -> build/lib.macosx-11.0-arm64-cpython-38/lxml/includes
2022-12-27T11:50:55.2441070Z   copying src/lxml/includes/relaxng.pxd -> build/lib.macosx-11.0-arm64-cpython-38/lxml/includes
2022-12-27T11:50:55.2443810Z   copying src/lxml/includes/lxml-version.h -> build/lib.macosx-11.0-arm64-cpython-38/lxml/includes
2022-12-27T11:50:55.2446550Z   copying src/lxml/includes/etree_defs.h -> build/lib.macosx-11.0-arm64-cpython-38/lxml/includes
2022-12-27T11:50:55.2450150Z   creating build/lib.macosx-11.0-arm64-cpython-38/lxml/isoschematron/resources
2022-12-27T11:50:55.2451630Z   creating build/lib.macosx-11.0-arm64-cpython-38/lxml/isoschematron/resources/rng
2022-12-27T11:50:55.2453200Z   copying src/lxml/isoschematron/resources/rng/iso-schematron.rng -> build/lib.macosx-11.0-arm64-cpython-38/lxml/isoschematron/resources/rng
2022-12-27T11:50:55.2456090Z   creating build/lib.macosx-11.0-arm64-cpython-38/lxml/isoschematron/resources/xsl
2022-12-27T11:50:55.2458210Z   copying src/lxml/isoschematron/resources/xsl/XSD2Schtrn.xsl -> build/lib.macosx-11.0-arm64-cpython-38/lxml/isoschematron/resources/xsl
2022-12-27T11:50:55.2459690Z   copying src/lxml/isoschematron/resources/xsl/RNG2Schtrn.xsl -> build/lib.macosx-11.0-arm64-cpython-38/lxml/isoschematron/resources/xsl
2022-12-27T11:50:55.2463160Z   creating build/lib.macosx-11.0-arm64-cpython-38/lxml/isoschematron/resources/xsl/iso-schematron-xslt1
2022-12-27T11:50:55.2464840Z   copying src/lxml/isoschematron/resources/xsl/iso-schematron-xslt1/iso_abstract_expand.xsl -> build/lib.macosx-11.0-arm64-cpython-38/lxml/isoschematron/resources/xsl/iso-schematron-xslt1
2022-12-27T11:50:55.2467560Z   copying src/lxml/isoschematron/resources/xsl/iso-schematron-xslt1/iso_dsdl_include.xsl -> build/lib.macosx-11.0-arm64-cpython-38/lxml/isoschematron/resources/xsl/iso-schematron-xslt1
2022-12-27T11:50:55.2471720Z   copying src/lxml/isoschematron/resources/xsl/iso-schematron-xslt1/iso_schematron_skeleton_for_xslt1.xsl -> build/lib.macosx-11.0-arm64-cpython-38/lxml/isoschematron/resources/xsl/iso-schematron-xslt1
2022-12-27T11:50:55.2475110Z   copying src/lxml/isoschematron/resources/xsl/iso-schematron-xslt1/iso_svrl_for_xslt1.xsl -> build/lib.macosx-11.0-arm64-cpython-38/lxml/isoschematron/resources/xsl/iso-schematron-xslt1
2022-12-27T11:50:55.2547030Z   copying src/lxml/isoschematron/resources/xsl/iso-schematron-xslt1/iso_schematron_message.xsl -> build/lib.macosx-11.0-arm64-cpython-38/lxml/isoschematron/resources/xsl/iso-schematron-xslt1
2022-12-27T11:50:55.2548240Z   copying src/lxml/isoschematron/resources/xsl/iso-schematron-xslt1/readme.txt -> build/lib.macosx-11.0-arm64-cpython-38/lxml/isoschematron/resources/xsl/iso-schematron-xslt1
2022-12-27T11:50:55.2548780Z   running build_ext
2022-12-27T11:50:55.2793980Z   building 'lxml.etree' extension
2022-12-27T11:50:55.2796020Z   creating build/temp.macosx-11.0-arm64-cpython-38
2022-12-27T11:50:55.2797870Z   creating build/temp.macosx-11.0-arm64-cpython-38/src
2022-12-27T11:50:55.2799830Z   creating build/temp.macosx-11.0-arm64-cpython-38/src/lxml
2022-12-27T11:50:55.2803050Z   gcc -Wno-unused-result -Wsign-compare -Wunreachable-code -fno-common -dynamic -DNDEBUG -g -fwrapv -O3 -Wall -g -I/usr/local/opt/openssl@3/include -I/usr/local/opt/openssl@3/include -arch arm64 -DCYTHON_CLINE_IN_TRACEBACK=0 -I/Library/Developer/CommandLineTools/SDKs/MacOSX12.1.sdk/usr/include -Isrc -Isrc/lxml/includes -I/private/var/folders/51/hd414ycd67n82196sw51xqtc0000gn/T/cibw-run-gq4wnu_p/cp38-macosx_arm64/build/venv/include -I/Library/Frameworks/Python.framework/Versions/3.8/include/python3.8 -c src/lxml/etree.c -o build/temp.macosx-11.0-arm64-cpython-38/src/lxml/etree.o -w -flat_namespace
2022-12-27T11:51:20.0820310Z   gcc -bundle -undefined dynamic_lookup -g -L/usr/local/opt/openssl@3/lib -I/usr/local/opt/openssl@3/include -I/usr/local/opt/openssl@3/include -arch arm64 build/temp.macosx-11.0-arm64-cpython-38/src/lxml/etree.o -L/Library/Developer/CommandLineTools/SDKs/MacOSX12.1.sdk/usr/lib -lxslt -lexslt -lxml2 -lz -lm -o build/lib.macosx-11.0-arm64-cpython-38/lxml/etree.cpython-38-darwin.so -isysroot /Library/Developer/CommandLineTools/SDKs/MacOSX12.1.sdk
2022-12-27T11:51:20.1799740Z   building 'lxml.objectify' extension
2022-12-27T11:51:20.1802720Z   gcc -Wno-unused-result -Wsign-compare -Wunreachable-code -fno-common -dynamic -DNDEBUG -g -fwrapv -O3 -Wall -g -I/usr/local/opt/openssl@3/include -I/usr/local/opt/openssl@3/include -arch arm64 -DCYTHON_CLINE_IN_TRACEBACK=0 -I/Library/Developer/CommandLineTools/SDKs/MacOSX12.1.sdk/usr/include -Isrc -Isrc/lxml/includes -I/private/var/folders/51/hd414ycd67n82196sw51xqtc0000gn/T/cibw-run-gq4wnu_p/cp38-macosx_arm64/build/venv/include -I/Library/Frameworks/Python.framework/Versions/3.8/include/python3.8 -c src/lxml/objectify.c -o build/temp.macosx-11.0-arm64-cpython-38/src/lxml/objectify.o -w -flat_namespace
2022-12-27T11:51:24.3212450Z   gcc -bundle -undefined dynamic_lookup -g -L/usr/local/opt/openssl@3/lib -I/usr/local/opt/openssl@3/include -I/usr/local/opt/openssl@3/include -arch arm64 build/temp.macosx-11.0-arm64-cpython-38/src/lxml/objectify.o -L/Library/Developer/CommandLineTools/SDKs/MacOSX12.1.sdk/usr/lib -lxslt -lexslt -lxml2 -lz -lm -o build/lib.macosx-11.0-arm64-cpython-38/lxml/objectify.cpython-38-darwin.so -isysroot /Library/Developer/CommandLineTools/SDKs/MacOSX12.1.sdk
2022-12-27T11:51:24.3759380Z   building 'lxml.builder' extension
2022-12-27T11:51:24.3762410Z   gcc -Wno-unused-result -Wsign-compare -Wunreachable-code -fno-common -dynamic -DNDEBUG -g -fwrapv -O3 -Wall -g -I/usr/local/opt/openssl@3/include -I/usr/local/opt/openssl@3/include -arch arm64 -DCYTHON_CLINE_IN_TRACEBACK=0 -I/Library/Developer/CommandLineTools/SDKs/MacOSX12.1.sdk/usr/include -Isrc -Isrc/lxml/includes -I/private/var/folders/51/hd414ycd67n82196sw51xqtc0000gn/T/cibw-run-gq4wnu_p/cp38-macosx_arm64/build/venv/include -I/Library/Frameworks/Python.framework/Versions/3.8/include/python3.8 -c src/lxml/builder.c -o build/temp.macosx-11.0-arm64-cpython-38/src/lxml/builder.o -w -flat_namespace
2022-12-27T11:51:25.3010810Z   gcc -bundle -undefined dynamic_lookup -g -L/usr/local/opt/openssl@3/lib -I/usr/local/opt/openssl@3/include -I/usr/local/opt/openssl@3/include -arch arm64 build/temp.macosx-11.0-arm64-cpython-38/src/lxml/builder.o -o build/lib.macosx-11.0-arm64-cpython-38/lxml/builder.cpython-38-darwin.so
2022-12-27T11:51:25.3484560Z   building 'lxml._elementpath' extension
2022-12-27T11:51:25.3487530Z   gcc -Wno-unused-result -Wsign-compare -Wunreachable-code -fno-common -dynamic -DNDEBUG -g -fwrapv -O3 -Wall -g -I/usr/local/opt/openssl@3/include -I/usr/local/opt/openssl@3/include -arch arm64 -DCYTHON_CLINE_IN_TRACEBACK=0 -I/Library/Developer/CommandLineTools/SDKs/MacOSX12.1.sdk/usr/include -Isrc -Isrc/lxml/includes -I/private/var/folders/51/hd414ycd67n82196sw51xqtc0000gn/T/cibw-run-gq4wnu_p/cp38-macosx_arm64/build/venv/include -I/Library/Frameworks/Python.framework/Versions/3.8/include/python3.8 -c src/lxml/_elementpath.c -o build/temp.macosx-11.0-arm64-cpython-38/src/lxml/_elementpath.o -w -flat_namespace
2022-12-27T11:51:27.2416730Z   gcc -bundle -undefined dynamic_lookup -g -L/usr/local/opt/openssl@3/lib -I/usr/local/opt/openssl@3/include -I/usr/local/opt/openssl@3/include -arch arm64 build/temp.macosx-11.0-arm64-cpython-38/src/lxml/_elementpath.o -o build/lib.macosx-11.0-arm64-cpython-38/lxml/_elementpath.cpython-38-darwin.so
2022-12-27T11:51:27.2896000Z   building 'lxml.html.diff' extension
2022-12-27T11:51:27.2896900Z   creating build/temp.macosx-11.0-arm64-cpython-38/src/lxml/html
2022-12-27T11:51:27.2901120Z   gcc -Wno-unused-result -Wsign-compare -Wunreachable-code -fno-common -dynamic -DNDEBUG -g -fwrapv -O3 -Wall -g -I/usr/local/opt/openssl@3/include -I/usr/local/opt/openssl@3/include -arch arm64 -DCYTHON_CLINE_IN_TRACEBACK=0 -I/Library/Developer/CommandLineTools/SDKs/MacOSX12.1.sdk/usr/include -Isrc -Isrc/lxml/includes -I/private/var/folders/51/hd414ycd67n82196sw51xqtc0000gn/T/cibw-run-gq4wnu_p/cp38-macosx_arm64/build/venv/include -I/Library/Frameworks/Python.framework/Versions/3.8/include/python3.8 -c src/lxml/html/diff.c -o build/temp.macosx-11.0-arm64-cpython-38/src/lxml/html/diff.o -w -flat_namespace
2022-12-27T11:51:31.5875840Z   gcc -bundle -undefined dynamic_lookup -g -L/usr/local/opt/openssl@3/lib -I/usr/local/opt/openssl@3/include -I/usr/local/opt/openssl@3/include -arch arm64 build/temp.macosx-11.0-arm64-cpython-38/src/lxml/html/diff.o -o build/lib.macosx-11.0-arm64-cpython-38/lxml/html/diff.cpython-38-darwin.so
2022-12-27T11:51:31.6389400Z   building 'lxml.html.clean' extension
2022-12-27T11:51:31.6391990Z   gcc -Wno-unused-result -Wsign-compare -Wunreachable-code -fno-common -dynamic -DNDEBUG -g -fwrapv -O3 -Wall -g -I/usr/local/opt/openssl@3/include -I/usr/local/opt/openssl@3/include -arch arm64 -DCYTHON_CLINE_IN_TRACEBACK=0 -I/Library/Developer/CommandLineTools/SDKs/MacOSX12.1.sdk/usr/include -Isrc -Isrc/lxml/includes -I/private/var/folders/51/hd414ycd67n82196sw51xqtc0000gn/T/cibw-run-gq4wnu_p/cp38-macosx_arm64/build/venv/include -I/Library/Frameworks/Python.framework/Versions/3.8/include/python3.8 -c src/lxml/html/clean.c -o build/temp.macosx-11.0-arm64-cpython-38/src/lxml/html/clean.o -w -flat_namespace
2022-12-27T11:51:35.0740950Z   gcc -bundle -undefined dynamic_lookup -g -L/usr/local/opt/openssl@3/lib -I/usr/local/opt/openssl@3/include -I/usr/local/opt/openssl@3/include -arch arm64 build/temp.macosx-11.0-arm64-cpython-38/src/lxml/html/clean.o -o build/lib.macosx-11.0-arm64-cpython-38/lxml/html/clean.cpython-38-darwin.so
2022-12-27T11:51:35.1238710Z   building 'lxml.sax' extension
2022-12-27T11:51:35.1242700Z   gcc -Wno-unused-result -Wsign-compare -Wunreachable-code -fno-common -dynamic -DNDEBUG -g -fwrapv -O3 -Wall -g -I/usr/local/opt/openssl@3/include -I/usr/local/opt/openssl@3/include -arch arm64 -DCYTHON_CLINE_IN_TRACEBACK=0 -I/Library/Developer/CommandLineTools/SDKs/MacOSX12.1.sdk/usr/include -Isrc -Isrc/lxml/includes -I/private/var/folders/51/hd414ycd67n82196sw51xqtc0000gn/T/cibw-run-gq4wnu_p/cp38-macosx_arm64/build/venv/include -I/Library/Frameworks/Python.framework/Versions/3.8/include/python3.8 -c src/lxml/sax.c -o build/temp.macosx-11.0-arm64-cpython-38/src/lxml/sax.o -w -flat_namespace
2022-12-27T11:51:36.9329770Z   gcc -bundle -undefined dynamic_lookup -g -L/usr/local/opt/openssl@3/lib -I/usr/local/opt/openssl@3/include -I/usr/local/opt/openssl@3/include -arch arm64 build/temp.macosx-11.0-arm64-cpython-38/src/lxml/sax.o -o build/lib.macosx-11.0-arm64-cpython-38/lxml/sax.cpython-38-darwin.so
2022-12-27T11:51:36.9896390Z   /private/var/folders/51/hd414ycd67n82196sw51xqtc0000gn/T/cibw-run-gq4wnu_p/cp38-macosx_arm64/build/venv/lib/python3.8/site-packages/setuptools/command/install.py:34: SetuptoolsDeprecationWarning: setup.py install is deprecated. Use build and pip and other standards-based tools.
2022-12-27T11:51:36.9897150Z     warnings.warn(
2022-12-27T11:51:36.9912630Z   installing to build/bdist.macosx-11.0-arm64/wheel
2022-12-27T11:51:36.9914040Z   running install
2022-12-27T11:51:36.9969000Z   running install_lib
2022-12-27T11:51:36.9986920Z   creating build/bdist.macosx-11.0-arm64
2022-12-27T11:51:36.9988570Z   creating build/bdist.macosx-11.0-arm64/wheel
2022-12-27T11:51:36.9990530Z   creating build/bdist.macosx-11.0-arm64/wheel/lxml
2022-12-27T11:51:36.9992790Z   copying build/lib.macosx-11.0-arm64-cpython-38/lxml/_elementpath.py -> build/bdist.macosx-11.0-arm64/wheel/lxml
2022-12-27T11:51:36.9996730Z   creating build/bdist.macosx-11.0-arm64/wheel/lxml/isoschematron
2022-12-27T11:51:36.9998430Z   creating build/bdist.macosx-11.0-arm64/wheel/lxml/isoschematron/resources
2022-12-27T11:51:37.0001020Z   creating build/bdist.macosx-11.0-arm64/wheel/lxml/isoschematron/resources/xsl
2022-12-27T11:51:37.0003320Z   copying build/lib.macosx-11.0-arm64-cpython-38/lxml/isoschematron/resources/xsl/XSD2Schtrn.xsl -> build/bdist.macosx-11.0-arm64/wheel/lxml/isoschematron/resources/xsl
2022-12-27T11:51:37.0005650Z   creating build/bdist.macosx-11.0-arm64/wheel/lxml/isoschematron/resources/xsl/iso-schematron-xslt1
2022-12-27T11:51:37.0007550Z   copying build/lib.macosx-11.0-arm64-cpython-38/lxml/isoschematron/resources/xsl/iso-schematron-xslt1/iso_abstract_expand.xsl -> build/bdist.macosx-11.0-arm64/wheel/lxml/isoschematron/resources/xsl/iso-schematron-xslt1
2022-12-27T11:51:37.0010830Z   copying build/lib.macosx-11.0-arm64-cpython-38/lxml/isoschematron/resources/xsl/iso-schematron-xslt1/iso_dsdl_include.xsl -> build/bdist.macosx-11.0-arm64/wheel/lxml/isoschematron/resources/xsl/iso-schematron-xslt1
2022-12-27T11:51:37.0014420Z   copying build/lib.macosx-11.0-arm64-cpython-38/lxml/isoschematron/resources/xsl/iso-schematron-xslt1/iso_schematron_skeleton_for_xslt1.xsl -> build/bdist.macosx-11.0-arm64/wheel/lxml/isoschematron/resources/xsl/iso-schematron-xslt1
2022-12-27T11:51:37.0018080Z   copying build/lib.macosx-11.0-arm64-cpython-38/lxml/isoschematron/resources/xsl/iso-schematron-xslt1/iso_svrl_for_xslt1.xsl -> build/bdist.macosx-11.0-arm64/wheel/lxml/isoschematron/resources/xsl/iso-schematron-xslt1
2022-12-27T11:51:37.0021650Z   copying build/lib.macosx-11.0-arm64-cpython-38/lxml/isoschematron/resources/xsl/iso-schematron-xslt1/iso_schematron_message.xsl -> build/bdist.macosx-11.0-arm64/wheel/lxml/isoschematron/resources/xsl/iso-schematron-xslt1
2022-12-27T11:51:37.0023960Z   copying build/lib.macosx-11.0-arm64-cpython-38/lxml/isoschematron/resources/xsl/iso-schematron-xslt1/readme.txt -> build/bdist.macosx-11.0-arm64/wheel/lxml/isoschematron/resources/xsl/iso-schematron-xslt1
2022-12-27T11:51:37.0026550Z   copying build/lib.macosx-11.0-arm64-cpython-38/lxml/isoschematron/resources/xsl/RNG2Schtrn.xsl -> build/bdist.macosx-11.0-arm64/wheel/lxml/isoschematron/resources/xsl
2022-12-27T11:51:37.0030100Z   creating build/bdist.macosx-11.0-arm64/wheel/lxml/isoschematron/resources/rng
2022-12-27T11:51:37.0031780Z   copying build/lib.macosx-11.0-arm64-cpython-38/lxml/isoschematron/resources/rng/iso-schematron.rng -> build/bdist.macosx-11.0-arm64/wheel/lxml/isoschematron/resources/rng
2022-12-27T11:51:37.0035060Z   copying build/lib.macosx-11.0-arm64-cpython-38/lxml/isoschematron/__init__.py -> build/bdist.macosx-11.0-arm64/wheel/lxml/isoschematron
2022-12-27T11:51:37.0038510Z   copying build/lib.macosx-11.0-arm64-cpython-38/lxml/etree.cpython-38-darwin.so -> build/bdist.macosx-11.0-arm64/wheel/lxml
2022-12-27T11:51:37.0063330Z   creating build/bdist.macosx-11.0-arm64/wheel/lxml/includes
2022-12-27T11:51:37.0065630Z   copying build/lib.macosx-11.0-arm64-cpython-38/lxml/includes/xmlerror.pxd -> build/bdist.macosx-11.0-arm64/wheel/lxml/includes
2022-12-27T11:51:37.0068040Z   copying build/lib.macosx-11.0-arm64-cpython-38/lxml/includes/c14n.pxd -> build/bdist.macosx-11.0-arm64/wheel/lxml/includes
2022-12-27T11:51:37.0070980Z   copying build/lib.macosx-11.0-arm64-cpython-38/lxml/includes/xmlschema.pxd -> build/bdist.macosx-11.0-arm64/wheel/lxml/includes
2022-12-27T11:51:37.0074230Z   copying build/lib.macosx-11.0-arm64-cpython-38/lxml/includes/__init__.pxd -> build/bdist.macosx-11.0-arm64/wheel/lxml/includes
2022-12-27T11:51:37.0076790Z   copying build/lib.macosx-11.0-arm64-cpython-38/lxml/includes/lxml-version.h -> build/bdist.macosx-11.0-arm64/wheel/lxml/includes
2022-12-27T11:51:37.0079610Z   copying build/lib.macosx-11.0-arm64-cpython-38/lxml/includes/schematron.pxd -> build/bdist.macosx-11.0-arm64/wheel/lxml/includes
2022-12-27T11:51:37.0083590Z   copying build/lib.macosx-11.0-arm64-cpython-38/lxml/includes/__init__.py -> build/bdist.macosx-11.0-arm64/wheel/lxml/includes
2022-12-27T11:51:37.0086230Z   copying build/lib.macosx-11.0-arm64-cpython-38/lxml/includes/tree.pxd -> build/bdist.macosx-11.0-arm64/wheel/lxml/includes
2022-12-27T11:51:37.0090350Z   copying build/lib.macosx-11.0-arm64-cpython-38/lxml/includes/uri.pxd -> build/bdist.macosx-11.0-arm64/wheel/lxml/includes
2022-12-27T11:51:37.0092500Z   copying build/lib.macosx-11.0-arm64-cpython-38/lxml/includes/etree_defs.h -> build/bdist.macosx-11.0-arm64/wheel/lxml/includes
2022-12-27T11:51:37.0095570Z   copying build/lib.macosx-11.0-arm64-cpython-38/lxml/includes/etreepublic.pxd -> build/bdist.macosx-11.0-arm64/wheel/lxml/includes
2022-12-27T11:51:37.0098360Z   copying build/lib.macosx-11.0-arm64-cpython-38/lxml/includes/xpath.pxd -> build/bdist.macosx-11.0-arm64/wheel/lxml/includes
2022-12-27T11:51:37.0101570Z   copying build/lib.macosx-11.0-arm64-cpython-38/lxml/includes/htmlparser.pxd -> build/bdist.macosx-11.0-arm64/wheel/lxml/includes
2022-12-27T11:51:37.0104770Z   copying build/lib.macosx-11.0-arm64-cpython-38/lxml/includes/xslt.pxd -> build/bdist.macosx-11.0-arm64/wheel/lxml/includes
2022-12-27T11:51:37.0107780Z   copying build/lib.macosx-11.0-arm64-cpython-38/lxml/includes/config.pxd -> build/bdist.macosx-11.0-arm64/wheel/lxml/includes
2022-12-27T11:51:37.0110400Z   copying build/lib.macosx-11.0-arm64-cpython-38/lxml/includes/xmlparser.pxd -> build/bdist.macosx-11.0-arm64/wheel/lxml/includes
2022-12-27T11:51:37.0113050Z   copying build/lib.macosx-11.0-arm64-cpython-38/lxml/includes/xinclude.pxd -> build/bdist.macosx-11.0-arm64/wheel/lxml/includes
2022-12-27T11:51:37.0116360Z   copying build/lib.macosx-11.0-arm64-cpython-38/lxml/includes/dtdvalid.pxd -> build/bdist.macosx-11.0-arm64/wheel/lxml/includes
2022-12-27T11:51:37.0118680Z   copying build/lib.macosx-11.0-arm64-cpython-38/lxml/includes/relaxng.pxd -> build/bdist.macosx-11.0-arm64/wheel/lxml/includes
2022-12-27T11:51:37.0122060Z   copying build/lib.macosx-11.0-arm64-cpython-38/lxml/sax.py -> build/bdist.macosx-11.0-arm64/wheel/lxml
2022-12-27T11:51:37.0124140Z   copying build/lib.macosx-11.0-arm64-cpython-38/lxml/pyclasslookup.py -> build/bdist.macosx-11.0-arm64/wheel/lxml
2022-12-27T11:51:37.0128330Z   copying build/lib.macosx-11.0-arm64-cpython-38/lxml/__init__.py -> build/bdist.macosx-11.0-arm64/wheel/lxml
2022-12-27T11:51:37.0130570Z   creating build/bdist.macosx-11.0-arm64/wheel/lxml/html
2022-12-27T11:51:37.0132930Z   copying build/lib.macosx-11.0-arm64-cpython-38/lxml/html/soupparser.py -> build/bdist.macosx-11.0-arm64/wheel/lxml/html
2022-12-27T11:51:37.0134730Z   copying build/lib.macosx-11.0-arm64-cpython-38/lxml/html/defs.py -> build/bdist.macosx-11.0-arm64/wheel/lxml/html
2022-12-27T11:51:37.0137510Z   copying build/lib.macosx-11.0-arm64-cpython-38/lxml/html/_setmixin.py -> build/bdist.macosx-11.0-arm64/wheel/lxml/html
2022-12-27T11:51:37.0139910Z   copying build/lib.macosx-11.0-arm64-cpython-38/lxml/html/clean.py -> build/bdist.macosx-11.0-arm64/wheel/lxml/html
2022-12-27T11:51:37.0142900Z   copying build/lib.macosx-11.0-arm64-cpython-38/lxml/html/_diffcommand.py -> build/bdist.macosx-11.0-arm64/wheel/lxml/html
2022-12-27T11:51:37.0145390Z   copying build/lib.macosx-11.0-arm64-cpython-38/lxml/html/html5parser.py -> build/bdist.macosx-11.0-arm64/wheel/lxml/html
2022-12-27T11:51:37.0147980Z   copying build/lib.macosx-11.0-arm64-cpython-38/lxml/html/__init__.py -> build/bdist.macosx-11.0-arm64/wheel/lxml/html
2022-12-27T11:51:37.0151510Z   copying build/lib.macosx-11.0-arm64-cpython-38/lxml/html/formfill.py -> build/bdist.macosx-11.0-arm64/wheel/lxml/html
2022-12-27T11:51:37.0154690Z   copying build/lib.macosx-11.0-arm64-cpython-38/lxml/html/builder.py -> build/bdist.macosx-11.0-arm64/wheel/lxml/html
2022-12-27T11:51:37.0158620Z   copying build/lib.macosx-11.0-arm64-cpython-38/lxml/html/ElementSoup.py -> build/bdist.macosx-11.0-arm64/wheel/lxml/html
2022-12-27T11:51:37.0161770Z   copying build/lib.macosx-11.0-arm64-cpython-38/lxml/html/_html5builder.py -> build/bdist.macosx-11.0-arm64/wheel/lxml/html
2022-12-27T11:51:37.0164540Z   copying build/lib.macosx-11.0-arm64-cpython-38/lxml/html/usedoctest.py -> build/bdist.macosx-11.0-arm64/wheel/lxml/html
2022-12-27T11:51:37.0167990Z   copying build/lib.macosx-11.0-arm64-cpython-38/lxml/html/diff.py -> build/bdist.macosx-11.0-arm64/wheel/lxml/html
2022-12-27T11:51:37.0170120Z   copying build/lib.macosx-11.0-arm64-cpython-38/lxml/html/diff.cpython-38-darwin.so -> build/bdist.macosx-11.0-arm64/wheel/lxml/html
2022-12-27T11:51:37.0175670Z   copying build/lib.macosx-11.0-arm64-cpython-38/lxml/html/clean.cpython-38-darwin.so -> build/bdist.macosx-11.0-arm64/wheel/lxml/html
2022-12-27T11:51:37.0182750Z   copying build/lib.macosx-11.0-arm64-cpython-38/lxml/etree_api.h -> build/bdist.macosx-11.0-arm64/wheel/lxml
2022-12-27T11:51:37.0185940Z   copying build/lib.macosx-11.0-arm64-cpython-38/lxml/objectify.cpython-38-darwin.so -> build/bdist.macosx-11.0-arm64/wheel/lxml
2022-12-27T11:51:37.0194130Z   copying build/lib.macosx-11.0-arm64-cpython-38/lxml/sax.cpython-38-darwin.so -> build/bdist.macosx-11.0-arm64/wheel/lxml
2022-12-27T11:51:37.0200580Z   copying build/lib.macosx-11.0-arm64-cpython-38/lxml/builder.py -> build/bdist.macosx-11.0-arm64/wheel/lxml
2022-12-27T11:51:37.0203980Z   copying build/lib.macosx-11.0-arm64-cpython-38/lxml/doctestcompare.py -> build/bdist.macosx-11.0-arm64/wheel/lxml
2022-12-27T11:51:37.0206480Z   copying build/lib.macosx-11.0-arm64-cpython-38/lxml/usedoctest.py -> build/bdist.macosx-11.0-arm64/wheel/lxml
2022-12-27T11:51:37.0209780Z   copying build/lib.macosx-11.0-arm64-cpython-38/lxml/cssselect.py -> build/bdist.macosx-11.0-arm64/wheel/lxml
2022-12-27T11:51:37.0212300Z   copying build/lib.macosx-11.0-arm64-cpython-38/lxml/builder.cpython-38-darwin.so -> build/bdist.macosx-11.0-arm64/wheel/lxml
2022-12-27T11:51:37.0217980Z   copying build/lib.macosx-11.0-arm64-cpython-38/lxml/lxml.etree.h -> build/bdist.macosx-11.0-arm64/wheel/lxml
2022-12-27T11:51:37.0220490Z   copying build/lib.macosx-11.0-arm64-cpython-38/lxml/etree.h -> build/bdist.macosx-11.0-arm64/wheel/lxml
2022-12-27T11:51:37.0224210Z   copying build/lib.macosx-11.0-arm64-cpython-38/lxml/ElementInclude.py -> build/bdist.macosx-11.0-arm64/wheel/lxml
2022-12-27T11:51:37.0227450Z   copying build/lib.macosx-11.0-arm64-cpython-38/lxml/lxml.etree_api.h -> build/bdist.macosx-11.0-arm64/wheel/lxml
2022-12-27T11:51:37.0230280Z   copying build/lib.macosx-11.0-arm64-cpython-38/lxml/_elementpath.cpython-38-darwin.so -> build/bdist.macosx-11.0-arm64/wheel/lxml
2022-12-27T11:51:37.0235790Z   running install_egg_info
2022-12-27T11:51:37.0310370Z   running egg_info
2022-12-27T11:51:37.0321980Z   writing src/lxml.egg-info/PKG-INFO
2022-12-27T11:51:37.0326510Z   writing dependency_links to src/lxml.egg-info/dependency_links.txt
2022-12-27T11:51:37.0330400Z   writing requirements to src/lxml.egg-info/requires.txt
2022-12-27T11:51:37.0332430Z   writing top-level names to src/lxml.egg-info/top_level.txt
2022-12-27T11:51:37.0385450Z   reading manifest file 'src/lxml.egg-info/SOURCES.txt'
2022-12-27T11:51:37.0417590Z   reading manifest template 'MANIFEST.in'
2022-12-27T11:51:37.1248980Z   adding license file 'LICENSES.txt'
2022-12-27T11:51:37.1303430Z   writing manifest file 'src/lxml.egg-info/SOURCES.txt'
2022-12-27T11:51:37.1305570Z   Copying src/lxml.egg-info to build/bdist.macosx-11.0-arm64/wheel/lxml-4.6.0-py3.8.egg-info
2022-12-27T11:51:37.1325240Z   running install_scripts
2022-12-27T11:51:37.1591800Z   creating build/bdist.macosx-11.0-arm64/wheel/lxml-4.6.0.dist-info/WHEEL
2022-12-27T11:51:37.1596580Z   creating '/private/var/folders/51/hd414ycd67n82196sw51xqtc0000gn/T/pip-wheel-vxi2fomy/lxml-4.6.0-cp38-cp38-macosx_11_0_arm64.whl' and adding 'build/bdist.macosx-11.0-arm64/wheel' to it
2022-12-27T11:51:37.1603860Z   adding 'lxml/ElementInclude.py'
2022-12-27T11:51:37.1607590Z   adding 'lxml/__init__.py'
2022-12-27T11:51:37.1661970Z   adding 'lxml/_elementpath.cpython-38-darwin.so'
2022-12-27T11:51:37.1672210Z   adding 'lxml/_elementpath.py'
2022-12-27T11:51:37.1702890Z   adding 'lxml/builder.cpython-38-darwin.so'
2022-12-27T11:51:37.1710080Z   adding 'lxml/builder.py'
2022-12-27T11:51:37.1713150Z   adding 'lxml/cssselect.py'
2022-12-27T11:51:37.1718720Z   adding 'lxml/doctestcompare.py'
2022-12-27T11:51:37.2361500Z   adding 'lxml/etree.cpython-38-darwin.so'
2022-12-27T11:51:37.2433940Z   adding 'lxml/etree.h'
2022-12-27T11:51:37.2438010Z   adding 'lxml/etree_api.h'
2022-12-27T11:51:37.2441750Z   adding 'lxml/lxml.etree.h'
2022-12-27T11:51:37.2445760Z   adding 'lxml/lxml.etree_api.h'
2022-12-27T11:51:37.2557570Z   adding 'lxml/objectify.cpython-38-darwin.so'
2022-12-27T11:51:37.2571540Z   adding 'lxml/pyclasslookup.py'
2022-12-27T11:51:37.2623420Z   adding 'lxml/sax.cpython-38-darwin.so'
2022-12-27T11:51:37.2632940Z   adding 'lxml/sax.py'
2022-12-27T11:51:37.2635810Z   adding 'lxml/usedoctest.py'
2022-12-27T11:51:37.2639190Z   adding 'lxml/html/ElementSoup.py'
2022-12-27T11:51:37.2655140Z   adding 'lxml/html/__init__.py'
2022-12-27T11:51:37.2660640Z   adding 'lxml/html/_diffcommand.py'
2022-12-27T11:51:37.2663260Z   adding 'lxml/html/_html5builder.py'
2022-12-27T11:51:37.2666040Z   adding 'lxml/html/_setmixin.py'
2022-12-27T11:51:37.2669410Z   adding 'lxml/html/builder.py'
2022-12-27T11:51:37.2751240Z   adding 'lxml/html/clean.cpython-38-darwin.so'
2022-12-27T11:51:37.2766960Z   adding 'lxml/html/clean.py'
2022-12-27T11:51:37.2771720Z   adding 'lxml/html/defs.py'
2022-12-27T11:51:37.2879990Z   adding 'lxml/html/diff.cpython-38-darwin.so'
2022-12-27T11:51:37.2899980Z   adding 'lxml/html/diff.py'
2022-12-27T11:51:37.2904940Z   adding 'lxml/html/formfill.py'
2022-12-27T11:51:37.2908600Z   adding 'lxml/html/html5parser.py'
2022-12-27T11:51:37.2912850Z   adding 'lxml/html/soupparser.py'
2022-12-27T11:51:37.2916290Z   adding 'lxml/html/usedoctest.py'
2022-12-27T11:51:37.2918670Z   adding 'lxml/includes/__init__.pxd'
2022-12-27T11:51:37.2921130Z   adding 'lxml/includes/__init__.py'
2022-12-27T11:51:37.2923810Z   adding 'lxml/includes/c14n.pxd'
2022-12-27T11:51:37.2925820Z   adding 'lxml/includes/config.pxd'
2022-12-27T11:51:37.2928500Z   adding 'lxml/includes/dtdvalid.pxd'
2022-12-27T11:51:37.2933030Z   adding 'lxml/includes/etree_defs.h'
2022-12-27T11:51:37.2937210Z   adding 'lxml/includes/etreepublic.pxd'
2022-12-27T11:51:37.2940480Z   adding 'lxml/includes/htmlparser.pxd'
2022-12-27T11:51:37.2942990Z   adding 'lxml/includes/lxml-version.h'
2022-12-27T11:51:37.2945370Z   adding 'lxml/includes/relaxng.pxd'
2022-12-27T11:51:37.2948330Z   adding 'lxml/includes/schematron.pxd'
2022-12-27T11:51:37.2953350Z   adding 'lxml/includes/tree.pxd'
2022-12-27T11:51:37.2956290Z   adding 'lxml/includes/uri.pxd'
2022-12-27T11:51:37.2959110Z   adding 'lxml/includes/xinclude.pxd'
2022-12-27T11:51:37.2969020Z   adding 'lxml/includes/xmlerror.pxd'
2022-12-27T11:51:37.2974580Z   adding 'lxml/includes/xmlparser.pxd'
2022-12-27T11:51:37.2977530Z   adding 'lxml/includes/xmlschema.pxd'
2022-12-27T11:51:37.2981070Z   adding 'lxml/includes/xpath.pxd'
2022-12-27T11:51:37.2984510Z   adding 'lxml/includes/xslt.pxd'
2022-12-27T11:51:37.2989670Z   adding 'lxml/isoschematron/__init__.py'
2022-12-27T11:51:37.2995250Z   adding 'lxml/isoschematron/resources/rng/iso-schematron.rng'
2022-12-27T11:51:37.2998990Z   adding 'lxml/isoschematron/resources/xsl/RNG2Schtrn.xsl'
2022-12-27T11:51:37.3002270Z   adding 'lxml/isoschematron/resources/xsl/XSD2Schtrn.xsl'
2022-12-27T11:51:37.3007400Z   adding 'lxml/isoschematron/resources/xsl/iso-schematron-xslt1/iso_abstract_expand.xsl'
2022-12-27T11:51:37.3014120Z   adding 'lxml/isoschematron/resources/xsl/iso-schematron-xslt1/iso_dsdl_include.xsl'
2022-12-27T11:51:37.3018170Z   adding 'lxml/isoschematron/resources/xsl/iso-schematron-xslt1/iso_schematron_message.xsl'
2022-12-27T11:51:37.3034980Z   adding 'lxml/isoschematron/resources/xsl/iso-schematron-xslt1/iso_schematron_skeleton_for_xslt1.xsl'
2022-12-27T11:51:37.3043140Z   adding 'lxml/isoschematron/resources/xsl/iso-schematron-xslt1/iso_svrl_for_xslt1.xsl'
2022-12-27T11:51:37.3046510Z   adding 'lxml/isoschematron/resources/xsl/iso-schematron-xslt1/readme.txt'
2022-12-27T11:51:37.3051670Z   adding 'lxml-4.6.0.dist-info/LICENSES.txt'
2022-12-27T11:51:37.3053590Z   adding 'lxml-4.6.0.dist-info/METADATA'
2022-12-27T11:51:37.3055400Z   adding 'lxml-4.6.0.dist-info/WHEEL'
2022-12-27T11:51:37.3057240Z   adding 'lxml-4.6.0.dist-info/top_level.txt'
2022-12-27T11:51:37.3060010Z   adding 'lxml-4.6.0.dist-info/RECORD'
2022-12-27T11:51:37.3063320Z   removing build/bdist.macosx-11.0-arm64/wheel
2022-12-27T11:51:37.3393390Z   Building wheel for lxml (setup.py): finished with status 'done'
2022-12-27T11:51:37.3449870Z   Created wheel for lxml: filename=lxml-4.6.0-cp38-cp38-macosx_11_0_arm64.whl size=1464913 sha256=29ae15a9e3773bfff9a2d03ec56ca160eb56a43fdb11bfa8f0ecbb5d83eb3121
2022-12-27T11:51:37.3451350Z   Stored in directory: /Users/runner/Library/Caches/pip/wheels/ff/73/0f/0efcdf911d4f0286b3af6a5edcbe19ad96142169e36e0ace2a
2022-12-27T11:51:37.3488190Z Successfully built lxml
2022-12-27T11:51:37.3501650Z Removed build tracker: '/private/var/folders/51/hd414ycd67n82196sw51xqtc0000gn/T/pip-build-tracker-cphr0ugh'
2022-12-27T11:51:37.3899920Z ##[endgroup]
2022-12-27T11:51:37.3900520Z                                                              [32mâœ“ [0m43.33s
2022-12-27T11:51:37.3900840Z ##[group]Repairing wheel...
2022-12-27T11:51:37.3900950Z 
2022-12-27T11:51:37.3904780Z + delocate-wheel --require-archs arm64 -w /private/var/folders/51/hd414ycd67n82196sw51xqtc0000gn/T/cibw-run-gq4wnu_p/cp38-macosx_arm64/repaired_wheel -v /private/var/folders/51/hd414ycd67n82196sw51xqtc0000gn/T/cibw-run-gq4wnu_p/cp38-macosx_arm64/built_wheel/lxml-4.6.0-cp38-cp38-macosx_11_0_arm64.whl
2022-12-27T11:51:41.4193520Z Fixing: /private/var/folders/51/hd414ycd67n82196sw51xqtc0000gn/T/cibw-run-gq4wnu_p/cp38-macosx_arm64/built_wheel/lxml-4.6.0-cp38-cp38-macosx_11_0_arm64.whl
2022-12-27T11:51:41.4274150Z ##[endgroup]
2022-12-27T11:51:41.4275260Z                                                               [32mâœ“ [0m4.04s
2022-12-27T11:51:41.4628390Z 
2022-12-27T11:51:41.4629100Z [32mâœ“ [0mcp38-macosx_arm64 finished in 50.80s
2022-12-27T11:51:41.4631360Z 
2022-12-27T11:51:41.4631570Z 1 wheels produced in 1 minutes:
2022-12-27T11:51:41.4631970Z   lxml-4.6.0-cp38-cp38-macosx_11_0_arm64.whl   1,431 kB
2022-12-27T11:51:41.4820880Z ##[group]Run actions/upload-artifact@v3
2022-12-27T11:51:41.4821040Z with:
2022-12-27T11:51:41.4821170Z   name: lxml-4.6.0-cp38-cp38-macosx_11_0_arm64.whl.zip
2022-12-27T11:51:41.4821310Z   path: build_lxml46038/wheelsout/*.whl
2022-12-27T11:51:41.4821440Z   if-no-files-found: warn
2022-12-27T11:51:41.4821560Z env:
2022-12-27T11:51:41.4821710Z   pythonLocation: /Users/runner/hostedtoolcache/Python/3.8.15/x64
2022-12-27T11:51:41.4821900Z   PKG_CONFIG_PATH: /Users/runner/hostedtoolcache/Python/3.8.15/x64/lib/pkgconfig
2022-12-27T11:51:41.4822080Z   Python_ROOT_DIR: /Users/runner/hostedtoolcache/Python/3.8.15/x64
2022-12-27T11:51:41.4822250Z   Python2_ROOT_DIR: /Users/runner/hostedtoolcache/Python/3.8.15/x64
2022-12-27T11:51:41.4822420Z   Python3_ROOT_DIR: /Users/runner/hostedtoolcache/Python/3.8.15/x64
2022-12-27T11:51:41.4822560Z ##[endgroup]
2022-12-27T11:51:41.5350530Z With the provided path, there will be 1 file uploaded
2022-12-27T11:51:41.5352100Z Starting artifact upload
2022-12-27T11:51:41.5353210Z For more detailed logs during the artifact upload process, enable step-debugging: https://docs.github.com/actions/monitoring-and-troubleshooting-workflows/enabling-debug-logging#enabling-step-debug-logging
2022-12-27T11:51:41.5353680Z Artifact name is valid!
2022-12-27T11:51:42.5696120Z Container for artifact "lxml-4.6.0-cp38-cp38-macosx_11_0_arm64.whl.zip" successfully created. Starting upload of file(s)
2022-12-27T11:51:44.4876240Z Total size of all the files uploaded is 1450514 bytes
2022-12-27T11:51:44.4876660Z File upload process has finished. Finalizing the artifact upload
2022-12-27T11:51:45.5374480Z Artifact has been finalized. All files have been successfully uploaded!
2022-12-27T11:51:45.5374810Z 
2022-12-27T11:51:45.5375010Z The raw size of all the files that were specified for upload is 1464940 bytes
2022-12-27T11:51:45.5376490Z The size of all the files that were uploaded is 1450514 bytes. This takes into account any gzip compression used to reduce the upload size, time and storage
2022-12-27T11:51:45.5376900Z 
2022-12-27T11:51:45.5377460Z Note: The size of downloaded zips can differ significantly from the reported size. For more information see: https://github.com/actions/upload-artifact#zipped-artifact-downloads 
2022-12-27T11:51:45.5377800Z 
2022-12-27T11:51:45.5378160Z Artifact lxml-4.6.0-cp38-cp38-macosx_11_0_arm64.whl.zip has been successfully uploaded!
2022-12-27T11:51:45.5442860Z ##[group]Run rm -rf build_lxml46038 wheelsout
2022-12-27T11:51:45.5443110Z [36;1mrm -rf build_lxml46038 wheelsout[0m
2022-12-27T11:51:45.5457980Z shell: /bin/bash -e {0}
2022-12-27T11:51:45.5458190Z env:
2022-12-27T11:51:45.5458420Z   pythonLocation: /Users/runner/hostedtoolcache/Python/3.8.15/x64
2022-12-27T11:51:45.5458660Z   PKG_CONFIG_PATH: /Users/runner/hostedtoolcache/Python/3.8.15/x64/lib/pkgconfig
2022-12-27T11:51:45.5458990Z   Python_ROOT_DIR: /Users/runner/hostedtoolcache/Python/3.8.15/x64
2022-12-27T11:51:45.5459240Z   Python2_ROOT_DIR: /Users/runner/hostedtoolcache/Python/3.8.15/x64
2022-12-27T11:51:45.5459490Z   Python3_ROOT_DIR: /Users/runner/hostedtoolcache/Python/3.8.15/x64
2022-12-27T11:51:45.5459680Z ##[endgroup]
2022-12-27T11:51:45.5851960Z Post job cleanup.
2022-12-27T11:51:45.6991860Z Cleaning up orphan processes
