2022-12-27T08:59:36.0706114Z Requested labels: self-hosted, macOS, X64
2022-12-27T08:59:36.0706243Z Job defined at: kilnbuild/python.build/.github/workflows/mac_arm_build.yml@refs/heads/main
2022-12-27T08:59:36.0706274Z Waiting for a runner to pick up this job...
2022-12-27T11:56:43.6533553Z Job is about to start running on the runner: kr2 (organization)
2022-12-27T11:56:49.4263440Z Current runner version: '2.300.2'
2022-12-27T11:56:49.4270840Z Runner name: 'kr2'
2022-12-27T11:56:49.4271220Z Runner group name: 'Default'
2022-12-27T11:56:49.4272090Z Machine name: 'kr2'
2022-12-27T11:56:49.4274660Z ##[group]GITHUB_TOKEN Permissions
2022-12-27T11:56:49.4275380Z Actions: write
2022-12-27T11:56:49.4275620Z Checks: write
2022-12-27T11:56:49.4275870Z Contents: write
2022-12-27T11:56:49.4276130Z Deployments: write
2022-12-27T11:56:49.4276380Z Discussions: write
2022-12-27T11:56:49.4276620Z Issues: write
2022-12-27T11:56:49.4276860Z Metadata: read
2022-12-27T11:56:49.4277100Z Packages: write
2022-12-27T11:56:49.4277430Z Pages: write
2022-12-27T11:56:49.4277690Z PullRequests: write
2022-12-27T11:56:49.4277980Z RepositoryProjects: write
2022-12-27T11:56:49.4278270Z SecurityEvents: write
2022-12-27T11:56:49.4278530Z Statuses: write
2022-12-27T11:56:49.4278760Z ##[endgroup]
2022-12-27T11:56:49.4282710Z Secret source: Actions
2022-12-27T11:56:49.4283220Z Prepare workflow directory
2022-12-27T11:56:49.5382560Z Prepare all required actions
2022-12-27T11:56:49.5579920Z Getting action download info
2022-12-27T11:56:50.1549750Z Download action repository 'actions/setup-python@v4' (SHA:5ccb29d8773c3f3f653e1705f474dfaa8a06a912)
2022-12-27T11:56:52.0495010Z Download action repository 'actions/upload-artifact@v3' (SHA:83fd05a356d7e2593de66fc9913b3002723633cb)
2022-12-27T11:56:54.4821010Z ##[group]Run echo '{
2022-12-27T11:56:54.4821780Z [36;1mecho '{[0m
2022-12-27T11:56:54.4822130Z [36;1m  "package_name": "lxml",[0m
2022-12-27T11:56:54.4822590Z [36;1m  "package_url": "https://files.pythonhosted.org/packages/84/74/4a97db45381316cd6e7d4b1eb707d7f60d38cb2985b5dfd7251a340404da/lxml-4.7.1.tar.gz",[0m
2022-12-27T11:56:54.4823080Z [36;1m  "package_version": "4.7.1",[0m
2022-12-27T11:56:54.4823550Z [36;1m  "python_version": "3.8",[0m
2022-12-27T11:56:54.4823840Z [36;1m  "use_ccache": "true"[0m
2022-12-27T11:56:54.4824170Z [36;1m}'[0m
2022-12-27T11:56:54.4851390Z shell: /bin/bash -e {0}
2022-12-27T11:56:54.4851920Z ##[endgroup]
2022-12-27T11:56:54.5282750Z {
2022-12-27T11:56:54.5285390Z   "package_name": "lxml",
2022-12-27T11:56:54.5286520Z   "package_url": "https://files.pythonhosted.org/packages/84/74/4a97db45381316cd6e7d4b1eb707d7f60d38cb2985b5dfd7251a340404da/lxml-4.7.1.tar.gz",
2022-12-27T11:56:54.5287190Z   "package_version": "4.7.1",
2022-12-27T11:56:54.5287700Z   "python_version": "3.8",
2022-12-27T11:56:54.5288030Z   "use_ccache": "true"
2022-12-27T11:56:54.5288370Z }
2022-12-27T11:56:54.5639410Z ##[group]Run actions/setup-python@v4
2022-12-27T11:56:54.5639800Z with:
2022-12-27T11:56:54.5640150Z   python-version: 3.8
2022-12-27T11:56:54.5640490Z   check-latest: false
2022-12-27T11:56:54.5641030Z   token: ***
2022-12-27T11:56:54.5641530Z   update-environment: true
2022-12-27T11:56:54.5641970Z ##[endgroup]
2022-12-27T11:56:54.7833740Z ##[group]Installed versions
2022-12-27T11:56:54.7922340Z Successfully set up CPython (3.8.15)
2022-12-27T11:56:54.7924070Z ##[endgroup]
2022-12-27T11:56:54.8158320Z ##[group]Run if [ "true" == "true" ]
2022-12-27T11:56:54.8159130Z [36;1mif [ "true" == "true" ][0m
2022-12-27T11:56:54.8159530Z [36;1mthen[0m
2022-12-27T11:56:54.8159890Z [36;1m  echo "CCACHE_PATH_PREPEND=/usr/local/opt/ccache/libexec" >> $GITHUB_OUTPUT[0m
2022-12-27T11:56:54.8160310Z [36;1melse[0m
2022-12-27T11:56:54.8160830Z [36;1m  echo "CCACHE_PATH_PREPEND=" >> $GITHUB_OUTPUT[0m
2022-12-27T11:56:54.8161220Z [36;1mfi[0m
2022-12-27T11:56:54.8190270Z shell: /bin/bash -e {0}
2022-12-27T11:56:54.8190670Z env:
2022-12-27T11:56:54.8191210Z   pythonLocation: /Users/runner/hostedtoolcache/Python/3.8.15/x64
2022-12-27T11:56:54.8191650Z   PKG_CONFIG_PATH: /Users/runner/hostedtoolcache/Python/3.8.15/x64/lib/pkgconfig
2022-12-27T11:56:54.8192160Z   Python_ROOT_DIR: /Users/runner/hostedtoolcache/Python/3.8.15/x64
2022-12-27T11:56:54.8192640Z   Python2_ROOT_DIR: /Users/runner/hostedtoolcache/Python/3.8.15/x64
2022-12-27T11:56:54.8193240Z   Python3_ROOT_DIR: /Users/runner/hostedtoolcache/Python/3.8.15/x64
2022-12-27T11:56:54.8194120Z ##[endgroup]
2022-12-27T11:56:54.8512920Z ##[group]Run echo "BUILD_NAME=$(echo lxml_4.7.1_3.8 | tr -dc '[:alnum:]\n\r' | tr '[:upper:]' '[:lower:]')" >> $GITHUB_OUTPUT
2022-12-27T11:56:54.8513540Z [36;1mecho "BUILD_NAME=$(echo lxml_4.7.1_3.8 | tr -dc '[:alnum:]\n\r' | tr '[:upper:]' '[:lower:]')" >> $GITHUB_OUTPUT[0m
2022-12-27T11:56:54.8541090Z shell: /bin/bash -e {0}
2022-12-27T11:56:54.8541370Z env:
2022-12-27T11:56:54.8541750Z   pythonLocation: /Users/runner/hostedtoolcache/Python/3.8.15/x64
2022-12-27T11:56:54.8542310Z   PKG_CONFIG_PATH: /Users/runner/hostedtoolcache/Python/3.8.15/x64/lib/pkgconfig
2022-12-27T11:56:54.8542650Z   Python_ROOT_DIR: /Users/runner/hostedtoolcache/Python/3.8.15/x64
2022-12-27T11:56:54.8543020Z   Python2_ROOT_DIR: /Users/runner/hostedtoolcache/Python/3.8.15/x64
2022-12-27T11:56:54.8543400Z   Python3_ROOT_DIR: /Users/runner/hostedtoolcache/Python/3.8.15/x64
2022-12-27T11:56:54.8543730Z ##[endgroup]
2022-12-27T11:56:54.8789230Z ##[group]Run echo "PYTHON_NO_DOTS=$(echo 3.8 | tr -dc '[:alnum:]\n\r' | tr '[:upper:]' '[:lower:]')" >> $GITHUB_OUTPUT
2022-12-27T11:56:54.8790060Z [36;1mecho "PYTHON_NO_DOTS=$(echo 3.8 | tr -dc '[:alnum:]\n\r' | tr '[:upper:]' '[:lower:]')" >> $GITHUB_OUTPUT[0m
2022-12-27T11:56:54.8817190Z shell: /bin/bash -e {0}
2022-12-27T11:56:54.8817630Z env:
2022-12-27T11:56:54.8818020Z   pythonLocation: /Users/runner/hostedtoolcache/Python/3.8.15/x64
2022-12-27T11:56:54.8819580Z   PKG_CONFIG_PATH: /Users/runner/hostedtoolcache/Python/3.8.15/x64/lib/pkgconfig
2022-12-27T11:56:54.8820070Z   Python_ROOT_DIR: /Users/runner/hostedtoolcache/Python/3.8.15/x64
2022-12-27T11:56:54.8820530Z   Python2_ROOT_DIR: /Users/runner/hostedtoolcache/Python/3.8.15/x64
2022-12-27T11:56:54.8821060Z   Python3_ROOT_DIR: /Users/runner/hostedtoolcache/Python/3.8.15/x64
2022-12-27T11:56:54.8821380Z ##[endgroup]
2022-12-27T11:56:54.9086500Z ##[group]Run rm -rf build_lxml47138
2022-12-27T11:56:54.9087260Z [36;1mrm -rf build_lxml47138[0m
2022-12-27T11:56:54.9087560Z [36;1mmkdir build_lxml47138[0m
2022-12-27T11:56:54.9087990Z [36;1mcd build_lxml47138[0m
2022-12-27T11:56:54.9088510Z [36;1m/usr/local/bin/wget --quiet https://files.pythonhosted.org/packages/84/74/4a97db45381316cd6e7d4b1eb707d7f60d38cb2985b5dfd7251a340404da/lxml-4.7.1.tar.gz[0m
2022-12-27T11:56:54.9089110Z [36;1mtar xf *.tar.gz[0m
2022-12-27T11:56:54.9089380Z [36;1mcd *[0m
2022-12-27T11:56:54.9089760Z [36;1mpython -m pip install cibuildwheel==2.11.3[0m
2022-12-27T11:56:54.9090190Z [36;1mpython -m cibuildwheel --output-dir ../wheelsout[0m
2022-12-27T11:56:54.9117460Z shell: /bin/bash -e {0}
2022-12-27T11:56:54.9117810Z env:
2022-12-27T11:56:54.9118200Z   pythonLocation: /Users/runner/hostedtoolcache/Python/3.8.15/x64
2022-12-27T11:56:54.9118610Z   PKG_CONFIG_PATH: /Users/runner/hostedtoolcache/Python/3.8.15/x64/lib/pkgconfig
2022-12-27T11:56:54.9119360Z   Python_ROOT_DIR: /Users/runner/hostedtoolcache/Python/3.8.15/x64
2022-12-27T11:56:54.9119760Z   Python2_ROOT_DIR: /Users/runner/hostedtoolcache/Python/3.8.15/x64
2022-12-27T11:56:54.9120210Z   Python3_ROOT_DIR: /Users/runner/hostedtoolcache/Python/3.8.15/x64
2022-12-27T11:56:54.9120620Z   CIBW_ARCHS_MACOS: arm64
2022-12-27T11:56:54.9121970Z   CIBW_TEST_SKIP: *_arm64
2022-12-27T11:56:54.9122430Z   CIBW_BUILD: cp38-macosx_arm64
2022-12-27T11:56:54.9122790Z   CIBW_BUILD_FRONTEND: pip
2022-12-27T11:56:54.9123090Z   CIBW_BUILD_VERBOSITY: 3
2022-12-27T11:56:54.9123690Z   CIBW_ENVIRONMENT_MACOS:  CFLAGS="-I/usr/local/opt/openssl@3/include" LDFLAGS="-L/usr/local/opt/openssl@3/lib" CPPFLAGS="-I/usr/local/opt/openssl@3/include" MAKEFLAGS="-j$(sysctl -n hw.logicalcpu)" PATH=/usr/local/opt/ccache/libexec:$PATH
2022-12-27T11:56:54.9124490Z   CIBW_BEFORE_BUILD: pip install Cython; if [[ -f requirements.txt ]]; then pip install -r requirements.txt; fi
2022-12-27T11:56:54.9124980Z   MAKEFLAGS: -j$(sysctl -n hw.logicalcpu)
2022-12-27T11:56:54.9125280Z ##[endgroup]
2022-12-27T11:56:55.6269400Z Requirement already satisfied: cibuildwheel==2.11.3 in /Users/runner/hostedtoolcache/Python/3.8.15/x64/lib/python3.8/site-packages (2.11.3)
2022-12-27T11:56:55.6894670Z Requirement already satisfied: typing-extensions>=4.1.0 in /Users/runner/hostedtoolcache/Python/3.8.15/x64/lib/python3.8/site-packages (from cibuildwheel==2.11.3) (4.4.0)
2022-12-27T11:56:55.6901370Z Requirement already satisfied: bashlex!=0.13 in /Users/runner/hostedtoolcache/Python/3.8.15/x64/lib/python3.8/site-packages (from cibuildwheel==2.11.3) (0.16)
2022-12-27T11:56:55.6905440Z Requirement already satisfied: certifi in /Users/runner/hostedtoolcache/Python/3.8.15/x64/lib/python3.8/site-packages (from cibuildwheel==2.11.3) (2022.12.7)
2022-12-27T11:56:55.6910880Z Requirement already satisfied: platformdirs in /Users/runner/hostedtoolcache/Python/3.8.15/x64/lib/python3.8/site-packages (from cibuildwheel==2.11.3) (2.6.0)
2022-12-27T11:56:55.6915530Z Requirement already satisfied: bracex in /Users/runner/hostedtoolcache/Python/3.8.15/x64/lib/python3.8/site-packages (from cibuildwheel==2.11.3) (2.3.post1)
2022-12-27T11:56:55.6920190Z Requirement already satisfied: filelock in /Users/runner/hostedtoolcache/Python/3.8.15/x64/lib/python3.8/site-packages (from cibuildwheel==2.11.3) (3.8.2)
2022-12-27T11:56:55.6930020Z Requirement already satisfied: packaging>=20.9 in /Users/runner/hostedtoolcache/Python/3.8.15/x64/lib/python3.8/site-packages (from cibuildwheel==2.11.3) (22.0)
2022-12-27T11:56:55.6939710Z Requirement already satisfied: tomli in /Users/runner/hostedtoolcache/Python/3.8.15/x64/lib/python3.8/site-packages (from cibuildwheel==2.11.3) (2.0.1)
2022-12-27T11:56:56.0206340Z 
2022-12-27T11:56:56.0207420Z      _ _       _ _   _       _           _
2022-12-27T11:56:56.0208310Z  ___|_| |_ _ _|_| |_| |_ _ _| |_ ___ ___| |
2022-12-27T11:56:56.0209890Z |  _| | . | | | | | . | | | |   | -_| -_| |
2022-12-27T11:56:56.0210630Z |___|_|___|___|_|_|___|_____|_|_|___|___|_|
2022-12-27T11:56:56.0212630Z 
2022-12-27T11:56:56.0212940Z cibuildwheel version 2.11.3
2022-12-27T11:56:56.0213430Z 
2022-12-27T11:56:56.0214070Z Build options:
2022-12-27T11:56:56.0214770Z   platform: macos
2022-12-27T11:56:56.0551630Z   architectures: arm64[0m
2022-12-27T11:56:56.0552330Z   build_selector: 
2022-12-27T11:56:56.0553710Z     build_config: cp38-macosx_arm64
2022-12-27T11:56:56.0555110Z     skip_config: 
2022-12-27T11:56:56.0557060Z     requires_python: None
2022-12-27T11:56:56.0559070Z     prerelease_pythons: False[0m
2022-12-27T11:56:56.0559940Z   [38;5;244mcontainer_engine: docker[0m
2022-12-27T11:56:56.0561270Z   output_dir: /Users/runner/actions-runner/_work/python.build/python.build/build_lxml47138/wheelsout[0m
2022-12-27T11:56:56.0561970Z   package_dir: /Users/runner/actions-runner/_work/python.build/python.build/build_lxml47138/lxml-4.7.1[0m
2022-12-27T11:56:56.0562430Z   test_selector: 
2022-12-27T11:56:56.0562830Z     skip_config: *_arm64[0m
2022-12-27T11:56:56.0563290Z   [38;5;244mbefore_all: [0m
2022-12-27T11:56:56.0564000Z   before_build: pip install Cython; if [[ -f requirements.txt ]]; then pip install -r requirements.txt; fi[0m
2022-12-27T11:56:56.0564550Z   [38;5;244mbefore_test: [0m
2022-12-27T11:56:56.0564970Z   [38;5;244mbuild_frontend: pip[0m
2022-12-27T11:56:56.0565410Z   build_verbosity: 3[0m
2022-12-27T11:56:56.0565930Z   [38;5;244mconfig_settings: [0m
2022-12-27T11:56:56.0566380Z   [38;5;244mdependency_constraints: pinned[0m
2022-12-27T11:56:56.0566760Z   environment: 
2022-12-27T11:56:56.0567210Z     CFLAGS="-I/usr/local/opt/openssl@3/include"
2022-12-27T11:56:56.0567650Z     LDFLAGS="-L/usr/local/opt/openssl@3/lib"
2022-12-27T11:56:56.0568250Z     CPPFLAGS="-I/usr/local/opt/openssl@3/include"
2022-12-27T11:56:56.0568750Z     MAKEFLAGS="-j$(sysctl -n hw.logicalcpu)"
2022-12-27T11:56:56.0569260Z     PATH=/usr/local/opt/ccache/libexec:$PATH[0m
2022-12-27T11:56:56.0569660Z   [38;5;244mmanylinux_images: None[0m
2022-12-27T11:56:56.0570120Z   [38;5;244mmusllinux_images: None[0m
2022-12-27T11:56:56.0570790Z   [38;5;244mrepair_command: delocate-wheel --require-archs {delocate_archs} -w {dest_dir} -v {wheel}[0m
2022-12-27T11:56:56.0572050Z   [38;5;244mtest_command: [0m
2022-12-27T11:56:56.0572490Z   [38;5;244mtest_extras: [0m
2022-12-27T11:56:56.0572920Z   [38;5;244mtest_requires: [0m
2022-12-27T11:56:56.0573130Z 
2022-12-27T11:56:56.0573270Z Cache folder: /Users/runner/Library/Caches/cibuildwheel
2022-12-27T11:56:56.0581180Z 
2022-12-27T11:56:56.0581690Z Here we go!
2022-12-27T11:56:56.0581900Z 
2022-12-27T11:56:56.0688740Z 
2022-12-27T11:56:56.0690120Z [1m[34mBuilding cp38-macosx_arm64 wheel[0m
2022-12-27T11:56:56.0690660Z CPython 3.8 macOS arm64 - Apple Silicon
2022-12-27T11:56:56.0690890Z 
2022-12-27T11:56:56.0695640Z ##[group]Installing Python cp38...
2022-12-27T11:56:56.0695940Z 
2022-12-27T11:56:56.0698740Z + pkgutil --pkgs
2022-12-27T11:56:56.0912230Z ##[endgroup]
2022-12-27T11:56:56.0914200Z                                                               [32mâœ“ [0m0.02s
2022-12-27T11:56:56.0914890Z ##[group]Setting up build environment...
2022-12-27T11:56:56.0915140Z 
2022-12-27T11:56:56.0949610Z + /Users/runner/hostedtoolcache/Python/3.8.15/x64/bin/python -sS /Users/runner/Library/Caches/cibuildwheel/virtualenv-20.17.0.pyz --activators= --no-periodic-update --pip=22.3.1 --setuptools=65.6.3 --wheel=0.38.4 --symlink-app-data --python /Library/Frameworks/Python.framework/Versions/3.8/bin/python3 /private/var/folders/51/hd414ycd67n82196sw51xqtc0000gn/T/cibw-run-ki3eqtvp/cp38-macosx_arm64/build/venv
2022-12-27T11:56:56.3996910Z created virtual environment CPython3.8.10.final.0-64 in 78ms
2022-12-27T11:56:56.3997790Z   creator CPython3Posix(dest=/private/var/folders/51/hd414ycd67n82196sw51xqtc0000gn/T/cibw-run-ki3eqtvp/cp38-macosx_arm64/build/venv, clear=False, no_vcs_ignore=False, global=False)
2022-12-27T11:56:56.3998980Z   seeder FromAppData(download=False, pip=22.3.1, setuptools=65.6.3, wheel=0.38.4, via=symlink, app_data_dir=/Users/runner/Library/Application Support/virtualenv)
2022-12-27T11:56:56.3999700Z     added seed packages: pip==22.3.1, setuptools==65.6.3, wheel==0.38.4
2022-12-27T11:56:56.4270170Z + python -m pip install --upgrade pip -c /Users/runner/hostedtoolcache/Python/3.8.15/x64/lib/python3.8/site-packages/cibuildwheel/resources/constraints-python38.txt
2022-12-27T11:56:56.9640280Z Requirement already satisfied: pip in ./lib/python3.8/site-packages (22.3.1)
2022-12-27T11:56:57.2497810Z + which pip
2022-12-27T11:56:57.2555330Z /private/var/folders/51/hd414ycd67n82196sw51xqtc0000gn/T/cibw-run-ki3eqtvp/cp38-macosx_arm64/build/venv/bin/pip
2022-12-27T11:56:57.2559950Z + pip --version
2022-12-27T11:56:57.6385090Z pip 22.3.1 from /private/var/folders/51/hd414ycd67n82196sw51xqtc0000gn/T/cibw-run-ki3eqtvp/cp38-macosx_arm64/build/venv/lib/python3.8/site-packages/pip (python 3.8)
2022-12-27T11:56:57.6959770Z + which pip
2022-12-27T11:56:57.7024430Z + which python
2022-12-27T11:56:57.7063060Z /private/var/folders/51/hd414ycd67n82196sw51xqtc0000gn/T/cibw-run-ki3eqtvp/cp38-macosx_arm64/build/venv/bin/python
2022-12-27T11:56:57.7066200Z + python --version
2022-12-27T11:56:57.7156550Z Python 3.8.10
2022-12-27T11:56:57.7162300Z + which python
2022-12-27T11:56:57.7261850Z ##[endgroup]
2022-12-27T11:56:57.7263480Z                                                               [32mâœ“ [0m1.63s
2022-12-27T11:56:57.7265420Z ##[group]Installing build tools...
2022-12-27T11:56:57.7265790Z 
2022-12-27T11:56:57.7266930Z + pip install --upgrade setuptools wheel delocate -c /Users/runner/hostedtoolcache/Python/3.8.15/x64/lib/python3.8/site-packages/cibuildwheel/resources/constraints-python38.txt
2022-12-27T11:56:58.2437310Z Requirement already satisfied: setuptools in /private/var/folders/51/hd414ycd67n82196sw51xqtc0000gn/T/cibw-run-ki3eqtvp/cp38-macosx_arm64/build/venv/lib/python3.8/site-packages (65.6.3)
2022-12-27T11:56:58.6437510Z Requirement already satisfied: wheel in /private/var/folders/51/hd414ycd67n82196sw51xqtc0000gn/T/cibw-run-ki3eqtvp/cp38-macosx_arm64/build/venv/lib/python3.8/site-packages (0.38.4)
2022-12-27T11:56:58.7323740Z Collecting delocate
2022-12-27T11:56:58.7379450Z   Using cached delocate-0.10.3-py3-none-any.whl (142 kB)
2022-12-27T11:56:58.7865510Z Collecting typing-extensions
2022-12-27T11:56:58.7909690Z   Using cached typing_extensions-4.4.0-py3-none-any.whl (26 kB)
2022-12-27T11:56:58.8424600Z Collecting packaging>=20.9
2022-12-27T11:56:58.8494890Z   Using cached packaging-21.3-py3-none-any.whl (40 kB)
2022-12-27T11:56:58.9210110Z Collecting pyparsing!=3.0.5,>=2.0.2
2022-12-27T11:56:58.9271290Z   Using cached pyparsing-3.0.9-py3-none-any.whl (98 kB)
2022-12-27T11:56:58.9956340Z Installing collected packages: typing-extensions, pyparsing, packaging, delocate
2022-12-27T11:56:59.2194320Z Successfully installed delocate-0.10.3 packaging-21.3 pyparsing-3.0.9 typing-extensions-4.4.0
2022-12-27T11:56:59.3495610Z ##[endgroup]
2022-12-27T11:56:59.3497010Z                                                               [32mâœ“ [0m1.62s
2022-12-27T11:56:59.3498610Z ##[group]Running before_build...
2022-12-27T11:56:59.3499040Z 
2022-12-27T11:56:59.3507360Z + pip install Cython; if [[ -f requirements.txt ]]; then pip install -r requirements.txt; fi
2022-12-27T11:57:00.5546430Z Collecting Cython
2022-12-27T11:57:00.5641810Z   Using cached Cython-0.29.32-py2.py3-none-any.whl (986 kB)
2022-12-27T11:57:00.6456210Z Installing collected packages: Cython
2022-12-27T11:57:01.3658710Z Successfully installed Cython-0.29.32
2022-12-27T11:57:01.9582340Z Requirement already satisfied: Cython>=0.29.7 in /private/var/folders/51/hd414ycd67n82196sw51xqtc0000gn/T/cibw-run-ki3eqtvp/cp38-macosx_arm64/build/venv/lib/python3.8/site-packages (from -r requirements.txt (line 1)) (0.29.32)
2022-12-27T11:57:02.1278830Z ##[endgroup]
2022-12-27T11:57:02.1281790Z                                                               [32mâœ“ [0m2.78s
2022-12-27T11:57:02.1283600Z ##[group]Building wheel...
2022-12-27T11:57:02.1284040Z 
2022-12-27T11:57:02.1291260Z + python -m pip wheel /Users/runner/actions-runner/_work/python.build/python.build/build_lxml47138/lxml-4.7.1 --wheel-dir=/private/var/folders/51/hd414ycd67n82196sw51xqtc0000gn/T/cibw-run-ki3eqtvp/cp38-macosx_arm64/built_wheel --no-deps -vvv
2022-12-27T11:57:02.6109930Z Created temporary directory: /private/var/folders/51/hd414ycd67n82196sw51xqtc0000gn/T/pip-ephem-wheel-cache-gz5zvnur
2022-12-27T11:57:02.6115840Z Created temporary directory: /private/var/folders/51/hd414ycd67n82196sw51xqtc0000gn/T/pip-build-tracker-c0ft0joy
2022-12-27T11:57:02.6119090Z Initialized build tracking at /private/var/folders/51/hd414ycd67n82196sw51xqtc0000gn/T/pip-build-tracker-c0ft0joy
2022-12-27T11:57:02.6121340Z Created build tracker: /private/var/folders/51/hd414ycd67n82196sw51xqtc0000gn/T/pip-build-tracker-c0ft0joy
2022-12-27T11:57:02.6124410Z Entered build tracker: /private/var/folders/51/hd414ycd67n82196sw51xqtc0000gn/T/pip-build-tracker-c0ft0joy
2022-12-27T11:57:02.6131350Z Created temporary directory: /private/var/folders/51/hd414ycd67n82196sw51xqtc0000gn/T/pip-wheel-_opb8guo
2022-12-27T11:57:02.6142560Z Created temporary directory: /private/var/folders/51/hd414ycd67n82196sw51xqtc0000gn/T/pip-ephem-wheel-cache-ck5npxz_
2022-12-27T11:57:02.6287720Z Processing /Users/runner/actions-runner/_work/python.build/python.build/build_lxml47138/lxml-4.7.1
2022-12-27T11:57:02.6296270Z   Added file:///Users/runner/actions-runner/_work/python.build/python.build/build_lxml47138/lxml-4.7.1 to build tracker '/private/var/folders/51/hd414ycd67n82196sw51xqtc0000gn/T/pip-build-tracker-c0ft0joy'
2022-12-27T11:57:02.6304570Z   Running setup.py (path:/Users/runner/actions-runner/_work/python.build/python.build/build_lxml47138/lxml-4.7.1/setup.py) egg_info for package from file:///Users/runner/actions-runner/_work/python.build/python.build/build_lxml47138/lxml-4.7.1
2022-12-27T11:57:02.6309970Z   Created temporary directory: /private/var/folders/51/hd414ycd67n82196sw51xqtc0000gn/T/pip-pip-egg-info-mdwv9dky
2022-12-27T11:57:02.6312560Z   Preparing metadata (setup.py): started
2022-12-27T11:57:02.6315300Z   Running command python setup.py egg_info
2022-12-27T11:57:03.3208240Z   Building lxml version 4.7.1.
2022-12-27T11:57:03.3211860Z   Building without Cython.
2022-12-27T11:57:03.3216500Z   Building against libxml2 2.9.4 and libxslt 1.1.29
2022-12-27T11:57:03.3222630Z   Building against libxml2/libxslt in the following directory: /Library/Developer/CommandLineTools/SDKs/MacOSX12.1.sdk/usr/lib
2022-12-27T11:57:03.3224840Z   running egg_info
2022-12-27T11:57:03.3228610Z   creating /private/var/folders/51/hd414ycd67n82196sw51xqtc0000gn/T/pip-pip-egg-info-mdwv9dky/lxml.egg-info
2022-12-27T11:57:03.3230900Z   writing /private/var/folders/51/hd414ycd67n82196sw51xqtc0000gn/T/pip-pip-egg-info-mdwv9dky/lxml.egg-info/PKG-INFO
2022-12-27T11:57:03.3233900Z   writing dependency_links to /private/var/folders/51/hd414ycd67n82196sw51xqtc0000gn/T/pip-pip-egg-info-mdwv9dky/lxml.egg-info/dependency_links.txt
2022-12-27T11:57:03.3236230Z   writing requirements to /private/var/folders/51/hd414ycd67n82196sw51xqtc0000gn/T/pip-pip-egg-info-mdwv9dky/lxml.egg-info/requires.txt
2022-12-27T11:57:03.3240270Z   writing top-level names to /private/var/folders/51/hd414ycd67n82196sw51xqtc0000gn/T/pip-pip-egg-info-mdwv9dky/lxml.egg-info/top_level.txt
2022-12-27T11:57:03.3242600Z   writing manifest file '/private/var/folders/51/hd414ycd67n82196sw51xqtc0000gn/T/pip-pip-egg-info-mdwv9dky/lxml.egg-info/SOURCES.txt'
2022-12-27T11:57:03.3407910Z   reading manifest file '/private/var/folders/51/hd414ycd67n82196sw51xqtc0000gn/T/pip-pip-egg-info-mdwv9dky/lxml.egg-info/SOURCES.txt'
2022-12-27T11:57:03.3412220Z   reading manifest template 'MANIFEST.in'
2022-12-27T11:57:03.5068840Z   adding license file 'LICENSE.txt'
2022-12-27T11:57:03.5072820Z   adding license file 'LICENSES.txt'
2022-12-27T11:57:03.5151140Z   writing manifest file '/private/var/folders/51/hd414ycd67n82196sw51xqtc0000gn/T/pip-pip-egg-info-mdwv9dky/lxml.egg-info/SOURCES.txt'
2022-12-27T11:57:03.5574200Z   Preparing metadata (setup.py): finished with status 'done'
2022-12-27T11:57:03.5619640Z   Source in /Users/runner/actions-runner/_work/python.build/python.build/build_lxml47138/lxml-4.7.1 has version 4.7.1, which satisfies requirement lxml==4.7.1 from file:///Users/runner/actions-runner/_work/python.build/python.build/build_lxml47138/lxml-4.7.1
2022-12-27T11:57:03.5622450Z   Removed lxml==4.7.1 from file:///Users/runner/actions-runner/_work/python.build/python.build/build_lxml47138/lxml-4.7.1 from build tracker '/private/var/folders/51/hd414ycd67n82196sw51xqtc0000gn/T/pip-build-tracker-c0ft0joy'
2022-12-27T11:57:03.5837220Z Created temporary directory: /private/var/folders/51/hd414ycd67n82196sw51xqtc0000gn/T/pip-unpack-rudnohxj
2022-12-27T11:57:03.5839080Z Building wheels for collected packages: lxml
2022-12-27T11:57:03.5852440Z   Created temporary directory: /private/var/folders/51/hd414ycd67n82196sw51xqtc0000gn/T/pip-wheel-1gbjk0k5
2022-12-27T11:57:03.5854110Z   Building wheel for lxml (setup.py): started
2022-12-27T11:57:03.5857200Z   Destination directory: /private/var/folders/51/hd414ycd67n82196sw51xqtc0000gn/T/pip-wheel-1gbjk0k5
2022-12-27T11:57:03.5859880Z   Running command python setup.py bdist_wheel
2022-12-27T11:57:03.8789310Z   Building lxml version 4.7.1.
2022-12-27T11:57:03.8790220Z   Building without Cython.
2022-12-27T11:57:03.9372100Z   Building against libxml2 2.9.4 and libxslt 1.1.29
2022-12-27T11:57:04.2305780Z   Building against libxml2/libxslt in the following directory: /Library/Developer/CommandLineTools/SDKs/MacOSX12.1.sdk/usr/lib
2022-12-27T11:57:04.2766560Z   running bdist_wheel
2022-12-27T11:57:04.2842380Z   running build
2022-12-27T11:57:04.2845080Z   running build_py
2022-12-27T11:57:04.2881200Z   creating build
2022-12-27T11:57:04.2885630Z   creating build/lib.macosx-11.0-arm64-cpython-38
2022-12-27T11:57:04.2890280Z   creating build/lib.macosx-11.0-arm64-cpython-38/lxml
2022-12-27T11:57:04.2891600Z   copying src/lxml/_elementpath.py -> build/lib.macosx-11.0-arm64-cpython-38/lxml
2022-12-27T11:57:04.2894110Z   copying src/lxml/sax.py -> build/lib.macosx-11.0-arm64-cpython-38/lxml
2022-12-27T11:57:04.2897200Z   copying src/lxml/pyclasslookup.py -> build/lib.macosx-11.0-arm64-cpython-38/lxml
2022-12-27T11:57:04.2899690Z   copying src/lxml/__init__.py -> build/lib.macosx-11.0-arm64-cpython-38/lxml
2022-12-27T11:57:04.2904070Z   copying src/lxml/builder.py -> build/lib.macosx-11.0-arm64-cpython-38/lxml
2022-12-27T11:57:04.2913820Z   copying src/lxml/doctestcompare.py -> build/lib.macosx-11.0-arm64-cpython-38/lxml
2022-12-27T11:57:04.2917430Z   copying src/lxml/usedoctest.py -> build/lib.macosx-11.0-arm64-cpython-38/lxml
2022-12-27T11:57:04.2920740Z   copying src/lxml/cssselect.py -> build/lib.macosx-11.0-arm64-cpython-38/lxml
2022-12-27T11:57:04.2924540Z   copying src/lxml/ElementInclude.py -> build/lib.macosx-11.0-arm64-cpython-38/lxml
2022-12-27T11:57:04.2926890Z   creating build/lib.macosx-11.0-arm64-cpython-38/lxml/includes
2022-12-27T11:57:04.2931020Z   copying src/lxml/includes/__init__.py -> build/lib.macosx-11.0-arm64-cpython-38/lxml/includes
2022-12-27T11:57:04.2942430Z   creating build/lib.macosx-11.0-arm64-cpython-38/lxml/html
2022-12-27T11:57:04.2950210Z   copying src/lxml/html/soupparser.py -> build/lib.macosx-11.0-arm64-cpython-38/lxml/html
2022-12-27T11:57:04.2955760Z   copying src/lxml/html/defs.py -> build/lib.macosx-11.0-arm64-cpython-38/lxml/html
2022-12-27T11:57:04.2958540Z   copying src/lxml/html/_setmixin.py -> build/lib.macosx-11.0-arm64-cpython-38/lxml/html
2022-12-27T11:57:04.2960990Z   copying src/lxml/html/clean.py -> build/lib.macosx-11.0-arm64-cpython-38/lxml/html
2022-12-27T11:57:04.2964150Z   copying src/lxml/html/_diffcommand.py -> build/lib.macosx-11.0-arm64-cpython-38/lxml/html
2022-12-27T11:57:04.2967210Z   copying src/lxml/html/html5parser.py -> build/lib.macosx-11.0-arm64-cpython-38/lxml/html
2022-12-27T11:57:04.2971920Z   copying src/lxml/html/__init__.py -> build/lib.macosx-11.0-arm64-cpython-38/lxml/html
2022-12-27T11:57:04.3103710Z   copying src/lxml/html/formfill.py -> build/lib.macosx-11.0-arm64-cpython-38/lxml/html
2022-12-27T11:57:04.3106020Z   copying src/lxml/html/builder.py -> build/lib.macosx-11.0-arm64-cpython-38/lxml/html
2022-12-27T11:57:04.3107080Z   copying src/lxml/html/ElementSoup.py -> build/lib.macosx-11.0-arm64-cpython-38/lxml/html
2022-12-27T11:57:04.3107940Z   copying src/lxml/html/_html5builder.py -> build/lib.macosx-11.0-arm64-cpython-38/lxml/html
2022-12-27T11:57:04.3109020Z   copying src/lxml/html/usedoctest.py -> build/lib.macosx-11.0-arm64-cpython-38/lxml/html
2022-12-27T11:57:04.3109690Z   copying src/lxml/html/diff.py -> build/lib.macosx-11.0-arm64-cpython-38/lxml/html
2022-12-27T11:57:04.3110290Z   creating build/lib.macosx-11.0-arm64-cpython-38/lxml/isoschematron
2022-12-27T11:57:04.3110870Z   copying src/lxml/isoschematron/__init__.py -> build/lib.macosx-11.0-arm64-cpython-38/lxml/isoschematron
2022-12-27T11:57:04.3111510Z   copying src/lxml/etree.h -> build/lib.macosx-11.0-arm64-cpython-38/lxml
2022-12-27T11:57:04.3112110Z   copying src/lxml/etree_api.h -> build/lib.macosx-11.0-arm64-cpython-38/lxml
2022-12-27T11:57:04.3112710Z   copying src/lxml/lxml.etree.h -> build/lib.macosx-11.0-arm64-cpython-38/lxml
2022-12-27T11:57:04.3113260Z   copying src/lxml/lxml.etree_api.h -> build/lib.macosx-11.0-arm64-cpython-38/lxml
2022-12-27T11:57:04.3113900Z   copying src/lxml/includes/xmlerror.pxd -> build/lib.macosx-11.0-arm64-cpython-38/lxml/includes
2022-12-27T11:57:04.3114550Z   copying src/lxml/includes/c14n.pxd -> build/lib.macosx-11.0-arm64-cpython-38/lxml/includes
2022-12-27T11:57:04.3115200Z   copying src/lxml/includes/xmlschema.pxd -> build/lib.macosx-11.0-arm64-cpython-38/lxml/includes
2022-12-27T11:57:04.3115790Z   copying src/lxml/includes/__init__.pxd -> build/lib.macosx-11.0-arm64-cpython-38/lxml/includes
2022-12-27T11:57:04.3116450Z   copying src/lxml/includes/schematron.pxd -> build/lib.macosx-11.0-arm64-cpython-38/lxml/includes
2022-12-27T11:57:04.3119600Z   copying src/lxml/includes/tree.pxd -> build/lib.macosx-11.0-arm64-cpython-38/lxml/includes
2022-12-27T11:57:04.3122000Z   copying src/lxml/includes/uri.pxd -> build/lib.macosx-11.0-arm64-cpython-38/lxml/includes
2022-12-27T11:57:04.3130890Z   copying src/lxml/includes/etreepublic.pxd -> build/lib.macosx-11.0-arm64-cpython-38/lxml/includes
2022-12-27T11:57:04.3136390Z   copying src/lxml/includes/xpath.pxd -> build/lib.macosx-11.0-arm64-cpython-38/lxml/includes
2022-12-27T11:57:04.3139790Z   copying src/lxml/includes/htmlparser.pxd -> build/lib.macosx-11.0-arm64-cpython-38/lxml/includes
2022-12-27T11:57:04.3142040Z   copying src/lxml/includes/xslt.pxd -> build/lib.macosx-11.0-arm64-cpython-38/lxml/includes
2022-12-27T11:57:04.3147720Z   copying src/lxml/includes/config.pxd -> build/lib.macosx-11.0-arm64-cpython-38/lxml/includes
2022-12-27T11:57:04.3150930Z   copying src/lxml/includes/xmlparser.pxd -> build/lib.macosx-11.0-arm64-cpython-38/lxml/includes
2022-12-27T11:57:04.3160390Z   copying src/lxml/includes/xinclude.pxd -> build/lib.macosx-11.0-arm64-cpython-38/lxml/includes
2022-12-27T11:57:04.3162270Z   copying src/lxml/includes/dtdvalid.pxd -> build/lib.macosx-11.0-arm64-cpython-38/lxml/includes
2022-12-27T11:57:04.3165220Z   copying src/lxml/includes/relaxng.pxd -> build/lib.macosx-11.0-arm64-cpython-38/lxml/includes
2022-12-27T11:57:04.3171360Z   copying src/lxml/includes/lxml-version.h -> build/lib.macosx-11.0-arm64-cpython-38/lxml/includes
2022-12-27T11:57:04.3176870Z   copying src/lxml/includes/etree_defs.h -> build/lib.macosx-11.0-arm64-cpython-38/lxml/includes
2022-12-27T11:57:04.3182480Z   creating build/lib.macosx-11.0-arm64-cpython-38/lxml/isoschematron/resources
2022-12-27T11:57:04.3185740Z   creating build/lib.macosx-11.0-arm64-cpython-38/lxml/isoschematron/resources/rng
2022-12-27T11:57:04.3188700Z   copying src/lxml/isoschematron/resources/rng/iso-schematron.rng -> build/lib.macosx-11.0-arm64-cpython-38/lxml/isoschematron/resources/rng
2022-12-27T11:57:04.3190860Z   creating build/lib.macosx-11.0-arm64-cpython-38/lxml/isoschematron/resources/xsl
2022-12-27T11:57:04.3194680Z   copying src/lxml/isoschematron/resources/xsl/XSD2Schtrn.xsl -> build/lib.macosx-11.0-arm64-cpython-38/lxml/isoschematron/resources/xsl
2022-12-27T11:57:04.3204030Z   copying src/lxml/isoschematron/resources/xsl/RNG2Schtrn.xsl -> build/lib.macosx-11.0-arm64-cpython-38/lxml/isoschematron/resources/xsl
2022-12-27T11:57:04.3207520Z   creating build/lib.macosx-11.0-arm64-cpython-38/lxml/isoschematron/resources/xsl/iso-schematron-xslt1
2022-12-27T11:57:04.3211190Z   copying src/lxml/isoschematron/resources/xsl/iso-schematron-xslt1/iso_abstract_expand.xsl -> build/lib.macosx-11.0-arm64-cpython-38/lxml/isoschematron/resources/xsl/iso-schematron-xslt1
2022-12-27T11:57:04.3214200Z   copying src/lxml/isoschematron/resources/xsl/iso-schematron-xslt1/iso_dsdl_include.xsl -> build/lib.macosx-11.0-arm64-cpython-38/lxml/isoschematron/resources/xsl/iso-schematron-xslt1
2022-12-27T11:57:04.3220560Z   copying src/lxml/isoschematron/resources/xsl/iso-schematron-xslt1/iso_schematron_skeleton_for_xslt1.xsl -> build/lib.macosx-11.0-arm64-cpython-38/lxml/isoschematron/resources/xsl/iso-schematron-xslt1
2022-12-27T11:57:04.3226660Z   copying src/lxml/isoschematron/resources/xsl/iso-schematron-xslt1/iso_svrl_for_xslt1.xsl -> build/lib.macosx-11.0-arm64-cpython-38/lxml/isoschematron/resources/xsl/iso-schematron-xslt1
2022-12-27T11:57:04.3230310Z   copying src/lxml/isoschematron/resources/xsl/iso-schematron-xslt1/iso_schematron_message.xsl -> build/lib.macosx-11.0-arm64-cpython-38/lxml/isoschematron/resources/xsl/iso-schematron-xslt1
2022-12-27T11:57:04.3236260Z   copying src/lxml/isoschematron/resources/xsl/iso-schematron-xslt1/readme.txt -> build/lib.macosx-11.0-arm64-cpython-38/lxml/isoschematron/resources/xsl/iso-schematron-xslt1
2022-12-27T11:57:04.3261720Z   running build_ext
2022-12-27T11:57:04.3865060Z   building 'lxml.etree' extension
2022-12-27T11:57:04.3865970Z   creating build/temp.macosx-11.0-arm64-cpython-38
2022-12-27T11:57:04.3867590Z   creating build/temp.macosx-11.0-arm64-cpython-38/src
2022-12-27T11:57:04.3876190Z   creating build/temp.macosx-11.0-arm64-cpython-38/src/lxml
2022-12-27T11:57:04.3884420Z   gcc -Wno-unused-result -Wsign-compare -Wunreachable-code -fno-common -dynamic -DNDEBUG -g -fwrapv -O3 -Wall -g -I/usr/local/opt/openssl@3/include -I/usr/local/opt/openssl@3/include -arch arm64 -DCYTHON_CLINE_IN_TRACEBACK=0 -I/Library/Developer/CommandLineTools/SDKs/MacOSX12.1.sdk/usr/include -Isrc -Isrc/lxml/includes -I/private/var/folders/51/hd414ycd67n82196sw51xqtc0000gn/T/cibw-run-ki3eqtvp/cp38-macosx_arm64/build/venv/include -I/Library/Frameworks/Python.framework/Versions/3.8/include/python3.8 -c src/lxml/etree.c -o build/temp.macosx-11.0-arm64-cpython-38/src/lxml/etree.o -w -flat_namespace
2022-12-27T11:57:46.4586060Z   gcc -bundle -undefined dynamic_lookup -g -L/usr/local/opt/openssl@3/lib -I/usr/local/opt/openssl@3/include -I/usr/local/opt/openssl@3/include -arch arm64 build/temp.macosx-11.0-arm64-cpython-38/src/lxml/etree.o -L/Library/Developer/CommandLineTools/SDKs/MacOSX12.1.sdk/usr/lib -lxslt -lexslt -lxml2 -lz -lm -o build/lib.macosx-11.0-arm64-cpython-38/lxml/etree.cpython-38-darwin.so -isysroot /Library/Developer/CommandLineTools/SDKs/MacOSX12.1.sdk
2022-12-27T11:57:46.6212410Z   building 'lxml.objectify' extension
2022-12-27T11:57:46.6215690Z   gcc -Wno-unused-result -Wsign-compare -Wunreachable-code -fno-common -dynamic -DNDEBUG -g -fwrapv -O3 -Wall -g -I/usr/local/opt/openssl@3/include -I/usr/local/opt/openssl@3/include -arch arm64 -DCYTHON_CLINE_IN_TRACEBACK=0 -I/Library/Developer/CommandLineTools/SDKs/MacOSX12.1.sdk/usr/include -Isrc -Isrc/lxml/includes -I/private/var/folders/51/hd414ycd67n82196sw51xqtc0000gn/T/cibw-run-ki3eqtvp/cp38-macosx_arm64/build/venv/include -I/Library/Frameworks/Python.framework/Versions/3.8/include/python3.8 -c src/lxml/objectify.c -o build/temp.macosx-11.0-arm64-cpython-38/src/lxml/objectify.o -w -flat_namespace
2022-12-27T11:57:53.7780310Z   gcc -bundle -undefined dynamic_lookup -g -L/usr/local/opt/openssl@3/lib -I/usr/local/opt/openssl@3/include -I/usr/local/opt/openssl@3/include -arch arm64 build/temp.macosx-11.0-arm64-cpython-38/src/lxml/objectify.o -L/Library/Developer/CommandLineTools/SDKs/MacOSX12.1.sdk/usr/lib -lxslt -lexslt -lxml2 -lz -lm -o build/lib.macosx-11.0-arm64-cpython-38/lxml/objectify.cpython-38-darwin.so -isysroot /Library/Developer/CommandLineTools/SDKs/MacOSX12.1.sdk
2022-12-27T11:57:53.8779400Z   building 'lxml.builder' extension
2022-12-27T11:57:53.8786460Z   gcc -Wno-unused-result -Wsign-compare -Wunreachable-code -fno-common -dynamic -DNDEBUG -g -fwrapv -O3 -Wall -g -I/usr/local/opt/openssl@3/include -I/usr/local/opt/openssl@3/include -arch arm64 -DCYTHON_CLINE_IN_TRACEBACK=0 -I/Library/Developer/CommandLineTools/SDKs/MacOSX12.1.sdk/usr/include -Isrc -Isrc/lxml/includes -I/private/var/folders/51/hd414ycd67n82196sw51xqtc0000gn/T/cibw-run-ki3eqtvp/cp38-macosx_arm64/build/venv/include -I/Library/Frameworks/Python.framework/Versions/3.8/include/python3.8 -c src/lxml/builder.c -o build/temp.macosx-11.0-arm64-cpython-38/src/lxml/builder.o -w -flat_namespace
2022-12-27T11:57:55.3420000Z   gcc -bundle -undefined dynamic_lookup -g -L/usr/local/opt/openssl@3/lib -I/usr/local/opt/openssl@3/include -I/usr/local/opt/openssl@3/include -arch arm64 build/temp.macosx-11.0-arm64-cpython-38/src/lxml/builder.o -o build/lib.macosx-11.0-arm64-cpython-38/lxml/builder.cpython-38-darwin.so
2022-12-27T11:57:55.4279610Z   building 'lxml._elementpath' extension
2022-12-27T11:57:55.4286470Z   gcc -Wno-unused-result -Wsign-compare -Wunreachable-code -fno-common -dynamic -DNDEBUG -g -fwrapv -O3 -Wall -g -I/usr/local/opt/openssl@3/include -I/usr/local/opt/openssl@3/include -arch arm64 -DCYTHON_CLINE_IN_TRACEBACK=0 -I/Library/Developer/CommandLineTools/SDKs/MacOSX12.1.sdk/usr/include -Isrc -Isrc/lxml/includes -I/private/var/folders/51/hd414ycd67n82196sw51xqtc0000gn/T/cibw-run-ki3eqtvp/cp38-macosx_arm64/build/venv/include -I/Library/Frameworks/Python.framework/Versions/3.8/include/python3.8 -c src/lxml/_elementpath.c -o build/temp.macosx-11.0-arm64-cpython-38/src/lxml/_elementpath.o -w -flat_namespace
2022-12-27T11:57:58.4270790Z   gcc -bundle -undefined dynamic_lookup -g -L/usr/local/opt/openssl@3/lib -I/usr/local/opt/openssl@3/include -I/usr/local/opt/openssl@3/include -arch arm64 build/temp.macosx-11.0-arm64-cpython-38/src/lxml/_elementpath.o -o build/lib.macosx-11.0-arm64-cpython-38/lxml/_elementpath.cpython-38-darwin.so
2022-12-27T11:57:58.5147440Z   building 'lxml.html.diff' extension
2022-12-27T11:57:58.5151990Z   creating build/temp.macosx-11.0-arm64-cpython-38/src/lxml/html
2022-12-27T11:57:58.5159640Z   gcc -Wno-unused-result -Wsign-compare -Wunreachable-code -fno-common -dynamic -DNDEBUG -g -fwrapv -O3 -Wall -g -I/usr/local/opt/openssl@3/include -I/usr/local/opt/openssl@3/include -arch arm64 -DCYTHON_CLINE_IN_TRACEBACK=0 -I/Library/Developer/CommandLineTools/SDKs/MacOSX12.1.sdk/usr/include -Isrc -Isrc/lxml/includes -I/private/var/folders/51/hd414ycd67n82196sw51xqtc0000gn/T/cibw-run-ki3eqtvp/cp38-macosx_arm64/build/venv/include -I/Library/Frameworks/Python.framework/Versions/3.8/include/python3.8 -c src/lxml/html/diff.c -o build/temp.macosx-11.0-arm64-cpython-38/src/lxml/html/diff.o -w -flat_namespace
2022-12-27T11:58:05.5750750Z   gcc -bundle -undefined dynamic_lookup -g -L/usr/local/opt/openssl@3/lib -I/usr/local/opt/openssl@3/include -I/usr/local/opt/openssl@3/include -arch arm64 build/temp.macosx-11.0-arm64-cpython-38/src/lxml/html/diff.o -o build/lib.macosx-11.0-arm64-cpython-38/lxml/html/diff.cpython-38-darwin.so
2022-12-27T11:58:05.6621020Z   building 'lxml.html.clean' extension
2022-12-27T11:58:05.6631130Z   gcc -Wno-unused-result -Wsign-compare -Wunreachable-code -fno-common -dynamic -DNDEBUG -g -fwrapv -O3 -Wall -g -I/usr/local/opt/openssl@3/include -I/usr/local/opt/openssl@3/include -arch arm64 -DCYTHON_CLINE_IN_TRACEBACK=0 -I/Library/Developer/CommandLineTools/SDKs/MacOSX12.1.sdk/usr/include -Isrc -Isrc/lxml/includes -I/private/var/folders/51/hd414ycd67n82196sw51xqtc0000gn/T/cibw-run-ki3eqtvp/cp38-macosx_arm64/build/venv/include -I/Library/Frameworks/Python.framework/Versions/3.8/include/python3.8 -c src/lxml/html/clean.c -o build/temp.macosx-11.0-arm64-cpython-38/src/lxml/html/clean.o -w -flat_namespace
2022-12-27T11:58:11.5911940Z   gcc -bundle -undefined dynamic_lookup -g -L/usr/local/opt/openssl@3/lib -I/usr/local/opt/openssl@3/include -I/usr/local/opt/openssl@3/include -arch arm64 build/temp.macosx-11.0-arm64-cpython-38/src/lxml/html/clean.o -o build/lib.macosx-11.0-arm64-cpython-38/lxml/html/clean.cpython-38-darwin.so
2022-12-27T11:58:11.6823050Z   building 'lxml.sax' extension
2022-12-27T11:58:11.6832800Z   gcc -Wno-unused-result -Wsign-compare -Wunreachable-code -fno-common -dynamic -DNDEBUG -g -fwrapv -O3 -Wall -g -I/usr/local/opt/openssl@3/include -I/usr/local/opt/openssl@3/include -arch arm64 -DCYTHON_CLINE_IN_TRACEBACK=0 -I/Library/Developer/CommandLineTools/SDKs/MacOSX12.1.sdk/usr/include -Isrc -Isrc/lxml/includes -I/private/var/folders/51/hd414ycd67n82196sw51xqtc0000gn/T/cibw-run-ki3eqtvp/cp38-macosx_arm64/build/venv/include -I/Library/Frameworks/Python.framework/Versions/3.8/include/python3.8 -c src/lxml/sax.c -o build/temp.macosx-11.0-arm64-cpython-38/src/lxml/sax.o -w -flat_namespace
2022-12-27T11:58:14.5762310Z   gcc -bundle -undefined dynamic_lookup -g -L/usr/local/opt/openssl@3/lib -I/usr/local/opt/openssl@3/include -I/usr/local/opt/openssl@3/include -arch arm64 build/temp.macosx-11.0-arm64-cpython-38/src/lxml/sax.o -o build/lib.macosx-11.0-arm64-cpython-38/lxml/sax.cpython-38-darwin.so
2022-12-27T11:58:14.6739030Z   /private/var/folders/51/hd414ycd67n82196sw51xqtc0000gn/T/cibw-run-ki3eqtvp/cp38-macosx_arm64/build/venv/lib/python3.8/site-packages/setuptools/command/install.py:34: SetuptoolsDeprecationWarning: setup.py install is deprecated. Use build and pip and other standards-based tools.
2022-12-27T11:58:14.6740560Z     warnings.warn(
2022-12-27T11:58:14.6767770Z   installing to build/bdist.macosx-11.0-arm64/wheel
2022-12-27T11:58:14.6770420Z   running install
2022-12-27T11:58:14.6877090Z   running install_lib
2022-12-27T11:58:14.6905890Z   creating build/bdist.macosx-11.0-arm64
2022-12-27T11:58:14.6909010Z   creating build/bdist.macosx-11.0-arm64/wheel
2022-12-27T11:58:14.6911980Z   creating build/bdist.macosx-11.0-arm64/wheel/lxml
2022-12-27T11:58:14.6915330Z   copying build/lib.macosx-11.0-arm64-cpython-38/lxml/_elementpath.py -> build/bdist.macosx-11.0-arm64/wheel/lxml
2022-12-27T11:58:14.6918040Z   creating build/bdist.macosx-11.0-arm64/wheel/lxml/isoschematron
2022-12-27T11:58:14.6920400Z   creating build/bdist.macosx-11.0-arm64/wheel/lxml/isoschematron/resources
2022-12-27T11:58:14.6923570Z   creating build/bdist.macosx-11.0-arm64/wheel/lxml/isoschematron/resources/xsl
2022-12-27T11:58:14.6926170Z   copying build/lib.macosx-11.0-arm64-cpython-38/lxml/isoschematron/resources/xsl/XSD2Schtrn.xsl -> build/bdist.macosx-11.0-arm64/wheel/lxml/isoschematron/resources/xsl
2022-12-27T11:58:14.6928890Z   creating build/bdist.macosx-11.0-arm64/wheel/lxml/isoschematron/resources/xsl/iso-schematron-xslt1
2022-12-27T11:58:14.6931750Z   copying build/lib.macosx-11.0-arm64-cpython-38/lxml/isoschematron/resources/xsl/iso-schematron-xslt1/iso_abstract_expand.xsl -> build/bdist.macosx-11.0-arm64/wheel/lxml/isoschematron/resources/xsl/iso-schematron-xslt1
2022-12-27T11:58:14.6938710Z   copying build/lib.macosx-11.0-arm64-cpython-38/lxml/isoschematron/resources/xsl/iso-schematron-xslt1/iso_dsdl_include.xsl -> build/bdist.macosx-11.0-arm64/wheel/lxml/isoschematron/resources/xsl/iso-schematron-xslt1
2022-12-27T11:58:14.6942480Z   copying build/lib.macosx-11.0-arm64-cpython-38/lxml/isoschematron/resources/xsl/iso-schematron-xslt1/iso_schematron_skeleton_for_xslt1.xsl -> build/bdist.macosx-11.0-arm64/wheel/lxml/isoschematron/resources/xsl/iso-schematron-xslt1
2022-12-27T11:58:14.6955970Z   copying build/lib.macosx-11.0-arm64-cpython-38/lxml/isoschematron/resources/xsl/iso-schematron-xslt1/iso_svrl_for_xslt1.xsl -> build/bdist.macosx-11.0-arm64/wheel/lxml/isoschematron/resources/xsl/iso-schematron-xslt1
2022-12-27T11:58:14.6960950Z   copying build/lib.macosx-11.0-arm64-cpython-38/lxml/isoschematron/resources/xsl/iso-schematron-xslt1/iso_schematron_message.xsl -> build/bdist.macosx-11.0-arm64/wheel/lxml/isoschematron/resources/xsl/iso-schematron-xslt1
2022-12-27T11:58:14.6962820Z   copying build/lib.macosx-11.0-arm64-cpython-38/lxml/isoschematron/resources/xsl/iso-schematron-xslt1/readme.txt -> build/bdist.macosx-11.0-arm64/wheel/lxml/isoschematron/resources/xsl/iso-schematron-xslt1
2022-12-27T11:58:14.6965960Z   copying build/lib.macosx-11.0-arm64-cpython-38/lxml/isoschematron/resources/xsl/RNG2Schtrn.xsl -> build/bdist.macosx-11.0-arm64/wheel/lxml/isoschematron/resources/xsl
2022-12-27T11:58:14.6981370Z   creating build/bdist.macosx-11.0-arm64/wheel/lxml/isoschematron/resources/rng
2022-12-27T11:58:14.6987040Z   copying build/lib.macosx-11.0-arm64-cpython-38/lxml/isoschematron/resources/rng/iso-schematron.rng -> build/bdist.macosx-11.0-arm64/wheel/lxml/isoschematron/resources/rng
2022-12-27T11:58:14.6992400Z   copying build/lib.macosx-11.0-arm64-cpython-38/lxml/isoschematron/__init__.py -> build/bdist.macosx-11.0-arm64/wheel/lxml/isoschematron
2022-12-27T11:58:14.6997880Z   copying build/lib.macosx-11.0-arm64-cpython-38/lxml/etree.cpython-38-darwin.so -> build/bdist.macosx-11.0-arm64/wheel/lxml
2022-12-27T11:58:14.7054050Z   creating build/bdist.macosx-11.0-arm64/wheel/lxml/includes
2022-12-27T11:58:14.7055890Z   copying build/lib.macosx-11.0-arm64-cpython-38/lxml/includes/xmlerror.pxd -> build/bdist.macosx-11.0-arm64/wheel/lxml/includes
2022-12-27T11:58:14.7060910Z   copying build/lib.macosx-11.0-arm64-cpython-38/lxml/includes/c14n.pxd -> build/bdist.macosx-11.0-arm64/wheel/lxml/includes
2022-12-27T11:58:14.7068070Z   copying build/lib.macosx-11.0-arm64-cpython-38/lxml/includes/xmlschema.pxd -> build/bdist.macosx-11.0-arm64/wheel/lxml/includes
2022-12-27T11:58:14.7070640Z   copying build/lib.macosx-11.0-arm64-cpython-38/lxml/includes/__init__.pxd -> build/bdist.macosx-11.0-arm64/wheel/lxml/includes
2022-12-27T11:58:14.7073550Z   copying build/lib.macosx-11.0-arm64-cpython-38/lxml/includes/lxml-version.h -> build/bdist.macosx-11.0-arm64/wheel/lxml/includes
2022-12-27T11:58:14.7079690Z   copying build/lib.macosx-11.0-arm64-cpython-38/lxml/includes/schematron.pxd -> build/bdist.macosx-11.0-arm64/wheel/lxml/includes
2022-12-27T11:58:14.7082480Z   copying build/lib.macosx-11.0-arm64-cpython-38/lxml/includes/__init__.py -> build/bdist.macosx-11.0-arm64/wheel/lxml/includes
2022-12-27T11:58:14.7087660Z   copying build/lib.macosx-11.0-arm64-cpython-38/lxml/includes/tree.pxd -> build/bdist.macosx-11.0-arm64/wheel/lxml/includes
2022-12-27T11:58:14.7092350Z   copying build/lib.macosx-11.0-arm64-cpython-38/lxml/includes/uri.pxd -> build/bdist.macosx-11.0-arm64/wheel/lxml/includes
2022-12-27T11:58:14.7098750Z   copying build/lib.macosx-11.0-arm64-cpython-38/lxml/includes/etree_defs.h -> build/bdist.macosx-11.0-arm64/wheel/lxml/includes
2022-12-27T11:58:14.7101710Z   copying build/lib.macosx-11.0-arm64-cpython-38/lxml/includes/etreepublic.pxd -> build/bdist.macosx-11.0-arm64/wheel/lxml/includes
2022-12-27T11:58:14.7105140Z   copying build/lib.macosx-11.0-arm64-cpython-38/lxml/includes/xpath.pxd -> build/bdist.macosx-11.0-arm64/wheel/lxml/includes
2022-12-27T11:58:14.7109810Z   copying build/lib.macosx-11.0-arm64-cpython-38/lxml/includes/htmlparser.pxd -> build/bdist.macosx-11.0-arm64/wheel/lxml/includes
2022-12-27T11:58:14.7114620Z   copying build/lib.macosx-11.0-arm64-cpython-38/lxml/includes/xslt.pxd -> build/bdist.macosx-11.0-arm64/wheel/lxml/includes
2022-12-27T11:58:14.7119560Z   copying build/lib.macosx-11.0-arm64-cpython-38/lxml/includes/config.pxd -> build/bdist.macosx-11.0-arm64/wheel/lxml/includes
2022-12-27T11:58:14.7124700Z   copying build/lib.macosx-11.0-arm64-cpython-38/lxml/includes/xmlparser.pxd -> build/bdist.macosx-11.0-arm64/wheel/lxml/includes
2022-12-27T11:58:14.7130340Z   copying build/lib.macosx-11.0-arm64-cpython-38/lxml/includes/xinclude.pxd -> build/bdist.macosx-11.0-arm64/wheel/lxml/includes
2022-12-27T11:58:14.7137060Z   copying build/lib.macosx-11.0-arm64-cpython-38/lxml/includes/dtdvalid.pxd -> build/bdist.macosx-11.0-arm64/wheel/lxml/includes
2022-12-27T11:58:14.7142310Z   copying build/lib.macosx-11.0-arm64-cpython-38/lxml/includes/relaxng.pxd -> build/bdist.macosx-11.0-arm64/wheel/lxml/includes
2022-12-27T11:58:14.7146500Z   copying build/lib.macosx-11.0-arm64-cpython-38/lxml/sax.py -> build/bdist.macosx-11.0-arm64/wheel/lxml
2022-12-27T11:58:14.7152840Z   copying build/lib.macosx-11.0-arm64-cpython-38/lxml/pyclasslookup.py -> build/bdist.macosx-11.0-arm64/wheel/lxml
2022-12-27T11:58:14.7156240Z   copying build/lib.macosx-11.0-arm64-cpython-38/lxml/__init__.py -> build/bdist.macosx-11.0-arm64/wheel/lxml
2022-12-27T11:58:14.7163110Z   creating build/bdist.macosx-11.0-arm64/wheel/lxml/html
2022-12-27T11:58:14.7165950Z   copying build/lib.macosx-11.0-arm64-cpython-38/lxml/html/soupparser.py -> build/bdist.macosx-11.0-arm64/wheel/lxml/html
2022-12-27T11:58:14.7171780Z   copying build/lib.macosx-11.0-arm64-cpython-38/lxml/html/defs.py -> build/bdist.macosx-11.0-arm64/wheel/lxml/html
2022-12-27T11:58:14.7176980Z   copying build/lib.macosx-11.0-arm64-cpython-38/lxml/html/_setmixin.py -> build/bdist.macosx-11.0-arm64/wheel/lxml/html
2022-12-27T11:58:14.7181640Z   copying build/lib.macosx-11.0-arm64-cpython-38/lxml/html/clean.py -> build/bdist.macosx-11.0-arm64/wheel/lxml/html
2022-12-27T11:58:14.7187160Z   copying build/lib.macosx-11.0-arm64-cpython-38/lxml/html/_diffcommand.py -> build/bdist.macosx-11.0-arm64/wheel/lxml/html
2022-12-27T11:58:14.7193120Z   copying build/lib.macosx-11.0-arm64-cpython-38/lxml/html/html5parser.py -> build/bdist.macosx-11.0-arm64/wheel/lxml/html
2022-12-27T11:58:14.7199070Z   copying build/lib.macosx-11.0-arm64-cpython-38/lxml/html/__init__.py -> build/bdist.macosx-11.0-arm64/wheel/lxml/html
2022-12-27T11:58:14.7206210Z   copying build/lib.macosx-11.0-arm64-cpython-38/lxml/html/formfill.py -> build/bdist.macosx-11.0-arm64/wheel/lxml/html
2022-12-27T11:58:14.7212940Z   copying build/lib.macosx-11.0-arm64-cpython-38/lxml/html/builder.py -> build/bdist.macosx-11.0-arm64/wheel/lxml/html
2022-12-27T11:58:14.7219570Z   copying build/lib.macosx-11.0-arm64-cpython-38/lxml/html/ElementSoup.py -> build/bdist.macosx-11.0-arm64/wheel/lxml/html
2022-12-27T11:58:14.7224640Z   copying build/lib.macosx-11.0-arm64-cpython-38/lxml/html/_html5builder.py -> build/bdist.macosx-11.0-arm64/wheel/lxml/html
2022-12-27T11:58:14.7234030Z   copying build/lib.macosx-11.0-arm64-cpython-38/lxml/html/usedoctest.py -> build/bdist.macosx-11.0-arm64/wheel/lxml/html
2022-12-27T11:58:14.7237440Z   copying build/lib.macosx-11.0-arm64-cpython-38/lxml/html/diff.py -> build/bdist.macosx-11.0-arm64/wheel/lxml/html
2022-12-27T11:58:14.7240320Z   copying build/lib.macosx-11.0-arm64-cpython-38/lxml/html/diff.cpython-38-darwin.so -> build/bdist.macosx-11.0-arm64/wheel/lxml/html
2022-12-27T11:58:14.7252670Z   copying build/lib.macosx-11.0-arm64-cpython-38/lxml/html/clean.cpython-38-darwin.so -> build/bdist.macosx-11.0-arm64/wheel/lxml/html
2022-12-27T11:58:14.7265450Z   copying build/lib.macosx-11.0-arm64-cpython-38/lxml/etree_api.h -> build/bdist.macosx-11.0-arm64/wheel/lxml
2022-12-27T11:58:14.7272220Z   copying build/lib.macosx-11.0-arm64-cpython-38/lxml/objectify.cpython-38-darwin.so -> build/bdist.macosx-11.0-arm64/wheel/lxml
2022-12-27T11:58:14.7284150Z   copying build/lib.macosx-11.0-arm64-cpython-38/lxml/sax.cpython-38-darwin.so -> build/bdist.macosx-11.0-arm64/wheel/lxml
2022-12-27T11:58:14.7297190Z   copying build/lib.macosx-11.0-arm64-cpython-38/lxml/builder.py -> build/bdist.macosx-11.0-arm64/wheel/lxml
2022-12-27T11:58:14.7302670Z   copying build/lib.macosx-11.0-arm64-cpython-38/lxml/doctestcompare.py -> build/bdist.macosx-11.0-arm64/wheel/lxml
2022-12-27T11:58:14.7306810Z   copying build/lib.macosx-11.0-arm64-cpython-38/lxml/usedoctest.py -> build/bdist.macosx-11.0-arm64/wheel/lxml
2022-12-27T11:58:14.7312150Z   copying build/lib.macosx-11.0-arm64-cpython-38/lxml/cssselect.py -> build/bdist.macosx-11.0-arm64/wheel/lxml
2022-12-27T11:58:14.7316710Z   copying build/lib.macosx-11.0-arm64-cpython-38/lxml/builder.cpython-38-darwin.so -> build/bdist.macosx-11.0-arm64/wheel/lxml
2022-12-27T11:58:14.7327070Z   copying build/lib.macosx-11.0-arm64-cpython-38/lxml/lxml.etree.h -> build/bdist.macosx-11.0-arm64/wheel/lxml
2022-12-27T11:58:14.7331430Z   copying build/lib.macosx-11.0-arm64-cpython-38/lxml/etree.h -> build/bdist.macosx-11.0-arm64/wheel/lxml
2022-12-27T11:58:14.7336430Z   copying build/lib.macosx-11.0-arm64-cpython-38/lxml/ElementInclude.py -> build/bdist.macosx-11.0-arm64/wheel/lxml
2022-12-27T11:58:14.7341710Z   copying build/lib.macosx-11.0-arm64-cpython-38/lxml/lxml.etree_api.h -> build/bdist.macosx-11.0-arm64/wheel/lxml
2022-12-27T11:58:14.7347890Z   copying build/lib.macosx-11.0-arm64-cpython-38/lxml/_elementpath.cpython-38-darwin.so -> build/bdist.macosx-11.0-arm64/wheel/lxml
2022-12-27T11:58:14.7360440Z   running install_egg_info
2022-12-27T11:58:14.7496310Z   running egg_info
2022-12-27T11:58:14.7517030Z   writing src/lxml.egg-info/PKG-INFO
2022-12-27T11:58:14.7524450Z   writing dependency_links to src/lxml.egg-info/dependency_links.txt
2022-12-27T11:58:14.7530270Z   writing requirements to src/lxml.egg-info/requires.txt
2022-12-27T11:58:14.7533420Z   writing top-level names to src/lxml.egg-info/top_level.txt
2022-12-27T11:58:14.7635090Z   reading manifest file 'src/lxml.egg-info/SOURCES.txt'
2022-12-27T11:58:14.7703530Z   reading manifest template 'MANIFEST.in'
2022-12-27T11:58:14.9392450Z   adding license file 'LICENSE.txt'
2022-12-27T11:58:14.9395820Z   adding license file 'LICENSES.txt'
2022-12-27T11:58:14.9501990Z   writing manifest file 'src/lxml.egg-info/SOURCES.txt'
2022-12-27T11:58:14.9507110Z   Copying src/lxml.egg-info to build/bdist.macosx-11.0-arm64/wheel/lxml-4.7.1-py3.8.egg-info
2022-12-27T11:58:14.9539710Z   running install_scripts
2022-12-27T11:58:15.0018000Z   creating build/bdist.macosx-11.0-arm64/wheel/lxml-4.7.1.dist-info/WHEEL
2022-12-27T11:58:15.0030560Z   creating '/private/var/folders/51/hd414ycd67n82196sw51xqtc0000gn/T/pip-wheel-1gbjk0k5/lxml-4.7.1-cp38-cp38-macosx_11_0_arm64.whl' and adding 'build/bdist.macosx-11.0-arm64/wheel' to it
2022-12-27T11:58:15.0041630Z   adding 'lxml/ElementInclude.py'
2022-12-27T11:58:15.0052170Z   adding 'lxml/__init__.py'
2022-12-27T11:58:15.0129180Z   adding 'lxml/_elementpath.cpython-38-darwin.so'
2022-12-27T11:58:15.0144880Z   adding 'lxml/_elementpath.py'
2022-12-27T11:58:15.0188450Z   adding 'lxml/builder.cpython-38-darwin.so'
2022-12-27T11:58:15.0201100Z   adding 'lxml/builder.py'
2022-12-27T11:58:15.0206500Z   adding 'lxml/cssselect.py'
2022-12-27T11:58:15.0211570Z   adding 'lxml/doctestcompare.py'
2022-12-27T11:58:15.1011310Z   adding 'lxml/etree.cpython-38-darwin.so'
2022-12-27T11:58:15.1130400Z   adding 'lxml/etree.h'
2022-12-27T11:58:15.1136070Z   adding 'lxml/etree_api.h'
2022-12-27T11:58:15.1145390Z   adding 'lxml/lxml.etree.h'
2022-12-27T11:58:15.1150480Z   adding 'lxml/lxml.etree_api.h'
2022-12-27T11:58:15.1296230Z   adding 'lxml/objectify.cpython-38-darwin.so'
2022-12-27T11:58:15.1320590Z   adding 'lxml/pyclasslookup.py'
2022-12-27T11:58:15.1385680Z   adding 'lxml/sax.cpython-38-darwin.so'
2022-12-27T11:58:15.1397370Z   adding 'lxml/sax.py'
2022-12-27T11:58:15.1402560Z   adding 'lxml/usedoctest.py'
2022-12-27T11:58:15.1411940Z   adding 'lxml/html/ElementSoup.py'
2022-12-27T11:58:15.1432540Z   adding 'lxml/html/__init__.py'
2022-12-27T11:58:15.1438580Z   adding 'lxml/html/_diffcommand.py'
2022-12-27T11:58:15.1442420Z   adding 'lxml/html/_html5builder.py'
2022-12-27T11:58:15.1446560Z   adding 'lxml/html/_setmixin.py'
2022-12-27T11:58:15.1453770Z   adding 'lxml/html/builder.py'
2022-12-27T11:58:15.1562370Z   adding 'lxml/html/clean.cpython-38-darwin.so'
2022-12-27T11:58:15.1591560Z   adding 'lxml/html/clean.py'
2022-12-27T11:58:15.1596540Z   adding 'lxml/html/defs.py'
2022-12-27T11:58:15.1734030Z   adding 'lxml/html/diff.cpython-38-darwin.so'
2022-12-27T11:58:15.1765070Z   adding 'lxml/html/diff.py'
2022-12-27T11:58:15.1772540Z   adding 'lxml/html/formfill.py'
2022-12-27T11:58:15.1777810Z   adding 'lxml/html/html5parser.py'
2022-12-27T11:58:15.1784160Z   adding 'lxml/html/soupparser.py'
2022-12-27T11:58:15.1787200Z   adding 'lxml/html/usedoctest.py'
2022-12-27T11:58:15.1794620Z   adding 'lxml/includes/__init__.pxd'
2022-12-27T11:58:15.1800610Z   adding 'lxml/includes/__init__.py'
2022-12-27T11:58:15.1807140Z   adding 'lxml/includes/c14n.pxd'
2022-12-27T11:58:15.1813470Z   adding 'lxml/includes/config.pxd'
2022-12-27T11:58:15.1819050Z   adding 'lxml/includes/dtdvalid.pxd'
2022-12-27T11:58:15.1824840Z   adding 'lxml/includes/etree_defs.h'
2022-12-27T11:58:15.1831280Z   adding 'lxml/includes/etreepublic.pxd'
2022-12-27T11:58:15.1837870Z   adding 'lxml/includes/htmlparser.pxd'
2022-12-27T11:58:15.1844640Z   adding 'lxml/includes/lxml-version.h'
2022-12-27T11:58:15.1851220Z   adding 'lxml/includes/relaxng.pxd'
2022-12-27T11:58:15.1858640Z   adding 'lxml/includes/schematron.pxd'
2022-12-27T11:58:15.1865070Z   adding 'lxml/includes/tree.pxd'
2022-12-27T11:58:15.1869260Z   adding 'lxml/includes/uri.pxd'
2022-12-27T11:58:15.1872480Z   adding 'lxml/includes/xinclude.pxd'
2022-12-27T11:58:15.1876500Z   adding 'lxml/includes/xmlerror.pxd'
2022-12-27T11:58:15.1879460Z   adding 'lxml/includes/xmlparser.pxd'
2022-12-27T11:58:15.1883040Z   adding 'lxml/includes/xmlschema.pxd'
2022-12-27T11:58:15.1886850Z   adding 'lxml/includes/xpath.pxd'
2022-12-27T11:58:15.1892200Z   adding 'lxml/includes/xslt.pxd'
2022-12-27T11:58:15.1900300Z   adding 'lxml/isoschematron/__init__.py'
2022-12-27T11:58:15.1909010Z   adding 'lxml/isoschematron/resources/rng/iso-schematron.rng'
2022-12-27T11:58:15.1915370Z   adding 'lxml/isoschematron/resources/xsl/RNG2Schtrn.xsl'
2022-12-27T11:58:15.1922070Z   adding 'lxml/isoschematron/resources/xsl/XSD2Schtrn.xsl'
2022-12-27T11:58:15.1928180Z   adding 'lxml/isoschematron/resources/xsl/iso-schematron-xslt1/iso_abstract_expand.xsl'
2022-12-27T11:58:15.1937950Z   adding 'lxml/isoschematron/resources/xsl/iso-schematron-xslt1/iso_dsdl_include.xsl'
2022-12-27T11:58:15.1944630Z   adding 'lxml/isoschematron/resources/xsl/iso-schematron-xslt1/iso_schematron_message.xsl'
2022-12-27T11:58:15.1967250Z   adding 'lxml/isoschematron/resources/xsl/iso-schematron-xslt1/iso_schematron_skeleton_for_xslt1.xsl'
2022-12-27T11:58:15.1978800Z   adding 'lxml/isoschematron/resources/xsl/iso-schematron-xslt1/iso_svrl_for_xslt1.xsl'
2022-12-27T11:58:15.1984840Z   adding 'lxml/isoschematron/resources/xsl/iso-schematron-xslt1/readme.txt'
2022-12-27T11:58:15.1995220Z   adding 'lxml-4.7.1.dist-info/LICENSE.txt'
2022-12-27T11:58:15.2000110Z   adding 'lxml-4.7.1.dist-info/LICENSES.txt'
2022-12-27T11:58:15.2003190Z   adding 'lxml-4.7.1.dist-info/METADATA'
2022-12-27T11:58:15.2006630Z   adding 'lxml-4.7.1.dist-info/WHEEL'
2022-12-27T11:58:15.2010060Z   adding 'lxml-4.7.1.dist-info/top_level.txt'
2022-12-27T11:58:15.2013390Z   adding 'lxml-4.7.1.dist-info/RECORD'
2022-12-27T11:58:15.2019280Z   removing build/bdist.macosx-11.0-arm64/wheel
2022-12-27T11:58:15.2627020Z   Building wheel for lxml (setup.py): finished with status 'done'
2022-12-27T11:58:15.2722640Z   Created wheel for lxml: filename=lxml-4.7.1-cp38-cp38-macosx_11_0_arm64.whl size=1478986 sha256=0dd55ae2ec4a9a588b7518b0ca60e09124297a2691a489c3362253a7ecc3fdc0
2022-12-27T11:58:15.2723690Z   Stored in directory: /Users/runner/Library/Caches/pip/wheels/bd/d3/59/88a24d315a448576d57f851ef2bb019c0185f4f719f18edb77
2022-12-27T11:58:15.2786550Z Successfully built lxml
2022-12-27T11:58:15.2804870Z Removed build tracker: '/private/var/folders/51/hd414ycd67n82196sw51xqtc0000gn/T/pip-build-tracker-c0ft0joy'
2022-12-27T11:58:15.3801140Z ##[endgroup]
2022-12-27T11:58:15.3802360Z                                                              [32mâœ“ [0m73.25s
2022-12-27T11:58:15.3803270Z ##[group]Repairing wheel...
2022-12-27T11:58:15.3803580Z 
2022-12-27T11:58:15.3808130Z + delocate-wheel --require-archs arm64 -w /private/var/folders/51/hd414ycd67n82196sw51xqtc0000gn/T/cibw-run-ki3eqtvp/cp38-macosx_arm64/repaired_wheel -v /private/var/folders/51/hd414ycd67n82196sw51xqtc0000gn/T/cibw-run-ki3eqtvp/cp38-macosx_arm64/built_wheel/lxml-4.7.1-cp38-cp38-macosx_11_0_arm64.whl
2022-12-27T11:58:24.0921130Z Fixing: /private/var/folders/51/hd414ycd67n82196sw51xqtc0000gn/T/cibw-run-ki3eqtvp/cp38-macosx_arm64/built_wheel/lxml-4.7.1-cp38-cp38-macosx_11_0_arm64.whl
2022-12-27T11:58:24.1059630Z ##[endgroup]
2022-12-27T11:58:24.1061010Z                                                               [32mâœ“ [0m8.73s
2022-12-27T11:58:24.1681320Z 
2022-12-27T11:58:24.1682340Z [32mâœ“ [0mcp38-macosx_arm64 finished in 88.10s
2022-12-27T11:58:24.1687730Z 
2022-12-27T11:58:24.1688670Z 1 wheels produced in 1 minutes:
2022-12-27T11:58:24.1689420Z   lxml-4.7.1-cp38-cp38-macosx_11_0_arm64.whl   1,445 kB
2022-12-27T11:58:24.2090120Z ##[group]Run actions/upload-artifact@v3
2022-12-27T11:58:24.2090380Z with:
2022-12-27T11:58:24.2090590Z   name: lxml-4.7.1-cp38-cp38-macosx_11_0_arm64.whl.zip
2022-12-27T11:58:24.2090840Z   path: build_lxml47138/wheelsout/*.whl
2022-12-27T11:58:24.2091070Z   if-no-files-found: warn
2022-12-27T11:58:24.2091270Z env:
2022-12-27T11:58:24.2091520Z   pythonLocation: /Users/runner/hostedtoolcache/Python/3.8.15/x64
2022-12-27T11:58:24.2091850Z   PKG_CONFIG_PATH: /Users/runner/hostedtoolcache/Python/3.8.15/x64/lib/pkgconfig
2022-12-27T11:58:24.2092220Z   Python_ROOT_DIR: /Users/runner/hostedtoolcache/Python/3.8.15/x64
2022-12-27T11:58:24.2092570Z   Python2_ROOT_DIR: /Users/runner/hostedtoolcache/Python/3.8.15/x64
2022-12-27T11:58:24.2092890Z   Python3_ROOT_DIR: /Users/runner/hostedtoolcache/Python/3.8.15/x64
2022-12-27T11:58:24.2093150Z ##[endgroup]
2022-12-27T11:58:24.3068540Z With the provided path, there will be 1 file uploaded
2022-12-27T11:58:24.3072000Z Starting artifact upload
2022-12-27T11:58:24.3073550Z For more detailed logs during the artifact upload process, enable step-debugging: https://docs.github.com/actions/monitoring-and-troubleshooting-workflows/enabling-debug-logging#enabling-step-debug-logging
2022-12-27T11:58:24.3074450Z Artifact name is valid!
2022-12-27T11:58:24.6121620Z Container for artifact "lxml-4.7.1-cp38-cp38-macosx_11_0_arm64.whl.zip" successfully created. Starting upload of file(s)
2022-12-27T11:58:25.9473730Z Total size of all the files uploaded is 1463916 bytes
2022-12-27T11:58:25.9475220Z File upload process has finished. Finalizing the artifact upload
2022-12-27T11:58:27.0033480Z Artifact has been finalized. All files have been successfully uploaded!
2022-12-27T11:58:27.0034010Z 
2022-12-27T11:58:27.0034750Z The raw size of all the files that were specified for upload is 1479014 bytes
2022-12-27T11:58:27.0035560Z The size of all the files that were uploaded is 1463916 bytes. This takes into account any gzip compression used to reduce the upload size, time and storage
2022-12-27T11:58:27.0035840Z 
2022-12-27T11:58:27.0036830Z Note: The size of downloaded zips can differ significantly from the reported size. For more information see: https://github.com/actions/upload-artifact#zipped-artifact-downloads 
2022-12-27T11:58:27.0037280Z 
2022-12-27T11:58:27.0037690Z Artifact lxml-4.7.1-cp38-cp38-macosx_11_0_arm64.whl.zip has been successfully uploaded!
2022-12-27T11:58:27.0229820Z ##[group]Run rm -rf build_lxml47138 wheelsout
2022-12-27T11:58:27.0230560Z [36;1mrm -rf build_lxml47138 wheelsout[0m
2022-12-27T11:58:27.0260670Z shell: /bin/bash -e {0}
2022-12-27T11:58:27.0299230Z env:
2022-12-27T11:58:27.0299870Z   pythonLocation: /Users/runner/hostedtoolcache/Python/3.8.15/x64
2022-12-27T11:58:27.0300520Z   PKG_CONFIG_PATH: /Users/runner/hostedtoolcache/Python/3.8.15/x64/lib/pkgconfig
2022-12-27T11:58:27.0300990Z   Python_ROOT_DIR: /Users/runner/hostedtoolcache/Python/3.8.15/x64
2022-12-27T11:58:27.0301520Z   Python2_ROOT_DIR: /Users/runner/hostedtoolcache/Python/3.8.15/x64
2022-12-27T11:58:27.0302180Z   Python3_ROOT_DIR: /Users/runner/hostedtoolcache/Python/3.8.15/x64
2022-12-27T11:58:27.0302510Z ##[endgroup]
2022-12-27T11:58:27.1069910Z Post job cleanup.
2022-12-27T11:58:27.3325700Z Cleaning up orphan processes
