2022-12-27T08:49:24.6956967Z Requested labels: self-hosted, macOS, X64
2022-12-27T08:49:24.6957082Z Job defined at: kilnbuild/python.build/.github/workflows/mac_arm_build.yml@refs/heads/main
2022-12-27T08:49:24.6957109Z Waiting for a runner to pick up this job...
2022-12-27T11:18:17.2603449Z Job is about to start running on the runner: kr2 (organization)
2022-12-27T11:18:22.6723210Z Current runner version: '2.300.2'
2022-12-27T11:18:22.6731000Z Runner name: 'kr2'
2022-12-27T11:18:22.6731410Z Runner group name: 'Default'
2022-12-27T11:18:22.6732330Z Machine name: 'kr2'
2022-12-27T11:18:22.6735090Z ##[group]GITHUB_TOKEN Permissions
2022-12-27T11:18:22.6735800Z Actions: write
2022-12-27T11:18:22.6736070Z Checks: write
2022-12-27T11:18:22.6736330Z Contents: write
2022-12-27T11:18:22.6736580Z Deployments: write
2022-12-27T11:18:22.6736860Z Discussions: write
2022-12-27T11:18:22.6737120Z Issues: write
2022-12-27T11:18:22.6737360Z Metadata: read
2022-12-27T11:18:22.6737620Z Packages: write
2022-12-27T11:18:22.6737880Z Pages: write
2022-12-27T11:18:22.6738130Z PullRequests: write
2022-12-27T11:18:22.6738450Z RepositoryProjects: write
2022-12-27T11:18:22.6738750Z SecurityEvents: write
2022-12-27T11:18:22.6739020Z Statuses: write
2022-12-27T11:18:22.6739270Z ##[endgroup]
2022-12-27T11:18:22.6743040Z Secret source: Actions
2022-12-27T11:18:22.6743540Z Prepare workflow directory
2022-12-27T11:18:22.7966190Z Prepare all required actions
2022-12-27T11:18:22.8170070Z Getting action download info
2022-12-27T11:18:23.2809100Z Download action repository 'actions/setup-python@v4' (SHA:5ccb29d8773c3f3f653e1705f474dfaa8a06a912)
2022-12-27T11:18:26.2180510Z Download action repository 'actions/upload-artifact@v3' (SHA:83fd05a356d7e2593de66fc9913b3002723633cb)
2022-12-27T11:18:28.6983630Z ##[group]Run echo '{
2022-12-27T11:18:28.6984140Z [36;1mecho '{[0m
2022-12-27T11:18:28.6984440Z [36;1m  "package_name": "lxml",[0m
2022-12-27T11:18:28.6984910Z [36;1m  "package_url": "https://files.pythonhosted.org/packages/3d/ad/4de9fbf122783f2017a5283aa762d9412f43d08d874e52d8db092d53544c/lxml-1.0.beta.tar.gz",[0m
2022-12-27T11:18:28.6985270Z [36;1m  "package_version": "1.0.beta",[0m
2022-12-27T11:18:28.6985470Z [36;1m  "python_version": "3.7",[0m
2022-12-27T11:18:28.6985680Z [36;1m  "use_ccache": "true"[0m
2022-12-27T11:18:28.6985860Z [36;1m}'[0m
2022-12-27T11:18:28.7013580Z shell: /bin/bash -e {0}
2022-12-27T11:18:28.7013830Z ##[endgroup]
2022-12-27T11:18:28.7415250Z {
2022-12-27T11:18:28.7417590Z   "package_name": "lxml",
2022-12-27T11:18:28.7418690Z   "package_url": "https://files.pythonhosted.org/packages/3d/ad/4de9fbf122783f2017a5283aa762d9412f43d08d874e52d8db092d53544c/lxml-1.0.beta.tar.gz",
2022-12-27T11:18:28.7419270Z   "package_version": "1.0.beta",
2022-12-27T11:18:28.7419700Z   "python_version": "3.7",
2022-12-27T11:18:28.7419980Z   "use_ccache": "true"
2022-12-27T11:18:28.7420280Z }
2022-12-27T11:18:28.7758950Z ##[group]Run actions/setup-python@v4
2022-12-27T11:18:28.7759460Z with:
2022-12-27T11:18:28.7759770Z   python-version: 3.7
2022-12-27T11:18:28.7760030Z   check-latest: false
2022-12-27T11:18:28.7760540Z   token: ***
2022-12-27T11:18:28.7760920Z   update-environment: true
2022-12-27T11:18:28.7761240Z ##[endgroup]
2022-12-27T11:18:28.9854990Z ##[group]Installed versions
2022-12-27T11:18:28.9933490Z Successfully set up CPython (3.7.15)
2022-12-27T11:18:28.9935770Z ##[endgroup]
2022-12-27T11:18:29.0159080Z ##[group]Run if [ "true" == "true" ]
2022-12-27T11:18:29.0159550Z [36;1mif [ "true" == "true" ][0m
2022-12-27T11:18:29.0159830Z [36;1mthen[0m
2022-12-27T11:18:29.0160340Z [36;1m  echo "CCACHE_PATH_PREPEND=/usr/local/opt/ccache/libexec" >> $GITHUB_OUTPUT[0m
2022-12-27T11:18:29.0160750Z [36;1melse[0m
2022-12-27T11:18:29.0161040Z [36;1m  echo "CCACHE_PATH_PREPEND=" >> $GITHUB_OUTPUT[0m
2022-12-27T11:18:29.0161410Z [36;1mfi[0m
2022-12-27T11:18:29.0189530Z shell: /bin/bash -e {0}
2022-12-27T11:18:29.0189810Z env:
2022-12-27T11:18:29.0190190Z   pythonLocation: /Users/runner/hostedtoolcache/Python/3.7.15/x64
2022-12-27T11:18:29.0190660Z   PKG_CONFIG_PATH: /Users/runner/hostedtoolcache/Python/3.7.15/x64/lib/pkgconfig
2022-12-27T11:18:29.0191270Z   Python_ROOT_DIR: /Users/runner/hostedtoolcache/Python/3.7.15/x64
2022-12-27T11:18:29.0191650Z   Python2_ROOT_DIR: /Users/runner/hostedtoolcache/Python/3.7.15/x64
2022-12-27T11:18:29.0192190Z   Python3_ROOT_DIR: /Users/runner/hostedtoolcache/Python/3.7.15/x64
2022-12-27T11:18:29.0192940Z ##[endgroup]
2022-12-27T11:18:29.0494750Z ##[group]Run echo "BUILD_NAME=$(echo lxml_1.0.beta_3.7 | tr -dc '[:alnum:]\n\r' | tr '[:upper:]' '[:lower:]')" >> $GITHUB_OUTPUT
2022-12-27T11:18:29.0495390Z [36;1mecho "BUILD_NAME=$(echo lxml_1.0.beta_3.7 | tr -dc '[:alnum:]\n\r' | tr '[:upper:]' '[:lower:]')" >> $GITHUB_OUTPUT[0m
2022-12-27T11:18:29.0522480Z shell: /bin/bash -e {0}
2022-12-27T11:18:29.0522660Z env:
2022-12-27T11:18:29.0522900Z   pythonLocation: /Users/runner/hostedtoolcache/Python/3.7.15/x64
2022-12-27T11:18:29.0523290Z   PKG_CONFIG_PATH: /Users/runner/hostedtoolcache/Python/3.7.15/x64/lib/pkgconfig
2022-12-27T11:18:29.0523610Z   Python_ROOT_DIR: /Users/runner/hostedtoolcache/Python/3.7.15/x64
2022-12-27T11:18:29.0523960Z   Python2_ROOT_DIR: /Users/runner/hostedtoolcache/Python/3.7.15/x64
2022-12-27T11:18:29.0524270Z   Python3_ROOT_DIR: /Users/runner/hostedtoolcache/Python/3.7.15/x64
2022-12-27T11:18:29.0524500Z ##[endgroup]
2022-12-27T11:18:29.0791630Z ##[group]Run echo "PYTHON_NO_DOTS=$(echo 3.7 | tr -dc '[:alnum:]\n\r' | tr '[:upper:]' '[:lower:]')" >> $GITHUB_OUTPUT
2022-12-27T11:18:29.0792390Z [36;1mecho "PYTHON_NO_DOTS=$(echo 3.7 | tr -dc '[:alnum:]\n\r' | tr '[:upper:]' '[:lower:]')" >> $GITHUB_OUTPUT[0m
2022-12-27T11:18:29.0819540Z shell: /bin/bash -e {0}
2022-12-27T11:18:29.0819870Z env:
2022-12-27T11:18:29.0820220Z   pythonLocation: /Users/runner/hostedtoolcache/Python/3.7.15/x64
2022-12-27T11:18:29.0820610Z   PKG_CONFIG_PATH: /Users/runner/hostedtoolcache/Python/3.7.15/x64/lib/pkgconfig
2022-12-27T11:18:29.0821150Z   Python_ROOT_DIR: /Users/runner/hostedtoolcache/Python/3.7.15/x64
2022-12-27T11:18:29.0821570Z   Python2_ROOT_DIR: /Users/runner/hostedtoolcache/Python/3.7.15/x64
2022-12-27T11:18:29.0822000Z   Python3_ROOT_DIR: /Users/runner/hostedtoolcache/Python/3.7.15/x64
2022-12-27T11:18:29.0822290Z ##[endgroup]
2022-12-27T11:18:29.1078850Z ##[group]Run rm -rf build_lxml10beta37
2022-12-27T11:18:29.1079320Z [36;1mrm -rf build_lxml10beta37[0m
2022-12-27T11:18:29.1079720Z [36;1mmkdir build_lxml10beta37[0m
2022-12-27T11:18:29.1080130Z [36;1mcd build_lxml10beta37[0m
2022-12-27T11:18:29.1080560Z [36;1m/usr/local/bin/wget --quiet https://files.pythonhosted.org/packages/3d/ad/4de9fbf122783f2017a5283aa762d9412f43d08d874e52d8db092d53544c/lxml-1.0.beta.tar.gz[0m
2022-12-27T11:18:29.1081030Z [36;1mtar xf *.tar.gz[0m
2022-12-27T11:18:29.1081320Z [36;1mcd *[0m
2022-12-27T11:18:29.1081590Z [36;1mpython -m pip install cibuildwheel==2.11.3[0m
2022-12-27T11:18:29.1082060Z [36;1mpython -m cibuildwheel --output-dir ../wheelsout[0m
2022-12-27T11:18:29.1108510Z shell: /bin/bash -e {0}
2022-12-27T11:18:29.1108810Z env:
2022-12-27T11:18:29.1109190Z   pythonLocation: /Users/runner/hostedtoolcache/Python/3.7.15/x64
2022-12-27T11:18:29.1109630Z   PKG_CONFIG_PATH: /Users/runner/hostedtoolcache/Python/3.7.15/x64/lib/pkgconfig
2022-12-27T11:18:29.1110830Z   Python_ROOT_DIR: /Users/runner/hostedtoolcache/Python/3.7.15/x64
2022-12-27T11:18:29.1111200Z   Python2_ROOT_DIR: /Users/runner/hostedtoolcache/Python/3.7.15/x64
2022-12-27T11:18:29.1111670Z   Python3_ROOT_DIR: /Users/runner/hostedtoolcache/Python/3.7.15/x64
2022-12-27T11:18:29.1112040Z   CIBW_ARCHS_MACOS: arm64
2022-12-27T11:18:29.1112350Z   CIBW_TEST_SKIP: *_arm64
2022-12-27T11:18:29.1112610Z   CIBW_BUILD: cp37-macosx_arm64
2022-12-27T11:18:29.1112940Z   CIBW_BUILD_FRONTEND: pip
2022-12-27T11:18:29.1113310Z   CIBW_BUILD_VERBOSITY: 3
2022-12-27T11:18:29.1113790Z   CIBW_ENVIRONMENT_MACOS:  CFLAGS="-I/usr/local/opt/openssl@3/include" LDFLAGS="-L/usr/local/opt/openssl@3/lib" CPPFLAGS="-I/usr/local/opt/openssl@3/include" MAKEFLAGS="-j$(sysctl -n hw.logicalcpu)" PATH=/usr/local/opt/ccache/libexec:$PATH
2022-12-27T11:18:29.1114570Z   CIBW_BEFORE_BUILD: pip install Cython; if [[ -f requirements.txt ]]; then pip install -r requirements.txt; fi
2022-12-27T11:18:29.1115000Z   MAKEFLAGS: -j$(sysctl -n hw.logicalcpu)
2022-12-27T11:18:29.1115380Z ##[endgroup]
2022-12-27T11:18:29.6849470Z Requirement already satisfied: cibuildwheel==2.11.3 in /Users/runner/hostedtoolcache/Python/3.7.15/x64/lib/python3.7/site-packages (2.11.3)
2022-12-27T11:18:29.7318180Z Requirement already satisfied: platformdirs in /Users/runner/hostedtoolcache/Python/3.7.15/x64/lib/python3.7/site-packages (from cibuildwheel==2.11.3) (2.6.0)
2022-12-27T11:18:29.7323830Z Requirement already satisfied: filelock in /Users/runner/hostedtoolcache/Python/3.7.15/x64/lib/python3.7/site-packages (from cibuildwheel==2.11.3) (3.8.2)
2022-12-27T11:18:29.7331250Z Requirement already satisfied: bashlex!=0.13 in /Users/runner/hostedtoolcache/Python/3.7.15/x64/lib/python3.7/site-packages (from cibuildwheel==2.11.3) (0.16)
2022-12-27T11:18:29.7337370Z Requirement already satisfied: certifi in /Users/runner/hostedtoolcache/Python/3.7.15/x64/lib/python3.7/site-packages (from cibuildwheel==2.11.3) (2022.12.7)
2022-12-27T11:18:29.7344490Z Requirement already satisfied: packaging>=20.9 in /Users/runner/hostedtoolcache/Python/3.7.15/x64/lib/python3.7/site-packages (from cibuildwheel==2.11.3) (22.0)
2022-12-27T11:18:29.7348780Z Requirement already satisfied: bracex in /Users/runner/hostedtoolcache/Python/3.7.15/x64/lib/python3.7/site-packages (from cibuildwheel==2.11.3) (2.3.post1)
2022-12-27T11:18:29.7362050Z Requirement already satisfied: tomli in /Users/runner/hostedtoolcache/Python/3.7.15/x64/lib/python3.7/site-packages (from cibuildwheel==2.11.3) (2.0.1)
2022-12-27T11:18:29.7376220Z Requirement already satisfied: typing-extensions>=4.1.0 in /Users/runner/hostedtoolcache/Python/3.7.15/x64/lib/python3.7/site-packages (from cibuildwheel==2.11.3) (4.4.0)
2022-12-27T11:18:30.0427660Z 
2022-12-27T11:18:30.0429640Z      _ _       _ _   _       _           _
2022-12-27T11:18:30.0430350Z  ___|_| |_ _ _|_| |_| |_ _ _| |_ ___ ___| |
2022-12-27T11:18:30.0432140Z |  _| | . | | | | | . | | | |   | -_| -_| |
2022-12-27T11:18:30.0435090Z |___|_|___|___|_|_|___|_____|_|_|___|___|_|
2022-12-27T11:18:30.0435610Z 
2022-12-27T11:18:30.0435930Z cibuildwheel version 2.11.3
2022-12-27T11:18:30.0436330Z 
2022-12-27T11:18:30.0436630Z Build options:
2022-12-27T11:18:30.0437320Z   platform: macos
2022-12-27T11:18:30.0620960Z   architectures: arm64[0m
2022-12-27T11:18:30.0622500Z   build_selector: 
2022-12-27T11:18:30.0625940Z cibuildwheel: No build identifiers selected: BuildSelector(build_config='cp37-macosx_arm64', skip_config='', requires_python=None, prerelease_pythons=False)
2022-12-27T11:18:30.0626990Z     build_config: cp37-macosx_arm64
2022-12-27T11:18:30.0627910Z     skip_config: 
2022-12-27T11:18:30.0628320Z     requires_python: None
2022-12-27T11:18:30.0629130Z     prerelease_pythons: False[0m
2022-12-27T11:18:30.0629800Z   [38;5;244mcontainer_engine: docker[0m
2022-12-27T11:18:30.0630520Z   output_dir: /Users/runner/actions-runner/_work/python.build/python.build/build_lxml10beta37/wheelsout[0m
2022-12-27T11:18:30.0631740Z   package_dir: /Users/runner/actions-runner/_work/python.build/python.build/build_lxml10beta37/lxml-1.0.beta[0m
2022-12-27T11:18:30.0632240Z   test_selector: 
2022-12-27T11:18:30.0632740Z     skip_config: *_arm64[0m
2022-12-27T11:18:30.0633110Z   [38;5;244mbefore_all: [0m
2022-12-27T11:18:30.0633900Z   before_build: pip install Cython; if [[ -f requirements.txt ]]; then pip install -r requirements.txt; fi[0m
2022-12-27T11:18:30.0634510Z   [38;5;244mbefore_test: [0m
2022-12-27T11:18:30.0635040Z   [38;5;244mbuild_frontend: pip[0m
2022-12-27T11:18:30.0635490Z   build_verbosity: 3[0m
2022-12-27T11:18:30.0636270Z   [38;5;244mconfig_settings: [0m
2022-12-27T11:18:30.0636910Z   [38;5;244mdependency_constraints: pinned[0m
2022-12-27T11:18:30.0637220Z   environment: 
2022-12-27T11:18:30.0637690Z     CFLAGS="-I/usr/local/opt/openssl@3/include"
2022-12-27T11:18:30.0638230Z     LDFLAGS="-L/usr/local/opt/openssl@3/lib"
2022-12-27T11:18:30.0638690Z     CPPFLAGS="-I/usr/local/opt/openssl@3/include"
2022-12-27T11:18:30.0639450Z     MAKEFLAGS="-j$(sysctl -n hw.logicalcpu)"
2022-12-27T11:18:30.0640090Z     PATH=/usr/local/opt/ccache/libexec:$PATH[0m
2022-12-27T11:18:30.0640620Z   [38;5;244mmanylinux_images: None[0m
2022-12-27T11:18:30.0641790Z   [38;5;244mmusllinux_images: None[0m
2022-12-27T11:18:30.0642550Z   [38;5;244mrepair_command: delocate-wheel --require-archs {delocate_archs} -w {dest_dir} -v {wheel}[0m
2022-12-27T11:18:30.0643020Z   [38;5;244mtest_command: [0m
2022-12-27T11:18:30.0643440Z   [38;5;244mtest_extras: [0m
2022-12-27T11:18:30.0643860Z   [38;5;244mtest_requires: [0m
2022-12-27T11:18:30.0644080Z 
2022-12-27T11:18:30.0644280Z Cache folder: /Users/runner/Library/Caches/cibuildwheel
2022-12-27T11:18:30.0644460Z 
2022-12-27T11:18:30.0644760Z Here we go!
2022-12-27T11:18:30.0644960Z 
2022-12-27T11:18:30.0865590Z ##[error]Process completed with exit code 3.
2022-12-27T11:18:30.0931420Z ##[group]Run rm -rf build_lxml10beta37 wheelsout
2022-12-27T11:18:30.0931820Z [36;1mrm -rf build_lxml10beta37 wheelsout[0m
2022-12-27T11:18:30.0960710Z shell: /bin/bash -e {0}
2022-12-27T11:18:30.0961030Z env:
2022-12-27T11:18:30.0961390Z   pythonLocation: /Users/runner/hostedtoolcache/Python/3.7.15/x64
2022-12-27T11:18:30.0961860Z   PKG_CONFIG_PATH: /Users/runner/hostedtoolcache/Python/3.7.15/x64/lib/pkgconfig
2022-12-27T11:18:30.0962430Z   Python_ROOT_DIR: /Users/runner/hostedtoolcache/Python/3.7.15/x64
2022-12-27T11:18:30.0962880Z   Python2_ROOT_DIR: /Users/runner/hostedtoolcache/Python/3.7.15/x64
2022-12-27T11:18:30.0963260Z   Python3_ROOT_DIR: /Users/runner/hostedtoolcache/Python/3.7.15/x64
2022-12-27T11:18:30.0963630Z ##[endgroup]
2022-12-27T11:18:30.1432850Z Cleaning up orphan processes
