2022-12-27T08:50:19.3605647Z Requested labels: self-hosted, macOS, X64
2022-12-27T08:50:19.3605729Z Job defined at: kilnbuild/python.build/.github/workflows/mac_arm_build.yml@refs/heads/main
2022-12-27T08:50:19.3605759Z Waiting for a runner to pick up this job...
2022-12-27T11:18:40.8094380Z Job is about to start running on the runner: k2 (organization)
2022-12-27T11:18:43.9629900Z Current runner version: '2.300.2'
2022-12-27T11:18:43.9634970Z Runner name: 'k2'
2022-12-27T11:18:43.9635220Z Runner group name: 'Default'
2022-12-27T11:18:43.9635640Z Machine name: 'k2'
2022-12-27T11:18:43.9637110Z ##[group]GITHUB_TOKEN Permissions
2022-12-27T11:18:43.9637530Z Actions: write
2022-12-27T11:18:43.9637670Z Checks: write
2022-12-27T11:18:43.9637800Z Contents: write
2022-12-27T11:18:43.9637940Z Deployments: write
2022-12-27T11:18:43.9638070Z Discussions: write
2022-12-27T11:18:43.9638200Z Issues: write
2022-12-27T11:18:43.9638330Z Metadata: read
2022-12-27T11:18:43.9638450Z Packages: write
2022-12-27T11:18:43.9638580Z Pages: write
2022-12-27T11:18:43.9638720Z PullRequests: write
2022-12-27T11:18:43.9638870Z RepositoryProjects: write
2022-12-27T11:18:43.9639030Z SecurityEvents: write
2022-12-27T11:18:43.9639170Z Statuses: write
2022-12-27T11:18:43.9639300Z ##[endgroup]
2022-12-27T11:18:43.9641780Z Secret source: Actions
2022-12-27T11:18:43.9642080Z Prepare workflow directory
2022-12-27T11:18:44.0289040Z Prepare all required actions
2022-12-27T11:18:44.0405830Z Getting action download info
2022-12-27T11:18:44.4933490Z Download action repository 'actions/setup-python@v4' (SHA:5ccb29d8773c3f3f653e1705f474dfaa8a06a912)
2022-12-27T11:18:46.2541470Z Download action repository 'actions/upload-artifact@v3' (SHA:83fd05a356d7e2593de66fc9913b3002723633cb)
2022-12-27T11:18:47.5742360Z ##[group]Run echo '{
2022-12-27T11:18:47.5742650Z [36;1mecho '{[0m
2022-12-27T11:18:47.5742780Z [36;1m  "package_name": "lxml",[0m
2022-12-27T11:18:47.5743010Z [36;1m  "package_url": "https://files.pythonhosted.org/packages/3d/ad/4de9fbf122783f2017a5283aa762d9412f43d08d874e52d8db092d53544c/lxml-1.0.beta.tar.gz",[0m
2022-12-27T11:18:47.5743260Z [36;1m  "package_version": "1.0.beta",[0m
2022-12-27T11:18:47.5743420Z [36;1m  "python_version": "3.10",[0m
2022-12-27T11:18:47.5743550Z [36;1m  "use_ccache": "true"[0m
2022-12-27T11:18:47.5743700Z [36;1m}'[0m
2022-12-27T11:18:47.5758800Z shell: /bin/bash -e {0}
2022-12-27T11:18:47.5758990Z ##[endgroup]
2022-12-27T11:18:47.5976650Z {
2022-12-27T11:18:47.5978000Z   "package_name": "lxml",
2022-12-27T11:18:47.5978540Z   "package_url": "https://files.pythonhosted.org/packages/3d/ad/4de9fbf122783f2017a5283aa762d9412f43d08d874e52d8db092d53544c/lxml-1.0.beta.tar.gz",
2022-12-27T11:18:47.5978820Z   "package_version": "1.0.beta",
2022-12-27T11:18:47.5979100Z   "python_version": "3.10",
2022-12-27T11:18:47.5979250Z   "use_ccache": "true"
2022-12-27T11:18:47.5979410Z }
2022-12-27T11:18:47.6190790Z ##[group]Run actions/setup-python@v4
2022-12-27T11:18:47.6191020Z with:
2022-12-27T11:18:47.6191270Z   python-version: 3.10
2022-12-27T11:18:47.6191450Z   check-latest: false
2022-12-27T11:18:47.6191700Z   token: ***
2022-12-27T11:18:47.6191890Z   update-environment: true
2022-12-27T11:18:47.6192120Z ##[endgroup]
2022-12-27T11:18:47.7387410Z ##[group]Installed versions
2022-12-27T11:18:47.7423680Z Successfully set up CPython (3.10.9)
2022-12-27T11:18:47.7424590Z ##[endgroup]
2022-12-27T11:18:47.7568310Z ##[group]Run if [ "true" == "true" ]
2022-12-27T11:18:47.7568610Z [36;1mif [ "true" == "true" ][0m
2022-12-27T11:18:47.7568910Z [36;1mthen[0m
2022-12-27T11:18:47.7569090Z [36;1m  echo "CCACHE_PATH_PREPEND=/usr/local/opt/ccache/libexec" >> $GITHUB_OUTPUT[0m
2022-12-27T11:18:47.7569310Z [36;1melse[0m
2022-12-27T11:18:47.7569510Z [36;1m  echo "CCACHE_PATH_PREPEND=" >> $GITHUB_OUTPUT[0m
2022-12-27T11:18:47.7570100Z [36;1mfi[0m
2022-12-27T11:18:47.7586490Z shell: /bin/bash -e {0}
2022-12-27T11:18:47.7586710Z env:
2022-12-27T11:18:47.7586930Z   pythonLocation: /Users/runner/hostedtoolcache/Python/3.10.9/x64
2022-12-27T11:18:47.7587270Z   PKG_CONFIG_PATH: /Users/runner/hostedtoolcache/Python/3.10.9/x64/lib/pkgconfig
2022-12-27T11:18:47.7587520Z   Python_ROOT_DIR: /Users/runner/hostedtoolcache/Python/3.10.9/x64
2022-12-27T11:18:47.7587760Z   Python2_ROOT_DIR: /Users/runner/hostedtoolcache/Python/3.10.9/x64
2022-12-27T11:18:47.7588040Z   Python3_ROOT_DIR: /Users/runner/hostedtoolcache/Python/3.10.9/x64
2022-12-27T11:18:47.7588680Z ##[endgroup]
2022-12-27T11:18:47.7702930Z ##[group]Run echo "BUILD_NAME=$(echo lxml_1.0.beta_3.10 | tr -dc '[:alnum:]\n\r' | tr '[:upper:]' '[:lower:]')" >> $GITHUB_OUTPUT
2022-12-27T11:18:47.7703400Z [36;1mecho "BUILD_NAME=$(echo lxml_1.0.beta_3.10 | tr -dc '[:alnum:]\n\r' | tr '[:upper:]' '[:lower:]')" >> $GITHUB_OUTPUT[0m
2022-12-27T11:18:47.7716770Z shell: /bin/bash -e {0}
2022-12-27T11:18:47.7716930Z env:
2022-12-27T11:18:47.7717220Z   pythonLocation: /Users/runner/hostedtoolcache/Python/3.10.9/x64
2022-12-27T11:18:47.7717510Z   PKG_CONFIG_PATH: /Users/runner/hostedtoolcache/Python/3.10.9/x64/lib/pkgconfig
2022-12-27T11:18:47.7717730Z   Python_ROOT_DIR: /Users/runner/hostedtoolcache/Python/3.10.9/x64
2022-12-27T11:18:47.7717970Z   Python2_ROOT_DIR: /Users/runner/hostedtoolcache/Python/3.10.9/x64
2022-12-27T11:18:47.7718280Z   Python3_ROOT_DIR: /Users/runner/hostedtoolcache/Python/3.10.9/x64
2022-12-27T11:18:47.7758820Z ##[endgroup]
2022-12-27T11:18:47.7879230Z ##[group]Run echo "PYTHON_NO_DOTS=$(echo 3.10 | tr -dc '[:alnum:]\n\r' | tr '[:upper:]' '[:lower:]')" >> $GITHUB_OUTPUT
2022-12-27T11:18:47.7879650Z [36;1mecho "PYTHON_NO_DOTS=$(echo 3.10 | tr -dc '[:alnum:]\n\r' | tr '[:upper:]' '[:lower:]')" >> $GITHUB_OUTPUT[0m
2022-12-27T11:18:47.7894150Z shell: /bin/bash -e {0}
2022-12-27T11:18:47.7894360Z env:
2022-12-27T11:18:47.7894570Z   pythonLocation: /Users/runner/hostedtoolcache/Python/3.10.9/x64
2022-12-27T11:18:47.7894810Z   PKG_CONFIG_PATH: /Users/runner/hostedtoolcache/Python/3.10.9/x64/lib/pkgconfig
2022-12-27T11:18:47.7895020Z   Python_ROOT_DIR: /Users/runner/hostedtoolcache/Python/3.10.9/x64
2022-12-27T11:18:47.7895250Z   Python2_ROOT_DIR: /Users/runner/hostedtoolcache/Python/3.10.9/x64
2022-12-27T11:18:47.7895520Z   Python3_ROOT_DIR: /Users/runner/hostedtoolcache/Python/3.10.9/x64
2022-12-27T11:18:47.7895720Z ##[endgroup]
2022-12-27T11:18:47.8019370Z ##[group]Run rm -rf build_lxml10beta310
2022-12-27T11:18:47.8019740Z [36;1mrm -rf build_lxml10beta310[0m
2022-12-27T11:18:47.8019930Z [36;1mmkdir build_lxml10beta310[0m
2022-12-27T11:18:47.8020160Z [36;1mcd build_lxml10beta310[0m
2022-12-27T11:18:47.8020460Z [36;1m/usr/local/bin/wget --quiet https://files.pythonhosted.org/packages/3d/ad/4de9fbf122783f2017a5283aa762d9412f43d08d874e52d8db092d53544c/lxml-1.0.beta.tar.gz[0m
2022-12-27T11:18:47.8020720Z [36;1mtar xf *.tar.gz[0m
2022-12-27T11:18:47.8020890Z [36;1mcd *[0m
2022-12-27T11:18:47.8021070Z [36;1mpython -m pip install cibuildwheel==2.11.3[0m
2022-12-27T11:18:47.8021280Z [36;1mpython -m cibuildwheel --output-dir ../wheelsout[0m
2022-12-27T11:18:47.8034600Z shell: /bin/bash -e {0}
2022-12-27T11:18:47.8034830Z env:
2022-12-27T11:18:47.8035020Z   pythonLocation: /Users/runner/hostedtoolcache/Python/3.10.9/x64
2022-12-27T11:18:47.8035280Z   PKG_CONFIG_PATH: /Users/runner/hostedtoolcache/Python/3.10.9/x64/lib/pkgconfig
2022-12-27T11:18:47.8035530Z   Python_ROOT_DIR: /Users/runner/hostedtoolcache/Python/3.10.9/x64
2022-12-27T11:18:47.8035800Z   Python2_ROOT_DIR: /Users/runner/hostedtoolcache/Python/3.10.9/x64
2022-12-27T11:18:47.8036030Z   Python3_ROOT_DIR: /Users/runner/hostedtoolcache/Python/3.10.9/x64
2022-12-27T11:18:47.8036190Z   CIBW_ARCHS_MACOS: arm64
2022-12-27T11:18:47.8036360Z   CIBW_TEST_SKIP: *_arm64
2022-12-27T11:18:47.8036570Z   CIBW_BUILD: cp310-macosx_arm64
2022-12-27T11:18:47.8036720Z   CIBW_BUILD_FRONTEND: pip
2022-12-27T11:18:47.8036890Z   CIBW_BUILD_VERBOSITY: 3
2022-12-27T11:18:47.8037190Z   CIBW_ENVIRONMENT_MACOS:  CFLAGS="-I/usr/local/opt/openssl@3/include" LDFLAGS="-L/usr/local/opt/openssl@3/lib" CPPFLAGS="-I/usr/local/opt/openssl@3/include" MAKEFLAGS="-j$(sysctl -n hw.logicalcpu)" PATH=/usr/local/opt/ccache/libexec:$PATH
2022-12-27T11:18:47.8037540Z   CIBW_BEFORE_BUILD: pip install Cython; if [[ -f requirements.txt ]]; then pip install -r requirements.txt; fi
2022-12-27T11:18:47.8037790Z   MAKEFLAGS: -j$(sysctl -n hw.logicalcpu)
2022-12-27T11:18:47.8037970Z ##[endgroup]
2022-12-27T11:18:48.1310900Z Requirement already satisfied: cibuildwheel==2.11.3 in /Users/runner/hostedtoolcache/Python/3.10.9/x64/lib/python3.10/site-packages (2.11.3)
2022-12-27T11:18:48.1566710Z Requirement already satisfied: tomli in /Users/runner/hostedtoolcache/Python/3.10.9/x64/lib/python3.10/site-packages (from cibuildwheel==2.11.3) (2.0.1)
2022-12-27T11:18:48.1569820Z Requirement already satisfied: filelock in /Users/runner/hostedtoolcache/Python/3.10.9/x64/lib/python3.10/site-packages (from cibuildwheel==2.11.3) (3.8.2)
2022-12-27T11:18:48.1573060Z Requirement already satisfied: bracex in /Users/runner/hostedtoolcache/Python/3.10.9/x64/lib/python3.10/site-packages (from cibuildwheel==2.11.3) (2.3.post1)
2022-12-27T11:18:48.1582430Z Requirement already satisfied: typing-extensions>=4.1.0 in /Users/runner/hostedtoolcache/Python/3.10.9/x64/lib/python3.10/site-packages (from cibuildwheel==2.11.3) (4.4.0)
2022-12-27T11:18:48.1587190Z Requirement already satisfied: packaging>=20.9 in /Users/runner/hostedtoolcache/Python/3.10.9/x64/lib/python3.10/site-packages (from cibuildwheel==2.11.3) (22.0)
2022-12-27T11:18:48.1590340Z Requirement already satisfied: platformdirs in /Users/runner/hostedtoolcache/Python/3.10.9/x64/lib/python3.10/site-packages (from cibuildwheel==2.11.3) (2.6.0)
2022-12-27T11:18:48.1595220Z Requirement already satisfied: bashlex!=0.13 in /Users/runner/hostedtoolcache/Python/3.10.9/x64/lib/python3.10/site-packages (from cibuildwheel==2.11.3) (0.16)
2022-12-27T11:18:48.1598590Z Requirement already satisfied: certifi in /Users/runner/hostedtoolcache/Python/3.10.9/x64/lib/python3.10/site-packages (from cibuildwheel==2.11.3) (2022.12.7)
2022-12-27T11:18:48.3407710Z 
2022-12-27T11:18:48.3408000Z      _ _       _ _   _       _           _
2022-12-27T11:18:48.3408700Z  ___|_| |_ _ _|_| |_| |_ _ _| |_ ___ ___| |
2022-12-27T11:18:48.3409430Z |  _| | . | | | | | . | | | |   | -_| -_| |
2022-12-27T11:18:48.3410270Z |___|_|___|___|_|_|___|_____|_|_|___|___|_|
2022-12-27T11:18:48.3410470Z 
2022-12-27T11:18:48.3410600Z cibuildwheel version 2.11.3
2022-12-27T11:18:48.3410770Z 
2022-12-27T11:18:48.3410960Z Build options:
2022-12-27T11:18:48.3411180Z   platform: macos
2022-12-27T11:18:48.3446510Z   architectures: arm64[0m
2022-12-27T11:18:48.3446820Z   build_selector: 
2022-12-27T11:18:48.3447330Z     build_config: cp310-macosx_arm64
2022-12-27T11:18:48.3447900Z     skip_config: 
2022-12-27T11:18:48.3448730Z     requires_python: None
2022-12-27T11:18:48.3449170Z     prerelease_pythons: False[0m
2022-12-27T11:18:48.3449480Z   [38;5;244mcontainer_engine: docker[0m
2022-12-27T11:18:48.3450030Z   output_dir: /Users/runner/actions-runner/_work/python.build/python.build/build_lxml10beta310/wheelsout[0m
2022-12-27T11:18:48.3450580Z   package_dir: /Users/runner/actions-runner/_work/python.build/python.build/build_lxml10beta310/lxml-1.0.beta[0m
2022-12-27T11:18:48.3450910Z   test_selector: 
2022-12-27T11:18:48.3451190Z     skip_config: *_arm64[0m
2022-12-27T11:18:48.3451500Z   [38;5;244mbefore_all: [0m
2022-12-27T11:18:48.3452000Z   before_build: pip install Cython; if [[ -f requirements.txt ]]; then pip install -r requirements.txt; fi[0m
2022-12-27T11:18:48.3452390Z   [38;5;244mbefore_test: [0m
2022-12-27T11:18:48.3452690Z   [38;5;244mbuild_frontend: pip[0m
2022-12-27T11:18:48.3453000Z   build_verbosity: 3[0m
2022-12-27T11:18:48.3453260Z   [38;5;244mconfig_settings: [0m
2022-12-27T11:18:48.3453650Z   [38;5;244mdependency_constraints: pinned[0m
2022-12-27T11:18:48.3453920Z   environment: 
2022-12-27T11:18:48.3454210Z     CFLAGS="-I/usr/local/opt/openssl@3/include"
2022-12-27T11:18:48.3454560Z     LDFLAGS="-L/usr/local/opt/openssl@3/lib"
2022-12-27T11:18:48.3454980Z     CPPFLAGS="-I/usr/local/opt/openssl@3/include"
2022-12-27T11:18:48.3455330Z     MAKEFLAGS="-j$(sysctl -n hw.logicalcpu)"
2022-12-27T11:18:48.3455650Z     PATH=/usr/local/opt/ccache/libexec:$PATH[0m
2022-12-27T11:18:48.3455980Z   [38;5;244mmanylinux_images: None[0m
2022-12-27T11:18:48.3456290Z   [38;5;244mmusllinux_images: None[0m
2022-12-27T11:18:48.3456640Z   [38;5;244mrepair_command: delocate-wheel --require-archs {delocate_archs} -w {dest_dir} -v {wheel}[0m
2022-12-27T11:18:48.3457250Z   [38;5;244mtest_command: [0m
2022-12-27T11:18:48.3457470Z   [38;5;244mtest_extras: [0m
2022-12-27T11:18:48.3457660Z   [38;5;244mtest_requires: [0m
2022-12-27T11:18:48.3457760Z 
2022-12-27T11:18:48.3457870Z Cache folder: /Users/runner/Library/Caches/cibuildwheel
2022-12-27T11:18:48.3465980Z 
2022-12-27T11:18:48.3466380Z Here we go!
2022-12-27T11:18:48.3466590Z 
2022-12-27T11:18:48.3593550Z 
2022-12-27T11:18:48.3594080Z [1m[34mBuilding cp310-macosx_arm64 wheel[0m
2022-12-27T11:18:48.3594510Z CPython 3.10 macOS arm64 - Apple Silicon
2022-12-27T11:18:48.3594680Z 
2022-12-27T11:18:48.3597490Z ##[group]Installing Python cp310...
2022-12-27T11:18:48.3597710Z 
2022-12-27T11:18:48.3598000Z + pkgutil --pkgs
2022-12-27T11:18:48.3702750Z ##[endgroup]
2022-12-27T11:18:48.3703930Z                                                               [32m✓ [0m0.01s
2022-12-27T11:18:48.3704610Z ##[group]Setting up build environment...
2022-12-27T11:18:48.3704890Z 
2022-12-27T11:18:48.3722330Z + /Users/runner/hostedtoolcache/Python/3.10.9/x64/bin/python -sS /Users/runner/Library/Caches/cibuildwheel/virtualenv-20.17.0.pyz --activators= --no-periodic-update --pip=22.3.1 --setuptools=65.6.3 --wheel=0.38.4 --symlink-app-data --python /Library/Frameworks/Python.framework/Versions/3.10/bin/python3 /private/var/folders/51/hd414ycd67n82196sw51xqtc0000gn/T/cibw-run-5j50b9ix/cp310-macosx_arm64/build/venv
2022-12-27T11:18:48.5645720Z created virtual environment CPython3.10.8.final.0-64 in 55ms
2022-12-27T11:18:48.5646560Z   creator CPython3Posix(dest=/private/var/folders/51/hd414ycd67n82196sw51xqtc0000gn/T/cibw-run-5j50b9ix/cp310-macosx_arm64/build/venv, clear=False, no_vcs_ignore=False, global=False)
2022-12-27T11:18:48.5647480Z   seeder FromAppData(download=False, pip=22.3.1, setuptools=65.6.3, wheel=0.38.4, via=symlink, app_data_dir=/Users/runner/Library/Application Support/virtualenv)
2022-12-27T11:18:48.5768180Z     added seed packages: pip==22.3.1, setuptools==65.6.3, wheel==0.38.4
2022-12-27T11:18:48.5769020Z + python -m pip install --upgrade pip -c /Users/runner/hostedtoolcache/Python/3.10.9/x64/lib/python3.10/site-packages/cibuildwheel/resources/constraints-python310.txt
2022-12-27T11:18:48.8512190Z Requirement already satisfied: pip in ./lib/python3.10/site-packages (22.3.1)
2022-12-27T11:18:48.9757740Z + which pip
2022-12-27T11:18:48.9777820Z /private/var/folders/51/hd414ycd67n82196sw51xqtc0000gn/T/cibw-run-5j50b9ix/cp310-macosx_arm64/build/venv/bin/pip
2022-12-27T11:18:48.9780540Z + pip --version
2022-12-27T11:18:49.1715490Z pip 22.3.1 from /private/var/folders/51/hd414ycd67n82196sw51xqtc0000gn/T/cibw-run-5j50b9ix/cp310-macosx_arm64/build/venv/lib/python3.10/site-packages/pip (python 3.10)
2022-12-27T11:18:49.1946950Z + which pip
2022-12-27T11:18:49.1974750Z + which python
2022-12-27T11:18:49.1995160Z /private/var/folders/51/hd414ycd67n82196sw51xqtc0000gn/T/cibw-run-5j50b9ix/cp310-macosx_arm64/build/venv/bin/python
2022-12-27T11:18:49.1998960Z + python --version
2022-12-27T11:18:49.2049230Z Python 3.10.8
2022-12-27T11:18:49.2054430Z + which python
2022-12-27T11:18:49.2128960Z ##[endgroup]
2022-12-27T11:18:49.2129450Z                                                               [32m✓ [0m0.84s
2022-12-27T11:18:49.2129970Z ##[group]Installing build tools...
2022-12-27T11:18:49.2130140Z 
2022-12-27T11:18:49.2130650Z + pip install --upgrade setuptools wheel delocate -c /Users/runner/hostedtoolcache/Python/3.10.9/x64/lib/python3.10/site-packages/cibuildwheel/resources/constraints-python310.txt
2022-12-27T11:18:49.4871060Z Requirement already satisfied: setuptools in /private/var/folders/51/hd414ycd67n82196sw51xqtc0000gn/T/cibw-run-5j50b9ix/cp310-macosx_arm64/build/venv/lib/python3.10/site-packages (65.6.3)
2022-12-27T11:18:49.6776150Z Requirement already satisfied: wheel in /private/var/folders/51/hd414ycd67n82196sw51xqtc0000gn/T/cibw-run-5j50b9ix/cp310-macosx_arm64/build/venv/lib/python3.10/site-packages (0.38.4)
2022-12-27T11:18:49.7252020Z Collecting delocate
2022-12-27T11:18:49.7273700Z   Using cached delocate-0.10.3-py3-none-any.whl (142 kB)
2022-12-27T11:18:49.7471600Z Collecting typing-extensions
2022-12-27T11:18:49.7491030Z   Using cached typing_extensions-4.4.0-py3-none-any.whl (26 kB)
2022-12-27T11:18:49.7716390Z Collecting packaging>=20.9
2022-12-27T11:18:49.7734570Z   Using cached packaging-21.3-py3-none-any.whl (40 kB)
2022-12-27T11:18:49.8052070Z Collecting pyparsing!=3.0.5,>=2.0.2
2022-12-27T11:18:49.8072430Z   Using cached pyparsing-3.0.9-py3-none-any.whl (98 kB)
2022-12-27T11:18:49.8393810Z Installing collected packages: typing-extensions, pyparsing, packaging, delocate
2022-12-27T11:18:49.9631260Z Successfully installed delocate-0.10.3 packaging-21.3 pyparsing-3.0.9 typing-extensions-4.4.0
2022-12-27T11:18:50.0052120Z ##[endgroup]
2022-12-27T11:18:50.0052760Z                                                               [32m✓ [0m0.79s
2022-12-27T11:18:50.0053220Z ##[group]Running before_build...
2022-12-27T11:18:50.0053380Z 
2022-12-27T11:18:50.0059240Z + pip install Cython; if [[ -f requirements.txt ]]; then pip install -r requirements.txt; fi
2022-12-27T11:18:50.6066010Z Collecting Cython
2022-12-27T11:18:50.6112040Z   Using cached Cython-0.29.32-py2.py3-none-any.whl (986 kB)
2022-12-27T11:18:50.6485810Z Installing collected packages: Cython
2022-12-27T11:18:51.0493540Z Successfully installed Cython-0.29.32
2022-12-27T11:18:51.0967230Z ##[endgroup]
2022-12-27T11:18:51.0968120Z                                                               [32m✓ [0m1.09s
2022-12-27T11:18:51.0968910Z ##[group]Building wheel...
2022-12-27T11:18:51.0969090Z 
2022-12-27T11:18:51.0974590Z + python -m pip wheel /Users/runner/actions-runner/_work/python.build/python.build/build_lxml10beta310/lxml-1.0.beta --wheel-dir=/private/var/folders/51/hd414ycd67n82196sw51xqtc0000gn/T/cibw-run-5j50b9ix/cp310-macosx_arm64/built_wheel --no-deps -vvv
2022-12-27T11:18:51.3468160Z Created temporary directory: /private/var/folders/51/hd414ycd67n82196sw51xqtc0000gn/T/pip-ephem-wheel-cache-a0p3wep2
2022-12-27T11:18:51.3473280Z Created temporary directory: /private/var/folders/51/hd414ycd67n82196sw51xqtc0000gn/T/pip-build-tracker-diyud2oh
2022-12-27T11:18:51.3475320Z Initialized build tracking at /private/var/folders/51/hd414ycd67n82196sw51xqtc0000gn/T/pip-build-tracker-diyud2oh
2022-12-27T11:18:51.3476850Z Created build tracker: /private/var/folders/51/hd414ycd67n82196sw51xqtc0000gn/T/pip-build-tracker-diyud2oh
2022-12-27T11:18:51.3478260Z Entered build tracker: /private/var/folders/51/hd414ycd67n82196sw51xqtc0000gn/T/pip-build-tracker-diyud2oh
2022-12-27T11:18:51.3481470Z Created temporary directory: /private/var/folders/51/hd414ycd67n82196sw51xqtc0000gn/T/pip-wheel-3c_qvpur
2022-12-27T11:18:51.3488620Z Created temporary directory: /private/var/folders/51/hd414ycd67n82196sw51xqtc0000gn/T/pip-ephem-wheel-cache-3qj6opai
2022-12-27T11:18:51.3656830Z Processing /Users/runner/actions-runner/_work/python.build/python.build/build_lxml10beta310/lxml-1.0.beta
2022-12-27T11:18:51.3662000Z   Added file:///Users/runner/actions-runner/_work/python.build/python.build/build_lxml10beta310/lxml-1.0.beta to build tracker '/private/var/folders/51/hd414ycd67n82196sw51xqtc0000gn/T/pip-build-tracker-diyud2oh'
2022-12-27T11:18:51.3665740Z   Running setup.py (path:/Users/runner/actions-runner/_work/python.build/python.build/build_lxml10beta310/lxml-1.0.beta/setup.py) egg_info for package from file:///Users/runner/actions-runner/_work/python.build/python.build/build_lxml10beta310/lxml-1.0.beta
2022-12-27T11:18:51.3668440Z   Created temporary directory: /private/var/folders/51/hd414ycd67n82196sw51xqtc0000gn/T/pip-pip-egg-info-po2w6v6l
2022-12-27T11:18:51.3669740Z   Preparing metadata (setup.py): started
2022-12-27T11:18:51.3671510Z   Running command python setup.py egg_info
2022-12-27T11:18:51.5092900Z   Traceback (most recent call last):
2022-12-27T11:18:51.5101800Z     File "<string>", line 2, in <module>
2022-12-27T11:18:51.5102570Z     File "<pip-setuptools-caller>", line 34, in <module>
2022-12-27T11:18:51.5103790Z     File "/Users/runner/actions-runner/_work/python.build/python.build/build_lxml10beta310/lxml-1.0.beta/setup.py", line 22
2022-12-27T11:18:51.5104180Z       raise NotImplementedError, \
2022-12-27T11:18:51.5104550Z                                ^
2022-12-27T11:18:51.5104830Z   SyntaxError: invalid syntax
2022-12-27T11:18:51.5318820Z   error: subprocess-exited-with-error
2022-12-27T11:18:51.5319170Z   
2022-12-27T11:18:51.5320110Z   × python setup.py egg_info did not run successfully.
2022-12-27T11:18:51.5320680Z   │ exit code: 1
2022-12-27T11:18:51.5320980Z   ╰─> See above for output.
2022-12-27T11:18:51.5321270Z   
2022-12-27T11:18:51.5321600Z   note: This error originates from a subprocess, and is likely not a problem with pip.
2022-12-27T11:18:51.5327700Z   full command: /private/var/folders/51/hd414ycd67n82196sw51xqtc0000gn/T/cibw-run-5j50b9ix/cp310-macosx_arm64/build/venv/bin/python -c '
2022-12-27T11:18:51.5329730Z   exec(compile('"'"''"'"''"'"'
2022-12-27T11:18:51.5330580Z   # This is <pip-setuptools-caller> -- a caller that pip uses to run setup.py
2022-12-27T11:18:51.5330840Z   #
2022-12-27T11:18:51.5331160Z   # - It imports setuptools before invoking setup.py, to enable projects that directly
2022-12-27T11:18:51.5331500Z   #   import from `distutils.core` to work with newer packaging standards.
2022-12-27T11:18:51.5332020Z   # - It provides a clear error message when setuptools is not installed.
2022-12-27T11:18:51.5332480Z   # - It sets `sys.argv[0]` to the underlying `setup.py`, when invoking `setup.py` so
2022-12-27T11:18:51.5333010Z   #   setuptools doesn'"'"'t think the script is `-c`. This avoids the following warning:
2022-12-27T11:18:51.5333510Z   #     manifest_maker: standard file '"'"'-c'"'"' not found".
2022-12-27T11:18:51.5333890Z   # - It generates a shim setup.py, for handling setup.cfg-only projects.
2022-12-27T11:18:51.5334520Z   import os, sys, tokenize
2022-12-27T11:18:51.5334980Z   
2022-12-27T11:18:51.5335290Z   try:
2022-12-27T11:18:51.5335560Z       import setuptools
2022-12-27T11:18:51.5335900Z   except ImportError as error:
2022-12-27T11:18:51.5336450Z       print(
2022-12-27T11:18:51.5336870Z           "ERROR: Can not execute `setup.py` since setuptools is not available in "
2022-12-27T11:18:51.5337330Z           "the build environment.",
2022-12-27T11:18:51.5337760Z           file=sys.stderr,
2022-12-27T11:18:51.5337980Z       )
2022-12-27T11:18:51.5338160Z       sys.exit(1)
2022-12-27T11:18:51.5338350Z   
2022-12-27T11:18:51.5338650Z   __file__ = %r
2022-12-27T11:18:51.5338840Z   sys.argv[0] = __file__
2022-12-27T11:18:51.5339050Z   
2022-12-27T11:18:51.5339280Z   if os.path.exists(__file__):
2022-12-27T11:18:51.5339570Z       filename = __file__
2022-12-27T11:18:51.5339970Z       with tokenize.open(__file__) as f:
2022-12-27T11:18:51.5340250Z           setup_py_code = f.read()
2022-12-27T11:18:51.5340440Z   else:
2022-12-27T11:18:51.5341080Z       filename = "<auto-generated setuptools caller>"
2022-12-27T11:18:51.5341420Z       setup_py_code = "from setuptools import setup; setup()"
2022-12-27T11:18:51.5341890Z   
2022-12-27T11:18:51.5342100Z   exec(compile(setup_py_code, filename, "exec"))
2022-12-27T11:18:51.5342950Z   '"'"''"'"''"'"' % ('"'"'/Users/runner/actions-runner/_work/python.build/python.build/build_lxml10beta310/lxml-1.0.beta/setup.py'"'"',), "<pip-setuptools-caller>", "exec"))' egg_info --egg-base /private/var/folders/51/hd414ycd67n82196sw51xqtc0000gn/T/pip-pip-egg-info-po2w6v6l
2022-12-27T11:18:51.5343620Z   cwd: /Users/runner/actions-runner/_work/python.build/python.build/build_lxml10beta310/lxml-1.0.beta/
2022-12-27T11:18:51.5344060Z   Preparing metadata (setup.py): finished with status 'error'
2022-12-27T11:18:51.5345350Z error: metadata-generation-failed
2022-12-27T11:18:51.5345560Z 
2022-12-27T11:18:51.5346110Z × Encountered error while generating package metadata.
2022-12-27T11:18:51.5346520Z ╰─> See above for output.
2022-12-27T11:18:51.5346680Z 
2022-12-27T11:18:51.5346850Z note: This is an issue with the package mentioned above, not pip.
2022-12-27T11:18:51.5347580Z hint: See above for details.
2022-12-27T11:18:51.5367480Z Exception information:
2022-12-27T11:18:51.5368040Z Traceback (most recent call last):
2022-12-27T11:18:51.5369400Z   File "/private/var/folders/51/hd414ycd67n82196sw51xqtc0000gn/T/cibw-run-5j50b9ix/cp310-macosx_arm64/build/venv/lib/python3.10/site-packages/pip/_internal/operations/build/metadata_legacy.py", line 64, in generate_metadata
2022-12-27T11:18:51.5370120Z     call_subprocess(
2022-12-27T11:18:51.5371180Z   File "/private/var/folders/51/hd414ycd67n82196sw51xqtc0000gn/T/cibw-run-5j50b9ix/cp310-macosx_arm64/build/venv/lib/python3.10/site-packages/pip/_internal/utils/subprocess.py", line 224, in call_subprocess
2022-12-27T11:18:51.5371830Z     raise error
2022-12-27T11:18:51.5372380Z pip._internal.exceptions.InstallationSubprocessError: python setup.py egg_info exited with 1
2022-12-27T11:18:51.5372790Z 
2022-12-27T11:18:51.5373040Z The above exception was the direct cause of the following exception:
2022-12-27T11:18:51.5373770Z 
2022-12-27T11:18:51.5374060Z Traceback (most recent call last):
2022-12-27T11:18:51.5375100Z   File "/private/var/folders/51/hd414ycd67n82196sw51xqtc0000gn/T/cibw-run-5j50b9ix/cp310-macosx_arm64/build/venv/lib/python3.10/site-packages/pip/_internal/cli/base_command.py", line 160, in exc_logging_wrapper
2022-12-27T11:18:51.5375710Z     status = run_func(*args)
2022-12-27T11:18:51.5376420Z   File "/private/var/folders/51/hd414ycd67n82196sw51xqtc0000gn/T/cibw-run-5j50b9ix/cp310-macosx_arm64/build/venv/lib/python3.10/site-packages/pip/_internal/cli/req_command.py", line 247, in wrapper
2022-12-27T11:18:51.5376920Z     return func(self, options, args)
2022-12-27T11:18:51.5378030Z   File "/private/var/folders/51/hd414ycd67n82196sw51xqtc0000gn/T/cibw-run-5j50b9ix/cp310-macosx_arm64/build/venv/lib/python3.10/site-packages/pip/_internal/commands/wheel.py", line 170, in run
2022-12-27T11:18:51.5378630Z     requirement_set = resolver.resolve(reqs, check_supported_wheels=True)
2022-12-27T11:18:51.5379500Z   File "/private/var/folders/51/hd414ycd67n82196sw51xqtc0000gn/T/cibw-run-5j50b9ix/cp310-macosx_arm64/build/venv/lib/python3.10/site-packages/pip/_internal/resolution/resolvelib/resolver.py", line 73, in resolve
2022-12-27T11:18:51.5380100Z     collected = self.factory.collect_root_requirements(root_reqs)
2022-12-27T11:18:51.5381100Z   File "/private/var/folders/51/hd414ycd67n82196sw51xqtc0000gn/T/cibw-run-5j50b9ix/cp310-macosx_arm64/build/venv/lib/python3.10/site-packages/pip/_internal/resolution/resolvelib/factory.py", line 491, in collect_root_requirements
2022-12-27T11:18:51.5381670Z     req = self._make_requirement_from_install_req(
2022-12-27T11:18:51.5382600Z   File "/private/var/folders/51/hd414ycd67n82196sw51xqtc0000gn/T/cibw-run-5j50b9ix/cp310-macosx_arm64/build/venv/lib/python3.10/site-packages/pip/_internal/resolution/resolvelib/factory.py", line 453, in _make_requirement_from_install_req
2022-12-27T11:18:51.5383160Z     cand = self._make_candidate_from_link(
2022-12-27T11:18:51.5384080Z   File "/private/var/folders/51/hd414ycd67n82196sw51xqtc0000gn/T/cibw-run-5j50b9ix/cp310-macosx_arm64/build/venv/lib/python3.10/site-packages/pip/_internal/resolution/resolvelib/factory.py", line 206, in _make_candidate_from_link
2022-12-27T11:18:51.5384600Z     self._link_candidate_cache[link] = LinkCandidate(
2022-12-27T11:18:51.5385430Z   File "/private/var/folders/51/hd414ycd67n82196sw51xqtc0000gn/T/cibw-run-5j50b9ix/cp310-macosx_arm64/build/venv/lib/python3.10/site-packages/pip/_internal/resolution/resolvelib/candidates.py", line 297, in __init__
2022-12-27T11:18:51.5385940Z     super().__init__(
2022-12-27T11:18:51.5386620Z   File "/private/var/folders/51/hd414ycd67n82196sw51xqtc0000gn/T/cibw-run-5j50b9ix/cp310-macosx_arm64/build/venv/lib/python3.10/site-packages/pip/_internal/resolution/resolvelib/candidates.py", line 162, in __init__
2022-12-27T11:18:51.5387130Z     self.dist = self._prepare()
2022-12-27T11:18:51.5387780Z   File "/private/var/folders/51/hd414ycd67n82196sw51xqtc0000gn/T/cibw-run-5j50b9ix/cp310-macosx_arm64/build/venv/lib/python3.10/site-packages/pip/_internal/resolution/resolvelib/candidates.py", line 231, in _prepare
2022-12-27T11:18:51.5388440Z     dist = self._prepare_distribution()
2022-12-27T11:18:51.5389170Z   File "/private/var/folders/51/hd414ycd67n82196sw51xqtc0000gn/T/cibw-run-5j50b9ix/cp310-macosx_arm64/build/venv/lib/python3.10/site-packages/pip/_internal/resolution/resolvelib/candidates.py", line 308, in _prepare_distribution
2022-12-27T11:18:51.5453460Z     return preparer.prepare_linked_requirement(self._ireq, parallel_builds=True)
2022-12-27T11:18:51.5454370Z   File "/private/var/folders/51/hd414ycd67n82196sw51xqtc0000gn/T/cibw-run-5j50b9ix/cp310-macosx_arm64/build/venv/lib/python3.10/site-packages/pip/_internal/operations/prepare.py", line 491, in prepare_linked_requirement
2022-12-27T11:18:51.5454810Z     return self._prepare_linked_requirement(req, parallel_builds)
2022-12-27T11:18:51.5455440Z   File "/private/var/folders/51/hd414ycd67n82196sw51xqtc0000gn/T/cibw-run-5j50b9ix/cp310-macosx_arm64/build/venv/lib/python3.10/site-packages/pip/_internal/operations/prepare.py", line 577, in _prepare_linked_requirement
2022-12-27T11:18:51.5455720Z     dist = _get_prepared_distribution(
2022-12-27T11:18:51.5456160Z   File "/private/var/folders/51/hd414ycd67n82196sw51xqtc0000gn/T/cibw-run-5j50b9ix/cp310-macosx_arm64/build/venv/lib/python3.10/site-packages/pip/_internal/operations/prepare.py", line 69, in _get_prepared_distribution
2022-12-27T11:18:51.5456470Z     abstract_dist.prepare_distribution_metadata(
2022-12-27T11:18:51.5456900Z   File "/private/var/folders/51/hd414ycd67n82196sw51xqtc0000gn/T/cibw-run-5j50b9ix/cp310-macosx_arm64/build/venv/lib/python3.10/site-packages/pip/_internal/distributions/sdist.py", line 61, in prepare_distribution_metadata
2022-12-27T11:18:51.5457160Z     self.req.prepare_metadata()
2022-12-27T11:18:51.5457800Z   File "/private/var/folders/51/hd414ycd67n82196sw51xqtc0000gn/T/cibw-run-5j50b9ix/cp310-macosx_arm64/build/venv/lib/python3.10/site-packages/pip/_internal/req/req_install.py", line 541, in prepare_metadata
2022-12-27T11:18:51.5458110Z     self.metadata_directory = generate_metadata_legacy(
2022-12-27T11:18:51.5458580Z   File "/private/var/folders/51/hd414ycd67n82196sw51xqtc0000gn/T/cibw-run-5j50b9ix/cp310-macosx_arm64/build/venv/lib/python3.10/site-packages/pip/_internal/operations/build/metadata_legacy.py", line 71, in generate_metadata
2022-12-27T11:18:51.5458890Z     raise MetadataGenerationFailed(package_details=details) from error
2022-12-27T11:18:51.5459170Z pip._internal.exceptions.MetadataGenerationFailed: metadata generation failed
2022-12-27T11:18:51.5459610Z Removed file:///Users/runner/actions-runner/_work/python.build/python.build/build_lxml10beta310/lxml-1.0.beta from build tracker '/private/var/folders/51/hd414ycd67n82196sw51xqtc0000gn/T/pip-build-tracker-diyud2oh'
2022-12-27T11:18:51.5460110Z Removed build tracker: '/private/var/folders/51/hd414ycd67n82196sw51xqtc0000gn/T/pip-build-tracker-diyud2oh'
2022-12-27T11:18:51.5789050Z ##[endgroup]
2022-12-27T11:18:51.5813250Z ##[error]Command ['python', '-m', 'pip', 'wheel', '/Users/runner/actions-runner/_work/python.build/python.build/build_lxml10beta310/lxml-1.0.beta', '--wheel-dir=/private/var/folders/51/hd414ycd67n82196sw51xqtc0000gn/T/cibw-run-5j50b9ix/cp310-macosx_arm64/built_wheel', '--no-deps', '-vvv'] failed with code 1. None
2022-12-27T11:18:51.5819220Z 
2022-12-27T11:18:51.5819540Z                                                               [31m✕ [0m0.48s
2022-12-27T11:18:51.6262660Z ##[error]Process completed with exit code 1.
2022-12-27T11:18:51.6294400Z ##[group]Run rm -rf build_lxml10beta310 wheelsout
2022-12-27T11:18:51.6294660Z [36;1mrm -rf build_lxml10beta310 wheelsout[0m
2022-12-27T11:18:51.6309710Z shell: /bin/bash -e {0}
2022-12-27T11:18:51.6309840Z env:
2022-12-27T11:18:51.6310030Z   pythonLocation: /Users/runner/hostedtoolcache/Python/3.10.9/x64
2022-12-27T11:18:51.6310250Z   PKG_CONFIG_PATH: /Users/runner/hostedtoolcache/Python/3.10.9/x64/lib/pkgconfig
2022-12-27T11:18:51.6310460Z   Python_ROOT_DIR: /Users/runner/hostedtoolcache/Python/3.10.9/x64
2022-12-27T11:18:51.6310830Z   Python2_ROOT_DIR: /Users/runner/hostedtoolcache/Python/3.10.9/x64
2022-12-27T11:18:51.6311020Z   Python3_ROOT_DIR: /Users/runner/hostedtoolcache/Python/3.10.9/x64
2022-12-27T11:18:51.6311200Z ##[endgroup]
2022-12-27T11:18:51.6568110Z Cleaning up orphan processes
