2022-12-27T01:57:08.7003383Z Requested labels: self-hosted, macOS, X64
2022-12-27T01:57:08.7003456Z Job defined at: kilnbuild/python.build/.github/workflows/mac_arm_build.yml@refs/heads/main
2022-12-27T01:57:08.7003490Z Waiting for a runner to pick up this job...
2022-12-27T02:54:17.2138860Z Job is about to start running on the runner: kr2 (organization)
2022-12-27T02:54:22.4068790Z Current runner version: '2.300.2'
2022-12-27T02:54:22.4076660Z Runner name: 'kr2'
2022-12-27T02:54:22.4077080Z Runner group name: 'Default'
2022-12-27T02:54:22.4077970Z Machine name: 'kr2'
2022-12-27T02:54:22.4080570Z ##[group]GITHUB_TOKEN Permissions
2022-12-27T02:54:22.4081250Z Actions: write
2022-12-27T02:54:22.4081500Z Checks: write
2022-12-27T02:54:22.4081750Z Contents: write
2022-12-27T02:54:22.4082000Z Deployments: write
2022-12-27T02:54:22.4082260Z Discussions: write
2022-12-27T02:54:22.4082510Z Issues: write
2022-12-27T02:54:22.4082740Z Metadata: read
2022-12-27T02:54:22.4082990Z Packages: write
2022-12-27T02:54:22.4083250Z Pages: write
2022-12-27T02:54:22.4083490Z PullRequests: write
2022-12-27T02:54:22.4083780Z RepositoryProjects: write
2022-12-27T02:54:22.4084080Z SecurityEvents: write
2022-12-27T02:54:22.4084330Z Statuses: write
2022-12-27T02:54:22.4084590Z ##[endgroup]
2022-12-27T02:54:22.4088420Z Secret source: Actions
2022-12-27T02:54:22.4088920Z Prepare workflow directory
2022-12-27T02:54:22.5208260Z Prepare all required actions
2022-12-27T02:54:22.5417710Z Getting action download info
2022-12-27T02:54:22.9776820Z Download action repository 'actions/setup-python@v4' (SHA:5ccb29d8773c3f3f653e1705f474dfaa8a06a912)
2022-12-27T02:54:24.8348300Z Download action repository 'actions/upload-artifact@v3' (SHA:83fd05a356d7e2593de66fc9913b3002723633cb)
2022-12-27T02:54:26.2671350Z ##[group]Run echo '{
2022-12-27T02:54:26.2672000Z [36;1mecho '{[0m
2022-12-27T02:54:26.2672390Z [36;1m  "environment_variables": "GRPC_PYTHON_BUILD_WITH_CYTHON=1 GRPC_BUILD_WITH_BORING_SSL_ASM='' GRPC_PYTHON_BUILD_SYSTEM_OPENSSL=TRUE",[0m
2022-12-27T02:54:26.2672760Z [36;1m  "package_name": "grpcio",[0m
2022-12-27T02:54:26.2673280Z [36;1m  "package_url": "https://files.pythonhosted.org/packages/12/33/730b6ef5fd67b6eab3db69cfe5a74edcd9ecaacecc3105346c45a9e8761d/grpcio-0.10.0a0.tar.gz",[0m
2022-12-27T02:54:26.2673670Z [36;1m  "package_version": "0.10.0a0",[0m
2022-12-27T02:54:26.2673920Z [36;1m  "python_version": "3.9",[0m
2022-12-27T02:54:26.2674140Z [36;1m  "use_ccache": "true"[0m
2022-12-27T02:54:26.2674340Z [36;1m}'[0m
2022-12-27T02:54:26.2702810Z shell: /bin/bash -e {0}
2022-12-27T02:54:26.2703020Z ##[endgroup]
2022-12-27T02:54:26.3117580Z {
2022-12-27T02:54:26.3120850Z   "environment_variables": "GRPC_PYTHON_BUILD_WITH_CYTHON=1 GRPC_BUILD_WITH_BORING_SSL_ASM= GRPC_PYTHON_BUILD_SYSTEM_OPENSSL=TRUE",
2022-12-27T02:54:26.3121580Z   "package_name": "grpcio",
2022-12-27T02:54:26.3123130Z   "package_url": "https://files.pythonhosted.org/packages/12/33/730b6ef5fd67b6eab3db69cfe5a74edcd9ecaacecc3105346c45a9e8761d/grpcio-0.10.0a0.tar.gz",
2022-12-27T02:54:26.3123770Z   "package_version": "0.10.0a0",
2022-12-27T02:54:26.3124110Z   "python_version": "3.9",
2022-12-27T02:54:26.3124520Z   "use_ccache": "true"
2022-12-27T02:54:26.3124990Z }
2022-12-27T02:54:26.3562150Z ##[group]Run actions/setup-python@v4
2022-12-27T02:54:26.3562690Z with:
2022-12-27T02:54:26.3563000Z   python-version: 3.9
2022-12-27T02:54:26.3563510Z   check-latest: false
2022-12-27T02:54:26.3564450Z   token: ***
2022-12-27T02:54:26.3564830Z   update-environment: true
2022-12-27T02:54:26.3565240Z ##[endgroup]
2022-12-27T02:54:26.5786780Z ##[group]Installed versions
2022-12-27T02:54:26.5834520Z Successfully set up CPython (3.9.16)
2022-12-27T02:54:26.5836560Z ##[endgroup]
2022-12-27T02:54:26.6058870Z ##[group]Run if [ "true" == "true" ]
2022-12-27T02:54:26.6059410Z [36;1mif [ "true" == "true" ][0m
2022-12-27T02:54:26.6059750Z [36;1mthen[0m
2022-12-27T02:54:26.6060130Z [36;1m  echo "CCACHE_PATH_PREPEND=/usr/local/opt/ccache/libexec" >> $GITHUB_OUTPUT[0m
2022-12-27T02:54:26.6060450Z [36;1melse[0m
2022-12-27T02:54:26.6060810Z [36;1m  echo "CCACHE_PATH_PREPEND=" >> $GITHUB_OUTPUT[0m
2022-12-27T02:54:26.6061240Z [36;1mfi[0m
2022-12-27T02:54:26.6089640Z shell: /bin/bash -e {0}
2022-12-27T02:54:26.6090020Z env:
2022-12-27T02:54:26.6090520Z   pythonLocation: /Users/runner/hostedtoolcache/Python/3.9.16/x64
2022-12-27T02:54:26.6090990Z   PKG_CONFIG_PATH: /Users/runner/hostedtoolcache/Python/3.9.16/x64/lib/pkgconfig
2022-12-27T02:54:26.6092050Z   Python_ROOT_DIR: /Users/runner/hostedtoolcache/Python/3.9.16/x64
2022-12-27T02:54:26.6092500Z   Python2_ROOT_DIR: /Users/runner/hostedtoolcache/Python/3.9.16/x64
2022-12-27T02:54:26.6093140Z   Python3_ROOT_DIR: /Users/runner/hostedtoolcache/Python/3.9.16/x64
2022-12-27T02:54:26.6093460Z ##[endgroup]
2022-12-27T02:54:26.6397560Z ##[group]Run echo "BUILD_NAME=$(echo grpcio_0.10.0a0_3.9 | tr -dc '[:alnum:]\n\r' | tr '[:upper:]' '[:lower:]')" >> $GITHUB_OUTPUT
2022-12-27T02:54:26.6398200Z [36;1mecho "BUILD_NAME=$(echo grpcio_0.10.0a0_3.9 | tr -dc '[:alnum:]\n\r' | tr '[:upper:]' '[:lower:]')" >> $GITHUB_OUTPUT[0m
2022-12-27T02:54:26.6424780Z shell: /bin/bash -e {0}
2022-12-27T02:54:26.6425090Z env:
2022-12-27T02:54:26.6425460Z   pythonLocation: /Users/runner/hostedtoolcache/Python/3.9.16/x64
2022-12-27T02:54:26.6425930Z   PKG_CONFIG_PATH: /Users/runner/hostedtoolcache/Python/3.9.16/x64/lib/pkgconfig
2022-12-27T02:54:26.6426350Z   Python_ROOT_DIR: /Users/runner/hostedtoolcache/Python/3.9.16/x64
2022-12-27T02:54:26.6426860Z   Python2_ROOT_DIR: /Users/runner/hostedtoolcache/Python/3.9.16/x64
2022-12-27T02:54:26.6427310Z   Python3_ROOT_DIR: /Users/runner/hostedtoolcache/Python/3.9.16/x64
2022-12-27T02:54:26.6427620Z ##[endgroup]
2022-12-27T02:54:26.6669020Z ##[group]Run echo "PYTHON_NO_DOTS=$(echo 3.9 | tr -dc '[:alnum:]\n\r' | tr '[:upper:]' '[:lower:]')" >> $GITHUB_OUTPUT
2022-12-27T02:54:26.6669680Z [36;1mecho "PYTHON_NO_DOTS=$(echo 3.9 | tr -dc '[:alnum:]\n\r' | tr '[:upper:]' '[:lower:]')" >> $GITHUB_OUTPUT[0m
2022-12-27T02:54:26.6699450Z shell: /bin/bash -e {0}
2022-12-27T02:54:26.6699820Z env:
2022-12-27T02:54:26.6700160Z   pythonLocation: /Users/runner/hostedtoolcache/Python/3.9.16/x64
2022-12-27T02:54:26.6701690Z   PKG_CONFIG_PATH: /Users/runner/hostedtoolcache/Python/3.9.16/x64/lib/pkgconfig
2022-12-27T02:54:26.6702270Z   Python_ROOT_DIR: /Users/runner/hostedtoolcache/Python/3.9.16/x64
2022-12-27T02:54:26.6702750Z   Python2_ROOT_DIR: /Users/runner/hostedtoolcache/Python/3.9.16/x64
2022-12-27T02:54:26.6703230Z   Python3_ROOT_DIR: /Users/runner/hostedtoolcache/Python/3.9.16/x64
2022-12-27T02:54:26.6703630Z ##[endgroup]
2022-12-27T02:54:26.6982810Z ##[group]Run rm -rf build_grpcio0100a039
2022-12-27T02:54:26.6983420Z [36;1mrm -rf build_grpcio0100a039[0m
2022-12-27T02:54:26.6983770Z [36;1mmkdir build_grpcio0100a039[0m
2022-12-27T02:54:26.6984110Z [36;1mcd build_grpcio0100a039[0m
2022-12-27T02:54:26.6984640Z [36;1m/usr/local/bin/wget --quiet https://files.pythonhosted.org/packages/12/33/730b6ef5fd67b6eab3db69cfe5a74edcd9ecaacecc3105346c45a9e8761d/grpcio-0.10.0a0.tar.gz[0m
2022-12-27T02:54:26.6985120Z [36;1mtar xf *.tar.gz[0m
2022-12-27T02:54:26.6985450Z [36;1mcd grpcio-*/[0m
2022-12-27T02:54:26.6985740Z [36;1mpython -m pip install cibuildwheel==2.11.3[0m
2022-12-27T02:54:26.6986130Z [36;1mpython -m cibuildwheel --output-dir ../wheelsout[0m
2022-12-27T02:54:26.7012180Z shell: /bin/bash -e {0}
2022-12-27T02:54:26.7012560Z env:
2022-12-27T02:54:26.7012850Z   pythonLocation: /Users/runner/hostedtoolcache/Python/3.9.16/x64
2022-12-27T02:54:26.7013430Z   PKG_CONFIG_PATH: /Users/runner/hostedtoolcache/Python/3.9.16/x64/lib/pkgconfig
2022-12-27T02:54:26.7013870Z   Python_ROOT_DIR: /Users/runner/hostedtoolcache/Python/3.9.16/x64
2022-12-27T02:54:26.7014300Z   Python2_ROOT_DIR: /Users/runner/hostedtoolcache/Python/3.9.16/x64
2022-12-27T02:54:26.7014780Z   Python3_ROOT_DIR: /Users/runner/hostedtoolcache/Python/3.9.16/x64
2022-12-27T02:54:26.7015080Z   CIBW_ARCHS_MACOS: arm64
2022-12-27T02:54:26.7015390Z   CIBW_TEST_SKIP: *_arm64
2022-12-27T02:54:26.7015710Z   CIBW_BUILD: cp39-macosx_arm64
2022-12-27T02:54:26.7015980Z   CIBW_BUILD_FRONTEND: pip
2022-12-27T02:54:26.7016360Z   CIBW_BUILD_VERBOSITY: 3
2022-12-27T02:54:26.7017010Z   CIBW_ENVIRONMENT_MACOS: GRPC_PYTHON_BUILD_WITH_CYTHON=1 GRPC_BUILD_WITH_BORING_SSL_ASM='' GRPC_PYTHON_BUILD_SYSTEM_OPENSSL=TRUE CFLAGS="-I/usr/local/opt/openssl@3/include" LDFLAGS="-L/usr/local/opt/openssl@3/lib" CPPFLAGS="-I/usr/local/opt/openssl@3/include" MAKEFLAGS="-j$(sysctl -n hw.logicalcpu)" PATH=/usr/local/opt/ccache/libexec:$PATH
2022-12-27T02:54:26.7018080Z   CIBW_BEFORE_BUILD: pip install Cython; if [[ -f requirements.txt ]]; then pip install -r requirements.txt; fi
2022-12-27T02:54:26.7018450Z   MAKEFLAGS: -j$(sysctl -n hw.logicalcpu)
2022-12-27T02:54:26.7018760Z ##[endgroup]
2022-12-27T02:54:27.2800000Z Requirement already satisfied: cibuildwheel==2.11.3 in /Users/runner/hostedtoolcache/Python/3.9.16/x64/lib/python3.9/site-packages (2.11.3)
2022-12-27T02:54:27.3212790Z Requirement already satisfied: tomli in /Users/runner/hostedtoolcache/Python/3.9.16/x64/lib/python3.9/site-packages (from cibuildwheel==2.11.3) (2.0.1)
2022-12-27T02:54:27.3217950Z Requirement already satisfied: platformdirs in /Users/runner/hostedtoolcache/Python/3.9.16/x64/lib/python3.9/site-packages (from cibuildwheel==2.11.3) (2.6.0)
2022-12-27T02:54:27.3225760Z Requirement already satisfied: packaging>=20.9 in /Users/runner/hostedtoolcache/Python/3.9.16/x64/lib/python3.9/site-packages (from cibuildwheel==2.11.3) (22.0)
2022-12-27T02:54:27.3231790Z Requirement already satisfied: bracex in /Users/runner/hostedtoolcache/Python/3.9.16/x64/lib/python3.9/site-packages (from cibuildwheel==2.11.3) (2.3.post1)
2022-12-27T02:54:27.3240410Z Requirement already satisfied: bashlex!=0.13 in /Users/runner/hostedtoolcache/Python/3.9.16/x64/lib/python3.9/site-packages (from cibuildwheel==2.11.3) (0.16)
2022-12-27T02:54:27.3245510Z Requirement already satisfied: certifi in /Users/runner/hostedtoolcache/Python/3.9.16/x64/lib/python3.9/site-packages (from cibuildwheel==2.11.3) (2022.12.7)
2022-12-27T02:54:27.3258920Z Requirement already satisfied: typing-extensions>=4.1.0 in /Users/runner/hostedtoolcache/Python/3.9.16/x64/lib/python3.9/site-packages (from cibuildwheel==2.11.3) (4.4.0)
2022-12-27T02:54:27.3263040Z Requirement already satisfied: filelock in /Users/runner/hostedtoolcache/Python/3.9.16/x64/lib/python3.9/site-packages (from cibuildwheel==2.11.3) (3.8.2)
2022-12-27T02:54:27.6388610Z 
2022-12-27T02:54:27.6389960Z      _ _       _ _   _       _           _
2022-12-27T02:54:27.6390840Z  ___|_| |_ _ _|_| |_| |_ _ _| |_ ___ ___| |
2022-12-27T02:54:27.6393480Z |  _| | . | | | | | . | | | |   | -_| -_| |
2022-12-27T02:54:27.6394130Z |___|_|___|___|_|_|___|_____|_|_|___|___|_|
2022-12-27T02:54:27.6394510Z 
2022-12-27T02:54:27.6394810Z cibuildwheel version 2.11.3
2022-12-27T02:54:27.6395410Z 
2022-12-27T02:54:27.6395710Z Build options:
2022-12-27T02:54:27.6396320Z   platform: macos
2022-12-27T02:54:27.6473370Z   architectures: arm64[0m
2022-12-27T02:54:27.6474160Z   build_selector: 
2022-12-27T02:54:27.6476890Z     build_config: cp39-macosx_arm64
2022-12-27T02:54:27.6478330Z     skip_config: 
2022-12-27T02:54:27.6479140Z     requires_python: None
2022-12-27T02:54:27.6479830Z     prerelease_pythons: False[0m
2022-12-27T02:54:27.6480490Z   [38;5;244mcontainer_engine: docker[0m
2022-12-27T02:54:27.6482070Z   output_dir: /Users/runner/actions-runner/_work/python.build/python.build/build_grpcio0100a039/wheelsout[0m
2022-12-27T02:54:27.6483270Z   package_dir: /Users/runner/actions-runner/_work/python.build/python.build/build_grpcio0100a039/grpcio-0.10.0a0[0m
2022-12-27T02:54:27.6483770Z   test_selector: 
2022-12-27T02:54:27.6484180Z     skip_config: *_arm64[0m
2022-12-27T02:54:27.6484770Z   [38;5;244mbefore_all: [0m
2022-12-27T02:54:27.6486080Z   before_build: pip install Cython; if [[ -f requirements.txt ]]; then pip install -r requirements.txt; fi[0m
2022-12-27T02:54:27.6486560Z   [38;5;244mbefore_test: [0m
2022-12-27T02:54:27.6487020Z   [38;5;244mbuild_frontend: pip[0m
2022-12-27T02:54:27.6487460Z   build_verbosity: 3[0m
2022-12-27T02:54:27.6487830Z   [38;5;244mconfig_settings: [0m
2022-12-27T02:54:27.6488600Z   [38;5;244mdependency_constraints: pinned[0m
2022-12-27T02:54:27.6488980Z   environment: 
2022-12-27T02:54:27.6489310Z     GRPC_PYTHON_BUILD_WITH_CYTHON=1
2022-12-27T02:54:27.6489750Z     GRPC_BUILD_WITH_BORING_SSL_ASM=''
2022-12-27T02:54:27.6491070Z     GRPC_PYTHON_BUILD_SYSTEM_OPENSSL=TRUE
2022-12-27T02:54:27.6491580Z     CFLAGS="-I/usr/local/opt/openssl@3/include"
2022-12-27T02:54:27.6492010Z     LDFLAGS="-L/usr/local/opt/openssl@3/lib"
2022-12-27T02:54:27.6492510Z     CPPFLAGS="-I/usr/local/opt/openssl@3/include"
2022-12-27T02:54:27.6493010Z     MAKEFLAGS="-j$(sysctl -n hw.logicalcpu)"
2022-12-27T02:54:27.6493610Z     PATH=/usr/local/opt/ccache/libexec:$PATH[0m
2022-12-27T02:54:27.6494090Z   [38;5;244mmanylinux_images: None[0m
2022-12-27T02:54:27.6494540Z   [38;5;244mmusllinux_images: None[0m
2022-12-27T02:54:27.6495060Z   [38;5;244mrepair_command: delocate-wheel --require-archs {delocate_archs} -w {dest_dir} -v {wheel}[0m
2022-12-27T02:54:27.6495580Z   [38;5;244mtest_command: [0m
2022-12-27T02:54:27.6496230Z   [38;5;244mtest_extras: [0m
2022-12-27T02:54:27.6496590Z   [38;5;244mtest_requires: [0m
2022-12-27T02:54:27.6496800Z 
2022-12-27T02:54:27.6497010Z Cache folder: /Users/runner/Library/Caches/cibuildwheel
2022-12-27T02:54:27.6510650Z 
2022-12-27T02:54:27.6512150Z Here we go!
2022-12-27T02:54:27.6512880Z 
2022-12-27T02:54:27.6695170Z 
2022-12-27T02:54:27.6697120Z [1m[34mBuilding cp39-macosx_arm64 wheel[0m
2022-12-27T02:54:27.6698100Z CPython 3.9 macOS arm64 - Apple Silicon
2022-12-27T02:54:27.6698520Z 
2022-12-27T02:54:27.6700180Z ##[group]Installing Python cp39...
2022-12-27T02:54:27.6700470Z 
2022-12-27T02:54:27.6700920Z + pkgutil --pkgs
2022-12-27T02:54:27.6897220Z ##[endgroup]
2022-12-27T02:54:27.6900080Z                                                               [32mâœ“ [0m0.02s
2022-12-27T02:54:27.6901430Z ##[group]Setting up build environment...
2022-12-27T02:54:27.6901590Z 
2022-12-27T02:54:27.6932940Z + /Users/runner/hostedtoolcache/Python/3.9.16/x64/bin/python -sS /Users/runner/Library/Caches/cibuildwheel/virtualenv-20.17.0.pyz --activators= --no-periodic-update --pip=22.3.1 --setuptools=65.6.3 --wheel=0.38.4 --symlink-app-data --python /Library/Frameworks/Python.framework/Versions/3.9/bin/python3 /private/var/folders/51/hd414ycd67n82196sw51xqtc0000gn/T/cibw-run-mvfhz3mt/cp39-macosx_arm64/build/venv
2022-12-27T02:54:27.9925110Z created virtual environment CPython3.9.13.final.0-64 in 78ms
2022-12-27T02:54:27.9926770Z   creator CPython3Posix(dest=/private/var/folders/51/hd414ycd67n82196sw51xqtc0000gn/T/cibw-run-mvfhz3mt/cp39-macosx_arm64/build/venv, clear=False, no_vcs_ignore=False, global=False)
2022-12-27T02:54:27.9927520Z   seeder FromAppData(download=False, pip=22.3.1, setuptools=65.6.3, wheel=0.38.4, via=symlink, app_data_dir=/Users/runner/Library/Application Support/virtualenv)
2022-12-27T02:54:27.9928020Z     added seed packages: pip==22.3.1, setuptools==65.6.3, wheel==0.38.4
2022-12-27T02:54:28.0142560Z + python -m pip install --upgrade pip -c /Users/runner/hostedtoolcache/Python/3.9.16/x64/lib/python3.9/site-packages/cibuildwheel/resources/constraints-python39.txt
2022-12-27T02:54:28.5205250Z Requirement already satisfied: pip in ./lib/python3.9/site-packages (22.3.1)
2022-12-27T02:54:28.8193010Z + which pip
2022-12-27T02:54:28.8238490Z /private/var/folders/51/hd414ycd67n82196sw51xqtc0000gn/T/cibw-run-mvfhz3mt/cp39-macosx_arm64/build/venv/bin/pip
2022-12-27T02:54:28.8242670Z + pip --version
2022-12-27T02:54:29.1943120Z pip 22.3.1 from /private/var/folders/51/hd414ycd67n82196sw51xqtc0000gn/T/cibw-run-mvfhz3mt/cp39-macosx_arm64/build/venv/lib/python3.9/site-packages/pip (python 3.9)
2022-12-27T02:54:29.2550260Z + which pip
2022-12-27T02:54:29.2604600Z + which python
2022-12-27T02:54:29.2641660Z /private/var/folders/51/hd414ycd67n82196sw51xqtc0000gn/T/cibw-run-mvfhz3mt/cp39-macosx_arm64/build/venv/bin/python
2022-12-27T02:54:29.2643600Z + python --version
2022-12-27T02:54:29.2735970Z Python 3.9.13
2022-12-27T02:54:29.2741520Z + which python
2022-12-27T02:54:29.2852790Z ##[endgroup]
2022-12-27T02:54:29.2854660Z                                                               [32mâœ“ [0m1.60s
2022-12-27T02:54:29.2856000Z ##[group]Installing build tools...
2022-12-27T02:54:29.2856430Z 
2022-12-27T02:54:29.2857490Z + pip install --upgrade setuptools wheel delocate -c /Users/runner/hostedtoolcache/Python/3.9.16/x64/lib/python3.9/site-packages/cibuildwheel/resources/constraints-python39.txt
2022-12-27T02:54:29.8025990Z Requirement already satisfied: setuptools in /private/var/folders/51/hd414ycd67n82196sw51xqtc0000gn/T/cibw-run-mvfhz3mt/cp39-macosx_arm64/build/venv/lib/python3.9/site-packages (65.6.3)
2022-12-27T02:54:30.2203990Z Requirement already satisfied: wheel in /private/var/folders/51/hd414ycd67n82196sw51xqtc0000gn/T/cibw-run-mvfhz3mt/cp39-macosx_arm64/build/venv/lib/python3.9/site-packages (0.38.4)
2022-12-27T02:54:30.3097650Z Collecting delocate
2022-12-27T02:54:30.3149880Z   Using cached delocate-0.10.3-py3-none-any.whl (142 kB)
2022-12-27T02:54:30.3726940Z Collecting packaging>=20.9
2022-12-27T02:54:30.3781550Z   Using cached packaging-21.3-py3-none-any.whl (40 kB)
2022-12-27T02:54:30.4124790Z Collecting typing-extensions
2022-12-27T02:54:30.4177700Z   Using cached typing_extensions-4.4.0-py3-none-any.whl (26 kB)
2022-12-27T02:54:30.4914840Z Collecting pyparsing!=3.0.5,>=2.0.2
2022-12-27T02:54:30.4971990Z   Using cached pyparsing-3.0.9-py3-none-any.whl (98 kB)
2022-12-27T02:54:30.5722940Z Installing collected packages: typing-extensions, pyparsing, packaging, delocate
2022-12-27T02:54:30.8196350Z Successfully installed delocate-0.10.3 packaging-21.3 pyparsing-3.0.9 typing-extensions-4.4.0
2022-12-27T02:54:30.9247420Z ##[endgroup]
2022-12-27T02:54:30.9248700Z                                                               [32mâœ“ [0m1.64s
2022-12-27T02:54:30.9250300Z ##[group]Running before_build...
2022-12-27T02:54:30.9250710Z 
2022-12-27T02:54:30.9268470Z + pip install Cython; if [[ -f requirements.txt ]]; then pip install -r requirements.txt; fi
2022-12-27T02:54:32.1528300Z Collecting Cython
2022-12-27T02:54:32.1607140Z   Using cached Cython-0.29.32-py2.py3-none-any.whl (986 kB)
2022-12-27T02:54:32.2399510Z Installing collected packages: Cython
2022-12-27T02:54:33.0616630Z Successfully installed Cython-0.29.32
2022-12-27T02:54:33.1811140Z ##[endgroup]
2022-12-27T02:54:33.1812630Z                                                               [32mâœ“ [0m2.26s
2022-12-27T02:54:33.1814610Z ##[group]Building wheel...
2022-12-27T02:54:33.1814940Z 
2022-12-27T02:54:33.1819150Z + python -m pip wheel /Users/runner/actions-runner/_work/python.build/python.build/build_grpcio0100a039/grpcio-0.10.0a0 --wheel-dir=/private/var/folders/51/hd414ycd67n82196sw51xqtc0000gn/T/cibw-run-mvfhz3mt/cp39-macosx_arm64/built_wheel --no-deps -vvv
2022-12-27T02:54:33.6357380Z Created temporary directory: /private/var/folders/51/hd414ycd67n82196sw51xqtc0000gn/T/pip-ephem-wheel-cache-enos6l1u
2022-12-27T02:54:33.6374190Z Created temporary directory: /private/var/folders/51/hd414ycd67n82196sw51xqtc0000gn/T/pip-build-tracker-urj5nm28
2022-12-27T02:54:33.6378980Z Initialized build tracking at /private/var/folders/51/hd414ycd67n82196sw51xqtc0000gn/T/pip-build-tracker-urj5nm28
2022-12-27T02:54:33.6384400Z Created build tracker: /private/var/folders/51/hd414ycd67n82196sw51xqtc0000gn/T/pip-build-tracker-urj5nm28
2022-12-27T02:54:33.6390540Z Entered build tracker: /private/var/folders/51/hd414ycd67n82196sw51xqtc0000gn/T/pip-build-tracker-urj5nm28
2022-12-27T02:54:33.6402420Z Created temporary directory: /private/var/folders/51/hd414ycd67n82196sw51xqtc0000gn/T/pip-wheel-b5afwgjk
2022-12-27T02:54:33.6415200Z Created temporary directory: /private/var/folders/51/hd414ycd67n82196sw51xqtc0000gn/T/pip-ephem-wheel-cache-pv08ex80
2022-12-27T02:54:33.6714200Z Processing /Users/runner/actions-runner/_work/python.build/python.build/build_grpcio0100a039/grpcio-0.10.0a0
2022-12-27T02:54:33.6722260Z   Added file:///Users/runner/actions-runner/_work/python.build/python.build/build_grpcio0100a039/grpcio-0.10.0a0 to build tracker '/private/var/folders/51/hd414ycd67n82196sw51xqtc0000gn/T/pip-build-tracker-urj5nm28'
2022-12-27T02:54:33.6728060Z   Running setup.py (path:/Users/runner/actions-runner/_work/python.build/python.build/build_grpcio0100a039/grpcio-0.10.0a0/setup.py) egg_info for package from file:///Users/runner/actions-runner/_work/python.build/python.build/build_grpcio0100a039/grpcio-0.10.0a0
2022-12-27T02:54:33.6734230Z   Created temporary directory: /private/var/folders/51/hd414ycd67n82196sw51xqtc0000gn/T/pip-pip-egg-info-e1_umbda
2022-12-27T02:54:33.6737770Z   Preparing metadata (setup.py): started
2022-12-27T02:54:33.6740100Z   Running command python setup.py egg_info
2022-12-27T02:54:33.9718790Z   running egg_info
2022-12-27T02:54:33.9723900Z   creating /private/var/folders/51/hd414ycd67n82196sw51xqtc0000gn/T/pip-pip-egg-info-e1_umbda/grpcio.egg-info
2022-12-27T02:54:33.9729110Z   writing /private/var/folders/51/hd414ycd67n82196sw51xqtc0000gn/T/pip-pip-egg-info-e1_umbda/grpcio.egg-info/PKG-INFO
2022-12-27T02:54:33.9735270Z   writing dependency_links to /private/var/folders/51/hd414ycd67n82196sw51xqtc0000gn/T/pip-pip-egg-info-e1_umbda/grpcio.egg-info/dependency_links.txt
2022-12-27T02:54:33.9741000Z   writing requirements to /private/var/folders/51/hd414ycd67n82196sw51xqtc0000gn/T/pip-pip-egg-info-e1_umbda/grpcio.egg-info/requires.txt
2022-12-27T02:54:33.9744570Z   writing top-level names to /private/var/folders/51/hd414ycd67n82196sw51xqtc0000gn/T/pip-pip-egg-info-e1_umbda/grpcio.egg-info/top_level.txt
2022-12-27T02:54:33.9747060Z   writing manifest file '/private/var/folders/51/hd414ycd67n82196sw51xqtc0000gn/T/pip-pip-egg-info-e1_umbda/grpcio.egg-info/SOURCES.txt'
2022-12-27T02:54:34.1560900Z   reading manifest file '/private/var/folders/51/hd414ycd67n82196sw51xqtc0000gn/T/pip-pip-egg-info-e1_umbda/grpcio.egg-info/SOURCES.txt'
2022-12-27T02:54:34.1566970Z   reading manifest template 'MANIFEST.in'
2022-12-27T02:54:34.1623860Z   writing manifest file '/private/var/folders/51/hd414ycd67n82196sw51xqtc0000gn/T/pip-pip-egg-info-e1_umbda/grpcio.egg-info/SOURCES.txt'
2022-12-27T02:54:34.2094280Z   Preparing metadata (setup.py): finished with status 'done'
2022-12-27T02:54:34.2136150Z   Source in /Users/runner/actions-runner/_work/python.build/python.build/build_grpcio0100a039/grpcio-0.10.0a0 has version 0.10.0a0, which satisfies requirement grpcio==0.10.0a0 from file:///Users/runner/actions-runner/_work/python.build/python.build/build_grpcio0100a039/grpcio-0.10.0a0
2022-12-27T02:54:34.2140510Z   Removed grpcio==0.10.0a0 from file:///Users/runner/actions-runner/_work/python.build/python.build/build_grpcio0100a039/grpcio-0.10.0a0 from build tracker '/private/var/folders/51/hd414ycd67n82196sw51xqtc0000gn/T/pip-build-tracker-urj5nm28'
2022-12-27T02:54:34.2167760Z Created temporary directory: /private/var/folders/51/hd414ycd67n82196sw51xqtc0000gn/T/pip-unpack-ku70qnz1
2022-12-27T02:54:34.2170120Z Building wheels for collected packages: grpcio
2022-12-27T02:54:34.2181540Z   Created temporary directory: /private/var/folders/51/hd414ycd67n82196sw51xqtc0000gn/T/pip-wheel-hlfuu8xs
2022-12-27T02:54:34.2184820Z   Building wheel for grpcio (setup.py): started
2022-12-27T02:54:34.2188300Z   Destination directory: /private/var/folders/51/hd414ycd67n82196sw51xqtc0000gn/T/pip-wheel-hlfuu8xs
2022-12-27T02:54:34.2190650Z   Running command python setup.py bdist_wheel
2022-12-27T02:54:34.5384620Z   running bdist_wheel
2022-12-27T02:54:34.7024470Z   running build
2022-12-27T02:54:34.7029540Z   running build_py
2022-12-27T02:54:34.7061980Z   creating build
2022-12-27T02:54:34.7067970Z   creating build/lib.macosx-11.0-arm64-cpython-39
2022-12-27T02:54:34.7072070Z   creating build/lib.macosx-11.0-arm64-cpython-39/grpc
2022-12-27T02:54:34.7077990Z   copying grpc/__init__.py -> build/lib.macosx-11.0-arm64-cpython-39/grpc
2022-12-27T02:54:34.7088130Z   creating build/lib.macosx-11.0-arm64-cpython-39/grpc/_adapter
2022-12-27T02:54:34.7096390Z   copying grpc/_adapter/fore.py -> build/lib.macosx-11.0-arm64-cpython-39/grpc/_adapter
2022-12-27T02:54:34.7102570Z   copying grpc/_adapter/_event_invocation_synchronous_event_service_test.py -> build/lib.macosx-11.0-arm64-cpython-39/grpc/_adapter
2022-12-27T02:54:34.7107400Z   copying grpc/_adapter/_types.py -> build/lib.macosx-11.0-arm64-cpython-39/grpc/_adapter
2022-12-27T02:54:34.7110080Z   copying grpc/_adapter/_lonely_rear_link_test.py -> build/lib.macosx-11.0-arm64-cpython-39/grpc/_adapter
2022-12-27T02:54:34.7113200Z   copying grpc/_adapter/_face_test_case.py -> build/lib.macosx-11.0-arm64-cpython-39/grpc/_adapter
2022-12-27T02:54:34.7116080Z   copying grpc/_adapter/_intermediary_low.py -> build/lib.macosx-11.0-arm64-cpython-39/grpc/_adapter
2022-12-27T02:54:34.7119980Z   copying grpc/_adapter/_future_invocation_asynchronous_event_service_test.py -> build/lib.macosx-11.0-arm64-cpython-39/grpc/_adapter
2022-12-27T02:54:34.7123720Z   copying grpc/_adapter/_common.py -> build/lib.macosx-11.0-arm64-cpython-39/grpc/_adapter
2022-12-27T02:54:34.7126950Z   copying grpc/_adapter/__init__.py -> build/lib.macosx-11.0-arm64-cpython-39/grpc/_adapter
2022-12-27T02:54:34.7130630Z   copying grpc/_adapter/_low.py -> build/lib.macosx-11.0-arm64-cpython-39/grpc/_adapter
2022-12-27T02:54:34.7136200Z   copying grpc/_adapter/_blocking_invocation_inline_service_test.py -> build/lib.macosx-11.0-arm64-cpython-39/grpc/_adapter
2022-12-27T02:54:34.7138580Z   copying grpc/_adapter/_test_links.py -> build/lib.macosx-11.0-arm64-cpython-39/grpc/_adapter
2022-12-27T02:54:34.7142090Z   copying grpc/_adapter/_intermediary_low_test.py -> build/lib.macosx-11.0-arm64-cpython-39/grpc/_adapter
2022-12-27T02:54:34.7145670Z   copying grpc/_adapter/rear.py -> build/lib.macosx-11.0-arm64-cpython-39/grpc/_adapter
2022-12-27T02:54:34.7148670Z   copying grpc/_adapter/_proto_scenarios.py -> build/lib.macosx-11.0-arm64-cpython-39/grpc/_adapter
2022-12-27T02:54:34.7152730Z   copying grpc/_adapter/_low_test.py -> build/lib.macosx-11.0-arm64-cpython-39/grpc/_adapter
2022-12-27T02:54:34.7155280Z   copying grpc/_adapter/_links_test.py -> build/lib.macosx-11.0-arm64-cpython-39/grpc/_adapter
2022-12-27T02:54:34.7159370Z   copying grpc/_adapter/_c_test.py -> build/lib.macosx-11.0-arm64-cpython-39/grpc/_adapter
2022-12-27T02:54:34.7165800Z   creating build/lib.macosx-11.0-arm64-cpython-39/grpc/_junkdrawer
2022-12-27T02:54:34.7168990Z   copying grpc/_junkdrawer/stock_pb2.py -> build/lib.macosx-11.0-arm64-cpython-39/grpc/_junkdrawer
2022-12-27T02:54:34.7172880Z   copying grpc/_junkdrawer/__init__.py -> build/lib.macosx-11.0-arm64-cpython-39/grpc/_junkdrawer
2022-12-27T02:54:34.7180030Z   copying grpc/_junkdrawer/math_pb2.py -> build/lib.macosx-11.0-arm64-cpython-39/grpc/_junkdrawer
2022-12-27T02:54:34.7186150Z   creating build/lib.macosx-11.0-arm64-cpython-39/grpc/early_adopter
2022-12-27T02:54:34.7189220Z   copying grpc/early_adopter/__init__.py -> build/lib.macosx-11.0-arm64-cpython-39/grpc/early_adopter
2022-12-27T02:54:34.7193910Z   copying grpc/early_adopter/implementations_test.py -> build/lib.macosx-11.0-arm64-cpython-39/grpc/early_adopter
2022-12-27T02:54:34.7195960Z   copying grpc/early_adopter/implementations.py -> build/lib.macosx-11.0-arm64-cpython-39/grpc/early_adopter
2022-12-27T02:54:34.7203140Z   creating build/lib.macosx-11.0-arm64-cpython-39/grpc/framework
2022-12-27T02:54:34.7206420Z   copying grpc/framework/__init__.py -> build/lib.macosx-11.0-arm64-cpython-39/grpc/framework
2022-12-27T02:54:34.7216130Z   creating build/lib.macosx-11.0-arm64-cpython-39/grpc/framework/alpha
2022-12-27T02:54:34.7218610Z   copying grpc/framework/alpha/interfaces.py -> build/lib.macosx-11.0-arm64-cpython-39/grpc/framework/alpha
2022-12-27T02:54:34.7224810Z   copying grpc/framework/alpha/_face_utilities.py -> build/lib.macosx-11.0-arm64-cpython-39/grpc/framework/alpha
2022-12-27T02:54:34.7227480Z   copying grpc/framework/alpha/__init__.py -> build/lib.macosx-11.0-arm64-cpython-39/grpc/framework/alpha
2022-12-27T02:54:34.7231030Z   copying grpc/framework/alpha/exceptions.py -> build/lib.macosx-11.0-arm64-cpython-39/grpc/framework/alpha
2022-12-27T02:54:34.7236880Z   copying grpc/framework/alpha/_reexport.py -> build/lib.macosx-11.0-arm64-cpython-39/grpc/framework/alpha
2022-12-27T02:54:34.7239730Z   copying grpc/framework/alpha/utilities.py -> build/lib.macosx-11.0-arm64-cpython-39/grpc/framework/alpha
2022-12-27T02:54:34.7258060Z   creating build/lib.macosx-11.0-arm64-cpython-39/grpc/framework/base
2022-12-27T02:54:34.7260520Z   copying grpc/framework/base/interfaces.py -> build/lib.macosx-11.0-arm64-cpython-39/grpc/framework/base
2022-12-27T02:54:34.7402930Z   copying grpc/framework/base/_constants.py -> build/lib.macosx-11.0-arm64-cpython-39/grpc/framework/base
2022-12-27T02:54:34.7404350Z   copying grpc/framework/base/_expiration.py -> build/lib.macosx-11.0-arm64-cpython-39/grpc/framework/base
2022-12-27T02:54:34.7405560Z   copying grpc/framework/base/_transmission.py -> build/lib.macosx-11.0-arm64-cpython-39/grpc/framework/base
2022-12-27T02:54:34.7406420Z   copying grpc/framework/base/_reception.py -> build/lib.macosx-11.0-arm64-cpython-39/grpc/framework/base
2022-12-27T02:54:34.7407160Z   copying grpc/framework/base/_ingestion.py -> build/lib.macosx-11.0-arm64-cpython-39/grpc/framework/base
2022-12-27T02:54:34.7408150Z   copying grpc/framework/base/util.py -> build/lib.macosx-11.0-arm64-cpython-39/grpc/framework/base
2022-12-27T02:54:34.7409280Z   copying grpc/framework/base/_termination.py -> build/lib.macosx-11.0-arm64-cpython-39/grpc/framework/base
2022-12-27T02:54:34.7409980Z   copying grpc/framework/base/null.py -> build/lib.macosx-11.0-arm64-cpython-39/grpc/framework/base
2022-12-27T02:54:34.7410840Z   copying grpc/framework/base/__init__.py -> build/lib.macosx-11.0-arm64-cpython-39/grpc/framework/base
2022-12-27T02:54:34.7411540Z   copying grpc/framework/base/_interfaces.py -> build/lib.macosx-11.0-arm64-cpython-39/grpc/framework/base
2022-12-27T02:54:34.7412240Z   copying grpc/framework/base/_context.py -> build/lib.macosx-11.0-arm64-cpython-39/grpc/framework/base
2022-12-27T02:54:34.7413170Z   copying grpc/framework/base/implementations_test.py -> build/lib.macosx-11.0-arm64-cpython-39/grpc/framework/base
2022-12-27T02:54:34.7414190Z   copying grpc/framework/base/interfaces_test_case.py -> build/lib.macosx-11.0-arm64-cpython-39/grpc/framework/base
2022-12-27T02:54:34.7414790Z   copying grpc/framework/base/exceptions.py -> build/lib.macosx-11.0-arm64-cpython-39/grpc/framework/base
2022-12-27T02:54:34.7415370Z   copying grpc/framework/base/_ends.py -> build/lib.macosx-11.0-arm64-cpython-39/grpc/framework/base
2022-12-27T02:54:34.7416530Z   copying grpc/framework/base/_emission.py -> build/lib.macosx-11.0-arm64-cpython-39/grpc/framework/base
2022-12-27T02:54:34.7417440Z   copying grpc/framework/base/implementations.py -> build/lib.macosx-11.0-arm64-cpython-39/grpc/framework/base
2022-12-27T02:54:34.7418090Z   copying grpc/framework/base/in_memory.py -> build/lib.macosx-11.0-arm64-cpython-39/grpc/framework/base
2022-12-27T02:54:34.7418700Z   copying grpc/framework/base/_cancellation.py -> build/lib.macosx-11.0-arm64-cpython-39/grpc/framework/base
2022-12-27T02:54:34.7419330Z   creating build/lib.macosx-11.0-arm64-cpython-39/grpc/framework/common
2022-12-27T02:54:34.7419990Z   copying grpc/framework/common/style.py -> build/lib.macosx-11.0-arm64-cpython-39/grpc/framework/common
2022-12-27T02:54:34.7421050Z   copying grpc/framework/common/cardinality.py -> build/lib.macosx-11.0-arm64-cpython-39/grpc/framework/common
2022-12-27T02:54:34.7421860Z   copying grpc/framework/common/__init__.py -> build/lib.macosx-11.0-arm64-cpython-39/grpc/framework/common
2022-12-27T02:54:34.7422410Z   creating build/lib.macosx-11.0-arm64-cpython-39/grpc/framework/face
2022-12-27T02:54:34.7423120Z   copying grpc/framework/face/_service.py -> build/lib.macosx-11.0-arm64-cpython-39/grpc/framework/face
2022-12-27T02:54:34.7423800Z   copying grpc/framework/face/interfaces.py -> build/lib.macosx-11.0-arm64-cpython-39/grpc/framework/face
2022-12-27T02:54:34.7424400Z   copying grpc/framework/face/_control.py -> build/lib.macosx-11.0-arm64-cpython-39/grpc/framework/face
2022-12-27T02:54:34.7425140Z   copying grpc/framework/face/blocking_invocation_inline_service_test.py -> build/lib.macosx-11.0-arm64-cpython-39/grpc/framework/face
2022-12-27T02:54:34.7425950Z   copying grpc/framework/face/__init__.py -> build/lib.macosx-11.0-arm64-cpython-39/grpc/framework/face
2022-12-27T02:54:34.7427040Z   copying grpc/framework/face/demonstration.py -> build/lib.macosx-11.0-arm64-cpython-39/grpc/framework/face
2022-12-27T02:54:34.7427650Z   copying grpc/framework/face/_calls.py -> build/lib.macosx-11.0-arm64-cpython-39/grpc/framework/face
2022-12-27T02:54:34.7428330Z   copying grpc/framework/face/exceptions.py -> build/lib.macosx-11.0-arm64-cpython-39/grpc/framework/face
2022-12-27T02:54:34.7429470Z   copying grpc/framework/face/utilities.py -> build/lib.macosx-11.0-arm64-cpython-39/grpc/framework/face
2022-12-27T02:54:34.7435370Z   copying grpc/framework/face/event_invocation_synchronous_event_service_test.py -> build/lib.macosx-11.0-arm64-cpython-39/grpc/framework/face
2022-12-27T02:54:34.7440810Z   copying grpc/framework/face/_test_case.py -> build/lib.macosx-11.0-arm64-cpython-39/grpc/framework/face
2022-12-27T02:54:34.7446630Z   copying grpc/framework/face/implementations.py -> build/lib.macosx-11.0-arm64-cpython-39/grpc/framework/face
2022-12-27T02:54:34.7454080Z   copying grpc/framework/face/future_invocation_asynchronous_event_service_test.py -> build/lib.macosx-11.0-arm64-cpython-39/grpc/framework/face
2022-12-27T02:54:34.7463690Z   creating build/lib.macosx-11.0-arm64-cpython-39/grpc/framework/face/testing
2022-12-27T02:54:34.7468630Z   copying grpc/framework/face/testing/callback.py -> build/lib.macosx-11.0-arm64-cpython-39/grpc/framework/face/testing
2022-12-27T02:54:34.7473880Z   copying grpc/framework/face/testing/digest.py -> build/lib.macosx-11.0-arm64-cpython-39/grpc/framework/face/testing
2022-12-27T02:54:34.7476700Z   copying grpc/framework/face/testing/interfaces.py -> build/lib.macosx-11.0-arm64-cpython-39/grpc/framework/face/testing
2022-12-27T02:54:34.7480110Z   copying grpc/framework/face/testing/stock_service.py -> build/lib.macosx-11.0-arm64-cpython-39/grpc/framework/face/testing
2022-12-27T02:54:34.7484000Z   copying grpc/framework/face/testing/service.py -> build/lib.macosx-11.0-arm64-cpython-39/grpc/framework/face/testing
2022-12-27T02:54:34.7487890Z   copying grpc/framework/face/testing/blocking_invocation_inline_service_test_case.py -> build/lib.macosx-11.0-arm64-cpython-39/grpc/framework/face/testing
2022-12-27T02:54:34.7490700Z   copying grpc/framework/face/testing/base_util.py -> build/lib.macosx-11.0-arm64-cpython-39/grpc/framework/face/testing
2022-12-27T02:54:34.7494100Z   copying grpc/framework/face/testing/control.py -> build/lib.macosx-11.0-arm64-cpython-39/grpc/framework/face/testing
2022-12-27T02:54:34.7499040Z   copying grpc/framework/face/testing/__init__.py -> build/lib.macosx-11.0-arm64-cpython-39/grpc/framework/face/testing
2022-12-27T02:54:34.7502050Z   copying grpc/framework/face/testing/coverage.py -> build/lib.macosx-11.0-arm64-cpython-39/grpc/framework/face/testing
2022-12-27T02:54:34.7507350Z   copying grpc/framework/face/testing/event_invocation_synchronous_event_service_test_case.py -> build/lib.macosx-11.0-arm64-cpython-39/grpc/framework/face/testing
2022-12-27T02:54:34.7513170Z   copying grpc/framework/face/testing/test_case.py -> build/lib.macosx-11.0-arm64-cpython-39/grpc/framework/face/testing
2022-12-27T02:54:34.7518660Z   copying grpc/framework/face/testing/serial.py -> build/lib.macosx-11.0-arm64-cpython-39/grpc/framework/face/testing
2022-12-27T02:54:34.7522250Z   copying grpc/framework/face/testing/future_invocation_asynchronous_event_service_test_case.py -> build/lib.macosx-11.0-arm64-cpython-39/grpc/framework/face/testing
2022-12-27T02:54:34.7537680Z   creating build/lib.macosx-11.0-arm64-cpython-39/grpc/framework/foundation
2022-12-27T02:54:34.7540920Z   copying grpc/framework/foundation/callable_util.py -> build/lib.macosx-11.0-arm64-cpython-39/grpc/framework/foundation
2022-12-27T02:54:34.7545880Z   copying grpc/framework/foundation/abandonment.py -> build/lib.macosx-11.0-arm64-cpython-39/grpc/framework/foundation
2022-12-27T02:54:34.7548610Z   copying grpc/framework/foundation/stream_testing.py -> build/lib.macosx-11.0-arm64-cpython-39/grpc/framework/foundation
2022-12-27T02:54:34.7553470Z   copying grpc/framework/foundation/__init__.py -> build/lib.macosx-11.0-arm64-cpython-39/grpc/framework/foundation
2022-12-27T02:54:34.7558080Z   copying grpc/framework/foundation/stream.py -> build/lib.macosx-11.0-arm64-cpython-39/grpc/framework/foundation
2022-12-27T02:54:34.7561380Z   copying grpc/framework/foundation/activated.py -> build/lib.macosx-11.0-arm64-cpython-39/grpc/framework/foundation
2022-12-27T02:54:34.7566520Z   copying grpc/framework/foundation/later.py -> build/lib.macosx-11.0-arm64-cpython-39/grpc/framework/foundation
2022-12-27T02:54:34.7570860Z   copying grpc/framework/foundation/_later_test.py -> build/lib.macosx-11.0-arm64-cpython-39/grpc/framework/foundation
2022-12-27T02:54:34.7576180Z   copying grpc/framework/foundation/_logging_pool_test.py -> build/lib.macosx-11.0-arm64-cpython-39/grpc/framework/foundation
2022-12-27T02:54:34.7579350Z   copying grpc/framework/foundation/stream_util.py -> build/lib.macosx-11.0-arm64-cpython-39/grpc/framework/foundation
2022-12-27T02:54:34.7584970Z   copying grpc/framework/foundation/future.py -> build/lib.macosx-11.0-arm64-cpython-39/grpc/framework/foundation
2022-12-27T02:54:34.7588130Z   copying grpc/framework/foundation/_timer_future.py -> build/lib.macosx-11.0-arm64-cpython-39/grpc/framework/foundation
2022-12-27T02:54:34.7593780Z   copying grpc/framework/foundation/logging_pool.py -> build/lib.macosx-11.0-arm64-cpython-39/grpc/framework/foundation
2022-12-27T02:54:34.7671090Z   running build_ext
2022-12-27T02:54:34.8240950Z   building 'grpc._adapter._c' extension
2022-12-27T02:54:34.8246660Z   creating build/temp.macosx-11.0-arm64-cpython-39
2022-12-27T02:54:34.8249890Z   creating build/temp.macosx-11.0-arm64-cpython-39/grpc
2022-12-27T02:54:34.8251290Z   creating build/temp.macosx-11.0-arm64-cpython-39/grpc/_adapter
2022-12-27T02:54:34.8252800Z   creating build/temp.macosx-11.0-arm64-cpython-39/grpc/_adapter/_c
2022-12-27T02:54:34.8256150Z   creating build/temp.macosx-11.0-arm64-cpython-39/grpc/_adapter/_c/types
2022-12-27T02:54:34.8260630Z   gcc -Wno-unused-result -Wsign-compare -Wunreachable-code -fno-common -dynamic -DNDEBUG -g -fwrapv -O3 -Wall -g -I/usr/local/opt/openssl@3/include -I/usr/local/opt/openssl@3/include -arch arm64 -I. -I/private/var/folders/51/hd414ycd67n82196sw51xqtc0000gn/T/cibw-run-mvfhz3mt/cp39-macosx_arm64/build/venv/include -I/Library/Frameworks/Python.framework/Versions/3.9/include/python3.9 -c grpc/_adapter/_c/module.c -o build/temp.macosx-11.0-arm64-cpython-39/grpc/_adapter/_c/module.o
2022-12-27T02:54:34.9503630Z   grpc/_adapter/_c/module.c:38:10: fatal error: 'grpc/grpc.h' file not found
2022-12-27T02:54:34.9505250Z   #include <grpc/grpc.h>
2022-12-27T02:54:34.9511200Z            ^~~~~~~~~~~~~
2022-12-27T02:54:34.9516490Z   1 error generated.
2022-12-27T02:54:34.9553180Z   error: command '/usr/bin/gcc' failed with exit code 1
2022-12-27T02:54:35.0323050Z   error: subprocess-exited-with-error
2022-12-27T02:54:35.0324120Z   
2022-12-27T02:54:35.0325510Z   Ã— python setup.py bdist_wheel did not run successfully.
2022-12-27T02:54:35.0327280Z   â”‚ exit code: 1
2022-12-27T02:54:35.0328370Z   â•°â”€> See above for output.
2022-12-27T02:54:35.0329030Z   
2022-12-27T02:54:35.0329800Z   note: This error originates from a subprocess, and is likely not a problem with pip.
2022-12-27T02:54:35.0338000Z   full command: /private/var/folders/51/hd414ycd67n82196sw51xqtc0000gn/T/cibw-run-mvfhz3mt/cp39-macosx_arm64/build/venv/bin/python -u -c '
2022-12-27T02:54:35.0338890Z   exec(compile('"'"''"'"''"'"'
2022-12-27T02:54:35.0339620Z   # This is <pip-setuptools-caller> -- a caller that pip uses to run setup.py
2022-12-27T02:54:35.0340130Z   #
2022-12-27T02:54:35.0340730Z   # - It imports setuptools before invoking setup.py, to enable projects that directly
2022-12-27T02:54:35.0341410Z   #   import from `distutils.core` to work with newer packaging standards.
2022-12-27T02:54:35.0342180Z   # - It provides a clear error message when setuptools is not installed.
2022-12-27T02:54:35.0342890Z   # - It sets `sys.argv[0]` to the underlying `setup.py`, when invoking `setup.py` so
2022-12-27T02:54:35.0343710Z   #   setuptools doesn'"'"'t think the script is `-c`. This avoids the following warning:
2022-12-27T02:54:35.0345150Z   #     manifest_maker: standard file '"'"'-c'"'"' not found".
2022-12-27T02:54:35.0345690Z   # - It generates a shim setup.py, for handling setup.cfg-only projects.
2022-12-27T02:54:35.0346040Z   import os, sys, tokenize
2022-12-27T02:54:35.0346340Z   
2022-12-27T02:54:35.0346610Z   try:
2022-12-27T02:54:35.0346870Z       import setuptools
2022-12-27T02:54:35.0347210Z   except ImportError as error:
2022-12-27T02:54:35.0347480Z       print(
2022-12-27T02:54:35.0347730Z           "ERROR: Can not execute `setup.py` since setuptools is not available in "
2022-12-27T02:54:35.0348140Z           "the build environment.",
2022-12-27T02:54:35.0348480Z           file=sys.stderr,
2022-12-27T02:54:35.0348730Z       )
2022-12-27T02:54:35.0348980Z       sys.exit(1)
2022-12-27T02:54:35.0349230Z   
2022-12-27T02:54:35.0349440Z   __file__ = %r
2022-12-27T02:54:35.0349920Z   sys.argv[0] = __file__
2022-12-27T02:54:35.0350230Z   
2022-12-27T02:54:35.0350550Z   if os.path.exists(__file__):
2022-12-27T02:54:35.0350890Z       filename = __file__
2022-12-27T02:54:35.0351220Z       with tokenize.open(__file__) as f:
2022-12-27T02:54:35.0351520Z           setup_py_code = f.read()
2022-12-27T02:54:35.0351810Z   else:
2022-12-27T02:54:35.0352210Z       filename = "<auto-generated setuptools caller>"
2022-12-27T02:54:35.0352630Z       setup_py_code = "from setuptools import setup; setup()"
2022-12-27T02:54:35.0352860Z   
2022-12-27T02:54:35.0353120Z   exec(compile(setup_py_code, filename, "exec"))
2022-12-27T02:54:35.0353870Z   '"'"''"'"''"'"' % ('"'"'/Users/runner/actions-runner/_work/python.build/python.build/build_grpcio0100a039/grpcio-0.10.0a0/setup.py'"'"',), "<pip-setuptools-caller>", "exec"))' bdist_wheel -d /private/var/folders/51/hd414ycd67n82196sw51xqtc0000gn/T/pip-wheel-hlfuu8xs
2022-12-27T02:54:35.0354600Z   cwd: /Users/runner/actions-runner/_work/python.build/python.build/build_grpcio0100a039/grpcio-0.10.0a0/
2022-12-27T02:54:35.0355020Z   ERROR: Failed building wheel for grpcio
2022-12-27T02:54:35.0355380Z   Running command python setup.py clean
2022-12-27T02:54:35.0356180Z   Building wheel for grpcio (setup.py): finished with status 'error'
2022-12-27T02:54:35.0356560Z   Running setup.py clean for grpcio
2022-12-27T02:54:35.3272170Z   running clean
2022-12-27T02:54:35.3312290Z   removing 'build/temp.macosx-11.0-arm64-cpython-39' (and everything under it)
2022-12-27T02:54:35.3325370Z   removing 'build/lib.macosx-11.0-arm64-cpython-39' (and everything under it)
2022-12-27T02:54:35.3489090Z   'build/bdist.macosx-11.0-arm64' does not exist -- can't clean it
2022-12-27T02:54:35.3495130Z   'build/scripts-3.9' does not exist -- can't clean it
2022-12-27T02:54:35.3497430Z   removing 'build'
2022-12-27T02:54:35.3883720Z Failed to build grpcio
2022-12-27T02:54:35.3890060Z ERROR: Failed to build one or more wheels
2022-12-27T02:54:35.3908690Z Exception information:
2022-12-27T02:54:35.3909450Z Traceback (most recent call last):
2022-12-27T02:54:35.3921290Z   File "/private/var/folders/51/hd414ycd67n82196sw51xqtc0000gn/T/cibw-run-mvfhz3mt/cp39-macosx_arm64/build/venv/lib/python3.9/site-packages/pip/_internal/cli/base_command.py", line 160, in exc_logging_wrapper
2022-12-27T02:54:35.3921920Z     status = run_func(*args)
2022-12-27T02:54:35.3922770Z   File "/private/var/folders/51/hd414ycd67n82196sw51xqtc0000gn/T/cibw-run-mvfhz3mt/cp39-macosx_arm64/build/venv/lib/python3.9/site-packages/pip/_internal/cli/req_command.py", line 247, in wrapper
2022-12-27T02:54:35.3923270Z     return func(self, options, args)
2022-12-27T02:54:35.3924010Z   File "/private/var/folders/51/hd414ycd67n82196sw51xqtc0000gn/T/cibw-run-mvfhz3mt/cp39-macosx_arm64/build/venv/lib/python3.9/site-packages/pip/_internal/commands/wheel.py", line 201, in run
2022-12-27T02:54:35.3924620Z     raise CommandError("Failed to build one or more wheels")
2022-12-27T02:54:35.3925040Z pip._internal.exceptions.CommandError: Failed to build one or more wheels
2022-12-27T02:54:35.3926090Z Removed build tracker: '/private/var/folders/51/hd414ycd67n82196sw51xqtc0000gn/T/pip-build-tracker-urj5nm28'
2022-12-27T02:54:35.4814080Z ##[error]Command ['python', '-m', 'pip', 'wheel', '/Users/runner/actions-runner/_work/python.build/python.build/build_grpcio0100a039/grpcio-0.10.0a0', '--wheel-dir=/private/var/folders/51/hd414ycd67n82196sw51xqtc0000gn/T/cibw-run-mvfhz3mt/cp39-macosx_arm64/built_wheel', '--no-deps', '-vvv'] failed with code 1. None
2022-12-27T02:54:35.4824500Z ##[endgroup]
2022-12-27T02:54:35.4824770Z 
2022-12-27T02:54:35.4825230Z                                                               [31mâœ• [0m2.30s
2022-12-27T02:54:35.5595970Z ##[error]Process completed with exit code 1.
2022-12-27T02:54:35.5653480Z ##[group]Run rm -rf build_grpcio0100a039 wheelsout
2022-12-27T02:54:35.5653940Z [36;1mrm -rf build_grpcio0100a039 wheelsout[0m
2022-12-27T02:54:35.5681320Z shell: /bin/bash -e {0}
2022-12-27T02:54:35.5681600Z env:
2022-12-27T02:54:35.5681930Z   pythonLocation: /Users/runner/hostedtoolcache/Python/3.9.16/x64
2022-12-27T02:54:35.5682330Z   PKG_CONFIG_PATH: /Users/runner/hostedtoolcache/Python/3.9.16/x64/lib/pkgconfig
2022-12-27T02:54:35.5682680Z   Python_ROOT_DIR: /Users/runner/hostedtoolcache/Python/3.9.16/x64
2022-12-27T02:54:35.5682970Z   Python2_ROOT_DIR: /Users/runner/hostedtoolcache/Python/3.9.16/x64
2022-12-27T02:54:35.5683270Z   Python3_ROOT_DIR: /Users/runner/hostedtoolcache/Python/3.9.16/x64
2022-12-27T02:54:35.5683510Z ##[endgroup]
2022-12-27T02:54:35.6188140Z Cleaning up orphan processes
