2022-12-27T08:58:35.2597668Z Requested labels: self-hosted, macOS, X64
2022-12-27T08:58:35.2597749Z Job defined at: kilnbuild/python.build/.github/workflows/mac_arm_build.yml@refs/heads/main
2022-12-27T08:58:35.2597779Z Waiting for a runner to pick up this job...
2022-12-27T11:47:47.7489165Z Job is about to start running on the runner: kr2 (organization)
2022-12-27T11:47:54.5266590Z Current runner version: '2.300.2'
2022-12-27T11:47:54.5274320Z Runner name: 'kr2'
2022-12-27T11:47:54.5274720Z Runner group name: 'Default'
2022-12-27T11:47:54.5275570Z Machine name: 'kr2'
2022-12-27T11:47:54.5278130Z ##[group]GITHUB_TOKEN Permissions
2022-12-27T11:47:54.5278860Z Actions: write
2022-12-27T11:47:54.5279100Z Checks: write
2022-12-27T11:47:54.5279360Z Contents: write
2022-12-27T11:47:54.5279620Z Deployments: write
2022-12-27T11:47:54.5279870Z Discussions: write
2022-12-27T11:47:54.5280130Z Issues: write
2022-12-27T11:47:54.5280380Z Metadata: read
2022-12-27T11:47:54.5280620Z Packages: write
2022-12-27T11:47:54.5280890Z Pages: write
2022-12-27T11:47:54.5281150Z PullRequests: write
2022-12-27T11:47:54.5281440Z RepositoryProjects: write
2022-12-27T11:47:54.5281740Z SecurityEvents: write
2022-12-27T11:47:54.5282000Z Statuses: write
2022-12-27T11:47:54.5282250Z ##[endgroup]
2022-12-27T11:47:54.5285900Z Secret source: Actions
2022-12-27T11:47:54.5286410Z Prepare workflow directory
2022-12-27T11:47:54.6385340Z Prepare all required actions
2022-12-27T11:47:54.6586730Z Getting action download info
2022-12-27T11:47:55.1027430Z Download action repository 'actions/setup-python@v4' (SHA:5ccb29d8773c3f3f653e1705f474dfaa8a06a912)
2022-12-27T11:47:57.1235930Z Download action repository 'actions/upload-artifact@v3' (SHA:83fd05a356d7e2593de66fc9913b3002723633cb)
2022-12-27T11:47:58.5793410Z ##[group]Run echo '{
2022-12-27T11:47:58.5793790Z [36;1mecho '{[0m
2022-12-27T11:47:58.5793990Z [36;1m  "package_name": "lxml",[0m
2022-12-27T11:47:58.5794390Z [36;1m  "package_url": "https://files.pythonhosted.org/packages/61/2d/fea6f86612bb790ffb09ac2dc55d57d4daa4b211a04ab2870812ce65f601/lxml-4.4.3.tar.gz",[0m
2022-12-27T11:47:58.5794810Z [36;1m  "package_version": "4.4.3",[0m
2022-12-27T11:47:58.5795080Z [36;1m  "python_version": "3.9",[0m
2022-12-27T11:47:58.5795360Z [36;1m  "use_ccache": "true"[0m
2022-12-27T11:47:58.5795640Z [36;1m}'[0m
2022-12-27T11:47:58.5822280Z shell: /bin/bash -e {0}
2022-12-27T11:47:58.5822530Z ##[endgroup]
2022-12-27T11:47:58.6212170Z {
2022-12-27T11:47:58.6214950Z   "package_name": "lxml",
2022-12-27T11:47:58.6216270Z   "package_url": "https://files.pythonhosted.org/packages/61/2d/fea6f86612bb790ffb09ac2dc55d57d4daa4b211a04ab2870812ce65f601/lxml-4.4.3.tar.gz",
2022-12-27T11:47:58.6216780Z   "package_version": "4.4.3",
2022-12-27T11:47:58.6217230Z   "python_version": "3.9",
2022-12-27T11:47:58.6217620Z   "use_ccache": "true"
2022-12-27T11:47:58.6217920Z }
2022-12-27T11:47:58.6570940Z ##[group]Run actions/setup-python@v4
2022-12-27T11:47:58.6571490Z with:
2022-12-27T11:47:58.6571910Z   python-version: 3.9
2022-12-27T11:47:58.6572170Z   check-latest: false
2022-12-27T11:47:58.6572850Z   token: ***
2022-12-27T11:47:58.6573390Z   update-environment: true
2022-12-27T11:47:58.6573800Z ##[endgroup]
2022-12-27T11:47:58.8761510Z ##[group]Installed versions
2022-12-27T11:47:58.8843720Z Successfully set up CPython (3.9.16)
2022-12-27T11:47:58.8846380Z ##[endgroup]
2022-12-27T11:47:58.9079910Z ##[group]Run if [ "true" == "true" ]
2022-12-27T11:47:58.9080480Z [36;1mif [ "true" == "true" ][0m
2022-12-27T11:47:58.9080820Z [36;1mthen[0m
2022-12-27T11:47:58.9081140Z [36;1m  echo "CCACHE_PATH_PREPEND=/usr/local/opt/ccache/libexec" >> $GITHUB_OUTPUT[0m
2022-12-27T11:47:58.9081640Z [36;1melse[0m
2022-12-27T11:47:58.9081990Z [36;1m  echo "CCACHE_PATH_PREPEND=" >> $GITHUB_OUTPUT[0m
2022-12-27T11:47:58.9082260Z [36;1mfi[0m
2022-12-27T11:47:58.9111110Z shell: /bin/bash -e {0}
2022-12-27T11:47:58.9111570Z env:
2022-12-27T11:47:58.9111880Z   pythonLocation: /Users/runner/hostedtoolcache/Python/3.9.16/x64
2022-12-27T11:47:58.9112340Z   PKG_CONFIG_PATH: /Users/runner/hostedtoolcache/Python/3.9.16/x64/lib/pkgconfig
2022-12-27T11:47:58.9112800Z   Python_ROOT_DIR: /Users/runner/hostedtoolcache/Python/3.9.16/x64
2022-12-27T11:47:58.9113330Z   Python2_ROOT_DIR: /Users/runner/hostedtoolcache/Python/3.9.16/x64
2022-12-27T11:47:58.9113820Z   Python3_ROOT_DIR: /Users/runner/hostedtoolcache/Python/3.9.16/x64
2022-12-27T11:47:58.9114900Z ##[endgroup]
2022-12-27T11:47:58.9424200Z ##[group]Run echo "BUILD_NAME=$(echo lxml_4.4.3_3.9 | tr -dc '[:alnum:]\n\r' | tr '[:upper:]' '[:lower:]')" >> $GITHUB_OUTPUT
2022-12-27T11:47:58.9424710Z [36;1mecho "BUILD_NAME=$(echo lxml_4.4.3_3.9 | tr -dc '[:alnum:]\n\r' | tr '[:upper:]' '[:lower:]')" >> $GITHUB_OUTPUT[0m
2022-12-27T11:47:58.9451270Z shell: /bin/bash -e {0}
2022-12-27T11:47:58.9451610Z env:
2022-12-27T11:47:58.9451930Z   pythonLocation: /Users/runner/hostedtoolcache/Python/3.9.16/x64
2022-12-27T11:47:58.9452270Z   PKG_CONFIG_PATH: /Users/runner/hostedtoolcache/Python/3.9.16/x64/lib/pkgconfig
2022-12-27T11:47:58.9452610Z   Python_ROOT_DIR: /Users/runner/hostedtoolcache/Python/3.9.16/x64
2022-12-27T11:47:58.9452920Z   Python2_ROOT_DIR: /Users/runner/hostedtoolcache/Python/3.9.16/x64
2022-12-27T11:47:58.9453370Z   Python3_ROOT_DIR: /Users/runner/hostedtoolcache/Python/3.9.16/x64
2022-12-27T11:47:58.9453660Z ##[endgroup]
2022-12-27T11:47:58.9667790Z ##[group]Run echo "PYTHON_NO_DOTS=$(echo 3.9 | tr -dc '[:alnum:]\n\r' | tr '[:upper:]' '[:lower:]')" >> $GITHUB_OUTPUT
2022-12-27T11:47:58.9668530Z [36;1mecho "PYTHON_NO_DOTS=$(echo 3.9 | tr -dc '[:alnum:]\n\r' | tr '[:upper:]' '[:lower:]')" >> $GITHUB_OUTPUT[0m
2022-12-27T11:47:58.9694680Z shell: /bin/bash -e {0}
2022-12-27T11:47:58.9694990Z env:
2022-12-27T11:47:58.9695290Z   pythonLocation: /Users/runner/hostedtoolcache/Python/3.9.16/x64
2022-12-27T11:47:58.9695820Z   PKG_CONFIG_PATH: /Users/runner/hostedtoolcache/Python/3.9.16/x64/lib/pkgconfig
2022-12-27T11:47:58.9696270Z   Python_ROOT_DIR: /Users/runner/hostedtoolcache/Python/3.9.16/x64
2022-12-27T11:47:58.9696700Z   Python2_ROOT_DIR: /Users/runner/hostedtoolcache/Python/3.9.16/x64
2022-12-27T11:47:58.9697070Z   Python3_ROOT_DIR: /Users/runner/hostedtoolcache/Python/3.9.16/x64
2022-12-27T11:47:58.9697420Z ##[endgroup]
2022-12-27T11:47:58.9925100Z ##[group]Run rm -rf build_lxml44339
2022-12-27T11:47:58.9925650Z [36;1mrm -rf build_lxml44339[0m
2022-12-27T11:47:58.9925920Z [36;1mmkdir build_lxml44339[0m
2022-12-27T11:47:58.9926310Z [36;1mcd build_lxml44339[0m
2022-12-27T11:47:58.9926890Z [36;1m/usr/local/bin/wget --quiet https://files.pythonhosted.org/packages/61/2d/fea6f86612bb790ffb09ac2dc55d57d4daa4b211a04ab2870812ce65f601/lxml-4.4.3.tar.gz[0m
2022-12-27T11:47:58.9927370Z [36;1mtar xf *.tar.gz[0m
2022-12-27T11:47:58.9927610Z [36;1mcd *[0m
2022-12-27T11:47:58.9927950Z [36;1mpython -m pip install cibuildwheel==2.11.3[0m
2022-12-27T11:47:58.9928490Z [36;1mpython -m cibuildwheel --output-dir ../wheelsout[0m
2022-12-27T11:47:58.9955670Z shell: /bin/bash -e {0}
2022-12-27T11:47:58.9956000Z env:
2022-12-27T11:47:58.9956370Z   pythonLocation: /Users/runner/hostedtoolcache/Python/3.9.16/x64
2022-12-27T11:47:58.9956880Z   PKG_CONFIG_PATH: /Users/runner/hostedtoolcache/Python/3.9.16/x64/lib/pkgconfig
2022-12-27T11:47:58.9958300Z   Python_ROOT_DIR: /Users/runner/hostedtoolcache/Python/3.9.16/x64
2022-12-27T11:47:58.9958680Z   Python2_ROOT_DIR: /Users/runner/hostedtoolcache/Python/3.9.16/x64
2022-12-27T11:47:58.9959120Z   Python3_ROOT_DIR: /Users/runner/hostedtoolcache/Python/3.9.16/x64
2022-12-27T11:47:58.9959570Z   CIBW_ARCHS_MACOS: arm64
2022-12-27T11:47:58.9959900Z   CIBW_TEST_SKIP: *_arm64
2022-12-27T11:47:58.9960170Z   CIBW_BUILD: cp39-macosx_arm64
2022-12-27T11:47:58.9960500Z   CIBW_BUILD_FRONTEND: pip
2022-12-27T11:47:58.9960830Z   CIBW_BUILD_VERBOSITY: 3
2022-12-27T11:47:58.9961420Z   CIBW_ENVIRONMENT_MACOS:  CFLAGS="-I/usr/local/opt/openssl@3/include" LDFLAGS="-L/usr/local/opt/openssl@3/lib" CPPFLAGS="-I/usr/local/opt/openssl@3/include" MAKEFLAGS="-j$(sysctl -n hw.logicalcpu)" PATH=/usr/local/opt/ccache/libexec:$PATH
2022-12-27T11:47:58.9962100Z   CIBW_BEFORE_BUILD: pip install Cython; if [[ -f requirements.txt ]]; then pip install -r requirements.txt; fi
2022-12-27T11:47:58.9962550Z   MAKEFLAGS: -j$(sysctl -n hw.logicalcpu)
2022-12-27T11:47:58.9962890Z ##[endgroup]
2022-12-27T11:47:59.8359280Z Requirement already satisfied: cibuildwheel==2.11.3 in /Users/runner/hostedtoolcache/Python/3.9.16/x64/lib/python3.9/site-packages (2.11.3)
2022-12-27T11:47:59.8787920Z Requirement already satisfied: bracex in /Users/runner/hostedtoolcache/Python/3.9.16/x64/lib/python3.9/site-packages (from cibuildwheel==2.11.3) (2.3.post1)
2022-12-27T11:47:59.8790410Z Requirement already satisfied: platformdirs in /Users/runner/hostedtoolcache/Python/3.9.16/x64/lib/python3.9/site-packages (from cibuildwheel==2.11.3) (2.6.0)
2022-12-27T11:47:59.8799270Z Requirement already satisfied: bashlex!=0.13 in /Users/runner/hostedtoolcache/Python/3.9.16/x64/lib/python3.9/site-packages (from cibuildwheel==2.11.3) (0.16)
2022-12-27T11:47:59.8806330Z Requirement already satisfied: packaging>=20.9 in /Users/runner/hostedtoolcache/Python/3.9.16/x64/lib/python3.9/site-packages (from cibuildwheel==2.11.3) (22.0)
2022-12-27T11:47:59.8811140Z Requirement already satisfied: certifi in /Users/runner/hostedtoolcache/Python/3.9.16/x64/lib/python3.9/site-packages (from cibuildwheel==2.11.3) (2022.12.7)
2022-12-27T11:47:59.8821970Z Requirement already satisfied: tomli in /Users/runner/hostedtoolcache/Python/3.9.16/x64/lib/python3.9/site-packages (from cibuildwheel==2.11.3) (2.0.1)
2022-12-27T11:47:59.8835240Z Requirement already satisfied: typing-extensions>=4.1.0 in /Users/runner/hostedtoolcache/Python/3.9.16/x64/lib/python3.9/site-packages (from cibuildwheel==2.11.3) (4.4.0)
2022-12-27T11:47:59.8840240Z Requirement already satisfied: filelock in /Users/runner/hostedtoolcache/Python/3.9.16/x64/lib/python3.9/site-packages (from cibuildwheel==2.11.3) (3.8.2)
2022-12-27T11:48:00.1875810Z 
2022-12-27T11:48:00.1876820Z      _ _       _ _   _       _           _
2022-12-27T11:48:00.1877860Z  ___|_| |_ _ _|_| |_| |_ _ _| |_ ___ ___| |
2022-12-27T11:48:00.1879500Z |  _| | . | | | | | . | | | |   | -_| -_| |
2022-12-27T11:48:00.1880340Z |___|_|___|___|_|_|___|_____|_|_|___|___|_|
2022-12-27T11:48:00.1883400Z 
2022-12-27T11:48:00.1884320Z cibuildwheel version 2.11.3
2022-12-27T11:48:00.1884950Z 
2022-12-27T11:48:00.1885210Z Build options:
2022-12-27T11:48:00.1885840Z   platform: macos
2022-12-27T11:48:00.2055450Z   architectures: arm64[0m
2022-12-27T11:48:00.2056710Z   build_selector: 
2022-12-27T11:48:00.2057790Z     build_config: cp39-macosx_arm64
2022-12-27T11:48:00.2058780Z     skip_config: 
2022-12-27T11:48:00.2060340Z     requires_python: None
2022-12-27T11:48:00.2061760Z     prerelease_pythons: False[0m
2022-12-27T11:48:00.2063850Z   [38;5;244mcontainer_engine: docker[0m
2022-12-27T11:48:00.2065340Z   output_dir: /Users/runner/actions-runner/_work/python.build/python.build/build_lxml44339/wheelsout[0m
2022-12-27T11:48:00.2066470Z   package_dir: /Users/runner/actions-runner/_work/python.build/python.build/build_lxml44339/lxml-4.4.3[0m
2022-12-27T11:48:00.2067040Z   test_selector: 
2022-12-27T11:48:00.2067560Z     skip_config: *_arm64[0m
2022-12-27T11:48:00.2068110Z   [38;5;244mbefore_all: [0m
2022-12-27T11:48:00.2068620Z   before_build: pip install Cython; if [[ -f requirements.txt ]]; then pip install -r requirements.txt; fi[0m
2022-12-27T11:48:00.2069260Z   [38;5;244mbefore_test: [0m
2022-12-27T11:48:00.2069690Z   [38;5;244mbuild_frontend: pip[0m
2022-12-27T11:48:00.2070040Z   build_verbosity: 3[0m
2022-12-27T11:48:00.2070560Z   [38;5;244mconfig_settings: [0m
2022-12-27T11:48:00.2071050Z   [38;5;244mdependency_constraints: pinned[0m
2022-12-27T11:48:00.2071340Z   environment: 
2022-12-27T11:48:00.2071780Z     CFLAGS="-I/usr/local/opt/openssl@3/include"
2022-12-27T11:48:00.2072360Z     LDFLAGS="-L/usr/local/opt/openssl@3/lib"
2022-12-27T11:48:00.2072850Z     CPPFLAGS="-I/usr/local/opt/openssl@3/include"
2022-12-27T11:48:00.2073250Z     MAKEFLAGS="-j$(sysctl -n hw.logicalcpu)"
2022-12-27T11:48:00.2073740Z     PATH=/usr/local/opt/ccache/libexec:$PATH[0m
2022-12-27T11:48:00.2074190Z   [38;5;244mmanylinux_images: None[0m
2022-12-27T11:48:00.2074660Z   [38;5;244mmusllinux_images: None[0m
2022-12-27T11:48:00.2075230Z   [38;5;244mrepair_command: delocate-wheel --require-archs {delocate_archs} -w {dest_dir} -v {wheel}[0m
2022-12-27T11:48:00.2076210Z   [38;5;244mtest_command: [0m
2022-12-27T11:48:00.2076560Z   [38;5;244mtest_extras: [0m
2022-12-27T11:48:00.2076970Z   [38;5;244mtest_requires: [0m
2022-12-27T11:48:00.2077280Z 
2022-12-27T11:48:00.2077480Z Cache folder: /Users/runner/Library/Caches/cibuildwheel
2022-12-27T11:48:00.2085070Z 
2022-12-27T11:48:00.2085620Z Here we go!
2022-12-27T11:48:00.2085950Z 
2022-12-27T11:48:00.2187450Z 
2022-12-27T11:48:00.2189240Z [1m[34mBuilding cp39-macosx_arm64 wheel[0m
2022-12-27T11:48:00.2190960Z CPython 3.9 macOS arm64 - Apple Silicon
2022-12-27T11:48:00.2191550Z 
2022-12-27T11:48:00.2194180Z ##[group]Installing Python cp39...
2022-12-27T11:48:00.2194620Z 
2022-12-27T11:48:00.2196360Z + pkgutil --pkgs
2022-12-27T11:48:00.2393790Z ##[endgroup]
2022-12-27T11:48:00.2395640Z                                                               [32mâœ“ [0m0.02s
2022-12-27T11:48:00.2396330Z ##[group]Setting up build environment...
2022-12-27T11:48:00.2396660Z 
2022-12-27T11:48:00.2429690Z + /Users/runner/hostedtoolcache/Python/3.9.16/x64/bin/python -sS /Users/runner/Library/Caches/cibuildwheel/virtualenv-20.17.0.pyz --activators= --no-periodic-update --pip=22.3.1 --setuptools=65.6.3 --wheel=0.38.4 --symlink-app-data --python /Library/Frameworks/Python.framework/Versions/3.9/bin/python3 /private/var/folders/51/hd414ycd67n82196sw51xqtc0000gn/T/cibw-run-_3w0u6v0/cp39-macosx_arm64/build/venv
2022-12-27T11:48:00.5321230Z created virtual environment CPython3.9.13.final.0-64 in 77ms
2022-12-27T11:48:00.5322050Z   creator CPython3Posix(dest=/private/var/folders/51/hd414ycd67n82196sw51xqtc0000gn/T/cibw-run-_3w0u6v0/cp39-macosx_arm64/build/venv, clear=False, no_vcs_ignore=False, global=False)
2022-12-27T11:48:00.5323440Z   seeder FromAppData(download=False, pip=22.3.1, setuptools=65.6.3, wheel=0.38.4, via=symlink, app_data_dir=/Users/runner/Library/Application Support/virtualenv)
2022-12-27T11:48:00.5324050Z     added seed packages: pip==22.3.1, setuptools==65.6.3, wheel==0.38.4
2022-12-27T11:48:00.5511120Z + python -m pip install --upgrade pip -c /Users/runner/hostedtoolcache/Python/3.9.16/x64/lib/python3.9/site-packages/cibuildwheel/resources/constraints-python39.txt
2022-12-27T11:48:01.0508710Z Requirement already satisfied: pip in ./lib/python3.9/site-packages (22.3.1)
2022-12-27T11:48:01.3637280Z + which pip
2022-12-27T11:48:01.3676370Z /private/var/folders/51/hd414ycd67n82196sw51xqtc0000gn/T/cibw-run-_3w0u6v0/cp39-macosx_arm64/build/venv/bin/pip
2022-12-27T11:48:01.3684340Z + pip --version
2022-12-27T11:48:01.7449590Z pip 22.3.1 from /private/var/folders/51/hd414ycd67n82196sw51xqtc0000gn/T/cibw-run-_3w0u6v0/cp39-macosx_arm64/build/venv/lib/python3.9/site-packages/pip (python 3.9)
2022-12-27T11:48:01.7901670Z + which pip
2022-12-27T11:48:01.7952330Z + which python
2022-12-27T11:48:01.7990810Z /private/var/folders/51/hd414ycd67n82196sw51xqtc0000gn/T/cibw-run-_3w0u6v0/cp39-macosx_arm64/build/venv/bin/python
2022-12-27T11:48:01.8002150Z + python --version
2022-12-27T11:48:01.8105900Z Python 3.9.13
2022-12-27T11:48:01.8114330Z + which python
2022-12-27T11:48:01.8215200Z ##[endgroup]
2022-12-27T11:48:01.8215930Z                                                               [32mâœ“ [0m1.58s
2022-12-27T11:48:01.8216860Z ##[group]Installing build tools...
2022-12-27T11:48:01.8217090Z 
2022-12-27T11:48:01.8217580Z + pip install --upgrade setuptools wheel delocate -c /Users/runner/hostedtoolcache/Python/3.9.16/x64/lib/python3.9/site-packages/cibuildwheel/resources/constraints-python39.txt
2022-12-27T11:48:02.3049020Z Requirement already satisfied: setuptools in /private/var/folders/51/hd414ycd67n82196sw51xqtc0000gn/T/cibw-run-_3w0u6v0/cp39-macosx_arm64/build/venv/lib/python3.9/site-packages (65.6.3)
2022-12-27T11:48:02.7285170Z Requirement already satisfied: wheel in /private/var/folders/51/hd414ycd67n82196sw51xqtc0000gn/T/cibw-run-_3w0u6v0/cp39-macosx_arm64/build/venv/lib/python3.9/site-packages (0.38.4)
2022-12-27T11:48:02.8319870Z Collecting delocate
2022-12-27T11:48:02.8375840Z   Using cached delocate-0.10.3-py3-none-any.whl (142 kB)
2022-12-27T11:48:02.8816760Z Collecting typing-extensions
2022-12-27T11:48:02.8881760Z   Using cached typing_extensions-4.4.0-py3-none-any.whl (26 kB)
2022-12-27T11:48:02.9421720Z Collecting packaging>=20.9
2022-12-27T11:48:02.9474350Z   Using cached packaging-21.3-py3-none-any.whl (40 kB)
2022-12-27T11:48:03.0132760Z Collecting pyparsing!=3.0.5,>=2.0.2
2022-12-27T11:48:03.0184790Z   Using cached pyparsing-3.0.9-py3-none-any.whl (98 kB)
2022-12-27T11:48:03.0835820Z Installing collected packages: typing-extensions, pyparsing, packaging, delocate
2022-12-27T11:48:03.3214630Z Successfully installed delocate-0.10.3 packaging-21.3 pyparsing-3.0.9 typing-extensions-4.4.0
2022-12-27T11:48:03.4771200Z ##[endgroup]
2022-12-27T11:48:03.4772540Z                                                               [32mâœ“ [0m1.66s
2022-12-27T11:48:03.4773650Z ##[group]Running before_build...
2022-12-27T11:48:03.4774280Z 
2022-12-27T11:48:03.4784780Z + pip install Cython; if [[ -f requirements.txt ]]; then pip install -r requirements.txt; fi
2022-12-27T11:48:04.7281640Z Collecting Cython
2022-12-27T11:48:04.7368970Z   Using cached Cython-0.29.32-py2.py3-none-any.whl (986 kB)
2022-12-27T11:48:04.8203510Z Installing collected packages: Cython
2022-12-27T11:48:05.6837190Z Successfully installed Cython-0.29.32
2022-12-27T11:48:06.2628070Z Requirement already satisfied: Cython>=0.29.7 in /private/var/folders/51/hd414ycd67n82196sw51xqtc0000gn/T/cibw-run-_3w0u6v0/cp39-macosx_arm64/build/venv/lib/python3.9/site-packages (from -r requirements.txt (line 1)) (0.29.32)
2022-12-27T11:48:06.4036390Z ##[endgroup]
2022-12-27T11:48:06.4037810Z                                                               [32mâœ“ [0m2.93s
2022-12-27T11:48:06.4039160Z ##[group]Building wheel...
2022-12-27T11:48:06.4039830Z 
2022-12-27T11:48:06.4045830Z + python -m pip wheel /Users/runner/actions-runner/_work/python.build/python.build/build_lxml44339/lxml-4.4.3 --wheel-dir=/private/var/folders/51/hd414ycd67n82196sw51xqtc0000gn/T/cibw-run-_3w0u6v0/cp39-macosx_arm64/built_wheel --no-deps -vvv
2022-12-27T11:48:06.8487890Z Created temporary directory: /private/var/folders/51/hd414ycd67n82196sw51xqtc0000gn/T/pip-ephem-wheel-cache-k1l1bjxa
2022-12-27T11:48:06.8493510Z Created temporary directory: /private/var/folders/51/hd414ycd67n82196sw51xqtc0000gn/T/pip-build-tracker-1014c1ce
2022-12-27T11:48:06.8495560Z Initialized build tracking at /private/var/folders/51/hd414ycd67n82196sw51xqtc0000gn/T/pip-build-tracker-1014c1ce
2022-12-27T11:48:06.8498550Z Created build tracker: /private/var/folders/51/hd414ycd67n82196sw51xqtc0000gn/T/pip-build-tracker-1014c1ce
2022-12-27T11:48:06.8501580Z Entered build tracker: /private/var/folders/51/hd414ycd67n82196sw51xqtc0000gn/T/pip-build-tracker-1014c1ce
2022-12-27T11:48:06.8509340Z Created temporary directory: /private/var/folders/51/hd414ycd67n82196sw51xqtc0000gn/T/pip-wheel-jfirx2t7
2022-12-27T11:48:06.8518710Z Created temporary directory: /private/var/folders/51/hd414ycd67n82196sw51xqtc0000gn/T/pip-ephem-wheel-cache-0qysgn4w
2022-12-27T11:48:06.8818520Z Processing /Users/runner/actions-runner/_work/python.build/python.build/build_lxml44339/lxml-4.4.3
2022-12-27T11:48:06.8826620Z   Added file:///Users/runner/actions-runner/_work/python.build/python.build/build_lxml44339/lxml-4.4.3 to build tracker '/private/var/folders/51/hd414ycd67n82196sw51xqtc0000gn/T/pip-build-tracker-1014c1ce'
2022-12-27T11:48:06.8833260Z   Running setup.py (path:/Users/runner/actions-runner/_work/python.build/python.build/build_lxml44339/lxml-4.4.3/setup.py) egg_info for package from file:///Users/runner/actions-runner/_work/python.build/python.build/build_lxml44339/lxml-4.4.3
2022-12-27T11:48:06.8838210Z   Created temporary directory: /private/var/folders/51/hd414ycd67n82196sw51xqtc0000gn/T/pip-pip-egg-info-de4lep9q
2022-12-27T11:48:06.8839680Z   Preparing metadata (setup.py): started
2022-12-27T11:48:06.8843420Z   Running command python setup.py egg_info
2022-12-27T11:48:07.4269660Z   Building lxml version 4.4.3.
2022-12-27T11:48:07.4273410Z   Building without Cython.
2022-12-27T11:48:07.4278830Z   Using build configuration of libxslt 1.1.29
2022-12-27T11:48:07.4284240Z   Building against libxml2/libxslt in the following directory: /Library/Developer/CommandLineTools/SDKs/MacOSX12.1.sdk/usr/lib
2022-12-27T11:48:07.4289320Z   running egg_info
2022-12-27T11:48:07.4296490Z   creating /private/var/folders/51/hd414ycd67n82196sw51xqtc0000gn/T/pip-pip-egg-info-de4lep9q/lxml.egg-info
2022-12-27T11:48:07.4301800Z   writing /private/var/folders/51/hd414ycd67n82196sw51xqtc0000gn/T/pip-pip-egg-info-de4lep9q/lxml.egg-info/PKG-INFO
2022-12-27T11:48:07.4307330Z   writing dependency_links to /private/var/folders/51/hd414ycd67n82196sw51xqtc0000gn/T/pip-pip-egg-info-de4lep9q/lxml.egg-info/dependency_links.txt
2022-12-27T11:48:07.4313520Z   writing requirements to /private/var/folders/51/hd414ycd67n82196sw51xqtc0000gn/T/pip-pip-egg-info-de4lep9q/lxml.egg-info/requires.txt
2022-12-27T11:48:07.4317720Z   writing top-level names to /private/var/folders/51/hd414ycd67n82196sw51xqtc0000gn/T/pip-pip-egg-info-de4lep9q/lxml.egg-info/top_level.txt
2022-12-27T11:48:07.4322810Z   writing manifest file '/private/var/folders/51/hd414ycd67n82196sw51xqtc0000gn/T/pip-pip-egg-info-de4lep9q/lxml.egg-info/SOURCES.txt'
2022-12-27T11:48:07.4480730Z   reading manifest file '/private/var/folders/51/hd414ycd67n82196sw51xqtc0000gn/T/pip-pip-egg-info-de4lep9q/lxml.egg-info/SOURCES.txt'
2022-12-27T11:48:07.4482220Z   reading manifest template 'MANIFEST.in'
2022-12-27T11:48:07.7048770Z   adding license file 'LICENSES.txt'
2022-12-27T11:48:07.7248920Z   writing manifest file '/private/var/folders/51/hd414ycd67n82196sw51xqtc0000gn/T/pip-pip-egg-info-de4lep9q/lxml.egg-info/SOURCES.txt'
2022-12-27T11:48:07.7815910Z   Preparing metadata (setup.py): finished with status 'done'
2022-12-27T11:48:07.7858710Z   Source in /Users/runner/actions-runner/_work/python.build/python.build/build_lxml44339/lxml-4.4.3 has version 4.4.3, which satisfies requirement lxml==4.4.3 from file:///Users/runner/actions-runner/_work/python.build/python.build/build_lxml44339/lxml-4.4.3
2022-12-27T11:48:07.7864250Z   Removed lxml==4.4.3 from file:///Users/runner/actions-runner/_work/python.build/python.build/build_lxml44339/lxml-4.4.3 from build tracker '/private/var/folders/51/hd414ycd67n82196sw51xqtc0000gn/T/pip-build-tracker-1014c1ce'
2022-12-27T11:48:07.7905080Z Created temporary directory: /private/var/folders/51/hd414ycd67n82196sw51xqtc0000gn/T/pip-unpack-daqw6yg3
2022-12-27T11:48:07.7907730Z Building wheels for collected packages: lxml
2022-12-27T11:48:07.7920530Z   Created temporary directory: /private/var/folders/51/hd414ycd67n82196sw51xqtc0000gn/T/pip-wheel-00fwz7ot
2022-12-27T11:48:07.7923310Z   Building wheel for lxml (setup.py): started
2022-12-27T11:48:07.7926840Z   Destination directory: /private/var/folders/51/hd414ycd67n82196sw51xqtc0000gn/T/pip-wheel-00fwz7ot
2022-12-27T11:48:07.7928880Z   Running command python setup.py bdist_wheel
2022-12-27T11:48:08.0597420Z   Building lxml version 4.4.3.
2022-12-27T11:48:08.0598060Z   Building without Cython.
2022-12-27T11:48:08.0917300Z   Using build configuration of libxslt 1.1.29
2022-12-27T11:48:08.2927250Z   Building against libxml2/libxslt in the following directory: /Library/Developer/CommandLineTools/SDKs/MacOSX12.1.sdk/usr/lib
2022-12-27T11:48:08.3379480Z   running bdist_wheel
2022-12-27T11:48:08.3466660Z   running build
2022-12-27T11:48:08.3469590Z   running build_py
2022-12-27T11:48:08.3510190Z   creating build
2022-12-27T11:48:08.3511900Z   creating build/lib.macosx-11.0-arm64-cpython-39
2022-12-27T11:48:08.3515070Z   creating build/lib.macosx-11.0-arm64-cpython-39/lxml
2022-12-27T11:48:08.3517680Z   copying src/lxml/_elementpath.py -> build/lib.macosx-11.0-arm64-cpython-39/lxml
2022-12-27T11:48:08.3523430Z   copying src/lxml/sax.py -> build/lib.macosx-11.0-arm64-cpython-39/lxml
2022-12-27T11:48:08.3526870Z   copying src/lxml/pyclasslookup.py -> build/lib.macosx-11.0-arm64-cpython-39/lxml
2022-12-27T11:48:08.3530800Z   copying src/lxml/__init__.py -> build/lib.macosx-11.0-arm64-cpython-39/lxml
2022-12-27T11:48:08.3535130Z   copying src/lxml/builder.py -> build/lib.macosx-11.0-arm64-cpython-39/lxml
2022-12-27T11:48:08.3540020Z   copying src/lxml/doctestcompare.py -> build/lib.macosx-11.0-arm64-cpython-39/lxml
2022-12-27T11:48:08.3550920Z   copying src/lxml/usedoctest.py -> build/lib.macosx-11.0-arm64-cpython-39/lxml
2022-12-27T11:48:08.3552190Z   copying src/lxml/cssselect.py -> build/lib.macosx-11.0-arm64-cpython-39/lxml
2022-12-27T11:48:08.3554740Z   copying src/lxml/ElementInclude.py -> build/lib.macosx-11.0-arm64-cpython-39/lxml
2022-12-27T11:48:08.3561830Z   creating build/lib.macosx-11.0-arm64-cpython-39/lxml/includes
2022-12-27T11:48:08.3564260Z   copying src/lxml/includes/__init__.py -> build/lib.macosx-11.0-arm64-cpython-39/lxml/includes
2022-12-27T11:48:08.3579060Z   creating build/lib.macosx-11.0-arm64-cpython-39/lxml/html
2022-12-27T11:48:08.3580240Z   copying src/lxml/html/soupparser.py -> build/lib.macosx-11.0-arm64-cpython-39/lxml/html
2022-12-27T11:48:08.3585480Z   copying src/lxml/html/defs.py -> build/lib.macosx-11.0-arm64-cpython-39/lxml/html
2022-12-27T11:48:08.3593720Z   copying src/lxml/html/_setmixin.py -> build/lib.macosx-11.0-arm64-cpython-39/lxml/html
2022-12-27T11:48:08.3597720Z   copying src/lxml/html/clean.py -> build/lib.macosx-11.0-arm64-cpython-39/lxml/html
2022-12-27T11:48:08.3719690Z   copying src/lxml/html/_diffcommand.py -> build/lib.macosx-11.0-arm64-cpython-39/lxml/html
2022-12-27T11:48:08.3721560Z   copying src/lxml/html/html5parser.py -> build/lib.macosx-11.0-arm64-cpython-39/lxml/html
2022-12-27T11:48:08.3723030Z   copying src/lxml/html/__init__.py -> build/lib.macosx-11.0-arm64-cpython-39/lxml/html
2022-12-27T11:48:08.3724510Z   copying src/lxml/html/formfill.py -> build/lib.macosx-11.0-arm64-cpython-39/lxml/html
2022-12-27T11:48:08.3725890Z   copying src/lxml/html/builder.py -> build/lib.macosx-11.0-arm64-cpython-39/lxml/html
2022-12-27T11:48:08.3726610Z   copying src/lxml/html/ElementSoup.py -> build/lib.macosx-11.0-arm64-cpython-39/lxml/html
2022-12-27T11:48:08.3727660Z   copying src/lxml/html/_html5builder.py -> build/lib.macosx-11.0-arm64-cpython-39/lxml/html
2022-12-27T11:48:08.3728270Z   copying src/lxml/html/usedoctest.py -> build/lib.macosx-11.0-arm64-cpython-39/lxml/html
2022-12-27T11:48:08.3728820Z   copying src/lxml/html/diff.py -> build/lib.macosx-11.0-arm64-cpython-39/lxml/html
2022-12-27T11:48:08.3729460Z   creating build/lib.macosx-11.0-arm64-cpython-39/lxml/isoschematron
2022-12-27T11:48:08.3730110Z   copying src/lxml/isoschematron/__init__.py -> build/lib.macosx-11.0-arm64-cpython-39/lxml/isoschematron
2022-12-27T11:48:08.3730700Z   copying src/lxml/etree.h -> build/lib.macosx-11.0-arm64-cpython-39/lxml
2022-12-27T11:48:08.3731410Z   copying src/lxml/etree_api.h -> build/lib.macosx-11.0-arm64-cpython-39/lxml
2022-12-27T11:48:08.3731960Z   copying src/lxml/lxml.etree.h -> build/lib.macosx-11.0-arm64-cpython-39/lxml
2022-12-27T11:48:08.3735410Z   copying src/lxml/lxml.etree_api.h -> build/lib.macosx-11.0-arm64-cpython-39/lxml
2022-12-27T11:48:08.3738490Z   copying src/lxml/includes/xmlerror.pxd -> build/lib.macosx-11.0-arm64-cpython-39/lxml/includes
2022-12-27T11:48:08.3740660Z   copying src/lxml/includes/c14n.pxd -> build/lib.macosx-11.0-arm64-cpython-39/lxml/includes
2022-12-27T11:48:08.3748910Z   copying src/lxml/includes/xmlschema.pxd -> build/lib.macosx-11.0-arm64-cpython-39/lxml/includes
2022-12-27T11:48:08.3754600Z   copying src/lxml/includes/__init__.pxd -> build/lib.macosx-11.0-arm64-cpython-39/lxml/includes
2022-12-27T11:48:08.3758090Z   copying src/lxml/includes/schematron.pxd -> build/lib.macosx-11.0-arm64-cpython-39/lxml/includes
2022-12-27T11:48:08.3760990Z   copying src/lxml/includes/tree.pxd -> build/lib.macosx-11.0-arm64-cpython-39/lxml/includes
2022-12-27T11:48:08.3763850Z   copying src/lxml/includes/uri.pxd -> build/lib.macosx-11.0-arm64-cpython-39/lxml/includes
2022-12-27T11:48:08.3768960Z   copying src/lxml/includes/etreepublic.pxd -> build/lib.macosx-11.0-arm64-cpython-39/lxml/includes
2022-12-27T11:48:08.3776230Z   copying src/lxml/includes/xpath.pxd -> build/lib.macosx-11.0-arm64-cpython-39/lxml/includes
2022-12-27T11:48:08.3778790Z   copying src/lxml/includes/htmlparser.pxd -> build/lib.macosx-11.0-arm64-cpython-39/lxml/includes
2022-12-27T11:48:08.3784600Z   copying src/lxml/includes/xslt.pxd -> build/lib.macosx-11.0-arm64-cpython-39/lxml/includes
2022-12-27T11:48:08.3789090Z   copying src/lxml/includes/config.pxd -> build/lib.macosx-11.0-arm64-cpython-39/lxml/includes
2022-12-27T11:48:08.3796540Z   copying src/lxml/includes/xmlparser.pxd -> build/lib.macosx-11.0-arm64-cpython-39/lxml/includes
2022-12-27T11:48:08.3799030Z   copying src/lxml/includes/xinclude.pxd -> build/lib.macosx-11.0-arm64-cpython-39/lxml/includes
2022-12-27T11:48:08.3804790Z   copying src/lxml/includes/dtdvalid.pxd -> build/lib.macosx-11.0-arm64-cpython-39/lxml/includes
2022-12-27T11:48:08.3813140Z   copying src/lxml/includes/relaxng.pxd -> build/lib.macosx-11.0-arm64-cpython-39/lxml/includes
2022-12-27T11:48:08.3815630Z   copying src/lxml/includes/lxml-version.h -> build/lib.macosx-11.0-arm64-cpython-39/lxml/includes
2022-12-27T11:48:08.3818680Z   copying src/lxml/includes/etree_defs.h -> build/lib.macosx-11.0-arm64-cpython-39/lxml/includes
2022-12-27T11:48:08.3825030Z   creating build/lib.macosx-11.0-arm64-cpython-39/lxml/isoschematron/resources
2022-12-27T11:48:08.3829430Z   creating build/lib.macosx-11.0-arm64-cpython-39/lxml/isoschematron/resources/rng
2022-12-27T11:48:08.3831610Z   copying src/lxml/isoschematron/resources/rng/iso-schematron.rng -> build/lib.macosx-11.0-arm64-cpython-39/lxml/isoschematron/resources/rng
2022-12-27T11:48:08.3834050Z   creating build/lib.macosx-11.0-arm64-cpython-39/lxml/isoschematron/resources/xsl
2022-12-27T11:48:08.3837170Z   copying src/lxml/isoschematron/resources/xsl/XSD2Schtrn.xsl -> build/lib.macosx-11.0-arm64-cpython-39/lxml/isoschematron/resources/xsl
2022-12-27T11:48:08.3841780Z   copying src/lxml/isoschematron/resources/xsl/RNG2Schtrn.xsl -> build/lib.macosx-11.0-arm64-cpython-39/lxml/isoschematron/resources/xsl
2022-12-27T11:48:08.3846850Z   creating build/lib.macosx-11.0-arm64-cpython-39/lxml/isoschematron/resources/xsl/iso-schematron-xslt1
2022-12-27T11:48:08.3849980Z   copying src/lxml/isoschematron/resources/xsl/iso-schematron-xslt1/iso_abstract_expand.xsl -> build/lib.macosx-11.0-arm64-cpython-39/lxml/isoschematron/resources/xsl/iso-schematron-xslt1
2022-12-27T11:48:08.3855000Z   copying src/lxml/isoschematron/resources/xsl/iso-schematron-xslt1/iso_dsdl_include.xsl -> build/lib.macosx-11.0-arm64-cpython-39/lxml/isoschematron/resources/xsl/iso-schematron-xslt1
2022-12-27T11:48:08.3861120Z   copying src/lxml/isoschematron/resources/xsl/iso-schematron-xslt1/iso_schematron_skeleton_for_xslt1.xsl -> build/lib.macosx-11.0-arm64-cpython-39/lxml/isoschematron/resources/xsl/iso-schematron-xslt1
2022-12-27T11:48:08.3867830Z   copying src/lxml/isoschematron/resources/xsl/iso-schematron-xslt1/iso_svrl_for_xslt1.xsl -> build/lib.macosx-11.0-arm64-cpython-39/lxml/isoschematron/resources/xsl/iso-schematron-xslt1
2022-12-27T11:48:08.3872840Z   copying src/lxml/isoschematron/resources/xsl/iso-schematron-xslt1/iso_schematron_message.xsl -> build/lib.macosx-11.0-arm64-cpython-39/lxml/isoschematron/resources/xsl/iso-schematron-xslt1
2022-12-27T11:48:08.3877250Z   copying src/lxml/isoschematron/resources/xsl/iso-schematron-xslt1/readme.txt -> build/lib.macosx-11.0-arm64-cpython-39/lxml/isoschematron/resources/xsl/iso-schematron-xslt1
2022-12-27T11:48:08.3903630Z   running build_ext
2022-12-27T11:48:08.4446410Z   building 'lxml.etree' extension
2022-12-27T11:48:08.4448800Z   creating build/temp.macosx-11.0-arm64-cpython-39
2022-12-27T11:48:08.4451720Z   creating build/temp.macosx-11.0-arm64-cpython-39/src
2022-12-27T11:48:08.4454730Z   creating build/temp.macosx-11.0-arm64-cpython-39/src/lxml
2022-12-27T11:48:08.4459210Z   gcc -Wno-unused-result -Wsign-compare -Wunreachable-code -fno-common -dynamic -DNDEBUG -g -fwrapv -O3 -Wall -g -I/usr/local/opt/openssl@3/include -I/usr/local/opt/openssl@3/include -arch arm64 -DCYTHON_CLINE_IN_TRACEBACK=0 -I/Library/Developer/CommandLineTools/SDKs/MacOSX12.1.sdk/usr/include -Isrc -Isrc/lxml/includes -I/private/var/folders/51/hd414ycd67n82196sw51xqtc0000gn/T/cibw-run-_3w0u6v0/cp39-macosx_arm64/build/venv/include -I/Library/Frameworks/Python.framework/Versions/3.9/include/python3.9 -c src/lxml/etree.c -o build/temp.macosx-11.0-arm64-cpython-39/src/lxml/etree.o -w -flat_namespace
2022-12-27T11:48:48.2925270Z   gcc -bundle -undefined dynamic_lookup -g -L/usr/local/opt/openssl@3/lib -I/usr/local/opt/openssl@3/include -I/usr/local/opt/openssl@3/include -arch arm64 build/temp.macosx-11.0-arm64-cpython-39/src/lxml/etree.o -L/Library/Developer/CommandLineTools/SDKs/MacOSX12.1.sdk/usr/lib -lxslt -lexslt -lxml2 -lz -lm -o build/lib.macosx-11.0-arm64-cpython-39/lxml/etree.cpython-39-darwin.so -isysroot /Library/Developer/CommandLineTools/SDKs/MacOSX12.1.sdk
2022-12-27T11:48:48.4587790Z   building 'lxml.objectify' extension
2022-12-27T11:48:48.4593800Z   gcc -Wno-unused-result -Wsign-compare -Wunreachable-code -fno-common -dynamic -DNDEBUG -g -fwrapv -O3 -Wall -g -I/usr/local/opt/openssl@3/include -I/usr/local/opt/openssl@3/include -arch arm64 -DCYTHON_CLINE_IN_TRACEBACK=0 -I/Library/Developer/CommandLineTools/SDKs/MacOSX12.1.sdk/usr/include -Isrc -Isrc/lxml/includes -I/private/var/folders/51/hd414ycd67n82196sw51xqtc0000gn/T/cibw-run-_3w0u6v0/cp39-macosx_arm64/build/venv/include -I/Library/Frameworks/Python.framework/Versions/3.9/include/python3.9 -c src/lxml/objectify.c -o build/temp.macosx-11.0-arm64-cpython-39/src/lxml/objectify.o -w -flat_namespace
2022-12-27T11:48:55.6802400Z   gcc -bundle -undefined dynamic_lookup -g -L/usr/local/opt/openssl@3/lib -I/usr/local/opt/openssl@3/include -I/usr/local/opt/openssl@3/include -arch arm64 build/temp.macosx-11.0-arm64-cpython-39/src/lxml/objectify.o -L/Library/Developer/CommandLineTools/SDKs/MacOSX12.1.sdk/usr/lib -lxslt -lexslt -lxml2 -lz -lm -o build/lib.macosx-11.0-arm64-cpython-39/lxml/objectify.cpython-39-darwin.so -isysroot /Library/Developer/CommandLineTools/SDKs/MacOSX12.1.sdk
2022-12-27T11:48:55.7860480Z   building 'lxml.builder' extension
2022-12-27T11:48:55.7874300Z   gcc -Wno-unused-result -Wsign-compare -Wunreachable-code -fno-common -dynamic -DNDEBUG -g -fwrapv -O3 -Wall -g -I/usr/local/opt/openssl@3/include -I/usr/local/opt/openssl@3/include -arch arm64 -DCYTHON_CLINE_IN_TRACEBACK=0 -I/Library/Developer/CommandLineTools/SDKs/MacOSX12.1.sdk/usr/include -Isrc -Isrc/lxml/includes -I/private/var/folders/51/hd414ycd67n82196sw51xqtc0000gn/T/cibw-run-_3w0u6v0/cp39-macosx_arm64/build/venv/include -I/Library/Frameworks/Python.framework/Versions/3.9/include/python3.9 -c src/lxml/builder.c -o build/temp.macosx-11.0-arm64-cpython-39/src/lxml/builder.o -w -flat_namespace
2022-12-27T11:48:57.2703430Z   gcc -bundle -undefined dynamic_lookup -g -L/usr/local/opt/openssl@3/lib -I/usr/local/opt/openssl@3/include -I/usr/local/opt/openssl@3/include -arch arm64 build/temp.macosx-11.0-arm64-cpython-39/src/lxml/builder.o -o build/lib.macosx-11.0-arm64-cpython-39/lxml/builder.cpython-39-darwin.so
2022-12-27T11:48:57.3617500Z   building 'lxml._elementpath' extension
2022-12-27T11:48:57.3626100Z   gcc -Wno-unused-result -Wsign-compare -Wunreachable-code -fno-common -dynamic -DNDEBUG -g -fwrapv -O3 -Wall -g -I/usr/local/opt/openssl@3/include -I/usr/local/opt/openssl@3/include -arch arm64 -DCYTHON_CLINE_IN_TRACEBACK=0 -I/Library/Developer/CommandLineTools/SDKs/MacOSX12.1.sdk/usr/include -Isrc -Isrc/lxml/includes -I/private/var/folders/51/hd414ycd67n82196sw51xqtc0000gn/T/cibw-run-_3w0u6v0/cp39-macosx_arm64/build/venv/include -I/Library/Frameworks/Python.framework/Versions/3.9/include/python3.9 -c src/lxml/_elementpath.c -o build/temp.macosx-11.0-arm64-cpython-39/src/lxml/_elementpath.o -w -flat_namespace
2022-12-27T11:49:00.4460810Z   gcc -bundle -undefined dynamic_lookup -g -L/usr/local/opt/openssl@3/lib -I/usr/local/opt/openssl@3/include -I/usr/local/opt/openssl@3/include -arch arm64 build/temp.macosx-11.0-arm64-cpython-39/src/lxml/_elementpath.o -o build/lib.macosx-11.0-arm64-cpython-39/lxml/_elementpath.cpython-39-darwin.so
2022-12-27T11:49:00.5370600Z   building 'lxml.html.diff' extension
2022-12-27T11:49:00.5376030Z   creating build/temp.macosx-11.0-arm64-cpython-39/src/lxml/html
2022-12-27T11:49:00.5385070Z   gcc -Wno-unused-result -Wsign-compare -Wunreachable-code -fno-common -dynamic -DNDEBUG -g -fwrapv -O3 -Wall -g -I/usr/local/opt/openssl@3/include -I/usr/local/opt/openssl@3/include -arch arm64 -DCYTHON_CLINE_IN_TRACEBACK=0 -I/Library/Developer/CommandLineTools/SDKs/MacOSX12.1.sdk/usr/include -Isrc -Isrc/lxml/includes -I/private/var/folders/51/hd414ycd67n82196sw51xqtc0000gn/T/cibw-run-_3w0u6v0/cp39-macosx_arm64/build/venv/include -I/Library/Frameworks/Python.framework/Versions/3.9/include/python3.9 -c src/lxml/html/diff.c -o build/temp.macosx-11.0-arm64-cpython-39/src/lxml/html/diff.o -w -flat_namespace
2022-12-27T11:49:07.6398750Z   gcc -bundle -undefined dynamic_lookup -g -L/usr/local/opt/openssl@3/lib -I/usr/local/opt/openssl@3/include -I/usr/local/opt/openssl@3/include -arch arm64 build/temp.macosx-11.0-arm64-cpython-39/src/lxml/html/diff.o -o build/lib.macosx-11.0-arm64-cpython-39/lxml/html/diff.cpython-39-darwin.so
2022-12-27T11:49:07.7330520Z   building 'lxml.html.clean' extension
2022-12-27T11:49:07.7338390Z   gcc -Wno-unused-result -Wsign-compare -Wunreachable-code -fno-common -dynamic -DNDEBUG -g -fwrapv -O3 -Wall -g -I/usr/local/opt/openssl@3/include -I/usr/local/opt/openssl@3/include -arch arm64 -DCYTHON_CLINE_IN_TRACEBACK=0 -I/Library/Developer/CommandLineTools/SDKs/MacOSX12.1.sdk/usr/include -Isrc -Isrc/lxml/includes -I/private/var/folders/51/hd414ycd67n82196sw51xqtc0000gn/T/cibw-run-_3w0u6v0/cp39-macosx_arm64/build/venv/include -I/Library/Frameworks/Python.framework/Versions/3.9/include/python3.9 -c src/lxml/html/clean.c -o build/temp.macosx-11.0-arm64-cpython-39/src/lxml/html/clean.o -w -flat_namespace
2022-12-27T11:49:13.1646110Z   gcc -bundle -undefined dynamic_lookup -g -L/usr/local/opt/openssl@3/lib -I/usr/local/opt/openssl@3/include -I/usr/local/opt/openssl@3/include -arch arm64 build/temp.macosx-11.0-arm64-cpython-39/src/lxml/html/clean.o -o build/lib.macosx-11.0-arm64-cpython-39/lxml/html/clean.cpython-39-darwin.so
2022-12-27T11:49:13.2575660Z   building 'lxml.sax' extension
2022-12-27T11:49:13.2581880Z   gcc -Wno-unused-result -Wsign-compare -Wunreachable-code -fno-common -dynamic -DNDEBUG -g -fwrapv -O3 -Wall -g -I/usr/local/opt/openssl@3/include -I/usr/local/opt/openssl@3/include -arch arm64 -DCYTHON_CLINE_IN_TRACEBACK=0 -I/Library/Developer/CommandLineTools/SDKs/MacOSX12.1.sdk/usr/include -Isrc -Isrc/lxml/includes -I/private/var/folders/51/hd414ycd67n82196sw51xqtc0000gn/T/cibw-run-_3w0u6v0/cp39-macosx_arm64/build/venv/include -I/Library/Frameworks/Python.framework/Versions/3.9/include/python3.9 -c src/lxml/sax.c -o build/temp.macosx-11.0-arm64-cpython-39/src/lxml/sax.o -w -flat_namespace
2022-12-27T11:49:16.0918330Z   gcc -bundle -undefined dynamic_lookup -g -L/usr/local/opt/openssl@3/lib -I/usr/local/opt/openssl@3/include -I/usr/local/opt/openssl@3/include -arch arm64 build/temp.macosx-11.0-arm64-cpython-39/src/lxml/sax.o -o build/lib.macosx-11.0-arm64-cpython-39/lxml/sax.cpython-39-darwin.so
2022-12-27T11:49:16.1990660Z   /private/var/folders/51/hd414ycd67n82196sw51xqtc0000gn/T/cibw-run-_3w0u6v0/cp39-macosx_arm64/build/venv/lib/python3.9/site-packages/setuptools/command/install.py:34: SetuptoolsDeprecationWarning: setup.py install is deprecated. Use build and pip and other standards-based tools.
2022-12-27T11:49:16.1993310Z     warnings.warn(
2022-12-27T11:49:16.2018410Z   installing to build/bdist.macosx-11.0-arm64/wheel
2022-12-27T11:49:16.2025300Z   running install
2022-12-27T11:49:16.2121430Z   running install_lib
2022-12-27T11:49:16.2157270Z   creating build/bdist.macosx-11.0-arm64
2022-12-27T11:49:16.2161370Z   creating build/bdist.macosx-11.0-arm64/wheel
2022-12-27T11:49:16.2165900Z   creating build/bdist.macosx-11.0-arm64/wheel/lxml
2022-12-27T11:49:16.2168220Z   copying build/lib.macosx-11.0-arm64-cpython-39/lxml/_elementpath.py -> build/bdist.macosx-11.0-arm64/wheel/lxml
2022-12-27T11:49:16.2171340Z   copying build/lib.macosx-11.0-arm64-cpython-39/lxml/etree.cpython-39-darwin.so -> build/bdist.macosx-11.0-arm64/wheel/lxml
2022-12-27T11:49:16.2224530Z   creating build/bdist.macosx-11.0-arm64/wheel/lxml/isoschematron
2022-12-27T11:49:16.2227080Z   creating build/bdist.macosx-11.0-arm64/wheel/lxml/isoschematron/resources
2022-12-27T11:49:16.2228780Z   creating build/bdist.macosx-11.0-arm64/wheel/lxml/isoschematron/resources/xsl
2022-12-27T11:49:16.2232110Z   copying build/lib.macosx-11.0-arm64-cpython-39/lxml/isoschematron/resources/xsl/XSD2Schtrn.xsl -> build/bdist.macosx-11.0-arm64/wheel/lxml/isoschematron/resources/xsl
2022-12-27T11:49:16.2241360Z   creating build/bdist.macosx-11.0-arm64/wheel/lxml/isoschematron/resources/xsl/iso-schematron-xslt1
2022-12-27T11:49:16.2243580Z   copying build/lib.macosx-11.0-arm64-cpython-39/lxml/isoschematron/resources/xsl/iso-schematron-xslt1/iso_abstract_expand.xsl -> build/bdist.macosx-11.0-arm64/wheel/lxml/isoschematron/resources/xsl/iso-schematron-xslt1
2022-12-27T11:49:16.2246190Z   copying build/lib.macosx-11.0-arm64-cpython-39/lxml/isoschematron/resources/xsl/iso-schematron-xslt1/iso_dsdl_include.xsl -> build/bdist.macosx-11.0-arm64/wheel/lxml/isoschematron/resources/xsl/iso-schematron-xslt1
2022-12-27T11:49:16.2249360Z   copying build/lib.macosx-11.0-arm64-cpython-39/lxml/isoschematron/resources/xsl/iso-schematron-xslt1/iso_schematron_skeleton_for_xslt1.xsl -> build/bdist.macosx-11.0-arm64/wheel/lxml/isoschematron/resources/xsl/iso-schematron-xslt1
2022-12-27T11:49:16.2258570Z   copying build/lib.macosx-11.0-arm64-cpython-39/lxml/isoschematron/resources/xsl/iso-schematron-xslt1/iso_svrl_for_xslt1.xsl -> build/bdist.macosx-11.0-arm64/wheel/lxml/isoschematron/resources/xsl/iso-schematron-xslt1
2022-12-27T11:49:16.2262890Z   copying build/lib.macosx-11.0-arm64-cpython-39/lxml/isoschematron/resources/xsl/iso-schematron-xslt1/iso_schematron_message.xsl -> build/bdist.macosx-11.0-arm64/wheel/lxml/isoschematron/resources/xsl/iso-schematron-xslt1
2022-12-27T11:49:16.2264470Z   copying build/lib.macosx-11.0-arm64-cpython-39/lxml/isoschematron/resources/xsl/iso-schematron-xslt1/readme.txt -> build/bdist.macosx-11.0-arm64/wheel/lxml/isoschematron/resources/xsl/iso-schematron-xslt1
2022-12-27T11:49:16.2270920Z   copying build/lib.macosx-11.0-arm64-cpython-39/lxml/isoschematron/resources/xsl/RNG2Schtrn.xsl -> build/bdist.macosx-11.0-arm64/wheel/lxml/isoschematron/resources/xsl
2022-12-27T11:49:16.2276880Z   creating build/bdist.macosx-11.0-arm64/wheel/lxml/isoschematron/resources/rng
2022-12-27T11:49:16.2280250Z   copying build/lib.macosx-11.0-arm64-cpython-39/lxml/isoschematron/resources/rng/iso-schematron.rng -> build/bdist.macosx-11.0-arm64/wheel/lxml/isoschematron/resources/rng
2022-12-27T11:49:16.2284400Z   copying build/lib.macosx-11.0-arm64-cpython-39/lxml/isoschematron/__init__.py -> build/bdist.macosx-11.0-arm64/wheel/lxml/isoschematron
2022-12-27T11:49:16.2289370Z   copying build/lib.macosx-11.0-arm64-cpython-39/lxml/objectify.cpython-39-darwin.so -> build/bdist.macosx-11.0-arm64/wheel/lxml
2022-12-27T11:49:16.2304960Z   copying build/lib.macosx-11.0-arm64-cpython-39/lxml/sax.cpython-39-darwin.so -> build/bdist.macosx-11.0-arm64/wheel/lxml
2022-12-27T11:49:16.2319670Z   creating build/bdist.macosx-11.0-arm64/wheel/lxml/includes
2022-12-27T11:49:16.2322630Z   copying build/lib.macosx-11.0-arm64-cpython-39/lxml/includes/xmlerror.pxd -> build/bdist.macosx-11.0-arm64/wheel/lxml/includes
2022-12-27T11:49:16.2328410Z   copying build/lib.macosx-11.0-arm64-cpython-39/lxml/includes/c14n.pxd -> build/bdist.macosx-11.0-arm64/wheel/lxml/includes
2022-12-27T11:49:16.2334800Z   copying build/lib.macosx-11.0-arm64-cpython-39/lxml/includes/xmlschema.pxd -> build/bdist.macosx-11.0-arm64/wheel/lxml/includes
2022-12-27T11:49:16.2338140Z   copying build/lib.macosx-11.0-arm64-cpython-39/lxml/includes/__init__.pxd -> build/bdist.macosx-11.0-arm64/wheel/lxml/includes
2022-12-27T11:49:16.2340650Z   copying build/lib.macosx-11.0-arm64-cpython-39/lxml/includes/lxml-version.h -> build/bdist.macosx-11.0-arm64/wheel/lxml/includes
2022-12-27T11:49:16.2345620Z   copying build/lib.macosx-11.0-arm64-cpython-39/lxml/includes/schematron.pxd -> build/bdist.macosx-11.0-arm64/wheel/lxml/includes
2022-12-27T11:49:16.2351000Z   copying build/lib.macosx-11.0-arm64-cpython-39/lxml/includes/__init__.py -> build/bdist.macosx-11.0-arm64/wheel/lxml/includes
2022-12-27T11:49:16.2353890Z   copying build/lib.macosx-11.0-arm64-cpython-39/lxml/includes/tree.pxd -> build/bdist.macosx-11.0-arm64/wheel/lxml/includes
2022-12-27T11:49:16.2359410Z   copying build/lib.macosx-11.0-arm64-cpython-39/lxml/includes/uri.pxd -> build/bdist.macosx-11.0-arm64/wheel/lxml/includes
2022-12-27T11:49:16.2362810Z   copying build/lib.macosx-11.0-arm64-cpython-39/lxml/includes/etree_defs.h -> build/bdist.macosx-11.0-arm64/wheel/lxml/includes
2022-12-27T11:49:16.2368320Z   copying build/lib.macosx-11.0-arm64-cpython-39/lxml/includes/etreepublic.pxd -> build/bdist.macosx-11.0-arm64/wheel/lxml/includes
2022-12-27T11:49:16.2371650Z   copying build/lib.macosx-11.0-arm64-cpython-39/lxml/includes/xpath.pxd -> build/bdist.macosx-11.0-arm64/wheel/lxml/includes
2022-12-27T11:49:16.2375840Z   copying build/lib.macosx-11.0-arm64-cpython-39/lxml/includes/htmlparser.pxd -> build/bdist.macosx-11.0-arm64/wheel/lxml/includes
2022-12-27T11:49:16.2380480Z   copying build/lib.macosx-11.0-arm64-cpython-39/lxml/includes/xslt.pxd -> build/bdist.macosx-11.0-arm64/wheel/lxml/includes
2022-12-27T11:49:16.2384800Z   copying build/lib.macosx-11.0-arm64-cpython-39/lxml/includes/config.pxd -> build/bdist.macosx-11.0-arm64/wheel/lxml/includes
2022-12-27T11:49:16.2389540Z   copying build/lib.macosx-11.0-arm64-cpython-39/lxml/includes/xmlparser.pxd -> build/bdist.macosx-11.0-arm64/wheel/lxml/includes
2022-12-27T11:49:16.2396090Z   copying build/lib.macosx-11.0-arm64-cpython-39/lxml/includes/xinclude.pxd -> build/bdist.macosx-11.0-arm64/wheel/lxml/includes
2022-12-27T11:49:16.2401270Z   copying build/lib.macosx-11.0-arm64-cpython-39/lxml/includes/dtdvalid.pxd -> build/bdist.macosx-11.0-arm64/wheel/lxml/includes
2022-12-27T11:49:16.2403840Z   copying build/lib.macosx-11.0-arm64-cpython-39/lxml/includes/relaxng.pxd -> build/bdist.macosx-11.0-arm64/wheel/lxml/includes
2022-12-27T11:49:16.2409420Z   copying build/lib.macosx-11.0-arm64-cpython-39/lxml/sax.py -> build/bdist.macosx-11.0-arm64/wheel/lxml
2022-12-27T11:49:16.2415700Z   copying build/lib.macosx-11.0-arm64-cpython-39/lxml/pyclasslookup.py -> build/bdist.macosx-11.0-arm64/wheel/lxml
2022-12-27T11:49:16.2420630Z   copying build/lib.macosx-11.0-arm64-cpython-39/lxml/__init__.py -> build/bdist.macosx-11.0-arm64/wheel/lxml
2022-12-27T11:49:16.2426500Z   creating build/bdist.macosx-11.0-arm64/wheel/lxml/html
2022-12-27T11:49:16.2428610Z   copying build/lib.macosx-11.0-arm64-cpython-39/lxml/html/soupparser.py -> build/bdist.macosx-11.0-arm64/wheel/lxml/html
2022-12-27T11:49:16.2434120Z   copying build/lib.macosx-11.0-arm64-cpython-39/lxml/html/defs.py -> build/bdist.macosx-11.0-arm64/wheel/lxml/html
2022-12-27T11:49:16.2437120Z   copying build/lib.macosx-11.0-arm64-cpython-39/lxml/html/_setmixin.py -> build/bdist.macosx-11.0-arm64/wheel/lxml/html
2022-12-27T11:49:16.2443320Z   copying build/lib.macosx-11.0-arm64-cpython-39/lxml/html/clean.py -> build/bdist.macosx-11.0-arm64/wheel/lxml/html
2022-12-27T11:49:16.2447750Z   copying build/lib.macosx-11.0-arm64-cpython-39/lxml/html/_diffcommand.py -> build/bdist.macosx-11.0-arm64/wheel/lxml/html
2022-12-27T11:49:16.2452780Z   copying build/lib.macosx-11.0-arm64-cpython-39/lxml/html/html5parser.py -> build/bdist.macosx-11.0-arm64/wheel/lxml/html
2022-12-27T11:49:16.2457710Z   copying build/lib.macosx-11.0-arm64-cpython-39/lxml/html/__init__.py -> build/bdist.macosx-11.0-arm64/wheel/lxml/html
2022-12-27T11:49:16.2464010Z   copying build/lib.macosx-11.0-arm64-cpython-39/lxml/html/formfill.py -> build/bdist.macosx-11.0-arm64/wheel/lxml/html
2022-12-27T11:49:16.2468330Z   copying build/lib.macosx-11.0-arm64-cpython-39/lxml/html/builder.py -> build/bdist.macosx-11.0-arm64/wheel/lxml/html
2022-12-27T11:49:16.2473730Z   copying build/lib.macosx-11.0-arm64-cpython-39/lxml/html/diff.cpython-39-darwin.so -> build/bdist.macosx-11.0-arm64/wheel/lxml/html
2022-12-27T11:49:16.2484480Z   copying build/lib.macosx-11.0-arm64-cpython-39/lxml/html/ElementSoup.py -> build/bdist.macosx-11.0-arm64/wheel/lxml/html
2022-12-27T11:49:16.2489620Z   copying build/lib.macosx-11.0-arm64-cpython-39/lxml/html/_html5builder.py -> build/bdist.macosx-11.0-arm64/wheel/lxml/html
2022-12-27T11:49:16.2492980Z   copying build/lib.macosx-11.0-arm64-cpython-39/lxml/html/clean.cpython-39-darwin.so -> build/bdist.macosx-11.0-arm64/wheel/lxml/html
2022-12-27T11:49:16.2507520Z   copying build/lib.macosx-11.0-arm64-cpython-39/lxml/html/usedoctest.py -> build/bdist.macosx-11.0-arm64/wheel/lxml/html
2022-12-27T11:49:16.2511740Z   copying build/lib.macosx-11.0-arm64-cpython-39/lxml/html/diff.py -> build/bdist.macosx-11.0-arm64/wheel/lxml/html
2022-12-27T11:49:16.2518190Z   copying build/lib.macosx-11.0-arm64-cpython-39/lxml/etree_api.h -> build/bdist.macosx-11.0-arm64/wheel/lxml
2022-12-27T11:49:16.2526970Z   copying build/lib.macosx-11.0-arm64-cpython-39/lxml/builder.py -> build/bdist.macosx-11.0-arm64/wheel/lxml
2022-12-27T11:49:16.2531540Z   copying build/lib.macosx-11.0-arm64-cpython-39/lxml/doctestcompare.py -> build/bdist.macosx-11.0-arm64/wheel/lxml
2022-12-27T11:49:16.2534330Z   copying build/lib.macosx-11.0-arm64-cpython-39/lxml/_elementpath.cpython-39-darwin.so -> build/bdist.macosx-11.0-arm64/wheel/lxml
2022-12-27T11:49:16.2550770Z   copying build/lib.macosx-11.0-arm64-cpython-39/lxml/usedoctest.py -> build/bdist.macosx-11.0-arm64/wheel/lxml
2022-12-27T11:49:16.2556590Z   copying build/lib.macosx-11.0-arm64-cpython-39/lxml/cssselect.py -> build/bdist.macosx-11.0-arm64/wheel/lxml
2022-12-27T11:49:16.2562330Z   copying build/lib.macosx-11.0-arm64-cpython-39/lxml/lxml.etree.h -> build/bdist.macosx-11.0-arm64/wheel/lxml
2022-12-27T11:49:16.2565170Z   copying build/lib.macosx-11.0-arm64-cpython-39/lxml/etree.h -> build/bdist.macosx-11.0-arm64/wheel/lxml
2022-12-27T11:49:16.2569460Z   copying build/lib.macosx-11.0-arm64-cpython-39/lxml/ElementInclude.py -> build/bdist.macosx-11.0-arm64/wheel/lxml
2022-12-27T11:49:16.2573740Z   copying build/lib.macosx-11.0-arm64-cpython-39/lxml/lxml.etree_api.h -> build/bdist.macosx-11.0-arm64/wheel/lxml
2022-12-27T11:49:16.2578400Z   copying build/lib.macosx-11.0-arm64-cpython-39/lxml/builder.cpython-39-darwin.so -> build/bdist.macosx-11.0-arm64/wheel/lxml
2022-12-27T11:49:16.2590240Z   running install_egg_info
2022-12-27T11:49:16.2729300Z   running egg_info
2022-12-27T11:49:16.2747050Z   writing src/lxml.egg-info/PKG-INFO
2022-12-27T11:49:16.2754160Z   writing dependency_links to src/lxml.egg-info/dependency_links.txt
2022-12-27T11:49:16.2760730Z   writing requirements to src/lxml.egg-info/requires.txt
2022-12-27T11:49:16.2767130Z   writing top-level names to src/lxml.egg-info/top_level.txt
2022-12-27T11:49:16.2870670Z   reading manifest file 'src/lxml.egg-info/SOURCES.txt'
2022-12-27T11:49:16.3000240Z   reading manifest template 'MANIFEST.in'
2022-12-27T11:49:16.5534740Z   adding license file 'LICENSES.txt'
2022-12-27T11:49:16.5739950Z   writing manifest file 'src/lxml.egg-info/SOURCES.txt'
2022-12-27T11:49:16.5744910Z   Copying src/lxml.egg-info to build/bdist.macosx-11.0-arm64/wheel/lxml-4.4.3-py3.9.egg-info
2022-12-27T11:49:16.5775600Z   running install_scripts
2022-12-27T11:49:16.6255040Z   creating build/bdist.macosx-11.0-arm64/wheel/lxml-4.4.3.dist-info/WHEEL
2022-12-27T11:49:16.6266250Z   creating '/private/var/folders/51/hd414ycd67n82196sw51xqtc0000gn/T/pip-wheel-00fwz7ot/lxml-4.4.3-cp39-cp39-macosx_11_0_arm64.whl' and adding 'build/bdist.macosx-11.0-arm64/wheel' to it
2022-12-27T11:49:16.6279300Z   adding 'lxml/ElementInclude.py'
2022-12-27T11:49:16.6289950Z   adding 'lxml/__init__.py'
2022-12-27T11:49:16.6359640Z   adding 'lxml/_elementpath.cpython-39-darwin.so'
2022-12-27T11:49:16.6374220Z   adding 'lxml/_elementpath.py'
2022-12-27T11:49:16.6415760Z   adding 'lxml/builder.cpython-39-darwin.so'
2022-12-27T11:49:16.6427630Z   adding 'lxml/builder.py'
2022-12-27T11:49:16.6432780Z   adding 'lxml/cssselect.py'
2022-12-27T11:49:16.6441200Z   adding 'lxml/doctestcompare.py'
2022-12-27T11:49:16.7286560Z   adding 'lxml/etree.cpython-39-darwin.so'
2022-12-27T11:49:16.7413450Z   adding 'lxml/etree.h'
2022-12-27T11:49:16.7415760Z   adding 'lxml/etree_api.h'
2022-12-27T11:49:16.7425880Z   adding 'lxml/lxml.etree.h'
2022-12-27T11:49:16.7431420Z   adding 'lxml/lxml.etree_api.h'
2022-12-27T11:49:16.7588510Z   adding 'lxml/objectify.cpython-39-darwin.so'
2022-12-27T11:49:16.7610120Z   adding 'lxml/pyclasslookup.py'
2022-12-27T11:49:16.7683260Z   adding 'lxml/sax.cpython-39-darwin.so'
2022-12-27T11:49:16.7695340Z   adding 'lxml/sax.py'
2022-12-27T11:49:16.7701780Z   adding 'lxml/usedoctest.py'
2022-12-27T11:49:16.7707850Z   adding 'lxml/html/ElementSoup.py'
2022-12-27T11:49:16.7729550Z   adding 'lxml/html/__init__.py'
2022-12-27T11:49:16.7737660Z   adding 'lxml/html/_diffcommand.py'
2022-12-27T11:49:16.7743490Z   adding 'lxml/html/_html5builder.py'
2022-12-27T11:49:16.7748010Z   adding 'lxml/html/_setmixin.py'
2022-12-27T11:49:16.7754240Z   adding 'lxml/html/builder.py'
2022-12-27T11:49:16.7863330Z   adding 'lxml/html/clean.cpython-39-darwin.so'
2022-12-27T11:49:16.7886160Z   adding 'lxml/html/clean.py'
2022-12-27T11:49:16.7892630Z   adding 'lxml/html/defs.py'
2022-12-27T11:49:16.8044320Z   adding 'lxml/html/diff.cpython-39-darwin.so'
2022-12-27T11:49:16.8075790Z   adding 'lxml/html/diff.py'
2022-12-27T11:49:16.8083620Z   adding 'lxml/html/formfill.py'
2022-12-27T11:49:16.8088840Z   adding 'lxml/html/html5parser.py'
2022-12-27T11:49:16.8094600Z   adding 'lxml/html/soupparser.py'
2022-12-27T11:49:16.8099840Z   adding 'lxml/html/usedoctest.py'
2022-12-27T11:49:16.8105530Z   adding 'lxml/includes/__init__.pxd'
2022-12-27T11:49:16.8111470Z   adding 'lxml/includes/__init__.py'
2022-12-27T11:49:16.8112760Z   adding 'lxml/includes/c14n.pxd'
2022-12-27T11:49:16.8115090Z   adding 'lxml/includes/config.pxd'
2022-12-27T11:49:16.8118040Z   adding 'lxml/includes/dtdvalid.pxd'
2022-12-27T11:49:16.8126690Z   adding 'lxml/includes/etree_defs.h'
2022-12-27T11:49:16.8131730Z   adding 'lxml/includes/etreepublic.pxd'
2022-12-27T11:49:16.8138080Z   adding 'lxml/includes/htmlparser.pxd'
2022-12-27T11:49:16.8143740Z   adding 'lxml/includes/lxml-version.h'
2022-12-27T11:49:16.8149300Z   adding 'lxml/includes/relaxng.pxd'
2022-12-27T11:49:16.8152270Z   adding 'lxml/includes/schematron.pxd'
2022-12-27T11:49:16.8158570Z   adding 'lxml/includes/tree.pxd'
2022-12-27T11:49:16.8164490Z   adding 'lxml/includes/uri.pxd'
2022-12-27T11:49:16.8169690Z   adding 'lxml/includes/xinclude.pxd'
2022-12-27T11:49:16.8179720Z   adding 'lxml/includes/xmlerror.pxd'
2022-12-27T11:49:16.8189040Z   adding 'lxml/includes/xmlparser.pxd'
2022-12-27T11:49:16.8194940Z   adding 'lxml/includes/xmlschema.pxd'
2022-12-27T11:49:16.8199840Z   adding 'lxml/includes/xpath.pxd'
2022-12-27T11:49:16.8204360Z   adding 'lxml/includes/xslt.pxd'
2022-12-27T11:49:16.8212340Z   adding 'lxml/isoschematron/__init__.py'
2022-12-27T11:49:16.8220850Z   adding 'lxml/isoschematron/resources/rng/iso-schematron.rng'
2022-12-27T11:49:16.8227290Z   adding 'lxml/isoschematron/resources/xsl/RNG2Schtrn.xsl'
2022-12-27T11:49:16.8233330Z   adding 'lxml/isoschematron/resources/xsl/XSD2Schtrn.xsl'
2022-12-27T11:49:16.8239930Z   adding 'lxml/isoschematron/resources/xsl/iso-schematron-xslt1/iso_abstract_expand.xsl'
2022-12-27T11:49:16.8249650Z   adding 'lxml/isoschematron/resources/xsl/iso-schematron-xslt1/iso_dsdl_include.xsl'
2022-12-27T11:49:16.8256390Z   adding 'lxml/isoschematron/resources/xsl/iso-schematron-xslt1/iso_schematron_message.xsl'
2022-12-27T11:49:16.8279400Z   adding 'lxml/isoschematron/resources/xsl/iso-schematron-xslt1/iso_schematron_skeleton_for_xslt1.xsl'
2022-12-27T11:49:16.8291030Z   adding 'lxml/isoschematron/resources/xsl/iso-schematron-xslt1/iso_svrl_for_xslt1.xsl'
2022-12-27T11:49:16.8296700Z   adding 'lxml/isoschematron/resources/xsl/iso-schematron-xslt1/readme.txt'
2022-12-27T11:49:16.8305520Z   adding 'lxml-4.4.3.dist-info/LICENSES.txt'
2022-12-27T11:49:16.8312860Z   adding 'lxml-4.4.3.dist-info/METADATA'
2022-12-27T11:49:16.8315550Z   adding 'lxml-4.4.3.dist-info/WHEEL'
2022-12-27T11:49:16.8318020Z   adding 'lxml-4.4.3.dist-info/top_level.txt'
2022-12-27T11:49:16.8320570Z   adding 'lxml-4.4.3.dist-info/RECORD'
2022-12-27T11:49:16.8329340Z   removing build/bdist.macosx-11.0-arm64/wheel
2022-12-27T11:49:16.8995200Z   Building wheel for lxml (setup.py): finished with status 'done'
2022-12-27T11:49:16.9091180Z   Created wheel for lxml: filename=lxml-4.4.3-cp39-cp39-macosx_11_0_arm64.whl size=1558029 sha256=ed7b15b64328ded9c7f67629a67dc7b71024cf0bad7d5da36731ff69796657b9
2022-12-27T11:49:16.9092690Z   Stored in directory: /Users/runner/Library/Caches/pip/wheels/90/da/a3/dcd5d7fd7e1ef4f1fe3097cd8dfecb5c64b2eb6d1967210414
2022-12-27T11:49:16.9158270Z Successfully built lxml
2022-12-27T11:49:16.9175750Z Removed build tracker: '/private/var/folders/51/hd414ycd67n82196sw51xqtc0000gn/T/pip-build-tracker-1014c1ce'
2022-12-27T11:49:17.0014860Z ##[endgroup]
2022-12-27T11:49:17.0015900Z                                                              [32mâœ“ [0m70.60s
2022-12-27T11:49:17.0016820Z ##[group]Repairing wheel...
2022-12-27T11:49:17.0017150Z 
2022-12-27T11:49:17.0022340Z + delocate-wheel --require-archs arm64 -w /private/var/folders/51/hd414ycd67n82196sw51xqtc0000gn/T/cibw-run-_3w0u6v0/cp39-macosx_arm64/repaired_wheel -v /private/var/folders/51/hd414ycd67n82196sw51xqtc0000gn/T/cibw-run-_3w0u6v0/cp39-macosx_arm64/built_wheel/lxml-4.4.3-cp39-cp39-macosx_11_0_arm64.whl
2022-12-27T11:49:25.4203750Z Fixing: /private/var/folders/51/hd414ycd67n82196sw51xqtc0000gn/T/cibw-run-_3w0u6v0/cp39-macosx_arm64/built_wheel/lxml-4.4.3-cp39-cp39-macosx_11_0_arm64.whl
2022-12-27T11:49:25.4346720Z ##[endgroup]
2022-12-27T11:49:25.4348370Z                                                               [32mâœ“ [0m8.43s
2022-12-27T11:49:25.4982950Z 
2022-12-27T11:49:25.4984940Z [32mâœ“ [0mcp39-macosx_arm64 finished in 85.28s
2022-12-27T11:49:25.4989340Z 
2022-12-27T11:49:25.4990270Z 1 wheels produced in 1 minutes:
2022-12-27T11:49:25.4991950Z   lxml-4.4.3-cp39-cp39-macosx_11_0_arm64.whl   1,522 kB
2022-12-27T11:49:25.5405710Z ##[group]Run actions/upload-artifact@v3
2022-12-27T11:49:25.5405970Z with:
2022-12-27T11:49:25.5406230Z   name: lxml-4.4.3-cp39-cp39-macosx_11_0_arm64.whl.zip
2022-12-27T11:49:25.5406540Z   path: build_lxml44339/wheelsout/*.whl
2022-12-27T11:49:25.5406760Z   if-no-files-found: warn
2022-12-27T11:49:25.5406960Z env:
2022-12-27T11:49:25.5407250Z   pythonLocation: /Users/runner/hostedtoolcache/Python/3.9.16/x64
2022-12-27T11:49:25.5407630Z   PKG_CONFIG_PATH: /Users/runner/hostedtoolcache/Python/3.9.16/x64/lib/pkgconfig
2022-12-27T11:49:25.5407990Z   Python_ROOT_DIR: /Users/runner/hostedtoolcache/Python/3.9.16/x64
2022-12-27T11:49:25.5408320Z   Python2_ROOT_DIR: /Users/runner/hostedtoolcache/Python/3.9.16/x64
2022-12-27T11:49:25.5408650Z   Python3_ROOT_DIR: /Users/runner/hostedtoolcache/Python/3.9.16/x64
2022-12-27T11:49:25.5408970Z ##[endgroup]
2022-12-27T11:49:25.6365140Z With the provided path, there will be 1 file uploaded
2022-12-27T11:49:25.6367250Z Starting artifact upload
2022-12-27T11:49:25.6368280Z For more detailed logs during the artifact upload process, enable step-debugging: https://docs.github.com/actions/monitoring-and-troubleshooting-workflows/enabling-debug-logging#enabling-step-debug-logging
2022-12-27T11:49:25.6369010Z Artifact name is valid!
2022-12-27T11:49:25.9912650Z Container for artifact "lxml-4.4.3-cp39-cp39-macosx_11_0_arm64.whl.zip" successfully created. Starting upload of file(s)
2022-12-27T11:49:28.6015460Z Total size of all the files uploaded is 1543348 bytes
2022-12-27T11:49:28.6017770Z File upload process has finished. Finalizing the artifact upload
2022-12-27T11:49:28.9290280Z Artifact has been finalized. All files have been successfully uploaded!
2022-12-27T11:49:28.9291380Z 
2022-12-27T11:49:28.9294170Z The raw size of all the files that were specified for upload is 1558061 bytes
2022-12-27T11:49:28.9297140Z The size of all the files that were uploaded is 1543348 bytes. This takes into account any gzip compression used to reduce the upload size, time and storage
2022-12-27T11:49:28.9297840Z 
2022-12-27T11:49:28.9299810Z Note: The size of downloaded zips can differ significantly from the reported size. For more information see: https://github.com/actions/upload-artifact#zipped-artifact-downloads 
2022-12-27T11:49:28.9300770Z 
2022-12-27T11:49:28.9301610Z Artifact lxml-4.4.3-cp39-cp39-macosx_11_0_arm64.whl.zip has been successfully uploaded!
2022-12-27T11:49:28.9486620Z ##[group]Run rm -rf build_lxml44339 wheelsout
2022-12-27T11:49:28.9487100Z [36;1mrm -rf build_lxml44339 wheelsout[0m
2022-12-27T11:49:28.9514810Z shell: /bin/bash -e {0}
2022-12-27T11:49:28.9515030Z env:
2022-12-27T11:49:28.9515340Z   pythonLocation: /Users/runner/hostedtoolcache/Python/3.9.16/x64
2022-12-27T11:49:28.9515860Z   PKG_CONFIG_PATH: /Users/runner/hostedtoolcache/Python/3.9.16/x64/lib/pkgconfig
2022-12-27T11:49:28.9516360Z   Python_ROOT_DIR: /Users/runner/hostedtoolcache/Python/3.9.16/x64
2022-12-27T11:49:28.9516720Z   Python2_ROOT_DIR: /Users/runner/hostedtoolcache/Python/3.9.16/x64
2022-12-27T11:49:28.9517130Z   Python3_ROOT_DIR: /Users/runner/hostedtoolcache/Python/3.9.16/x64
2022-12-27T11:49:28.9517550Z ##[endgroup]
2022-12-27T11:49:29.0611740Z Post job cleanup.
2022-12-27T11:49:29.2807140Z Cleaning up orphan processes
