2022-12-27T01:58:05.5261358Z Requested labels: self-hosted, macOS, X64
2022-12-27T01:58:05.5261416Z Job defined at: kilnbuild/python.build/.github/workflows/mac_arm_build.yml@refs/heads/main
2022-12-27T01:58:05.5261446Z Waiting for a runner to pick up this job...
2022-12-27T02:56:11.6782565Z Job is about to start running on the runner: kr1 (organization)
2022-12-27T02:56:15.8418640Z Current runner version: '2.300.2'
2022-12-27T02:56:15.8426470Z Runner name: 'kr1'
2022-12-27T02:56:15.8426860Z Runner group name: 'Default'
2022-12-27T02:56:15.8427820Z Machine name: 'kr1'
2022-12-27T02:56:15.8430420Z ##[group]GITHUB_TOKEN Permissions
2022-12-27T02:56:15.8431110Z Actions: write
2022-12-27T02:56:15.8431370Z Checks: write
2022-12-27T02:56:15.8431610Z Contents: write
2022-12-27T02:56:15.8431870Z Deployments: write
2022-12-27T02:56:15.8432120Z Discussions: write
2022-12-27T02:56:15.8432370Z Issues: write
2022-12-27T02:56:15.8432610Z Metadata: read
2022-12-27T02:56:15.8432840Z Packages: write
2022-12-27T02:56:15.8433100Z Pages: write
2022-12-27T02:56:15.8433350Z PullRequests: write
2022-12-27T02:56:15.8433640Z RepositoryProjects: write
2022-12-27T02:56:15.8433930Z SecurityEvents: write
2022-12-27T02:56:15.8434190Z Statuses: write
2022-12-27T02:56:15.8434420Z ##[endgroup]
2022-12-27T02:56:15.8438280Z Secret source: Actions
2022-12-27T02:56:15.8438870Z Prepare workflow directory
2022-12-27T02:56:15.9541260Z Prepare all required actions
2022-12-27T02:56:15.9756090Z Getting action download info
2022-12-27T02:56:16.4734650Z Download action repository 'actions/setup-python@v4' (SHA:5ccb29d8773c3f3f653e1705f474dfaa8a06a912)
2022-12-27T02:56:18.3442980Z Download action repository 'actions/upload-artifact@v3' (SHA:83fd05a356d7e2593de66fc9913b3002723633cb)
2022-12-27T02:56:19.8129660Z ##[group]Run echo '{
2022-12-27T02:56:19.8130200Z [36;1mecho '{[0m
2022-12-27T02:56:19.8130590Z [36;1m  "environment_variables": "GRPC_PYTHON_BUILD_WITH_CYTHON=1 GRPC_BUILD_WITH_BORING_SSL_ASM='' GRPC_PYTHON_BUILD_SYSTEM_OPENSSL=TRUE",[0m
2022-12-27T02:56:19.8131030Z [36;1m  "package_name": "grpcio",[0m
2022-12-27T02:56:19.8131490Z [36;1m  "package_url": "https://files.pythonhosted.org/packages/bd/4f/c6bc9d402ac9042853ec36d732d9de0a0a399ceb64a317f7eaacc10957eb/grpcio-1.6.0.tar.gz",[0m
2022-12-27T02:56:19.8131860Z [36;1m  "package_version": "1.6.0",[0m
2022-12-27T02:56:19.8132080Z [36;1m  "python_version": "3.9",[0m
2022-12-27T02:56:19.8132280Z [36;1m  "use_ccache": "true"[0m
2022-12-27T02:56:19.8132470Z [36;1m}'[0m
2022-12-27T02:56:19.8159770Z shell: /bin/bash -e {0}
2022-12-27T02:56:19.8160040Z ##[endgroup]
2022-12-27T02:56:19.8552460Z {
2022-12-27T02:56:19.8555850Z   "environment_variables": "GRPC_PYTHON_BUILD_WITH_CYTHON=1 GRPC_BUILD_WITH_BORING_SSL_ASM= GRPC_PYTHON_BUILD_SYSTEM_OPENSSL=TRUE",
2022-12-27T02:56:19.8556400Z   "package_name": "grpcio",
2022-12-27T02:56:19.8558020Z   "package_url": "https://files.pythonhosted.org/packages/bd/4f/c6bc9d402ac9042853ec36d732d9de0a0a399ceb64a317f7eaacc10957eb/grpcio-1.6.0.tar.gz",
2022-12-27T02:56:19.8558550Z   "package_version": "1.6.0",
2022-12-27T02:56:19.8559020Z   "python_version": "3.9",
2022-12-27T02:56:19.8559380Z   "use_ccache": "true"
2022-12-27T02:56:19.8559880Z }
2022-12-27T02:56:19.8901990Z ##[group]Run actions/setup-python@v4
2022-12-27T02:56:19.8902460Z with:
2022-12-27T02:56:19.8902760Z   python-version: 3.9
2022-12-27T02:56:19.8903090Z   check-latest: false
2022-12-27T02:56:19.8903680Z   token: ***
2022-12-27T02:56:19.8903930Z   update-environment: true
2022-12-27T02:56:19.8904340Z ##[endgroup]
2022-12-27T02:56:20.1120390Z ##[group]Installed versions
2022-12-27T02:56:20.1158520Z Successfully set up CPython (3.9.16)
2022-12-27T02:56:20.1159810Z ##[endgroup]
2022-12-27T02:56:20.1383270Z ##[group]Run if [ "true" == "true" ]
2022-12-27T02:56:20.1383690Z [36;1mif [ "true" == "true" ][0m
2022-12-27T02:56:20.1383960Z [36;1mthen[0m
2022-12-27T02:56:20.1384360Z [36;1m  echo "CCACHE_PATH_PREPEND=/usr/local/opt/ccache/libexec" >> $GITHUB_OUTPUT[0m
2022-12-27T02:56:20.1384850Z [36;1melse[0m
2022-12-27T02:56:20.1385130Z [36;1m  echo "CCACHE_PATH_PREPEND=" >> $GITHUB_OUTPUT[0m
2022-12-27T02:56:20.1385520Z [36;1mfi[0m
2022-12-27T02:56:20.1413520Z shell: /bin/bash -e {0}
2022-12-27T02:56:20.1413920Z env:
2022-12-27T02:56:20.1414300Z   pythonLocation: /Users/runner/hostedtoolcache/Python/3.9.16/x64
2022-12-27T02:56:20.1414760Z   PKG_CONFIG_PATH: /Users/runner/hostedtoolcache/Python/3.9.16/x64/lib/pkgconfig
2022-12-27T02:56:20.1415700Z   Python_ROOT_DIR: /Users/runner/hostedtoolcache/Python/3.9.16/x64
2022-12-27T02:56:20.1416070Z   Python2_ROOT_DIR: /Users/runner/hostedtoolcache/Python/3.9.16/x64
2022-12-27T02:56:20.1416690Z   Python3_ROOT_DIR: /Users/runner/hostedtoolcache/Python/3.9.16/x64
2022-12-27T02:56:20.1417070Z ##[endgroup]
2022-12-27T02:56:20.1695270Z ##[group]Run echo "BUILD_NAME=$(echo grpcio_1.6.0_3.9 | tr -dc '[:alnum:]\n\r' | tr '[:upper:]' '[:lower:]')" >> $GITHUB_OUTPUT
2022-12-27T02:56:20.1695880Z [36;1mecho "BUILD_NAME=$(echo grpcio_1.6.0_3.9 | tr -dc '[:alnum:]\n\r' | tr '[:upper:]' '[:lower:]')" >> $GITHUB_OUTPUT[0m
2022-12-27T02:56:20.1722470Z shell: /bin/bash -e {0}
2022-12-27T02:56:20.1722740Z env:
2022-12-27T02:56:20.1723110Z   pythonLocation: /Users/runner/hostedtoolcache/Python/3.9.16/x64
2022-12-27T02:56:20.1723570Z   PKG_CONFIG_PATH: /Users/runner/hostedtoolcache/Python/3.9.16/x64/lib/pkgconfig
2022-12-27T02:56:20.1724020Z   Python_ROOT_DIR: /Users/runner/hostedtoolcache/Python/3.9.16/x64
2022-12-27T02:56:20.1724400Z   Python2_ROOT_DIR: /Users/runner/hostedtoolcache/Python/3.9.16/x64
2022-12-27T02:56:20.1724920Z   Python3_ROOT_DIR: /Users/runner/hostedtoolcache/Python/3.9.16/x64
2022-12-27T02:56:20.1725290Z ##[endgroup]
2022-12-27T02:56:20.1947670Z ##[group]Run echo "PYTHON_NO_DOTS=$(echo 3.9 | tr -dc '[:alnum:]\n\r' | tr '[:upper:]' '[:lower:]')" >> $GITHUB_OUTPUT
2022-12-27T02:56:20.1948240Z [36;1mecho "PYTHON_NO_DOTS=$(echo 3.9 | tr -dc '[:alnum:]\n\r' | tr '[:upper:]' '[:lower:]')" >> $GITHUB_OUTPUT[0m
2022-12-27T02:56:20.1974270Z shell: /bin/bash -e {0}
2022-12-27T02:56:20.1974650Z env:
2022-12-27T02:56:20.1974990Z   pythonLocation: /Users/runner/hostedtoolcache/Python/3.9.16/x64
2022-12-27T02:56:20.1976340Z   PKG_CONFIG_PATH: /Users/runner/hostedtoolcache/Python/3.9.16/x64/lib/pkgconfig
2022-12-27T02:56:20.1976790Z   Python_ROOT_DIR: /Users/runner/hostedtoolcache/Python/3.9.16/x64
2022-12-27T02:56:20.1977290Z   Python2_ROOT_DIR: /Users/runner/hostedtoolcache/Python/3.9.16/x64
2022-12-27T02:56:20.1977780Z   Python3_ROOT_DIR: /Users/runner/hostedtoolcache/Python/3.9.16/x64
2022-12-27T02:56:20.1978080Z ##[endgroup]
2022-12-27T02:56:20.2216450Z ##[group]Run rm -rf build_grpcio16039
2022-12-27T02:56:20.2217090Z [36;1mrm -rf build_grpcio16039[0m
2022-12-27T02:56:20.2217360Z [36;1mmkdir build_grpcio16039[0m
2022-12-27T02:56:20.2217690Z [36;1mcd build_grpcio16039[0m
2022-12-27T02:56:20.2218210Z [36;1m/usr/local/bin/wget --quiet https://files.pythonhosted.org/packages/bd/4f/c6bc9d402ac9042853ec36d732d9de0a0a399ceb64a317f7eaacc10957eb/grpcio-1.6.0.tar.gz[0m
2022-12-27T02:56:20.2218750Z [36;1mtar xf *.tar.gz[0m
2022-12-27T02:56:20.2219130Z [36;1mcd grpcio-*/[0m
2022-12-27T02:56:20.2219490Z [36;1mpython -m pip install cibuildwheel==2.11.3[0m
2022-12-27T02:56:20.2219890Z [36;1mpython -m cibuildwheel --output-dir ../wheelsout[0m
2022-12-27T02:56:20.2248770Z shell: /bin/bash -e {0}
2022-12-27T02:56:20.2249360Z env:
2022-12-27T02:56:20.2249790Z   pythonLocation: /Users/runner/hostedtoolcache/Python/3.9.16/x64
2022-12-27T02:56:20.2250300Z   PKG_CONFIG_PATH: /Users/runner/hostedtoolcache/Python/3.9.16/x64/lib/pkgconfig
2022-12-27T02:56:20.2251060Z   Python_ROOT_DIR: /Users/runner/hostedtoolcache/Python/3.9.16/x64
2022-12-27T02:56:20.2251430Z   Python2_ROOT_DIR: /Users/runner/hostedtoolcache/Python/3.9.16/x64
2022-12-27T02:56:20.2251840Z   Python3_ROOT_DIR: /Users/runner/hostedtoolcache/Python/3.9.16/x64
2022-12-27T02:56:20.2252280Z   CIBW_ARCHS_MACOS: arm64
2022-12-27T02:56:20.2252690Z   CIBW_TEST_SKIP: *_arm64
2022-12-27T02:56:20.2253010Z   CIBW_BUILD: cp39-macosx_arm64
2022-12-27T02:56:20.2253430Z   CIBW_BUILD_FRONTEND: pip
2022-12-27T02:56:20.2253790Z   CIBW_BUILD_VERBOSITY: 3
2022-12-27T02:56:20.2254680Z   CIBW_ENVIRONMENT_MACOS: GRPC_PYTHON_BUILD_WITH_CYTHON=1 GRPC_BUILD_WITH_BORING_SSL_ASM='' GRPC_PYTHON_BUILD_SYSTEM_OPENSSL=TRUE CFLAGS="-I/usr/local/opt/openssl@3/include" LDFLAGS="-L/usr/local/opt/openssl@3/lib" CPPFLAGS="-I/usr/local/opt/openssl@3/include" MAKEFLAGS="-j$(sysctl -n hw.logicalcpu)" PATH=/usr/local/opt/ccache/libexec:$PATH
2022-12-27T02:56:20.2255880Z   CIBW_BEFORE_BUILD: pip install Cython; if [[ -f requirements.txt ]]; then pip install -r requirements.txt; fi
2022-12-27T02:56:20.2256310Z   MAKEFLAGS: -j$(sysctl -n hw.logicalcpu)
2022-12-27T02:56:20.2256640Z ##[endgroup]
2022-12-27T02:56:22.4650690Z Requirement already satisfied: cibuildwheel==2.11.3 in /Users/runner/hostedtoolcache/Python/3.9.16/x64/lib/python3.9/site-packages (2.11.3)
2022-12-27T02:56:22.5031460Z Requirement already satisfied: bracex in /Users/runner/hostedtoolcache/Python/3.9.16/x64/lib/python3.9/site-packages (from cibuildwheel==2.11.3) (2.3.post1)
2022-12-27T02:56:22.5045510Z Requirement already satisfied: typing-extensions>=4.1.0 in /Users/runner/hostedtoolcache/Python/3.9.16/x64/lib/python3.9/site-packages (from cibuildwheel==2.11.3) (4.4.0)
2022-12-27T02:56:22.5047270Z Requirement already satisfied: certifi in /Users/runner/hostedtoolcache/Python/3.9.16/x64/lib/python3.9/site-packages (from cibuildwheel==2.11.3) (2022.12.7)
2022-12-27T02:56:22.5054310Z Requirement already satisfied: platformdirs in /Users/runner/hostedtoolcache/Python/3.9.16/x64/lib/python3.9/site-packages (from cibuildwheel==2.11.3) (2.6.0)
2022-12-27T02:56:22.5058850Z Requirement already satisfied: filelock in /Users/runner/hostedtoolcache/Python/3.9.16/x64/lib/python3.9/site-packages (from cibuildwheel==2.11.3) (3.8.2)
2022-12-27T02:56:22.5068370Z Requirement already satisfied: tomli in /Users/runner/hostedtoolcache/Python/3.9.16/x64/lib/python3.9/site-packages (from cibuildwheel==2.11.3) (2.0.1)
2022-12-27T02:56:22.5075540Z Requirement already satisfied: bashlex!=0.13 in /Users/runner/hostedtoolcache/Python/3.9.16/x64/lib/python3.9/site-packages (from cibuildwheel==2.11.3) (0.16)
2022-12-27T02:56:22.5083110Z Requirement already satisfied: packaging>=20.9 in /Users/runner/hostedtoolcache/Python/3.9.16/x64/lib/python3.9/site-packages (from cibuildwheel==2.11.3) (22.0)
2022-12-27T02:56:22.8375710Z 
2022-12-27T02:56:22.8377850Z      _ _       _ _   _       _           _
2022-12-27T02:56:22.8380540Z  ___|_| |_ _ _|_| |_| |_ _ _| |_ ___ ___| |
2022-12-27T02:56:22.8383500Z |  _| | . | | | | | . | | | |   | -_| -_| |
2022-12-27T02:56:22.8384320Z |___|_|___|___|_|_|___|_____|_|_|___|___|_|
2022-12-27T02:56:22.8384740Z 
2022-12-27T02:56:22.8385050Z cibuildwheel version 2.11.3
2022-12-27T02:56:22.8385440Z 
2022-12-27T02:56:22.8385620Z Build options:
2022-12-27T02:56:22.8386230Z   platform: macos
2022-12-27T02:56:22.8616590Z   architectures: arm64[0m
2022-12-27T02:56:22.8617460Z   build_selector: 
2022-12-27T02:56:22.8618270Z     build_config: cp39-macosx_arm64
2022-12-27T02:56:22.8618940Z     skip_config: 
2022-12-27T02:56:22.8620430Z     requires_python: None
2022-12-27T02:56:22.8621740Z     prerelease_pythons: False[0m
2022-12-27T02:56:22.8622780Z   [38;5;244mcontainer_engine: docker[0m
2022-12-27T02:56:22.8623500Z   output_dir: /Users/runner/actions-runner/_work/python.build/python.build/build_grpcio16039/wheelsout[0m
2022-12-27T02:56:22.8625360Z   package_dir: /Users/runner/actions-runner/_work/python.build/python.build/build_grpcio16039/grpcio-1.6.0[0m
2022-12-27T02:56:22.8628420Z   test_selector: 
2022-12-27T02:56:22.8629520Z     skip_config: *_arm64[0m
2022-12-27T02:56:22.8632080Z   [38;5;244mbefore_all: [0m
2022-12-27T02:56:22.8632640Z   before_build: pip install Cython; if [[ -f requirements.txt ]]; then pip install -r requirements.txt; fi[0m
2022-12-27T02:56:22.8633630Z   [38;5;244mbefore_test: [0m
2022-12-27T02:56:22.8634150Z   [38;5;244mbuild_frontend: pip[0m
2022-12-27T02:56:22.8634520Z   build_verbosity: 3[0m
2022-12-27T02:56:22.8634960Z   [38;5;244mconfig_settings: [0m
2022-12-27T02:56:22.8636310Z   [38;5;244mdependency_constraints: pinned[0m
2022-12-27T02:56:22.8636610Z   environment: 
2022-12-27T02:56:22.8636990Z     GRPC_PYTHON_BUILD_WITH_CYTHON=1
2022-12-27T02:56:22.8637410Z     GRPC_BUILD_WITH_BORING_SSL_ASM=''
2022-12-27T02:56:22.8637720Z     GRPC_PYTHON_BUILD_SYSTEM_OPENSSL=TRUE
2022-12-27T02:56:22.8639400Z     CFLAGS="-I/usr/local/opt/openssl@3/include"
2022-12-27T02:56:22.8639900Z     LDFLAGS="-L/usr/local/opt/openssl@3/lib"
2022-12-27T02:56:22.8640390Z     CPPFLAGS="-I/usr/local/opt/openssl@3/include"
2022-12-27T02:56:22.8640810Z     MAKEFLAGS="-j$(sysctl -n hw.logicalcpu)"
2022-12-27T02:56:22.8641300Z     PATH=/usr/local/opt/ccache/libexec:$PATH[0m
2022-12-27T02:56:22.8642260Z   [38;5;244mmanylinux_images: None[0m
2022-12-27T02:56:22.8643100Z   [38;5;244mmusllinux_images: None[0m
2022-12-27T02:56:22.8644200Z   [38;5;244mrepair_command: delocate-wheel --require-archs {delocate_archs} -w {dest_dir} -v {wheel}[0m
2022-12-27T02:56:22.8645140Z   [38;5;244mtest_command: [0m
2022-12-27T02:56:22.8645790Z   [38;5;244mtest_extras: [0m
2022-12-27T02:56:22.8646790Z   [38;5;244mtest_requires: [0m
2022-12-27T02:56:22.8647170Z 
2022-12-27T02:56:22.8647540Z Cache folder: /Users/runner/Library/Caches/cibuildwheel
2022-12-27T02:56:22.8648490Z 
2022-12-27T02:56:22.8649700Z Here we go!
2022-12-27T02:56:22.8650230Z 
2022-12-27T02:56:22.8765630Z 
2022-12-27T02:56:22.8766480Z [1m[34mBuilding cp39-macosx_arm64 wheel[0m
2022-12-27T02:56:22.8767810Z CPython 3.9 macOS arm64 - Apple Silicon
2022-12-27T02:56:22.8768260Z 
2022-12-27T02:56:22.8770050Z ##[group]Installing Python cp39...
2022-12-27T02:56:22.8770360Z 
2022-12-27T02:56:22.8770800Z + pkgutil --pkgs
2022-12-27T02:56:22.8964680Z ##[endgroup]
2022-12-27T02:56:22.8966610Z                                                               [32mâœ“ [0m0.02s
2022-12-27T02:56:22.8967330Z ##[group]Setting up build environment...
2022-12-27T02:56:22.8967710Z 
2022-12-27T02:56:22.9003320Z + /Users/runner/hostedtoolcache/Python/3.9.16/x64/bin/python -sS /Users/runner/Library/Caches/cibuildwheel/virtualenv-20.17.0.pyz --activators= --no-periodic-update --pip=22.3.1 --setuptools=65.6.3 --wheel=0.38.4 --symlink-app-data --python /Library/Frameworks/Python.framework/Versions/3.9/bin/python3 /private/var/folders/51/hd414ycd67n82196sw51xqtc0000gn/T/cibw-run-006bqo1u/cp39-macosx_arm64/build/venv
2022-12-27T02:56:23.2034960Z created virtual environment CPython3.9.13.final.0-64 in 79ms
2022-12-27T02:56:23.2036330Z   creator CPython3Posix(dest=/private/var/folders/51/hd414ycd67n82196sw51xqtc0000gn/T/cibw-run-006bqo1u/cp39-macosx_arm64/build/venv, clear=False, no_vcs_ignore=False, global=False)
2022-12-27T02:56:23.2037040Z   seeder FromAppData(download=False, pip=22.3.1, setuptools=65.6.3, wheel=0.38.4, via=symlink, app_data_dir=/Users/runner/Library/Application Support/virtualenv)
2022-12-27T02:56:23.2037580Z     added seed packages: pip==22.3.1, setuptools==65.6.3, wheel==0.38.4
2022-12-27T02:56:23.2224600Z + python -m pip install --upgrade pip -c /Users/runner/hostedtoolcache/Python/3.9.16/x64/lib/python3.9/site-packages/cibuildwheel/resources/constraints-python39.txt
2022-12-27T02:56:23.7350250Z Requirement already satisfied: pip in ./lib/python3.9/site-packages (22.3.1)
2022-12-27T02:56:24.0204470Z + which pip
2022-12-27T02:56:24.0246950Z /private/var/folders/51/hd414ycd67n82196sw51xqtc0000gn/T/cibw-run-006bqo1u/cp39-macosx_arm64/build/venv/bin/pip
2022-12-27T02:56:24.0252110Z + pip --version
2022-12-27T02:56:24.4012000Z pip 22.3.1 from /private/var/folders/51/hd414ycd67n82196sw51xqtc0000gn/T/cibw-run-006bqo1u/cp39-macosx_arm64/build/venv/lib/python3.9/site-packages/pip (python 3.9)
2022-12-27T02:56:24.4585230Z + which pip
2022-12-27T02:56:24.4636430Z + which python
2022-12-27T02:56:24.4685580Z /private/var/folders/51/hd414ycd67n82196sw51xqtc0000gn/T/cibw-run-006bqo1u/cp39-macosx_arm64/build/venv/bin/python
2022-12-27T02:56:24.4691810Z + python --version
2022-12-27T02:56:24.4788700Z Python 3.9.13
2022-12-27T02:56:24.4796220Z + which python
2022-12-27T02:56:24.4894640Z ##[endgroup]
2022-12-27T02:56:24.4898140Z                                                               [32mâœ“ [0m1.59s
2022-12-27T02:56:24.4899630Z ##[group]Installing build tools...
2022-12-27T02:56:24.4900020Z 
2022-12-27T02:56:24.4900980Z + pip install --upgrade setuptools wheel delocate -c /Users/runner/hostedtoolcache/Python/3.9.16/x64/lib/python3.9/site-packages/cibuildwheel/resources/constraints-python39.txt
2022-12-27T02:56:25.0278650Z Requirement already satisfied: setuptools in /private/var/folders/51/hd414ycd67n82196sw51xqtc0000gn/T/cibw-run-006bqo1u/cp39-macosx_arm64/build/venv/lib/python3.9/site-packages (65.6.3)
2022-12-27T02:56:25.4427340Z Requirement already satisfied: wheel in /private/var/folders/51/hd414ycd67n82196sw51xqtc0000gn/T/cibw-run-006bqo1u/cp39-macosx_arm64/build/venv/lib/python3.9/site-packages (0.38.4)
2022-12-27T02:56:25.5290590Z Collecting delocate
2022-12-27T02:56:25.5345570Z   Using cached delocate-0.10.3-py3-none-any.whl (142 kB)
2022-12-27T02:56:25.8078440Z Collecting typing-extensions
2022-12-27T02:56:25.8138360Z   Using cached typing_extensions-4.4.0-py3-none-any.whl (26 kB)
2022-12-27T02:56:25.8678000Z Collecting packaging>=20.9
2022-12-27T02:56:25.8735430Z   Using cached packaging-21.3-py3-none-any.whl (40 kB)
2022-12-27T02:56:25.9522390Z Collecting pyparsing!=3.0.5,>=2.0.2
2022-12-27T02:56:25.9574150Z   Using cached pyparsing-3.0.9-py3-none-any.whl (98 kB)
2022-12-27T02:56:26.0356160Z Installing collected packages: typing-extensions, pyparsing, packaging, delocate
2022-12-27T02:56:26.2970410Z Successfully installed delocate-0.10.3 packaging-21.3 pyparsing-3.0.9 typing-extensions-4.4.0
2022-12-27T02:56:26.4203770Z ##[endgroup]
2022-12-27T02:56:26.4204620Z                                                               [32mâœ“ [0m1.93s
2022-12-27T02:56:26.4205300Z ##[group]Running before_build...
2022-12-27T02:56:26.4205510Z 
2022-12-27T02:56:26.4225140Z + pip install Cython; if [[ -f requirements.txt ]]; then pip install -r requirements.txt; fi
2022-12-27T02:56:27.7552290Z Collecting Cython
2022-12-27T02:56:27.7647770Z   Using cached Cython-0.29.32-py2.py3-none-any.whl (986 kB)
2022-12-27T02:56:27.8534780Z Installing collected packages: Cython
2022-12-27T02:56:28.7187410Z Successfully installed Cython-0.29.32
2022-12-27T02:56:30.3005230Z Collecting coverage>=4.0
2022-12-27T02:56:30.3065760Z   Using cached coverage-7.0.1-cp39-cp39-macosx_10_9_x86_64.whl (188 kB)
2022-12-27T02:56:30.3136530Z Requirement already satisfied: cython>=0.23 in /private/var/folders/51/hd414ycd67n82196sw51xqtc0000gn/T/cibw-run-006bqo1u/cp39-macosx_arm64/build/venv/lib/python3.9/site-packages (from -r requirements.txt (line 3)) (0.29.32)
2022-12-27T02:56:30.3401300Z Collecting enum34>=1.0.4
2022-12-27T02:56:30.3446360Z   Using cached enum34-1.1.10-py3-none-any.whl (11 kB)
2022-12-27T02:56:30.3730840Z Collecting futures>=2.2.0
2022-12-27T02:56:30.3734460Z   Using cached futures-3.0.5-py3-none-any.whl
2022-12-27T02:56:30.9993790Z Collecting protobuf>=3.2.0
2022-12-27T02:56:31.0061740Z   Using cached protobuf-4.21.12-cp37-abi3-macosx_10_9_universal2.whl (486 kB)
2022-12-27T02:56:31.0427310Z Collecting six>=1.10
2022-12-27T02:56:31.0470580Z   Using cached six-1.16.0-py2.py3-none-any.whl (11 kB)
2022-12-27T02:56:31.0502720Z Requirement already satisfied: wheel>=0.29 in /private/var/folders/51/hd414ycd67n82196sw51xqtc0000gn/T/cibw-run-006bqo1u/cp39-macosx_arm64/build/venv/lib/python3.9/site-packages (from -r requirements.txt (line 8)) (0.38.4)
2022-12-27T02:56:31.1312540Z Installing collected packages: futures, enum34, six, protobuf, coverage
2022-12-27T02:56:31.6082070Z Successfully installed coverage-7.0.1 enum34-1.1.10 futures-3.0.5 protobuf-4.21.12 six-1.16.0
2022-12-27T02:56:31.7723910Z ##[endgroup]
2022-12-27T02:56:31.7724820Z                                                               [32mâœ“ [0m5.35s
2022-12-27T02:56:31.7725600Z ##[group]Building wheel...
2022-12-27T02:56:31.7725830Z 
2022-12-27T02:56:31.7733340Z + python -m pip wheel /Users/runner/actions-runner/_work/python.build/python.build/build_grpcio16039/grpcio-1.6.0 --wheel-dir=/private/var/folders/51/hd414ycd67n82196sw51xqtc0000gn/T/cibw-run-006bqo1u/cp39-macosx_arm64/built_wheel --no-deps -vvv
2022-12-27T02:56:32.2571670Z Created temporary directory: /private/var/folders/51/hd414ycd67n82196sw51xqtc0000gn/T/pip-ephem-wheel-cache-b_ju0ikf
2022-12-27T02:56:32.2580360Z Created temporary directory: /private/var/folders/51/hd414ycd67n82196sw51xqtc0000gn/T/pip-build-tracker-o6zup29o
2022-12-27T02:56:32.2582590Z Initialized build tracking at /private/var/folders/51/hd414ycd67n82196sw51xqtc0000gn/T/pip-build-tracker-o6zup29o
2022-12-27T02:56:32.2587330Z Created build tracker: /private/var/folders/51/hd414ycd67n82196sw51xqtc0000gn/T/pip-build-tracker-o6zup29o
2022-12-27T02:56:32.2589040Z Entered build tracker: /private/var/folders/51/hd414ycd67n82196sw51xqtc0000gn/T/pip-build-tracker-o6zup29o
2022-12-27T02:56:32.2593620Z Created temporary directory: /private/var/folders/51/hd414ycd67n82196sw51xqtc0000gn/T/pip-wheel-nt6c0hwn
2022-12-27T02:56:32.2605500Z Created temporary directory: /private/var/folders/51/hd414ycd67n82196sw51xqtc0000gn/T/pip-ephem-wheel-cache-jkn9ggqa
2022-12-27T02:56:32.2952040Z Processing /Users/runner/actions-runner/_work/python.build/python.build/build_grpcio16039/grpcio-1.6.0
2022-12-27T02:56:32.2958550Z   Added file:///Users/runner/actions-runner/_work/python.build/python.build/build_grpcio16039/grpcio-1.6.0 to build tracker '/private/var/folders/51/hd414ycd67n82196sw51xqtc0000gn/T/pip-build-tracker-o6zup29o'
2022-12-27T02:56:32.2964300Z   Running setup.py (path:/Users/runner/actions-runner/_work/python.build/python.build/build_grpcio16039/grpcio-1.6.0/setup.py) egg_info for package from file:///Users/runner/actions-runner/_work/python.build/python.build/build_grpcio16039/grpcio-1.6.0
2022-12-27T02:56:32.2969630Z   Created temporary directory: /private/var/folders/51/hd414ycd67n82196sw51xqtc0000gn/T/pip-pip-egg-info-vh6dw3mn
2022-12-27T02:56:32.2972180Z   Preparing metadata (setup.py): started
2022-12-27T02:56:32.2975360Z   Running command python setup.py egg_info
2022-12-27T02:56:33.0801960Z   /private/var/folders/51/hd414ycd67n82196sw51xqtc0000gn/T/cibw-run-006bqo1u/cp39-macosx_arm64/build/venv/lib/python3.9/site-packages/Cython/Compiler/Main.py:369: FutureWarning: Cython directive 'language_level' not set, using 2 for now (Py2). This will change in a later release! File: /Users/runner/actions-runner/_work/python.build/python.build/build_grpcio16039/grpcio-1.6.0/src/python/grpcio/grpc/_cython/cygrpc.pxd
2022-12-27T02:56:33.0802990Z     tree = Parsing.p_module(s, pxd, full_module_name)
2022-12-27T02:56:33.1988550Z   warning: src/python/grpcio/grpc/_cython/_cygrpc/grpc.pxi:135:13: 'GRPC_ARG_PRIMARY_USER_AGENT_STRING' redeclared
2022-12-27T02:56:35.1355580Z   Compiling src/python/grpcio/grpc/_cython/cygrpc.pyx because it depends on /private/var/folders/51/hd414ycd67n82196sw51xqtc0000gn/T/cibw-run-006bqo1u/cp39-macosx_arm64/build/venv/lib/python3.9/site-packages/Cython/Includes/libc/time.pxd.
2022-12-27T02:56:35.1359520Z   [1/1] Cythonizing src/python/grpcio/grpc/_cython/cygrpc.pyx
2022-12-27T02:56:35.1734950Z   running egg_info
2022-12-27T02:56:35.1738030Z   creating /private/var/folders/51/hd414ycd67n82196sw51xqtc0000gn/T/pip-pip-egg-info-vh6dw3mn/grpcio.egg-info
2022-12-27T02:56:35.1760980Z   writing /private/var/folders/51/hd414ycd67n82196sw51xqtc0000gn/T/pip-pip-egg-info-vh6dw3mn/grpcio.egg-info/PKG-INFO
2022-12-27T02:56:35.1766300Z   writing dependency_links to /private/var/folders/51/hd414ycd67n82196sw51xqtc0000gn/T/pip-pip-egg-info-vh6dw3mn/grpcio.egg-info/dependency_links.txt
2022-12-27T02:56:35.1772190Z   writing requirements to /private/var/folders/51/hd414ycd67n82196sw51xqtc0000gn/T/pip-pip-egg-info-vh6dw3mn/grpcio.egg-info/requires.txt
2022-12-27T02:56:35.1775450Z   writing top-level names to /private/var/folders/51/hd414ycd67n82196sw51xqtc0000gn/T/pip-pip-egg-info-vh6dw3mn/grpcio.egg-info/top_level.txt
2022-12-27T02:56:35.1782670Z   writing manifest file '/private/var/folders/51/hd414ycd67n82196sw51xqtc0000gn/T/pip-pip-egg-info-vh6dw3mn/grpcio.egg-info/SOURCES.txt'
2022-12-27T02:56:35.1905090Z   reading manifest file '/private/var/folders/51/hd414ycd67n82196sw51xqtc0000gn/T/pip-pip-egg-info-vh6dw3mn/grpcio.egg-info/SOURCES.txt'
2022-12-27T02:56:35.1909390Z   reading manifest template 'PYTHON-MANIFEST.in'
2022-12-27T02:56:35.1960340Z   warning: no files found matching '*.h' under directory 'src/python/grpcio/grpc'
2022-12-27T02:56:35.2094100Z   warning: no files found matching '*.python' under directory 'src/python/grpcio/grpc'
2022-12-27T02:56:35.2123630Z   warning: no previously-included files matching '*.so' found under directory 'src/python/grpcio/grpc/_cython'
2022-12-27T02:56:35.2129590Z   warning: no previously-included files matching '*.pyd' found under directory 'src/python/grpcio/grpc/_cython'
2022-12-27T02:56:35.3633770Z   warning: no files found matching 'src/python/grpcio/precompiled.py'
2022-12-27T02:56:35.4597730Z   writing manifest file '/private/var/folders/51/hd414ycd67n82196sw51xqtc0000gn/T/pip-pip-egg-info-vh6dw3mn/grpcio.egg-info/SOURCES.txt'
2022-12-27T02:56:35.6394280Z   Preparing metadata (setup.py): finished with status 'done'
2022-12-27T02:56:35.6438330Z   Source in /Users/runner/actions-runner/_work/python.build/python.build/build_grpcio16039/grpcio-1.6.0 has version 1.6.0, which satisfies requirement grpcio==1.6.0 from file:///Users/runner/actions-runner/_work/python.build/python.build/build_grpcio16039/grpcio-1.6.0
2022-12-27T02:56:35.6443200Z   Removed grpcio==1.6.0 from file:///Users/runner/actions-runner/_work/python.build/python.build/build_grpcio16039/grpcio-1.6.0 from build tracker '/private/var/folders/51/hd414ycd67n82196sw51xqtc0000gn/T/pip-build-tracker-o6zup29o'
2022-12-27T02:56:35.6475100Z Created temporary directory: /private/var/folders/51/hd414ycd67n82196sw51xqtc0000gn/T/pip-unpack-tuaui29t
2022-12-27T02:56:35.6476880Z Building wheels for collected packages: grpcio
2022-12-27T02:56:35.6490620Z   Created temporary directory: /private/var/folders/51/hd414ycd67n82196sw51xqtc0000gn/T/pip-wheel-ee0vdnij
2022-12-27T02:56:35.6493120Z   Building wheel for grpcio (setup.py): started
2022-12-27T02:56:35.6496050Z   Destination directory: /private/var/folders/51/hd414ycd67n82196sw51xqtc0000gn/T/pip-wheel-ee0vdnij
2022-12-27T02:56:35.6498530Z   Running command python setup.py bdist_wheel
2022-12-27T02:56:36.4137950Z   running bdist_wheel
2022-12-27T02:56:36.4175260Z   running build
2022-12-27T02:56:36.4185510Z   running build_py
2022-12-27T02:56:36.4187730Z   running build_project_metadata
2022-12-27T02:56:36.4189080Z   creating python_build
2022-12-27T02:56:36.4190750Z   creating python_build/lib.macosx-11.0-arm64-cpython-39
2022-12-27T02:56:36.4192680Z   creating python_build/lib.macosx-11.0-arm64-cpython-39/grpc
2022-12-27T02:56:36.4194360Z   copying src/python/grpcio/grpc/_channel.py -> python_build/lib.macosx-11.0-arm64-cpython-39/grpc
2022-12-27T02:56:36.4199100Z   copying src/python/grpcio/grpc/_common.py -> python_build/lib.macosx-11.0-arm64-cpython-39/grpc
2022-12-27T02:56:36.4202340Z   copying src/python/grpcio/grpc/__init__.py -> python_build/lib.macosx-11.0-arm64-cpython-39/grpc
2022-12-27T02:56:36.4207180Z   copying src/python/grpcio/grpc/_utilities.py -> python_build/lib.macosx-11.0-arm64-cpython-39/grpc
2022-12-27T02:56:36.4212100Z   copying src/python/grpcio/grpc/_plugin_wrapping.py -> python_build/lib.macosx-11.0-arm64-cpython-39/grpc
2022-12-27T02:56:36.4217750Z   copying src/python/grpcio/grpc/_grpcio_metadata.py -> python_build/lib.macosx-11.0-arm64-cpython-39/grpc
2022-12-27T02:56:36.4223400Z   copying src/python/grpcio/grpc/_server.py -> python_build/lib.macosx-11.0-arm64-cpython-39/grpc
2022-12-27T02:56:36.4224700Z   copying src/python/grpcio/grpc/_auth.py -> python_build/lib.macosx-11.0-arm64-cpython-39/grpc
2022-12-27T02:56:36.4232120Z   copying src/python/grpcio/grpc/_credential_composition.py -> python_build/lib.macosx-11.0-arm64-cpython-39/grpc
2022-12-27T02:56:36.4240640Z   creating python_build/lib.macosx-11.0-arm64-cpython-39/grpc/beta
2022-12-27T02:56:36.4242650Z   copying src/python/grpcio/grpc/beta/_server_adaptations.py -> python_build/lib.macosx-11.0-arm64-cpython-39/grpc/beta
2022-12-27T02:56:36.4246340Z   copying src/python/grpcio/grpc/beta/interfaces.py -> python_build/lib.macosx-11.0-arm64-cpython-39/grpc/beta
2022-12-27T02:56:36.4254560Z   copying src/python/grpcio/grpc/beta/__init__.py -> python_build/lib.macosx-11.0-arm64-cpython-39/grpc/beta
2022-12-27T02:56:36.4257340Z   copying src/python/grpcio/grpc/beta/utilities.py -> python_build/lib.macosx-11.0-arm64-cpython-39/grpc/beta
2022-12-27T02:56:36.4260900Z   copying src/python/grpcio/grpc/beta/implementations.py -> python_build/lib.macosx-11.0-arm64-cpython-39/grpc/beta
2022-12-27T02:56:36.4263840Z   copying src/python/grpcio/grpc/beta/_client_adaptations.py -> python_build/lib.macosx-11.0-arm64-cpython-39/grpc/beta
2022-12-27T02:56:36.4271920Z   creating python_build/lib.macosx-11.0-arm64-cpython-39/grpc/framework
2022-12-27T02:56:36.4274670Z   copying src/python/grpcio/grpc/framework/__init__.py -> python_build/lib.macosx-11.0-arm64-cpython-39/grpc/framework
2022-12-27T02:56:36.4281380Z   creating python_build/lib.macosx-11.0-arm64-cpython-39/grpc/_cython
2022-12-27T02:56:36.4283850Z   copying src/python/grpcio/grpc/_cython/__init__.py -> python_build/lib.macosx-11.0-arm64-cpython-39/grpc/_cython
2022-12-27T02:56:36.4420320Z   creating python_build/lib.macosx-11.0-arm64-cpython-39/grpc/framework/foundation
2022-12-27T02:56:36.4421860Z   copying src/python/grpcio/grpc/framework/foundation/callable_util.py -> python_build/lib.macosx-11.0-arm64-cpython-39/grpc/framework/foundation
2022-12-27T02:56:36.4422680Z   copying src/python/grpcio/grpc/framework/foundation/abandonment.py -> python_build/lib.macosx-11.0-arm64-cpython-39/grpc/framework/foundation
2022-12-27T02:56:36.4423570Z   copying src/python/grpcio/grpc/framework/foundation/__init__.py -> python_build/lib.macosx-11.0-arm64-cpython-39/grpc/framework/foundation
2022-12-27T02:56:36.4424390Z   copying src/python/grpcio/grpc/framework/foundation/stream.py -> python_build/lib.macosx-11.0-arm64-cpython-39/grpc/framework/foundation
2022-12-27T02:56:36.4425100Z   copying src/python/grpcio/grpc/framework/foundation/stream_util.py -> python_build/lib.macosx-11.0-arm64-cpython-39/grpc/framework/foundation
2022-12-27T02:56:36.4426410Z   copying src/python/grpcio/grpc/framework/foundation/future.py -> python_build/lib.macosx-11.0-arm64-cpython-39/grpc/framework/foundation
2022-12-27T02:56:36.4427840Z   copying src/python/grpcio/grpc/framework/foundation/logging_pool.py -> python_build/lib.macosx-11.0-arm64-cpython-39/grpc/framework/foundation
2022-12-27T02:56:36.4428580Z   creating python_build/lib.macosx-11.0-arm64-cpython-39/grpc/framework/common
2022-12-27T02:56:36.4429240Z   copying src/python/grpcio/grpc/framework/common/style.py -> python_build/lib.macosx-11.0-arm64-cpython-39/grpc/framework/common
2022-12-27T02:56:36.4430020Z   copying src/python/grpcio/grpc/framework/common/cardinality.py -> python_build/lib.macosx-11.0-arm64-cpython-39/grpc/framework/common
2022-12-27T02:56:36.4430760Z   copying src/python/grpcio/grpc/framework/common/__init__.py -> python_build/lib.macosx-11.0-arm64-cpython-39/grpc/framework/common
2022-12-27T02:56:36.4431410Z   creating python_build/lib.macosx-11.0-arm64-cpython-39/grpc/framework/interfaces
2022-12-27T02:56:36.4432080Z   copying src/python/grpcio/grpc/framework/interfaces/__init__.py -> python_build/lib.macosx-11.0-arm64-cpython-39/grpc/framework/interfaces
2022-12-27T02:56:36.4432790Z   creating python_build/lib.macosx-11.0-arm64-cpython-39/grpc/framework/interfaces/face
2022-12-27T02:56:36.4433520Z   copying src/python/grpcio/grpc/framework/interfaces/face/__init__.py -> python_build/lib.macosx-11.0-arm64-cpython-39/grpc/framework/interfaces/face
2022-12-27T02:56:36.4434350Z   copying src/python/grpcio/grpc/framework/interfaces/face/utilities.py -> python_build/lib.macosx-11.0-arm64-cpython-39/grpc/framework/interfaces/face
2022-12-27T02:56:36.4435180Z   copying src/python/grpcio/grpc/framework/interfaces/face/face.py -> python_build/lib.macosx-11.0-arm64-cpython-39/grpc/framework/interfaces/face
2022-12-27T02:56:36.4435820Z   creating python_build/lib.macosx-11.0-arm64-cpython-39/grpc/framework/interfaces/base
2022-12-27T02:56:36.4436570Z   copying src/python/grpcio/grpc/framework/interfaces/base/__init__.py -> python_build/lib.macosx-11.0-arm64-cpython-39/grpc/framework/interfaces/base
2022-12-27T02:56:36.4437750Z   copying src/python/grpcio/grpc/framework/interfaces/base/utilities.py -> python_build/lib.macosx-11.0-arm64-cpython-39/grpc/framework/interfaces/base
2022-12-27T02:56:36.4438550Z   copying src/python/grpcio/grpc/framework/interfaces/base/base.py -> python_build/lib.macosx-11.0-arm64-cpython-39/grpc/framework/interfaces/base
2022-12-27T02:56:36.4439160Z   creating python_build/lib.macosx-11.0-arm64-cpython-39/grpc/_cython/_cygrpc
2022-12-27T02:56:36.4439860Z   copying src/python/grpcio/grpc/_cython/_cygrpc/__init__.py -> python_build/lib.macosx-11.0-arm64-cpython-39/grpc/_cython/_cygrpc
2022-12-27T02:56:36.4441260Z   creating python_build/lib.macosx-11.0-arm64-cpython-39/grpc/_cython/_credentials
2022-12-27T02:56:36.4442340Z   copying src/python/grpcio/grpc/_cython/_credentials/roots.pem -> python_build/lib.macosx-11.0-arm64-cpython-39/grpc/_cython/_credentials
2022-12-27T02:56:36.4465470Z   running build_ext
2022-12-27T02:56:42.6188650Z   b'[C]       Compiling third_party/cares/cares/ares__close_sockets.c\n[C]       Compiling third_party/cares/cares/ares__get_hostent.c\n[C]       Compiling third_party/cares/cares/ares__read_line.c\n[C]       Compiling third_party/cares/cares/ares__timeval.c\n[C]       Compiling third_party/cares/cares/ares_cancel.c\n[C]       Compiling third_party/cares/cares/ares_create_query.c\n[C]       Compiling third_party/cares/cares/ares_data.c\n[C]       Compiling third_party/cares/cares/ares_destroy.c\n[C]       Compiling third_party/cares/cares/ares_expand_name.c\n[C]       Compiling third_party/cares/cares/ares_expand_string.c\n[C]       Compiling third_party/cares/cares/ares_fds.c\n[C]       Compiling third_party/cares/cares/ares_free_hostent.c\n[C]       Compiling third_party/cares/cares/ares_free_string.c\n[C]       Compiling third_party/cares/cares/ares_getenv.c\n[C]       Compiling third_party/cares/cares/ares_gethostbyaddr.c\n[C]       Compiling third_party/cares/cares/ares_gethostbyname.c\n[C]       Compiling third_party/cares/cares/ares_getnameinfo.c\n[C]       Compiling third_party/cares/cares/ares_getopt.c\n[C]       Compiling third_party/cares/cares/ares_getsock.c\n[C]       Compiling third_party/cares/cares/ares_init.c\n[C]       Compiling third_party/cares/cares/ares_library_init.c\n[C]       Compiling third_party/cares/cares/ares_llist.c\n[C]       Compiling third_party/cares/cares/ares_mkquery.c\n[C]       Compiling third_party/cares/cares/ares_nowarn.c\n[C]       Compiling third_party/cares/cares/ares_options.c\n[C]       Compiling third_party/cares/cares/ares_parse_a_reply.c\n[C]       Compiling third_party/cares/cares/ares_parse_aaaa_reply.c\n[C]       Compiling third_party/cares/cares/ares_parse_mx_reply.c\n[C]       Compiling third_party/cares/cares/ares_parse_naptr_reply.c\n[C]       Compiling third_party/cares/cares/ares_parse_ns_reply.c\n[C]       Compiling third_party/cares/cares/ares_parse_ptr_reply.c\n[C]       Compiling third_party/cares/cares/ares_parse_soa_reply.c\n[C]       Compiling third_party/cares/cares/ares_parse_srv_reply.c\n[C]       Compiling third_party/cares/cares/ares_parse_txt_reply.c\n[C]       Compiling third_party/cares/cares/ares_platform.c\n[C]       Compiling third_party/cares/cares/ares_process.c\n[C]       Compiling third_party/cares/cares/ares_query.c\n[C]       Compiling third_party/cares/cares/ares_search.c\n[C]       Compiling third_party/cares/cares/ares_send.c\n[C]       Compiling third_party/cares/cares/ares_strcasecmp.c\n[C]       Compiling third_party/cares/cares/ares_strdup.c\n[C]       Compiling third_party/cares/cares/ares_strerror.c\n[C]       Compiling third_party/cares/cares/ares_timeout.c\n[C]       Compiling third_party/cares/cares/ares_version.c\n[C]       Compiling third_party/cares/cares/ares_writev.c\n[C]       Compiling third_party/cares/cares/bitncmp.c\n[C]       Compiling third_party/cares/cares/inet_net_pton.c\n[C]       Compiling third_party/cares/cares/inet_ntop.c\n[C]       Compiling third_party/cares/cares/windows_port.c\n[C]       Compiling third_party/zlib/adler32.c\n[C]       Compiling third_party/zlib/crc32.c\n[C]       Compiling third_party/zlib/compress.c\n[C]       Compiling third_party/zlib/gzclose.c\n[C]       Compiling third_party/zlib/deflate.c\n[C]       Compiling third_party/zlib/gzread.c\n[C]       Compiling third_party/zlib/gzlib.c\n[C]       Compiling third_party/zlib/gzwrite.c\n[C]       Compiling third_party/zlib/infback.c\n[C]       Compiling third_party/zlib/inffast.c\n[C]       Compiling third_party/zlib/inflate.c\n[C]       Compiling third_party/zlib/inftrees.c\n[C]       Compiling third_party/zlib/trees.c\n[C]       Compiling src/boringssl/err_data.c\n[C]       Compiling third_party/zlib/uncompr.c\n[C]       Compiling third_party/boringssl/crypto/aes/aes.c\n[C]       Compiling third_party/zlib/zutil.c\n[C]       Compiling third_party/boringssl/crypto/aes/key_wrap.c\n[C]       Compiling third_party/boringssl/crypto/aes/mode_wrappers.c\n[C]       Compiling third_party/boringssl/crypto/asn1/a_bitstr.c\n[C]       Compiling third_party/boringssl/crypto/asn1/a_bool.c\n[C]       Compiling third_party/boringssl/crypto/asn1/a_d2i_fp.c\n[C]       Compiling third_party/boringssl/crypto/asn1/a_dup.c\n[C]       Compiling third_party/boringssl/crypto/asn1/a_enum.c\n[C]       Compiling third_party/boringssl/crypto/asn1/a_i2d_fp.c\n[C]       Compiling third_party/boringssl/crypto/asn1/a_gentm.c\n[C]       Compiling third_party/boringssl/crypto/asn1/a_int.c\n[C]       Compiling third_party/boringssl/crypto/asn1/a_mbstr.c\n[C]       Compiling third_party/boringssl/crypto/asn1/a_object.c\n[C]       Compiling third_party/boringssl/crypto/asn1/a_octet.c\n[C]       Compiling third_party/boringssl/crypto/asn1/a_print.c\n'
2022-12-27T02:56:42.6551170Z   b"make: Circular /Users/runner/actions-runner/_work/python.build/python.build/build_grpcio16039/grpcio-1.6.0/libs/opt/libares.a <- /Users/runner/actions-runner/_work/python.build/python.build/build_grpcio16039/grpcio-1.6.0/libs/opt/libz.a dependency dropped.\nIn file included from src/boringssl/err_data.c:17:\nthird_party/boringssl/include/openssl/base.h:133:9: error: 'OPENSSL_VERSION_NUMBER' macro redefined [-Werror,-Wmacro-redefined]\nIn file included from third_party/boringssl/crypto/aes/aes.c:54:\nIn file included from third_party/boringssl/include/openssl/cpu.h:64:\nthird_party/boringssl/include/openssl/base.h:133#define OPENSSL_VERSION_NUMBER 0x100020af:\n9        ^\n/usr/local/opt/openssl@3/include/openssl/opensslv.h:99:10: note: previous definition is here\n# define OPENSSL_VERSION_NUMBER          \\\n         ^\n: error: 'OPENSSL_VERSION_NUMBER' macro redefined [-Werror,-Wmacro-redefined]\n#define OPENSSL_VERSION_NUMBER 0x100020af\n        ^\n/usr/local/opt/openssl@3/include/openssl/opensslv.h:99:10: note: previous definition is here\n# define OPENSSL_VERSION_NUMBER          \\\n         ^\nIn file included from src/boringssl/err_data.c:18:\nIn file included from /usr/local/opt/openssl@3/include/openssl/err.h:21:\n/usr/local/opt/openssl@3/include/openssl/e_os2.h:183:11: error: 'OPENSSL_EXPORT' macro redefined [-Werror,-Wmacro-redefined]\n#  define OPENSSL_EXPORT extern\n          ^\nthird_party/boringssl/include/openssl/base.h:168:9: note: previous definition is here\n#define OPENSSL_EXPORT\n        ^\nthird_party/boringssl/crypto/aes/aes.c:537:5: error: conflicting types for 'AES_set_encrypt_key'\nint AES_set_encrypt_key(const uint8_t *key, unsigned bits, AES_KEY *aeskey) {\n    ^\n/usr/local/opt/openssl@3/include/openssl/aes.h:51:5: note: previous declaration is here\nint AES_set_encrypt_key(const unsigned char *userKey, const int bits,\n    ^\nthird_party/boringssl/crypto/aes/aes.c:632:5: error: conflicting types for 'AES_set_decrypt_key'\nint AES_set_decrypt_key(const uint8_t *key, unsigned bits, AES_KEY *aeskey) {\n    ^\n/usr/local/opt/openssl@3/include/openssl/aes.h:54:5: note: previous declaration is here\nint AES_set_decrypt_key(const unsigned char *userKey, const int bits,\n    ^\nthird_party/boringssl/crypto/aes/aes.c:638:12: error: 'AES_set_encrypt_key' is deprecated [-Werror,-Wdeprecated-declarations]\n  status = AES_set_encrypt_key(key, bits, aeskey);\n           ^\n/usr/local/opt/openssl@3/include/openssl/aes.h:50:1: note: 'AES_set_encrypt_key' has been explicitly marked deprecated here\nOSSL_DEPRECATEDIN_3_0\n^\n/usr/local/opt/openssl@3/include/openssl/macros.h:182:49: note: expanded from macro 'OSSL_DEPRECATEDIN_3_0'\n#   define OSSL_DEPRECATEDIN_3_0                OSSL_DEPRECATED(3.0)\n                                                ^\n/usr/local/opt/openssl@3/include/openssl/macros.h:62:52: note: expanded from macro 'OSSL_DEPRECATED'\n#     define OSSL_DEPRECATED(since) __attribute__((deprecated))\n                                                   ^\n4 errors generated.\nIn file included from third_party/boringssl/crypto/aes/key_wrap.c:54:\nIn file included from third_party/boringssl/include/openssl/mem.h:60:\nthird_party/boringssl/include/openssl/base.h:133:9: error: 'OPENSSL_VERSION_NUMBER' macro redefined [-Werror,-Wmacro-redefined]\n#define OPENSSL_VERSION_NUMBER 0x100020af\n        ^\n/usr/local/opt/openssl@3/include/openssl/opensslv.h:99:10: note: previous definition is here\nmake: *** [/Users/runner/actions-runner/_work/python.build/python.build/build_grpcio16039/grpcio-1.6.0/objs/opt/third_party/boringssl/crypto/aes/aes.o] Error 1\n# define OPENSSL_VERSION_NUMBER          \\\n         ^\nmake: *** Waiting for unfinished jobs....\nIn file included from src/boringssl/err_data.c:18:\nIn file included from /usr/local/opt/openssl@3/include/openssl/err.h:28:\nIn file included from /usr/local/opt/openssl@3/include/openssl/types.h:21:\n/usr/local/opt/openssl@3/include/openssl/safestack.h:264:15: error: redefinition of typedef 'OPENSSL_BLOCK' is a C11 feature [-Werror,-Wtypedef-redefinition]\ntypedef void *OPENSSL_BLOCK;\n              ^\nthird_party/boringssl/include/openssl/base.h:322:15: note: previous definition is here\ntypedef void *OPENSSL_BLOCK;\n              ^\nIn file included from src/boringssl/err_data.c:18:\nIn file included from /usr/local/opt/openssl@3/include/openssl/err.h:28:\n/usr/local/opt/openssl@3/include/openssl/types.h:45:31: error: redefinition of typedef 'ASN1_INTEGER' is a C11 feature [-Werror,-Wtypedef-redefinition]\ntypedef struct asn1_string_st ASN1_INTEGER;\n                              ^\nthird_party/boringssl/include/openssl/base.h:215:31: note: previous definition is here\ntypedef struct asn1_string_st ASN1_INTEGER;\n                              ^\nIn file included from src/boringssl/err_data.c:18:\nIn file included from /usr/local/opt/openssl@3/include/openssl/err.h:28:\n/usr/local/opt/openssl@3/include/openssl/types.h:46:31: error: redefinition of typedef 'ASN1_ENUMERATED' is a C11 feature [-Werror,-Wtypedef-redefinition]\ntypedef struct asn1_string_st ASN1_ENUMERATED;\n                              ^\nthird_party/boringssl/include/openssl/base.h:211:31: note: previous definition is here\ntypedef struct asn1_string_st ASN1_ENUMERATED;\n                              ^\nIn file included from src/boringssl/err_data.c:18:\nIn file included from /usr/local/opt/openssl@3/include/openssl/err.h:28:\n/usr/local/opt/openssl@3/include/openssl/types.h:47:31: error: redefinition of typedef 'ASN1_BIT_STRING' is a C11 feature [-Werror,-Wtypedef-redefinition]\ntypedef struct asn1_string_st ASN1_BIT_STRING;\n                              ^\nthird_party/boringssl/include/openssl/base.h:209:31: note: previous definition is here\ntypedef struct asn1_string_st ASN1_BIT_STRING;\n                              ^\nIn file included from src/boringssl/err_data.c:18:\nIn file included from /usr/local/opt/openssl@3/include/openssl/err.h:28:\n/usr/local/opt/openssl@3/include/openssl/types.h:48:31: error: redefinition of typedef 'ASN1_OCTET_STRING' is a C11 feature [-Werror,-Wtypedef-redefinition]\ntypedef struct asn1_string_st ASN1_OCTET_STRING;\n                              ^\nthird_party/boringssl/include/openssl/base.h:216:31: note: previous definition is here\ntypedef struct asn1_string_st ASN1_OCTET_STRING;\n                              ^\nIn file included from src/boringssl/err_data.c:18:\nIn file included from /usr/local/opt/openssl@3/include/openssl/err.h:28:\n/usr/local/opt/openssl@3/include/openssl/types.h:49:31: error: redefinition of typedef 'ASN1_PRINTABLESTRING' is a C11 feature [-Werror,-Wtypedef-redefinition]\ntypedef struct asn1_string_st ASN1_PRINTABLESTRING;\n                              ^\nthird_party/boringssl/include/openssl/base.h:217:31: note: previous definition is here\ntypedef struct asn1_string_st ASN1_PRINTABLESTRING;\n                              ^\nIn file included from src/boringssl/err_data.c:18:\nIn file included from /usr/local/opt/openssl@3/include/openssl/err.h:28:\n/usr/local/opt/openssl@3/include/openssl/types.h:50:31: error: redefinition of typedef 'ASN1_T61STRING' is a C11 feature [-Werror,-Wtypedef-redefinition]\ntypedef struct asn1_string_st ASN1_T61STRING;\n                              ^\nthird_party/boringssl/include/openssl/base.h:219:31: note: previous definition is here\ntypedef struct asn1_string_st ASN1_T61STRING;\n                              ^\nIn file included from src/boringssl/err_data.c:18:\nIn file included from /usr/local/opt/openssl@3/include/openssl/err.h:28:\n/usr/local/opt/openssl@3/include/openssl/types.h:51:31: error: redefinition of typedef 'ASN1_IA5STRING' is a C11 feature [-Werror,-Wtypedef-redefinition]\ntypedef struct asn1_string_st ASN1_IA5STRING;\n                              ^\nthird_party/boringssl/include/openssl/base.h:214:31: note: previous definition is here\ntypedef struct asn1_string_st ASN1_IA5STRING;\n                              ^\nIn file included from src/boringssl/err_data.c:18:\nIn file included from /usr/local/opt/openssl@3/include/openssl/err.h:28:\n/usr/local/opt/openssl@3/include/openssl/types.h:52:31: error: redefinition of typedef 'ASN1_GENERALSTRING' is a C11 feature [-Werror,-Wtypedef-redefinition]\ntypedef struct asn1_string_st ASN1_GENERALSTRING;\n                              ^\nthird_party/boringssl/include/openssl/base.h:213:31: note: previous definition is here\ntypedef struct asn1_string_st ASN1_GENERALSTRING;\n                              ^\nIn file included from src/boringssl/err_data.c:18:\nIn file included from /usr/local/opt/openssl@3/include/openssl/err.h:28:\n/usr/local/opt/openssl@3/include/openssl/types.h:53:31: error: redefinition of typedef 'ASN1_UNIVERSALSTRING' is a C11 feature [-Werror,-Wtypedef-redefinition]\ntypedef struct asn1_string_st ASN1_UNIVERSALSTRING;\n                              ^\nthird_party/boringssl/include/openssl/base.h:221:31: note: previous definition is here\ntypedef struct asn1_string_st ASN1_UNIVERSALSTRING;\n                              ^\nIn file included from src/boringssl/err_data.c:18:\nIn file included from /usr/local/opt/openssl@3/include/openssl/err.h:28:\n/usr/local/opt/openssl@3/include/openssl/types.h:54:31: error: redefinition of typedef 'ASN1_BMPSTRING' is a C11 feature [-Werror,-Wtypedef-redefinition]\ntypedef struct asn1_string_st ASN1_BMPSTRING;\n                              ^\nthird_party/boringssl/include/openssl/base.h:210:31: note: previous definition is here\ntypedef struct asn1_string_st ASN1_BMPSTRING;\n                              ^\nIn file included from src/boringssl/err_data.c:18:\nIn file included from /usr/local/opt/openssl@3/include/openssl/err.h:28:\n/usr/local/opt/openssl@3/include/openssl/types.h:55:31: error: redefinition of typedef 'ASN1_UTCTIME' is a C11 feature [-Werror,-Wtypedef-redefinition]\ntypedef struct asn1_string_st ASN1_UTCTIME;\n                              ^\nthird_party/boringssl/include/openssl/base.h:222:31: note: previous definition is here\ntypedef struct asn1_string_st ASN1_UTCTIME;\n                              ^\nIn file included from src/boringssl/err_data.c:18:\nIn file included from /usr/local/opt/openssl@3/include/openssl/err.h:28:\n/usr/local/opt/openssl@3/include/openssl/types.h:56:31: error: redefinition of typedef 'ASN1_TIME' is a C11 feature [-Werror,-Wtypedef-redefinition]\ntypedef struct asn1_string_st ASN1_TIME;\n                              ^\nthird_party/boringssl/include/openssl/base.h:220:31: note: previous definition is here\ntypedef struct asn1_string_st ASN1_TIME;\n                              ^\nIn file included from src/boringssl/err_data.c:18:\nIn file included from /usr/local/opt/openssl@3/include/openssl/err.h:28:\n/usr/local/opt/openssl@3/include/openssl/types.h:57:31: error: redefinition of typedef 'ASN1_GENERALIZEDTIME' is a C11 feature [-Werror,-Wtypedef-redefinition]\ntypedef struct asn1_string_st ASN1_GENERALIZEDTIME;\n                              ^\nthird_party/boringssl/include/openssl/base.h:212:31: note: previous definition is here\ntypedef struct asn1_string_st ASN1_GENERALIZEDTIME;\n                              ^\nIn file included from src/boringssl/err_data.c:18:\nIn file included from /usr/local/opt/openssl@3/include/openssl/err.h:28:\n/usr/local/opt/openssl@3/include/openssl/types.h:58:31: error: redefinition of typedef 'ASN1_VISIBLESTRING' is a C11 feature [-Werror,-Wtypedef-redefinition]\ntypedef struct asn1_string_st ASN1_VISIBLESTRING;\n                              ^\nthird_party/boringssl/include/openssl/base.h:224:31: note: previous definition is here\ntypedef struct asn1_string_st ASN1_VISIBLESTRING;\n                              ^\nIn file included from src/boringssl/err_data.c:18:\nIn file included from /usr/local/opt/openssl@3/include/openssl/err.h:28:\n/usr/local/opt/openssl@3/include/openssl/types.h:59:31: error: redefinition of typedef 'ASN1_UTF8STRING' is a C11 feature [-Werror,-Wtypedef-redefinition]\ntypedef struct asn1_string_st ASN1_UTF8STRING;\n                              ^\nthird_party/boringssl/include/openssl/base.h:223:31: note: previous definition is here\ntypedef struct asn1_string_st ASN1_UTF8STRING;\n                              ^\nIn file included from src/boringssl/err_data.c:18:\nIn file included from /usr/local/opt/openssl@3/include/openssl/err.h:28:\n/usr/local/opt/openssl@3/include/openssl/types.h:60:31: error: redefinition of typedef 'ASN1_STRING' is a C11 feature [-Werror,-Wtypedef-redefinition]\ntypedef struct asn1_string_st ASN1_STRING;\n                              ^\nthird_party/boringssl/include/openssl/base.h:218:31: note: previous definition is here\ntypedef struct asn1_string_st ASN1_STRING;\n                              ^\nfatal error: too many errors emitted, stopping now [-ferror-limit=]\nIn file included from third_party/boringssl/crypto/aes/key_wrap.c:56:\nIn file included from third_party/boringssl/crypto/aes/../internal.h:112:\nthird_party/boringssl/include/openssl/ex_data.h:205:3: error: type name requires a specifier or qualifier\n  STACK_OF(void) *sk;\n  ^\nthird_party/boringssl/include/openssl/ex_data.h:205:17: error: expected ';' at end of declaration list\n  STACK_OF(void) *sk;\n                ^\n                ;\nIn file included from third_party/boringssl/crypto/aes/mode_wrappers.c:53:\nIn file included from third_party/boringssl/crypto/aes/../modes/internal.h:52:\nthird_party/boringssl/include/openssl/base.h:133:9: error: 'OPENSSL_VERSION_NUMBER' macro redefined [-Werror,-Wmacro-redefined]\n#define OPENSSL_VERSION_NUMBER 0x100020af\n        ^\n/usr/local/opt/openssl@3/include/openssl/opensslv.h:99:10: note: previous definition is here\n# define OPENSSL_VERSION_NUMBER          \\\n         ^\nIn file included from third_party/boringssl/crypto/aes/key_wrap.c:56:\nthird_party/boringssl/crypto/aes/../internal.h:481:3In file included from third_party/boringssl/crypto/aes/mode_wrappers.c:53:\nIn file included from third_party/boringssl/crypto/aes/../modes/internal.h:56:\nIn file included from third_party/boringssl/crypto/aes/../modes/../internal.h:112:\nthird_party/boringssl/include/openssl/ex_data.h:205:3: error: type name requires a specifier or qualifier\n  STACK_OF(void) *sk;\n  ^\n: error: type name requires a specifier or qualifier\n  STACK_OF(CRYPTO_EX_DATA_FUNCS) *meth;\n  ^\nthird_party/boringssl/include/openssl/ex_data.h:205:17: error: expected ';' at end of declaration list\n  STACK_OF(void) *sk;\n                ^\n                ;\nthird_party/boringssl/crypto/aes/../internal.h:481:33: error: expected ';' at end of declaration list\n  STACK_OF(CRYPTO_EX_DATA_FUNCS) *meth;\n                                ^\n                                ;\nthird_party/boringssl/crypto/aes/key_wrap.c:66:5: error: conflicting types for 'AES_wrap_key'\nint AES_wrap_key(const AES_KEY *key, const uint8_t *iv, uint8_t *out,\n    ^\n/usr/local/opt/openssl@3/include/openssl/aes.h:97:5: note: previous declaration is here\nint AES_wrap_key(AES_KEY *key, const unsigned char *iv,\n    ^\nthird_party/boringssl/crypto/aes/key_wrap.c:87:7: error: 'AES_encrypt' is deprecated [-Werror,-Wdeprecated-declarations]\n      AES_encrypt(A, A, key);\n      ^\n/usr/local/opt/openssl@3/include/openssl/aes.h:56:1: note: 'AES_encrypt' has been explicitly marked deprecated here\nOSSL_DEPRECATEDIN_3_0\n^\n/usr/local/opt/openssl@3/include/openssl/macros.h:182:49: note: expanded from macro 'OSSL_DEPRECATEDIN_3_0'\n#   define OSSL_DEPRECATEDIN_3_0                OSSL_DEPRECATED(3.0)\n                                                ^\n/usr/local/opt/openssl@3/include/openssl/macros.h:62:52: note: expanded from macro 'OSSL_DEPRECATED'\n#     define OSSL_DEPRECATED(since) __attribute__((deprecated))\n                                                   ^\nthird_party/boringssl/crypto/aes/key_wrap.c:102:5: error: conflicting types for 'AES_unwrap_key'\nint AES_unwrap_key(const AES_KEY *key, const uint8_t *iv, uint8_t *out,\n    ^\n/usr/local/opt/openssl@3/include/openssl/aes.h:101:5: note: previous declaration is here\nint AES_unwrap_key(AES_KEY *key, const unsigned char *iv,\n    ^\nthird_party/boringssl/crypto/aes/key_wrap.c:128:7: error: 'AES_decrypt' is deprecated [-Werror,-Wdeprecated-declarations]\n      AES_decrypt(A, A, key);\n      ^\n/usr/local/opt/openssl@3/include/openssl/aes.h:59:1: note: 'AES_decrypt' has been explicitly marked deprecated here\nOSSL_DEPRECATEDIN_3_0\n^\n/usr/local/opt/openssl@3/include/openssl/macros.h:182:49: note: expanded from macro 'OSSL_DEPRECATEDIN_3_0'\n#   define OSSL_DEPRECATEDIN_3_0                OSSL_DEPRECATED(3.0)\n                                                ^\n/usr/local/opt/openssl@3/include/openssl/macros.h:62:52: note: expanded from macro 'OSSL_DEPRECATED'\n#     define OSSL_DEPRECATED(since) __attribute__((deprecated))\n                                                   ^\n9 errors generated.\nmake: *** [/Users/runner/actions-runner/_work/python.build/python.build/build_grpcio16039/grpcio-1.6.0/objs/opt/third_party/boringssl/crypto/aes/key_wrap.o] Error 1\nIn file included from third_party/boringssl/crypto/aes/mode_wrappers.c:53:\nIn file included from third_party/boringssl/crypto/aes/../modes/internal.h:56:\nthird_party/boringssl/crypto/aes/../modes/../internal.h:481:3: error: type name requires a specifier or qualifier\n  STACK_OF(CRYPTO_EX_DATA_FUNCS) *meth;\n  ^\nthird_party/boringssl/crypto/aes/../modes/../internal.h:481:33: error: expected ';' at end of declaration list\n  STACK_OF(CRYPTO_EX_DATA_FUNCS) *meth;\n                                ^\n                                ;\n20 errors generated.\nthird_party/boringssl/crypto/aes/mode_wrappers.c:60:37: error: 'AES_encrypt' is deprecated [-Werror,-Wdeprecated-declarations]\n                        (block128_f)AES_encrypt);\n                                    ^\n/usr/local/opt/openssl@3/include/openssl/aes.h:56:1: note: 'AES_encrypt' has been explicitly marked deprecated here\nOSSL_DEPRECATEDIN_3_0\n^\n/usr/local/opt/openssl@3/include/openssl/macros.h:182:49: note: expanded from macro 'OSSL_DEPRECATEDIN_3_0'\n#   define OSSL_DEPRECATEDIN_3_0                OSSL_DEPRECATED(3.0)\n                                                ^\n/usr/local/opt/openssl@3/include/openssl/macros.h:62:52: note: expanded from macro 'OSSL_DEPRECATED'\n#     define OSSL_DEPRECATED(since) __attribute__((deprecated))\n                                                   ^\n6 errors generated.\nmake: *** [/Users/runner/actions-runner/_work/python.build/python.build/build_grpcio16039/grpcio-1.6.0/objs/opt/src/boringssl/err_data.o] Error 1\nmake: *** [/Users/runner/actions-runner/_work/python.build/python.build/build_grpcio16039/grpcio-1.6.0/objs/opt/third_party/boringssl/crypto/aes/mode_wrappers.o] Error 1\nIn file included from third_party/boringssl/crypto/asn1/a_object.c:63:\nIn file included from third_party/boringssl/include/openssl/mem.h:60:\nthird_party/boringssl/include/openssl/base.h:133:9: error: 'OPENSSL_VERSION_NUMBER' macro redefined [-Werror,-Wmacro-redefined]\n#define OPENSSL_VERSION_NUMBER 0x100020af\n        ^\n/usr/local/opt/openssl@3/include/openssl/opensslv.h:99:10: note: previous definition is here\n# define OPENSSL_VERSION_NUMBER          \\\n         ^\nIn file included from third_party/boringssl/crypto/asn1/a_object.c:63:\nIn file included from third_party/boringssl/include/openssl/mem.h:60:\nthird_party/boringssl/include/openssl/base.h:168:9: error: 'OPENSSL_EXPORT' macro redefined [-Werror,-Wmacro-redefined]\n#define OPENSSL_EXPORT\n        ^\n/usr/local/opt/openssl@3/include/openssl/e_os2.h:183:11: note: previous definition is here\n#  define OPENSSL_EXPORT extern\n          ^\nIn file included from third_party/boringssl/crypto/asn1/a_object.c:63:\nIn file included from third_party/boringssl/include/openssl/mem.h:60:\nthird_party/boringssl/include/openssl/base.h:202:13: error: typedef redefinition with different types ('int' vs 'struct crypto_threadid_st')\ntypedef int CRYPTO_THREADID;\n            ^\nIn file included from /usr/local/opt/openssl@3/include/openssl/crypto.hthird_party/boringssl/crypto/asn1/a_bool.c::30860::\n3In file included from :third_party/boringssl/include/openssl/mem.h :note60: previous definition is here\n} CRYPTO_THREADID;:\nthird_party/boringssl/include/openssl/base.h:133:9: error: 'OPENSSL_VERSION_NUMBER' macro redefined [-Werror,-Wmacro-redefined]\n\n#define OPENSSL_VERSION_NUMBER 0x100020af\n        ^\n  ^/usr/local/opt/openssl@3/include/openssl/opensslv.h:99\n:10: note: previous definition is here\n# define OPENSSL_VERSION_NUMBER          \\\n         ^\nIn file included from third_party/boringssl/crypto/asn1/a_bool.c:60:\nIn file included from third_party/boringssl/include/openssl/mem.h:60:\nthird_party/boringssl/include/openssl/base.h:168:9: error: 'OPENSSL_EXPORT' macro redefined [-Werror,-Wmacro-redefined]\n#define OPENSSL_EXPORT\n        ^\n/usr/local/opt/openssl@3/include/openssl/e_os2.h:183:11: note: In file included from previous definition is herethird_party/boringssl/crypto/asn1/a_object.c\n:63:\nIn file included from third_party/boringssl/include/openssl/mem.h:60:\n#  define OPENSSL_EXPORT extern\n          ^\nthird_party/boringssl/include/openssl/base.h:204:13: error: redefinition of typedef 'ASN1_BOOLEAN' is a C11 feature [-Werror,-Wtypedef-redefinition]\ntypedef int ASN1_BOOLEAN;\n            ^\n/usr/local/opt/openssl@3/include/openssl/types.h:61:13: note: previous definition is here\ntypedef int ASN1_BOOLEAN;\n            ^\nIn file included from third_party/boringssl/crypto/asn1/a_object.c:63:\nIn file included from third_party/boringssl/include/openssl/mem.h:60:\nthird_party/boringssl/include/openssl/base.h:205:13: error: redefinition of typedef 'ASN1_NULL' is a C11 feature [-Werror,-Wtypedef-redefinition]\ntypedef int ASN1_NULL;\n            ^\n/usr/local/opt/openssl@3/include/openssl/types.h:62:13: note: previous definition is here\ntypedef int ASN1_NULL;\n            ^\nIn file included from third_party/boringssl/crypto/asn1/a_object.c:63:\nIn file included from third_party/boringssl/include/openssl/mem.h:60:\nthird_party/boringssl/include/openssl/base.h:206:29: error: redefinition of typedef 'ASN1_ITEM' is a C11 feature [-Werror,-Wtypedef-redefinition]\ntypedef struct ASN1_ITEM_st ASN1_ITEM;\n                            ^\n/usr/local/opt/openssl@3/include/openssl/types.h:69:29: note: previous definition is here\nIn file included from third_party/boringssl/crypto/asn1/a_bool.c:60:\nIn file included from third_party/boringssl/include/openssl/mem.h:60:\nthird_party/boringssl/include/openssl/base.h:202typedef struct ASN1_ITEM_st ASN1_ITEM;:\n13                            ^:\n error: typedef redefinition with different types ('int' vs 'struct crypto_threadid_st')\ntypedef int CRYPTO_THREADID;\n            ^\nIn file included from third_party/boringssl/crypto/asn1/a_object.c:63:\nIn file included from third_party/boringssl/include/openssl/mem.h:60:\nthird_party/boringssl/include/openssl/base.h:207:31: error: redefinition of typedef 'ASN1_OBJECT' is a C11 feature [-Werror,-Wtypedef-redefinition]/usr/local/opt/openssl@3/include/openssl/crypto.h\n:308:3: note: previous definition is heretypedef struct asn1_object_st ASN1_OBJECT;\n\n                              ^\n} CRYPTO_THREADID;\n/usr/local/opt/openssl@3/include/openssl/types.h  ^:\n66:31: note: previous definition is here\ntypedef struct asn1_object_st ASN1_OBJECT;\n                              ^In file included from third_party/boringssl/crypto/asn1/a_bool.c:60:\nIn file included from third_party/boringssl/include/openssl/mem.h:60:\nthird_party/boringssl/include/openssl/base.h:204:13: error: redefinition of typedef 'ASN1_BOOLEAN' is a C11 feature [-Werror,-Wtypedef-redefinition]\ntypedef int ASN1_BOOLEAN;\n            ^\n/usr/local/opt/openssl@3/include/openssl/types.h\n:61:13: note: previous definition is here\nIn file included from third_party/boringssl/crypto/asn1/a_object.c:typedef int ASN1_BOOLEAN;63\n:\n            ^In file included from \nthird_party/boringssl/include/openssl/mem.hIn file included from third_party/boringssl/crypto/asn1/a_bool.c:60:\nIn file included from third_party/boringssl/include/openssl/mem.h:60:\nthird_party/boringssl/include/openssl/base.h:205:13::60:\nthird_party/boringssl/include/openssl/base.h: 208:error: redefinition of typedef 'ASN1_NULL' is a C11 feature [-Werror,-Wtypedef-redefinition]\n29typedef int ASN1_NULL;\n:            ^ \nerror: redefinition of typedef 'ASN1_PCTX' is a C11 feature [-Werror,-Wtypedef-redefinition]\n/usr/local/opt/openssl@3/include/openssl/types.h:62:13: note: previous definition is here\ntypedef int ASN1_NULL;\n            ^\ntypedef struct asn1_pctx_st ASN1_PCTX;\n                            ^\n/usr/local/opt/openssl@3/include/openssl/types.h:70:29: note: previous definition is here\ntypedef struct asn1_pctx_st ASN1_PCTX;In file included from third_party/boringssl/crypto/asn1/a_bool.c:60:\nIn file included from third_party/boringssl/include/openssl/mem.h:60:\nthird_party/boringssl/include/openssl/base.h:206:29: error: redefinition of typedef 'ASN1_ITEM' is a C11 feature [-Werror,-Wtypedef-redefinition]\ntypedef struct ASN1_ITEM_st ASN1_ITEM;\n\n                            ^                            ^\n\n/usr/local/opt/openssl@3/include/openssl/types.h:69:29: note: previous definition is here\ntypedef struct ASN1_ITEM_st ASN1_ITEM;\n                            ^\nIn file included from third_party/boringssl/crypto/asn1/a_object.c:63:\nIn file included from third_party/boringssl/include/openssl/mem.h:60:\nthird_party/boringssl/include/openssl/base.hIn file included from :third_party/boringssl/crypto/asn1/a_bool.c209::31: error: redefinition of typedef 'ASN1_BIT_STRING' is a C11 feature [-Werror,-Wtypedef-redefinition]\n60:\nIn file included from third_party/boringssl/include/openssl/mem.h:60:\nthird_party/boringssl/include/openssl/base.h:207:31: error: redefinition of typedef 'ASN1_OBJECT' is a C11 feature [-Werror,-Wtypedef-redefinition]\ntypedef struct asn1_string_st ASN1_BIT_STRING;\n                              ^\n/usr/local/opt/openssl@3/include/openssl/types.h:47:31: note: previous definition is here\ntypedef struct asn1_object_st ASN1_OBJECT;\n                              ^\n/usr/local/opt/openssl@3/include/openssl/types.h:66:31: note: previous definition is here\ntypedef struct asn1_object_st ASN1_OBJECT;\n                              ^\nIn file included from third_party/boringssl/crypto/asn1/a_bool.c:60:\nIn file included from third_party/boringssl/include/openssl/mem.h:60:\nthird_party/boringssl/include/openssl/base.h:208:29: error: redefinition of typedef 'ASN1_PCTX' is a C11 feature [-Werror,-Wtypedef-redefinition]\ntypedef struct asn1_pctx_st ASN1_PCTX;\n                            ^\n/usr/local/opt/openssl@3/include/openssl/types.h:70:29: note: previous definition is here\ntypedef struct asn1_pctx_st ASN1_PCTX;\n                            ^\nIn file included from third_party/boringssl/crypto/asn1/a_bool.c:60:\nIn file included from third_party/boringssl/include/openssl/mem.h:60:\nthird_party/boringssl/include/openssl/base.h:209:31: error: redefinition of typedef 'ASN1_BIT_STRING' is a C11 feature [-Werror,-Wtypedef-redefinition]\ntypedef struct asn1_string_st ASN1_BIT_STRING;\n                              ^\ntypedef struct asn1_string_st ASN1_BIT_STRING;/usr/local/opt/openssl@3/include/openssl/types.h\n:                              ^\n47:31In file included from : third_party/boringssl/crypto/asn1/a_object.cnote: :63:\nIn file included from third_party/boringssl/include/openssl/mem.h:60:\nthird_party/boringssl/include/openssl/base.h:210:31: error: redefinition of typedef 'ASN1_BMPSTRING' is a C11 feature [-Werror,-Wtypedef-redefinition]\nprevious definition is here\ntypedef struct asn1_string_st ASN1_BMPSTRING;\n                              ^\n/usr/local/opt/openssl@3/include/openssl/types.h:54:31: note: previous definition is here\ntypedef struct asn1_string_st ASN1_BIT_STRING;typedef struct asn1_string_st ASN1_BMPSTRING;\n                              ^\nIn file included from \nthird_party/boringssl/crypto/asn1/a_object.c                              ^:\n63:\nIn file included from third_party/boringssl/include/openssl/mem.h:60:\nthird_party/boringssl/include/openssl/base.h:211:In file included from third_party/boringssl/crypto/asn1/a_bool.c:6031:\n:In file included from  third_party/boringssl/include/openssl/mem.herror:: 60redefinition of typedef 'ASN1_ENUMERATED' is a C11 feature [-Werror,-Wtypedef-redefinition]:\n\nthird_party/boringssl/include/openssl/base.h:210:31: typedef struct asn1_string_st ASN1_ENUMERATED;\n                              ^\n/usr/local/opt/openssl@3/include/openssl/types.h:error46:31: note: previous definition is here\ntypedef struct asn1_string_st ASN1_ENUMERATED;\n                              ^\nIn file included from third_party/boringssl/crypto/asn1/a_object.c:63:\nIn file included from third_party/boringssl/include/openssl/mem.h:: 60:\nredefinition of typedef 'ASN1_BMPSTRING' is a C11 feature [-Werror,-Wtypedef-redefinition]\nthird_party/boringssl/include/openssl/base.h:212:31: error: typedef struct asn1_string_st ASN1_BMPSTRING;\n                              ^\n/usr/local/opt/openssl@3/include/openssl/types.h:54:31redefinition of typedef 'ASN1_GENERALIZEDTIME' is a C11 feature [-Werror,-Wtypedef-redefinition]\n: note: previous definition is here\ntypedef struct asn1_string_st ASN1_BMPSTRING;\n                              ^\ntypedef struct asn1_string_st ASN1_GENERALIZEDTIME;\n                              ^\nIn file included from third_party/boringssl/crypto/asn1/a_bool.c:60/usr/local/opt/openssl@3/include/openssl/types.h:57::\n31In file included from :third_party/boringssl/include/openssl/mem.h :note60:\nthird_party/boringssl/include/openssl/base.h:211:31::  error: redefinition of typedef 'ASN1_ENUMERATED' is a C11 feature [-Werror,-Wtypedef-redefinition]previous definition is here\n\ntypedef struct asn1_string_st ASN1_ENUMERATED;\n                              ^\n/usr/local/opt/openssl@3/include/openssl/types.h:46:31: note: previous definition is heretypedef struct asn1_string_st ASN1_GENERALIZEDTIME;\n\n                              ^\ntypedef struct asn1_string_st ASN1_ENUMERATED;\n                              ^\nIn file included from third_party/boringssl/crypto/asn1/a_bool.c:60:\nIn file included from third_party/boringssl/include/openssl/mem.h:60:\nIn file included from third_party/boringssl/crypto/asn1/a_object.c:63:\nIn file included from third_party/boringssl/include/openssl/mem.h:60:\nthird_party/boringssl/include/openssl/base.h:213:31: error: redefinition of typedef 'ASN1_GENERALSTRING' is a C11 feature [-Werror,-Wtypedef-redefinition]\ntypedef struct asn1_string_st ASN1_GENERALSTRING;\n                              ^\n/usr/local/opt/openssl@3/include/openssl/types.h:52:31: note: previous definition is here\ntypedef struct asn1_string_st ASN1_GENERALSTRING;\n                              ^\nIn file included from third_party/boringssl/crypto/asn1/a_object.c:63third_party/boringssl/include/openssl/base.h:212:31: error: redefinition of typedef 'ASN1_GENERALIZEDTIME' is a C11 feature [-Werror,-Wtypedef-redefinition]\n:\nIn file included from third_party/boringssl/include/openssl/mem.h:60:\nthird_party/boringssl/include/openssl/base.htypedef struct asn1_string_st ASN1_GENERALIZEDTIME;\n                              ^\n/usr/local/opt/openssl@3/include/openssl/types.h:57:31: note: previous definition is here\n:214:31: typedef struct asn1_string_st ASN1_GENERALIZEDTIME;error\n: redefinition of typedef 'ASN1_IA5STRING' is a C11 feature [-Werror,-Wtypedef-redefinition]\ntypedef struct asn1_string_st ASN1_IA5STRING;\n                              ^\n/usr/local/opt/openssl@3/include/openssl/types.h:51:                              ^31: note: previous definition is here\ntypedef struct asn1_string_st ASN1_IA5STRING;\n                              ^\nIn file included from third_party/boringssl/crypto/asn1/a_object.c:63:\nIn file included from third_party/boringssl/include/openssl/mem.h:60:\nthird_party/boringssl/include/openssl/base.h:215:\n31: error: redefinition of typedef 'ASN1_INTEGER' is a C11 feature [-Werror,-Wtypedef-redefinition]\nIn file included from third_party/boringssl/crypto/asn1/a_bool.c:60:\nIn file included from third_party/boringssl/include/openssl/mem.h:60:\nthird_party/boringssl/include/openssl/base.h:typedef struct asn1_string_st ASN1_INTEGER;\n                              ^\n213:31: error: redefinition of typedef 'ASN1_GENERALSTRING' is a C11 feature [-Werror,-Wtypedef-redefinition]\n/usr/local/opt/openssl@3/include/openssl/types.h:45:31: note: previous definition is here\ntypedef struct asn1_string_st ASN1_GENERALSTRING;\n                              ^\n/usr/local/opt/openssl@3/include/openssl/types.h:52:31: typedef struct asn1_string_st ASN1_INTEGER;note\n: previous definition is here                              ^\n\ntypedef struct asn1_string_st ASN1_GENERALSTRING;\n                              ^\nIn file included from In file included from third_party/boringssl/crypto/asn1/a_object.cthird_party/boringssl/crypto/asn1/a_bool.c::6360:\n:\nIn file included from In file included from third_party/boringssl/include/openssl/mem.hthird_party/boringssl/include/openssl/mem.h::6060:\n:\nthird_party/boringssl/include/openssl/base.hthird_party/boringssl/include/openssl/base.h::216214::3131::  errorerror: : redefinition of typedef 'ASN1_OCTET_STRING' is a C11 feature [-Werror,-Wtypedef-redefinition]redefinition of typedef 'ASN1_IA5STRING' is a C11 feature [-Werror,-Wtypedef-redefinition]\n\ntypedef struct asn1_string_st ASN1_IA5STRING;\n                              ^\n/usr/local/opt/openssl@3/include/openssl/types.h:51:31: typedef struct asn1_string_st ASN1_OCTET_STRING;\n                              ^\n/usr/local/opt/openssl@3/include/openssl/types.h:48:31: note: previous definition is here\ntypedef struct asn1_string_st ASN1_OCTET_STRING;\n                              ^\nIn file included from third_party/boringssl/crypto/asn1/a_object.c:63:\nIn file included from third_party/boringssl/include/openssl/mem.h:60:\nthird_party/boringssl/include/openssl/base.h:217:31: error: redefinition of typedef 'ASN1_PRINTABLESTRING' is a C11 feature [-Werror,-Wtypedef-redefinition]\ntypedef struct asn1_string_st ASN1_PRINTABLESTRING;\n                              ^\n/usr/local/opt/openssl@3/include/openssl/types.h:49:31: note: previous definition is here\ntypedef struct asn1_string_st ASN1_PRINTABLESTRING;\n                              ^\nnoteIn file included from third_party/boringssl/crypto/asn1/a_object.c:: 63previous definition is here\ntypedef struct asn1_string_st ASN1_IA5STRING;\n:\n                              ^\nIn file included from third_party/boringssl/include/openssl/mem.h:60:\nthird_party/boringssl/include/openssl/base.hIn file included from :third_party/boringssl/crypto/asn1/a_bool.c218::6031:\n:In file included from  third_party/boringssl/include/openssl/mem.herror:: 60redefinition of typedef 'ASN1_STRING' is a C11 feature [-Werror,-Wtypedef-redefinition]:\n\nthird_party/boringssl/include/openssl/base.h:215:31: error: redefinition of typedef 'ASN1_INTEGER' is a C11 feature [-Werror,-Wtypedef-redefinition]\ntypedef struct asn1_string_st ASN1_INTEGER;\n                              ^\n/usr/local/opt/openssl@3/include/openssl/types.htypedef struct asn1_string_st ASN1_STRING;:\n45                              ^:\n31: /usr/local/opt/openssl@3/include/openssl/types.h:60:31: note: noteprevious definition is here\n: typedef struct asn1_string_st ASN1_STRING;\nprevious definition is here                              ^\n\nIn file included from third_party/boringssl/crypto/asn1/a_object.c:63:\nIn file included from third_party/boringssl/include/openssl/mem.h:60:\nthird_party/boringssl/include/openssl/base.h:219:31: error: redefinition of typedef 'ASN1_T61STRING' is a C11 feature [-Werror,-Wtypedef-redefinition]\ntypedef struct asn1_string_st ASN1_INTEGER;\n                              ^\ntypedef struct asn1_string_st ASN1_T61STRING;\n                              ^\n/usr/local/opt/openssl@3/include/openssl/types.h:50:31: note: previous definition is here\nIn file included from typedef struct asn1_string_st ASN1_T61STRING;third_party/boringssl/crypto/asn1/a_bool.c\n:                              ^60\n:\nIn file included from third_party/boringssl/include/openssl/mem.h:60:\nfatal errorthird_party/boringssl/include/openssl/base.h: :too many errors emitted, stopping now [-ferror-limit=]216\n:31: error: redefinition of typedef 'ASN1_OCTET_STRING' is a C11 feature [-Werror,-Wtypedef-redefinition]\ntypedef struct asn1_string_st ASN1_OCTET_STRING;\n                              ^\n/usr/local/opt/openssl@3/include/openssl/types.h:48:31: note: previous definition is here\ntypedef struct asn1_string_st ASN1_OCTET_STRING;\n                              ^\nIn file included from third_party/boringssl/crypto/asn1/a_bool.c:60:\nIn file included from third_party/boringssl/include/openssl/mem.h:60:\nthird_party/boringssl/include/openssl/base.h:217:31: error: redefinition of typedef 'ASN1_PRINTABLESTRING' is a C11 feature [-Werror,-Wtypedef-redefinition]\ntypedef struct asn1_string_st ASN1_PRINTABLESTRING;\n                              ^\n/usr/local/opt/openssl@3/include/openssl/types.h:49:31: note: previous definition is here\ntypedef struct asn1_string_st ASN1_PRINTABLESTRING;\n                              ^\nIn file included from third_party/boringssl/crypto/asn1/a_bool.c:60:\nIn file included from third_party/boringssl/include/openssl/mem.h:60:\nthird_party/boringssl/include/openssl/base.h:218:31: error: redefinition of typedef 'ASN1_STRING' is a C11 feature [-Werror,-Wtypedef-redefinition]\ntypedef struct asn1_string_st ASN1_STRING;\n                              ^\n/usr/local/opt/openssl@3/include/openssl/types.h:60:31: note: previous definition is here\ntypedef struct asn1_string_st ASN1_STRING;\n                              ^\nIn file included from third_party/boringssl/crypto/asn1/a_bool.c:60:\nIn file included from third_party/boringssl/include/openssl/mem.h:60:\nthird_party/boringssl/include/openssl/base.h:219:31: error: redefinition of typedef 'ASN1_T61STRING' is a C11 feature [-Werror,-Wtypedef-redefinition]\ntypedef struct asn1_string_st ASN1_T61STRING;\n                              ^\n/usr/local/opt/openssl@3/include/openssl/types.h:50:31: note: previous definition is here\ntypedef struct asn1_string_st ASN1_T61STRING;\n                              ^\nfatal error: too many errors emitted, stopping now [-ferror-limit=]\n20 errors generated.\nIn file included from third_party/boringssl/crypto/asn1/a_d2i_fp.c:61:\nIn file included from third_party/boringssl/include/openssl/buf.h:60:\nthird_party/boringssl/include/openssl/base.h:133:9: error: 'OPENSSL_VERSION_NUMBER' macro redefined [-Werror,-Wmacro-redefined]\n#define OPENSSL_VERSION_NUMBER 0x100020af\n        ^\n/usr/local/opt/openssl@3/include/openssl/opensslv.h:99:10: note: previous definition is here\n# define OPENSSL_VERSION_NUMBER          \\\n         ^\nIn file included from third_party/boringssl/crypto/asn1/a_d2i_fp.c:61:\nIn file included from third_party/boringssl/include/openssl/buf.h:60:\nthird_party/boringssl/include/openssl/base.h:168:9: error: 'OPENSSL_EXPORT' macro redefined [-Werror,-Wmacro-redefined]\n#define OPENSSL_EXPORT\n        ^\n/usr/local/opt/openssl@3/include/openssl/e_os2.h:183:11: note: previous definition is here\n#  define OPENSSL_EXPORT extern\n          ^\nIn file included from third_party/boringssl/crypto/asn1/a_d2i_fp.c:61:\nIn file included from third_party/boringssl/include/openssl/buf.h:60:\nthird_party/boringssl/include/openssl/base.h:202:13: error: typedef redefinition with different types ('int' vs 'struct crypto_threadid_st')\ntypedef int CRYPTO_THREADID;\n            ^\n/usr/local/opt/openssl@3/include/openssl/crypto.h:308:3: note: previous definition is here\n} CRYPTO_THREADID;\n  ^\nIn file included from third_party/boringssl/crypto/asn1/a_d2i_fp.c:61:\nIn file included from third_party/boringssl/include/openssl/buf.h:60:\nthird_party/boringssl/include/openssl/base.h:204:13: error: redefinition of typedef 'ASN1_BOOLEAN' is a C11 feature [-Werror,-Wtypedef-redefinition]\ntypedef int ASN1_BOOLEAN;\n            ^\n/usr/local/opt/openssl@3/include/openssl/types.h:61:13: note: previous definition is here\ntypedef int ASN1_BOOLEAN;\n            ^\nIn file included from third_party/boringssl/crypto/asn1/a_d2i_fp.c:61:\nIn file included from third_party/boringssl/include/openssl/buf.h:60:\nthird_party/boringssl/include/openssl/base.h:205:13: error: redefinition of typedef 'ASN1_NULL' is a C11 feature [-Werror,-Wtypedef-redefinition]\ntypedef int ASN1_NULL;\n            ^\n/usr/local/opt/openssl@3/include/openssl/types.h:62:13: note: previous definition is here\ntypedef int ASN1_NULL;\n            ^\nIn file included from third_party/boringssl/crypto/asn1/a_d2i_fp.c:61:\nIn file included from third_party/boringssl/include/openssl/buf.h:60:\nthird_party/boringssl/include/openssl/base.h:206:29: error: redefinition of typedef 'ASN1_ITEM' is a C11 feature [-Werror,-Wtypedef-redefinition]\ntypedef struct ASN1_ITEM_st ASN1_ITEM;\n                            ^\n/usr/local/opt/openssl@3/include/openssl/types.h:69:29: note: previous definition is here\ntypedef struct ASN1_ITEM_st ASN1_ITEM;\n                            ^\nIn file included from third_party/boringssl/crypto/asn1/a_d2i_fp.c:61:\nIn file included from third_party/boringssl/include/openssl/buf.h:60:\nthird_party/boringssl/include/openssl/base.h:207:31: error: redefinition of typedef 'ASN1_OBJECT' is a C11 feature [-Werror,-Wtypedef-redefinition]\ntypedef struct asn1_object_st ASN1_OBJECT;\n                              ^\n/usr/local/opt/openssl@3/include/openssl/types.h:66:31: note: previous definition is here\ntypedef struct asn1_object_st ASN1_OBJECT;\n                              ^\nIn file included from third_party/boringssl/crypto/asn1/a_d2i_fp.c:61:\nIn file included from third_party/boringssl/include/openssl/buf.h:60:\nthird_party/boringssl/include/openssl/base.h:208:29: error: redefinition of typedef 'ASN1_PCTX' is a C11 feature [-Werror,-Wtypedef-redefinition]\ntypedef struct asn1_pctx_st ASN1_PCTX;\n                            ^\n/usr/local/opt/openssl@3/include/openssl/types.h:70:29: note: previous definition is here\ntypedef struct asn1_pctx_st ASN1_PCTX;\n                            ^\nIn file included from third_party/boringssl/crypto/asn1/a_d2i_fp.c:61:\nIn file included from third_party/boringssl/include/openssl/buf.h:60:\nmake: *** [/Users/runner/actions-runner/_work/python.build/python.build/build_grpcio16039/grpcio-1.6.0/objs/opt/third_party/boringssl/crypto/asn1/a_bool.o] Error 1\nthird_party/boringssl/include/openssl/base.h:209:31: error: redefinition of typedef 'ASN1_BIT_STRING' is a C11 feature [-Werror,-Wtypedef-redefinition]\ntypedef struct asn1_string_st ASN1_BIT_STRING;\n                              ^\n/usr/local/opt/openssl@3/include/openssl/types.h:47:31: note: previous definition is here\ntypedef struct asn1_string_st ASN1_BIT_STRING;\n                              ^\nIn file included from third_party/boringssl/crypto/asn1/a_d2i_fp.c:61:\nIn file included from third_party/boringssl/include/openssl/buf.h:60:\nthird_party/boringssl/include/openssl/base.h:210:31: error: redefinition of typedef 'ASN1_BMPSTRING' is a C11 feature [-Werror,-Wtypedef-redefinition]\ntypedef struct asn1_string_st ASN1_BMPSTRING;\n                              ^\n/usr/local/opt/openssl@3/include/openssl/types.h:54:31: note: previous definition is here\ntypedef struct asn1_string_st ASN1_BMPSTRING;\n                              ^\nIn file included from third_party/boringssl/crypto/asn1/a_d2i_fp.c:61:\nIn file included from third_party/boringssl/include/openssl/buf.h:60:\nthird_party/boringssl/include/openssl/base.h:211:31: error: redefinition of typedef 'ASN1_ENUMERATED' is a C11 feature [-Werror,-Wtypedef-redefinition]\ntypedef struct asn1_string_st ASN1_ENUMERATED;\n                              ^\n/usr/local/opt/openssl@3/include/openssl/types.h:46:31: note: previous definition is here\ntypedef struct asn1_string_st ASN1_ENUMERATED;\n                              ^\nIn file included from third_party/boringssl/crypto/asn1/a_d2i_fp.c:61:\nIn file included from third_party/boringssl/include/openssl/buf.h:60:\nthird_party/boringssl/include/openssl/base.h:212:31: error: redefinition of typedef 'ASN1_GENERALIZEDTIME' is a C11 feature [-Werror,-Wtypedef-redefinition]\ntypedef struct asn1_string_st ASN1_GENERALIZEDTIME;\n                              ^\n/usr/local/opt/openssl@3/include/openssl/types.h:57:31: note: previous definition is here\ntypedef struct asn1_string_st ASN1_GENERALIZEDTIME;\n                              ^\nIn file included from third_party/boringssl/crypto/asn1/a_d2i_fp.c:61:\nIn file included from third_party/boringssl/include/openssl/buf.h:60:\nthird_party/boringssl/include/openssl/base.h:213:31: error: redefinition of typedef 'ASN1_GENERALSTRING' is a C11 feature [-Werror,-Wtypedef-redefinition]\ntypedef struct asn1_string_st ASN1_GENERALSTRING;\n                              ^\n/usr/local/opt/openssl@3/include/openssl/types.h:52:31: note: previous definition is here\ntypedef struct asn1_string_st ASN1_GENERALSTRING;\n                              ^\nIn file included from third_party/boringssl/crypto/asn1/a_d2i_fp.c:61:\nIn file included from third_party/boringssl/include/openssl/buf.h:60:\nthird_party/boringssl/include/openssl/base.h:214:31: error: redefinition of typedef 'ASN1_IA5STRING' is a C11 feature [-Werror,-Wtypedef-redefinition]\ntypedef struct asn1_string_st ASN1_IA5STRING;\n                              ^\n/usr/local/opt/openssl@3/include/openssl/types.h:51:31: note: previous definition is here\ntypedef struct asn1_string_st ASN1_IA5STRING;\n                              ^\nIn file included from third_party/boringssl/crypto/asn1/a_d2i_fp.c:61:\nIn file included from third_party/boringssl/include/openssl/buf.h:60:\nthird_party/boringssl/include/openssl/base.h:215:31: error: redefinition of typedef 'ASN1_INTEGER' is a C11 feature [-Werror,-Wtypedef-redefinition]\ntypedef struct asn1_string_st ASN1_INTEGER;\n                              ^\n/usr/local/opt/openssl@3/include/openssl/types.h:45:31: note: previous definition is here\ntypedef struct asn1_string_st ASN1_INTEGER;\n                              ^\nIn file included from third_party/boringssl/crypto/asn1/a_d2i_fp.c:61:\nIn file included from third_party/boringssl/include/openssl/buf.h:60:\nthird_party/boringssl/include/openssl/base.h:216:31: error: redefinition of typedef 'ASN1_OCTET_STRING' is a C11 feature [-Werror,-Wtypedef-redefinition]\ntypedef struct asn1_string_st ASN1_OCTET_STRING;\n                              ^\n/usr/local/opt/openssl@3/include/openssl/types.h:48:31: note: previous definition is here\ntypedef struct asn1_string_st ASN1_OCTET_STRING;\n                              ^\nIn file included from third_party/boringssl/crypto/asn1/a_d2i_fp.c:61:\nIn file included from third_party/boringssl/include/openssl/buf.h:60:\nthird_party/boringssl/include/openssl/base.h:217:31: error: redefinition of typedef 'ASN1_PRINTABLESTRING' is a C11 feature [-Werror,-Wtypedef-redefinition]\ntypedef struct asn1_string_st ASN1_PRINTABLESTRING;\n                              ^\n/usr/local/opt/openssl@3/include/openssl/types.h:49:31: note: previous definition is here\ntypedef struct asn1_string_st ASN1_PRINTABLESTRING;\n                              ^\nIn file included from third_party/boringssl/crypto/asn1/a_d2i_fp.c:61:\nIn file included from third_party/boringssl/include/openssl/buf.h:60:\nthird_party/boringssl/include/openssl/base.h:218:31: error: redefinition of typedef 'ASN1_STRING' is a C11 feature [-Werror,-Wtypedef-redefinition]\ntypedef struct asn1_string_st ASN1_STRING;\n                              ^\n/usr/local/opt/openssl@3/include/openssl/types.h:60:31: note: previous definition is here\ntypedef struct asn1_string_st ASN1_STRING;\n                              ^\nIn file included from third_party/boringssl/crypto/asn1/a_d2i_fp.c:61:\nIn file included from third_party/boringssl/include/openssl/buf.h:60:\nthird_party/boringssl/include/openssl/base.h:219:31: error: redefinition of typedef 'ASN1_T61STRING' is a C11 feature [-Werror,-Wtypedef-redefinition]\ntypedef struct asn1_string_st ASN1_T61STRING;\n                              ^\n/usr/local/opt/openssl@3/include/openssl/types.h:50:31: note: previous definition is here\ntypedef struct asn1_string_st ASN1_T61STRING;\n                              ^\nfatal error: too many errors emitted, stopping now [-ferror-limit=]\n20 errors generated.\nIn file included from third_party/boringssl/crypto/asn1/a_mbstr.c:62:\nIn file included from third_party/boringssl/include/openssl/mem.h:60:\nthird_party/boringssl/include/openssl/base.h:133:9: error: 'OPENSSL_VERSION_NUMBER' macro redefined [-Werror,-Wmacro-redefined]\n#define OPENSSL_VERSION_NUMBER 0x100020af\n        ^\n/usr/local/opt/openssl@3/include/openssl/opensslv.h:99:10: note: previous definition is here\n# define OPENSSL_VERSION_NUMBER          \\\n         ^\nIn file included from third_party/boringssl/crypto/asn1/a_mbstr.c:62:\nIn file included from third_party/boringssl/include/openssl/mem.h:60:\nthird_party/boringssl/include/openssl/base.h:168:9: error: 'OPENSSL_EXPORT' macro redefined [-Werror,-Wmacro-redefined]\n#define OPENSSL_EXPORT\n        ^\n/usr/local/opt/openssl@3/include/openssl/e_os2.h:183:11: note: previous definition is here\n#  define OPENSSL_EXPORT extern\n          ^\nIn file included from third_party/boringssl/crypto/asn1/a_mbstr.c:62:\nIn file included from third_party/boringssl/include/openssl/mem.h:60:\nthird_party/boringssl/include/openssl/base.h:202:13: error: typedef redefinition with different types ('int' vs 'struct crypto_threadid_st')\ntypedef int CRYPTO_THREADID;\n            ^\n/usr/local/opt/openssl@3/include/openssl/crypto.h:308:3: note: previous definition is here\n} CRYPTO_THREADID;\n  ^\nIn file included from third_party/boringssl/crypto/asn1/a_mbstr.c:62:\nIn file included from third_party/boringssl/include/openssl/mem.h:60:\nthird_party/boringssl/include/openssl/base.h:204:13: error: redefinition of typedef 'ASN1_BOOLEAN' is a C11 feature [-Werror,-Wtypedef-redefinition]\ntypedef int ASN1_BOOLEAN;\n            ^\n/usr/local/opt/openssl@3/include/openssl/types.h:61:13: note: previous definition is here\ntypedef int ASN1_BOOLEAN;\n            ^\nIn file included from third_party/boringssl/crypto/asn1/a_mbstr.c:62:\nIn file included from third_party/boringssl/include/openssl/mem.h:60:\nthird_party/boringssl/include/openssl/base.h:205:13: error: redefinition of typedef 'ASN1_NULL' is a C11 feature [-Werror,-Wtypedef-redefinition]\ntypedef int ASN1_NULL;\n            ^\n/usr/local/opt/openssl@3/include/openssl/types.h:62:13: note: previous definition is here\ntypedef int ASN1_NULL;\n            ^\nIn file included from third_party/boringssl/crypto/asn1/a_mbstr.c:62:\nIn file included from third_party/boringssl/include/openssl/mem.h:60:\nthird_party/boringssl/include/openssl/base.h:206:29: error: redefinition of typedef 'ASN1_ITEM' is a C11 feature [-Werror,-Wtypedef-redefinition]\ntypedef struct ASN1_ITEM_st ASN1_ITEM;\n                            ^\n/usr/local/opt/openssl@3/include/openssl/types.h:69:29: note: previous definition is here\ntypedef struct ASN1_ITEM_st ASN1_ITEM;\n                            ^\nIn file included from third_party/boringssl/crypto/asn1/a_mbstr.c:62:\nIn file included from third_party/boringssl/include/openssl/mem.h:60:\nthird_party/boringssl/include/openssl/base.h:207:31: error: redefinition of typedef 'ASN1_OBJECT' is a C11 feature [-Werror,-Wtypedef-redefinition]\ntypedef struct asn1_object_st ASN1_OBJECT;\n                              ^\n/usr/local/opt/openssl@3/include/openssl/types.h:66:31: note: previous definition is here\ntypedef struct asn1_object_st ASN1_OBJECT;\n                              ^\nIn file included from third_party/boringssl/crypto/asn1/a_mbstr.c:62:\nIn file included from third_party/boringssl/include/openssl/mem.h:60:\nthird_party/boringssl/include/openssl/base.h:208:29: error: redefinition of typedef 'ASN1_PCTX' is a C11 feature [-Werror,-Wtypedef-redefinition]\ntypedef struct asn1_pctx_st ASN1_PCTX;\n                            ^\n/usr/local/opt/openssl@3/include/openssl/types.h:70:29: note: previous definition is here\ntypedef struct asn1_pctx_st ASN1_PCTX;\n                            ^\nIn file included from third_party/boringssl/crypto/asn1/a_mbstr.c:62:\nIn file included from third_party/boringssl/include/openssl/mem.h:60:\nthird_party/boringssl/include/openssl/base.h:209:31: error: redefinition of typedef 'ASN1_BIT_STRING' is a C11 feature [-Werror,-Wtypedef-redefinition]\ntypedef struct asn1_string_st ASN1_BIT_STRING;\n                              ^\n/usr/local/opt/openssl@3/include/openssl/types.h:47:31: note: previous definition is here\ntypedef struct asn1_string_st ASN1_BIT_STRING;\n                              ^\nIn file included from third_party/boringssl/crypto/asn1/a_mbstr.c:62:\nIn file included from third_party/boringssl/include/openssl/mem.h:60:\nthird_party/boringssl/include/openssl/base.h:210:31: error: redefinition of typedef 'ASN1_BMPSTRING' is a C11 feature [-Werror,-Wtypedef-redefinition]\ntypedef struct asn1_string_st ASN1_BMPSTRING;\n                              ^\n/usr/local/opt/openssl@3/include/openssl/types.h:54:31: note: previous definition is here\ntypedef struct asn1_string_st ASN1_BMPSTRING;\n                              ^\nIn file included from third_party/boringssl/crypto/asn1/a_mbstr.c:62:\nIn file included from third_party/boringssl/include/openssl/mem.h:60:\nthird_party/boringssl/include/openssl/base.h:211:31: error: redefinition of typedef 'ASN1_ENUMERATED' is a C11 feature [-Werror,-Wtypedef-redefinition]\ntypedef struct asn1_string_st ASN1_ENUMERATED;\n                              ^\n/usr/local/opt/openssl@3/include/openssl/types.h:46:31: note: previous definition is here\ntypedef struct asn1_string_st ASN1_ENUMERATED;\n                              ^\nIn file included from third_party/boringssl/crypto/asn1/a_mbstr.c:62:\nIn file included from third_party/boringssl/include/openssl/mem.h:60:\nthird_party/boringssl/include/openssl/base.h:212:31: error: redefinition of typedef 'ASN1_GENERALIZEDTIME' is a C11 feature [-Werror,-Wtypedef-redefinition]\ntypedef struct asn1_string_st ASN1_GENERALIZEDTIME;\n                              ^\n/usr/local/opt/openssl@3/include/openssl/types.h:57:31: note: previous definition is here\ntypedef struct asn1_string_st ASN1_GENERALIZEDTIME;\n                              ^\nIn file included from third_party/boringssl/crypto/asn1/a_mbstr.c:62:\nIn file included from third_party/boringssl/include/openssl/mem.h:60:\nthird_party/boringssl/include/openssl/base.h:213:31: error: redefinition of typedef 'ASN1_GENERALSTRING' is a C11 feature [-Werror,-Wtypedef-redefinition]\ntypedef struct asn1_string_st ASN1_GENERALSTRING;\n                              ^\n/usr/local/opt/openssl@3/include/openssl/types.h:52:31: note: previous definition is here\ntypedef struct asn1_string_st ASN1_GENERALSTRING;\n                              ^\nIn file included from third_party/boringssl/crypto/asn1/a_mbstr.c:62:\nIn file included from third_party/boringssl/include/openssl/mem.h:60:\nthird_party/boringssl/include/openssl/base.h:214:31: error: redefinition of typedef 'ASN1_IA5STRING' is a C11 feature [-Werror,-Wtypedef-redefinition]\ntypedef struct asn1_string_st ASN1_IA5STRING;\n                              ^\n/usr/local/opt/openssl@3/include/openssl/types.h:51:31: note: previous definition is here\ntypedef struct asn1_string_st ASN1_IA5STRING;\n                              ^\nIn file included from third_party/boringssl/crypto/asn1/a_mbstr.c:62:\nIn file included from third_party/boringssl/include/openssl/mem.h:60:\nthird_party/boringssl/include/openssl/base.h:215:31: error: redefinition of typedef 'ASN1_INTEGER' is a C11 feature [-Werror,-Wtypedef-redefinition]\ntypedef struct asn1_string_st ASN1_INTEGER;\n                              ^\n/usr/local/opt/openssl@3/include/openssl/types.h:45:31: note: previous definition is here\ntypedef struct asn1_string_st ASN1_INTEGER;\n                              ^\nIn file included from third_party/boringssl/crypto/asn1/a_mbstr.c:62:\nIn file included from third_party/boringssl/include/openssl/mem.h:60:\nthird_party/boringssl/include/openssl/base.h:216:31: error: redefinition of typedef 'ASN1_OCTET_STRING' is a C11 feature [-Werror,-Wtypedef-redefinition]\ntypedef struct asn1_string_st ASN1_OCTET_STRING;\n                              ^\n/usr/local/opt/openssl@3/include/openssl/types.h:48:31: note: previous definition is here\ntypedef struct asn1_string_st ASN1_OCTET_STRING;\n                              ^\nIn file included from third_party/boringssl/crypto/asn1/a_mbstr.c:62:\nIn file included from third_party/boringssl/include/openssl/mem.h:60:\nthird_party/boringssl/include/openssl/base.h:217:31: error: redefinition of typedef 'ASN1_PRINTABLESTRING' is a C11 feature [-Werror,-Wtypedef-redefinition]\ntypedef struct asn1_string_st ASN1_PRINTABLESTRING;\n                              ^\n/usr/local/opt/openssl@3/include/openssl/types.h:49:31: note: previous definition is here\ntypedef struct asn1_string_st ASN1_PRINTABLESTRING;In file included from \nthird_party/boringssl/crypto/asn1/a_enum.c                              ^:\n62In file included from third_party/boringssl/crypto/asn1/a_mbstr.c:62:\nIn file included from third_party/boringssl/include/openssl/mem.h:60:\nthird_party/boringssl/include/openssl/base.h:218:31: error: redefinition of typedef 'ASN1_STRING' is a C11 feature [-Werror,-Wtypedef-redefinition]\ntypedef struct asn1_string_st ASN1_STRING;\n                              ^\n/usr/local/opt/openssl@3/include/openssl/types.h:60:31: :\nnote: previous definition is here\nIn file included from third_party/boringssl/include/openssl/mem.h:60:\nthird_party/boringssl/include/openssl/base.htypedef struct asn1_string_st ASN1_STRING;:133:9: error: 'OPENSSL_VERSION_NUMBER' macro redefined [-Werror,-Wmacro-redefined]\n\n                              ^\nIn file included from third_party/boringssl/crypto/asn1/a_mbstr.c:62:\nIn file included from third_party/boringssl/include/openssl/mem.h:#define OPENSSL_VERSION_NUMBER 0x100020af60\n:\n        ^third_party/boringssl/include/openssl/base.h\n:/usr/local/opt/openssl@3/include/openssl/opensslv.h:99:10: note: previous definition is here\n219# define OPENSSL_VERSION_NUMBER          \\\n:         ^31: error: \nredefinition of typedef 'ASN1_T61STRING' is a C11 feature [-Werror,-Wtypedef-redefinition]20 errors\nIn file included from third_party/boringssl/crypto/asn1/a_enum.c:62:\nIn file included from third_party/boringssl/include/openssl/mem.h:60:\nthird_party/boringssl/include/openssl/base.h:168:9: error: 'OPENSSL_EXPORT' macro redefined [-Werror,-Wmacro-redefined]\n#define OPENSSL_EXPORT\n        ^\n/usr/local/opt/openssl@3/include/openssl/e_os2.h:183:typedef struct asn1_string_st ASN1_T61STRING;\n generated                              ^\n.\n/usr/local/opt/openssl@3/include/openssl/types.h:50:31: note: previous definition is here\ntypedef struct asn1_string_st ASN1_T61STRING;\n                              ^\nfatal error11: too many errors emitted, stopping now [-ferror-limit=]\n: note: previous definition is here\n#  define OPENSSL_EXPORT extern\n          ^\nIn file included from third_party/boringssl/crypto/asn1/a_enum.c:62:\nIn file included from third_party/boringssl/include/openssl/mem.h:60:\nthird_party/boringssl/include/openssl/base.h:202:13: error: typedef redefinition with different types ('int' vs 'struct crypto_threadid_st')\ntypedef int CRYPTO_THREADID;\n            ^\n/usr/local/opt/openssl@3/include/openssl/crypto.h:308:3: note: previous definition is here\n} CRYPTO_THREADID;\n  ^\nIn file included from third_party/boringssl/crypto/asn1/a_enum.c:62:\nIn file included from third_party/boringssl/include/openssl/mem.h:60:\nthird_party/boringssl/include/openssl/base.h:204:13: error: redefinition of typedef 'ASN1_BOOLEAN' is a C11 feature [-Werror,-Wtypedef-redefinition]\ntypedef int ASN1_BOOLEAN;\n            ^\n/usr/local/opt/openssl@3/include/openssl/types.h:61:13: note: previous definition is here\ntypedef int ASN1_BOOLEAN;\n            ^\nIn file included from third_party/boringssl/crypto/asn1/a_enum.c:62:\nIn file included from third_party/boringssl/include/openssl/mem.h:60:\nthird_party/boringssl/include/openssl/base.h:205:13: error: redefinition of typedef 'ASN1_NULL' is a C11 feature [-Werror,-Wtypedef-redefinition]\ntypedef int ASN1_NULL;\n            ^\n/usr/local/opt/openssl@3/include/openssl/types.h:62:13: note: previous definition is here\ntypedef int ASN1_NULL;\n            ^\nIn file included from third_party/boringssl/crypto/asn1/a_enum.c:62:\nIn file included from third_party/boringssl/include/openssl/mem.h:60:\nthird_party/boringssl/include/openssl/base.h:206:29: error: redefinition of typedef 'ASN1_ITEM' is a C11 feature [-Werror,-Wtypedef-redefinition]\ntypedef struct ASN1_ITEM_st ASN1_ITEM;\n                            ^\n/usr/local/opt/openssl@3/include/openssl/types.h:69:29: note: previous definition is here\ntypedef struct ASN1_ITEM_st ASN1_ITEM;\n                            ^\nIn file included from third_party/boringssl/crypto/asn1/a_enum.c:62:\nIn file included from third_party/boringssl/include/openssl/mem.h:60:\nthird_party/boringssl/include/openssl/base.h:207:31make: *** [/Users/runner/actions-runner/_work/python.build/python.build/build_grpcio16039/grpcio-1.6.0/objs/opt/third_party/boringssl/crypto/asn1/a_object.o] Error 1\n: error: redefinition of typedef 'ASN1_OBJECT' is a C11 feature [-Werror,-Wtypedef-redefinition]\ntypedef struct asn1_object_st ASN1_OBJECT;\n                              ^\n/usr/local/opt/openssl@3/include/openssl/types.h:66:31: note: previous definition is here\ntypedef struct asn1_object_st ASN1_OBJECT;\n                              ^\nIn file included from third_party/boringssl/crypto/asn1/a_enum.c:62:\nIn file included from third_party/boringssl/include/openssl/mem.h:60:\nthird_party/boringssl/include/openssl/base.h:208:29: error: redefinition of typedef 'ASN1_PCTX' is a C11 feature [-Werror,-Wtypedef-redefinition]\ntypedef struct asn1_pctx_st ASN1_PCTX;\n                            ^\n/usr/local/opt/openssl@3/include/openssl/types.h:70:29: note: previous definition is here\ntypedef struct asn1_pctx_st ASN1_PCTX;\n                            ^\nIn file included from third_party/boringssl/crypto/asn1/a_enum.c:62:\nIn file included from third_party/boringssl/include/openssl/mem.h:60:\nthird_party/boringssl/include/openssl/base.h:209:31: error: redefinition of typedef 'ASN1_BIT_STRING' is a C11 feature [-Werror,-Wtypedef-redefinition]\ntypedef struct asn1_string_st ASN1_BIT_STRING;\n                              ^\n/usr/local/opt/openssl@3/include/openssl/types.h:47:31: note: previous definition is here\ntypedef struct asn1_string_st ASN1_BIT_STRING;\n                              ^\nIn file included from third_party/boringssl/crypto/asn1/a_enum.c:62:\nIn file included from third_party/boringssl/include/openssl/mem.h:60:\nthird_party/boringssl/include/openssl/base.h:210:31: error: redefinition of typedef 'ASN1_BMPSTRING' is a C11 feature [-Werror,-Wtypedef-redefinition]\ntypedef struct asn1_string_st ASN1_BMPSTRING;\n                              ^\n/usr/local/opt/openssl@3/include/openssl/types.h:54:31: note: previous definition is here\ntypedef struct asn1_string_st ASN1_BMPSTRING;\n                              ^\nIn file included from third_party/boringssl/crypto/asn1/a_enum.c:62:\nIn file included from third_party/boringssl/include/openssl/mem.h:60:\nthird_party/boringssl/include/openssl/base.h:211:31: error: redefinition of typedef 'ASN1_ENUMERATED' is a C11 feature [-Werror,-Wtypedef-redefinition]\ntypedef struct asn1_string_st ASN1_ENUMERATED;\n                              ^\n/usr/local/opt/openssl@3/include/openssl/types.h:46:31: note: previous definition is here\ntypedef struct asn1_string_st ASN1_ENUMERATED;\n                              ^\nIn file included from third_party/boringssl/crypto/asn1/a_enum.c:62:\nIn file included from third_party/boringssl/include/openssl/mem.h:60:\nthird_party/boringssl/include/openssl/base.h:212:31: error: redefinition of typedef 'ASN1_GENERALIZEDTIME' is a C11 feature [-Werror,-Wtypedef-redefinition]\ntypedef struct asn1_string_st ASN1_GENERALIZEDTIME;\n                              ^\n/usr/local/opt/openssl@3/include/openssl/types.h:57:31: note: previous definition is here\ntypedef struct asn1_string_st ASN1_GENERALIZEDTIME;\n                              ^\nIn file included from third_party/boringssl/crypto/asn1/a_enum.c:62:\nIn file included from third_party/boringssl/include/openssl/mem.h:60:\nthird_party/boringssl/include/openssl/base.h:213:31: error: redefinition of typedef 'ASN1_GENERALSTRING' is a C11 feature [-Werror,-Wtypedef-redefinition]\nIn file included from third_party/boringssl/crypto/asn1/a_bitstr.c:typedef struct asn1_string_st ASN1_GENERALSTRING;\n                              ^\n/usr/local/opt/openssl@3/include/openssl/types.h:6252:\n:In file included from third_party/boringssl/include/openssl/mem.h:60:\nthird_party/boringssl/include/openssl/base.h:133:9: error: 'OPENSSL_VERSION_NUMBER' macro redefined [-Werror,-Wmacro-redefined]\n31:#define OPENSSL_VERSION_NUMBER 0x100020af \nnote        ^: \nprevious definition is here\n/usr/local/opt/openssl@3/include/openssl/opensslv.h:99:10:typedef struct asn1_string_st ASN1_GENERALSTRING; \nnote                              ^: \nprevious definition is here\n# define OPENSSL_VERSION_NUMBER          \\\n         ^\nIn file included from In file included from third_party/boringssl/crypto/asn1/a_bitstr.cthird_party/boringssl/crypto/asn1/a_enum.c::6262:\n:\nIn file included from third_party/boringssl/include/openssl/mem.h:60:\nthird_party/boringssl/include/openssl/base.h:214:31:In file included from third_party/boringssl/include/openssl/mem.h:60:\nthird_party/boringssl/include/openssl/base.h:168:9: error: 'OPENSSL_EXPORT' macro redefined [-Werror,-Wmacro-redefined]\n#define OPENSSL_EXPORT\n        ^\n/usr/local/opt/openssl@3/include/openssl/e_os2.h:183:11: note: previous definition is here\n error: redefinition of typedef 'ASN1_IA5STRING' is a C11 feature [-Werror,-Wtypedef-redefinition]#  define OPENSSL_EXPORT extern\n\n          ^\ntypedef struct asn1_string_st ASN1_IA5STRING;\n                              ^\n/usr/local/opt/openssl@3/include/openssl/types.h:51:31: note: previous definition is here\ntypedef struct asn1_string_st ASN1_IA5STRING;\n                              ^\nIn file included from third_party/boringssl/crypto/asn1/a_enum.c:62:\nIn file included from third_party/boringssl/include/openssl/mem.h:60:\nthird_party/boringssl/include/openssl/base.h:215:In file included from third_party/boringssl/crypto/asn1/a_bitstr.c:62:\nIn file included from third_party/boringssl/include/openssl/mem.h:60:\nthird_party/boringssl/include/openssl/base.h:202:13: error: typedef redefinition with different types ('int' vs 'struct crypto_threadid_st')\ntypedef int CRYPTO_THREADID;\n            ^\n31: error: redefinition of typedef 'ASN1_INTEGER' is a C11 feature [-Werror,-Wtypedef-redefinition]\ntypedef struct asn1_string_st ASN1_INTEGER;\n                              ^\n/usr/local/opt/openssl@3/include/openssl/crypto.h:308:3: note: previous definition is here\n} CRYPTO_THREADID;\n  ^\nIn file included from third_party/boringssl/crypto/asn1/a_bitstr.c:62:\nIn file included from third_party/boringssl/include/openssl/mem.h:/usr/local/opt/openssl@3/include/openssl/types.h:60:\nthird_party/boringssl/include/openssl/base.h:204:13: error: redefinition of typedef 'ASN1_BOOLEAN' is a C11 feature [-Werror,-Wtypedef-redefinition]\ntypedef int ASN1_BOOLEAN;\n            ^\n/usr/local/opt/openssl@3/include/openssl/types.h:61:13: note: 45:31: note: previous definition is here\ntypedef struct asn1_string_st ASN1_INTEGER;\n                              ^\nprevious definition is here\nIn file included from third_party/boringssl/crypto/asn1/a_enum.c:62:\nIn file included from third_party/boringssl/include/openssl/mem.h:typedef int ASN1_BOOLEAN;60:\nmake: *** [/Users/runner/actions-runner/_work/python.build/python.build/build_grpcio16039/grpcio-1.6.0/objs/opt/third_party/boringssl/crypto/asn1/a_d2i_fp.o] Error 1\nthird_party/boringssl/include/openssl/base.h\n:216:31:            ^ \nerror: In file included from third_party/boringssl/crypto/asn1/a_bitstr.c:62:\nredefinition of typedef 'ASN1_OCTET_STRING' is a C11 feature [-Werror,-Wtypedef-redefinition]\ntypedef struct asn1_string_st ASN1_OCTET_STRING;\n                              ^\n/usr/local/opt/openssl@3/include/openssl/types.h:48:31: note: previous definition is here\nIn file included from third_party/boringssl/include/openssl/mem.htypedef struct asn1_string_st ASN1_OCTET_STRING;:\n60                              ^:\n\nthird_party/boringssl/include/openssl/base.h:205:13: error: redefinition of typedef 'ASN1_NULL' is a C11 feature [-Werror,-Wtypedef-redefinition]\nIn file included from third_party/boringssl/crypto/asn1/a_enum.c:62:\nIn file included from third_party/boringssl/include/openssl/mem.htypedef int ASN1_NULL;:\n60            ^:\n\nthird_party/boringssl/include/openssl/base.h:217:31:/usr/local/opt/openssl@3/include/openssl/types.h :error62: :redefinition of typedef 'ASN1_PRINTABLESTRING' is a C11 feature [-Werror,-Wtypedef-redefinition]13\n: note: previous definition is here\ntypedef struct asn1_string_st ASN1_PRINTABLESTRING;typedef int ASN1_NULL;\n\n                              ^            ^\n\n/usr/local/opt/openssl@3/include/openssl/types.h:49:31: note: previous definition is here\nIn file included from typedef struct asn1_string_st ASN1_PRINTABLESTRING;third_party/boringssl/crypto/asn1/a_bitstr.c\n:                              ^62\n:\nIn file included from third_party/boringssl/include/openssl/mem.h:60:\nIn file included from third_party/boringssl/include/openssl/base.hthird_party/boringssl/crypto/asn1/a_enum.c::20662::\n29In file included from :third_party/boringssl/include/openssl/mem.h :error60: :\nredefinition of typedef 'ASN1_ITEM' is a C11 feature [-Werror,-Wtypedef-redefinition]third_party/boringssl/include/openssl/base.h\n:218:31: errortypedef struct ASN1_ITEM_st ASN1_ITEM;: \nredefinition of typedef 'ASN1_STRING' is a C11 feature [-Werror,-Wtypedef-redefinition]                            ^\n/usr/local/opt/openssl@3/include/openssl/types.h:69:29: note: previous definition is here\ntypedef struct ASN1_ITEM_st ASN1_ITEM;\n                            ^\nIn file included from third_party/boringssl/crypto/asn1/a_bitstr.c:62:\nIn file included from third_party/boringssl/include/openssl/mem.h:60:\nthird_party/boringssl/include/openssl/base.h:207:31: error: redefinition of typedef 'ASN1_OBJECT' is a C11 feature [-Werror,-Wtypedef-redefinition]\ntypedef struct asn1_object_st ASN1_OBJECT;\n                              ^\n/usr/local/opt/openssl@3/include/openssl/types.h:66:31: note: previous definition is here\ntypedef struct asn1_object_st ASN1_OBJECT;\n                              ^\nIn file included from third_party/boringssl/crypto/asn1/a_bitstr.c:62:\nIn file included from In file included from third_party/boringssl/crypto/asn1/a_gentm.cthird_party/boringssl/include/openssl/mem.h::6360:\n:\nIn file included from \nthird_party/boringssl/include/openssl/mem.h:60:\nIn file included from third_party/boringssl/include/openssl/base.h:133third_party/boringssl/crypto/asn1/a_i2d_fp.cthird_party/boringssl/include/openssl/base.htypedef struct asn1_string_st ASN1_STRING;\n:::60                              ^:\n\n9In file included from :/usr/local/opt/openssl@3/include/openssl/types.h :error60:third_party/boringssl/include/openssl/mem.h31::60208:\n:29third_party/boringssl/include/openssl/base.h::   error: 'OPENSSL_VERSION_NUMBER' macro redefined [-Werror,-Wmacro-redefined]\nnote:133:redefinition of typedef 'ASN1_PCTX' is a C11 feature [-Werror,-Wtypedef-redefinition]9\n: error: 'OPENSSL_VERSION_NUMBER' macro redefined [-Werror,-Wmacro-redefined]\n#define OPENSSL_VERSION_NUMBER 0x100020af#define OPENSSL_VERSION_NUMBER 0x100020af\n\n        ^        ^\ntypedef struct asn1_pctx_st ASN1_PCTX;\n                            ^: \nprevious definition is here\n/usr/local/opt/openssl@3/include/openssl/opensslv.h:/usr/local/opt/openssl@3/include/openssl/types.h99::\n10:typedef struct asn1_string_st ASN1_STRING;\n70                              ^\n:29:  note: note: previous definition is here\nprevious definition is hereIn file included from \nthird_party/boringssl/crypto/asn1/a_enum.c:62/usr/local/opt/openssl@3/include/openssl/opensslv.h:\n:In file included from 99third_party/boringssl/include/openssl/mem.h::1060:typedef struct asn1_pctx_st ASN1_PCTX;20# define OPENSSL_VERSION_NUMBER          \\ error:\nsthird_party/boringssl/include/openssl/base.h:\n\n generated note         ^\n219.\n: previous definition is here\n:31: errorIn file included from : third_party/boringssl/crypto/asn1/a_gentm.credefinition of typedef 'ASN1_T61STRING' is a C11 feature [-Werror,-Wtypedef-redefinition]:\n63:\nIn file included from third_party/boringssl/include/openssl/mem.h:60:\nthird_party/boringssl/include/openssl/base.h:168:9: error: 'OPENSSL_EXPORT' macro redefined [-Werror,-Wmacro-redefined]\n# define OPENSSL_VERSION_NUMBER          \\\n#define OPENSSL_EXPORT         ^typedef struct asn1_string_st ASN1_T61STRING;\n\n                            ^                              ^\n\n\n        ^\n/usr/local/opt/openssl@3/include/openssl/e_os2.h:183:11: note: In file included from previous definition is herethird_party/boringssl/crypto/asn1/a_i2d_fp.c:In file included from /usr/local/opt/openssl@3/include/openssl/types.hthird_party/boringssl/crypto/asn1/a_bitstr.c:\n60::\nIn file included from 62third_party/boringssl/include/openssl/mem.h:\n:In file included from 60third_party/boringssl/include/openssl/mem.h:\n:third_party/boringssl/include/openssl/base.h60::\n50third_party/boringssl/include/openssl/base.h#  define OPENSSL_EXPORT extern:168:9\n:           ^31: \nerror: 'OPENSSL_EXPORT' macro redefined [-Werror,-Wmacro-redefined]\n#define OPENSSL_EXPORT\n        ^\n/usr/local/opt/openssl@3/include/openssl/e_os2.h:183:11: note: note: previous definition is here\ntypedef struct asn1_string_st ASN1_T61STRING;\n                              ^\nprevious definition is here\nfatal error: too many errors emitted, stopping now [-ferror-limit=]\n#  define OPENSSL_EXPORT extern\n          ^\n:209:31: error: redefinition of typedef 'ASN1_BIT_STRING' is a C11 feature [-Werror,-Wtypedef-redefinition]In file included from third_party/boringssl/crypto/asn1/a_gentm.c:\ntypedef struct asn1_string_st ASN1_BIT_STRING;\n                              ^\n/usr/local/opt/openssl@3/include/openssl/types.h:47:31: note: previous definition is here\n63:\nIn file included from third_party/boringssl/include/openssl/mem.h:60:\nthird_party/boringssl/include/openssl/base.h:202:13typedef struct asn1_string_st ASN1_BIT_STRING;In file included from \nthird_party/boringssl/crypto/asn1/a_i2d_fp.c                              ^:\n60:\nIn file included from third_party/boringssl/include/openssl/mem.h:60:\nthird_party/boringssl/include/openssl/base.h:202:13: error: typedef redefinition with different types ('int' vs 'struct crypto_threadid_st')\nIn file included from typedef int CRYPTO_THREADID;\n:            ^ \nerror: typedef redefinition with different types ('int' vs 'struct crypto_threadid_st')third_party/boringssl/crypto/asn1/a_bitstr.c:62:\nIn file included from third_party/boringssl/include/openssl/mem.h\n/usr/local/opt/openssl@3/include/openssl/crypto.h:308:3: note: previous definition is here\ntypedef int CRYPTO_THREADID;\n            ^\n:60:\nthird_party/boringssl/include/openssl/base.h:210:31: error: redefinition of typedef 'ASN1_BMPSTRING' is a C11 feature [-Werror,-Wtypedef-redefinition]\n} CRYPTO_THREADID;\n  ^\n/usr/local/opt/openssl@3/include/openssl/crypto.h:308typedef struct asn1_string_st ASN1_BMPSTRING;:\n3                              ^\n/usr/local/opt/openssl@3/include/openssl/types.h:54:31In file included from :third_party/boringssl/crypto/asn1/a_i2d_fp.c :note60: :\nprevious definition is hereIn file included from \nthird_party/boringssl/include/openssl/mem.h:60:\nthird_party/boringssl/include/openssl/base.h:typedef struct asn1_string_st ASN1_BMPSTRING;204\n:                              ^13\n: error: redefinition of typedef 'ASN1_BOOLEAN' is a C11 feature [-Werror,-Wtypedef-redefinition]\nIn file included from third_party/boringssl/crypto/asn1/a_bitstr.ctypedef int ASN1_BOOLEAN;\n            ^\n: note: /usr/local/opt/openssl@3/include/openssl/types.hprevious definition is here:\n61:13: :62:\nIn file included from third_party/boringssl/include/openssl/mem.h:60:\nthird_party/boringssl/include/openssl/base.h:211:31: error: redefinition of typedef 'ASN1_ENUMERATED' is a C11 feature [-Werror,-Wtypedef-redefinition]} CRYPTO_THREADID;\nnote:   ^previous definition is here\n\ntypedef int ASN1_BOOLEAN;\n            ^\n\nIn file included from typedef struct asn1_string_st ASN1_ENUMERATED;third_party/boringssl/crypto/asn1/a_i2d_fp.c:60:\nIn file included from \n                              ^\nthird_party/boringssl/crypto/asn1/a_gentm.c/usr/local/opt/openssl@3/include/openssl/types.h::6346:\n:31In file included from :third_party/boringssl/include/openssl/mem.h :note60In file included from :\nthird_party/boringssl/include/openssl/base.hthird_party/boringssl/include/openssl/mem.h:204::1360::\n errorthird_party/boringssl/include/openssl/base.h: :redefinition of typedef 'ASN1_BOOLEAN' is a C11 feature [-Werror,-Wtypedef-redefinition]205\n:13: error: redefinition of typedef 'ASN1_NULL' is a C11 feature [-Werror,-Wtypedef-redefinition]\ntypedef int ASN1_BOOLEAN;\n            ^\ntypedef int ASN1_NULL;\n            ^: \nprevious definition is here\n/usr/local/opt/openssl@3/include/openssl/types.h:62:/usr/local/opt/openssl@3/include/openssl/types.h13:61:13: note: :previous definition is heretypedef struct asn1_string_st ASN1_ENUMERATED;\n                              ^\nIn file included from third_party/boringssl/crypto/asn1/a_bitstr.c:62:\nIn file included from third_party/boringssl/include/openssl/mem.h:60:\nthird_party/boringssl/include/openssl/base.h:212:31: error: redefinition of typedef 'ASN1_GENERALIZEDTIME' is a C11 feature [-Werror,-Wtypedef-redefinition]\n\ntypedef struct asn1_string_st ASN1_GENERALIZEDTIME;\n                              ^\n /usr/local/opt/openssl@3/include/openssl/types.hnote:: 57:previous definition is here31:typedef int ASN1_BOOLEAN; \n            ^\n\ntypedef int ASN1_NULL;\n            ^\nIn file included from third_party/boringssl/crypto/asn1/a_gentm.c:63:\nIn file included from third_party/boringssl/include/openssl/mem.h:60:\nthird_party/boringssl/include/openssl/base.h:205:In file included from 13third_party/boringssl/crypto/asn1/a_i2d_fp.c:: 60:\nIn file included from third_party/boringssl/include/openssl/mem.hnote:: previous definition is here\nerror: redefinition of typedef 'ASN1_NULL' is a C11 feature [-Werror,-Wtypedef-redefinition]\ntypedef struct asn1_string_st ASN1_GENERALIZEDTIME;\n                              ^\ntypedef int ASN1_NULL;\n            ^\n60In file included from third_party/boringssl/crypto/asn1/a_bitstr.c:62:\n/usr/local/opt/openssl@3/include/openssl/types.h:62:third_party/boringssl/include/openssl/base.h:206:29: error: :\n13: redefinition of typedef 'ASN1_ITEM' is a C11 feature [-Werror,-Wtypedef-redefinition]note: \nprevious definition is here\ntypedef int ASN1_NULL;\n            ^\nIn file included from third_party/boringssl/include/openssl/mem.h:60:\ntypedef struct ASN1_ITEM_st ASN1_ITEM;third_party/boringssl/include/openssl/base.h:213:31: error: redefinition of typedef 'ASN1_GENERALSTRING' is a C11 feature [-Werror,-Wtypedef-redefinition]\n\n                            ^typedef struct asn1_string_st ASN1_GENERALSTRING;\n                              ^\n\n/usr/local/opt/openssl@3/include/openssl/types.h:/usr/local/opt/openssl@3/include/openssl/types.h52::6931:: note: In file included from previous definition is herethird_party/boringssl/crypto/asn1/a_gentm.c\n:63:\nIn file included from third_party/boringssl/include/openssl/mem.h:60:\ntypedef struct asn1_string_st ASN1_GENERALSTRING;third_party/boringssl/include/openssl/base.h\n:                              ^206\n:29:29: error: In file included from redefinition of typedef 'ASN1_ITEM' is a C11 feature [-Werror,-Wtypedef-redefinition]third_party/boringssl/crypto/asn1/a_bitstr.c\n:62:\nIn file included from third_party/boringssl/include/openssl/mem.h:60:\nthird_party/boringssl/include/openssl/base.h:214typedef struct ASN1_ITEM_st ASN1_ITEM;\n                            ^\n note: /usr/local/opt/openssl@3/include/openssl/types.hprevious definition is here:\n69:29: note: previous definition is here\ntypedef struct ASN1_ITEM_st ASN1_ITEM;\n                            ^\ntypedef struct ASN1_ITEM_st ASN1_ITEM;\n                            ^:31: error: redefinition of typedef 'ASN1_IA5STRING' is a C11 feature [-Werror,-Wtypedef-redefinition]\ntypedef struct asn1_string_st ASN1_IA5STRING;\nIn file included from \nthird_party/boringssl/crypto/asn1/a_gentm.c:63                              ^\n/usr/local/opt/openssl@3/include/openssl/types.h:51:31: note: previous definition is here\ntypedef struct asn1_string_st ASN1_IA5STRING;\nIn file included from                               ^third_party/boringssl/crypto/asn1/a_i2d_fp.c\n:60:\nIn file included from third_party/boringssl/include/openssl/mem.h:60:\nthird_party/boringssl/include/openssl/base.h:207:31: error: redefinition of typedef 'ASN1_OBJECT' is a C11 feature [-Werror,-Wtypedef-redefinition]In file included from third_party/boringssl/crypto/asn1/a_bitstr.c:62:\n\nIn file included from third_party/boringssl/include/openssl/mem.h:60:\nthird_party/boringssl/include/openssl/base.h:215:31: error: redefinition of typedef 'ASN1_INTEGER' is a C11 feature [-Werror,-Wtypedef-redefinition]\ntypedef struct asn1_object_st ASN1_OBJECT;\n                              ^typedef struct asn1_string_st ASN1_INTEGER;\n\n                              ^/usr/local/opt/openssl@3/include/openssl/types.h:66::\n31In file included from third_party/boringssl/include/openssl/mem.h:60\n:\nthird_party/boringssl/include/openssl/base.h:207:31: error: /usr/local/opt/openssl@3/include/openssl/types.hredefinition of typedef 'ASN1_OBJECT' is a C11 feature [-Werror,-Wtypedef-redefinition]:\n45::31 : typedef struct asn1_object_st ASN1_OBJECT;note\n:                               ^previous definition is here\n\nnote/usr/local/opt/openssl@3/include/openssl/types.h: :66previous definition is here:\n31: note: previous definition is here\ntypedef struct asn1_string_st ASN1_INTEGER;typedef struct asn1_object_st ASN1_OBJECT;typedef struct asn1_object_st ASN1_OBJECT;\n                              ^\n\n\n                              ^                              ^\n\nIn file included from In file included from third_party/boringssl/crypto/asn1/a_i2d_fp.c:60:\nIn file included from third_party/boringssl/include/openssl/mem.h:60:\nthird_party/boringssl/include/openssl/base.h:208:In file included from 29third_party/boringssl/crypto/asn1/a_bitstr.cthird_party/boringssl/crypto/asn1/a_gentm.c:63:\nIn file included from third_party/boringssl/include/openssl/mem.h:62:\n:In file included from 60:\nthird_party/boringssl/include/openssl/mem.hthird_party/boringssl/include/openssl/base.h::20860::\n: error: 29redefinition of typedef 'ASN1_PCTX' is a C11 feature [-Werror,-Wtypedef-redefinition]\n: error: redefinition of typedef 'ASN1_PCTX' is a C11 feature [-Werror,-Wtypedef-redefinition]\nthird_party/boringssl/include/openssl/base.h:216:31: error: typedef struct asn1_pctx_st ASN1_PCTX;redefinition of typedef 'ASN1_OCTET_STRING' is a C11 feature [-Werror,-Wtypedef-redefinition]\n\n                            ^\n/usr/local/opt/openssl@3/include/openssl/types.h:70:29: note: typedef struct asn1_string_st ASN1_OCTET_STRING;previous definition is here\n\n                              ^\n/usr/local/opt/openssl@3/include/openssl/types.h:48:31typedef struct asn1_pctx_st ASN1_PCTX;\ntypedef struct asn1_pctx_st ASN1_PCTX;                            ^\n\n                            ^\n: /usr/local/opt/openssl@3/include/openssl/types.hnote:: 70previous definition is here\ntypedef struct asn1_string_st ASN1_OCTET_STRING;\n                              ^\n:29: In file included from In file included from third_party/boringssl/crypto/asn1/a_bitstr.cthird_party/boringssl/crypto/asn1/a_gentm.c::6263note: :\nprevious definition is here\n:\nIn file included from third_party/boringssl/include/openssl/mem.h:60In file included from :\nthird_party/boringssl/include/openssl/base.hthird_party/boringssl/include/openssl/mem.h::20960::\n31third_party/boringssl/include/openssl/base.h:: 217error:: typedef struct asn1_pctx_st ASN1_PCTX;\n                            ^31\nredefinition of typedef 'ASN1_BIT_STRING' is a C11 feature [-Werror,-Wtypedef-redefinition]: error: redefinition of typedef 'ASN1_PRINTABLESTRING' is a C11 feature [-Werror,-Wtypedef-redefinition]\nIn file included from typedef struct asn1_string_st ASN1_PRINTABLESTRING;third_party/boringssl/crypto/asn1/a_i2d_fp.c\n:                              ^60\n:\nIn file included from /usr/local/opt/openssl@3/include/openssl/types.hthird_party/boringssl/include/openssl/mem.h::4960::\n31third_party/boringssl/include/openssl/base.h:: 209note:: 31previous definition is here\n\ntypedef struct asn1_string_st ASN1_PRINTABLESTRING;\n                              ^\n:In file included from  third_party/boringssl/crypto/asn1/a_bitstr.cerror:: 62:\nIn file included from third_party/boringssl/include/openssl/mem.hredefinition of typedef 'ASN1_BIT_STRING' is a C11 feature [-Werror,-Wtypedef-redefinition]:\n60:\nthird_party/boringssl/include/openssl/base.h:typedef struct asn1_string_st ASN1_BIT_STRING;\n                              ^218:31: error: In file included from redefinition of typedef 'ASN1_STRING' is a C11 feature [-Werror,-Wtypedef-redefinition]third_party/boringssl/crypto/asn1/a_octet.c\ntypedef struct asn1_string_st ASN1_BIT_STRING;\n                              ^\n\ntypedef struct asn1_string_st ASN1_STRING;\n                              ^\n/usr/local/opt/openssl@3/include/openssl/types.h::47:/usr/local/opt/openssl@3/include/openssl/types.h31/usr/local/opt/openssl@3/include/openssl/types.h:60:31: 60::\n In file included from note: third_party/boringssl/include/openssl/mem.h:previous definition is here60\n:\n:47third_party/boringssl/include/openssl/base.h:note: previous definition is here\ntypedef struct asn1_string_st ASN1_BIT_STRING;\n:31                              ^\n133typedef struct asn1_string_st ASN1_STRING;:9: error: 'OPENSSL_VERSION_NUMBER' macro redefined [-Werror,-Wmacro-redefined]In file included from \nthird_party/boringssl/crypto/asn1/a_i2d_fp.c:60:\nIn file included from third_party/boringssl/include/openssl/mem.h:60:\nthird_party/boringssl/include/openssl/base.h::210:31 :note:  errorprevious definition is here: \nredefinition of typedef 'ASN1_BMPSTRING' is a C11 feature [-Werror,-Wtypedef-redefinition]\n\n                              ^\ntypedef struct asn1_string_st ASN1_BIT_STRING;\n                              ^\n#define OPENSSL_VERSION_NUMBER 0x100020af\n        ^\nIn file included from third_party/boringssl/crypto/asn1/a_bitstr.c:62:\nIn file included from third_party/boringssl/include/openssl/mem.h:60typedef struct asn1_string_st ASN1_BMPSTRING;In file included from \nthird_party/boringssl/crypto/asn1/a_gentm.c:                              ^63\n:\n:\n/usr/local/opt/openssl@3/include/openssl/types.h:54:31In file included from :third_party/boringssl/include/openssl/base.h :note219:31: errorthird_party/boringssl/include/openssl/mem.h/usr/local/opt/openssl@3/include/openssl/opensslv.h:99: :10redefinition of typedef 'ASN1_T61STRING' is a C11 feature [-Werror,-Wtypedef-redefinition]:\n note: previous definition is here\n:typedef struct asn1_string_st ASN1_T61STRING;60:\n\nthird_party/boringssl/include/openssl/base.h# define OPENSSL_VERSION_NUMBER          \\:                               ^previous definition is here:\n210:31/usr/local/opt/openssl@3/include/openssl/types.h::\n\n 50         ^:\n31: note: previous definition is here\ntypedef struct asn1_string_st ASN1_BMPSTRING;\n                              ^\ntypedef struct asn1_string_st ASN1_T61STRING;\n                              ^\nIn file included from third_party/boringssl/crypto/asn1/a_octet.c:60:\nIn file included from third_party/boringssl/include/openssl/mem.h:errorIn file included from : redefinition of typedef 'ASN1_BMPSTRING' is a C11 feature [-Werror,-Wtypedef-redefinition]60fatal error\n: third_party/boringssl/crypto/asn1/a_i2d_fp.ctoo many errors emitted, stopping now [-ferror-limit=]:\n60:\nIn file included from third_party/boringssl/include/openssl/mem.h:60:\ntypedef struct asn1_string_st ASN1_BMPSTRING;:\nthird_party/boringssl/include/openssl/base.h\n:168third_party/boringssl/include/openssl/base.h                              ^:\n211:31: /usr/local/opt/openssl@3/include/openssl/types.herror: :redefinition of typedef 'ASN1_ENUMERATED' is a C11 feature [-Werror,-Wtypedef-redefinition]\n9: :error: 'OPENSSL_EXPORT' macro redefined [-Werror,-Wmacro-redefined]\n54:31: note#define OPENSSL_EXPORTtypedef struct asn1_string_st ASN1_ENUMERATED;\n\n        ^                              ^\n: /usr/local/opt/openssl@3/include/openssl/types.hprevious definition is here:\n46\n:/usr/local/opt/openssl@3/include/openssl/e_os2.h:183:11: note: 31previous definition is here:\n note: previous definition is here\ntypedef struct asn1_string_st ASN1_ENUMERATED;\n                              ^\n#  define OPENSSL_EXPORT extern\n          ^typedef struct asn1_string_st ASN1_BMPSTRING;\n                              ^\n\nIn file included from In file included from third_party/boringssl/crypto/asn1/a_i2d_fp.cthird_party/boringssl/crypto/asn1/a_gentm.c::6063:\n:\nIn file included from In file included from third_party/boringssl/include/openssl/mem.hthird_party/boringssl/include/openssl/mem.h::6060:\n:\nthird_party/boringssl/include/openssl/base.hthird_party/boringssl/include/openssl/base.h::212211::3131::  error: redefinition of typedef 'ASN1_ENUMERATED' is a C11 feature [-Werror,-Wtypedef-redefinition]\nerror: redefinition of typedef 'ASN1_GENERALIZEDTIME' is a C11 feature [-Werror,-Wtypedef-redefinition]typedef struct asn1_string_st ASN1_ENUMERATED;\n\n                              ^\n/usr/local/opt/openssl@3/include/openssl/types.h:46:31: note: previous definition is here\ntypedef struct asn1_string_st ASN1_ENUMERATED;\ntypedef struct asn1_string_st ASN1_GENERALIZEDTIME;                              ^\nIn file included from third_party/boringssl/crypto/asn1/a_gentm.c:63\n:\nIn file included from third_party/boringssl/include/openssl/mem.h                              ^:\n60:\nthird_party/boringssl/include/openssl/base.h:212:31In file included from :third_party/boringssl/crypto/asn1/a_octet.c :error/usr/local/opt/openssl@3/include/openssl/types.h: :redefinition of typedef 'ASN1_GENERALIZEDTIME' is a C11 feature [-Werror,-Wtypedef-redefinition]57\n:31: note: previous definition is here\ntypedef struct asn1_string_st ASN1_GENERALIZEDTIME;\n                              ^\n/usr/local/opt/openssl@3/include/openssl/types.h:60:\nIn file included from third_party/boringssl/include/openssl/mem.h:60:\nthird_party/boringssl/include/openssl/base.h:202typedef struct asn1_string_st ASN1_GENERALIZEDTIME;:\n13                              ^\n57:31: note: previous definition is here\ntypedef struct asn1_string_st ASN1_GENERALIZEDTIME;\n                              ^\nIn file included from third_party/boringssl/crypto/asn1/a_i2d_fp.c:60:\nIn file included from third_party/boringssl/crypto/asn1/a_gentm.c:63:\nIn file included from :In file included from third_party/boringssl/include/openssl/mem.hthird_party/boringssl/include/openssl/mem.h:60:\nthird_party/boringssl/include/openssl/base.h:213 ::6031:\n: error: redefinition of typedef 'ASN1_GENERALSTRING' is a C11 feature [-Werror,-Wtypedef-redefinition]\nerror: typedef redefinition with different types ('int' vs 'struct crypto_threadid_st')\ntypedef struct asn1_string_st ASN1_GENERALSTRING;\n                              ^\n/usr/local/opt/openssl@3/include/openssl/types.h:third_party/boringssl/include/openssl/base.h:213:31: errortypedef int CRYPTO_THREADID;: \nmake: redefinition of typedef 'ASN1_GENERALSTRING' is a C11 feature [-Werror,-Wtypedef-redefinition]            ^\n*** [/Users/runner/actions-runner/_work/python.build/python.build/build_grpcio16039/grpcio-1.6.0/objs/opt/third_party/boringssl/crypto/asn1/a_mbstr.o] Error 1\n\n20 errors generated.\n52:31: note: previous definition is here\ntypedef struct asn1_string_st ASN1_GENERALSTRING;/usr/local/opt/openssl@3/include/openssl/crypto.h\n:308                              ^:\n/usr/local/opt/openssl@3/include/openssl/types.h:352:: 31note:: previous definition is here\ntypedef struct asn1_string_st ASN1_GENERALSTRING; note: } CRYPTO_THREADID;previous definition is here\n\n  ^\ntypedef struct asn1_string_st ASN1_GENERALSTRING;\n                              ^\nIn file included from third_party/boringssl/crypto/asn1/a_gentm.c:63:\nIn file included from third_party/boringssl/include/openssl/mem.h:60:\nthird_party/boringssl/include/openssl/base.h:214:31: error: redefinition of typedef 'ASN1_IA5STRING' is a C11 feature [-Werror,-Wtypedef-redefinition]\ntypedef struct asn1_string_st ASN1_IA5STRING;\n                              ^\nIn file included from /usr/local/opt/openssl@3/include/openssl/types.hthird_party/boringssl/crypto/asn1/a_octet.c::60\n:\n51:31: note: previous definition is here\n                              ^\ntypedef struct asn1_string_st ASN1_IA5STRING;\n                              ^\nIn file included from third_party/boringssl/crypto/asn1/a_gentm.c:In file included from 63third_party/boringssl/crypto/asn1/a_i2d_fp.c:\n:In file included from 60third_party/boringssl/include/openssl/mem.h:\n:In file included from 60third_party/boringssl/include/openssl/mem.h:\n:third_party/boringssl/include/openssl/base.h60:\nthird_party/boringssl/include/openssl/base.h:214:31: :215error:31: : error: redefinition of typedef 'ASN1_INTEGER' is a C11 feature [-Werror,-Wtypedef-redefinition]redefinition of typedef 'ASN1_IA5STRING' is a C11 feature [-Werror,-Wtypedef-redefinition]\n\nIn file included from third_party/boringssl/include/openssl/mem.htypedef struct asn1_string_st ASN1_INTEGER;:\n60                              ^:\n\nthird_party/boringssl/include/openssl/base.htypedef struct asn1_string_st ASN1_IA5STRING;:\n204:                              ^/usr/local/opt/openssl@3/include/openssl/types.h:4513:31::  noteerror: : previous definition is here\nredefinition of typedef 'ASN1_BOOLEAN' is a C11 feature [-Werror,-Wtypedef-redefinition]\ntypedef struct asn1_string_st ASN1_INTEGER;\n                              ^\nIn file included from third_party/boringssl/crypto/asn1/a_gentm.c:63:\nIn file included from third_party/boringssl/include/openssl/mem.h:60:\nthird_party/boringssl/include/openssl/base.h:216:typedef int ASN1_BOOLEAN;31:\n            ^\n\n/usr/local/opt/openssl@3/include/openssl/types.h:51:31: note: previous definition is here\ntypedef struct asn1_string_st ASN1_IA5STRING;\n                              ^/usr/local/opt/openssl@3/include/openssl/types.hIn file included from :third_party/boringssl/crypto/asn1/a_dup.c\n:60:\nIn file included from third_party/boringssl/include/openssl/mem.h:60 In file included from third_party/boringssl/crypto/asn1/a_i2d_fp.c:\n:60:\nIn file included from errorthird_party/boringssl/include/openssl/mem.h:61:: 13redefinition of typedef 'ASN1_OCTET_STRING' is a C11 feature [-Werror,-Wtypedef-redefinition]\nthird_party/boringssl/include/openssl/base.h:133:9: error: typedef struct asn1_string_st ASN1_OCTET_STRING;'OPENSSL_VERSION_NUMBER' macro redefined [-Werror,-Wmacro-redefined]\n\n                              ^\n/usr/local/opt/openssl@3/include/openssl/types.h:48:31: note: previous definition is here\n#define OPENSSL_VERSION_NUMBER 0x100020af\n        ^\ntypedef struct asn1_string_st ASN1_OCTET_STRING;\n                              ^\n/usr/local/opt/openssl@3/include/openssl/opensslv.h:99:10: note: previous definition is here\nIn file included from # define OPENSSL_VERSION_NUMBER          \\third_party/boringssl/crypto/asn1/a_gentm.c\n:         ^63\n:\nIn file included from third_party/boringssl/include/openssl/mem.h:60:\nIn file included from third_party/boringssl/crypto/asn1/a_dup.c:6060:\n:\nIn file included from third_party/boringssl/include/openssl/mem.hthird_party/boringssl/include/openssl/base.h::60:\nthird_party/boringssl/include/openssl/base.h:third_party/boringssl/include/openssl/base.h168::217:: 215note: 9previous definition is here31:: :error: \n error: 31redefinition of typedef 'ASN1_PRINTABLESTRING' is a C11 feature [-Werror,-Wtypedef-redefinition]\n: error: typedef struct asn1_string_st ASN1_PRINTABLESTRING;'OPENSSL_EXPORT' macro redefined [-Werror,-Wmacro-redefined]typedef int ASN1_BOOLEAN;\n\n#define OPENSSL_EXPORT\n\n        ^                              ^\n            ^\n\n/usr/local/opt/openssl@3/include/openssl/e_os2.h:183:11: note/usr/local/opt/openssl@3/include/openssl/types.h: :49:31:previous definition is here \nnoteIn file included from third_party/boringssl/crypto/asn1/a_octet.c:#  define OPENSSL_EXPORT extern60\nredefinition of typedef 'ASN1_INTEGER' is a C11 feature [-Werror,-Wtypedef-redefinition]          ^\n: previous definition is here\ntypedef struct asn1_string_st ASN1_PRINTABLESTRING;\n                              ^\nIn file included from \nthird_party/boringssl/crypto/asn1/a_gentm.c:63:\nIn file included from third_party/boringssl/include/openssl/mem.h:60:\nthird_party/boringssl/include/openssl/base.h:218:31:\n: In file included from third_party/boringssl/include/openssl/mem.h:60:\ntypedef struct asn1_string_st ASN1_INTEGER;third_party/boringssl/include/openssl/base.h\n:                              ^205\n:13In file included from :third_party/boringssl/crypto/asn1/a_dup.c :/usr/local/opt/openssl@3/include/openssl/types.h:45:31error60: :\n:errorredefinition of typedef 'ASN1_STRING' is a C11 feature [-Werror,-Wtypedef-redefinition]: \nIn file included from redefinition of typedef 'ASN1_NULL' is a C11 feature [-Werror,-Wtypedef-redefinition]\n typedef int ASN1_NULL;note\n:             ^typedef struct asn1_string_st ASN1_STRING;\nprevious definition is here\n\n                              ^third_party/boringssl/include/openssl/mem.h\n:60:\n/usr/local/opt/openssl@3/include/openssl/types.h:typedef struct asn1_string_st ASN1_INTEGER;60\n:                              ^/usr/local/opt/openssl@3/include/openssl/types.h\n:3162:: 13note::  previous definition is herenote\n: previous definition is hereIn file included from \nthird_party/boringssl/crypto/asn1/a_i2d_fp.c:60typedef struct asn1_string_st ASN1_STRING;:\n\nIn file included from                               ^typedef int ASN1_NULL;\n\n            ^third_party/boringssl/include/openssl/base.h:third_party/boringssl/include/openssl/mem.h202::6013:\n:third_party/boringssl/include/openssl/base.h:216:31In file included from :third_party/boringssl/crypto/asn1/a_gentm.c\n :error63: :\nredefinition of typedef 'ASN1_OCTET_STRING' is a C11 feature [-Werror,-Wtypedef-redefinition]In file included from \nthird_party/boringssl/include/openssl/mem.h:60:\nthird_party/boringssl/include/openssl/base.h:219: 31typedef struct asn1_string_st ASN1_OCTET_STRING;:\nIn file included from                               ^\nerror:  typedef redefinition with different types ('int' vs 'struct crypto_threadid_st')third_party/boringssl/crypto/asn1/a_octet.cerror: :/usr/local/opt/openssl@3/include/openssl/types.hredefinition of typedef 'ASN1_T61STRING' is a C11 feature [-Werror,-Wtypedef-redefinition]60\n:\nIn file included from third_party/boringssl/include/openssl/mem.h:48:31\n: note: previous definition is here\ntypedef struct asn1_string_st ASN1_T61STRING;\n                              ^\n:60:\ntypedef struct asn1_string_st ASN1_OCTET_STRING;In file included from \n/usr/local/opt/openssl@3/include/openssl/types.h                              ^:typedef int CRYPTO_THREADID;third_party/boringssl/crypto/asn1/a_int.c\n:50\n:31third_party/boringssl/include/openssl/base.h: :note: 206previous definition is here:            ^In file included from 29third_party/boringssl/crypto/asn1/a_i2d_fp.c:: 60\n:\nIn file included from third_party/boringssl/include/openssl/mem.h:error60: :\nthird_party/boringssl/include/openssl/base.hredefinition of typedef 'ASN1_ITEM' is a C11 feature [-Werror,-Wtypedef-redefinition]:\n217:31: error: redefinition of typedef 'ASN1_PRINTABLESTRING' is a C11 feature [-Werror,-Wtypedef-redefinition]\ntypedef struct asn1_string_st ASN1_PRINTABLESTRING;\n                              ^\n/usr/local/opt/openssl@3/include/openssl/types.h:/usr/local/opt/openssl@3/include/openssl/crypto.h:308\n62typedef struct ASN1_ITEM_st ASN1_ITEM;:\n\nIn file included from third_party/boringssl/include/openssl/mem.h::60:\n3: notethird_party/boringssl/include/openssl/base.h: 49previous definition is here\n::31133                            ^typedef struct asn1_string_st ASN1_T61STRING;} CRYPTO_THREADID;\n  ^\n:\n :\n/usr/local/opt/openssl@3/include/openssl/types.h                              ^9:note : error: previous definition is hereIn file included from third_party/boringssl/crypto/asn1/a_dup.c::60\n:\nIn file included from third_party/boringssl/include/openssl/mem.h:6960::\n29third_party/boringssl/include/openssl/base.h:: 204note:: 13previous definition is here:\n error: redefinition of typedef 'ASN1_BOOLEAN' is a C11 feature [-Werror,-Wtypedef-redefinition]\n\n'OPENSSL_VERSION_NUMBER' macro redefined [-Werror,-Wmacro-redefined]\ntypedef struct asn1_string_st ASN1_PRINTABLESTRING;\n                              ^\nfatal errortypedef int ASN1_BOOLEAN;: typedef struct ASN1_ITEM_st ASN1_ITEM;\n                            ^\n\n            ^\ntoo many errors emitted, stopping now [-ferror-limit=]In file included from \nthird_party/boringssl/crypto/asn1/a_i2d_fp.cIn file included from :third_party/boringssl/crypto/asn1/a_octet.c60::\n60:\nIn file included from #define OPENSSL_VERSION_NUMBER 0x100020afthird_party/boringssl/include/openssl/mem.h:60\n:\nthird_party/boringssl/include/openssl/base.h:207:        ^31\n: error: /usr/local/opt/openssl@3/include/openssl/types.hIn file included from /usr/local/opt/openssl@3/include/openssl/opensslv.hredefinition of typedef 'ASN1_OBJECT' is a C11 feature [-Werror,-Wtypedef-redefinition]:\n61:13:: note: previous definition is here\ntypedef struct asn1_object_st ASN1_OBJECT;\ntypedef int ASN1_BOOLEAN;                              ^\n\n            ^\n99/usr/local/opt/openssl@3/include/openssl/types.h::1066:31third_party/boringssl/include/openssl/mem.h::In file included from  third_party/boringssl/crypto/asn1/a_dup.cnote:: :previous definition is here\n 60note:\n: third_party/boringssl/include/openssl/base.hprevious definition is here:\n218# define OPENSSL_VERSION_NUMBER          \\:\n31         ^\n60:\nIn file included from third_party/boringssl/include/openssl/mem.htypedef struct asn1_object_st ASN1_OBJECT;:\n60:\n                              ^third_party/boringssl/include/openssl/base.h\n:205:13: error:: redefinition of typedef 'ASN1_NULL' is a C11 feature [-Werror,-Wtypedef-redefinition] \nerror: redefinition of typedef 'ASN1_STRING' is a C11 feature [-Werror,-Wtypedef-redefinition]\nIn file included from third_party/boringssl/crypto/asn1/a_int.c:62In file included from typedef struct asn1_string_st ASN1_STRING;third_party/boringssl/crypto/asn1/a_octet.c:\n:In file included from typedef int ASN1_NULL;third_party/boringssl/include/openssl/mem.h:60\n:\n60third_party/boringssl/include/openssl/base.h:\nIn file included from                               ^\nthird_party/boringssl/include/openssl/mem.h\n::168:9/usr/local/opt/openssl@3/include/openssl/types.h: error: 60'OPENSSL_EXPORT' macro redefined [-Werror,-Wmacro-redefined]            ^\n\n:60:#define OPENSSL_EXPORT31\n::\n/usr/local/opt/openssl@3/include/openssl/types.hthird_party/boringssl/include/openssl/base.h:        ^62: 208::1329: note: \nnote: :previous definition is here \nerrorprevious definition is here/usr/local/opt/openssl@3/include/openssl/e_os2.h\n:183typedef struct asn1_string_st ASN1_STRING;:\n11                              ^typedef int ASN1_NULL;:\n            ^\n note: previous definition is here\n\n: redefinition of typedef 'ASN1_PCTX' is a C11 feature [-Werror,-Wtypedef-redefinition]\nIn file included from #  define OPENSSL_EXPORT externthird_party/boringssl/crypto/asn1/a_i2d_fp.cIn file included from third_party/boringssl/crypto/asn1/a_dup.c:60:\nIn file included from third_party/boringssl/include/openssl/mem.h:60:\ntypedef struct asn1_pctx_st ASN1_PCTX;third_party/boringssl/include/openssl/base.h::206:2960: error\n:\n\n: In file included from           ^                            ^\n\nredefinition of typedef 'ASN1_ITEM' is a C11 feature [-Werror,-Wtypedef-redefinition]\n/usr/local/opt/openssl@3/include/openssl/types.h:70:29: notetypedef struct ASN1_ITEM_st ASN1_ITEM;: \nprevious definition is herethird_party/boringssl/include/openssl/mem.h\n:60:\nthird_party/boringssl/include/openssl/base.h:219:31: error: redefinition of typedef 'ASN1_T61STRING' is a C11 feature [-Werror,-Wtypedef-redefinition]\ntypedef struct asn1_pctx_st ASN1_PCTX;\n                            ^\n                            ^typedef struct asn1_string_st ASN1_T61STRING;\n\n                              ^\n/usr/local/opt/openssl@3/include/openssl/types.h:50:31/usr/local/opt/openssl@3/include/openssl/types.h:In file included from 69In file included from :third_party/boringssl/crypto/asn1/a_int.c29::62 :\nnoteIn file included from third_party/boringssl/crypto/asn1/a_octet.cthird_party/boringssl/include/openssl/mem.h:::60 :\nnote60: :\nprevious definition is here: \nthird_party/boringssl/include/openssl/base.hprevious definition is here:typedef struct ASN1_ITEM_st ASN1_ITEM;In file included from \nthird_party/boringssl/include/openssl/mem.h                            ^:\n60:\nthird_party/boringssl/include/openssl/base.h:In file included from third_party/boringssl/crypto/asn1/a_dup.c:60:\n\n209202:In file included from 13: errorthird_party/boringssl/include/openssl/mem.h:60::\n: typedef struct asn1_string_st ASN1_T61STRING;typedef redefinition with different types ('int' vs 'struct crypto_threadid_st')\nthird_party/boringssl/include/openssl/base.h31:207:: 31: error\n                              ^error\n: redefinition of typedef 'ASN1_BIT_STRING' is a C11 feature [-Werror,-Wtypedef-redefinition]\n: redefinition of typedef 'ASN1_OBJECT' is a C11 feature [-Werror,-Wtypedef-redefinition]typedef struct asn1_string_st ASN1_BIT_STRING;\n                              ^\ntypedef int CRYPTO_THREADID;\n/usr/local/opt/openssl@3/include/openssl/types.hfatal error:            ^\n47: :31: \nnote: previous definition is heretypedef struct asn1_object_st ASN1_OBJECT;\n                              ^too many errors emitted, stopping now [-ferror-limit=]\n\n\n/usr/local/opt/openssl@3/include/openssl/types.h:66:31: note: typedef struct asn1_string_st ASN1_BIT_STRING;/usr/local/opt/openssl@3/include/openssl/crypto.h\n:previous definition is here                              ^\n\n308:3: typedef struct asn1_object_st ASN1_OBJECT;note\n:                               ^previous definition is here\n} CRYPTO_THREADID;\n  ^\n\nIn file included from third_party/boringssl/crypto/asn1/a_int.c:62:\nIn file included from third_party/boringssl/include/openssl/mem.h:60:\nthird_party/boringssl/include/openssl/base.h:204:13In file included from :third_party/boringssl/crypto/asn1/a_dup.cIn file included from :60 error: redefinition of typedef 'ASN1_BOOLEAN' is a C11 feature [-Werror,-Wtypedef-redefinition]\ntypedef int ASN1_BOOLEAN;\n            ^\n/usr/local/opt/openssl@3/include/openssl/types.h:61::\n13:In file included from  notethird_party/boringssl/include/openssl/mem.h: :previous definition is herethird_party/boringssl/crypto/asn1/a_octet.c:6060:\n:\nIn file included from third_party/boringssl/include/openssl/mem.hthird_party/boringssl/include/openssl/base.h::60208:\n:29:\nthird_party/boringssl/include/openssl/base.h:210:31: error: redefinition of typedef 'ASN1_BMPSTRING' is a C11 feature [-Werror,-Wtypedef-redefinition]\ntypedef int ASN1_BOOLEAN;\n            ^\ntypedef struct asn1_string_st ASN1_BMPSTRING;\n                              ^\n/usr/local/opt/openssl@3/include/openssl/types.hIn file included from :third_party/boringssl/crypto/asn1/a_int.c54::6231: note:  error: :\nprevious definition is here\nIn file included from third_party/boringssl/include/openssl/mem.h:60:\nthird_party/boringssl/include/openssl/base.h:205:13:make:  error*** [/Users/runner/actions-runner/_work/python.build/python.build/build_grpcio16039/grpcio-1.6.0/objs/opt/third_party/boringssl/crypto/asn1/a_enum.o] Error 1redefinition of typedef 'ASN1_PCTX' is a C11 feature [-Werror,-Wtypedef-redefinition]\n\n: typedef struct asn1_string_st ASN1_BMPSTRING;redefinition of typedef 'ASN1_NULL' is a C11 feature [-Werror,-Wtypedef-redefinition]\n\n                              ^\ntypedef int ASN1_NULL;\n            ^\n/usr/local/opt/openssl@3/include/openssl/types.h:62:In file included from 13typedef struct asn1_pctx_st ASN1_PCTX;:\nthird_party/boringssl/crypto/asn1/a_octet.c                            ^:\n60:\nIn file included from third_party/boringssl/include/openssl/mem.h: 20note60: :\n/usr/local/opt/openssl@3/include/openssl/types.hthird_party/boringssl/include/openssl/base.h:previous definition is here70\n:29 error:s: generated211.\n:31typedef int ASN1_NULL;\n            ^ \nnote: previous definition is here\n:typedef struct asn1_pctx_st ASN1_PCTX; \nerror                            ^: \nredefinition of typedef 'ASN1_ENUMERATED' is a C11 feature [-Werror,-Wtypedef-redefinition]\nIn file included from third_party/boringssl/crypto/asn1/a_int.c:62:\nIn file included from third_party/boringssl/include/openssl/mem.h:60:\nthird_party/boringssl/include/openssl/base.h:206:29: error: typedef struct asn1_string_st ASN1_ENUMERATED;redefinition of typedef 'ASN1_ITEM' is a C11 feature [-Werror,-Wtypedef-redefinition]\n\nIn file included from third_party/boringssl/crypto/asn1/a_dup.c:60                              ^typedef struct ASN1_ITEM_st ASN1_ITEM;\n\n                            ^\n/usr/local/opt/openssl@3/include/openssl/types.h/usr/local/opt/openssl@3/include/openssl/types.h:\nIn file included from third_party/boringssl/include/openssl/mem.h::60::\n69third_party/boringssl/include/openssl/base.h::29209:: 31note::  previous definition is hereerror\n: redefinition of typedef 'ASN1_BIT_STRING' is a C11 feature [-Werror,-Wtypedef-redefinition]\n46typedef struct ASN1_ITEM_st ASN1_ITEM;\n:typedef struct asn1_string_st ASN1_BIT_STRING;31\n:                              ^ \nnote:                             ^/usr/local/opt/openssl@3/include/openssl/types.h:47:31: noteprevious definition is here: previous definition is here\n\n\nIn file included from typedef struct asn1_string_st ASN1_ENUMERATED;third_party/boringssl/crypto/asn1/a_int.c\n:62                              ^:\n\nIn file included from third_party/boringssl/include/openssl/mem.h:60:\nthird_party/boringssl/include/openssl/base.h:207:31:typedef struct asn1_string_st ASN1_BIT_STRING; \nerror                              ^: \nredefinition of typedef 'ASN1_OBJECT' is a C11 feature [-Werror,-Wtypedef-redefinition]\nIn file included from third_party/boringssl/crypto/asn1/a_octet.ctypedef struct asn1_object_st ASN1_OBJECT;:\n60                              ^:\nIn file included from In file included from third_party/boringssl/crypto/asn1/a_dup.c:\n/usr/local/opt/openssl@3/include/openssl/types.h:66:third_party/boringssl/include/openssl/mem.h31:: 60note:\nthird_party/boringssl/include/openssl/base.h:212:3160: : error: redefinition of typedef 'ASN1_GENERALIZEDTIME' is a C11 feature [-Werror,-Wtypedef-redefinition]\ntypedef struct asn1_string_st ASN1_GENERALIZEDTIME;\n                              ^\n/usr/local/opt/openssl@3/include/openssl/types.h:57:31: note: previous definition is here\n:\nprevious definition is hereIn file included from \ntypedef struct asn1_string_st ASN1_GENERALIZEDTIME;\n                              ^\ntypedef struct asn1_object_st ASN1_OBJECT;\n                              ^\nIn file included from third_party/boringssl/crypto/asn1/a_int.c:62third_party/boringssl/include/openssl/mem.h:\n:In file included from In file included from third_party/boringssl/include/openssl/mem.hthird_party/boringssl/crypto/asn1/a_octet.c::6060:\n:\nthird_party/boringssl/include/openssl/base.h60::\n208:third_party/boringssl/include/openssl/base.hIn file included from third_party/boringssl/include/openssl/mem.h:29: :error: 210redefinition of typedef 'ASN1_PCTX' is a C11 feature [-Werror,-Wtypedef-redefinition]:\n31:60:\nthird_party/boringssl/include/openssl/base.h:213:31 : error: redefinition of typedef 'ASN1_GENERALSTRING' is a C11 feature [-Werror,-Wtypedef-redefinition]\ntypedef struct asn1_pctx_st ASN1_PCTX;\n                            ^\n/usr/local/opt/openssl@3/include/openssl/types.h:70typedef struct asn1_string_st ASN1_GENERALSTRING;:\n29                              ^:\n note: previous definition is here\nerror: redefinition of typedef 'ASN1_BMPSTRING' is a C11 feature [-Werror,-Wtypedef-redefinition]\n/usr/local/opt/openssl@3/include/openssl/types.h:52:31typedef struct asn1_pctx_st ASN1_PCTX;\ntypedef struct asn1_string_st ASN1_BMPSTRING;\n:                              ^ note:                             ^previous definition is here\n\n\nIn file included from third_party/boringssl/crypto/asn1/a_int.c:62typedef struct asn1_string_st ASN1_GENERALSTRING;:\n\nIn file included from                               ^third_party/boringssl/include/openssl/mem.h\n/usr/local/opt/openssl@3/include/openssl/types.h:54:31::60:\n third_party/boringssl/include/openssl/base.hnote:: In file included from 209:31: errorthird_party/boringssl/crypto/asn1/a_octet.c:previous definition is here60\n:\nIn file included from third_party/boringssl/include/openssl/mem.h20 error: s generatedredefinition of typedef 'ASN1_BIT_STRING' is a C11 feature [-Werror,-Wtypedef-redefinition].\n\n:60:\nthird_party/boringssl/include/openssl/base.h:214:31: error: redefinition of typedef 'ASN1_IA5STRING' is a C11 feature [-Werror,-Wtypedef-redefinition]\ntypedef struct asn1_string_st ASN1_BIT_STRING;\n                              ^\ntypedef struct asn1_string_st ASN1_IA5STRING;\n/usr/local/opt/openssl@3/include/openssl/types.h                              ^:47typedef struct asn1_string_st ASN1_BMPSTRING;:31\n: /usr/local/opt/openssl@3/include/openssl/types.hnote:: 51:previous definition is here31:\n note: \n                              ^\nprevious definition is here\ntypedef struct asn1_string_st ASN1_IA5STRING;\ntypedef struct asn1_string_st ASN1_BIT_STRING;In file included from third_party/boringssl/crypto/asn1/a_dup.c\n:                              ^60\n:\nIn file included from third_party/boringssl/include/openssl/mem.h:60:\nthird_party/boringssl/include/openssl/base.h:211:31: error: In file included from third_party/boringssl/crypto/asn1/a_int.c:                              ^\nredefinition of typedef 'ASN1_ENUMERATED' is a C11 feature [-Werror,-Wtypedef-redefinition]\nIn file included from typedef struct asn1_string_st ASN1_ENUMERATED;third_party/boringssl/crypto/asn1/a_octet.c\n:                              ^60:\nIn file included from third_party/boringssl/include/openssl/mem.h:60:\n\nthird_party/boringssl/include/openssl/base.h:215:31/usr/local/opt/openssl@3/include/openssl/types.h:46:6231::\n In file included from notethird_party/boringssl/include/openssl/mem.h: :previous definition is here60:\nthird_party/boringssl/include/openssl/base.h::210 :error31: : error\n: redefinition of typedef 'ASN1_BMPSTRING' is a C11 feature [-Werror,-Wtypedef-redefinition]\nredefinition of typedef 'ASN1_INTEGER' is a C11 feature [-Werror,-Wtypedef-redefinition]\ntypedef struct asn1_string_st ASN1_BMPSTRING;\n                              ^\ntypedef struct asn1_string_st ASN1_ENUMERATED;/usr/local/opt/openssl@3/include/openssl/types.h\n:                              ^\ntypedef struct asn1_string_st ASN1_INTEGER;\n                              ^\n/usr/local/opt/openssl@3/include/openssl/types.h:45:31In file included from :third_party/boringssl/crypto/asn1/a_dup.c :note6054:31::\n: In file included from third_party/boringssl/include/openssl/mem.hprevious definition is here:\n60:\nthird_party/boringssl/include/openssl/base.h:212:31: typedef struct asn1_string_st ASN1_INTEGER;\n                              ^ noteerror: \nredefinition of typedef 'ASN1_GENERALIZEDTIME' is a C11 feature [-Werror,-Wtypedef-redefinition]\ntypedef struct asn1_string_st ASN1_GENERALIZEDTIME;\n                              ^\nIn file included from third_party/boringssl/crypto/asn1/a_octet.c:/usr/local/opt/openssl@3/include/openssl/types.h60::\n57In file included from :third_party/boringssl/include/openssl/mem.h31: note: : previous definition is here\nprevious definition is here\n:60:\nthird_party/boringssl/include/openssl/base.h:216:31: error: redefinition of typedef 'ASN1_OCTET_STRING' is a C11 feature [-Werror,-Wtypedef-redefinition]typedef struct asn1_string_st ASN1_GENERALIZEDTIME;\n\n                              ^\ntypedef struct asn1_string_st ASN1_BMPSTRING;\n                              ^\ntypedef struct asn1_string_st ASN1_OCTET_STRING;In file included from \nthird_party/boringssl/crypto/asn1/a_int.c                              ^:\n62:\nIn file included from In file included from /usr/local/opt/openssl@3/include/openssl/types.hthird_party/boringssl/crypto/asn1/a_dup.cthird_party/boringssl/include/openssl/mem.h:2060 error:\nsthird_party/boringssl/include/openssl/base.h generated:::60:\n.\n211In file included from :third_party/boringssl/include/openssl/mem.h48:31::31:60:\n third_party/boringssl/include/openssl/base.herror:  redefinition of typedef 'ASN1_ENUMERATED' is a C11 feature [-Werror,-Wtypedef-redefinition]\nnote: previous definition is here\ntypedef struct asn1_string_st ASN1_ENUMERATED;\n                              ^\n/usr/local/opt/openssl@3/include/openssl/types.h:46:31: note: previous definition is here\ntypedef struct asn1_string_st ASN1_OCTET_STRING;typedef struct asn1_string_st ASN1_ENUMERATED;\n                              ^\n:\n213In file included from                               ^third_party/boringssl/crypto/asn1/a_int.c\n:62:\nIn file included from third_party/boringssl/include/openssl/mem.h:60:\nthird_party/boringssl/include/openssl/base.h:212::31: error: redefinition of typedef 'ASN1_GENERALSTRING' is a C11 feature [-Werror,-Wtypedef-redefinition]\nIn file included from third_party/boringssl/crypto/asn1/a_octet.c:60:\nIn file included from third_party/boringssl/include/openssl/mem.h:typedef struct asn1_string_st ASN1_GENERALSTRING;60\n:\n                              ^third_party/boringssl/include/openssl/base.h\n:31217/usr/local/opt/openssl@3/include/openssl/types.h:52:31: note:: error: : redefinition of typedef 'ASN1_GENERALIZEDTIME' is a C11 feature [-Werror,-Wtypedef-redefinition]previous definition is here\n\n31: error: typedef struct asn1_string_st ASN1_GENERALSTRING;\nredefinition of typedef 'ASN1_PRINTABLESTRING' is a C11 feature [-Werror,-Wtypedef-redefinition]                              ^\n\nIn file included from third_party/boringssl/crypto/asn1/a_dup.c:typedef struct asn1_string_st ASN1_PRINTABLESTRING;60\n:\n                              ^In file included from \nthird_party/boringssl/include/openssl/mem.h:60/usr/local/opt/openssl@3/include/openssl/types.h:\n:third_party/boringssl/include/openssl/base.h49::21431::31 :note : errorprevious definition is here: \nredefinition of typedef 'ASN1_IA5STRING' is a C11 feature [-Werror,-Wtypedef-redefinition]\ntypedef struct asn1_string_st ASN1_PRINTABLESTRING;\n                              ^\ntypedef struct asn1_string_st ASN1_IA5STRING;\n                              ^In file included from third_party/boringssl/crypto/asn1/a_octet.c\n:60:\nIn file included from third_party/boringssl/include/openssl/mem.h:60:\nthird_party/boringssl/include/openssl/base.h:typedef struct asn1_string_st ASN1_GENERALIZEDTIME;218:\n31:                              ^ \n/usr/local/opt/openssl@3/include/openssl/types.h/usr/local/opt/openssl@3/include/openssl/types.h::5157::31error: 31note::  : note: redefinition of typedef 'ASN1_STRING' is a C11 feature [-Werror,-Wtypedef-redefinition]previous definition is here\nprevious definition is here\ntypedef struct asn1_string_st ASN1_STRING;\n                              ^\n/usr/local/opt/openssl@3/include/openssl/types.h:60:31:typedef struct asn1_string_st ASN1_GENERALIZEDTIME; \nnote                              ^: \nprevious definition is here\ntypedef struct asn1_string_st ASN1_STRING;\n                              ^\nIn file included from third_party/boringssl/crypto/asn1/a_int.c:62:\nIn file included from third_party/boringssl/include/openssl/mem.h:60In file included from :\n\nthird_party/boringssl/include/openssl/base.hthird_party/boringssl/crypto/asn1/a_octet.c::21360::\nIn file included from third_party/boringssl/include/openssl/mem.h:60:\nthird_party/boringssl/include/openssl/base.h:219:31: error: redefinition of typedef 'ASN1_T61STRING' is a C11 feature [-Werror,-Wtypedef-redefinition]\ntypedef struct asn1_string_st ASN1_T61STRING;\n                              ^\ntypedef struct asn1_string_st ASN1_IA5STRING;\n31                              ^: \nerror: /usr/local/opt/openssl@3/include/openssl/types.hredefinition of typedef 'ASN1_GENERALSTRING' is a C11 feature [-Werror,-Wtypedef-redefinition]\nIn file included from third_party/boringssl/crypto/asn1/a_dup.c:typedef struct asn1_string_st ASN1_GENERALSTRING;60::\n\n                              ^\n50/usr/local/opt/openssl@3/include/openssl/types.hIn file included from :52:third_party/boringssl/include/openssl/mem.h31::60::\nthird_party/boringssl/include/openssl/base.h:215 :note31: :previous definition is here \nerror: redefinition of typedef 'ASN1_INTEGER' is a C11 feature [-Werror,-Wtypedef-redefinition]\ntypedef struct asn1_string_st ASN1_GENERALSTRING;\n                              ^\ntypedef struct asn1_string_st ASN1_INTEGER;\n                              ^\nIn file included from third_party/boringssl/crypto/asn1/a_int.c/usr/local/opt/openssl@3/include/openssl/types.h:45:31: note:31: note: : previous definition is here\nprevious definition is here\ntypedef struct asn1_string_st ASN1_INTEGER;\n                              ^\ntypedef struct asn1_string_st ASN1_T61STRING;\n                              ^\nIn file included from third_party/boringssl/crypto/asn1/a_dup.c:60:\nIn file included from third_party/boringssl/include/openssl/mem.h:60:\nthird_party/boringssl/include/openssl/base.h:216:31: errorfatal error: 62:\nIn file included from : third_party/boringssl/include/openssl/mem.hredefinition of typedef 'ASN1_OCTET_STRING' is a C11 feature [-Werror,-Wtypedef-redefinition]:\n60:\ntoo many errors emitted, stopping now [-ferror-limit=]\ntypedef struct asn1_string_st ASN1_OCTET_STRING;\n                              ^\n/usr/local/opt/openssl@3/include/openssl/types.h:48:31: note: previous definition is here\ntypedef struct asn1_string_st ASN1_OCTET_STRING;third_party/boringssl/include/openssl/base.h\n:                              ^214\n:31: error: redefinition of typedef 'ASN1_IA5STRING' is a C11 feature [-Werror,-Wtypedef-redefinition]\nIn file included from typedef struct asn1_string_st ASN1_IA5STRING;third_party/boringssl/crypto/asn1/a_dup.c\n:                              ^60\n:\n/usr/local/opt/openssl@3/include/openssl/types.hIn file included from :third_party/boringssl/include/openssl/mem.h51::6031:\n:third_party/boringssl/include/openssl/base.h :note217: :previous definition is here\n31typedef struct asn1_string_st ASN1_IA5STRING;\n                              ^\nIn file included from third_party/boringssl/crypto/asn1/a_int.c:62:\nIn file included from third_party/boringssl/include/openssl/mem.h:60:\nthird_party/boringssl/include/openssl/base.h:: error: 215:31: error: redefinition of typedef 'ASN1_INTEGER' is a C11 feature [-Werror,-Wtypedef-redefinition]\ntypedef struct asn1_string_st ASN1_INTEGER;redefinition of typedef 'ASN1_PRINTABLESTRING' is a C11 feature [-Werror,-Wtypedef-redefinition]\n\n                              ^\n/usr/local/opt/openssl@3/include/openssl/types.h:45:31: typedef struct asn1_string_st ASN1_PRINTABLESTRING;\n                              ^\n/usr/local/opt/openssl@3/include/openssl/types.h:49:31:note note: previous definition is here\ntypedef struct asn1_string_st ASN1_PRINTABLESTRING;: \nprevious definition is here                              ^\n\ntypedef struct asn1_string_st ASN1_INTEGER;\n                              ^\nIn file included from third_party/boringssl/crypto/asn1/a_dup.c:60:\nIn file included from third_party/boringssl/include/openssl/mem.h:In file included from 60:\nthird_party/boringssl/include/openssl/base.h:218:31third_party/boringssl/crypto/asn1/a_int.c: error: redefinition of typedef 'ASN1_STRING' is a C11 feature [-Werror,-Wtypedef-redefinition]\n:62typedef struct asn1_string_st ASN1_STRING;:\n\nIn file included from                               ^third_party/boringssl/include/openssl/mem.h\n:60:\n/usr/local/opt/openssl@3/include/openssl/types.hthird_party/boringssl/include/openssl/base.h:60::31: 216note:31: error: redefinition of typedef 'ASN1_OCTET_STRING' is a C11 feature [-Werror,-Wtypedef-redefinition]\ntypedef struct asn1_string_st ASN1_OCTET_STRING;\n                              ^\n/usr/local/opt/openssl@3/include/openssl/types.h:48:31: note: previous definition is here\ntypedef struct asn1_string_st ASN1_OCTET_STRING;\n                              ^\nIn file included from third_party/boringssl/crypto/asn1/a_int.c:62:\nIn file included from : previous definition is here\nthird_party/boringssl/include/openssl/mem.h:60:\nthird_party/boringssl/include/openssl/base.h:typedef struct asn1_string_st ASN1_STRING;217\n                              ^\n:31In file included from third_party/boringssl/crypto/asn1/a_dup.c:60:\nIn file included from third_party/boringssl/include/openssl/mem.h:60:\nthird_party/boringssl/include/openssl/base.h:219:31: error: redefinition of typedef 'ASN1_T61STRING' is a C11 feature [-Werror,-Wtypedef-redefinition]\ntypedef struct asn1_string_st ASN1_T61STRING;\n                              ^\n/usr/local/opt/openssl@3/include/openssl/types.h:50:31: error: redefinition of typedef 'ASN1_PRINTABLESTRING' is a C11 feature [-Werror,-Wtypedef-redefinition]\n: note: previous definition is here\ntypedef struct asn1_string_st ASN1_T61STRING;\n                              ^\nfatal error: too many errors emitted, stopping now [-ferror-limit=]\ntypedef struct asn1_string_st ASN1_PRINTABLESTRING;\n                              ^\n/usr/local/opt/openssl@3/include/openssl/types.h:49:31: note: previous definition is here\ntypedef struct asn1_string_st ASN1_PRINTABLESTRING;\n                              ^\nIn file included from third_party/boringssl/crypto/asn1/a_int.c:62:\nIn file included from third_party/boringssl/include/openssl/mem.h:60:\nthird_party/boringssl/include/openssl/base.h:218:31: error: redefinition of typedef 'ASN1_STRING' is a C11 feature [-Werror,-Wtypedef-redefinition]\ntypedef struct asn1_string_st ASN1_STRING;\n                              ^\n/usr/local/opt/openssl@3/include/openssl/types.h:60:31: note: previous definition is here\ntypedef struct asn1_string_st ASN1_STRING;\n                              ^\nIn file included from third_party/boringssl/crypto/asn1/a_int.c:62:\nIn file included from third_party/boringssl/include/openssl/mem.h:60:\nthird_party/boringssl/include/openssl/base.h:219:31: error: redefinition of typedef 'ASN1_T61STRING' is a C11 feature [-Werror,-Wtypedef-redefinition]\ntypedef struct asn1_string_st ASN1_T61STRING;\n                              ^\n/usr/local/opt/openssl@3/include/openssl/types.h:50:31: note: previous definition is here\ntypedef struct asn1_string_st ASN1_T61STRING;\n                              ^\nfatal error: too many errors emitted, stopping now [-ferror-limit=]\n20 errors generated.\nmake: *** [/Users/runner/actions-runner/_work/python.build/python.build/build_grpcio16039/grpcio-1.6.0/objs/opt/third_party/boringssl/crypto/asn1/a_bitstr.o] Error 1\nmake: *** [/Users/runner/actions-runner/_work/python.build/python.build/build_grpcio16039/grpcio-1.6.0/objs/opt/third_party/boringssl/crypto/asn1/a_gentm.o] Error 1\n20 errors generated.\nmake: *** [/Users/runner/actions-runner/_work/python.build/python.build/build_grpcio16039/grpcio-1.6.0/objs/opt/third_party/boringssl/crypto/asn1/a_i2d_fp.o] Error 1\nmake: *** [/Users/runner/actions-runner/_work/python.build/python.build/build_grpcio16039/grpcio-1.6.0/objs/opt/third_party/boringssl/crypto/asn1/a_octet.o] Error 1\n20 errors generated.\nmake: *** [/Users/runner/actions-runner/_work/python.build/python.build/build_grpcio16039/grpcio-1.6.0/objs/opt/third_party/boringssl/crypto/asn1/a_dup.o] Error 1\nmake: *** [/Users/runner/actions-runner/_work/python.build/python.build/build_grpcio16039/grpcio-1.6.0/objs/opt/third_party/boringssl/crypto/asn1/a_int.o] Error 1\nIn file included from third_party/boringssl/crypto/asn1/a_print.c:60:\nIn file included from third_party/boringssl/include/openssl/mem.h:60:\nthird_party/boringssl/include/openssl/base.h:133:9: error: 'OPENSSL_VERSION_NUMBER' macro redefined [-Werror,-Wmacro-redefined]\n#define OPENSSL_VERSION_NUMBER 0x100020af\n        ^\n/usr/local/opt/openssl@3/include/openssl/opensslv.h:99:10: note: previous definition is here\n# define OPENSSL_VERSION_NUMBER          \\\n         ^\nIn file included from third_party/boringssl/crypto/asn1/a_print.c:60:\nIn file included from third_party/boringssl/include/openssl/mem.h:60:\nthird_party/boringssl/include/openssl/base.h:168:9: error: 'OPENSSL_EXPORT' macro redefined [-Werror,-Wmacro-redefined]\n#define OPENSSL_EXPORT\n        ^\n/usr/local/opt/openssl@3/include/openssl/e_os2.h:183:11: note: previous definition is here\n#  define OPENSSL_EXPORT extern\n          ^\nIn file included from third_party/boringssl/crypto/asn1/a_print.c:60:\nIn file included from third_party/boringssl/include/openssl/mem.h:60:\nthird_party/boringssl/include/openssl/base.h:202:13: error: typedef redefinition with different types ('int' vs 'struct crypto_threadid_st')\ntypedef int CRYPTO_THREADID;\n            ^\n/usr/local/opt/openssl@3/include/openssl/crypto.h:308:3: note: previous definition is here\n} CRYPTO_THREADID;\n  ^\nIn file included from third_party/boringssl/crypto/asn1/a_print.c:60:\nIn file included from third_party/boringssl/include/openssl/mem.h:60:\nthird_party/boringssl/include/openssl/base.h:204:13: error: redefinition of typedef 'ASN1_BOOLEAN' is a C11 feature [-Werror,-Wtypedef-redefinition]\ntypedef int ASN1_BOOLEAN;\n            ^\n/usr/local/opt/openssl@3/include/openssl/types.h:61:13: note: previous definition is here\ntypedef int ASN1_BOOLEAN;\n            ^\nIn file included from third_party/boringssl/crypto/asn1/a_print.c:60:\nIn file included from third_party/boringssl/include/openssl/mem.h:60:\nthird_party/boringssl/include/openssl/base.h:205:13: error: redefinition of typedef 'ASN1_NULL' is a C11 feature [-Werror,-Wtypedef-redefinition]\ntypedef int ASN1_NULL;\n            ^\n/usr/local/opt/openssl@3/include/openssl/types.h:62:13: note: previous definition is here\ntypedef int ASN1_NULL;\n            ^\nIn file included from third_party/boringssl/crypto/asn1/a_print.c:60:\nIn file included from third_party/boringssl/include/openssl/mem.h:60:\nthird_party/boringssl/include/openssl/base.h:206:29: error: redefinition of typedef 'ASN1_ITEM' is a C11 feature [-Werror,-Wtypedef-redefinition]\ntypedef struct ASN1_ITEM_st ASN1_ITEM;\n                            ^\n/usr/local/opt/openssl@3/include/openssl/types.h:69:29: note: previous definition is here\ntypedef struct ASN1_ITEM_st ASN1_ITEM;\n                            ^\nIn file included from third_party/boringssl/crypto/asn1/a_print.c:60:\nIn file included from third_party/boringssl/include/openssl/mem.h:60:\nthird_party/boringssl/include/openssl/base.h:207:31: error: redefinition of typedef 'ASN1_OBJECT' is a C11 feature [-Werror,-Wtypedef-redefinition]\ntypedef struct asn1_object_st ASN1_OBJECT;\n                              ^\n/usr/local/opt/openssl@3/include/openssl/types.h:66:31: note: previous definition is here\ntypedef struct asn1_object_st ASN1_OBJECT;\n                              ^\nIn file included from third_party/boringssl/crypto/asn1/a_print.c:60:\nIn file included from third_party/boringssl/include/openssl/mem.h:60:\nthird_party/boringssl/include/openssl/base.h:208:29: error: redefinition of typedef 'ASN1_PCTX' is a C11 feature [-Werror,-Wtypedef-redefinition]\ntypedef struct asn1_pctx_st ASN1_PCTX;\n                            ^\n/usr/local/opt/openssl@3/include/openssl/types.h:70:29: note: previous definition is here\ntypedef struct asn1_pctx_st ASN1_PCTX;\n                            ^\nIn file included from third_party/boringssl/crypto/asn1/a_print.c:60:\nIn file included from third_party/boringssl/include/openssl/mem.h:60:\nthird_party/boringssl/include/openssl/base.h:209:31: error: redefinition of typedef 'ASN1_BIT_STRING' is a C11 feature [-Werror,-Wtypedef-redefinition]\ntypedef struct asn1_string_st ASN1_BIT_STRING;\n                              ^\n/usr/local/opt/openssl@3/include/openssl/types.h:47:31: note: previous definition is here\ntypedef struct asn1_string_st ASN1_BIT_STRING;\n                              ^\nIn file included from third_party/boringssl/crypto/asn1/a_print.c:60:\nIn file included from third_party/boringssl/include/openssl/mem.h:60:\nthird_party/boringssl/include/openssl/base.h:210:31: error: redefinition of typedef 'ASN1_BMPSTRING' is a C11 feature [-Werror,-Wtypedef-redefinition]\ntypedef struct asn1_string_st ASN1_BMPSTRING;\n                              ^\n/usr/local/opt/openssl@3/include/openssl/types.h:54:31: note: previous definition is here\ntypedef struct asn1_string_st ASN1_BMPSTRING;\n                              ^\nIn file included from third_party/boringssl/crypto/asn1/a_print.c:60:\nIn file included from third_party/boringssl/include/openssl/mem.h:60:\nthird_party/boringssl/include/openssl/base.h:211:31: error: redefinition of typedef 'ASN1_ENUMERATED' is a C11 feature [-Werror,-Wtypedef-redefinition]\ntypedef struct asn1_string_st ASN1_ENUMERATED;\n                              ^\n/usr/local/opt/openssl@3/include/openssl/types.h:46:31: note: previous definition is here\ntypedef struct asn1_string_st ASN1_ENUMERATED;\n                              ^\nIn file included from third_party/boringssl/crypto/asn1/a_print.c:60:\nIn file included from third_party/boringssl/include/openssl/mem.h:60:\nthird_party/boringssl/include/openssl/base.h:212:31: error: redefinition of typedef 'ASN1_GENERALIZEDTIME' is a C11 feature [-Werror,-Wtypedef-redefinition]\ntypedef struct asn1_string_st ASN1_GENERALIZEDTIME;\n                              ^\n/usr/local/opt/openssl@3/include/openssl/types.h:57:31: note: previous definition is here\ntypedef struct asn1_string_st ASN1_GENERALIZEDTIME;\n                              ^\nIn file included from third_party/boringssl/crypto/asn1/a_print.c:60:\nIn file included from third_party/boringssl/include/openssl/mem.h:60:\nthird_party/boringssl/include/openssl/base.h:213:31: error: redefinition of typedef 'ASN1_GENERALSTRING' is a C11 feature [-Werror,-Wtypedef-redefinition]\ntypedef struct asn1_string_st ASN1_GENERALSTRING;\n                              ^\n/usr/local/opt/openssl@3/include/openssl/types.h:52:31: note: previous definition is here\ntypedef struct asn1_string_st ASN1_GENERALSTRING;\n                              ^\nIn file included from third_party/boringssl/crypto/asn1/a_print.c:60:\nIn file included from third_party/boringssl/include/openssl/mem.h:60:\nthird_party/boringssl/include/openssl/base.h:214:31: error: redefinition of typedef 'ASN1_IA5STRING' is a C11 feature [-Werror,-Wtypedef-redefinition]\ntypedef struct asn1_string_st ASN1_IA5STRING;\n                              ^\n/usr/local/opt/openssl@3/include/openssl/types.h:51:31: note: previous definition is here\ntypedef struct asn1_string_st ASN1_IA5STRING;\n                              ^\nIn file included from third_party/boringssl/crypto/asn1/a_print.c:60:\nIn file included from third_party/boringssl/include/openssl/mem.h:60:\nthird_party/boringssl/include/openssl/base.h:215:31: error: redefinition of typedef 'ASN1_INTEGER' is a C11 feature [-Werror,-Wtypedef-redefinition]\ntypedef struct asn1_string_st ASN1_INTEGER;\n                              ^\n/usr/local/opt/openssl@3/include/openssl/types.h:45:31: note: previous definition is here\ntypedef struct asn1_string_st ASN1_INTEGER;\n                              ^\nIn file included from third_party/boringssl/crypto/asn1/a_print.c:60:\nIn file included from third_party/boringssl/include/openssl/mem.h:60:\nthird_party/boringssl/include/openssl/base.h:216:31: error: redefinition of typedef 'ASN1_OCTET_STRING' is a C11 feature [-Werror,-Wtypedef-redefinition]\ntypedef struct asn1_string_st ASN1_OCTET_STRING;\n                              ^\n/usr/local/opt/openssl@3/include/openssl/types.h:48:31: note: previous definition is here\ntypedef struct asn1_string_st ASN1_OCTET_STRING;\n                              ^\nIn file included from third_party/boringssl/crypto/asn1/a_print.c:60:\nIn file included from third_party/boringssl/include/openssl/mem.h:60:\nthird_party/boringssl/include/openssl/base.h:217:31: error: redefinition of typedef 'ASN1_PRINTABLESTRING' is a C11 feature [-Werror,-Wtypedef-redefinition]\ntypedef struct asn1_string_st ASN1_PRINTABLESTRING;\n                              ^\n/usr/local/opt/openssl@3/include/openssl/types.h:49:31: note: previous definition is here\ntypedef struct asn1_string_st ASN1_PRINTABLESTRING;\n                              ^\nIn file included from third_party/boringssl/crypto/asn1/a_print.c:60:\nIn file included from third_party/boringssl/include/openssl/mem.h:60:\nthird_party/boringssl/include/openssl/base.h:218:31: error: redefinition of typedef 'ASN1_STRING' is a C11 feature [-Werror,-Wtypedef-redefinition]\ntypedef struct asn1_string_st ASN1_STRING;\n                              ^\n/usr/local/opt/openssl@3/include/openssl/types.h:60:31: note: previous definition is here\ntypedef struct asn1_string_st ASN1_STRING;\n                              ^\nIn file included from third_party/boringssl/crypto/asn1/a_print.c:60:\nIn file included from third_party/boringssl/include/openssl/mem.h:60:\nthird_party/boringssl/include/openssl/base.h:219:31: error: redefinition of typedef 'ASN1_T61STRING' is a C11 feature [-Werror,-Wtypedef-redefinition]\ntypedef struct asn1_string_st ASN1_T61STRING;\n                              ^\n/usr/local/opt/openssl@3/include/openssl/types.h:50:31: note: previous definition is here\ntypedef struct asn1_string_st ASN1_T61STRING;\n                              ^\nfatal error: too many errors emitted, stopping now [-ferror-limit=]\n20 errors generated.\nmake: *** [/Users/runner/actions-runner/_work/python.build/python.build/build_grpcio16039/grpcio-1.6.0/objs/opt/third_party/boringssl/crypto/asn1/a_print.o] Error 1\n"
2022-12-27T02:56:42.6701310Z   Traceback (most recent call last):
2022-12-27T02:56:42.6711520Z     File "<string>", line 2, in <module>
2022-12-27T02:56:42.6712180Z     File "<pip-setuptools-caller>", line 34, in <module>
2022-12-27T02:56:42.6712830Z     File "/Users/runner/actions-runner/_work/python.build/python.build/build_grpcio16039/grpcio-1.6.0/setup.py", line 290, in <module>
2022-12-27T02:56:42.6713380Z       setuptools.setup(
2022-12-27T02:56:42.6714080Z     File "/private/var/folders/51/hd414ycd67n82196sw51xqtc0000gn/T/cibw-run-006bqo1u/cp39-macosx_arm64/build/venv/lib/python3.9/site-packages/setuptools/__init__.py", line 87, in setup
2022-12-27T02:56:42.6714660Z       return distutils.core.setup(**attrs)
2022-12-27T02:56:42.6715420Z     File "/private/var/folders/51/hd414ycd67n82196sw51xqtc0000gn/T/cibw-run-006bqo1u/cp39-macosx_arm64/build/venv/lib/python3.9/site-packages/setuptools/_distutils/core.py", line 185, in setup
2022-12-27T02:56:42.6716180Z       return run_commands(dist)
2022-12-27T02:56:42.6717010Z     File "/private/var/folders/51/hd414ycd67n82196sw51xqtc0000gn/T/cibw-run-006bqo1u/cp39-macosx_arm64/build/venv/lib/python3.9/site-packages/setuptools/_distutils/core.py", line 201, in run_commands
2022-12-27T02:56:42.6717500Z       dist.run_commands()
2022-12-27T02:56:42.6718190Z     File "/private/var/folders/51/hd414ycd67n82196sw51xqtc0000gn/T/cibw-run-006bqo1u/cp39-macosx_arm64/build/venv/lib/python3.9/site-packages/setuptools/_distutils/dist.py", line 969, in run_commands
2022-12-27T02:56:42.6718680Z       self.run_command(cmd)
2022-12-27T02:56:42.6719320Z     File "/private/var/folders/51/hd414ycd67n82196sw51xqtc0000gn/T/cibw-run-006bqo1u/cp39-macosx_arm64/build/venv/lib/python3.9/site-packages/setuptools/dist.py", line 1208, in run_command
2022-12-27T02:56:42.6719810Z       super().run_command(command)
2022-12-27T02:56:42.6720510Z     File "/private/var/folders/51/hd414ycd67n82196sw51xqtc0000gn/T/cibw-run-006bqo1u/cp39-macosx_arm64/build/venv/lib/python3.9/site-packages/setuptools/_distutils/dist.py", line 988, in run_command
2022-12-27T02:56:42.6721020Z       cmd_obj.run()
2022-12-27T02:56:42.6721830Z     File "/private/var/folders/51/hd414ycd67n82196sw51xqtc0000gn/T/cibw-run-006bqo1u/cp39-macosx_arm64/build/venv/lib/python3.9/site-packages/wheel/bdist_wheel.py", line 325, in run
2022-12-27T02:56:42.6722250Z       self.run_command("build")
2022-12-27T02:56:42.6722920Z     File "/private/var/folders/51/hd414ycd67n82196sw51xqtc0000gn/T/cibw-run-006bqo1u/cp39-macosx_arm64/build/venv/lib/python3.9/site-packages/setuptools/_distutils/cmd.py", line 318, in run_command
2022-12-27T02:56:42.6723380Z       self.distribution.run_command(command)
2022-12-27T02:56:42.6724080Z     File "/private/var/folders/51/hd414ycd67n82196sw51xqtc0000gn/T/cibw-run-006bqo1u/cp39-macosx_arm64/build/venv/lib/python3.9/site-packages/setuptools/dist.py", line 1208, in run_command
2022-12-27T02:56:42.6724660Z       super().run_command(command)
2022-12-27T02:56:42.6725450Z     File "/private/var/folders/51/hd414ycd67n82196sw51xqtc0000gn/T/cibw-run-006bqo1u/cp39-macosx_arm64/build/venv/lib/python3.9/site-packages/setuptools/_distutils/dist.py", line 988, in run_command
2022-12-27T02:56:42.6725940Z       cmd_obj.run()
2022-12-27T02:56:42.6726660Z     File "/private/var/folders/51/hd414ycd67n82196sw51xqtc0000gn/T/cibw-run-006bqo1u/cp39-macosx_arm64/build/venv/lib/python3.9/site-packages/setuptools/_distutils/command/build.py", line 132, in run
2022-12-27T02:56:42.6727250Z       self.run_command(cmd_name)
2022-12-27T02:56:42.6728040Z     File "/private/var/folders/51/hd414ycd67n82196sw51xqtc0000gn/T/cibw-run-006bqo1u/cp39-macosx_arm64/build/venv/lib/python3.9/site-packages/setuptools/_distutils/cmd.py", line 318, in run_command
2022-12-27T02:56:42.6728490Z       self.distribution.run_command(command)
2022-12-27T02:56:42.6729190Z     File "/private/var/folders/51/hd414ycd67n82196sw51xqtc0000gn/T/cibw-run-006bqo1u/cp39-macosx_arm64/build/venv/lib/python3.9/site-packages/setuptools/dist.py", line 1208, in run_command
2022-12-27T02:56:42.6729770Z       super().run_command(command)
2022-12-27T02:56:42.6730480Z     File "/private/var/folders/51/hd414ycd67n82196sw51xqtc0000gn/T/cibw-run-006bqo1u/cp39-macosx_arm64/build/venv/lib/python3.9/site-packages/setuptools/_distutils/dist.py", line 988, in run_command
2022-12-27T02:56:42.6730950Z       cmd_obj.run()
2022-12-27T02:56:42.6731560Z     File "/private/var/folders/51/hd414ycd67n82196sw51xqtc0000gn/T/cibw-run-006bqo1u/cp39-macosx_arm64/build/venv/lib/python3.9/site-packages/setuptools/command/build_ext.py", line 84, in run
2022-12-27T02:56:42.6732020Z       _build_ext.run(self)
2022-12-27T02:56:42.6732710Z     File "/private/var/folders/51/hd414ycd67n82196sw51xqtc0000gn/T/cibw-run-006bqo1u/cp39-macosx_arm64/build/venv/lib/python3.9/site-packages/Cython/Distutils/old_build_ext.py", line 186, in run
2022-12-27T02:56:42.6733380Z       _build_ext.build_ext.run(self)
2022-12-27T02:56:42.6734080Z     File "/private/var/folders/51/hd414ycd67n82196sw51xqtc0000gn/T/cibw-run-006bqo1u/cp39-macosx_arm64/build/venv/lib/python3.9/site-packages/setuptools/_distutils/command/build_ext.py", line 346, in run
2022-12-27T02:56:42.6734570Z       self.build_extensions()
2022-12-27T02:56:42.6735170Z     File "/Users/runner/actions-runner/_work/python.build/python.build/build_grpcio16039/grpcio-1.6.0/src/python/grpcio/commands.py", line 276, in build_extensions
2022-12-27T02:56:42.6735780Z       raise Exception("make command failed!")
2022-12-27T02:56:42.6736140Z   Exception: make command failed!
2022-12-27T02:56:42.7315870Z   error: subprocess-exited-with-error
2022-12-27T02:56:42.7316500Z   
2022-12-27T02:56:42.7317450Z   Ã— python setup.py bdist_wheel did not run successfully.
2022-12-27T02:56:42.7318150Z   â”‚ exit code: 1
2022-12-27T02:56:42.7318860Z   â•°â”€> See above for output.
2022-12-27T02:56:42.7319450Z   
2022-12-27T02:56:42.7320240Z   note: This error originates from a subprocess, and is likely not a problem with pip.
2022-12-27T02:56:42.7340860Z   full command: /private/var/folders/51/hd414ycd67n82196sw51xqtc0000gn/T/cibw-run-006bqo1u/cp39-macosx_arm64/build/venv/bin/python -u -c '
2022-12-27T02:56:42.7341960Z   exec(compile('"'"''"'"''"'"'
2022-12-27T02:56:42.7342490Z   # This is <pip-setuptools-caller> -- a caller that pip uses to run setup.py
2022-12-27T02:56:42.7342870Z   #
2022-12-27T02:56:42.7343330Z   # - It imports setuptools before invoking setup.py, to enable projects that directly
2022-12-27T02:56:42.7343830Z   #   import from `distutils.core` to work with newer packaging standards.
2022-12-27T02:56:42.7344390Z   # - It provides a clear error message when setuptools is not installed.
2022-12-27T02:56:42.7346350Z   # - It sets `sys.argv[0]` to the underlying `setup.py`, when invoking `setup.py` so
2022-12-27T02:56:42.7347380Z   #   setuptools doesn'"'"'t think the script is `-c`. This avoids the following warning:
2022-12-27T02:56:42.7348380Z   #     manifest_maker: standard file '"'"'-c'"'"' not found".
2022-12-27T02:56:42.7349840Z   # - It generates a shim setup.py, for handling setup.cfg-only projects.
2022-12-27T02:56:42.7350580Z   import os, sys, tokenize
2022-12-27T02:56:42.7350930Z   
2022-12-27T02:56:42.7351410Z   try:
2022-12-27T02:56:42.7353030Z       import setuptools
2022-12-27T02:56:42.7353520Z   except ImportError as error:
2022-12-27T02:56:42.7354110Z       print(
2022-12-27T02:56:42.7354660Z           "ERROR: Can not execute `setup.py` since setuptools is not available in "
2022-12-27T02:56:42.7355090Z           "the build environment.",
2022-12-27T02:56:42.7355530Z           file=sys.stderr,
2022-12-27T02:56:42.7355940Z       )
2022-12-27T02:56:42.7356240Z       sys.exit(1)
2022-12-27T02:56:42.7356550Z   
2022-12-27T02:56:42.7356840Z   __file__ = %r
2022-12-27T02:56:42.7357080Z   sys.argv[0] = __file__
2022-12-27T02:56:42.7357470Z   
2022-12-27T02:56:42.7357760Z   if os.path.exists(__file__):
2022-12-27T02:56:42.7358450Z       filename = __file__
2022-12-27T02:56:42.7358820Z       with tokenize.open(__file__) as f:
2022-12-27T02:56:42.7359190Z           setup_py_code = f.read()
2022-12-27T02:56:42.7359510Z   else:
2022-12-27T02:56:42.7359940Z       filename = "<auto-generated setuptools caller>"
2022-12-27T02:56:42.7360340Z       setup_py_code = "from setuptools import setup; setup()"
2022-12-27T02:56:42.7360820Z   
2022-12-27T02:56:42.7361080Z   exec(compile(setup_py_code, filename, "exec"))
2022-12-27T02:56:42.7361960Z   '"'"''"'"''"'"' % ('"'"'/Users/runner/actions-runner/_work/python.build/python.build/build_grpcio16039/grpcio-1.6.0/setup.py'"'"',), "<pip-setuptools-caller>", "exec"))' bdist_wheel -d /private/var/folders/51/hd414ycd67n82196sw51xqtc0000gn/T/pip-wheel-ee0vdnij
2022-12-27T02:56:42.7362940Z   cwd: /Users/runner/actions-runner/_work/python.build/python.build/build_grpcio16039/grpcio-1.6.0/
2022-12-27T02:56:42.7363320Z   ERROR: Failed building wheel for grpcio
2022-12-27T02:56:42.7363780Z   Building wheel for grpcio (setup.py): finished with status 'error'
2022-12-27T02:56:42.7364460Z   Running setup.py clean for grpcio
2022-12-27T02:56:42.7364850Z   Running command python setup.py clean
2022-12-27T02:56:43.4703870Z   running clean
2022-12-27T02:56:43.4727490Z   removing 'python_build/lib.macosx-11.0-arm64-cpython-39' (and everything under it)
2022-12-27T02:56:43.4798570Z   'python_build/bdist.macosx-11.0-arm64' does not exist -- can't clean it
2022-12-27T02:56:43.4806290Z   'python_build/scripts-3.9' does not exist -- can't clean it
2022-12-27T02:56:43.4809130Z   removing 'python_build'
2022-12-27T02:56:43.5590090Z Failed to build grpcio
2022-12-27T02:56:43.5601050Z ERROR: Failed to build one or more wheels
2022-12-27T02:56:43.5620250Z Exception information:
2022-12-27T02:56:43.5620980Z Traceback (most recent call last):
2022-12-27T02:56:43.5623830Z   File "/private/var/folders/51/hd414ycd67n82196sw51xqtc0000gn/T/cibw-run-006bqo1u/cp39-macosx_arm64/build/venv/lib/python3.9/site-packages/pip/_internal/cli/base_command.py", line 160, in exc_logging_wrapper
2022-12-27T02:56:43.5625010Z     status = run_func(*args)
2022-12-27T02:56:43.5626880Z   File "/private/var/folders/51/hd414ycd67n82196sw51xqtc0000gn/T/cibw-run-006bqo1u/cp39-macosx_arm64/build/venv/lib/python3.9/site-packages/pip/_internal/cli/req_command.py", line 247, in wrapper
2022-12-27T02:56:43.5628120Z     return func(self, options, args)
2022-12-27T02:56:43.5629630Z   File "/private/var/folders/51/hd414ycd67n82196sw51xqtc0000gn/T/cibw-run-006bqo1u/cp39-macosx_arm64/build/venv/lib/python3.9/site-packages/pip/_internal/commands/wheel.py", line 201, in run
2022-12-27T02:56:43.5630640Z     raise CommandError("Failed to build one or more wheels")
2022-12-27T02:56:43.5631460Z pip._internal.exceptions.CommandError: Failed to build one or more wheels
2022-12-27T02:56:43.5632770Z Removed build tracker: '/private/var/folders/51/hd414ycd67n82196sw51xqtc0000gn/T/pip-build-tracker-o6zup29o'
2022-12-27T02:56:43.6622770Z ##[endgroup]
2022-12-27T02:56:43.6685120Z ##[error]Command ['python', '-m', 'pip', 'wheel', '/Users/runner/actions-runner/_work/python.build/python.build/build_grpcio16039/grpcio-1.6.0', '--wheel-dir=/private/var/folders/51/hd414ycd67n82196sw51xqtc0000gn/T/cibw-run-006bqo1u/cp39-macosx_arm64/built_wheel', '--no-deps', '-vvv'] failed with code 1. None
2022-12-27T02:56:43.6697300Z 
2022-12-27T02:56:43.6697840Z                                                              [31mâœ• [0m11.89s
2022-12-27T02:56:43.7717280Z ##[error]Process completed with exit code 1.
2022-12-27T02:56:43.7777060Z ##[group]Run rm -rf build_grpcio16039 wheelsout
2022-12-27T02:56:43.7777400Z [36;1mrm -rf build_grpcio16039 wheelsout[0m
2022-12-27T02:56:43.7807890Z shell: /bin/bash -e {0}
2022-12-27T02:56:43.7808110Z env:
2022-12-27T02:56:43.7808360Z   pythonLocation: /Users/runner/hostedtoolcache/Python/3.9.16/x64
2022-12-27T02:56:43.7808710Z   PKG_CONFIG_PATH: /Users/runner/hostedtoolcache/Python/3.9.16/x64/lib/pkgconfig
2022-12-27T02:56:43.7809060Z   Python_ROOT_DIR: /Users/runner/hostedtoolcache/Python/3.9.16/x64
2022-12-27T02:56:43.7809400Z   Python2_ROOT_DIR: /Users/runner/hostedtoolcache/Python/3.9.16/x64
2022-12-27T02:56:43.7809720Z   Python3_ROOT_DIR: /Users/runner/hostedtoolcache/Python/3.9.16/x64
2022-12-27T02:56:43.7810260Z ##[endgroup]
2022-12-27T02:56:44.3326080Z Cleaning up orphan processes
