2022-12-27T08:58:37.0055922Z Requested labels: self-hosted, macOS, X64
2022-12-27T08:58:37.0056001Z Job defined at: kilnbuild/python.build/.github/workflows/mac_arm_build.yml@refs/heads/main
2022-12-27T08:58:37.0056026Z Waiting for a runner to pick up this job...
2022-12-27T11:49:29.6277132Z Job is about to start running on the runner: k1 (organization)
2022-12-27T11:49:33.3164160Z Current runner version: '2.300.2'
2022-12-27T11:49:33.3168730Z Runner name: 'k1'
2022-12-27T11:49:33.3168970Z Runner group name: 'Default'
2022-12-27T11:49:33.3169390Z Machine name: 'k1'
2022-12-27T11:49:33.3170820Z ##[group]GITHUB_TOKEN Permissions
2022-12-27T11:49:33.3171210Z Actions: write
2022-12-27T11:49:33.3171350Z Checks: write
2022-12-27T11:49:33.3171480Z Contents: write
2022-12-27T11:49:33.3171600Z Deployments: write
2022-12-27T11:49:33.3171750Z Discussions: write
2022-12-27T11:49:33.3171880Z Issues: write
2022-12-27T11:49:33.3172000Z Metadata: read
2022-12-27T11:49:33.3172140Z Packages: write
2022-12-27T11:49:33.3172270Z Pages: write
2022-12-27T11:49:33.3172400Z PullRequests: write
2022-12-27T11:49:33.3172560Z RepositoryProjects: write
2022-12-27T11:49:33.3172720Z SecurityEvents: write
2022-12-27T11:49:33.3172850Z Statuses: write
2022-12-27T11:49:33.3172970Z ##[endgroup]
2022-12-27T11:49:33.3175280Z Secret source: Actions
2022-12-27T11:49:33.3175580Z Prepare workflow directory
2022-12-27T11:49:33.3797780Z Prepare all required actions
2022-12-27T11:49:33.3910930Z Getting action download info
2022-12-27T11:49:33.8755880Z Download action repository 'actions/setup-python@v4' (SHA:5ccb29d8773c3f3f653e1705f474dfaa8a06a912)
2022-12-27T11:49:35.6221090Z Download action repository 'actions/upload-artifact@v3' (SHA:83fd05a356d7e2593de66fc9913b3002723633cb)
2022-12-27T11:49:36.9298360Z ##[group]Run echo '{
2022-12-27T11:49:36.9298670Z [36;1mecho '{[0m
2022-12-27T11:49:36.9298820Z [36;1m  "package_name": "lxml",[0m
2022-12-27T11:49:36.9299060Z [36;1m  "package_url": "https://files.pythonhosted.org/packages/03/a8/73d795778143be51d8b86750b371b3efcd7139987f71618ad9f4b8b65543/lxml-4.5.1.tar.gz",[0m
2022-12-27T11:49:36.9299290Z [36;1m  "package_version": "4.5.1",[0m
2022-12-27T11:49:36.9299410Z [36;1m  "python_version": "3.8",[0m
2022-12-27T11:49:36.9299520Z [36;1m  "use_ccache": "true"[0m
2022-12-27T11:49:36.9299620Z [36;1m}'[0m
2022-12-27T11:49:36.9314910Z shell: /bin/bash -e {0}
2022-12-27T11:49:36.9315060Z ##[endgroup]
2022-12-27T11:49:36.9523900Z {
2022-12-27T11:49:36.9525210Z   "package_name": "lxml",
2022-12-27T11:49:36.9525880Z   "package_url": "https://files.pythonhosted.org/packages/03/a8/73d795778143be51d8b86750b371b3efcd7139987f71618ad9f4b8b65543/lxml-4.5.1.tar.gz",
2022-12-27T11:49:36.9526150Z   "package_version": "4.5.1",
2022-12-27T11:49:36.9526350Z   "python_version": "3.8",
2022-12-27T11:49:36.9526500Z   "use_ccache": "true"
2022-12-27T11:49:36.9526690Z }
2022-12-27T11:49:36.9726300Z ##[group]Run actions/setup-python@v4
2022-12-27T11:49:36.9726560Z with:
2022-12-27T11:49:36.9726710Z   python-version: 3.8
2022-12-27T11:49:36.9726890Z   check-latest: false
2022-12-27T11:49:36.9727220Z   token: ***
2022-12-27T11:49:36.9727410Z   update-environment: true
2022-12-27T11:49:36.9727550Z ##[endgroup]
2022-12-27T11:49:37.0870490Z ##[group]Installed versions
2022-12-27T11:49:37.0972260Z Successfully set up CPython (3.8.15)
2022-12-27T11:49:37.0973400Z ##[endgroup]
2022-12-27T11:49:37.1112300Z ##[group]Run if [ "true" == "true" ]
2022-12-27T11:49:37.1112580Z [36;1mif [ "true" == "true" ][0m
2022-12-27T11:49:37.1112770Z [36;1mthen[0m
2022-12-27T11:49:37.1113060Z [36;1m  echo "CCACHE_PATH_PREPEND=/usr/local/opt/ccache/libexec" >> $GITHUB_OUTPUT[0m
2022-12-27T11:49:37.1113230Z [36;1melse[0m
2022-12-27T11:49:37.1113420Z [36;1m  echo "CCACHE_PATH_PREPEND=" >> $GITHUB_OUTPUT[0m
2022-12-27T11:49:37.1113870Z [36;1mfi[0m
2022-12-27T11:49:37.1130120Z shell: /bin/bash -e {0}
2022-12-27T11:49:37.1130280Z env:
2022-12-27T11:49:37.1130530Z   pythonLocation: /Users/runner/hostedtoolcache/Python/3.8.15/x64
2022-12-27T11:49:37.1130800Z   PKG_CONFIG_PATH: /Users/runner/hostedtoolcache/Python/3.8.15/x64/lib/pkgconfig
2022-12-27T11:49:37.1131110Z   Python_ROOT_DIR: /Users/runner/hostedtoolcache/Python/3.8.15/x64
2022-12-27T11:49:37.1131320Z   Python2_ROOT_DIR: /Users/runner/hostedtoolcache/Python/3.8.15/x64
2022-12-27T11:49:37.1131610Z   Python3_ROOT_DIR: /Users/runner/hostedtoolcache/Python/3.8.15/x64
2022-12-27T11:49:37.1132060Z ##[endgroup]
2022-12-27T11:49:37.1236230Z ##[group]Run echo "BUILD_NAME=$(echo lxml_4.5.1_3.8 | tr -dc '[:alnum:]\n\r' | tr '[:upper:]' '[:lower:]')" >> $GITHUB_OUTPUT
2022-12-27T11:49:37.1236690Z [36;1mecho "BUILD_NAME=$(echo lxml_4.5.1_3.8 | tr -dc '[:alnum:]\n\r' | tr '[:upper:]' '[:lower:]')" >> $GITHUB_OUTPUT[0m
2022-12-27T11:49:37.1288770Z shell: /bin/bash -e {0}
2022-12-27T11:49:37.1288880Z env:
2022-12-27T11:49:37.1289100Z   pythonLocation: /Users/runner/hostedtoolcache/Python/3.8.15/x64
2022-12-27T11:49:37.1289340Z   PKG_CONFIG_PATH: /Users/runner/hostedtoolcache/Python/3.8.15/x64/lib/pkgconfig
2022-12-27T11:49:37.1289550Z   Python_ROOT_DIR: /Users/runner/hostedtoolcache/Python/3.8.15/x64
2022-12-27T11:49:37.1289760Z   Python2_ROOT_DIR: /Users/runner/hostedtoolcache/Python/3.8.15/x64
2022-12-27T11:49:37.1289950Z   Python3_ROOT_DIR: /Users/runner/hostedtoolcache/Python/3.8.15/x64
2022-12-27T11:49:37.1290080Z ##[endgroup]
2022-12-27T11:49:37.1388980Z ##[group]Run echo "PYTHON_NO_DOTS=$(echo 3.8 | tr -dc '[:alnum:]\n\r' | tr '[:upper:]' '[:lower:]')" >> $GITHUB_OUTPUT
2022-12-27T11:49:37.1389420Z [36;1mecho "PYTHON_NO_DOTS=$(echo 3.8 | tr -dc '[:alnum:]\n\r' | tr '[:upper:]' '[:lower:]')" >> $GITHUB_OUTPUT[0m
2022-12-27T11:49:37.1402690Z shell: /bin/bash -e {0}
2022-12-27T11:49:37.1402840Z env:
2022-12-27T11:49:37.1403040Z   pythonLocation: /Users/runner/hostedtoolcache/Python/3.8.15/x64
2022-12-27T11:49:37.1403290Z   PKG_CONFIG_PATH: /Users/runner/hostedtoolcache/Python/3.8.15/x64/lib/pkgconfig
2022-12-27T11:49:37.1403500Z   Python_ROOT_DIR: /Users/runner/hostedtoolcache/Python/3.8.15/x64
2022-12-27T11:49:37.1403760Z   Python2_ROOT_DIR: /Users/runner/hostedtoolcache/Python/3.8.15/x64
2022-12-27T11:49:37.1403990Z   Python3_ROOT_DIR: /Users/runner/hostedtoolcache/Python/3.8.15/x64
2022-12-27T11:49:37.1404150Z ##[endgroup]
2022-12-27T11:49:37.1506750Z ##[group]Run rm -rf build_lxml45138
2022-12-27T11:49:37.1507100Z [36;1mrm -rf build_lxml45138[0m
2022-12-27T11:49:37.1507250Z [36;1mmkdir build_lxml45138[0m
2022-12-27T11:49:37.1507450Z [36;1mcd build_lxml45138[0m
2022-12-27T11:49:37.1507730Z [36;1m/usr/local/bin/wget --quiet https://files.pythonhosted.org/packages/03/a8/73d795778143be51d8b86750b371b3efcd7139987f71618ad9f4b8b65543/lxml-4.5.1.tar.gz[0m
2022-12-27T11:49:37.1508000Z [36;1mtar xf *.tar.gz[0m
2022-12-27T11:49:37.1508130Z [36;1mcd *[0m
2022-12-27T11:49:37.1508310Z [36;1mpython -m pip install cibuildwheel==2.11.3[0m
2022-12-27T11:49:37.1508520Z [36;1mpython -m cibuildwheel --output-dir ../wheelsout[0m
2022-12-27T11:49:37.1521590Z shell: /bin/bash -e {0}
2022-12-27T11:49:37.1521760Z env:
2022-12-27T11:49:37.1521960Z   pythonLocation: /Users/runner/hostedtoolcache/Python/3.8.15/x64
2022-12-27T11:49:37.1522180Z   PKG_CONFIG_PATH: /Users/runner/hostedtoolcache/Python/3.8.15/x64/lib/pkgconfig
2022-12-27T11:49:37.1522510Z   Python_ROOT_DIR: /Users/runner/hostedtoolcache/Python/3.8.15/x64
2022-12-27T11:49:37.1522710Z   Python2_ROOT_DIR: /Users/runner/hostedtoolcache/Python/3.8.15/x64
2022-12-27T11:49:37.1522930Z   Python3_ROOT_DIR: /Users/runner/hostedtoolcache/Python/3.8.15/x64
2022-12-27T11:49:37.1523130Z   CIBW_ARCHS_MACOS: arm64
2022-12-27T11:49:37.1523260Z   CIBW_TEST_SKIP: *_arm64
2022-12-27T11:49:37.1523460Z   CIBW_BUILD: cp38-macosx_arm64
2022-12-27T11:49:37.1523630Z   CIBW_BUILD_FRONTEND: pip
2022-12-27T11:49:37.1523770Z   CIBW_BUILD_VERBOSITY: 3
2022-12-27T11:49:37.1524080Z   CIBW_ENVIRONMENT_MACOS:  CFLAGS="-I/usr/local/opt/openssl@3/include" LDFLAGS="-L/usr/local/opt/openssl@3/lib" CPPFLAGS="-I/usr/local/opt/openssl@3/include" MAKEFLAGS="-j$(sysctl -n hw.logicalcpu)" PATH=/usr/local/opt/ccache/libexec:$PATH
2022-12-27T11:49:37.1524460Z   CIBW_BEFORE_BUILD: pip install Cython; if [[ -f requirements.txt ]]; then pip install -r requirements.txt; fi
2022-12-27T11:49:37.1524690Z   MAKEFLAGS: -j$(sysctl -n hw.logicalcpu)
2022-12-27T11:49:37.1524850Z ##[endgroup]
2022-12-27T11:49:37.6876830Z Requirement already satisfied: cibuildwheel==2.11.3 in /Users/runner/hostedtoolcache/Python/3.8.15/x64/lib/python3.8/site-packages (2.11.3)
2022-12-27T11:49:37.7186580Z Requirement already satisfied: filelock in /Users/runner/hostedtoolcache/Python/3.8.15/x64/lib/python3.8/site-packages (from cibuildwheel==2.11.3) (3.8.2)
2022-12-27T11:49:37.7189730Z Requirement already satisfied: certifi in /Users/runner/hostedtoolcache/Python/3.8.15/x64/lib/python3.8/site-packages (from cibuildwheel==2.11.3) (2022.12.7)
2022-12-27T11:49:37.7197780Z Requirement already satisfied: typing-extensions>=4.1.0 in /Users/runner/hostedtoolcache/Python/3.8.15/x64/lib/python3.8/site-packages (from cibuildwheel==2.11.3) (4.4.0)
2022-12-27T11:49:37.7203380Z Requirement already satisfied: tomli in /Users/runner/hostedtoolcache/Python/3.8.15/x64/lib/python3.8/site-packages (from cibuildwheel==2.11.3) (2.0.1)
2022-12-27T11:49:37.7209080Z Requirement already satisfied: bashlex!=0.13 in /Users/runner/hostedtoolcache/Python/3.8.15/x64/lib/python3.8/site-packages (from cibuildwheel==2.11.3) (0.16)
2022-12-27T11:49:37.7212050Z Requirement already satisfied: bracex in /Users/runner/hostedtoolcache/Python/3.8.15/x64/lib/python3.8/site-packages (from cibuildwheel==2.11.3) (2.3.post1)
2022-12-27T11:49:37.7216730Z Requirement already satisfied: packaging>=20.9 in /Users/runner/hostedtoolcache/Python/3.8.15/x64/lib/python3.8/site-packages (from cibuildwheel==2.11.3) (22.0)
2022-12-27T11:49:37.7219870Z Requirement already satisfied: platformdirs in /Users/runner/hostedtoolcache/Python/3.8.15/x64/lib/python3.8/site-packages (from cibuildwheel==2.11.3) (2.6.0)
2022-12-27T11:49:37.8865640Z 
2022-12-27T11:49:37.8866040Z      _ _       _ _   _       _           _
2022-12-27T11:49:37.8866800Z  ___|_| |_ _ _|_| |_| |_ _ _| |_ ___ ___| |
2022-12-27T11:49:37.8867770Z |  _| | . | | | | | . | | | |   | -_| -_| |
2022-12-27T11:49:37.8868000Z |___|_|___|___|_|_|___|_____|_|_|___|___|_|
2022-12-27T11:49:37.8868630Z 
2022-12-27T11:49:37.8868760Z cibuildwheel version 2.11.3
2022-12-27T11:49:37.8868950Z 
2022-12-27T11:49:37.8869130Z Build options:
2022-12-27T11:49:37.8869380Z   platform: macos
2022-12-27T11:49:37.9005860Z   architectures: arm64[0m
2022-12-27T11:49:37.9006120Z   build_selector: 
2022-12-27T11:49:37.9006430Z     build_config: cp38-macosx_arm64
2022-12-27T11:49:37.9006830Z     skip_config: 
2022-12-27T11:49:37.9007110Z     requires_python: None
2022-12-27T11:49:37.9007860Z     prerelease_pythons: False[0m
2022-12-27T11:49:37.9008260Z   [38;5;244mcontainer_engine: docker[0m
2022-12-27T11:49:37.9008830Z   output_dir: /Users/runner/actions-runner/_work/python.build/python.build/build_lxml45138/wheelsout[0m
2022-12-27T11:49:37.9009410Z   package_dir: /Users/runner/actions-runner/_work/python.build/python.build/build_lxml45138/lxml-4.5.1[0m
2022-12-27T11:49:37.9009720Z   test_selector: 
2022-12-27T11:49:37.9009970Z     skip_config: *_arm64[0m
2022-12-27T11:49:37.9010240Z   [38;5;244mbefore_all: [0m
2022-12-27T11:49:37.9010720Z   before_build: pip install Cython; if [[ -f requirements.txt ]]; then pip install -r requirements.txt; fi[0m
2022-12-27T11:49:37.9011030Z   [38;5;244mbefore_test: [0m
2022-12-27T11:49:37.9011320Z   [38;5;244mbuild_frontend: pip[0m
2022-12-27T11:49:37.9011600Z   build_verbosity: 3[0m
2022-12-27T11:49:37.9011870Z   [38;5;244mconfig_settings: [0m
2022-12-27T11:49:37.9012250Z   [38;5;244mdependency_constraints: pinned[0m
2022-12-27T11:49:37.9012490Z   environment: 
2022-12-27T11:49:37.9012800Z     CFLAGS="-I/usr/local/opt/openssl@3/include"
2022-12-27T11:49:37.9013090Z     LDFLAGS="-L/usr/local/opt/openssl@3/lib"
2022-12-27T11:49:37.9013430Z     CPPFLAGS="-I/usr/local/opt/openssl@3/include"
2022-12-27T11:49:37.9013800Z     MAKEFLAGS="-j$(sysctl -n hw.logicalcpu)"
2022-12-27T11:49:37.9014110Z     PATH=/usr/local/opt/ccache/libexec:$PATH[0m
2022-12-27T11:49:37.9014420Z   [38;5;244mmanylinux_images: None[0m
2022-12-27T11:49:37.9014720Z   [38;5;244mmusllinux_images: None[0m
2022-12-27T11:49:37.9015080Z   [38;5;244mrepair_command: delocate-wheel --require-archs {delocate_archs} -w {dest_dir} -v {wheel}[0m
2022-12-27T11:49:37.9015790Z   [38;5;244mtest_command: [0m
2022-12-27T11:49:37.9016070Z   [38;5;244mtest_extras: [0m
2022-12-27T11:49:37.9016310Z   [38;5;244mtest_requires: [0m
2022-12-27T11:49:37.9016450Z 
2022-12-27T11:49:37.9016590Z Cache folder: /Users/runner/Library/Caches/cibuildwheel
2022-12-27T11:49:37.9023850Z 
2022-12-27T11:49:37.9024280Z Here we go!
2022-12-27T11:49:37.9024450Z 
2022-12-27T11:49:37.9144570Z 
2022-12-27T11:49:37.9144960Z [1m[34mBuilding cp38-macosx_arm64 wheel[0m
2022-12-27T11:49:37.9145300Z CPython 3.8 macOS arm64 - Apple Silicon
2022-12-27T11:49:37.9145450Z 
2022-12-27T11:49:37.9148590Z ##[group]Installing Python cp38...
2022-12-27T11:49:37.9148780Z 
2022-12-27T11:49:37.9149610Z + pkgutil --pkgs
2022-12-27T11:49:37.9242220Z ##[endgroup]
2022-12-27T11:49:37.9243140Z                                                               [32m✓ [0m0.01s
2022-12-27T11:49:37.9243680Z ##[group]Setting up build environment...
2022-12-27T11:49:37.9243840Z 
2022-12-27T11:49:37.9261350Z + /Users/runner/hostedtoolcache/Python/3.8.15/x64/bin/python -sS /Users/runner/Library/Caches/cibuildwheel/virtualenv-20.17.0.pyz --activators= --no-periodic-update --pip=22.3.1 --setuptools=65.6.3 --wheel=0.38.4 --symlink-app-data --python /Library/Frameworks/Python.framework/Versions/3.8/bin/python3 /private/var/folders/51/hd414ycd67n82196sw51xqtc0000gn/T/cibw-run-k0r_ku_z/cp38-macosx_arm64/build/venv
2022-12-27T11:49:38.1243540Z created virtual environment CPython3.8.10.final.0-64 in 64ms
2022-12-27T11:49:38.1244080Z   creator CPython3Posix(dest=/private/var/folders/51/hd414ycd67n82196sw51xqtc0000gn/T/cibw-run-k0r_ku_z/cp38-macosx_arm64/build/venv, clear=False, no_vcs_ignore=False, global=False)
2022-12-27T11:49:38.1244910Z   seeder FromAppData(download=False, pip=22.3.1, setuptools=65.6.3, wheel=0.38.4, via=symlink, app_data_dir=/Users/runner/Library/Application Support/virtualenv)
2022-12-27T11:49:38.1245360Z     added seed packages: pip==22.3.1, setuptools==65.6.3, wheel==0.38.4
2022-12-27T11:49:38.1388870Z + python -m pip install --upgrade pip -c /Users/runner/hostedtoolcache/Python/3.8.15/x64/lib/python3.8/site-packages/cibuildwheel/resources/constraints-python38.txt
2022-12-27T11:49:38.4256090Z Requirement already satisfied: pip in ./lib/python3.8/site-packages (22.3.1)
2022-12-27T11:49:38.5597080Z + which pip
2022-12-27T11:49:38.5612350Z /private/var/folders/51/hd414ycd67n82196sw51xqtc0000gn/T/cibw-run-k0r_ku_z/cp38-macosx_arm64/build/venv/bin/pip
2022-12-27T11:49:38.5614050Z + pip --version
2022-12-27T11:49:38.7760780Z pip 22.3.1 from /private/var/folders/51/hd414ycd67n82196sw51xqtc0000gn/T/cibw-run-k0r_ku_z/cp38-macosx_arm64/build/venv/lib/python3.8/site-packages/pip (python 3.8)
2022-12-27T11:49:38.8009820Z + which pip
2022-12-27T11:49:38.8036460Z + which python
2022-12-27T11:49:38.8055010Z /private/var/folders/51/hd414ycd67n82196sw51xqtc0000gn/T/cibw-run-k0r_ku_z/cp38-macosx_arm64/build/venv/bin/python
2022-12-27T11:49:38.8057060Z + python --version
2022-12-27T11:49:38.8102110Z Python 3.8.10
2022-12-27T11:49:38.8104350Z + which python
2022-12-27T11:49:38.8153640Z ##[endgroup]
2022-12-27T11:49:38.8154180Z                                                               [32m✓ [0m0.89s
2022-12-27T11:49:38.8154800Z ##[group]Installing build tools...
2022-12-27T11:49:38.8154900Z 
2022-12-27T11:49:38.8155360Z + pip install --upgrade setuptools wheel delocate -c /Users/runner/hostedtoolcache/Python/3.8.15/x64/lib/python3.8/site-packages/cibuildwheel/resources/constraints-python38.txt
2022-12-27T11:49:39.1081860Z Requirement already satisfied: setuptools in /private/var/folders/51/hd414ycd67n82196sw51xqtc0000gn/T/cibw-run-k0r_ku_z/cp38-macosx_arm64/build/venv/lib/python3.8/site-packages (65.6.3)
2022-12-27T11:49:39.3181130Z Requirement already satisfied: wheel in /private/var/folders/51/hd414ycd67n82196sw51xqtc0000gn/T/cibw-run-k0r_ku_z/cp38-macosx_arm64/build/venv/lib/python3.8/site-packages (0.38.4)
2022-12-27T11:49:39.3698890Z Collecting delocate
2022-12-27T11:49:39.3722810Z   Using cached delocate-0.10.3-py3-none-any.whl (142 kB)
2022-12-27T11:49:39.3944010Z Collecting typing-extensions
2022-12-27T11:49:39.3964860Z   Using cached typing_extensions-4.4.0-py3-none-any.whl (26 kB)
2022-12-27T11:49:39.4208320Z Collecting packaging>=20.9
2022-12-27T11:49:39.4228610Z   Using cached packaging-21.3-py3-none-any.whl (40 kB)
2022-12-27T11:49:39.4638240Z Collecting pyparsing!=3.0.5,>=2.0.2
2022-12-27T11:49:39.4658700Z   Using cached pyparsing-3.0.9-py3-none-any.whl (98 kB)
2022-12-27T11:49:39.5018040Z Installing collected packages: typing-extensions, pyparsing, packaging, delocate
2022-12-27T11:49:39.6303530Z Successfully installed delocate-0.10.3 packaging-21.3 pyparsing-3.0.9 typing-extensions-4.4.0
2022-12-27T11:49:39.6709840Z ##[endgroup]
2022-12-27T11:49:39.6710460Z                                                               [32m✓ [0m0.86s
2022-12-27T11:49:39.6710860Z ##[group]Running before_build...
2022-12-27T11:49:39.6711050Z 
2022-12-27T11:49:39.6716420Z + pip install Cython; if [[ -f requirements.txt ]]; then pip install -r requirements.txt; fi
2022-12-27T11:49:40.3204540Z Collecting Cython
2022-12-27T11:49:40.3248990Z   Using cached Cython-0.29.32-py2.py3-none-any.whl (986 kB)
2022-12-27T11:49:40.3730330Z Installing collected packages: Cython
2022-12-27T11:49:40.7921770Z Successfully installed Cython-0.29.32
2022-12-27T11:49:41.1180150Z Requirement already satisfied: Cython>=0.29.7 in /private/var/folders/51/hd414ycd67n82196sw51xqtc0000gn/T/cibw-run-k0r_ku_z/cp38-macosx_arm64/build/venv/lib/python3.8/site-packages (from -r requirements.txt (line 1)) (0.29.32)
2022-12-27T11:49:41.1857570Z ##[endgroup]
2022-12-27T11:49:41.1858430Z                                                               [32m✓ [0m1.51s
2022-12-27T11:49:41.1858930Z ##[group]Building wheel...
2022-12-27T11:49:41.1859090Z 
2022-12-27T11:49:41.1864030Z + python -m pip wheel /Users/runner/actions-runner/_work/python.build/python.build/build_lxml45138/lxml-4.5.1 --wheel-dir=/private/var/folders/51/hd414ycd67n82196sw51xqtc0000gn/T/cibw-run-k0r_ku_z/cp38-macosx_arm64/built_wheel --no-deps -vvv
2022-12-27T11:49:41.4533160Z Created temporary directory: /private/var/folders/51/hd414ycd67n82196sw51xqtc0000gn/T/pip-ephem-wheel-cache-hrj6hv18
2022-12-27T11:49:41.4536900Z Created temporary directory: /private/var/folders/51/hd414ycd67n82196sw51xqtc0000gn/T/pip-build-tracker-907s1jpl
2022-12-27T11:49:41.4538740Z Initialized build tracking at /private/var/folders/51/hd414ycd67n82196sw51xqtc0000gn/T/pip-build-tracker-907s1jpl
2022-12-27T11:49:41.4540070Z Created build tracker: /private/var/folders/51/hd414ycd67n82196sw51xqtc0000gn/T/pip-build-tracker-907s1jpl
2022-12-27T11:49:41.4541930Z Entered build tracker: /private/var/folders/51/hd414ycd67n82196sw51xqtc0000gn/T/pip-build-tracker-907s1jpl
2022-12-27T11:49:41.4545160Z Created temporary directory: /private/var/folders/51/hd414ycd67n82196sw51xqtc0000gn/T/pip-wheel-okpxt321
2022-12-27T11:49:41.4551160Z Created temporary directory: /private/var/folders/51/hd414ycd67n82196sw51xqtc0000gn/T/pip-ephem-wheel-cache-ufxs1wbw
2022-12-27T11:49:41.4629740Z Processing /Users/runner/actions-runner/_work/python.build/python.build/build_lxml45138/lxml-4.5.1
2022-12-27T11:49:41.4634740Z   Added file:///Users/runner/actions-runner/_work/python.build/python.build/build_lxml45138/lxml-4.5.1 to build tracker '/private/var/folders/51/hd414ycd67n82196sw51xqtc0000gn/T/pip-build-tracker-907s1jpl'
2022-12-27T11:49:41.4638190Z   Running setup.py (path:/Users/runner/actions-runner/_work/python.build/python.build/build_lxml45138/lxml-4.5.1/setup.py) egg_info for package from file:///Users/runner/actions-runner/_work/python.build/python.build/build_lxml45138/lxml-4.5.1
2022-12-27T11:49:41.4641110Z   Created temporary directory: /private/var/folders/51/hd414ycd67n82196sw51xqtc0000gn/T/pip-pip-egg-info-8lszlq0p
2022-12-27T11:49:41.4642480Z   Preparing metadata (setup.py): started
2022-12-27T11:49:41.4644470Z   Running command python setup.py egg_info
2022-12-27T11:49:41.8121980Z   Building lxml version 4.5.1.
2022-12-27T11:49:41.8123150Z   Building without Cython.
2022-12-27T11:49:41.8124680Z   Building against libxml2 2.9.4 and libxslt 1.1.29
2022-12-27T11:49:41.8127050Z   Building against libxml2/libxslt in the following directory: /Library/Developer/CommandLineTools/SDKs/MacOSX12.1.sdk/usr/lib
2022-12-27T11:49:41.8127910Z   running egg_info
2022-12-27T11:49:41.8130240Z   creating /private/var/folders/51/hd414ycd67n82196sw51xqtc0000gn/T/pip-pip-egg-info-8lszlq0p/lxml.egg-info
2022-12-27T11:49:41.8135070Z   writing /private/var/folders/51/hd414ycd67n82196sw51xqtc0000gn/T/pip-pip-egg-info-8lszlq0p/lxml.egg-info/PKG-INFO
2022-12-27T11:49:41.8139440Z   writing dependency_links to /private/var/folders/51/hd414ycd67n82196sw51xqtc0000gn/T/pip-pip-egg-info-8lszlq0p/lxml.egg-info/dependency_links.txt
2022-12-27T11:49:41.8143620Z   writing requirements to /private/var/folders/51/hd414ycd67n82196sw51xqtc0000gn/T/pip-pip-egg-info-8lszlq0p/lxml.egg-info/requires.txt
2022-12-27T11:49:41.8145460Z   writing top-level names to /private/var/folders/51/hd414ycd67n82196sw51xqtc0000gn/T/pip-pip-egg-info-8lszlq0p/lxml.egg-info/top_level.txt
2022-12-27T11:49:41.8147050Z   writing manifest file '/private/var/folders/51/hd414ycd67n82196sw51xqtc0000gn/T/pip-pip-egg-info-8lszlq0p/lxml.egg-info/SOURCES.txt'
2022-12-27T11:49:41.8243280Z   reading manifest file '/private/var/folders/51/hd414ycd67n82196sw51xqtc0000gn/T/pip-pip-egg-info-8lszlq0p/lxml.egg-info/SOURCES.txt'
2022-12-27T11:49:41.8246420Z   reading manifest template 'MANIFEST.in'
2022-12-27T11:49:41.9479700Z   adding license file 'LICENSES.txt'
2022-12-27T11:49:41.9555760Z   writing manifest file '/private/var/folders/51/hd414ycd67n82196sw51xqtc0000gn/T/pip-pip-egg-info-8lszlq0p/lxml.egg-info/SOURCES.txt'
2022-12-27T11:49:41.9771370Z   Preparing metadata (setup.py): finished with status 'done'
2022-12-27T11:49:41.9797220Z   Source in /Users/runner/actions-runner/_work/python.build/python.build/build_lxml45138/lxml-4.5.1 has version 4.5.1, which satisfies requirement lxml==4.5.1 from file:///Users/runner/actions-runner/_work/python.build/python.build/build_lxml45138/lxml-4.5.1
2022-12-27T11:49:41.9800190Z   Removed lxml==4.5.1 from file:///Users/runner/actions-runner/_work/python.build/python.build/build_lxml45138/lxml-4.5.1 from build tracker '/private/var/folders/51/hd414ycd67n82196sw51xqtc0000gn/T/pip-build-tracker-907s1jpl'
2022-12-27T11:49:41.9922470Z Created temporary directory: /private/var/folders/51/hd414ycd67n82196sw51xqtc0000gn/T/pip-unpack-0t92aj6g
2022-12-27T11:49:41.9924130Z Building wheels for collected packages: lxml
2022-12-27T11:49:41.9929090Z   Created temporary directory: /private/var/folders/51/hd414ycd67n82196sw51xqtc0000gn/T/pip-wheel-bcyrje2m
2022-12-27T11:49:41.9930580Z   Building wheel for lxml (setup.py): started
2022-12-27T11:49:41.9932590Z   Destination directory: /private/var/folders/51/hd414ycd67n82196sw51xqtc0000gn/T/pip-wheel-bcyrje2m
2022-12-27T11:49:41.9933740Z   Running command python setup.py bdist_wheel
2022-12-27T11:49:42.1525080Z   Building lxml version 4.5.1.
2022-12-27T11:49:42.1526130Z   Building without Cython.
2022-12-27T11:49:42.1812150Z   Building against libxml2 2.9.4 and libxslt 1.1.29
2022-12-27T11:49:42.3197830Z   Building against libxml2/libxslt in the following directory: /Library/Developer/CommandLineTools/SDKs/MacOSX12.1.sdk/usr/lib
2022-12-27T11:49:42.3456850Z   running bdist_wheel
2022-12-27T11:49:42.3498410Z   running build
2022-12-27T11:49:42.3500850Z   running build_py
2022-12-27T11:49:42.3521410Z   creating build
2022-12-27T11:49:42.3523510Z   creating build/lib.macosx-11.0-arm64-cpython-38
2022-12-27T11:49:42.3525070Z   creating build/lib.macosx-11.0-arm64-cpython-38/lxml
2022-12-27T11:49:42.3526910Z   copying src/lxml/_elementpath.py -> build/lib.macosx-11.0-arm64-cpython-38/lxml
2022-12-27T11:49:42.3528700Z   copying src/lxml/sax.py -> build/lib.macosx-11.0-arm64-cpython-38/lxml
2022-12-27T11:49:42.3531540Z   copying src/lxml/pyclasslookup.py -> build/lib.macosx-11.0-arm64-cpython-38/lxml
2022-12-27T11:49:42.3533180Z   copying src/lxml/__init__.py -> build/lib.macosx-11.0-arm64-cpython-38/lxml
2022-12-27T11:49:42.3535960Z   copying src/lxml/builder.py -> build/lib.macosx-11.0-arm64-cpython-38/lxml
2022-12-27T11:49:42.3538540Z   copying src/lxml/doctestcompare.py -> build/lib.macosx-11.0-arm64-cpython-38/lxml
2022-12-27T11:49:42.3540840Z   copying src/lxml/usedoctest.py -> build/lib.macosx-11.0-arm64-cpython-38/lxml
2022-12-27T11:49:42.3544080Z   copying src/lxml/cssselect.py -> build/lib.macosx-11.0-arm64-cpython-38/lxml
2022-12-27T11:49:42.3546040Z   copying src/lxml/ElementInclude.py -> build/lib.macosx-11.0-arm64-cpython-38/lxml
2022-12-27T11:49:42.3550430Z   creating build/lib.macosx-11.0-arm64-cpython-38/lxml/includes
2022-12-27T11:49:42.3552110Z   copying src/lxml/includes/__init__.py -> build/lib.macosx-11.0-arm64-cpython-38/lxml/includes
2022-12-27T11:49:42.3557690Z   creating build/lib.macosx-11.0-arm64-cpython-38/lxml/html
2022-12-27T11:49:42.3559490Z   copying src/lxml/html/soupparser.py -> build/lib.macosx-11.0-arm64-cpython-38/lxml/html
2022-12-27T11:49:42.3561930Z   copying src/lxml/html/defs.py -> build/lib.macosx-11.0-arm64-cpython-38/lxml/html
2022-12-27T11:49:42.3564810Z   copying src/lxml/html/_setmixin.py -> build/lib.macosx-11.0-arm64-cpython-38/lxml/html
2022-12-27T11:49:42.3567000Z   copying src/lxml/html/clean.py -> build/lib.macosx-11.0-arm64-cpython-38/lxml/html
2022-12-27T11:49:42.3570090Z   copying src/lxml/html/_diffcommand.py -> build/lib.macosx-11.0-arm64-cpython-38/lxml/html
2022-12-27T11:49:42.3572250Z   copying src/lxml/html/html5parser.py -> build/lib.macosx-11.0-arm64-cpython-38/lxml/html
2022-12-27T11:49:42.3575120Z   copying src/lxml/html/__init__.py -> build/lib.macosx-11.0-arm64-cpython-38/lxml/html
2022-12-27T11:49:42.3577860Z   copying src/lxml/html/formfill.py -> build/lib.macosx-11.0-arm64-cpython-38/lxml/html
2022-12-27T11:49:42.3580400Z   copying src/lxml/html/builder.py -> build/lib.macosx-11.0-arm64-cpython-38/lxml/html
2022-12-27T11:49:42.3582690Z   copying src/lxml/html/ElementSoup.py -> build/lib.macosx-11.0-arm64-cpython-38/lxml/html
2022-12-27T11:49:42.3585170Z   copying src/lxml/html/_html5builder.py -> build/lib.macosx-11.0-arm64-cpython-38/lxml/html
2022-12-27T11:49:42.3587900Z   copying src/lxml/html/usedoctest.py -> build/lib.macosx-11.0-arm64-cpython-38/lxml/html
2022-12-27T11:49:42.3590750Z   copying src/lxml/html/diff.py -> build/lib.macosx-11.0-arm64-cpython-38/lxml/html
2022-12-27T11:49:42.3595310Z   creating build/lib.macosx-11.0-arm64-cpython-38/lxml/isoschematron
2022-12-27T11:49:42.3596940Z   copying src/lxml/isoschematron/__init__.py -> build/lib.macosx-11.0-arm64-cpython-38/lxml/isoschematron
2022-12-27T11:49:42.3621960Z   copying src/lxml/etree.h -> build/lib.macosx-11.0-arm64-cpython-38/lxml
2022-12-27T11:49:42.3625690Z   copying src/lxml/etree_api.h -> build/lib.macosx-11.0-arm64-cpython-38/lxml
2022-12-27T11:49:42.3628500Z   copying src/lxml/lxml.etree.h -> build/lib.macosx-11.0-arm64-cpython-38/lxml
2022-12-27T11:49:42.3631150Z   copying src/lxml/lxml.etree_api.h -> build/lib.macosx-11.0-arm64-cpython-38/lxml
2022-12-27T11:49:42.3636950Z   copying src/lxml/includes/xmlerror.pxd -> build/lib.macosx-11.0-arm64-cpython-38/lxml/includes
2022-12-27T11:49:42.3639140Z   copying src/lxml/includes/c14n.pxd -> build/lib.macosx-11.0-arm64-cpython-38/lxml/includes
2022-12-27T11:49:42.3641240Z   copying src/lxml/includes/xmlschema.pxd -> build/lib.macosx-11.0-arm64-cpython-38/lxml/includes
2022-12-27T11:49:42.3643410Z   copying src/lxml/includes/__init__.pxd -> build/lib.macosx-11.0-arm64-cpython-38/lxml/includes
2022-12-27T11:49:42.3645800Z   copying src/lxml/includes/schematron.pxd -> build/lib.macosx-11.0-arm64-cpython-38/lxml/includes
2022-12-27T11:49:42.3648530Z   copying src/lxml/includes/tree.pxd -> build/lib.macosx-11.0-arm64-cpython-38/lxml/includes
2022-12-27T11:49:42.3651670Z   copying src/lxml/includes/uri.pxd -> build/lib.macosx-11.0-arm64-cpython-38/lxml/includes
2022-12-27T11:49:42.3654010Z   copying src/lxml/includes/etreepublic.pxd -> build/lib.macosx-11.0-arm64-cpython-38/lxml/includes
2022-12-27T11:49:42.3656800Z   copying src/lxml/includes/xpath.pxd -> build/lib.macosx-11.0-arm64-cpython-38/lxml/includes
2022-12-27T11:49:42.3659770Z   copying src/lxml/includes/htmlparser.pxd -> build/lib.macosx-11.0-arm64-cpython-38/lxml/includes
2022-12-27T11:49:42.3662360Z   copying src/lxml/includes/xslt.pxd -> build/lib.macosx-11.0-arm64-cpython-38/lxml/includes
2022-12-27T11:49:42.3665580Z   copying src/lxml/includes/config.pxd -> build/lib.macosx-11.0-arm64-cpython-38/lxml/includes
2022-12-27T11:49:42.3668030Z   copying src/lxml/includes/xmlparser.pxd -> build/lib.macosx-11.0-arm64-cpython-38/lxml/includes
2022-12-27T11:49:42.3671130Z   copying src/lxml/includes/xinclude.pxd -> build/lib.macosx-11.0-arm64-cpython-38/lxml/includes
2022-12-27T11:49:42.3673550Z   copying src/lxml/includes/dtdvalid.pxd -> build/lib.macosx-11.0-arm64-cpython-38/lxml/includes
2022-12-27T11:49:42.3676370Z   copying src/lxml/includes/relaxng.pxd -> build/lib.macosx-11.0-arm64-cpython-38/lxml/includes
2022-12-27T11:49:42.3679770Z   copying src/lxml/includes/lxml-version.h -> build/lib.macosx-11.0-arm64-cpython-38/lxml/includes
2022-12-27T11:49:42.3681910Z   copying src/lxml/includes/etree_defs.h -> build/lib.macosx-11.0-arm64-cpython-38/lxml/includes
2022-12-27T11:49:42.3685060Z   creating build/lib.macosx-11.0-arm64-cpython-38/lxml/isoschematron/resources
2022-12-27T11:49:42.3686550Z   creating build/lib.macosx-11.0-arm64-cpython-38/lxml/isoschematron/resources/rng
2022-12-27T11:49:42.3688140Z   copying src/lxml/isoschematron/resources/rng/iso-schematron.rng -> build/lib.macosx-11.0-arm64-cpython-38/lxml/isoschematron/resources/rng
2022-12-27T11:49:42.3690580Z   creating build/lib.macosx-11.0-arm64-cpython-38/lxml/isoschematron/resources/xsl
2022-12-27T11:49:42.3692490Z   copying src/lxml/isoschematron/resources/xsl/XSD2Schtrn.xsl -> build/lib.macosx-11.0-arm64-cpython-38/lxml/isoschematron/resources/xsl
2022-12-27T11:49:42.3694820Z   copying src/lxml/isoschematron/resources/xsl/RNG2Schtrn.xsl -> build/lib.macosx-11.0-arm64-cpython-38/lxml/isoschematron/resources/xsl
2022-12-27T11:49:42.3697960Z   creating build/lib.macosx-11.0-arm64-cpython-38/lxml/isoschematron/resources/xsl/iso-schematron-xslt1
2022-12-27T11:49:42.3699570Z   copying src/lxml/isoschematron/resources/xsl/iso-schematron-xslt1/iso_abstract_expand.xsl -> build/lib.macosx-11.0-arm64-cpython-38/lxml/isoschematron/resources/xsl/iso-schematron-xslt1
2022-12-27T11:49:42.3769880Z   copying src/lxml/isoschematron/resources/xsl/iso-schematron-xslt1/iso_dsdl_include.xsl -> build/lib.macosx-11.0-arm64-cpython-38/lxml/isoschematron/resources/xsl/iso-schematron-xslt1
2022-12-27T11:49:42.3771230Z   copying src/lxml/isoschematron/resources/xsl/iso-schematron-xslt1/iso_schematron_skeleton_for_xslt1.xsl -> build/lib.macosx-11.0-arm64-cpython-38/lxml/isoschematron/resources/xsl/iso-schematron-xslt1
2022-12-27T11:49:42.3771860Z   copying src/lxml/isoschematron/resources/xsl/iso-schematron-xslt1/iso_svrl_for_xslt1.xsl -> build/lib.macosx-11.0-arm64-cpython-38/lxml/isoschematron/resources/xsl/iso-schematron-xslt1
2022-12-27T11:49:42.3772370Z   copying src/lxml/isoschematron/resources/xsl/iso-schematron-xslt1/iso_schematron_message.xsl -> build/lib.macosx-11.0-arm64-cpython-38/lxml/isoschematron/resources/xsl/iso-schematron-xslt1
2022-12-27T11:49:42.3772880Z   copying src/lxml/isoschematron/resources/xsl/iso-schematron-xslt1/readme.txt -> build/lib.macosx-11.0-arm64-cpython-38/lxml/isoschematron/resources/xsl/iso-schematron-xslt1
2022-12-27T11:49:42.3773120Z   running build_ext
2022-12-27T11:49:42.4033200Z   building 'lxml.etree' extension
2022-12-27T11:49:42.4035040Z   creating build/temp.macosx-11.0-arm64-cpython-38
2022-12-27T11:49:42.4036690Z   creating build/temp.macosx-11.0-arm64-cpython-38/src
2022-12-27T11:49:42.4038590Z   creating build/temp.macosx-11.0-arm64-cpython-38/src/lxml
2022-12-27T11:49:42.4041350Z   gcc -Wno-unused-result -Wsign-compare -Wunreachable-code -fno-common -dynamic -DNDEBUG -g -fwrapv -O3 -Wall -g -I/usr/local/opt/openssl@3/include -I/usr/local/opt/openssl@3/include -arch arm64 -DCYTHON_CLINE_IN_TRACEBACK=0 -I/Library/Developer/CommandLineTools/SDKs/MacOSX12.1.sdk/usr/include -Isrc -Isrc/lxml/includes -I/private/var/folders/51/hd414ycd67n82196sw51xqtc0000gn/T/cibw-run-k0r_ku_z/cp38-macosx_arm64/build/venv/include -I/Library/Frameworks/Python.framework/Versions/3.8/include/python3.8 -c src/lxml/etree.c -o build/temp.macosx-11.0-arm64-cpython-38/src/lxml/etree.o -w -flat_namespace
2022-12-27T11:50:06.8649590Z   gcc -bundle -undefined dynamic_lookup -g -L/usr/local/opt/openssl@3/lib -I/usr/local/opt/openssl@3/include -I/usr/local/opt/openssl@3/include -arch arm64 build/temp.macosx-11.0-arm64-cpython-38/src/lxml/etree.o -L/Library/Developer/CommandLineTools/SDKs/MacOSX12.1.sdk/usr/lib -lxslt -lexslt -lxml2 -lz -lm -o build/lib.macosx-11.0-arm64-cpython-38/lxml/etree.cpython-38-darwin.so -isysroot /Library/Developer/CommandLineTools/SDKs/MacOSX12.1.sdk
2022-12-27T11:50:06.9564200Z   building 'lxml.objectify' extension
2022-12-27T11:50:06.9567510Z   gcc -Wno-unused-result -Wsign-compare -Wunreachable-code -fno-common -dynamic -DNDEBUG -g -fwrapv -O3 -Wall -g -I/usr/local/opt/openssl@3/include -I/usr/local/opt/openssl@3/include -arch arm64 -DCYTHON_CLINE_IN_TRACEBACK=0 -I/Library/Developer/CommandLineTools/SDKs/MacOSX12.1.sdk/usr/include -Isrc -Isrc/lxml/includes -I/private/var/folders/51/hd414ycd67n82196sw51xqtc0000gn/T/cibw-run-k0r_ku_z/cp38-macosx_arm64/build/venv/include -I/Library/Frameworks/Python.framework/Versions/3.8/include/python3.8 -c src/lxml/objectify.c -o build/temp.macosx-11.0-arm64-cpython-38/src/lxml/objectify.o -w -flat_namespace
2022-12-27T11:50:11.0693600Z   gcc -bundle -undefined dynamic_lookup -g -L/usr/local/opt/openssl@3/lib -I/usr/local/opt/openssl@3/include -I/usr/local/opt/openssl@3/include -arch arm64 build/temp.macosx-11.0-arm64-cpython-38/src/lxml/objectify.o -L/Library/Developer/CommandLineTools/SDKs/MacOSX12.1.sdk/usr/lib -lxslt -lexslt -lxml2 -lz -lm -o build/lib.macosx-11.0-arm64-cpython-38/lxml/objectify.cpython-38-darwin.so -isysroot /Library/Developer/CommandLineTools/SDKs/MacOSX12.1.sdk
2022-12-27T11:50:11.1261750Z   building 'lxml.builder' extension
2022-12-27T11:50:11.1266030Z   gcc -Wno-unused-result -Wsign-compare -Wunreachable-code -fno-common -dynamic -DNDEBUG -g -fwrapv -O3 -Wall -g -I/usr/local/opt/openssl@3/include -I/usr/local/opt/openssl@3/include -arch arm64 -DCYTHON_CLINE_IN_TRACEBACK=0 -I/Library/Developer/CommandLineTools/SDKs/MacOSX12.1.sdk/usr/include -Isrc -Isrc/lxml/includes -I/private/var/folders/51/hd414ycd67n82196sw51xqtc0000gn/T/cibw-run-k0r_ku_z/cp38-macosx_arm64/build/venv/include -I/Library/Frameworks/Python.framework/Versions/3.8/include/python3.8 -c src/lxml/builder.c -o build/temp.macosx-11.0-arm64-cpython-38/src/lxml/builder.o -w -flat_namespace
2022-12-27T11:50:12.0487120Z   gcc -bundle -undefined dynamic_lookup -g -L/usr/local/opt/openssl@3/lib -I/usr/local/opt/openssl@3/include -I/usr/local/opt/openssl@3/include -arch arm64 build/temp.macosx-11.0-arm64-cpython-38/src/lxml/builder.o -o build/lib.macosx-11.0-arm64-cpython-38/lxml/builder.cpython-38-darwin.so
2022-12-27T11:50:12.0983300Z   building 'lxml._elementpath' extension
2022-12-27T11:50:12.0987050Z   gcc -Wno-unused-result -Wsign-compare -Wunreachable-code -fno-common -dynamic -DNDEBUG -g -fwrapv -O3 -Wall -g -I/usr/local/opt/openssl@3/include -I/usr/local/opt/openssl@3/include -arch arm64 -DCYTHON_CLINE_IN_TRACEBACK=0 -I/Library/Developer/CommandLineTools/SDKs/MacOSX12.1.sdk/usr/include -Isrc -Isrc/lxml/includes -I/private/var/folders/51/hd414ycd67n82196sw51xqtc0000gn/T/cibw-run-k0r_ku_z/cp38-macosx_arm64/build/venv/include -I/Library/Frameworks/Python.framework/Versions/3.8/include/python3.8 -c src/lxml/_elementpath.c -o build/temp.macosx-11.0-arm64-cpython-38/src/lxml/_elementpath.o -w -flat_namespace
2022-12-27T11:50:13.9791970Z   gcc -bundle -undefined dynamic_lookup -g -L/usr/local/opt/openssl@3/lib -I/usr/local/opt/openssl@3/include -I/usr/local/opt/openssl@3/include -arch arm64 build/temp.macosx-11.0-arm64-cpython-38/src/lxml/_elementpath.o -o build/lib.macosx-11.0-arm64-cpython-38/lxml/_elementpath.cpython-38-darwin.so
2022-12-27T11:50:14.0270870Z   building 'lxml.html.diff' extension
2022-12-27T11:50:14.0272830Z   creating build/temp.macosx-11.0-arm64-cpython-38/src/lxml/html
2022-12-27T11:50:14.0276310Z   gcc -Wno-unused-result -Wsign-compare -Wunreachable-code -fno-common -dynamic -DNDEBUG -g -fwrapv -O3 -Wall -g -I/usr/local/opt/openssl@3/include -I/usr/local/opt/openssl@3/include -arch arm64 -DCYTHON_CLINE_IN_TRACEBACK=0 -I/Library/Developer/CommandLineTools/SDKs/MacOSX12.1.sdk/usr/include -Isrc -Isrc/lxml/includes -I/private/var/folders/51/hd414ycd67n82196sw51xqtc0000gn/T/cibw-run-k0r_ku_z/cp38-macosx_arm64/build/venv/include -I/Library/Frameworks/Python.framework/Versions/3.8/include/python3.8 -c src/lxml/html/diff.c -o build/temp.macosx-11.0-arm64-cpython-38/src/lxml/html/diff.o -w -flat_namespace
2022-12-27T11:50:18.2434950Z   gcc -bundle -undefined dynamic_lookup -g -L/usr/local/opt/openssl@3/lib -I/usr/local/opt/openssl@3/include -I/usr/local/opt/openssl@3/include -arch arm64 build/temp.macosx-11.0-arm64-cpython-38/src/lxml/html/diff.o -o build/lib.macosx-11.0-arm64-cpython-38/lxml/html/diff.cpython-38-darwin.so
2022-12-27T11:50:18.2956590Z   building 'lxml.html.clean' extension
2022-12-27T11:50:18.2960000Z   gcc -Wno-unused-result -Wsign-compare -Wunreachable-code -fno-common -dynamic -DNDEBUG -g -fwrapv -O3 -Wall -g -I/usr/local/opt/openssl@3/include -I/usr/local/opt/openssl@3/include -arch arm64 -DCYTHON_CLINE_IN_TRACEBACK=0 -I/Library/Developer/CommandLineTools/SDKs/MacOSX12.1.sdk/usr/include -Isrc -Isrc/lxml/includes -I/private/var/folders/51/hd414ycd67n82196sw51xqtc0000gn/T/cibw-run-k0r_ku_z/cp38-macosx_arm64/build/venv/include -I/Library/Frameworks/Python.framework/Versions/3.8/include/python3.8 -c src/lxml/html/clean.c -o build/temp.macosx-11.0-arm64-cpython-38/src/lxml/html/clean.o -w -flat_namespace
2022-12-27T11:50:21.6523810Z   gcc -bundle -undefined dynamic_lookup -g -L/usr/local/opt/openssl@3/lib -I/usr/local/opt/openssl@3/include -I/usr/local/opt/openssl@3/include -arch arm64 build/temp.macosx-11.0-arm64-cpython-38/src/lxml/html/clean.o -o build/lib.macosx-11.0-arm64-cpython-38/lxml/html/clean.cpython-38-darwin.so
2022-12-27T11:50:21.7026660Z   building 'lxml.sax' extension
2022-12-27T11:50:21.7029110Z   gcc -Wno-unused-result -Wsign-compare -Wunreachable-code -fno-common -dynamic -DNDEBUG -g -fwrapv -O3 -Wall -g -I/usr/local/opt/openssl@3/include -I/usr/local/opt/openssl@3/include -arch arm64 -DCYTHON_CLINE_IN_TRACEBACK=0 -I/Library/Developer/CommandLineTools/SDKs/MacOSX12.1.sdk/usr/include -Isrc -Isrc/lxml/includes -I/private/var/folders/51/hd414ycd67n82196sw51xqtc0000gn/T/cibw-run-k0r_ku_z/cp38-macosx_arm64/build/venv/include -I/Library/Frameworks/Python.framework/Versions/3.8/include/python3.8 -c src/lxml/sax.c -o build/temp.macosx-11.0-arm64-cpython-38/src/lxml/sax.o -w -flat_namespace
2022-12-27T11:50:23.4850300Z   gcc -bundle -undefined dynamic_lookup -g -L/usr/local/opt/openssl@3/lib -I/usr/local/opt/openssl@3/include -I/usr/local/opt/openssl@3/include -arch arm64 build/temp.macosx-11.0-arm64-cpython-38/src/lxml/sax.o -o build/lib.macosx-11.0-arm64-cpython-38/lxml/sax.cpython-38-darwin.so
2022-12-27T11:50:23.5363240Z   /private/var/folders/51/hd414ycd67n82196sw51xqtc0000gn/T/cibw-run-k0r_ku_z/cp38-macosx_arm64/build/venv/lib/python3.8/site-packages/setuptools/command/install.py:34: SetuptoolsDeprecationWarning: setup.py install is deprecated. Use build and pip and other standards-based tools.
2022-12-27T11:50:23.5364570Z     warnings.warn(
2022-12-27T11:50:23.5378340Z   installing to build/bdist.macosx-11.0-arm64/wheel
2022-12-27T11:50:23.5379910Z   running install
2022-12-27T11:50:23.5433410Z   running install_lib
2022-12-27T11:50:23.5450650Z   creating build/bdist.macosx-11.0-arm64
2022-12-27T11:50:23.5452450Z   creating build/bdist.macosx-11.0-arm64/wheel
2022-12-27T11:50:23.5454010Z   creating build/bdist.macosx-11.0-arm64/wheel/lxml
2022-12-27T11:50:23.5456180Z   copying build/lib.macosx-11.0-arm64-cpython-38/lxml/_elementpath.py -> build/bdist.macosx-11.0-arm64/wheel/lxml
2022-12-27T11:50:23.5458790Z   creating build/bdist.macosx-11.0-arm64/wheel/lxml/isoschematron
2022-12-27T11:50:23.5461600Z   creating build/bdist.macosx-11.0-arm64/wheel/lxml/isoschematron/resources
2022-12-27T11:50:23.5463720Z   creating build/bdist.macosx-11.0-arm64/wheel/lxml/isoschematron/resources/xsl
2022-12-27T11:50:23.5465770Z   copying build/lib.macosx-11.0-arm64-cpython-38/lxml/isoschematron/resources/xsl/XSD2Schtrn.xsl -> build/bdist.macosx-11.0-arm64/wheel/lxml/isoschematron/resources/xsl
2022-12-27T11:50:23.5468450Z   creating build/bdist.macosx-11.0-arm64/wheel/lxml/isoschematron/resources/xsl/iso-schematron-xslt1
2022-12-27T11:50:23.5470700Z   copying build/lib.macosx-11.0-arm64-cpython-38/lxml/isoschematron/resources/xsl/iso-schematron-xslt1/iso_abstract_expand.xsl -> build/bdist.macosx-11.0-arm64/wheel/lxml/isoschematron/resources/xsl/iso-schematron-xslt1
2022-12-27T11:50:23.5472540Z   copying build/lib.macosx-11.0-arm64-cpython-38/lxml/isoschematron/resources/xsl/iso-schematron-xslt1/iso_dsdl_include.xsl -> build/bdist.macosx-11.0-arm64/wheel/lxml/isoschematron/resources/xsl/iso-schematron-xslt1
2022-12-27T11:50:23.5475280Z   copying build/lib.macosx-11.0-arm64-cpython-38/lxml/isoschematron/resources/xsl/iso-schematron-xslt1/iso_schematron_skeleton_for_xslt1.xsl -> build/bdist.macosx-11.0-arm64/wheel/lxml/isoschematron/resources/xsl/iso-schematron-xslt1
2022-12-27T11:50:23.5478990Z   copying build/lib.macosx-11.0-arm64-cpython-38/lxml/isoschematron/resources/xsl/iso-schematron-xslt1/iso_svrl_for_xslt1.xsl -> build/bdist.macosx-11.0-arm64/wheel/lxml/isoschematron/resources/xsl/iso-schematron-xslt1
2022-12-27T11:50:23.5482680Z   copying build/lib.macosx-11.0-arm64-cpython-38/lxml/isoschematron/resources/xsl/iso-schematron-xslt1/iso_schematron_message.xsl -> build/bdist.macosx-11.0-arm64/wheel/lxml/isoschematron/resources/xsl/iso-schematron-xslt1
2022-12-27T11:50:23.5484310Z   copying build/lib.macosx-11.0-arm64-cpython-38/lxml/isoschematron/resources/xsl/iso-schematron-xslt1/readme.txt -> build/bdist.macosx-11.0-arm64/wheel/lxml/isoschematron/resources/xsl/iso-schematron-xslt1
2022-12-27T11:50:23.5486780Z   copying build/lib.macosx-11.0-arm64-cpython-38/lxml/isoschematron/resources/xsl/RNG2Schtrn.xsl -> build/bdist.macosx-11.0-arm64/wheel/lxml/isoschematron/resources/xsl
2022-12-27T11:50:23.5490160Z   creating build/bdist.macosx-11.0-arm64/wheel/lxml/isoschematron/resources/rng
2022-12-27T11:50:23.5491910Z   copying build/lib.macosx-11.0-arm64-cpython-38/lxml/isoschematron/resources/rng/iso-schematron.rng -> build/bdist.macosx-11.0-arm64/wheel/lxml/isoschematron/resources/rng
2022-12-27T11:50:23.5495350Z   copying build/lib.macosx-11.0-arm64-cpython-38/lxml/isoschematron/__init__.py -> build/bdist.macosx-11.0-arm64/wheel/lxml/isoschematron
2022-12-27T11:50:23.5497750Z   copying build/lib.macosx-11.0-arm64-cpython-38/lxml/etree.cpython-38-darwin.so -> build/bdist.macosx-11.0-arm64/wheel/lxml
2022-12-27T11:50:23.5520780Z   creating build/bdist.macosx-11.0-arm64/wheel/lxml/includes
2022-12-27T11:50:23.5522730Z   copying build/lib.macosx-11.0-arm64-cpython-38/lxml/includes/xmlerror.pxd -> build/bdist.macosx-11.0-arm64/wheel/lxml/includes
2022-12-27T11:50:23.5525280Z   copying build/lib.macosx-11.0-arm64-cpython-38/lxml/includes/c14n.pxd -> build/bdist.macosx-11.0-arm64/wheel/lxml/includes
2022-12-27T11:50:23.5528730Z   copying build/lib.macosx-11.0-arm64-cpython-38/lxml/includes/xmlschema.pxd -> build/bdist.macosx-11.0-arm64/wheel/lxml/includes
2022-12-27T11:50:23.5530820Z   copying build/lib.macosx-11.0-arm64-cpython-38/lxml/includes/__init__.pxd -> build/bdist.macosx-11.0-arm64/wheel/lxml/includes
2022-12-27T11:50:23.5533560Z   copying build/lib.macosx-11.0-arm64-cpython-38/lxml/includes/lxml-version.h -> build/bdist.macosx-11.0-arm64/wheel/lxml/includes
2022-12-27T11:50:23.5535570Z   copying build/lib.macosx-11.0-arm64-cpython-38/lxml/includes/schematron.pxd -> build/bdist.macosx-11.0-arm64/wheel/lxml/includes
2022-12-27T11:50:23.5537320Z   copying build/lib.macosx-11.0-arm64-cpython-38/lxml/includes/__init__.py -> build/bdist.macosx-11.0-arm64/wheel/lxml/includes
2022-12-27T11:50:23.5538950Z   copying build/lib.macosx-11.0-arm64-cpython-38/lxml/includes/tree.pxd -> build/bdist.macosx-11.0-arm64/wheel/lxml/includes
2022-12-27T11:50:23.5542370Z   copying build/lib.macosx-11.0-arm64-cpython-38/lxml/includes/uri.pxd -> build/bdist.macosx-11.0-arm64/wheel/lxml/includes
2022-12-27T11:50:23.5545240Z   copying build/lib.macosx-11.0-arm64-cpython-38/lxml/includes/etree_defs.h -> build/bdist.macosx-11.0-arm64/wheel/lxml/includes
2022-12-27T11:50:23.5547910Z   copying build/lib.macosx-11.0-arm64-cpython-38/lxml/includes/etreepublic.pxd -> build/bdist.macosx-11.0-arm64/wheel/lxml/includes
2022-12-27T11:50:23.5550210Z   copying build/lib.macosx-11.0-arm64-cpython-38/lxml/includes/xpath.pxd -> build/bdist.macosx-11.0-arm64/wheel/lxml/includes
2022-12-27T11:50:23.5553870Z   copying build/lib.macosx-11.0-arm64-cpython-38/lxml/includes/htmlparser.pxd -> build/bdist.macosx-11.0-arm64/wheel/lxml/includes
2022-12-27T11:50:23.5556380Z   copying build/lib.macosx-11.0-arm64-cpython-38/lxml/includes/xslt.pxd -> build/bdist.macosx-11.0-arm64/wheel/lxml/includes
2022-12-27T11:50:23.5558510Z   copying build/lib.macosx-11.0-arm64-cpython-38/lxml/includes/config.pxd -> build/bdist.macosx-11.0-arm64/wheel/lxml/includes
2022-12-27T11:50:23.5560750Z   copying build/lib.macosx-11.0-arm64-cpython-38/lxml/includes/xmlparser.pxd -> build/bdist.macosx-11.0-arm64/wheel/lxml/includes
2022-12-27T11:50:23.5563550Z   copying build/lib.macosx-11.0-arm64-cpython-38/lxml/includes/xinclude.pxd -> build/bdist.macosx-11.0-arm64/wheel/lxml/includes
2022-12-27T11:50:23.5565800Z   copying build/lib.macosx-11.0-arm64-cpython-38/lxml/includes/dtdvalid.pxd -> build/bdist.macosx-11.0-arm64/wheel/lxml/includes
2022-12-27T11:50:23.5568820Z   copying build/lib.macosx-11.0-arm64-cpython-38/lxml/includes/relaxng.pxd -> build/bdist.macosx-11.0-arm64/wheel/lxml/includes
2022-12-27T11:50:23.5570940Z   copying build/lib.macosx-11.0-arm64-cpython-38/lxml/sax.py -> build/bdist.macosx-11.0-arm64/wheel/lxml
2022-12-27T11:50:23.5573920Z   copying build/lib.macosx-11.0-arm64-cpython-38/lxml/pyclasslookup.py -> build/bdist.macosx-11.0-arm64/wheel/lxml
2022-12-27T11:50:23.5576350Z   copying build/lib.macosx-11.0-arm64-cpython-38/lxml/__init__.py -> build/bdist.macosx-11.0-arm64/wheel/lxml
2022-12-27T11:50:23.5579360Z   creating build/bdist.macosx-11.0-arm64/wheel/lxml/html
2022-12-27T11:50:23.5581500Z   copying build/lib.macosx-11.0-arm64-cpython-38/lxml/html/soupparser.py -> build/bdist.macosx-11.0-arm64/wheel/lxml/html
2022-12-27T11:50:23.5583600Z   copying build/lib.macosx-11.0-arm64-cpython-38/lxml/html/defs.py -> build/bdist.macosx-11.0-arm64/wheel/lxml/html
2022-12-27T11:50:23.5586490Z   copying build/lib.macosx-11.0-arm64-cpython-38/lxml/html/_setmixin.py -> build/bdist.macosx-11.0-arm64/wheel/lxml/html
2022-12-27T11:50:23.5588590Z   copying build/lib.macosx-11.0-arm64-cpython-38/lxml/html/clean.py -> build/bdist.macosx-11.0-arm64/wheel/lxml/html
2022-12-27T11:50:23.5591610Z   copying build/lib.macosx-11.0-arm64-cpython-38/lxml/html/_diffcommand.py -> build/bdist.macosx-11.0-arm64/wheel/lxml/html
2022-12-27T11:50:23.5594600Z   copying build/lib.macosx-11.0-arm64-cpython-38/lxml/html/html5parser.py -> build/bdist.macosx-11.0-arm64/wheel/lxml/html
2022-12-27T11:50:23.5597110Z   copying build/lib.macosx-11.0-arm64-cpython-38/lxml/html/__init__.py -> build/bdist.macosx-11.0-arm64/wheel/lxml/html
2022-12-27T11:50:23.5600000Z   copying build/lib.macosx-11.0-arm64-cpython-38/lxml/html/formfill.py -> build/bdist.macosx-11.0-arm64/wheel/lxml/html
2022-12-27T11:50:23.5602870Z   copying build/lib.macosx-11.0-arm64-cpython-38/lxml/html/builder.py -> build/bdist.macosx-11.0-arm64/wheel/lxml/html
2022-12-27T11:50:23.5605230Z   copying build/lib.macosx-11.0-arm64-cpython-38/lxml/html/ElementSoup.py -> build/bdist.macosx-11.0-arm64/wheel/lxml/html
2022-12-27T11:50:23.5608530Z   copying build/lib.macosx-11.0-arm64-cpython-38/lxml/html/_html5builder.py -> build/bdist.macosx-11.0-arm64/wheel/lxml/html
2022-12-27T11:50:23.5610750Z   copying build/lib.macosx-11.0-arm64-cpython-38/lxml/html/usedoctest.py -> build/bdist.macosx-11.0-arm64/wheel/lxml/html
2022-12-27T11:50:23.5613620Z   copying build/lib.macosx-11.0-arm64-cpython-38/lxml/html/diff.py -> build/bdist.macosx-11.0-arm64/wheel/lxml/html
2022-12-27T11:50:23.5616150Z   copying build/lib.macosx-11.0-arm64-cpython-38/lxml/html/diff.cpython-38-darwin.so -> build/bdist.macosx-11.0-arm64/wheel/lxml/html
2022-12-27T11:50:23.5621730Z   copying build/lib.macosx-11.0-arm64-cpython-38/lxml/html/clean.cpython-38-darwin.so -> build/bdist.macosx-11.0-arm64/wheel/lxml/html
2022-12-27T11:50:23.5628630Z   copying build/lib.macosx-11.0-arm64-cpython-38/lxml/etree_api.h -> build/bdist.macosx-11.0-arm64/wheel/lxml
2022-12-27T11:50:23.5632090Z   copying build/lib.macosx-11.0-arm64-cpython-38/lxml/objectify.cpython-38-darwin.so -> build/bdist.macosx-11.0-arm64/wheel/lxml
2022-12-27T11:50:23.5639010Z   copying build/lib.macosx-11.0-arm64-cpython-38/lxml/sax.cpython-38-darwin.so -> build/bdist.macosx-11.0-arm64/wheel/lxml
2022-12-27T11:50:23.5645450Z   copying build/lib.macosx-11.0-arm64-cpython-38/lxml/builder.py -> build/bdist.macosx-11.0-arm64/wheel/lxml
2022-12-27T11:50:23.5647920Z   copying build/lib.macosx-11.0-arm64-cpython-38/lxml/doctestcompare.py -> build/bdist.macosx-11.0-arm64/wheel/lxml
2022-12-27T11:50:23.5651520Z   copying build/lib.macosx-11.0-arm64-cpython-38/lxml/usedoctest.py -> build/bdist.macosx-11.0-arm64/wheel/lxml
2022-12-27T11:50:23.5653540Z   copying build/lib.macosx-11.0-arm64-cpython-38/lxml/cssselect.py -> build/bdist.macosx-11.0-arm64/wheel/lxml
2022-12-27T11:50:23.5656390Z   copying build/lib.macosx-11.0-arm64-cpython-38/lxml/builder.cpython-38-darwin.so -> build/bdist.macosx-11.0-arm64/wheel/lxml
2022-12-27T11:50:23.5661940Z   copying build/lib.macosx-11.0-arm64-cpython-38/lxml/lxml.etree.h -> build/bdist.macosx-11.0-arm64/wheel/lxml
2022-12-27T11:50:23.5664510Z   copying build/lib.macosx-11.0-arm64-cpython-38/lxml/etree.h -> build/bdist.macosx-11.0-arm64/wheel/lxml
2022-12-27T11:50:23.5667160Z   copying build/lib.macosx-11.0-arm64-cpython-38/lxml/ElementInclude.py -> build/bdist.macosx-11.0-arm64/wheel/lxml
2022-12-27T11:50:23.5669970Z   copying build/lib.macosx-11.0-arm64-cpython-38/lxml/lxml.etree_api.h -> build/bdist.macosx-11.0-arm64/wheel/lxml
2022-12-27T11:50:23.5672730Z   copying build/lib.macosx-11.0-arm64-cpython-38/lxml/_elementpath.cpython-38-darwin.so -> build/bdist.macosx-11.0-arm64/wheel/lxml
2022-12-27T11:50:23.5677870Z   running install_egg_info
2022-12-27T11:50:23.5751690Z   running egg_info
2022-12-27T11:50:23.5763170Z   writing src/lxml.egg-info/PKG-INFO
2022-12-27T11:50:23.5768150Z   writing dependency_links to src/lxml.egg-info/dependency_links.txt
2022-12-27T11:50:23.5771270Z   writing requirements to src/lxml.egg-info/requires.txt
2022-12-27T11:50:23.5773340Z   writing top-level names to src/lxml.egg-info/top_level.txt
2022-12-27T11:50:23.5826210Z   reading manifest file 'src/lxml.egg-info/SOURCES.txt'
2022-12-27T11:50:23.5885430Z   reading manifest template 'MANIFEST.in'
2022-12-27T11:50:23.7143380Z   adding license file 'LICENSES.txt'
2022-12-27T11:50:23.7246090Z   writing manifest file 'src/lxml.egg-info/SOURCES.txt'
2022-12-27T11:50:23.7249610Z   Copying src/lxml.egg-info to build/bdist.macosx-11.0-arm64/wheel/lxml-4.5.1-py3.8.egg-info
2022-12-27T11:50:23.7326110Z   running install_scripts
2022-12-27T11:50:23.7596890Z   creating build/bdist.macosx-11.0-arm64/wheel/lxml-4.5.1.dist-info/WHEEL
2022-12-27T11:50:23.7601780Z   creating '/private/var/folders/51/hd414ycd67n82196sw51xqtc0000gn/T/pip-wheel-bcyrje2m/lxml-4.5.1-cp38-cp38-macosx_11_0_arm64.whl' and adding 'build/bdist.macosx-11.0-arm64/wheel' to it
2022-12-27T11:50:23.7609930Z   adding 'lxml/ElementInclude.py'
2022-12-27T11:50:23.7613510Z   adding 'lxml/__init__.py'
2022-12-27T11:50:23.7669580Z   adding 'lxml/_elementpath.cpython-38-darwin.so'
2022-12-27T11:50:23.7679840Z   adding 'lxml/_elementpath.py'
2022-12-27T11:50:23.7710630Z   adding 'lxml/builder.cpython-38-darwin.so'
2022-12-27T11:50:23.7718150Z   adding 'lxml/builder.py'
2022-12-27T11:50:23.7721700Z   adding 'lxml/cssselect.py'
2022-12-27T11:50:23.7727360Z   adding 'lxml/doctestcompare.py'
2022-12-27T11:50:23.8370330Z   adding 'lxml/etree.cpython-38-darwin.so'
2022-12-27T11:50:23.8442610Z   adding 'lxml/etree.h'
2022-12-27T11:50:23.8447050Z   adding 'lxml/etree_api.h'
2022-12-27T11:50:23.8450940Z   adding 'lxml/lxml.etree.h'
2022-12-27T11:50:23.8454880Z   adding 'lxml/lxml.etree_api.h'
2022-12-27T11:50:23.8566820Z   adding 'lxml/objectify.cpython-38-darwin.so'
2022-12-27T11:50:23.8581580Z   adding 'lxml/pyclasslookup.py'
2022-12-27T11:50:23.8633970Z   adding 'lxml/sax.cpython-38-darwin.so'
2022-12-27T11:50:23.8643220Z   adding 'lxml/sax.py'
2022-12-27T11:50:23.8646620Z   adding 'lxml/usedoctest.py'
2022-12-27T11:50:23.8649830Z   adding 'lxml/html/ElementSoup.py'
2022-12-27T11:50:23.8665180Z   adding 'lxml/html/__init__.py'
2022-12-27T11:50:23.8670720Z   adding 'lxml/html/_diffcommand.py'
2022-12-27T11:50:23.8674210Z   adding 'lxml/html/_html5builder.py'
2022-12-27T11:50:23.8676920Z   adding 'lxml/html/_setmixin.py'
2022-12-27T11:50:23.8680080Z   adding 'lxml/html/builder.py'
2022-12-27T11:50:23.8761750Z   adding 'lxml/html/clean.cpython-38-darwin.so'
2022-12-27T11:50:23.8777740Z   adding 'lxml/html/clean.py'
2022-12-27T11:50:23.8782320Z   adding 'lxml/html/defs.py'
2022-12-27T11:50:23.8892360Z   adding 'lxml/html/diff.cpython-38-darwin.so'
2022-12-27T11:50:23.8912070Z   adding 'lxml/html/diff.py'
2022-12-27T11:50:23.8917230Z   adding 'lxml/html/formfill.py'
2022-12-27T11:50:23.8921140Z   adding 'lxml/html/html5parser.py'
2022-12-27T11:50:23.8925550Z   adding 'lxml/html/soupparser.py'
2022-12-27T11:50:23.8928660Z   adding 'lxml/html/usedoctest.py'
2022-12-27T11:50:23.8931590Z   adding 'lxml/includes/__init__.pxd'
2022-12-27T11:50:23.8934460Z   adding 'lxml/includes/__init__.py'
2022-12-27T11:50:23.8936550Z   adding 'lxml/includes/c14n.pxd'
2022-12-27T11:50:23.8939430Z   adding 'lxml/includes/config.pxd'
2022-12-27T11:50:23.8941770Z   adding 'lxml/includes/dtdvalid.pxd'
2022-12-27T11:50:23.8946420Z   adding 'lxml/includes/etree_defs.h'
2022-12-27T11:50:23.8950770Z   adding 'lxml/includes/etreepublic.pxd'
2022-12-27T11:50:23.8953800Z   adding 'lxml/includes/htmlparser.pxd'
2022-12-27T11:50:23.8956720Z   adding 'lxml/includes/lxml-version.h'
2022-12-27T11:50:23.8959460Z   adding 'lxml/includes/relaxng.pxd'
2022-12-27T11:50:23.8962270Z   adding 'lxml/includes/schematron.pxd'
2022-12-27T11:50:23.8967320Z   adding 'lxml/includes/tree.pxd'
2022-12-27T11:50:23.8970380Z   adding 'lxml/includes/uri.pxd'
2022-12-27T11:50:23.8973200Z   adding 'lxml/includes/xinclude.pxd'
2022-12-27T11:50:23.8983080Z   adding 'lxml/includes/xmlerror.pxd'
2022-12-27T11:50:23.8988970Z   adding 'lxml/includes/xmlparser.pxd'
2022-12-27T11:50:23.8992040Z   adding 'lxml/includes/xmlschema.pxd'
2022-12-27T11:50:23.8995050Z   adding 'lxml/includes/xpath.pxd'
2022-12-27T11:50:23.8998730Z   adding 'lxml/includes/xslt.pxd'
2022-12-27T11:50:23.9003930Z   adding 'lxml/isoschematron/__init__.py'
2022-12-27T11:50:23.9009690Z   adding 'lxml/isoschematron/resources/rng/iso-schematron.rng'
2022-12-27T11:50:23.9013500Z   adding 'lxml/isoschematron/resources/xsl/RNG2Schtrn.xsl'
2022-12-27T11:50:23.9016690Z   adding 'lxml/isoschematron/resources/xsl/XSD2Schtrn.xsl'
2022-12-27T11:50:23.9022120Z   adding 'lxml/isoschematron/resources/xsl/iso-schematron-xslt1/iso_abstract_expand.xsl'
2022-12-27T11:50:23.9029030Z   adding 'lxml/isoschematron/resources/xsl/iso-schematron-xslt1/iso_dsdl_include.xsl'
2022-12-27T11:50:23.9033080Z   adding 'lxml/isoschematron/resources/xsl/iso-schematron-xslt1/iso_schematron_message.xsl'
2022-12-27T11:50:23.9050730Z   adding 'lxml/isoschematron/resources/xsl/iso-schematron-xslt1/iso_schematron_skeleton_for_xslt1.xsl'
2022-12-27T11:50:23.9058030Z   adding 'lxml/isoschematron/resources/xsl/iso-schematron-xslt1/iso_svrl_for_xslt1.xsl'
2022-12-27T11:50:23.9061280Z   adding 'lxml/isoschematron/resources/xsl/iso-schematron-xslt1/readme.txt'
2022-12-27T11:50:23.9066660Z   adding 'lxml-4.5.1.dist-info/LICENSES.txt'
2022-12-27T11:50:23.9069270Z   adding 'lxml-4.5.1.dist-info/METADATA'
2022-12-27T11:50:23.9071250Z   adding 'lxml-4.5.1.dist-info/WHEEL'
2022-12-27T11:50:23.9073130Z   adding 'lxml-4.5.1.dist-info/top_level.txt'
2022-12-27T11:50:23.9074990Z   adding 'lxml-4.5.1.dist-info/RECORD'
2022-12-27T11:50:23.9078650Z   removing build/bdist.macosx-11.0-arm64/wheel
2022-12-27T11:50:23.9375880Z   Building wheel for lxml (setup.py): finished with status 'done'
2022-12-27T11:50:23.9432400Z   Created wheel for lxml: filename=lxml-4.5.1-cp38-cp38-macosx_11_0_arm64.whl size=1459119 sha256=25439db65f91571baca5d971a1e6b3c08f15df6056f415f27717a28477471d7a
2022-12-27T11:50:23.9434020Z   Stored in directory: /Users/runner/Library/Caches/pip/wheels/25/d5/a4/b11f6990a352f663f3b7a20199a97c4e7135ed2555b2535231
2022-12-27T11:50:23.9472260Z Successfully built lxml
2022-12-27T11:50:23.9487520Z Removed build tracker: '/private/var/folders/51/hd414ycd67n82196sw51xqtc0000gn/T/pip-build-tracker-907s1jpl'
2022-12-27T11:50:23.9863230Z ##[endgroup]
2022-12-27T11:50:23.9863790Z                                                              [32m✓ [0m42.80s
2022-12-27T11:50:23.9864140Z ##[group]Repairing wheel...
2022-12-27T11:50:23.9864260Z 
2022-12-27T11:50:23.9868000Z + delocate-wheel --require-archs arm64 -w /private/var/folders/51/hd414ycd67n82196sw51xqtc0000gn/T/cibw-run-k0r_ku_z/cp38-macosx_arm64/repaired_wheel -v /private/var/folders/51/hd414ycd67n82196sw51xqtc0000gn/T/cibw-run-k0r_ku_z/cp38-macosx_arm64/built_wheel/lxml-4.5.1-cp38-cp38-macosx_11_0_arm64.whl
2022-12-27T11:50:28.1022880Z Fixing: /private/var/folders/51/hd414ycd67n82196sw51xqtc0000gn/T/cibw-run-k0r_ku_z/cp38-macosx_arm64/built_wheel/lxml-4.5.1-cp38-cp38-macosx_11_0_arm64.whl
2022-12-27T11:50:28.1098090Z ##[endgroup]
2022-12-27T11:50:28.1098930Z                                                               [32m✓ [0m4.12s
2022-12-27T11:50:28.1428330Z 
2022-12-27T11:50:28.1428870Z [32m✓ [0mcp38-macosx_arm64 finished in 50.23s
2022-12-27T11:50:28.1430420Z 
2022-12-27T11:50:28.1430600Z 1 wheels produced in 1 minutes:
2022-12-27T11:50:28.1430940Z   lxml-4.5.1-cp38-cp38-macosx_11_0_arm64.whl   1,425 kB
2022-12-27T11:50:28.1616310Z ##[group]Run actions/upload-artifact@v3
2022-12-27T11:50:28.1616460Z with:
2022-12-27T11:50:28.1616600Z   name: lxml-4.5.1-cp38-cp38-macosx_11_0_arm64.whl.zip
2022-12-27T11:50:28.1616750Z   path: build_lxml45138/wheelsout/*.whl
2022-12-27T11:50:28.1616880Z   if-no-files-found: warn
2022-12-27T11:50:28.1617010Z env:
2022-12-27T11:50:28.1617150Z   pythonLocation: /Users/runner/hostedtoolcache/Python/3.8.15/x64
2022-12-27T11:50:28.1617340Z   PKG_CONFIG_PATH: /Users/runner/hostedtoolcache/Python/3.8.15/x64/lib/pkgconfig
2022-12-27T11:50:28.1617520Z   Python_ROOT_DIR: /Users/runner/hostedtoolcache/Python/3.8.15/x64
2022-12-27T11:50:28.1617690Z   Python2_ROOT_DIR: /Users/runner/hostedtoolcache/Python/3.8.15/x64
2022-12-27T11:50:28.1617860Z   Python3_ROOT_DIR: /Users/runner/hostedtoolcache/Python/3.8.15/x64
2022-12-27T11:50:28.1618000Z ##[endgroup]
2022-12-27T11:50:28.2152860Z With the provided path, there will be 1 file uploaded
2022-12-27T11:50:28.2154820Z Starting artifact upload
2022-12-27T11:50:28.2155840Z For more detailed logs during the artifact upload process, enable step-debugging: https://docs.github.com/actions/monitoring-and-troubleshooting-workflows/enabling-debug-logging#enabling-step-debug-logging
2022-12-27T11:50:28.2156390Z Artifact name is valid!
2022-12-27T11:50:29.3303690Z Container for artifact "lxml-4.5.1-cp38-cp38-macosx_11_0_arm64.whl.zip" successfully created. Starting upload of file(s)
2022-12-27T11:50:30.6715570Z Total size of all the files uploaded is 1445013 bytes
2022-12-27T11:50:30.6716010Z File upload process has finished. Finalizing the artifact upload
2022-12-27T11:50:31.7513340Z Artifact has been finalized. All files have been successfully uploaded!
2022-12-27T11:50:31.7513770Z 
2022-12-27T11:50:31.7514030Z The raw size of all the files that were specified for upload is 1459143 bytes
2022-12-27T11:50:31.7515550Z The size of all the files that were uploaded is 1445013 bytes. This takes into account any gzip compression used to reduce the upload size, time and storage
2022-12-27T11:50:31.7515980Z 
2022-12-27T11:50:31.7516830Z Note: The size of downloaded zips can differ significantly from the reported size. For more information see: https://github.com/actions/upload-artifact#zipped-artifact-downloads 
2022-12-27T11:50:31.7517410Z 
2022-12-27T11:50:31.7517860Z Artifact lxml-4.5.1-cp38-cp38-macosx_11_0_arm64.whl.zip has been successfully uploaded!
2022-12-27T11:50:31.7579290Z ##[group]Run rm -rf build_lxml45138 wheelsout
2022-12-27T11:50:31.7579500Z [36;1mrm -rf build_lxml45138 wheelsout[0m
2022-12-27T11:50:31.7594450Z shell: /bin/bash -e {0}
2022-12-27T11:50:31.7594630Z env:
2022-12-27T11:50:31.7594840Z   pythonLocation: /Users/runner/hostedtoolcache/Python/3.8.15/x64
2022-12-27T11:50:31.7595120Z   PKG_CONFIG_PATH: /Users/runner/hostedtoolcache/Python/3.8.15/x64/lib/pkgconfig
2022-12-27T11:50:31.7595380Z   Python_ROOT_DIR: /Users/runner/hostedtoolcache/Python/3.8.15/x64
2022-12-27T11:50:31.7595610Z   Python2_ROOT_DIR: /Users/runner/hostedtoolcache/Python/3.8.15/x64
2022-12-27T11:50:31.7595810Z   Python3_ROOT_DIR: /Users/runner/hostedtoolcache/Python/3.8.15/x64
2022-12-27T11:50:31.7596010Z ##[endgroup]
2022-12-27T11:50:31.8135770Z Post job cleanup.
2022-12-27T11:50:31.9347420Z Cleaning up orphan processes
