2022-12-27T08:46:13.7419403Z Requested labels: self-hosted, macOS, X64
2022-12-27T08:46:13.7419481Z Job defined at: kilnbuild/python.build/.github/workflows/mac_arm_build.yml@refs/heads/main
2022-12-27T08:46:13.7419506Z Waiting for a runner to pick up this job...
2022-12-27T11:05:48.8761866Z Job is about to start running on the runner: k2 (organization)
2022-12-27T11:05:51.8473580Z Current runner version: '2.300.2'
2022-12-27T11:05:51.8478440Z Runner name: 'k2'
2022-12-27T11:05:51.8478680Z Runner group name: 'Default'
2022-12-27T11:05:51.8479110Z Machine name: 'k2'
2022-12-27T11:05:51.8480580Z ##[group]GITHUB_TOKEN Permissions
2022-12-27T11:05:51.8480980Z Actions: write
2022-12-27T11:05:51.8481110Z Checks: write
2022-12-27T11:05:51.8481230Z Contents: write
2022-12-27T11:05:51.8481360Z Deployments: write
2022-12-27T11:05:51.8481500Z Discussions: write
2022-12-27T11:05:51.8481630Z Issues: write
2022-12-27T11:05:51.8481750Z Metadata: read
2022-12-27T11:05:51.8481880Z Packages: write
2022-12-27T11:05:51.8482010Z Pages: write
2022-12-27T11:05:51.8482140Z PullRequests: write
2022-12-27T11:05:51.8482300Z RepositoryProjects: write
2022-12-27T11:05:51.8482450Z SecurityEvents: write
2022-12-27T11:05:51.8482590Z Statuses: write
2022-12-27T11:05:51.8482710Z ##[endgroup]
2022-12-27T11:05:51.8485070Z Secret source: Actions
2022-12-27T11:05:51.8485370Z Prepare workflow directory
2022-12-27T11:05:51.9118570Z Prepare all required actions
2022-12-27T11:05:51.9232720Z Getting action download info
2022-12-27T11:05:52.3839620Z Download action repository 'actions/setup-python@v4' (SHA:5ccb29d8773c3f3f653e1705f474dfaa8a06a912)
2022-12-27T11:05:54.1493620Z Download action repository 'actions/upload-artifact@v3' (SHA:83fd05a356d7e2593de66fc9913b3002723633cb)
2022-12-27T11:05:55.4488780Z ##[group]Run echo '{
2022-12-27T11:05:55.4489060Z [36;1mecho '{[0m
2022-12-27T11:05:55.4489280Z [36;1m  "package_name": "lxml",[0m
2022-12-27T11:05:55.4489610Z [36;1m  "package_url": "https://files.pythonhosted.org/packages/d8/4b/88f70c46c5058b330558ec705661c83a6c9cba7c67ab01471947acd47002/lxml-2.0alpha2.tar.gz",[0m
2022-12-27T11:05:55.4489900Z [36;1m  "package_version": "2.0alpha2",[0m
2022-12-27T11:05:55.4490020Z [36;1m  "python_version": "3.11",[0m
2022-12-27T11:05:55.4490230Z [36;1m  "use_ccache": "true"[0m
2022-12-27T11:05:55.4490350Z [36;1m}'[0m
2022-12-27T11:05:55.4504890Z shell: /bin/bash -e {0}
2022-12-27T11:05:55.4505090Z ##[endgroup]
2022-12-27T11:05:55.4720720Z {
2022-12-27T11:05:55.4722150Z   "package_name": "lxml",
2022-12-27T11:05:55.4722730Z   "package_url": "https://files.pythonhosted.org/packages/d8/4b/88f70c46c5058b330558ec705661c83a6c9cba7c67ab01471947acd47002/lxml-2.0alpha2.tar.gz",
2022-12-27T11:05:55.4723010Z   "package_version": "2.0alpha2",
2022-12-27T11:05:55.4723300Z   "python_version": "3.11",
2022-12-27T11:05:55.4723460Z   "use_ccache": "true"
2022-12-27T11:05:55.4723610Z }
2022-12-27T11:05:55.4935500Z ##[group]Run actions/setup-python@v4
2022-12-27T11:05:55.4935760Z with:
2022-12-27T11:05:55.4936020Z   python-version: 3.11
2022-12-27T11:05:55.4936160Z   check-latest: false
2022-12-27T11:05:55.4936450Z   token: ***
2022-12-27T11:05:55.4936630Z   update-environment: true
2022-12-27T11:05:55.4936780Z ##[endgroup]
2022-12-27T11:05:55.6164140Z ##[group]Installed versions
2022-12-27T11:05:55.6237480Z Successfully set up CPython (3.11.1)
2022-12-27T11:05:55.6238370Z ##[endgroup]
2022-12-27T11:05:55.6376670Z ##[group]Run if [ "true" == "true" ]
2022-12-27T11:05:55.6377040Z [36;1mif [ "true" == "true" ][0m
2022-12-27T11:05:55.6377240Z [36;1mthen[0m
2022-12-27T11:05:55.6377430Z [36;1m  echo "CCACHE_PATH_PREPEND=/usr/local/opt/ccache/libexec" >> $GITHUB_OUTPUT[0m
2022-12-27T11:05:55.6377640Z [36;1melse[0m
2022-12-27T11:05:55.6377840Z [36;1m  echo "CCACHE_PATH_PREPEND=" >> $GITHUB_OUTPUT[0m
2022-12-27T11:05:55.6378050Z [36;1mfi[0m
2022-12-27T11:05:55.6395290Z shell: /bin/bash -e {0}
2022-12-27T11:05:55.6395500Z env:
2022-12-27T11:05:55.6395690Z   pythonLocation: /Users/runner/hostedtoolcache/Python/3.11.1/x64
2022-12-27T11:05:55.6396050Z   PKG_CONFIG_PATH: /Users/runner/hostedtoolcache/Python/3.11.1/x64/lib/pkgconfig
2022-12-27T11:05:55.6396310Z   Python_ROOT_DIR: /Users/runner/hostedtoolcache/Python/3.11.1/x64
2022-12-27T11:05:55.6396560Z   Python2_ROOT_DIR: /Users/runner/hostedtoolcache/Python/3.11.1/x64
2022-12-27T11:05:55.6396830Z   Python3_ROOT_DIR: /Users/runner/hostedtoolcache/Python/3.11.1/x64
2022-12-27T11:05:55.6397540Z ##[endgroup]
2022-12-27T11:05:55.6511940Z ##[group]Run echo "BUILD_NAME=$(echo lxml_2.0alpha2_3.11 | tr -dc '[:alnum:]\n\r' | tr '[:upper:]' '[:lower:]')" >> $GITHUB_OUTPUT
2022-12-27T11:05:55.6512730Z [36;1mecho "BUILD_NAME=$(echo lxml_2.0alpha2_3.11 | tr -dc '[:alnum:]\n\r' | tr '[:upper:]' '[:lower:]')" >> $GITHUB_OUTPUT[0m
2022-12-27T11:05:55.6528140Z shell: /bin/bash -e {0}
2022-12-27T11:05:55.6528410Z env:
2022-12-27T11:05:55.6528590Z   pythonLocation: /Users/runner/hostedtoolcache/Python/3.11.1/x64
2022-12-27T11:05:55.6528860Z   PKG_CONFIG_PATH: /Users/runner/hostedtoolcache/Python/3.11.1/x64/lib/pkgconfig
2022-12-27T11:05:55.6529110Z   Python_ROOT_DIR: /Users/runner/hostedtoolcache/Python/3.11.1/x64
2022-12-27T11:05:55.6529350Z   Python2_ROOT_DIR: /Users/runner/hostedtoolcache/Python/3.11.1/x64
2022-12-27T11:05:55.6529610Z   Python3_ROOT_DIR: /Users/runner/hostedtoolcache/Python/3.11.1/x64
2022-12-27T11:05:55.6529800Z ##[endgroup]
2022-12-27T11:05:55.6684340Z ##[group]Run echo "PYTHON_NO_DOTS=$(echo 3.11 | tr -dc '[:alnum:]\n\r' | tr '[:upper:]' '[:lower:]')" >> $GITHUB_OUTPUT
2022-12-27T11:05:55.6684800Z [36;1mecho "PYTHON_NO_DOTS=$(echo 3.11 | tr -dc '[:alnum:]\n\r' | tr '[:upper:]' '[:lower:]')" >> $GITHUB_OUTPUT[0m
2022-12-27T11:05:55.6699430Z shell: /bin/bash -e {0}
2022-12-27T11:05:55.6699630Z env:
2022-12-27T11:05:55.6699840Z   pythonLocation: /Users/runner/hostedtoolcache/Python/3.11.1/x64
2022-12-27T11:05:55.6700130Z   PKG_CONFIG_PATH: /Users/runner/hostedtoolcache/Python/3.11.1/x64/lib/pkgconfig
2022-12-27T11:05:55.6700400Z   Python_ROOT_DIR: /Users/runner/hostedtoolcache/Python/3.11.1/x64
2022-12-27T11:05:55.6700640Z   Python2_ROOT_DIR: /Users/runner/hostedtoolcache/Python/3.11.1/x64
2022-12-27T11:05:55.6700930Z   Python3_ROOT_DIR: /Users/runner/hostedtoolcache/Python/3.11.1/x64
2022-12-27T11:05:55.6701130Z ##[endgroup]
2022-12-27T11:05:55.6820500Z ##[group]Run rm -rf build_lxml20alpha2311
2022-12-27T11:05:55.6820900Z [36;1mrm -rf build_lxml20alpha2311[0m
2022-12-27T11:05:55.6821130Z [36;1mmkdir build_lxml20alpha2311[0m
2022-12-27T11:05:55.6821330Z [36;1mcd build_lxml20alpha2311[0m
2022-12-27T11:05:55.6821620Z [36;1m/usr/local/bin/wget --quiet https://files.pythonhosted.org/packages/d8/4b/88f70c46c5058b330558ec705661c83a6c9cba7c67ab01471947acd47002/lxml-2.0alpha2.tar.gz[0m
2022-12-27T11:05:55.6821890Z [36;1mtar xf *.tar.gz[0m
2022-12-27T11:05:55.6822070Z [36;1mcd *[0m
2022-12-27T11:05:55.6822260Z [36;1mpython -m pip install cibuildwheel==2.11.3[0m
2022-12-27T11:05:55.6822490Z [36;1mpython -m cibuildwheel --output-dir ../wheelsout[0m
2022-12-27T11:05:55.6836530Z shell: /bin/bash -e {0}
2022-12-27T11:05:55.6836780Z env:
2022-12-27T11:05:55.6837000Z   pythonLocation: /Users/runner/hostedtoolcache/Python/3.11.1/x64
2022-12-27T11:05:55.6837270Z   PKG_CONFIG_PATH: /Users/runner/hostedtoolcache/Python/3.11.1/x64/lib/pkgconfig
2022-12-27T11:05:55.6837520Z   Python_ROOT_DIR: /Users/runner/hostedtoolcache/Python/3.11.1/x64
2022-12-27T11:05:55.6837800Z   Python2_ROOT_DIR: /Users/runner/hostedtoolcache/Python/3.11.1/x64
2022-12-27T11:05:55.6838040Z   Python3_ROOT_DIR: /Users/runner/hostedtoolcache/Python/3.11.1/x64
2022-12-27T11:05:55.6838220Z   CIBW_ARCHS_MACOS: arm64
2022-12-27T11:05:55.6838390Z   CIBW_TEST_SKIP: *_arm64
2022-12-27T11:05:55.6838620Z   CIBW_BUILD: cp311-macosx_arm64
2022-12-27T11:05:55.6838770Z   CIBW_BUILD_FRONTEND: pip
2022-12-27T11:05:55.6838950Z   CIBW_BUILD_VERBOSITY: 3
2022-12-27T11:05:55.6839260Z   CIBW_ENVIRONMENT_MACOS:  CFLAGS="-I/usr/local/opt/openssl@3/include" LDFLAGS="-L/usr/local/opt/openssl@3/lib" CPPFLAGS="-I/usr/local/opt/openssl@3/include" MAKEFLAGS="-j$(sysctl -n hw.logicalcpu)" PATH=/usr/local/opt/ccache/libexec:$PATH
2022-12-27T11:05:55.6839630Z   CIBW_BEFORE_BUILD: pip install Cython; if [[ -f requirements.txt ]]; then pip install -r requirements.txt; fi
2022-12-27T11:05:55.6839880Z   MAKEFLAGS: -j$(sysctl -n hw.logicalcpu)
2022-12-27T11:05:55.6840070Z ##[endgroup]
2022-12-27T11:05:56.1240080Z Requirement already satisfied: cibuildwheel==2.11.3 in /Library/Frameworks/Python.framework/Versions/3.11/lib/python3.11/site-packages (2.11.3)
2022-12-27T11:05:56.1548010Z Requirement already satisfied: bashlex!=0.13 in /Library/Frameworks/Python.framework/Versions/3.11/lib/python3.11/site-packages (from cibuildwheel==2.11.3) (0.16)
2022-12-27T11:05:56.1554470Z Requirement already satisfied: bracex in /Library/Frameworks/Python.framework/Versions/3.11/lib/python3.11/site-packages (from cibuildwheel==2.11.3) (2.3.post1)
2022-12-27T11:05:56.1560920Z Requirement already satisfied: certifi in /Library/Frameworks/Python.framework/Versions/3.11/lib/python3.11/site-packages (from cibuildwheel==2.11.3) (2022.12.7)
2022-12-27T11:05:56.1567090Z Requirement already satisfied: filelock in /Library/Frameworks/Python.framework/Versions/3.11/lib/python3.11/site-packages (from cibuildwheel==2.11.3) (3.8.2)
2022-12-27T11:05:56.1576110Z Requirement already satisfied: packaging>=20.9 in /Library/Frameworks/Python.framework/Versions/3.11/lib/python3.11/site-packages (from cibuildwheel==2.11.3) (22.0)
2022-12-27T11:05:56.1584510Z Requirement already satisfied: platformdirs in /Library/Frameworks/Python.framework/Versions/3.11/lib/python3.11/site-packages (from cibuildwheel==2.11.3) (2.6.0)
2022-12-27T11:05:56.3721310Z 
2022-12-27T11:05:56.3721580Z      _ _       _ _   _       _           _
2022-12-27T11:05:56.3722420Z  ___|_| |_ _ _|_| |_| |_ _ _| |_ ___ ___| |
2022-12-27T11:05:56.3722960Z |  _| | . | | | | | . | | | |   | -_| -_| |
2022-12-27T11:05:56.3723260Z |___|_|___|___|_|_|___|_____|_|_|___|___|_|
2022-12-27T11:05:56.3723370Z 
2022-12-27T11:05:56.3723540Z cibuildwheel version 2.11.3
2022-12-27T11:05:56.3723810Z 
2022-12-27T11:05:56.3723940Z Build options:
2022-12-27T11:05:56.3724210Z   platform: macos
2022-12-27T11:05:56.3754180Z   architectures: arm64[0m
2022-12-27T11:05:56.3754440Z   build_selector: 
2022-12-27T11:05:56.3755480Z     build_config: cp311-macosx_arm64
2022-12-27T11:05:56.3755850Z     skip_config: 
2022-12-27T11:05:56.3756630Z     requires_python: None
2022-12-27T11:05:56.3757060Z     prerelease_pythons: False[0m
2022-12-27T11:05:56.3757360Z   [38;5;244mcontainer_engine: docker[0m
2022-12-27T11:05:56.3757830Z   output_dir: /Users/runner/actions-runner/_work/python.build/python.build/build_lxml20alpha2311/wheelsout[0m
2022-12-27T11:05:56.3758500Z   package_dir: /Users/runner/actions-runner/_work/python.build/python.build/build_lxml20alpha2311/lxml-2.0alpha2[0m
2022-12-27T11:05:56.3758820Z   test_selector: 
2022-12-27T11:05:56.3759110Z     skip_config: *_arm64[0m
2022-12-27T11:05:56.3759390Z   [38;5;244mbefore_all: [0m
2022-12-27T11:05:56.3759850Z   before_build: pip install Cython; if [[ -f requirements.txt ]]; then pip install -r requirements.txt; fi[0m
2022-12-27T11:05:56.3760460Z   [38;5;244mbefore_test: [0m
2022-12-27T11:05:56.3760860Z   [38;5;244mbuild_frontend: pip[0m
2022-12-27T11:05:56.3761220Z   build_verbosity: 3[0m
2022-12-27T11:05:56.3761510Z   [38;5;244mconfig_settings: [0m
2022-12-27T11:05:56.3762110Z   [38;5;244mdependency_constraints: pinned[0m
2022-12-27T11:05:56.3762410Z   environment: 
2022-12-27T11:05:56.3762760Z     CFLAGS="-I/usr/local/opt/openssl@3/include"
2022-12-27T11:05:56.3763230Z     LDFLAGS="-L/usr/local/opt/openssl@3/lib"
2022-12-27T11:05:56.3763620Z     CPPFLAGS="-I/usr/local/opt/openssl@3/include"
2022-12-27T11:05:56.3763990Z     MAKEFLAGS="-j$(sysctl -n hw.logicalcpu)"
2022-12-27T11:05:56.3764350Z     PATH=/usr/local/opt/ccache/libexec:$PATH[0m
2022-12-27T11:05:56.3764800Z   [38;5;244mmanylinux_images: None[0m
2022-12-27T11:05:56.3765220Z   [38;5;244mmusllinux_images: None[0m
2022-12-27T11:05:56.3765670Z   [38;5;244mrepair_command: delocate-wheel --require-archs {delocate_archs} -w {dest_dir} -v {wheel}[0m
2022-12-27T11:05:56.3766070Z   [38;5;244mtest_command: [0m
2022-12-27T11:05:56.3766480Z   [38;5;244mtest_extras: [0m
2022-12-27T11:05:56.3766800Z   [38;5;244mtest_requires: [0m
2022-12-27T11:05:56.3766920Z 
2022-12-27T11:05:56.3767080Z Cache folder: /Users/runner/Library/Caches/cibuildwheel
2022-12-27T11:05:56.3767980Z 
2022-12-27T11:05:56.3768240Z Here we go!
2022-12-27T11:05:56.3768400Z 
2022-12-27T11:05:56.3877290Z 
2022-12-27T11:05:56.3878100Z [1m[34mBuilding cp311-macosx_arm64 wheel[0m
2022-12-27T11:05:56.3878650Z CPython 3.11 macOS arm64 - Apple Silicon
2022-12-27T11:05:56.3878820Z 
2022-12-27T11:05:56.3880300Z ##[group]Installing Python cp311...
2022-12-27T11:05:56.3880490Z 
2022-12-27T11:05:56.3880720Z + pkgutil --pkgs
2022-12-27T11:05:56.3988310Z ##[endgroup]
2022-12-27T11:05:56.3989560Z                                                               [32mâœ“ [0m0.01s
2022-12-27T11:05:56.3990110Z ##[group]Setting up build environment...
2022-12-27T11:05:56.3990280Z 
2022-12-27T11:05:56.4006430Z + /Library/Frameworks/Python.framework/Versions/3.11/bin/python -sS /Users/runner/Library/Caches/cibuildwheel/virtualenv-20.17.0.pyz --activators= --no-periodic-update --pip=22.3.1 --setuptools=65.6.3 --wheel=0.38.4 --symlink-app-data --python /Library/Frameworks/Python.framework/Versions/3.11/bin/python3 /private/var/folders/51/hd414ycd67n82196sw51xqtc0000gn/T/cibw-run-z6f4676d/cp311-macosx_arm64/build/venv
2022-12-27T11:05:56.5946500Z created virtual environment CPython3.11.1.final.0-64 in 53ms
2022-12-27T11:05:56.5947100Z   creator CPython3Posix(dest=/private/var/folders/51/hd414ycd67n82196sw51xqtc0000gn/T/cibw-run-z6f4676d/cp311-macosx_arm64/build/venv, clear=False, no_vcs_ignore=False, global=False)
2022-12-27T11:05:56.5947510Z   seeder FromAppData(download=False, pip=22.3.1, setuptools=65.6.3, wheel=0.38.4, via=symlink, app_data_dir=/Users/runner/Library/Application Support/virtualenv)
2022-12-27T11:05:56.5947830Z     added seed packages: pip==22.3.1, setuptools==65.6.3, wheel==0.38.4
2022-12-27T11:05:56.6099330Z + python -m pip install --upgrade pip -c /Library/Frameworks/Python.framework/Versions/3.11/lib/python3.11/site-packages/cibuildwheel/resources/constraints-python311.txt
2022-12-27T11:05:56.8843690Z Requirement already satisfied: pip in ./lib/python3.11/site-packages (22.3.1)
2022-12-27T11:05:57.0199020Z + which pip
2022-12-27T11:05:57.0218020Z /private/var/folders/51/hd414ycd67n82196sw51xqtc0000gn/T/cibw-run-z6f4676d/cp311-macosx_arm64/build/venv/bin/pip
2022-12-27T11:05:57.0220950Z + pip --version
2022-12-27T11:05:57.2161000Z pip 22.3.1 from /private/var/folders/51/hd414ycd67n82196sw51xqtc0000gn/T/cibw-run-z6f4676d/cp311-macosx_arm64/build/venv/lib/python3.11/site-packages/pip (python 3.11)
2022-12-27T11:05:57.2430170Z + which pip
2022-12-27T11:05:57.2460300Z + which python
2022-12-27T11:05:57.2478530Z /private/var/folders/51/hd414ycd67n82196sw51xqtc0000gn/T/cibw-run-z6f4676d/cp311-macosx_arm64/build/venv/bin/python
2022-12-27T11:05:57.2480000Z + python --version
2022-12-27T11:05:57.2555620Z Python 3.11.1
2022-12-27T11:05:57.2558950Z + which python
2022-12-27T11:05:57.2615730Z ##[endgroup]
2022-12-27T11:05:57.2616420Z                                                               [32mâœ“ [0m0.86s
2022-12-27T11:05:57.2617200Z ##[group]Installing build tools...
2022-12-27T11:05:57.2617470Z 
2022-12-27T11:05:57.2618080Z + pip install --upgrade setuptools wheel delocate -c /Library/Frameworks/Python.framework/Versions/3.11/lib/python3.11/site-packages/cibuildwheel/resources/constraints-python311.txt
2022-12-27T11:05:57.5386480Z Requirement already satisfied: setuptools in /private/var/folders/51/hd414ycd67n82196sw51xqtc0000gn/T/cibw-run-z6f4676d/cp311-macosx_arm64/build/venv/lib/python3.11/site-packages (65.6.3)
2022-12-27T11:05:57.7106650Z Requirement already satisfied: wheel in /private/var/folders/51/hd414ycd67n82196sw51xqtc0000gn/T/cibw-run-z6f4676d/cp311-macosx_arm64/build/venv/lib/python3.11/site-packages (0.38.4)
2022-12-27T11:05:57.7561000Z Collecting delocate
2022-12-27T11:05:57.7648880Z   Using cached delocate-0.10.3-py3-none-any.whl (142 kB)
2022-12-27T11:05:57.7898340Z Collecting packaging>=20.9
2022-12-27T11:05:57.7918620Z   Using cached packaging-21.3-py3-none-any.whl (40 kB)
2022-12-27T11:05:57.8069530Z Collecting typing-extensions
2022-12-27T11:05:57.8087470Z   Using cached typing_extensions-4.4.0-py3-none-any.whl (26 kB)
2022-12-27T11:05:57.8403870Z Collecting pyparsing!=3.0.5,>=2.0.2
2022-12-27T11:05:57.8424140Z   Using cached pyparsing-3.0.9-py3-none-any.whl (98 kB)
2022-12-27T11:05:57.8993640Z Installing collected packages: typing-extensions, pyparsing, packaging, delocate
2022-12-27T11:05:58.0279960Z Successfully installed delocate-0.10.3 packaging-21.3 pyparsing-3.0.9 typing-extensions-4.4.0
2022-12-27T11:05:58.0867890Z ##[endgroup]
2022-12-27T11:05:58.0868760Z                                                               [32mâœ“ [0m0.83s
2022-12-27T11:05:58.0869200Z ##[group]Running before_build...
2022-12-27T11:05:58.0869360Z 
2022-12-27T11:05:58.0873750Z + pip install Cython; if [[ -f requirements.txt ]]; then pip install -r requirements.txt; fi
2022-12-27T11:05:58.6763040Z Collecting Cython
2022-12-27T11:05:58.6809010Z   Using cached Cython-0.29.32-py2.py3-none-any.whl (986 kB)
2022-12-27T11:05:58.7269710Z Installing collected packages: Cython
2022-12-27T11:05:59.1363240Z Successfully installed Cython-0.29.32
2022-12-27T11:05:59.1855090Z ##[endgroup]
2022-12-27T11:05:59.1855940Z                                                               [32mâœ“ [0m1.10s
2022-12-27T11:05:59.1856580Z ##[group]Building wheel...
2022-12-27T11:05:59.1856740Z 
2022-12-27T11:05:59.1861260Z + python -m pip wheel /Users/runner/actions-runner/_work/python.build/python.build/build_lxml20alpha2311/lxml-2.0alpha2 --wheel-dir=/private/var/folders/51/hd414ycd67n82196sw51xqtc0000gn/T/cibw-run-z6f4676d/cp311-macosx_arm64/built_wheel --no-deps -vvv
2022-12-27T11:05:59.4388730Z Created temporary directory: /private/var/folders/51/hd414ycd67n82196sw51xqtc0000gn/T/pip-ephem-wheel-cache-oc9hyhdy
2022-12-27T11:05:59.4394010Z Created temporary directory: /private/var/folders/51/hd414ycd67n82196sw51xqtc0000gn/T/pip-build-tracker-e6dbqmln
2022-12-27T11:05:59.4395610Z Initialized build tracking at /private/var/folders/51/hd414ycd67n82196sw51xqtc0000gn/T/pip-build-tracker-e6dbqmln
2022-12-27T11:05:59.4396490Z Created build tracker: /private/var/folders/51/hd414ycd67n82196sw51xqtc0000gn/T/pip-build-tracker-e6dbqmln
2022-12-27T11:05:59.4397950Z Entered build tracker: /private/var/folders/51/hd414ycd67n82196sw51xqtc0000gn/T/pip-build-tracker-e6dbqmln
2022-12-27T11:05:59.4401420Z Created temporary directory: /private/var/folders/51/hd414ycd67n82196sw51xqtc0000gn/T/pip-wheel-b7dxl0r3
2022-12-27T11:05:59.4406640Z Created temporary directory: /private/var/folders/51/hd414ycd67n82196sw51xqtc0000gn/T/pip-ephem-wheel-cache-ffdk4713
2022-12-27T11:05:59.4483770Z Processing /Users/runner/actions-runner/_work/python.build/python.build/build_lxml20alpha2311/lxml-2.0alpha2
2022-12-27T11:05:59.4488190Z   Added file:///Users/runner/actions-runner/_work/python.build/python.build/build_lxml20alpha2311/lxml-2.0alpha2 to build tracker '/private/var/folders/51/hd414ycd67n82196sw51xqtc0000gn/T/pip-build-tracker-e6dbqmln'
2022-12-27T11:05:59.4491420Z   Running setup.py (path:/Users/runner/actions-runner/_work/python.build/python.build/build_lxml20alpha2311/lxml-2.0alpha2/setup.py) egg_info for package from file:///Users/runner/actions-runner/_work/python.build/python.build/build_lxml20alpha2311/lxml-2.0alpha2
2022-12-27T11:05:59.4493720Z   Created temporary directory: /private/var/folders/51/hd414ycd67n82196sw51xqtc0000gn/T/pip-pip-egg-info-9fhg1qnw
2022-12-27T11:05:59.4494730Z   Preparing metadata (setup.py): started
2022-12-27T11:05:59.4496280Z   Running command python setup.py egg_info
2022-12-27T11:05:59.5864220Z   Traceback (most recent call last):
2022-12-27T11:05:59.5872440Z     File "<string>", line 2, in <module>
2022-12-27T11:05:59.5873020Z     File "<pip-setuptools-caller>", line 34, in <module>
2022-12-27T11:05:59.5873580Z     File "/Users/runner/actions-runner/_work/python.build/python.build/build_lxml20alpha2311/lxml-2.0alpha2/setup.py", line 41
2022-12-27T11:05:59.5874000Z       print "Building lxml version", svn_version
2022-12-27T11:05:59.5874200Z       ^^^^^^^^^^^^^^^^^^^^^^^^^^^^^^^^^^^^^^^^^^
2022-12-27T11:05:59.5874980Z   SyntaxError: Missing parentheses in call to 'print'. Did you mean print(...)?
2022-12-27T11:05:59.6247740Z   error: subprocess-exited-with-error
2022-12-27T11:05:59.6248350Z   
2022-12-27T11:05:59.6248780Z   Ã— python setup.py egg_info did not run successfully.
2022-12-27T11:05:59.6249070Z   â”‚ exit code: 1
2022-12-27T11:05:59.6249330Z   â•°â”€> See above for output.
2022-12-27T11:05:59.6249500Z   
2022-12-27T11:05:59.6249830Z   note: This error originates from a subprocess, and is likely not a problem with pip.
2022-12-27T11:05:59.6254420Z   full command: /private/var/folders/51/hd414ycd67n82196sw51xqtc0000gn/T/cibw-run-z6f4676d/cp311-macosx_arm64/build/venv/bin/python -c '
2022-12-27T11:05:59.6255140Z   exec(compile('"'"''"'"''"'"'
2022-12-27T11:05:59.6255720Z   # This is <pip-setuptools-caller> -- a caller that pip uses to run setup.py
2022-12-27T11:05:59.6257570Z   #
2022-12-27T11:05:59.6258550Z   # - It imports setuptools before invoking setup.py, to enable projects that directly
2022-12-27T11:05:59.6259080Z   #   import from `distutils.core` to work with newer packaging standards.
2022-12-27T11:05:59.6259530Z   # - It provides a clear error message when setuptools is not installed.
2022-12-27T11:05:59.6260300Z   # - It sets `sys.argv[0]` to the underlying `setup.py`, when invoking `setup.py` so
2022-12-27T11:05:59.6261020Z   #   setuptools doesn'"'"'t think the script is `-c`. This avoids the following warning:
2022-12-27T11:05:59.6261550Z   #     manifest_maker: standard file '"'"'-c'"'"' not found".
2022-12-27T11:05:59.6262120Z   # - It generates a shim setup.py, for handling setup.cfg-only projects.
2022-12-27T11:05:59.6262620Z   import os, sys, tokenize
2022-12-27T11:05:59.6262870Z   
2022-12-27T11:05:59.6263130Z   try:
2022-12-27T11:05:59.6263400Z       import setuptools
2022-12-27T11:05:59.6263710Z   except ImportError as error:
2022-12-27T11:05:59.6264480Z       print(
2022-12-27T11:05:59.6264910Z           "ERROR: Can not execute `setup.py` since setuptools is not available in "
2022-12-27T11:05:59.6265440Z           "the build environment.",
2022-12-27T11:05:59.6265740Z           file=sys.stderr,
2022-12-27T11:05:59.6266020Z       )
2022-12-27T11:05:59.6266280Z       sys.exit(1)
2022-12-27T11:05:59.6266510Z   
2022-12-27T11:05:59.6267860Z   __file__ = %r
2022-12-27T11:05:59.6268310Z   sys.argv[0] = __file__
2022-12-27T11:05:59.6268680Z   
2022-12-27T11:05:59.6269440Z   if os.path.exists(__file__):
2022-12-27T11:05:59.6269930Z       filename = __file__
2022-12-27T11:05:59.6270650Z       with tokenize.open(__file__) as f:
2022-12-27T11:05:59.6270990Z           setup_py_code = f.read()
2022-12-27T11:05:59.6271210Z   else:
2022-12-27T11:05:59.6271910Z       filename = "<auto-generated setuptools caller>"
2022-12-27T11:05:59.6272230Z       setup_py_code = "from setuptools import setup; setup()"
2022-12-27T11:05:59.6272510Z   
2022-12-27T11:05:59.6272880Z   exec(compile(setup_py_code, filename, "exec"))
2022-12-27T11:05:59.6273910Z   '"'"''"'"''"'"' % ('"'"'/Users/runner/actions-runner/_work/python.build/python.build/build_lxml20alpha2311/lxml-2.0alpha2/setup.py'"'"',), "<pip-setuptools-caller>", "exec"))' egg_info --egg-base /private/var/folders/51/hd414ycd67n82196sw51xqtc0000gn/T/pip-pip-egg-info-9fhg1qnw
2022-12-27T11:05:59.6274680Z   Preparing metadata (setup.py): finished with status 'error'
2022-12-27T11:05:59.6275220Z   cwd: /Users/runner/actions-runner/_work/python.build/python.build/build_lxml20alpha2311/lxml-2.0alpha2/
2022-12-27T11:05:59.6275660Z error: metadata-generation-failed
2022-12-27T11:05:59.6275840Z 
2022-12-27T11:05:59.6276080Z Ã— Encountered error while generating package metadata.
2022-12-27T11:05:59.6276410Z â•°â”€> See above for output.
2022-12-27T11:05:59.6276620Z 
2022-12-27T11:05:59.6276800Z note: This is an issue with the package mentioned above, not pip.
2022-12-27T11:05:59.6277120Z hint: See above for details.
2022-12-27T11:05:59.6295630Z Exception information:
2022-12-27T11:05:59.6296130Z Traceback (most recent call last):
2022-12-27T11:05:59.6297370Z   File "/private/var/folders/51/hd414ycd67n82196sw51xqtc0000gn/T/cibw-run-z6f4676d/cp311-macosx_arm64/build/venv/lib/python3.11/site-packages/pip/_internal/operations/build/metadata_legacy.py", line 64, in generate_metadata
2022-12-27T11:05:59.6298670Z     call_subprocess(
2022-12-27T11:05:59.6299620Z   File "/private/var/folders/51/hd414ycd67n82196sw51xqtc0000gn/T/cibw-run-z6f4676d/cp311-macosx_arm64/build/venv/lib/python3.11/site-packages/pip/_internal/utils/subprocess.py", line 224, in call_subprocess
2022-12-27T11:05:59.6300600Z     raise error
2022-12-27T11:05:59.6300970Z pip._internal.exceptions.InstallationSubprocessError: python setup.py egg_info exited with 1
2022-12-27T11:05:59.6301310Z 
2022-12-27T11:05:59.6301520Z The above exception was the direct cause of the following exception:
2022-12-27T11:05:59.6302190Z 
2022-12-27T11:05:59.6302430Z Traceback (most recent call last):
2022-12-27T11:05:59.6303230Z   File "/private/var/folders/51/hd414ycd67n82196sw51xqtc0000gn/T/cibw-run-z6f4676d/cp311-macosx_arm64/build/venv/lib/python3.11/site-packages/pip/_internal/cli/base_command.py", line 160, in exc_logging_wrapper
2022-12-27T11:05:59.6303700Z     status = run_func(*args)
2022-12-27T11:05:59.6303970Z              ^^^^^^^^^^^^^^^
2022-12-27T11:05:59.6304610Z   File "/private/var/folders/51/hd414ycd67n82196sw51xqtc0000gn/T/cibw-run-z6f4676d/cp311-macosx_arm64/build/venv/lib/python3.11/site-packages/pip/_internal/cli/req_command.py", line 247, in wrapper
2022-12-27T11:05:59.6305110Z     return func(self, options, args)
2022-12-27T11:05:59.6305380Z            ^^^^^^^^^^^^^^^^^^^^^^^^^
2022-12-27T11:05:59.6306040Z   File "/private/var/folders/51/hd414ycd67n82196sw51xqtc0000gn/T/cibw-run-z6f4676d/cp311-macosx_arm64/build/venv/lib/python3.11/site-packages/pip/_internal/commands/wheel.py", line 170, in run
2022-12-27T11:05:59.6306570Z     requirement_set = resolver.resolve(reqs, check_supported_wheels=True)
2022-12-27T11:05:59.6307140Z                       ^^^^^^^^^^^^^^^^^^^^^^^^^^^^^^^^^^^^^^^^^^^^^^^^^^^
2022-12-27T11:05:59.6307890Z   File "/private/var/folders/51/hd414ycd67n82196sw51xqtc0000gn/T/cibw-run-z6f4676d/cp311-macosx_arm64/build/venv/lib/python3.11/site-packages/pip/_internal/resolution/resolvelib/resolver.py", line 73, in resolve
2022-12-27T11:05:59.6308400Z     collected = self.factory.collect_root_requirements(root_reqs)
2022-12-27T11:05:59.6308800Z                 ^^^^^^^^^^^^^^^^^^^^^^^^^^^^^^^^^^^^^^^^^^^^^^^^^
2022-12-27T11:05:59.6309500Z   File "/private/var/folders/51/hd414ycd67n82196sw51xqtc0000gn/T/cibw-run-z6f4676d/cp311-macosx_arm64/build/venv/lib/python3.11/site-packages/pip/_internal/resolution/resolvelib/factory.py", line 491, in collect_root_requirements
2022-12-27T11:05:59.6310020Z     req = self._make_requirement_from_install_req(
2022-12-27T11:05:59.6310310Z           ^^^^^^^^^^^^^^^^^^^^^^^^^^^^^^^^^^^^^^^^
2022-12-27T11:05:59.6311050Z   File "/private/var/folders/51/hd414ycd67n82196sw51xqtc0000gn/T/cibw-run-z6f4676d/cp311-macosx_arm64/build/venv/lib/python3.11/site-packages/pip/_internal/resolution/resolvelib/factory.py", line 453, in _make_requirement_from_install_req
2022-12-27T11:05:59.6311590Z     cand = self._make_candidate_from_link(
2022-12-27T11:05:59.6311810Z            ^^^^^^^^^^^^^^^^^^^^^^^^^^^^^^^
2022-12-27T11:05:59.6312480Z   File "/private/var/folders/51/hd414ycd67n82196sw51xqtc0000gn/T/cibw-run-z6f4676d/cp311-macosx_arm64/build/venv/lib/python3.11/site-packages/pip/_internal/resolution/resolvelib/factory.py", line 206, in _make_candidate_from_link
2022-12-27T11:05:59.6312930Z     self._link_candidate_cache[link] = LinkCandidate(
2022-12-27T11:05:59.6313290Z                                        ^^^^^^^^^^^^^^
2022-12-27T11:05:59.6313890Z   File "/private/var/folders/51/hd414ycd67n82196sw51xqtc0000gn/T/cibw-run-z6f4676d/cp311-macosx_arm64/build/venv/lib/python3.11/site-packages/pip/_internal/resolution/resolvelib/candidates.py", line 297, in __init__
2022-12-27T11:05:59.6314310Z     super().__init__(
2022-12-27T11:05:59.6314940Z   File "/private/var/folders/51/hd414ycd67n82196sw51xqtc0000gn/T/cibw-run-z6f4676d/cp311-macosx_arm64/build/venv/lib/python3.11/site-packages/pip/_internal/resolution/resolvelib/candidates.py", line 162, in __init__
2022-12-27T11:05:59.6315650Z     self.dist = self._prepare()
2022-12-27T11:05:59.6316010Z                 ^^^^^^^^^^^^^^^
2022-12-27T11:05:59.6381650Z   File "/private/var/folders/51/hd414ycd67n82196sw51xqtc0000gn/T/cibw-run-z6f4676d/cp311-macosx_arm64/build/venv/lib/python3.11/site-packages/pip/_internal/resolution/resolvelib/candidates.py", line 231, in _prepare
2022-12-27T11:05:59.6382240Z     dist = self._prepare_distribution()
2022-12-27T11:05:59.6382480Z            ^^^^^^^^^^^^^^^^^^^^^^^^^^^^
2022-12-27T11:05:59.6383230Z   File "/private/var/folders/51/hd414ycd67n82196sw51xqtc0000gn/T/cibw-run-z6f4676d/cp311-macosx_arm64/build/venv/lib/python3.11/site-packages/pip/_internal/resolution/resolvelib/candidates.py", line 308, in _prepare_distribution
2022-12-27T11:05:59.6383740Z     return preparer.prepare_linked_requirement(self._ireq, parallel_builds=True)
2022-12-27T11:05:59.6384060Z            ^^^^^^^^^^^^^^^^^^^^^^^^^^^^^^^^^^^^^^^^^^^^^^^^^^^^^^^^^^^^^^^^^^^^^
2022-12-27T11:05:59.6384730Z   File "/private/var/folders/51/hd414ycd67n82196sw51xqtc0000gn/T/cibw-run-z6f4676d/cp311-macosx_arm64/build/venv/lib/python3.11/site-packages/pip/_internal/operations/prepare.py", line 491, in prepare_linked_requirement
2022-12-27T11:05:59.6385170Z     return self._prepare_linked_requirement(req, parallel_builds)
2022-12-27T11:05:59.6385410Z            ^^^^^^^^^^^^^^^^^^^^^^^^^^^^^^^^^^^^^^^^^^^^^^^^^^^^^^
2022-12-27T11:05:59.6386050Z   File "/private/var/folders/51/hd414ycd67n82196sw51xqtc0000gn/T/cibw-run-z6f4676d/cp311-macosx_arm64/build/venv/lib/python3.11/site-packages/pip/_internal/operations/prepare.py", line 577, in _prepare_linked_requirement
2022-12-27T11:05:59.6386460Z     dist = _get_prepared_distribution(
2022-12-27T11:05:59.6386890Z            ^^^^^^^^^^^^^^^^^^^^^^^^^^^
2022-12-27T11:05:59.6387540Z   File "/private/var/folders/51/hd414ycd67n82196sw51xqtc0000gn/T/cibw-run-z6f4676d/cp311-macosx_arm64/build/venv/lib/python3.11/site-packages/pip/_internal/operations/prepare.py", line 69, in _get_prepared_distribution
2022-12-27T11:05:59.6387960Z     abstract_dist.prepare_distribution_metadata(
2022-12-27T11:05:59.6388610Z   File "/private/var/folders/51/hd414ycd67n82196sw51xqtc0000gn/T/cibw-run-z6f4676d/cp311-macosx_arm64/build/venv/lib/python3.11/site-packages/pip/_internal/distributions/sdist.py", line 61, in prepare_distribution_metadata
2022-12-27T11:05:59.6388960Z     self.req.prepare_metadata()
2022-12-27T11:05:59.6389570Z   File "/private/var/folders/51/hd414ycd67n82196sw51xqtc0000gn/T/cibw-run-z6f4676d/cp311-macosx_arm64/build/venv/lib/python3.11/site-packages/pip/_internal/req/req_install.py", line 541, in prepare_metadata
2022-12-27T11:05:59.6389980Z     self.metadata_directory = generate_metadata_legacy(
2022-12-27T11:05:59.6390220Z                               ^^^^^^^^^^^^^^^^^^^^^^^^^
2022-12-27T11:05:59.6390880Z   File "/private/var/folders/51/hd414ycd67n82196sw51xqtc0000gn/T/cibw-run-z6f4676d/cp311-macosx_arm64/build/venv/lib/python3.11/site-packages/pip/_internal/operations/build/metadata_legacy.py", line 71, in generate_metadata
2022-12-27T11:05:59.6391410Z     raise MetadataGenerationFailed(package_details=details) from error
2022-12-27T11:05:59.6391680Z pip._internal.exceptions.MetadataGenerationFailed: metadata generation failed
2022-12-27T11:05:59.6392180Z Removed file:///Users/runner/actions-runner/_work/python.build/python.build/build_lxml20alpha2311/lxml-2.0alpha2 from build tracker '/private/var/folders/51/hd414ycd67n82196sw51xqtc0000gn/T/pip-build-tracker-e6dbqmln'
2022-12-27T11:05:59.6392710Z Removed build tracker: '/private/var/folders/51/hd414ycd67n82196sw51xqtc0000gn/T/pip-build-tracker-e6dbqmln'
2022-12-27T11:05:59.6673050Z ##[endgroup]
2022-12-27T11:05:59.6695620Z ##[error]Command ['python', '-m', 'pip', 'wheel', '/Users/runner/actions-runner/_work/python.build/python.build/build_lxml20alpha2311/lxml-2.0alpha2', '--wheel-dir=/private/var/folders/51/hd414ycd67n82196sw51xqtc0000gn/T/cibw-run-z6f4676d/cp311-macosx_arm64/built_wheel', '--no-deps', '-vvv'] failed with code 1. None
2022-12-27T11:05:59.6702190Z 
2022-12-27T11:05:59.6702430Z                                                               [31mâœ• [0m0.48s
2022-12-27T11:05:59.7184390Z ##[error]Process completed with exit code 1.
2022-12-27T11:05:59.7218490Z ##[group]Run rm -rf build_lxml20alpha2311 wheelsout
2022-12-27T11:05:59.7218740Z [36;1mrm -rf build_lxml20alpha2311 wheelsout[0m
2022-12-27T11:05:59.7234570Z shell: /bin/bash -e {0}
2022-12-27T11:05:59.7234690Z env:
2022-12-27T11:05:59.7234890Z   pythonLocation: /Users/runner/hostedtoolcache/Python/3.11.1/x64
2022-12-27T11:05:59.7235090Z   PKG_CONFIG_PATH: /Users/runner/hostedtoolcache/Python/3.11.1/x64/lib/pkgconfig
2022-12-27T11:05:59.7235280Z   Python_ROOT_DIR: /Users/runner/hostedtoolcache/Python/3.11.1/x64
2022-12-27T11:05:59.7235500Z   Python2_ROOT_DIR: /Users/runner/hostedtoolcache/Python/3.11.1/x64
2022-12-27T11:05:59.7235720Z   Python3_ROOT_DIR: /Users/runner/hostedtoolcache/Python/3.11.1/x64
2022-12-27T11:05:59.7235880Z ##[endgroup]
2022-12-27T11:05:59.7712200Z Cleaning up orphan processes
