2022-12-27T07:25:32.6047067Z Requested labels: self-hosted, macOS, X64
2022-12-27T07:25:32.6047137Z Job defined at: kilnbuild/python.build/.github/workflows/mac_arm_build.yml@refs/heads/main
2022-12-27T07:25:32.6047162Z Waiting for a runner to pick up this job...
2022-12-27T09:34:13.0528002Z Job is about to start running on the runner: kr2 (organization)
2022-12-27T09:34:18.5422660Z Current runner version: '2.300.2'
2022-12-27T09:34:18.5429810Z Runner name: 'kr2'
2022-12-27T09:34:18.5430190Z Runner group name: 'Default'
2022-12-27T09:34:18.5430940Z Machine name: 'kr2'
2022-12-27T09:34:18.5433450Z ##[group]GITHUB_TOKEN Permissions
2022-12-27T09:34:18.5434110Z Actions: write
2022-12-27T09:34:18.5434360Z Checks: write
2022-12-27T09:34:18.5434600Z Contents: write
2022-12-27T09:34:18.5434850Z Deployments: write
2022-12-27T09:34:18.5435110Z Discussions: write
2022-12-27T09:34:18.5435350Z Issues: write
2022-12-27T09:34:18.5435580Z Metadata: read
2022-12-27T09:34:18.5435820Z Packages: write
2022-12-27T09:34:18.5436070Z Pages: write
2022-12-27T09:34:18.5436320Z PullRequests: write
2022-12-27T09:34:18.5436680Z RepositoryProjects: write
2022-12-27T09:34:18.5436980Z SecurityEvents: write
2022-12-27T09:34:18.5437240Z Statuses: write
2022-12-27T09:34:18.5437480Z ##[endgroup]
2022-12-27T09:34:18.5441220Z Secret source: Actions
2022-12-27T09:34:18.5441680Z Prepare workflow directory
2022-12-27T09:34:18.6642700Z Prepare all required actions
2022-12-27T09:34:18.6852670Z Getting action download info
2022-12-27T09:34:19.1390940Z Download action repository 'actions/setup-python@v4' (SHA:5ccb29d8773c3f3f653e1705f474dfaa8a06a912)
2022-12-27T09:34:21.0396000Z Download action repository 'actions/upload-artifact@v3' (SHA:83fd05a356d7e2593de66fc9913b3002723633cb)
2022-12-27T09:34:23.0705850Z ##[group]Run echo '{
2022-12-27T09:34:23.0706270Z [36;1mecho '{[0m
2022-12-27T09:34:23.0706590Z [36;1m  "environment_variables": "GRPC_PYTHON_BUILD_WITH_CYTHON=1 GRPC_BUILD_WITH_BORING_SSL_ASM='' GRPC_PYTHON_BUILD_SYSTEM_OPENSSL=TRUE",[0m
2022-12-27T09:34:23.0706930Z [36;1m  "package_name": "grpcio-tools",[0m
2022-12-27T09:34:23.0707320Z [36;1m  "package_url": "https://files.pythonhosted.org/packages/a0/e7/d1f7937219fcead284f49622547927a5370ae266bf5bd5d46938acca34dc/grpcio-tools-1.16.0.tar.gz",[0m
2022-12-27T09:34:23.0707660Z [36;1m  "package_version": "1.16.0",[0m
2022-12-27T09:34:23.0707990Z [36;1m  "python_version": "3.7",[0m
2022-12-27T09:34:23.0708210Z [36;1m  "use_ccache": "true"[0m
2022-12-27T09:34:23.0708370Z [36;1m}'[0m
2022-12-27T09:34:23.0734380Z shell: /bin/bash -e {0}
2022-12-27T09:34:23.0734750Z ##[endgroup]
2022-12-27T09:34:23.1139210Z {
2022-12-27T09:34:23.1141950Z   "environment_variables": "GRPC_PYTHON_BUILD_WITH_CYTHON=1 GRPC_BUILD_WITH_BORING_SSL_ASM= GRPC_PYTHON_BUILD_SYSTEM_OPENSSL=TRUE",
2022-12-27T09:34:23.1143020Z   "package_name": "grpcio-tools",
2022-12-27T09:34:23.1143740Z   "package_url": "https://files.pythonhosted.org/packages/a0/e7/d1f7937219fcead284f49622547927a5370ae266bf5bd5d46938acca34dc/grpcio-tools-1.16.0.tar.gz",
2022-12-27T09:34:23.1144310Z   "package_version": "1.16.0",
2022-12-27T09:34:23.1144630Z   "python_version": "3.7",
2022-12-27T09:34:23.1144890Z   "use_ccache": "true"
2022-12-27T09:34:23.1145180Z }
2022-12-27T09:34:23.1491050Z ##[group]Run actions/setup-python@v4
2022-12-27T09:34:23.1491580Z with:
2022-12-27T09:34:23.1491830Z   python-version: 3.7
2022-12-27T09:34:23.1492230Z   check-latest: false
2022-12-27T09:34:23.1492760Z   token: ***
2022-12-27T09:34:23.1493160Z   update-environment: true
2022-12-27T09:34:23.1493430Z ##[endgroup]
2022-12-27T09:34:23.3809800Z ##[group]Installed versions
2022-12-27T09:34:23.3836630Z Successfully set up CPython (3.7.15)
2022-12-27T09:34:23.3837540Z ##[endgroup]
2022-12-27T09:34:23.4070280Z ##[group]Run if [ "true" == "true" ]
2022-12-27T09:34:23.4070850Z [36;1mif [ "true" == "true" ][0m
2022-12-27T09:34:23.4071240Z [36;1mthen[0m
2022-12-27T09:34:23.4071720Z [36;1m  echo "CCACHE_PATH_PREPEND=/usr/local/opt/ccache/libexec" >> $GITHUB_OUTPUT[0m
2022-12-27T09:34:23.4072110Z [36;1melse[0m
2022-12-27T09:34:23.4072470Z [36;1m  echo "CCACHE_PATH_PREPEND=" >> $GITHUB_OUTPUT[0m
2022-12-27T09:34:23.4072870Z [36;1mfi[0m
2022-12-27T09:34:23.4104390Z shell: /bin/bash -e {0}
2022-12-27T09:34:23.4104740Z env:
2022-12-27T09:34:23.4105140Z   pythonLocation: /Users/runner/hostedtoolcache/Python/3.7.15/x64
2022-12-27T09:34:23.4105530Z   PKG_CONFIG_PATH: /Users/runner/hostedtoolcache/Python/3.7.15/x64/lib/pkgconfig
2022-12-27T09:34:23.4106550Z   Python_ROOT_DIR: /Users/runner/hostedtoolcache/Python/3.7.15/x64
2022-12-27T09:34:23.4106990Z   Python2_ROOT_DIR: /Users/runner/hostedtoolcache/Python/3.7.15/x64
2022-12-27T09:34:23.4107460Z   Python3_ROOT_DIR: /Users/runner/hostedtoolcache/Python/3.7.15/x64
2022-12-27T09:34:23.4107840Z ##[endgroup]
2022-12-27T09:34:23.4408650Z ##[group]Run echo "BUILD_NAME=$(echo grpcio-tools_1.16.0_3.7 | tr -dc '[:alnum:]\n\r' | tr '[:upper:]' '[:lower:]')" >> $GITHUB_OUTPUT
2022-12-27T09:34:23.4409270Z [36;1mecho "BUILD_NAME=$(echo grpcio-tools_1.16.0_3.7 | tr -dc '[:alnum:]\n\r' | tr '[:upper:]' '[:lower:]')" >> $GITHUB_OUTPUT[0m
2022-12-27T09:34:23.4436740Z shell: /bin/bash -e {0}
2022-12-27T09:34:23.4436930Z env:
2022-12-27T09:34:23.4437160Z   pythonLocation: /Users/runner/hostedtoolcache/Python/3.7.15/x64
2022-12-27T09:34:23.4437480Z   PKG_CONFIG_PATH: /Users/runner/hostedtoolcache/Python/3.7.15/x64/lib/pkgconfig
2022-12-27T09:34:23.4438040Z   Python_ROOT_DIR: /Users/runner/hostedtoolcache/Python/3.7.15/x64
2022-12-27T09:34:23.4438350Z   Python2_ROOT_DIR: /Users/runner/hostedtoolcache/Python/3.7.15/x64
2022-12-27T09:34:23.4438710Z   Python3_ROOT_DIR: /Users/runner/hostedtoolcache/Python/3.7.15/x64
2022-12-27T09:34:23.4439080Z ##[endgroup]
2022-12-27T09:34:23.4694160Z ##[group]Run echo "PYTHON_NO_DOTS=$(echo 3.7 | tr -dc '[:alnum:]\n\r' | tr '[:upper:]' '[:lower:]')" >> $GITHUB_OUTPUT
2022-12-27T09:34:23.4694940Z [36;1mecho "PYTHON_NO_DOTS=$(echo 3.7 | tr -dc '[:alnum:]\n\r' | tr '[:upper:]' '[:lower:]')" >> $GITHUB_OUTPUT[0m
2022-12-27T09:34:23.4722270Z shell: /bin/bash -e {0}
2022-12-27T09:34:23.4722590Z env:
2022-12-27T09:34:23.4723030Z   pythonLocation: /Users/runner/hostedtoolcache/Python/3.7.15/x64
2022-12-27T09:34:23.4723420Z   PKG_CONFIG_PATH: /Users/runner/hostedtoolcache/Python/3.7.15/x64/lib/pkgconfig
2022-12-27T09:34:23.4723860Z   Python_ROOT_DIR: /Users/runner/hostedtoolcache/Python/3.7.15/x64
2022-12-27T09:34:23.4724360Z   Python2_ROOT_DIR: /Users/runner/hostedtoolcache/Python/3.7.15/x64
2022-12-27T09:34:23.4724780Z   Python3_ROOT_DIR: /Users/runner/hostedtoolcache/Python/3.7.15/x64
2022-12-27T09:34:23.4725150Z ##[endgroup]
2022-12-27T09:34:23.4969420Z ##[group]Run rm -rf build_grpciotools116037
2022-12-27T09:34:23.4970070Z [36;1mrm -rf build_grpciotools116037[0m
2022-12-27T09:34:23.4970420Z [36;1mmkdir build_grpciotools116037[0m
2022-12-27T09:34:23.4970770Z [36;1mcd build_grpciotools116037[0m
2022-12-27T09:34:23.4971240Z [36;1m/usr/local/bin/wget --quiet https://files.pythonhosted.org/packages/a0/e7/d1f7937219fcead284f49622547927a5370ae266bf5bd5d46938acca34dc/grpcio-tools-1.16.0.tar.gz[0m
2022-12-27T09:34:23.4971710Z [36;1mtar xf *.tar.gz[0m
2022-12-27T09:34:23.4972080Z [36;1mcd *[0m
2022-12-27T09:34:23.4972410Z [36;1mpython -m pip install cibuildwheel==2.11.3[0m
2022-12-27T09:34:23.4972750Z [36;1mpython -m cibuildwheel --output-dir ../wheelsout[0m
2022-12-27T09:34:23.4999400Z shell: /bin/bash -e {0}
2022-12-27T09:34:23.4999770Z env:
2022-12-27T09:34:23.5000080Z   pythonLocation: /Users/runner/hostedtoolcache/Python/3.7.15/x64
2022-12-27T09:34:23.5000590Z   PKG_CONFIG_PATH: /Users/runner/hostedtoolcache/Python/3.7.15/x64/lib/pkgconfig
2022-12-27T09:34:23.5001580Z   Python_ROOT_DIR: /Users/runner/hostedtoolcache/Python/3.7.15/x64
2022-12-27T09:34:23.5001950Z   Python2_ROOT_DIR: /Users/runner/hostedtoolcache/Python/3.7.15/x64
2022-12-27T09:34:23.5002380Z   Python3_ROOT_DIR: /Users/runner/hostedtoolcache/Python/3.7.15/x64
2022-12-27T09:34:23.5002740Z   CIBW_ARCHS_MACOS: arm64
2022-12-27T09:34:23.5003060Z   CIBW_TEST_SKIP: *_arm64
2022-12-27T09:34:23.5003380Z   CIBW_BUILD: cp37-macosx_arm64
2022-12-27T09:34:23.5003710Z   CIBW_BUILD_FRONTEND: pip
2022-12-27T09:34:23.5004020Z   CIBW_BUILD_VERBOSITY: 3
2022-12-27T09:34:23.5004620Z   CIBW_ENVIRONMENT_MACOS: GRPC_PYTHON_BUILD_WITH_CYTHON=1 GRPC_BUILD_WITH_BORING_SSL_ASM='' GRPC_PYTHON_BUILD_SYSTEM_OPENSSL=TRUE CFLAGS="-I/usr/local/opt/openssl@3/include" LDFLAGS="-L/usr/local/opt/openssl@3/lib" CPPFLAGS="-I/usr/local/opt/openssl@3/include" MAKEFLAGS="-j$(sysctl -n hw.logicalcpu)" PATH=/usr/local/opt/ccache/libexec:$PATH
2022-12-27T09:34:23.5005690Z   CIBW_BEFORE_BUILD: pip install Cython; if [[ -f requirements.txt ]]; then pip install -r requirements.txt; fi
2022-12-27T09:34:23.5006190Z   MAKEFLAGS: -j$(sysctl -n hw.logicalcpu)
2022-12-27T09:34:23.5006520Z ##[endgroup]
2022-12-27T09:34:24.3606000Z Requirement already satisfied: cibuildwheel==2.11.3 in /Users/runner/hostedtoolcache/Python/3.7.15/x64/lib/python3.7/site-packages (2.11.3)
2022-12-27T09:34:24.4125710Z Requirement already satisfied: packaging>=20.9 in /Users/runner/hostedtoolcache/Python/3.7.15/x64/lib/python3.7/site-packages (from cibuildwheel==2.11.3) (22.0)
2022-12-27T09:34:24.4132190Z Requirement already satisfied: bashlex!=0.13 in /Users/runner/hostedtoolcache/Python/3.7.15/x64/lib/python3.7/site-packages (from cibuildwheel==2.11.3) (0.16)
2022-12-27T09:34:24.4145600Z Requirement already satisfied: tomli in /Users/runner/hostedtoolcache/Python/3.7.15/x64/lib/python3.7/site-packages (from cibuildwheel==2.11.3) (2.0.1)
2022-12-27T09:34:24.4147610Z Requirement already satisfied: bracex in /Users/runner/hostedtoolcache/Python/3.7.15/x64/lib/python3.7/site-packages (from cibuildwheel==2.11.3) (2.3.post1)
2022-12-27T09:34:24.4164790Z Requirement already satisfied: typing-extensions>=4.1.0 in /Users/runner/hostedtoolcache/Python/3.7.15/x64/lib/python3.7/site-packages (from cibuildwheel==2.11.3) (4.4.0)
2022-12-27T09:34:24.4169800Z Requirement already satisfied: certifi in /Users/runner/hostedtoolcache/Python/3.7.15/x64/lib/python3.7/site-packages (from cibuildwheel==2.11.3) (2022.12.7)
2022-12-27T09:34:24.4175420Z Requirement already satisfied: platformdirs in /Users/runner/hostedtoolcache/Python/3.7.15/x64/lib/python3.7/site-packages (from cibuildwheel==2.11.3) (2.6.0)
2022-12-27T09:34:24.4180020Z Requirement already satisfied: filelock in /Users/runner/hostedtoolcache/Python/3.7.15/x64/lib/python3.7/site-packages (from cibuildwheel==2.11.3) (3.8.2)
2022-12-27T09:34:24.7511740Z 
2022-12-27T09:34:24.7512810Z      _ _       _ _   _       _           _
2022-12-27T09:34:24.7513230Z  ___|_| |_ _ _|_| |_| |_ _ _| |_ ___ ___| |
2022-12-27T09:34:24.7515420Z |  _| | . | | | | | . | | | |   | -_| -_| |
2022-12-27T09:34:24.7516100Z |___|_|___|___|_|_|___|_____|_|_|___|___|_|
2022-12-27T09:34:24.7516310Z 
2022-12-27T09:34:24.7516880Z cibuildwheel version 2.11.3
2022-12-27T09:34:24.7517240Z 
2022-12-27T09:34:24.7517430Z Build options:
2022-12-27T09:34:24.7517690Z   platform: macos
2022-12-27T09:34:24.7856700Z   architectures: arm64[0m
2022-12-27T09:34:24.7857420Z   build_selector: 
2022-12-27T09:34:24.7859200Z     build_config: cp37-macosx_arm64
2022-12-27T09:34:24.7859750Z     skip_config: 
2022-12-27T09:34:24.7860570Z     requires_python: None
2022-12-27T09:34:24.7861040Z     prerelease_pythons: False[0m
2022-12-27T09:34:24.7861420Z   [38;5;244mcontainer_engine: docker[0m
2022-12-27T09:34:24.7862020Z   output_dir: /Users/runner/actions-runner/_work/python.build/python.build/build_grpciotools116037/wheelsout[0m
2022-12-27T09:34:24.7862900Z   package_dir: /Users/runner/actions-runner/_work/python.build/python.build/build_grpciotools116037/grpcio-tools-1.16.0[0m
2022-12-27T09:34:24.7864060Z   test_selector: 
2022-12-27T09:34:24.7865050Z cibuildwheel: No build identifiers selected: BuildSelector(build_config='cp37-macosx_arm64', skip_config='', requires_python=None, prerelease_pythons=False)
2022-12-27T09:34:24.7865560Z     skip_config: *_arm64[0m
2022-12-27T09:34:24.7865960Z   [38;5;244mbefore_all: [0m
2022-12-27T09:34:24.7866770Z   before_build: pip install Cython; if [[ -f requirements.txt ]]; then pip install -r requirements.txt; fi[0m
2022-12-27T09:34:24.7867230Z   [38;5;244mbefore_test: [0m
2022-12-27T09:34:24.7867640Z   [38;5;244mbuild_frontend: pip[0m
2022-12-27T09:34:24.7868050Z   build_verbosity: 3[0m
2022-12-27T09:34:24.7868400Z   [38;5;244mconfig_settings: [0m
2022-12-27T09:34:24.7869040Z   [38;5;244mdependency_constraints: pinned[0m
2022-12-27T09:34:24.7870150Z   environment: 
2022-12-27T09:34:24.7870440Z     GRPC_PYTHON_BUILD_WITH_CYTHON=1
2022-12-27T09:34:24.7870860Z     GRPC_BUILD_WITH_BORING_SSL_ASM=''
2022-12-27T09:34:24.7871230Z     GRPC_PYTHON_BUILD_SYSTEM_OPENSSL=TRUE
2022-12-27T09:34:24.7871850Z     CFLAGS="-I/usr/local/opt/openssl@3/include"
2022-12-27T09:34:24.7872260Z     LDFLAGS="-L/usr/local/opt/openssl@3/lib"
2022-12-27T09:34:24.7872740Z     CPPFLAGS="-I/usr/local/opt/openssl@3/include"
2022-12-27T09:34:24.7873200Z     MAKEFLAGS="-j$(sysctl -n hw.logicalcpu)"
2022-12-27T09:34:24.7873620Z     PATH=/usr/local/opt/ccache/libexec:$PATH[0m
2022-12-27T09:34:24.7874200Z   [38;5;244mmanylinux_images: None[0m
2022-12-27T09:34:24.7874620Z   [38;5;244mmusllinux_images: None[0m
2022-12-27T09:34:24.7875120Z   [38;5;244mrepair_command: delocate-wheel --require-archs {delocate_archs} -w {dest_dir} -v {wheel}[0m
2022-12-27T09:34:24.7875610Z   [38;5;244mtest_command: [0m
2022-12-27T09:34:24.7876130Z   [38;5;244mtest_extras: [0m
2022-12-27T09:34:24.7876480Z   [38;5;244mtest_requires: [0m
2022-12-27T09:34:24.7876680Z 
2022-12-27T09:34:24.7876880Z Cache folder: /Users/runner/Library/Caches/cibuildwheel
2022-12-27T09:34:24.7877120Z 
2022-12-27T09:34:24.7877260Z Here we go!
2022-12-27T09:34:24.7877450Z 
2022-12-27T09:34:24.8148040Z ##[error]Process completed with exit code 3.
2022-12-27T09:34:24.8215850Z ##[group]Run rm -rf build_grpciotools116037 wheelsout
2022-12-27T09:34:24.8216320Z [36;1mrm -rf build_grpciotools116037 wheelsout[0m
2022-12-27T09:34:24.8245830Z shell: /bin/bash -e {0}
2022-12-27T09:34:24.8246190Z env:
2022-12-27T09:34:24.8246820Z   pythonLocation: /Users/runner/hostedtoolcache/Python/3.7.15/x64
2022-12-27T09:34:24.8247210Z   PKG_CONFIG_PATH: /Users/runner/hostedtoolcache/Python/3.7.15/x64/lib/pkgconfig
2022-12-27T09:34:24.8247650Z   Python_ROOT_DIR: /Users/runner/hostedtoolcache/Python/3.7.15/x64
2022-12-27T09:34:24.8248080Z   Python2_ROOT_DIR: /Users/runner/hostedtoolcache/Python/3.7.15/x64
2022-12-27T09:34:24.8248670Z   Python3_ROOT_DIR: /Users/runner/hostedtoolcache/Python/3.7.15/x64
2022-12-27T09:34:24.8248970Z ##[endgroup]
2022-12-27T09:34:24.9378670Z Cleaning up orphan processes
