2022-12-27T08:55:30.4680461Z Requested labels: self-hosted, macOS, X64
2022-12-27T08:55:30.4680596Z Job defined at: kilnbuild/python.build/.github/workflows/mac_arm_build.yml@refs/heads/main
2022-12-27T08:55:30.4680624Z Waiting for a runner to pick up this job...
2022-12-27T11:34:24.3619599Z Job is about to start running on the runner: s1 (organization)
2022-12-27T11:34:28.0211670Z Current runner version: '2.300.2'
2022-12-27T11:34:28.0216590Z Runner name: 's1'
2022-12-27T11:34:28.0216900Z Runner group name: 'Default'
2022-12-27T11:34:28.0217340Z Machine name: 's1'
2022-12-27T11:34:28.0218970Z ##[group]GITHUB_TOKEN Permissions
2022-12-27T11:34:28.0219480Z Actions: write
2022-12-27T11:34:28.0219620Z Checks: write
2022-12-27T11:34:28.0219760Z Contents: write
2022-12-27T11:34:28.0219890Z Deployments: write
2022-12-27T11:34:28.0220030Z Discussions: write
2022-12-27T11:34:28.0220160Z Issues: write
2022-12-27T11:34:28.0220290Z Metadata: read
2022-12-27T11:34:28.0220430Z Packages: write
2022-12-27T11:34:28.0220560Z Pages: write
2022-12-27T11:34:28.0220700Z PullRequests: write
2022-12-27T11:34:28.0220860Z RepositoryProjects: write
2022-12-27T11:34:28.0221020Z SecurityEvents: write
2022-12-27T11:34:28.0221160Z Statuses: write
2022-12-27T11:34:28.0221290Z ##[endgroup]
2022-12-27T11:34:28.0223950Z Secret source: Actions
2022-12-27T11:34:28.0224290Z Prepare workflow directory
2022-12-27T11:34:28.0893100Z Prepare all required actions
2022-12-27T11:34:28.1016600Z Getting action download info
2022-12-27T11:34:28.6146960Z Download action repository 'actions/setup-python@v4' (SHA:5ccb29d8773c3f3f653e1705f474dfaa8a06a912)
2022-12-27T11:34:30.3876320Z Download action repository 'actions/upload-artifact@v3' (SHA:83fd05a356d7e2593de66fc9913b3002723633cb)
2022-12-27T11:34:31.6963840Z ##[group]Run echo '{
2022-12-27T11:34:31.6964190Z [36;1mecho '{[0m
2022-12-27T11:34:31.6964380Z [36;1m  "package_name": "lxml",[0m
2022-12-27T11:34:31.6964680Z [36;1m  "package_url": "https://files.pythonhosted.org/packages/38/da/d38681213e2f9c58b233f59f461c6a6dc3f465c6584c356eb6112502ed76/lxml-2.3.4.tar.gz",[0m
2022-12-27T11:34:31.6964940Z [36;1m  "package_version": "2.3.4",[0m
2022-12-27T11:34:31.6965080Z [36;1m  "python_version": "3.7",[0m
2022-12-27T11:34:31.6965230Z [36;1m  "use_ccache": "true"[0m
2022-12-27T11:34:31.6965330Z [36;1m}'[0m
2022-12-27T11:34:31.6981420Z shell: /bin/bash -e {0}
2022-12-27T11:34:31.6981630Z ##[endgroup]
2022-12-27T11:34:31.7198140Z {
2022-12-27T11:34:31.7199510Z   "package_name": "lxml",
2022-12-27T11:34:31.7200150Z   "package_url": "https://files.pythonhosted.org/packages/38/da/d38681213e2f9c58b233f59f461c6a6dc3f465c6584c356eb6112502ed76/lxml-2.3.4.tar.gz",
2022-12-27T11:34:31.7200430Z   "package_version": "2.3.4",
2022-12-27T11:34:31.7200680Z   "python_version": "3.7",
2022-12-27T11:34:31.7200840Z   "use_ccache": "true"
2022-12-27T11:34:31.7201040Z }
2022-12-27T11:34:31.7422640Z ##[group]Run actions/setup-python@v4
2022-12-27T11:34:31.7422910Z with:
2022-12-27T11:34:31.7423100Z   python-version: 3.7
2022-12-27T11:34:31.7423250Z   check-latest: false
2022-12-27T11:34:31.7423610Z   token: ***
2022-12-27T11:34:31.7423800Z   update-environment: true
2022-12-27T11:34:31.7423990Z ##[endgroup]
2022-12-27T11:34:31.8664810Z ##[group]Installed versions
2022-12-27T11:34:31.8712280Z Successfully set up CPython (3.7.15)
2022-12-27T11:34:31.8712820Z ##[endgroup]
2022-12-27T11:34:31.8858280Z ##[group]Run if [ "true" == "true" ]
2022-12-27T11:34:31.8858670Z [36;1mif [ "true" == "true" ][0m
2022-12-27T11:34:31.8858870Z [36;1mthen[0m
2022-12-27T11:34:31.8859190Z [36;1m  echo "CCACHE_PATH_PREPEND=/usr/local/opt/ccache/libexec" >> $GITHUB_OUTPUT[0m
2022-12-27T11:34:31.8859380Z [36;1melse[0m
2022-12-27T11:34:31.8859580Z [36;1m  echo "CCACHE_PATH_PREPEND=" >> $GITHUB_OUTPUT[0m
2022-12-27T11:34:31.8859770Z [36;1mfi[0m
2022-12-27T11:34:31.8877110Z shell: /bin/bash -e {0}
2022-12-27T11:34:31.8877350Z env:
2022-12-27T11:34:31.8877590Z   pythonLocation: /Users/runner/hostedtoolcache/Python/3.7.15/x64
2022-12-27T11:34:31.8877840Z   PKG_CONFIG_PATH: /Users/runner/hostedtoolcache/Python/3.7.15/x64/lib/pkgconfig
2022-12-27T11:34:31.8878180Z   Python_ROOT_DIR: /Users/runner/hostedtoolcache/Python/3.7.15/x64
2022-12-27T11:34:31.8878440Z   Python2_ROOT_DIR: /Users/runner/hostedtoolcache/Python/3.7.15/x64
2022-12-27T11:34:31.8878730Z   Python3_ROOT_DIR: /Users/runner/hostedtoolcache/Python/3.7.15/x64
2022-12-27T11:34:31.8879310Z ##[endgroup]
2022-12-27T11:34:31.8985850Z ##[group]Run echo "BUILD_NAME=$(echo lxml_2.3.4_3.7 | tr -dc '[:alnum:]\n\r' | tr '[:upper:]' '[:lower:]')" >> $GITHUB_OUTPUT
2022-12-27T11:34:31.8986200Z [36;1mecho "BUILD_NAME=$(echo lxml_2.3.4_3.7 | tr -dc '[:alnum:]\n\r' | tr '[:upper:]' '[:lower:]')" >> $GITHUB_OUTPUT[0m
2022-12-27T11:34:31.9000630Z shell: /bin/bash -e {0}
2022-12-27T11:34:31.9000830Z env:
2022-12-27T11:34:31.9001050Z   pythonLocation: /Users/runner/hostedtoolcache/Python/3.7.15/x64
2022-12-27T11:34:31.9001370Z   PKG_CONFIG_PATH: /Users/runner/hostedtoolcache/Python/3.7.15/x64/lib/pkgconfig
2022-12-27T11:34:31.9001630Z   Python_ROOT_DIR: /Users/runner/hostedtoolcache/Python/3.7.15/x64
2022-12-27T11:34:31.9001880Z   Python2_ROOT_DIR: /Users/runner/hostedtoolcache/Python/3.7.15/x64
2022-12-27T11:34:31.9002120Z   Python3_ROOT_DIR: /Users/runner/hostedtoolcache/Python/3.7.15/x64
2022-12-27T11:34:31.9002290Z ##[endgroup]
2022-12-27T11:34:31.9139330Z ##[group]Run echo "PYTHON_NO_DOTS=$(echo 3.7 | tr -dc '[:alnum:]\n\r' | tr '[:upper:]' '[:lower:]')" >> $GITHUB_OUTPUT
2022-12-27T11:34:31.9139740Z [36;1mecho "PYTHON_NO_DOTS=$(echo 3.7 | tr -dc '[:alnum:]\n\r' | tr '[:upper:]' '[:lower:]')" >> $GITHUB_OUTPUT[0m
2022-12-27T11:34:31.9154010Z shell: /bin/bash -e {0}
2022-12-27T11:34:31.9154220Z env:
2022-12-27T11:34:31.9154490Z   pythonLocation: /Users/runner/hostedtoolcache/Python/3.7.15/x64
2022-12-27T11:34:31.9155160Z   PKG_CONFIG_PATH: /Users/runner/hostedtoolcache/Python/3.7.15/x64/lib/pkgconfig
2022-12-27T11:34:31.9155390Z   Python_ROOT_DIR: /Users/runner/hostedtoolcache/Python/3.7.15/x64
2022-12-27T11:34:31.9155630Z   Python2_ROOT_DIR: /Users/runner/hostedtoolcache/Python/3.7.15/x64
2022-12-27T11:34:31.9155860Z   Python3_ROOT_DIR: /Users/runner/hostedtoolcache/Python/3.7.15/x64
2022-12-27T11:34:31.9156030Z ##[endgroup]
2022-12-27T11:34:31.9265400Z ##[group]Run rm -rf build_lxml23437
2022-12-27T11:34:31.9265740Z [36;1mrm -rf build_lxml23437[0m
2022-12-27T11:34:31.9265930Z [36;1mmkdir build_lxml23437[0m
2022-12-27T11:34:31.9266170Z [36;1mcd build_lxml23437[0m
2022-12-27T11:34:31.9266480Z [36;1m/usr/local/bin/wget --quiet https://files.pythonhosted.org/packages/38/da/d38681213e2f9c58b233f59f461c6a6dc3f465c6584c356eb6112502ed76/lxml-2.3.4.tar.gz[0m
2022-12-27T11:34:31.9266750Z [36;1mtar xf *.tar.gz[0m
2022-12-27T11:34:31.9266880Z [36;1mcd *[0m
2022-12-27T11:34:31.9267100Z [36;1mpython -m pip install cibuildwheel==2.11.3[0m
2022-12-27T11:34:31.9267310Z [36;1mpython -m cibuildwheel --output-dir ../wheelsout[0m
2022-12-27T11:34:31.9281510Z shell: /bin/bash -e {0}
2022-12-27T11:34:31.9281750Z env:
2022-12-27T11:34:31.9281960Z   pythonLocation: /Users/runner/hostedtoolcache/Python/3.7.15/x64
2022-12-27T11:34:31.9282190Z   PKG_CONFIG_PATH: /Users/runner/hostedtoolcache/Python/3.7.15/x64/lib/pkgconfig
2022-12-27T11:34:31.9282490Z   Python_ROOT_DIR: /Users/runner/hostedtoolcache/Python/3.7.15/x64
2022-12-27T11:34:31.9282730Z   Python2_ROOT_DIR: /Users/runner/hostedtoolcache/Python/3.7.15/x64
2022-12-27T11:34:31.9282970Z   Python3_ROOT_DIR: /Users/runner/hostedtoolcache/Python/3.7.15/x64
2022-12-27T11:34:31.9283180Z   CIBW_ARCHS_MACOS: arm64
2022-12-27T11:34:31.9283330Z   CIBW_TEST_SKIP: *_arm64
2022-12-27T11:34:31.9283510Z   CIBW_BUILD: cp37-macosx_arm64
2022-12-27T11:34:31.9283710Z   CIBW_BUILD_FRONTEND: pip
2022-12-27T11:34:31.9283860Z   CIBW_BUILD_VERBOSITY: 3
2022-12-27T11:34:31.9284160Z   CIBW_ENVIRONMENT_MACOS:  CFLAGS="-I/usr/local/opt/openssl@3/include" LDFLAGS="-L/usr/local/opt/openssl@3/lib" CPPFLAGS="-I/usr/local/opt/openssl@3/include" MAKEFLAGS="-j$(sysctl -n hw.logicalcpu)" PATH=/usr/local/opt/ccache/libexec:$PATH
2022-12-27T11:34:31.9284520Z   CIBW_BEFORE_BUILD: pip install Cython; if [[ -f requirements.txt ]]; then pip install -r requirements.txt; fi
2022-12-27T11:34:31.9284820Z   MAKEFLAGS: -j$(sysctl -n hw.logicalcpu)
2022-12-27T11:34:31.9285070Z ##[endgroup]
2022-12-27T11:34:32.4417760Z Requirement already satisfied: cibuildwheel==2.11.3 in /Users/runner/hostedtoolcache/Python/3.7.15/x64/lib/python3.7/site-packages (2.11.3)
2022-12-27T11:34:32.4730330Z Requirement already satisfied: typing-extensions>=4.1.0 in /Users/runner/hostedtoolcache/Python/3.7.15/x64/lib/python3.7/site-packages (from cibuildwheel==2.11.3) (4.4.0)
2022-12-27T11:34:32.4735860Z Requirement already satisfied: packaging>=20.9 in /Users/runner/hostedtoolcache/Python/3.7.15/x64/lib/python3.7/site-packages (from cibuildwheel==2.11.3) (22.0)
2022-12-27T11:34:32.4743740Z Requirement already satisfied: tomli in /Users/runner/hostedtoolcache/Python/3.7.15/x64/lib/python3.7/site-packages (from cibuildwheel==2.11.3) (2.0.1)
2022-12-27T11:34:32.4747220Z Requirement already satisfied: bracex in /Users/runner/hostedtoolcache/Python/3.7.15/x64/lib/python3.7/site-packages (from cibuildwheel==2.11.3) (2.3.post1)
2022-12-27T11:34:32.4751110Z Requirement already satisfied: platformdirs in /Users/runner/hostedtoolcache/Python/3.7.15/x64/lib/python3.7/site-packages (from cibuildwheel==2.11.3) (2.6.0)
2022-12-27T11:34:32.4754500Z Requirement already satisfied: filelock in /Users/runner/hostedtoolcache/Python/3.7.15/x64/lib/python3.7/site-packages (from cibuildwheel==2.11.3) (3.8.2)
2022-12-27T11:34:32.4760050Z Requirement already satisfied: bashlex!=0.13 in /Users/runner/hostedtoolcache/Python/3.7.15/x64/lib/python3.7/site-packages (from cibuildwheel==2.11.3) (0.16)
2022-12-27T11:34:32.4763540Z Requirement already satisfied: certifi in /Users/runner/hostedtoolcache/Python/3.7.15/x64/lib/python3.7/site-packages (from cibuildwheel==2.11.3) (2022.12.7)
2022-12-27T11:34:32.6508120Z 
2022-12-27T11:34:32.6508280Z      _ _       _ _   _       _           _
2022-12-27T11:34:32.6509620Z  ___|_| |_ _ _|_| |_| |_ _ _| |_ ___ ___| |
2022-12-27T11:34:32.6510360Z |  _| | . | | | | | . | | | |   | -_| -_| |
2022-12-27T11:34:32.6510670Z |___|_|___|___|_|_|___|_____|_|_|___|___|_|
2022-12-27T11:34:32.6511910Z 
2022-12-27T11:34:32.6512120Z cibuildwheel version 2.11.3
2022-12-27T11:34:32.6512290Z 
2022-12-27T11:34:32.6512410Z Build options:
2022-12-27T11:34:32.6512650Z   platform: macos
2022-12-27T11:34:32.6678600Z   architectures: arm64[0m
2022-12-27T11:34:32.6679230Z   build_selector: 
2022-12-27T11:34:32.6679770Z     build_config: cp37-macosx_arm64
2022-12-27T11:34:32.6680140Z     skip_config: 
2022-12-27T11:34:32.6680430Z     requires_python: None
2022-12-27T11:34:32.6681210Z     prerelease_pythons: False[0m
2022-12-27T11:34:32.6681750Z   [38;5;244mcontainer_engine: docker[0m
2022-12-27T11:34:32.6682370Z   output_dir: /Users/runner/actions-runner/_work/python.build/python.build/build_lxml23437/wheelsout[0m
2022-12-27T11:34:32.6683400Z   package_dir: /Users/runner/actions-runner/_work/python.build/python.build/build_lxml23437/lxml-2.3.4[0m
2022-12-27T11:34:32.6683680Z   test_selector: 
2022-12-27T11:34:32.6683900Z     skip_config: *_arm64[0m
2022-12-27T11:34:32.6684540Z cibuildwheel: No build identifiers selected: BuildSelector(build_config='cp37-macosx_arm64', skip_config='', requires_python=None, prerelease_pythons=False)
2022-12-27T11:34:32.6684870Z   [38;5;244mbefore_all: [0m
2022-12-27T11:34:32.6685210Z   before_build: pip install Cython; if [[ -f requirements.txt ]]; then pip install -r requirements.txt; fi[0m
2022-12-27T11:34:32.6685480Z   [38;5;244mbefore_test: [0m
2022-12-27T11:34:32.6685840Z   [38;5;244mbuild_frontend: pip[0m
2022-12-27T11:34:32.6686080Z   build_verbosity: 3[0m
2022-12-27T11:34:32.6686300Z   [38;5;244mconfig_settings: [0m
2022-12-27T11:34:32.6686530Z   [38;5;244mdependency_constraints: pinned[0m
2022-12-27T11:34:32.6686750Z   environment: 
2022-12-27T11:34:32.6687130Z     CFLAGS="-I/usr/local/opt/openssl@3/include"
2022-12-27T11:34:32.6687350Z     LDFLAGS="-L/usr/local/opt/openssl@3/lib"
2022-12-27T11:34:32.6687610Z     CPPFLAGS="-I/usr/local/opt/openssl@3/include"
2022-12-27T11:34:32.6687870Z     MAKEFLAGS="-j$(sysctl -n hw.logicalcpu)"
2022-12-27T11:34:32.6688110Z     PATH=/usr/local/opt/ccache/libexec:$PATH[0m
2022-12-27T11:34:32.6688480Z   [38;5;244mmanylinux_images: None[0m
2022-12-27T11:34:32.6688990Z   [38;5;244mmusllinux_images: None[0m
2022-12-27T11:34:32.6689310Z   [38;5;244mrepair_command: delocate-wheel --require-archs {delocate_archs} -w {dest_dir} -v {wheel}[0m
2022-12-27T11:34:32.6689550Z   [38;5;244mtest_command: [0m
2022-12-27T11:34:32.6689880Z   [38;5;244mtest_extras: [0m
2022-12-27T11:34:32.6690120Z   [38;5;244mtest_requires: [0m
2022-12-27T11:34:32.6690230Z 
2022-12-27T11:34:32.6690310Z Cache folder: /Users/runner/Library/Caches/cibuildwheel
2022-12-27T11:34:32.6690460Z 
2022-12-27T11:34:32.6690540Z Here we go!
2022-12-27T11:34:32.6690640Z 
2022-12-27T11:34:32.6828140Z ##[error]Process completed with exit code 3.
2022-12-27T11:34:32.6874350Z ##[group]Run rm -rf build_lxml23437 wheelsout
2022-12-27T11:34:32.6874600Z [36;1mrm -rf build_lxml23437 wheelsout[0m
2022-12-27T11:34:32.6890150Z shell: /bin/bash -e {0}
2022-12-27T11:34:32.6890410Z env:
2022-12-27T11:34:32.6890650Z   pythonLocation: /Users/runner/hostedtoolcache/Python/3.7.15/x64
2022-12-27T11:34:32.6890910Z   PKG_CONFIG_PATH: /Users/runner/hostedtoolcache/Python/3.7.15/x64/lib/pkgconfig
2022-12-27T11:34:32.6891190Z   Python_ROOT_DIR: /Users/runner/hostedtoolcache/Python/3.7.15/x64
2022-12-27T11:34:32.6891510Z   Python2_ROOT_DIR: /Users/runner/hostedtoolcache/Python/3.7.15/x64
2022-12-27T11:34:32.6891740Z   Python3_ROOT_DIR: /Users/runner/hostedtoolcache/Python/3.7.15/x64
2022-12-27T11:34:32.6891950Z ##[endgroup]
2022-12-27T11:34:32.7461590Z Cleaning up orphan processes
