2022-12-27T08:50:25.1822858Z Requested labels: self-hosted, macOS, X64
2022-12-27T08:50:25.1822954Z Job defined at: kilnbuild/python.build/.github/workflows/mac_arm_build.yml@refs/heads/main
2022-12-27T08:50:25.1822979Z Waiting for a runner to pick up this job...
2022-12-27T11:20:31.0278184Z Job is about to start running on the runner: s1 (organization)
2022-12-27T11:20:34.6983600Z Current runner version: '2.300.2'
2022-12-27T11:20:34.6988670Z Runner name: 's1'
2022-12-27T11:20:34.6988920Z Runner group name: 'Default'
2022-12-27T11:20:34.6989350Z Machine name: 's1'
2022-12-27T11:20:34.6990920Z ##[group]GITHUB_TOKEN Permissions
2022-12-27T11:20:34.6991350Z Actions: write
2022-12-27T11:20:34.6991490Z Checks: write
2022-12-27T11:20:34.6991620Z Contents: write
2022-12-27T11:20:34.6991760Z Deployments: write
2022-12-27T11:20:34.6991900Z Discussions: write
2022-12-27T11:20:34.6992040Z Issues: write
2022-12-27T11:20:34.6992170Z Metadata: read
2022-12-27T11:20:34.6992310Z Packages: write
2022-12-27T11:20:34.6992450Z Pages: write
2022-12-27T11:20:34.6992590Z PullRequests: write
2022-12-27T11:20:34.6992750Z RepositoryProjects: write
2022-12-27T11:20:34.6992910Z SecurityEvents: write
2022-12-27T11:20:34.6993060Z Statuses: write
2022-12-27T11:20:34.6993190Z ##[endgroup]
2022-12-27T11:20:34.6995970Z Secret source: Actions
2022-12-27T11:20:34.6996310Z Prepare workflow directory
2022-12-27T11:20:34.7674130Z Prepare all required actions
2022-12-27T11:20:34.7794540Z Getting action download info
2022-12-27T11:20:35.1984160Z Download action repository 'actions/setup-python@v4' (SHA:5ccb29d8773c3f3f653e1705f474dfaa8a06a912)
2022-12-27T11:20:36.9526170Z Download action repository 'actions/upload-artifact@v3' (SHA:83fd05a356d7e2593de66fc9913b3002723633cb)
2022-12-27T11:20:38.2601470Z ##[group]Run echo '{
2022-12-27T11:20:38.2601780Z [36;1mecho '{[0m
2022-12-27T11:20:38.2601900Z [36;1m  "package_name": "lxml",[0m
2022-12-27T11:20:38.2602130Z [36;1m  "package_url": "https://files.pythonhosted.org/packages/cc/dc/16ccc9452866e5c02736f41e3ddd2a62416bc9e21e00a40bddee83d21174/lxml-1.1.1.tar.gz",[0m
2022-12-27T11:20:38.2602370Z [36;1m  "package_version": "1.1.1",[0m
2022-12-27T11:20:38.2602490Z [36;1m  "python_version": "3.9",[0m
2022-12-27T11:20:38.2602600Z [36;1m  "use_ccache": "true"[0m
2022-12-27T11:20:38.2602700Z [36;1m}'[0m
2022-12-27T11:20:38.2618260Z shell: /bin/bash -e {0}
2022-12-27T11:20:38.2618460Z ##[endgroup]
2022-12-27T11:20:38.2832500Z {
2022-12-27T11:20:38.2833830Z   "package_name": "lxml",
2022-12-27T11:20:38.2834480Z   "package_url": "https://files.pythonhosted.org/packages/cc/dc/16ccc9452866e5c02736f41e3ddd2a62416bc9e21e00a40bddee83d21174/lxml-1.1.1.tar.gz",
2022-12-27T11:20:38.2834760Z   "package_version": "1.1.1",
2022-12-27T11:20:38.2835000Z   "python_version": "3.9",
2022-12-27T11:20:38.2835190Z   "use_ccache": "true"
2022-12-27T11:20:38.2835350Z }
2022-12-27T11:20:38.3047520Z ##[group]Run actions/setup-python@v4
2022-12-27T11:20:38.3047780Z with:
2022-12-27T11:20:38.3047970Z   python-version: 3.9
2022-12-27T11:20:38.3048170Z   check-latest: false
2022-12-27T11:20:38.3048470Z   token: ***
2022-12-27T11:20:38.3048650Z   update-environment: true
2022-12-27T11:20:38.3048840Z ##[endgroup]
2022-12-27T11:20:38.4294930Z ##[group]Installed versions
2022-12-27T11:20:38.4336310Z Successfully set up CPython (3.9.16)
2022-12-27T11:20:38.4336830Z ##[endgroup]
2022-12-27T11:20:38.4487710Z ##[group]Run if [ "true" == "true" ]
2022-12-27T11:20:38.4488090Z [36;1mif [ "true" == "true" ][0m
2022-12-27T11:20:38.4488270Z [36;1mthen[0m
2022-12-27T11:20:38.4488490Z [36;1m  echo "CCACHE_PATH_PREPEND=/usr/local/opt/ccache/libexec" >> $GITHUB_OUTPUT[0m
2022-12-27T11:20:38.4488700Z [36;1melse[0m
2022-12-27T11:20:38.4488860Z [36;1m  echo "CCACHE_PATH_PREPEND=" >> $GITHUB_OUTPUT[0m
2022-12-27T11:20:38.4489060Z [36;1mfi[0m
2022-12-27T11:20:38.4507220Z shell: /bin/bash -e {0}
2022-12-27T11:20:38.4507450Z env:
2022-12-27T11:20:38.4507890Z   pythonLocation: /Users/runner/hostedtoolcache/Python/3.9.16/x64
2022-12-27T11:20:38.4508170Z   PKG_CONFIG_PATH: /Users/runner/hostedtoolcache/Python/3.9.16/x64/lib/pkgconfig
2022-12-27T11:20:38.4508400Z   Python_ROOT_DIR: /Users/runner/hostedtoolcache/Python/3.9.16/x64
2022-12-27T11:20:38.4508650Z   Python2_ROOT_DIR: /Users/runner/hostedtoolcache/Python/3.9.16/x64
2022-12-27T11:20:38.4509010Z   Python3_ROOT_DIR: /Users/runner/hostedtoolcache/Python/3.9.16/x64
2022-12-27T11:20:38.4509590Z ##[endgroup]
2022-12-27T11:20:38.4618760Z ##[group]Run echo "BUILD_NAME=$(echo lxml_1.1.1_3.9 | tr -dc '[:alnum:]\n\r' | tr '[:upper:]' '[:lower:]')" >> $GITHUB_OUTPUT
2022-12-27T11:20:38.4619250Z [36;1mecho "BUILD_NAME=$(echo lxml_1.1.1_3.9 | tr -dc '[:alnum:]\n\r' | tr '[:upper:]' '[:lower:]')" >> $GITHUB_OUTPUT[0m
2022-12-27T11:20:38.4633860Z shell: /bin/bash -e {0}
2022-12-27T11:20:38.4634120Z env:
2022-12-27T11:20:38.4634410Z   pythonLocation: /Users/runner/hostedtoolcache/Python/3.9.16/x64
2022-12-27T11:20:38.4634690Z   PKG_CONFIG_PATH: /Users/runner/hostedtoolcache/Python/3.9.16/x64/lib/pkgconfig
2022-12-27T11:20:38.4634950Z   Python_ROOT_DIR: /Users/runner/hostedtoolcache/Python/3.9.16/x64
2022-12-27T11:20:38.4635160Z   Python2_ROOT_DIR: /Users/runner/hostedtoolcache/Python/3.9.16/x64
2022-12-27T11:20:38.4635500Z   Python3_ROOT_DIR: /Users/runner/hostedtoolcache/Python/3.9.16/x64
2022-12-27T11:20:38.4635720Z ##[endgroup]
2022-12-27T11:20:38.4775210Z ##[group]Run echo "PYTHON_NO_DOTS=$(echo 3.9 | tr -dc '[:alnum:]\n\r' | tr '[:upper:]' '[:lower:]')" >> $GITHUB_OUTPUT
2022-12-27T11:20:38.4775590Z [36;1mecho "PYTHON_NO_DOTS=$(echo 3.9 | tr -dc '[:alnum:]\n\r' | tr '[:upper:]' '[:lower:]')" >> $GITHUB_OUTPUT[0m
2022-12-27T11:20:38.4789540Z shell: /bin/bash -e {0}
2022-12-27T11:20:38.4789740Z env:
2022-12-27T11:20:38.4789960Z   pythonLocation: /Users/runner/hostedtoolcache/Python/3.9.16/x64
2022-12-27T11:20:38.4790620Z   PKG_CONFIG_PATH: /Users/runner/hostedtoolcache/Python/3.9.16/x64/lib/pkgconfig
2022-12-27T11:20:38.4790850Z   Python_ROOT_DIR: /Users/runner/hostedtoolcache/Python/3.9.16/x64
2022-12-27T11:20:38.4791090Z   Python2_ROOT_DIR: /Users/runner/hostedtoolcache/Python/3.9.16/x64
2022-12-27T11:20:38.4791330Z   Python3_ROOT_DIR: /Users/runner/hostedtoolcache/Python/3.9.16/x64
2022-12-27T11:20:38.4791530Z ##[endgroup]
2022-12-27T11:20:38.4897560Z ##[group]Run rm -rf build_lxml11139
2022-12-27T11:20:38.4897970Z [36;1mrm -rf build_lxml11139[0m
2022-12-27T11:20:38.4898160Z [36;1mmkdir build_lxml11139[0m
2022-12-27T11:20:38.4898340Z [36;1mcd build_lxml11139[0m
2022-12-27T11:20:38.4898670Z [36;1m/usr/local/bin/wget --quiet https://files.pythonhosted.org/packages/cc/dc/16ccc9452866e5c02736f41e3ddd2a62416bc9e21e00a40bddee83d21174/lxml-1.1.1.tar.gz[0m
2022-12-27T11:20:38.4898950Z [36;1mtar xf *.tar.gz[0m
2022-12-27T11:20:38.4899130Z [36;1mcd *[0m
2022-12-27T11:20:38.4899320Z [36;1mpython -m pip install cibuildwheel==2.11.3[0m
2022-12-27T11:20:38.4899540Z [36;1mpython -m cibuildwheel --output-dir ../wheelsout[0m
2022-12-27T11:20:38.4913460Z shell: /bin/bash -e {0}
2022-12-27T11:20:38.4913620Z env:
2022-12-27T11:20:38.4913830Z   pythonLocation: /Users/runner/hostedtoolcache/Python/3.9.16/x64
2022-12-27T11:20:38.4914100Z   PKG_CONFIG_PATH: /Users/runner/hostedtoolcache/Python/3.9.16/x64/lib/pkgconfig
2022-12-27T11:20:38.4914460Z   Python_ROOT_DIR: /Users/runner/hostedtoolcache/Python/3.9.16/x64
2022-12-27T11:20:38.4914700Z   Python2_ROOT_DIR: /Users/runner/hostedtoolcache/Python/3.9.16/x64
2022-12-27T11:20:38.4914910Z   Python3_ROOT_DIR: /Users/runner/hostedtoolcache/Python/3.9.16/x64
2022-12-27T11:20:38.4915110Z   CIBW_ARCHS_MACOS: arm64
2022-12-27T11:20:38.4915280Z   CIBW_TEST_SKIP: *_arm64
2022-12-27T11:20:38.4915460Z   CIBW_BUILD: cp39-macosx_arm64
2022-12-27T11:20:38.4915650Z   CIBW_BUILD_FRONTEND: pip
2022-12-27T11:20:38.4915820Z   CIBW_BUILD_VERBOSITY: 3
2022-12-27T11:20:38.4916100Z   CIBW_ENVIRONMENT_MACOS:  CFLAGS="-I/usr/local/opt/openssl@3/include" LDFLAGS="-L/usr/local/opt/openssl@3/lib" CPPFLAGS="-I/usr/local/opt/openssl@3/include" MAKEFLAGS="-j$(sysctl -n hw.logicalcpu)" PATH=/usr/local/opt/ccache/libexec:$PATH
2022-12-27T11:20:38.4916470Z   CIBW_BEFORE_BUILD: pip install Cython; if [[ -f requirements.txt ]]; then pip install -r requirements.txt; fi
2022-12-27T11:20:38.4916730Z   MAKEFLAGS: -j$(sysctl -n hw.logicalcpu)
2022-12-27T11:20:38.4916910Z ##[endgroup]
2022-12-27T11:20:38.8402060Z Requirement already satisfied: cibuildwheel==2.11.3 in /Users/runner/hostedtoolcache/Python/3.9.16/x64/lib/python3.9/site-packages (2.11.3)
2022-12-27T11:20:38.8664890Z Requirement already satisfied: bracex in /Users/runner/hostedtoolcache/Python/3.9.16/x64/lib/python3.9/site-packages (from cibuildwheel==2.11.3) (2.3.post1)
2022-12-27T11:20:38.8668240Z Requirement already satisfied: certifi in /Users/runner/hostedtoolcache/Python/3.9.16/x64/lib/python3.9/site-packages (from cibuildwheel==2.11.3) (2022.12.7)
2022-12-27T11:20:38.8673430Z Requirement already satisfied: packaging>=20.9 in /Users/runner/hostedtoolcache/Python/3.9.16/x64/lib/python3.9/site-packages (from cibuildwheel==2.11.3) (22.0)
2022-12-27T11:20:38.8676860Z Requirement already satisfied: filelock in /Users/runner/hostedtoolcache/Python/3.9.16/x64/lib/python3.9/site-packages (from cibuildwheel==2.11.3) (3.8.2)
2022-12-27T11:20:38.8682220Z Requirement already satisfied: bashlex!=0.13 in /Users/runner/hostedtoolcache/Python/3.9.16/x64/lib/python3.9/site-packages (from cibuildwheel==2.11.3) (0.16)
2022-12-27T11:20:38.8689250Z Requirement already satisfied: tomli in /Users/runner/hostedtoolcache/Python/3.9.16/x64/lib/python3.9/site-packages (from cibuildwheel==2.11.3) (2.0.1)
2022-12-27T11:20:38.8692810Z Requirement already satisfied: platformdirs in /Users/runner/hostedtoolcache/Python/3.9.16/x64/lib/python3.9/site-packages (from cibuildwheel==2.11.3) (2.6.0)
2022-12-27T11:20:38.8701750Z Requirement already satisfied: typing-extensions>=4.1.0 in /Users/runner/hostedtoolcache/Python/3.9.16/x64/lib/python3.9/site-packages (from cibuildwheel==2.11.3) (4.4.0)
2022-12-27T11:20:39.0386090Z 
2022-12-27T11:20:39.0386660Z      _ _       _ _   _       _           _
2022-12-27T11:20:39.0387910Z  ___|_| |_ _ _|_| |_| |_ _ _| |_ ___ ___| |
2022-12-27T11:20:39.0388570Z |  _| | . | | | | | . | | | |   | -_| -_| |
2022-12-27T11:20:39.0388880Z |___|_|___|___|_|_|___|_____|_|_|___|___|_|
2022-12-27T11:20:39.0389940Z 
2022-12-27T11:20:39.0390370Z cibuildwheel version 2.11.3
2022-12-27T11:20:39.0390600Z 
2022-12-27T11:20:39.0390760Z Build options:
2022-12-27T11:20:39.0391040Z   platform: macos
2022-12-27T11:20:39.0428480Z   architectures: arm64[0m
2022-12-27T11:20:39.0428820Z   build_selector: 
2022-12-27T11:20:39.0429320Z     build_config: cp39-macosx_arm64
2022-12-27T11:20:39.0429530Z     skip_config: 
2022-12-27T11:20:39.0429760Z     requires_python: None
2022-12-27T11:20:39.0430060Z     prerelease_pythons: False[0m
2022-12-27T11:20:39.0430490Z   [38;5;244mcontainer_engine: docker[0m
2022-12-27T11:20:39.0430910Z   output_dir: /Users/runner/actions-runner/_work/python.build/python.build/build_lxml11139/wheelsout[0m
2022-12-27T11:20:39.0431420Z   package_dir: /Users/runner/actions-runner/_work/python.build/python.build/build_lxml11139/lxml-1.1.1[0m
2022-12-27T11:20:39.0432010Z   test_selector: 
2022-12-27T11:20:39.0432310Z     skip_config: *_arm64[0m
2022-12-27T11:20:39.0432610Z   [38;5;244mbefore_all: [0m
2022-12-27T11:20:39.0433010Z   before_build: pip install Cython; if [[ -f requirements.txt ]]; then pip install -r requirements.txt; fi[0m
2022-12-27T11:20:39.0433520Z   [38;5;244mbefore_test: [0m
2022-12-27T11:20:39.0433810Z   [38;5;244mbuild_frontend: pip[0m
2022-12-27T11:20:39.0434080Z   build_verbosity: 3[0m
2022-12-27T11:20:39.0434400Z   [38;5;244mconfig_settings: [0m
2022-12-27T11:20:39.0434710Z   [38;5;244mdependency_constraints: pinned[0m
2022-12-27T11:20:39.0435100Z   environment: 
2022-12-27T11:20:39.0435370Z     CFLAGS="-I/usr/local/opt/openssl@3/include"
2022-12-27T11:20:39.0435690Z     LDFLAGS="-L/usr/local/opt/openssl@3/lib"
2022-12-27T11:20:39.0436020Z     CPPFLAGS="-I/usr/local/opt/openssl@3/include"
2022-12-27T11:20:39.0436480Z     MAKEFLAGS="-j$(sysctl -n hw.logicalcpu)"
2022-12-27T11:20:39.0436780Z     PATH=/usr/local/opt/ccache/libexec:$PATH[0m
2022-12-27T11:20:39.0437090Z   [38;5;244mmanylinux_images: None[0m
2022-12-27T11:20:39.0437380Z   [38;5;244mmusllinux_images: None[0m
2022-12-27T11:20:39.0437720Z   [38;5;244mrepair_command: delocate-wheel --require-archs {delocate_archs} -w {dest_dir} -v {wheel}[0m
2022-12-27T11:20:39.0438420Z   [38;5;244mtest_command: [0m
2022-12-27T11:20:39.0438670Z   [38;5;244mtest_extras: [0m
2022-12-27T11:20:39.0438860Z   [38;5;244mtest_requires: [0m
2022-12-27T11:20:39.0438980Z 
2022-12-27T11:20:39.0439090Z Cache folder: /Users/runner/Library/Caches/cibuildwheel
2022-12-27T11:20:39.0452960Z 
2022-12-27T11:20:39.0453170Z Here we go!
2022-12-27T11:20:39.0453420Z 
2022-12-27T11:20:39.0512200Z 
2022-12-27T11:20:39.0512820Z [1m[34mBuilding cp39-macosx_arm64 wheel[0m
2022-12-27T11:20:39.0513470Z CPython 3.9 macOS arm64 - Apple Silicon
2022-12-27T11:20:39.0513680Z 
2022-12-27T11:20:39.0516090Z ##[group]Installing Python cp39...
2022-12-27T11:20:39.0516280Z 
2022-12-27T11:20:39.0516520Z + pkgutil --pkgs
2022-12-27T11:20:39.0617730Z ##[endgroup]
2022-12-27T11:20:39.0618540Z                                                               [32m✓ [0m0.01s
2022-12-27T11:20:39.0618940Z ##[group]Setting up build environment...
2022-12-27T11:20:39.0619060Z 
2022-12-27T11:20:39.0638260Z + /Users/runner/hostedtoolcache/Python/3.9.16/x64/bin/python -sS /Users/runner/Library/Caches/cibuildwheel/virtualenv-20.17.0.pyz --activators= --no-periodic-update --pip=22.3.1 --setuptools=65.6.3 --wheel=0.38.4 --symlink-app-data --python /Library/Frameworks/Python.framework/Versions/3.9/bin/python3 /private/var/folders/51/hd414ycd67n82196sw51xqtc0000gn/T/cibw-run-02cqqhc5/cp39-macosx_arm64/build/venv
2022-12-27T11:20:39.2538870Z created virtual environment CPython3.9.13.final.0-64 in 48ms
2022-12-27T11:20:39.2539470Z   creator CPython3Posix(dest=/private/var/folders/51/hd414ycd67n82196sw51xqtc0000gn/T/cibw-run-02cqqhc5/cp39-macosx_arm64/build/venv, clear=False, no_vcs_ignore=False, global=False)
2022-12-27T11:20:39.2540210Z   seeder FromAppData(download=False, pip=22.3.1, setuptools=65.6.3, wheel=0.38.4, via=symlink, app_data_dir=/Users/runner/Library/Application Support/virtualenv)
2022-12-27T11:20:39.2540550Z     added seed packages: pip==22.3.1, setuptools==65.6.3, wheel==0.38.4
2022-12-27T11:20:39.2632690Z + python -m pip install --upgrade pip -c /Users/runner/hostedtoolcache/Python/3.9.16/x64/lib/python3.9/site-packages/cibuildwheel/resources/constraints-python39.txt
2022-12-27T11:20:39.5702160Z Requirement already satisfied: pip in ./lib/python3.9/site-packages (22.3.1)
2022-12-27T11:20:39.7145530Z + which pip
2022-12-27T11:20:39.7162220Z /private/var/folders/51/hd414ycd67n82196sw51xqtc0000gn/T/cibw-run-02cqqhc5/cp39-macosx_arm64/build/venv/bin/pip
2022-12-27T11:20:39.7164710Z + pip --version
2022-12-27T11:20:39.9450550Z pip 22.3.1 from /private/var/folders/51/hd414ycd67n82196sw51xqtc0000gn/T/cibw-run-02cqqhc5/cp39-macosx_arm64/build/venv/lib/python3.9/site-packages/pip (python 3.9)
2022-12-27T11:20:39.9658990Z + which pip
2022-12-27T11:20:39.9687730Z + which python
2022-12-27T11:20:39.9704570Z /private/var/folders/51/hd414ycd67n82196sw51xqtc0000gn/T/cibw-run-02cqqhc5/cp39-macosx_arm64/build/venv/bin/python
2022-12-27T11:20:39.9707180Z + python --version
2022-12-27T11:20:39.9753570Z Python 3.9.13
2022-12-27T11:20:39.9756200Z + which python
2022-12-27T11:20:39.9819580Z ##[endgroup]
2022-12-27T11:20:39.9820090Z                                                               [32m✓ [0m0.92s
2022-12-27T11:20:39.9820940Z ##[group]Installing build tools...
2022-12-27T11:20:39.9821100Z 
2022-12-27T11:20:39.9821470Z + pip install --upgrade setuptools wheel delocate -c /Users/runner/hostedtoolcache/Python/3.9.16/x64/lib/python3.9/site-packages/cibuildwheel/resources/constraints-python39.txt
2022-12-27T11:20:40.2849760Z Requirement already satisfied: setuptools in /private/var/folders/51/hd414ycd67n82196sw51xqtc0000gn/T/cibw-run-02cqqhc5/cp39-macosx_arm64/build/venv/lib/python3.9/site-packages (65.6.3)
2022-12-27T11:20:40.5214920Z Requirement already satisfied: wheel in /private/var/folders/51/hd414ycd67n82196sw51xqtc0000gn/T/cibw-run-02cqqhc5/cp39-macosx_arm64/build/venv/lib/python3.9/site-packages (0.38.4)
2022-12-27T11:20:40.5711200Z Collecting delocate
2022-12-27T11:20:40.5736430Z   Using cached delocate-0.10.3-py3-none-any.whl (142 kB)
2022-12-27T11:20:40.5984500Z Collecting typing-extensions
2022-12-27T11:20:40.6006970Z   Using cached typing_extensions-4.4.0-py3-none-any.whl (26 kB)
2022-12-27T11:20:40.6274180Z Collecting packaging>=20.9
2022-12-27T11:20:40.6296560Z   Using cached packaging-21.3-py3-none-any.whl (40 kB)
2022-12-27T11:20:40.6722230Z Collecting pyparsing!=3.0.5,>=2.0.2
2022-12-27T11:20:40.6745550Z   Using cached pyparsing-3.0.9-py3-none-any.whl (98 kB)
2022-12-27T11:20:40.7143420Z Installing collected packages: typing-extensions, pyparsing, packaging, delocate
2022-12-27T11:20:40.8721390Z Successfully installed delocate-0.10.3 packaging-21.3 pyparsing-3.0.9 typing-extensions-4.4.0
2022-12-27T11:20:40.9163030Z ##[endgroup]
2022-12-27T11:20:40.9163650Z                                                               [32m✓ [0m0.93s
2022-12-27T11:20:40.9164010Z ##[group]Running before_build...
2022-12-27T11:20:40.9164140Z 
2022-12-27T11:20:40.9170660Z + pip install Cython; if [[ -f requirements.txt ]]; then pip install -r requirements.txt; fi
2022-12-27T11:20:41.6509980Z Collecting Cython
2022-12-27T11:20:41.6557180Z   Using cached Cython-0.29.32-py2.py3-none-any.whl (986 kB)
2022-12-27T11:20:41.7060610Z Installing collected packages: Cython
2022-12-27T11:20:42.2141750Z Successfully installed Cython-0.29.32
2022-12-27T11:20:42.2574190Z ##[endgroup]
2022-12-27T11:20:42.2574780Z                                                               [32m✓ [0m1.34s
2022-12-27T11:20:42.2575510Z ##[group]Building wheel...
2022-12-27T11:20:42.2575670Z 
2022-12-27T11:20:42.2580780Z + python -m pip wheel /Users/runner/actions-runner/_work/python.build/python.build/build_lxml11139/lxml-1.1.1 --wheel-dir=/private/var/folders/51/hd414ycd67n82196sw51xqtc0000gn/T/cibw-run-02cqqhc5/cp39-macosx_arm64/built_wheel --no-deps -vvv
2022-12-27T11:20:42.5434750Z Created temporary directory: /private/var/folders/51/hd414ycd67n82196sw51xqtc0000gn/T/pip-ephem-wheel-cache-tcl5oha5
2022-12-27T11:20:42.5439260Z Created temporary directory: /private/var/folders/51/hd414ycd67n82196sw51xqtc0000gn/T/pip-build-tracker-ogvtq7jd
2022-12-27T11:20:42.5441640Z Initialized build tracking at /private/var/folders/51/hd414ycd67n82196sw51xqtc0000gn/T/pip-build-tracker-ogvtq7jd
2022-12-27T11:20:42.5443760Z Created build tracker: /private/var/folders/51/hd414ycd67n82196sw51xqtc0000gn/T/pip-build-tracker-ogvtq7jd
2022-12-27T11:20:42.5445840Z Entered build tracker: /private/var/folders/51/hd414ycd67n82196sw51xqtc0000gn/T/pip-build-tracker-ogvtq7jd
2022-12-27T11:20:42.5449850Z Created temporary directory: /private/var/folders/51/hd414ycd67n82196sw51xqtc0000gn/T/pip-wheel-onyzlurk
2022-12-27T11:20:42.5456680Z Created temporary directory: /private/var/folders/51/hd414ycd67n82196sw51xqtc0000gn/T/pip-ephem-wheel-cache-n3f8i09d
2022-12-27T11:20:42.5615410Z Processing /Users/runner/actions-runner/_work/python.build/python.build/build_lxml11139/lxml-1.1.1
2022-12-27T11:20:42.5622480Z   Added file:///Users/runner/actions-runner/_work/python.build/python.build/build_lxml11139/lxml-1.1.1 to build tracker '/private/var/folders/51/hd414ycd67n82196sw51xqtc0000gn/T/pip-build-tracker-ogvtq7jd'
2022-12-27T11:20:42.5626920Z   Running setup.py (path:/Users/runner/actions-runner/_work/python.build/python.build/build_lxml11139/lxml-1.1.1/setup.py) egg_info for package from file:///Users/runner/actions-runner/_work/python.build/python.build/build_lxml11139/lxml-1.1.1
2022-12-27T11:20:42.5630760Z   Created temporary directory: /private/var/folders/51/hd414ycd67n82196sw51xqtc0000gn/T/pip-pip-egg-info-f64b74fo
2022-12-27T11:20:42.5632830Z   Preparing metadata (setup.py): started
2022-12-27T11:20:42.5635240Z   Running command python setup.py egg_info
2022-12-27T11:20:42.7269540Z   Traceback (most recent call last):
2022-12-27T11:20:42.7278750Z     File "<string>", line 2, in <module>
2022-12-27T11:20:42.7279350Z     File "<pip-setuptools-caller>", line 34, in <module>
2022-12-27T11:20:42.7280100Z     File "/Users/runner/actions-runner/_work/python.build/python.build/build_lxml11139/lxml-1.1.1/setup.py", line 30
2022-12-27T11:20:42.7280800Z       raise NotImplementedError, \
2022-12-27T11:20:42.7281020Z                                ^
2022-12-27T11:20:42.7283050Z   SyntaxError: invalid syntax
2022-12-27T11:20:42.7437430Z   error: subprocess-exited-with-error
2022-12-27T11:20:42.7437710Z   
2022-12-27T11:20:42.7438030Z   × python setup.py egg_info did not run successfully.
2022-12-27T11:20:42.7438340Z   │ exit code: 1
2022-12-27T11:20:42.7438620Z   ╰─> See above for output.
2022-12-27T11:20:42.7438910Z   
2022-12-27T11:20:42.7439150Z   note: This error originates from a subprocess, and is likely not a problem with pip.
2022-12-27T11:20:42.7447790Z   full command: /private/var/folders/51/hd414ycd67n82196sw51xqtc0000gn/T/cibw-run-02cqqhc5/cp39-macosx_arm64/build/venv/bin/python -c '
2022-12-27T11:20:42.7448300Z   exec(compile('"'"''"'"''"'"'
2022-12-27T11:20:42.7448710Z   # This is <pip-setuptools-caller> -- a caller that pip uses to run setup.py
2022-12-27T11:20:42.7448940Z   #
2022-12-27T11:20:42.7449220Z   # - It imports setuptools before invoking setup.py, to enable projects that directly
2022-12-27T11:20:42.7449510Z   #   import from `distutils.core` to work with newer packaging standards.
2022-12-27T11:20:42.7449800Z   # - It provides a clear error message when setuptools is not installed.
2022-12-27T11:20:42.7450170Z   # - It sets `sys.argv[0]` to the underlying `setup.py`, when invoking `setup.py` so
2022-12-27T11:20:42.7450500Z   #   setuptools doesn'"'"'t think the script is `-c`. This avoids the following warning:
2022-12-27T11:20:42.7450760Z   #     manifest_maker: standard file '"'"'-c'"'"' not found".
2022-12-27T11:20:42.7451060Z   # - It generates a shim setup.py, for handling setup.cfg-only projects.
2022-12-27T11:20:42.7451330Z   import os, sys, tokenize
2022-12-27T11:20:42.7451500Z   
2022-12-27T11:20:42.7451620Z   try:
2022-12-27T11:20:42.7452090Z       import setuptools
2022-12-27T11:20:42.7452320Z   except ImportError as error:
2022-12-27T11:20:42.7452520Z       print(
2022-12-27T11:20:42.7452730Z           "ERROR: Can not execute `setup.py` since setuptools is not available in "
2022-12-27T11:20:42.7452960Z           "the build environment.",
2022-12-27T11:20:42.7453110Z           file=sys.stderr,
2022-12-27T11:20:42.7453290Z       )
2022-12-27T11:20:42.7453530Z       sys.exit(1)
2022-12-27T11:20:42.7453660Z   
2022-12-27T11:20:42.7453820Z   __file__ = %r
2022-12-27T11:20:42.7454050Z   sys.argv[0] = __file__
2022-12-27T11:20:42.7454200Z   
2022-12-27T11:20:42.7454410Z   if os.path.exists(__file__):
2022-12-27T11:20:42.7454600Z       filename = __file__
2022-12-27T11:20:42.7454760Z       with tokenize.open(__file__) as f:
2022-12-27T11:20:42.7454960Z           setup_py_code = f.read()
2022-12-27T11:20:42.7455170Z   else:
2022-12-27T11:20:42.7455410Z       filename = "<auto-generated setuptools caller>"
2022-12-27T11:20:42.7455640Z       setup_py_code = "from setuptools import setup; setup()"
2022-12-27T11:20:42.7455850Z   
2022-12-27T11:20:42.7456000Z   exec(compile(setup_py_code, filename, "exec"))
2022-12-27T11:20:42.7456550Z   '"'"''"'"''"'"' % ('"'"'/Users/runner/actions-runner/_work/python.build/python.build/build_lxml11139/lxml-1.1.1/setup.py'"'"',), "<pip-setuptools-caller>", "exec"))' egg_info --egg-base /private/var/folders/51/hd414ycd67n82196sw51xqtc0000gn/T/pip-pip-egg-info-f64b74fo
2022-12-27T11:20:42.7457020Z   cwd: /Users/runner/actions-runner/_work/python.build/python.build/build_lxml11139/lxml-1.1.1/
2022-12-27T11:20:42.7457360Z   Preparing metadata (setup.py): finished with status 'error'
2022-12-27T11:20:42.7466690Z error: metadata-generation-failed
2022-12-27T11:20:42.7466810Z 
2022-12-27T11:20:42.7467010Z × Encountered error while generating package metadata.
2022-12-27T11:20:42.7467410Z ╰─> See above for output.
2022-12-27T11:20:42.7467530Z 
2022-12-27T11:20:42.7467660Z note: This is an issue with the package mentioned above, not pip.
2022-12-27T11:20:42.7467870Z hint: See above for details.
2022-12-27T11:20:42.7494520Z Exception information:
2022-12-27T11:20:42.7494960Z Traceback (most recent call last):
2022-12-27T11:20:42.7495980Z   File "/private/var/folders/51/hd414ycd67n82196sw51xqtc0000gn/T/cibw-run-02cqqhc5/cp39-macosx_arm64/build/venv/lib/python3.9/site-packages/pip/_internal/operations/build/metadata_legacy.py", line 64, in generate_metadata
2022-12-27T11:20:42.7496420Z     call_subprocess(
2022-12-27T11:20:42.7496960Z   File "/private/var/folders/51/hd414ycd67n82196sw51xqtc0000gn/T/cibw-run-02cqqhc5/cp39-macosx_arm64/build/venv/lib/python3.9/site-packages/pip/_internal/utils/subprocess.py", line 224, in call_subprocess
2022-12-27T11:20:42.7497430Z     raise error
2022-12-27T11:20:42.7497760Z pip._internal.exceptions.InstallationSubprocessError: python setup.py egg_info exited with 1
2022-12-27T11:20:42.7497950Z 
2022-12-27T11:20:42.7498060Z The above exception was the direct cause of the following exception:
2022-12-27T11:20:42.7498310Z 
2022-12-27T11:20:42.7498420Z Traceback (most recent call last):
2022-12-27T11:20:42.7498930Z   File "/private/var/folders/51/hd414ycd67n82196sw51xqtc0000gn/T/cibw-run-02cqqhc5/cp39-macosx_arm64/build/venv/lib/python3.9/site-packages/pip/_internal/cli/base_command.py", line 160, in exc_logging_wrapper
2022-12-27T11:20:42.7499240Z     status = run_func(*args)
2022-12-27T11:20:42.7499730Z   File "/private/var/folders/51/hd414ycd67n82196sw51xqtc0000gn/T/cibw-run-02cqqhc5/cp39-macosx_arm64/build/venv/lib/python3.9/site-packages/pip/_internal/cli/req_command.py", line 247, in wrapper
2022-12-27T11:20:42.7500120Z     return func(self, options, args)
2022-12-27T11:20:42.7500620Z   File "/private/var/folders/51/hd414ycd67n82196sw51xqtc0000gn/T/cibw-run-02cqqhc5/cp39-macosx_arm64/build/venv/lib/python3.9/site-packages/pip/_internal/commands/wheel.py", line 170, in run
2022-12-27T11:20:42.7500950Z     requirement_set = resolver.resolve(reqs, check_supported_wheels=True)
2022-12-27T11:20:42.7501610Z   File "/private/var/folders/51/hd414ycd67n82196sw51xqtc0000gn/T/cibw-run-02cqqhc5/cp39-macosx_arm64/build/venv/lib/python3.9/site-packages/pip/_internal/resolution/resolvelib/resolver.py", line 73, in resolve
2022-12-27T11:20:42.7501950Z     collected = self.factory.collect_root_requirements(root_reqs)
2022-12-27T11:20:42.7502470Z   File "/private/var/folders/51/hd414ycd67n82196sw51xqtc0000gn/T/cibw-run-02cqqhc5/cp39-macosx_arm64/build/venv/lib/python3.9/site-packages/pip/_internal/resolution/resolvelib/factory.py", line 491, in collect_root_requirements
2022-12-27T11:20:42.7502840Z     req = self._make_requirement_from_install_req(
2022-12-27T11:20:42.7503360Z   File "/private/var/folders/51/hd414ycd67n82196sw51xqtc0000gn/T/cibw-run-02cqqhc5/cp39-macosx_arm64/build/venv/lib/python3.9/site-packages/pip/_internal/resolution/resolvelib/factory.py", line 453, in _make_requirement_from_install_req
2022-12-27T11:20:42.7503690Z     cand = self._make_candidate_from_link(
2022-12-27T11:20:42.7504150Z   File "/private/var/folders/51/hd414ycd67n82196sw51xqtc0000gn/T/cibw-run-02cqqhc5/cp39-macosx_arm64/build/venv/lib/python3.9/site-packages/pip/_internal/resolution/resolvelib/factory.py", line 206, in _make_candidate_from_link
2022-12-27T11:20:42.7504480Z     self._link_candidate_cache[link] = LinkCandidate(
2022-12-27T11:20:42.7504940Z   File "/private/var/folders/51/hd414ycd67n82196sw51xqtc0000gn/T/cibw-run-02cqqhc5/cp39-macosx_arm64/build/venv/lib/python3.9/site-packages/pip/_internal/resolution/resolvelib/candidates.py", line 297, in __init__
2022-12-27T11:20:42.7505230Z     super().__init__(
2022-12-27T11:20:42.7505650Z   File "/private/var/folders/51/hd414ycd67n82196sw51xqtc0000gn/T/cibw-run-02cqqhc5/cp39-macosx_arm64/build/venv/lib/python3.9/site-packages/pip/_internal/resolution/resolvelib/candidates.py", line 162, in __init__
2022-12-27T11:20:42.7505970Z     self.dist = self._prepare()
2022-12-27T11:20:42.7506420Z   File "/private/var/folders/51/hd414ycd67n82196sw51xqtc0000gn/T/cibw-run-02cqqhc5/cp39-macosx_arm64/build/venv/lib/python3.9/site-packages/pip/_internal/resolution/resolvelib/candidates.py", line 231, in _prepare
2022-12-27T11:20:42.7506700Z     dist = self._prepare_distribution()
2022-12-27T11:20:42.7507380Z   File "/private/var/folders/51/hd414ycd67n82196sw51xqtc0000gn/T/cibw-run-02cqqhc5/cp39-macosx_arm64/build/venv/lib/python3.9/site-packages/pip/_internal/resolution/resolvelib/candidates.py", line 308, in _prepare_distribution
2022-12-27T11:20:42.7507750Z     return preparer.prepare_linked_requirement(self._ireq, parallel_builds=True)
2022-12-27T11:20:42.7508290Z   File "/private/var/folders/51/hd414ycd67n82196sw51xqtc0000gn/T/cibw-run-02cqqhc5/cp39-macosx_arm64/build/venv/lib/python3.9/site-packages/pip/_internal/operations/prepare.py", line 491, in prepare_linked_requirement
2022-12-27T11:20:42.7508620Z     return self._prepare_linked_requirement(req, parallel_builds)
2022-12-27T11:20:42.7509110Z   File "/private/var/folders/51/hd414ycd67n82196sw51xqtc0000gn/T/cibw-run-02cqqhc5/cp39-macosx_arm64/build/venv/lib/python3.9/site-packages/pip/_internal/operations/prepare.py", line 577, in _prepare_linked_requirement
2022-12-27T11:20:42.7509440Z     dist = _get_prepared_distribution(
2022-12-27T11:20:42.7510310Z   File "/private/var/folders/51/hd414ycd67n82196sw51xqtc0000gn/T/cibw-run-02cqqhc5/cp39-macosx_arm64/build/venv/lib/python3.9/site-packages/pip/_internal/operations/prepare.py", line 69, in _get_prepared_distribution
2022-12-27T11:20:42.7510660Z     abstract_dist.prepare_distribution_metadata(
2022-12-27T11:20:42.7511170Z   File "/private/var/folders/51/hd414ycd67n82196sw51xqtc0000gn/T/cibw-run-02cqqhc5/cp39-macosx_arm64/build/venv/lib/python3.9/site-packages/pip/_internal/distributions/sdist.py", line 61, in prepare_distribution_metadata
2022-12-27T11:20:42.7511500Z     self.req.prepare_metadata()
2022-12-27T11:20:42.7512130Z   File "/private/var/folders/51/hd414ycd67n82196sw51xqtc0000gn/T/cibw-run-02cqqhc5/cp39-macosx_arm64/build/venv/lib/python3.9/site-packages/pip/_internal/req/req_install.py", line 541, in prepare_metadata
2022-12-27T11:20:42.7512600Z     self.metadata_directory = generate_metadata_legacy(
2022-12-27T11:20:42.7513060Z   File "/private/var/folders/51/hd414ycd67n82196sw51xqtc0000gn/T/cibw-run-02cqqhc5/cp39-macosx_arm64/build/venv/lib/python3.9/site-packages/pip/_internal/operations/build/metadata_legacy.py", line 71, in generate_metadata
2022-12-27T11:20:42.7513450Z     raise MetadataGenerationFailed(package_details=details) from error
2022-12-27T11:20:42.7513740Z pip._internal.exceptions.MetadataGenerationFailed: metadata generation failed
2022-12-27T11:20:42.7514390Z Removed file:///Users/runner/actions-runner/_work/python.build/python.build/build_lxml11139/lxml-1.1.1 from build tracker '/private/var/folders/51/hd414ycd67n82196sw51xqtc0000gn/T/pip-build-tracker-ogvtq7jd'
2022-12-27T11:20:42.7514860Z Removed build tracker: '/private/var/folders/51/hd414ycd67n82196sw51xqtc0000gn/T/pip-build-tracker-ogvtq7jd'
2022-12-27T11:20:42.7911940Z ##[endgroup]
2022-12-27T11:20:42.7912540Z                                                               [31m✕ [0m0.53s
2022-12-27T11:20:42.7935920Z ##[error]Command ['python', '-m', 'pip', 'wheel', '/Users/runner/actions-runner/_work/python.build/python.build/build_lxml11139/lxml-1.1.1', '--wheel-dir=/private/var/folders/51/hd414ycd67n82196sw51xqtc0000gn/T/cibw-run-02cqqhc5/cp39-macosx_arm64/built_wheel', '--no-deps', '-vvv'] failed with code 1. None
2022-12-27T11:20:42.7942470Z 
2022-12-27T11:20:42.8395020Z ##[error]Process completed with exit code 1.
2022-12-27T11:20:42.8488820Z ##[group]Run rm -rf build_lxml11139 wheelsout
2022-12-27T11:20:42.8489090Z [36;1mrm -rf build_lxml11139 wheelsout[0m
2022-12-27T11:20:42.8504470Z shell: /bin/bash -e {0}
2022-12-27T11:20:42.8504620Z env:
2022-12-27T11:20:42.8504830Z   pythonLocation: /Users/runner/hostedtoolcache/Python/3.9.16/x64
2022-12-27T11:20:42.8505080Z   PKG_CONFIG_PATH: /Users/runner/hostedtoolcache/Python/3.9.16/x64/lib/pkgconfig
2022-12-27T11:20:42.8505300Z   Python_ROOT_DIR: /Users/runner/hostedtoolcache/Python/3.9.16/x64
2022-12-27T11:20:42.8505580Z   Python2_ROOT_DIR: /Users/runner/hostedtoolcache/Python/3.9.16/x64
2022-12-27T11:20:42.8505810Z   Python3_ROOT_DIR: /Users/runner/hostedtoolcache/Python/3.9.16/x64
2022-12-27T11:20:42.8506190Z ##[endgroup]
2022-12-27T11:20:42.8798040Z Cleaning up orphan processes
