2022-12-27T08:50:23.7413319Z Requested labels: self-hosted, macOS, X64
2022-12-27T08:50:23.7413434Z Job defined at: kilnbuild/python.build/.github/workflows/mac_arm_build.yml@refs/heads/main
2022-12-27T08:50:23.7413485Z Waiting for a runner to pick up this job...
2022-12-27T11:19:58.8024831Z Job is about to start running on the runner: k1 (organization)
2022-12-27T11:20:02.3943650Z Current runner version: '2.300.2'
2022-12-27T11:20:02.3948250Z Runner name: 'k1'
2022-12-27T11:20:02.3948490Z Runner group name: 'Default'
2022-12-27T11:20:02.3948900Z Machine name: 'k1'
2022-12-27T11:20:02.3950320Z ##[group]GITHUB_TOKEN Permissions
2022-12-27T11:20:02.3950700Z Actions: write
2022-12-27T11:20:02.3950850Z Checks: write
2022-12-27T11:20:02.3950970Z Contents: write
2022-12-27T11:20:02.3951110Z Deployments: write
2022-12-27T11:20:02.3951260Z Discussions: write
2022-12-27T11:20:02.3951390Z Issues: write
2022-12-27T11:20:02.3951510Z Metadata: read
2022-12-27T11:20:02.3951640Z Packages: write
2022-12-27T11:20:02.3951780Z Pages: write
2022-12-27T11:20:02.3951910Z PullRequests: write
2022-12-27T11:20:02.3952070Z RepositoryProjects: write
2022-12-27T11:20:02.3952230Z SecurityEvents: write
2022-12-27T11:20:02.3952360Z Statuses: write
2022-12-27T11:20:02.3952500Z ##[endgroup]
2022-12-27T11:20:02.3954790Z Secret source: Actions
2022-12-27T11:20:02.3955080Z Prepare workflow directory
2022-12-27T11:20:02.4591670Z Prepare all required actions
2022-12-27T11:20:02.4705010Z Getting action download info
2022-12-27T11:20:03.0342540Z Download action repository 'actions/setup-python@v4' (SHA:5ccb29d8773c3f3f653e1705f474dfaa8a06a912)
2022-12-27T11:20:04.8718940Z Download action repository 'actions/upload-artifact@v3' (SHA:83fd05a356d7e2593de66fc9913b3002723633cb)
2022-12-27T11:20:06.7708560Z ##[group]Run echo '{
2022-12-27T11:20:06.7708820Z [36;1mecho '{[0m
2022-12-27T11:20:06.7708940Z [36;1m  "package_name": "lxml",[0m
2022-12-27T11:20:06.7709200Z [36;1m  "package_url": "https://files.pythonhosted.org/packages/d8/7f/b384d5b459b8b965218e8b89e748393cbddbd7090eb4febca20fa483492d/lxml-1.1alpha.tar.gz",[0m
2022-12-27T11:20:06.7709430Z [36;1m  "package_version": "1.1alpha",[0m
2022-12-27T11:20:06.7709560Z [36;1m  "python_version": "3.10",[0m
2022-12-27T11:20:06.7709680Z [36;1m  "use_ccache": "true"[0m
2022-12-27T11:20:06.7709790Z [36;1m}'[0m
2022-12-27T11:20:06.7725260Z shell: /bin/bash -e {0}
2022-12-27T11:20:06.7725430Z ##[endgroup]
2022-12-27T11:20:06.7938030Z {
2022-12-27T11:20:06.7939320Z   "package_name": "lxml",
2022-12-27T11:20:06.7939990Z   "package_url": "https://files.pythonhosted.org/packages/d8/7f/b384d5b459b8b965218e8b89e748393cbddbd7090eb4febca20fa483492d/lxml-1.1alpha.tar.gz",
2022-12-27T11:20:06.7940290Z   "package_version": "1.1alpha",
2022-12-27T11:20:06.7940560Z   "python_version": "3.10",
2022-12-27T11:20:06.7940710Z   "use_ccache": "true"
2022-12-27T11:20:06.7940870Z }
2022-12-27T11:20:06.8157720Z ##[group]Run actions/setup-python@v4
2022-12-27T11:20:06.8158030Z with:
2022-12-27T11:20:06.8158170Z   python-version: 3.10
2022-12-27T11:20:06.8158350Z   check-latest: false
2022-12-27T11:20:06.8158640Z   token: ***
2022-12-27T11:20:06.8158790Z   update-environment: true
2022-12-27T11:20:06.8159020Z ##[endgroup]
2022-12-27T11:20:06.9370280Z ##[group]Installed versions
2022-12-27T11:20:06.9406330Z Successfully set up CPython (3.10.9)
2022-12-27T11:20:06.9407250Z ##[endgroup]
2022-12-27T11:20:06.9553940Z ##[group]Run if [ "true" == "true" ]
2022-12-27T11:20:06.9554240Z [36;1mif [ "true" == "true" ][0m
2022-12-27T11:20:06.9554430Z [36;1mthen[0m
2022-12-27T11:20:06.9554710Z [36;1m  echo "CCACHE_PATH_PREPEND=/usr/local/opt/ccache/libexec" >> $GITHUB_OUTPUT[0m
2022-12-27T11:20:06.9554920Z [36;1melse[0m
2022-12-27T11:20:06.9555120Z [36;1m  echo "CCACHE_PATH_PREPEND=" >> $GITHUB_OUTPUT[0m
2022-12-27T11:20:06.9555580Z [36;1mfi[0m
2022-12-27T11:20:06.9572670Z shell: /bin/bash -e {0}
2022-12-27T11:20:06.9572870Z env:
2022-12-27T11:20:06.9573090Z   pythonLocation: /Users/runner/hostedtoolcache/Python/3.10.9/x64
2022-12-27T11:20:06.9573320Z   PKG_CONFIG_PATH: /Users/runner/hostedtoolcache/Python/3.10.9/x64/lib/pkgconfig
2022-12-27T11:20:06.9573660Z   Python_ROOT_DIR: /Users/runner/hostedtoolcache/Python/3.10.9/x64
2022-12-27T11:20:06.9573900Z   Python2_ROOT_DIR: /Users/runner/hostedtoolcache/Python/3.10.9/x64
2022-12-27T11:20:06.9574150Z   Python3_ROOT_DIR: /Users/runner/hostedtoolcache/Python/3.10.9/x64
2022-12-27T11:20:06.9574750Z ##[endgroup]
2022-12-27T11:20:06.9686100Z ##[group]Run echo "BUILD_NAME=$(echo lxml_1.1alpha_3.10 | tr -dc '[:alnum:]\n\r' | tr '[:upper:]' '[:lower:]')" >> $GITHUB_OUTPUT
2022-12-27T11:20:06.9686630Z [36;1mecho "BUILD_NAME=$(echo lxml_1.1alpha_3.10 | tr -dc '[:alnum:]\n\r' | tr '[:upper:]' '[:lower:]')" >> $GITHUB_OUTPUT[0m
2022-12-27T11:20:06.9700520Z shell: /bin/bash -e {0}
2022-12-27T11:20:06.9700680Z env:
2022-12-27T11:20:06.9700910Z   pythonLocation: /Users/runner/hostedtoolcache/Python/3.10.9/x64
2022-12-27T11:20:06.9701230Z   PKG_CONFIG_PATH: /Users/runner/hostedtoolcache/Python/3.10.9/x64/lib/pkgconfig
2022-12-27T11:20:06.9742240Z   Python_ROOT_DIR: /Users/runner/hostedtoolcache/Python/3.10.9/x64
2022-12-27T11:20:06.9742430Z   Python2_ROOT_DIR: /Users/runner/hostedtoolcache/Python/3.10.9/x64
2022-12-27T11:20:06.9742630Z   Python3_ROOT_DIR: /Users/runner/hostedtoolcache/Python/3.10.9/x64
2022-12-27T11:20:06.9742790Z ##[endgroup]
2022-12-27T11:20:06.9851130Z ##[group]Run echo "PYTHON_NO_DOTS=$(echo 3.10 | tr -dc '[:alnum:]\n\r' | tr '[:upper:]' '[:lower:]')" >> $GITHUB_OUTPUT
2022-12-27T11:20:06.9851550Z [36;1mecho "PYTHON_NO_DOTS=$(echo 3.10 | tr -dc '[:alnum:]\n\r' | tr '[:upper:]' '[:lower:]')" >> $GITHUB_OUTPUT[0m
2022-12-27T11:20:06.9864850Z shell: /bin/bash -e {0}
2022-12-27T11:20:06.9865000Z env:
2022-12-27T11:20:06.9865200Z   pythonLocation: /Users/runner/hostedtoolcache/Python/3.10.9/x64
2022-12-27T11:20:06.9865490Z   PKG_CONFIG_PATH: /Users/runner/hostedtoolcache/Python/3.10.9/x64/lib/pkgconfig
2022-12-27T11:20:06.9865730Z   Python_ROOT_DIR: /Users/runner/hostedtoolcache/Python/3.10.9/x64
2022-12-27T11:20:06.9865930Z   Python2_ROOT_DIR: /Users/runner/hostedtoolcache/Python/3.10.9/x64
2022-12-27T11:20:06.9866150Z   Python3_ROOT_DIR: /Users/runner/hostedtoolcache/Python/3.10.9/x64
2022-12-27T11:20:06.9866330Z ##[endgroup]
2022-12-27T11:20:06.9980590Z ##[group]Run rm -rf build_lxml11alpha310
2022-12-27T11:20:06.9980950Z [36;1mrm -rf build_lxml11alpha310[0m
2022-12-27T11:20:06.9981170Z [36;1mmkdir build_lxml11alpha310[0m
2022-12-27T11:20:06.9981350Z [36;1mcd build_lxml11alpha310[0m
2022-12-27T11:20:06.9981610Z [36;1m/usr/local/bin/wget --quiet https://files.pythonhosted.org/packages/d8/7f/b384d5b459b8b965218e8b89e748393cbddbd7090eb4febca20fa483492d/lxml-1.1alpha.tar.gz[0m
2022-12-27T11:20:06.9981910Z [36;1mtar xf *.tar.gz[0m
2022-12-27T11:20:06.9982070Z [36;1mcd *[0m
2022-12-27T11:20:06.9982220Z [36;1mpython -m pip install cibuildwheel==2.11.3[0m
2022-12-27T11:20:06.9982430Z [36;1mpython -m cibuildwheel --output-dir ../wheelsout[0m
2022-12-27T11:20:06.9996070Z shell: /bin/bash -e {0}
2022-12-27T11:20:06.9996240Z env:
2022-12-27T11:20:06.9996420Z   pythonLocation: /Users/runner/hostedtoolcache/Python/3.10.9/x64
2022-12-27T11:20:06.9996710Z   PKG_CONFIG_PATH: /Users/runner/hostedtoolcache/Python/3.10.9/x64/lib/pkgconfig
2022-12-27T11:20:06.9996990Z   Python_ROOT_DIR: /Users/runner/hostedtoolcache/Python/3.10.9/x64
2022-12-27T11:20:06.9997190Z   Python2_ROOT_DIR: /Users/runner/hostedtoolcache/Python/3.10.9/x64
2022-12-27T11:20:06.9997410Z   Python3_ROOT_DIR: /Users/runner/hostedtoolcache/Python/3.10.9/x64
2022-12-27T11:20:06.9997600Z   CIBW_ARCHS_MACOS: arm64
2022-12-27T11:20:06.9997740Z   CIBW_TEST_SKIP: *_arm64
2022-12-27T11:20:06.9997950Z   CIBW_BUILD: cp310-macosx_arm64
2022-12-27T11:20:06.9998120Z   CIBW_BUILD_FRONTEND: pip
2022-12-27T11:20:06.9998260Z   CIBW_BUILD_VERBOSITY: 3
2022-12-27T11:20:06.9998560Z   CIBW_ENVIRONMENT_MACOS:  CFLAGS="-I/usr/local/opt/openssl@3/include" LDFLAGS="-L/usr/local/opt/openssl@3/lib" CPPFLAGS="-I/usr/local/opt/openssl@3/include" MAKEFLAGS="-j$(sysctl -n hw.logicalcpu)" PATH=/usr/local/opt/ccache/libexec:$PATH
2022-12-27T11:20:06.9998940Z   CIBW_BEFORE_BUILD: pip install Cython; if [[ -f requirements.txt ]]; then pip install -r requirements.txt; fi
2022-12-27T11:20:06.9999180Z   MAKEFLAGS: -j$(sysctl -n hw.logicalcpu)
2022-12-27T11:20:06.9999320Z ##[endgroup]
2022-12-27T11:20:07.3498820Z Requirement already satisfied: cibuildwheel==2.11.3 in /Users/runner/hostedtoolcache/Python/3.10.9/x64/lib/python3.10/site-packages (2.11.3)
2022-12-27T11:20:07.3747350Z Requirement already satisfied: typing-extensions>=4.1.0 in /Users/runner/hostedtoolcache/Python/3.10.9/x64/lib/python3.10/site-packages (from cibuildwheel==2.11.3) (4.4.0)
2022-12-27T11:20:07.3751650Z Requirement already satisfied: platformdirs in /Users/runner/hostedtoolcache/Python/3.10.9/x64/lib/python3.10/site-packages (from cibuildwheel==2.11.3) (2.6.0)
2022-12-27T11:20:07.3756370Z Requirement already satisfied: bashlex!=0.13 in /Users/runner/hostedtoolcache/Python/3.10.9/x64/lib/python3.10/site-packages (from cibuildwheel==2.11.3) (0.16)
2022-12-27T11:20:07.3760390Z Requirement already satisfied: bracex in /Users/runner/hostedtoolcache/Python/3.10.9/x64/lib/python3.10/site-packages (from cibuildwheel==2.11.3) (2.3.post1)
2022-12-27T11:20:07.3765110Z Requirement already satisfied: packaging>=20.9 in /Users/runner/hostedtoolcache/Python/3.10.9/x64/lib/python3.10/site-packages (from cibuildwheel==2.11.3) (22.0)
2022-12-27T11:20:07.3770500Z Requirement already satisfied: tomli in /Users/runner/hostedtoolcache/Python/3.10.9/x64/lib/python3.10/site-packages (from cibuildwheel==2.11.3) (2.0.1)
2022-12-27T11:20:07.3773660Z Requirement already satisfied: filelock in /Users/runner/hostedtoolcache/Python/3.10.9/x64/lib/python3.10/site-packages (from cibuildwheel==2.11.3) (3.8.2)
2022-12-27T11:20:07.3778810Z Requirement already satisfied: certifi in /Users/runner/hostedtoolcache/Python/3.10.9/x64/lib/python3.10/site-packages (from cibuildwheel==2.11.3) (2022.12.7)
2022-12-27T11:20:07.5533110Z 
2022-12-27T11:20:07.5533530Z      _ _       _ _   _       _           _
2022-12-27T11:20:07.5533920Z  ___|_| |_ _ _|_| |_| |_ _ _| |_ ___ ___| |
2022-12-27T11:20:07.5535130Z |  _| | . | | | | | . | | | |   | -_| -_| |
2022-12-27T11:20:07.5536000Z |___|_|___|___|_|_|___|_____|_|_|___|___|_|
2022-12-27T11:20:07.5536160Z 
2022-12-27T11:20:07.5536270Z cibuildwheel version 2.11.3
2022-12-27T11:20:07.5536410Z 
2022-12-27T11:20:07.5536510Z Build options:
2022-12-27T11:20:07.5536650Z   platform: macos
2022-12-27T11:20:07.5571440Z   architectures: arm64[0m
2022-12-27T11:20:07.5571770Z   build_selector: 
2022-12-27T11:20:07.5573100Z     build_config: cp310-macosx_arm64
2022-12-27T11:20:07.5573450Z     skip_config: 
2022-12-27T11:20:07.5574040Z     requires_python: None
2022-12-27T11:20:07.5574450Z     prerelease_pythons: False[0m
2022-12-27T11:20:07.5574830Z   [38;5;244mcontainer_engine: docker[0m
2022-12-27T11:20:07.5575390Z   output_dir: /Users/runner/actions-runner/_work/python.build/python.build/build_lxml11alpha310/wheelsout[0m
2022-12-27T11:20:07.5576170Z   package_dir: /Users/runner/actions-runner/_work/python.build/python.build/build_lxml11alpha310/lxml-1.1alpha[0m
2022-12-27T11:20:07.5576570Z   test_selector: 
2022-12-27T11:20:07.5576930Z     skip_config: *_arm64[0m
2022-12-27T11:20:07.5577310Z   [38;5;244mbefore_all: [0m
2022-12-27T11:20:07.5577890Z   before_build: pip install Cython; if [[ -f requirements.txt ]]; then pip install -r requirements.txt; fi[0m
2022-12-27T11:20:07.5578400Z   [38;5;244mbefore_test: [0m
2022-12-27T11:20:07.5578790Z   [38;5;244mbuild_frontend: pip[0m
2022-12-27T11:20:07.5579160Z   build_verbosity: 3[0m
2022-12-27T11:20:07.5579490Z   [38;5;244mconfig_settings: [0m
2022-12-27T11:20:07.5579920Z   [38;5;244mdependency_constraints: pinned[0m
2022-12-27T11:20:07.5580310Z   environment: 
2022-12-27T11:20:07.5580690Z     CFLAGS="-I/usr/local/opt/openssl@3/include"
2022-12-27T11:20:07.5581120Z     LDFLAGS="-L/usr/local/opt/openssl@3/lib"
2022-12-27T11:20:07.5581550Z     CPPFLAGS="-I/usr/local/opt/openssl@3/include"
2022-12-27T11:20:07.5581940Z     MAKEFLAGS="-j$(sysctl -n hw.logicalcpu)"
2022-12-27T11:20:07.5582460Z     PATH=/usr/local/opt/ccache/libexec:$PATH[0m
2022-12-27T11:20:07.5582880Z   [38;5;244mmanylinux_images: None[0m
2022-12-27T11:20:07.5583270Z   [38;5;244mmusllinux_images: None[0m
2022-12-27T11:20:07.5583760Z   [38;5;244mrepair_command: delocate-wheel --require-archs {delocate_archs} -w {dest_dir} -v {wheel}[0m
2022-12-27T11:20:07.5584680Z   [38;5;244mtest_command: [0m
2022-12-27T11:20:07.5585060Z   [38;5;244mtest_extras: [0m
2022-12-27T11:20:07.5585380Z   [38;5;244mtest_requires: [0m
2022-12-27T11:20:07.5585560Z 
2022-12-27T11:20:07.5585730Z Cache folder: /Users/runner/Library/Caches/cibuildwheel
2022-12-27T11:20:07.5590450Z 
2022-12-27T11:20:07.5590610Z Here we go!
2022-12-27T11:20:07.5590860Z 
2022-12-27T11:20:07.5652450Z 
2022-12-27T11:20:07.5653020Z [1m[34mBuilding cp310-macosx_arm64 wheel[0m
2022-12-27T11:20:07.5653480Z CPython 3.10 macOS arm64 - Apple Silicon
2022-12-27T11:20:07.5653660Z 
2022-12-27T11:20:07.5655960Z ##[group]Installing Python cp310...
2022-12-27T11:20:07.5656280Z 
2022-12-27T11:20:07.5656450Z + pkgutil --pkgs
2022-12-27T11:20:07.5756270Z ##[endgroup]
2022-12-27T11:20:07.5757390Z                                                               [32m✓ [0m0.01s
2022-12-27T11:20:07.5758100Z ##[group]Setting up build environment...
2022-12-27T11:20:07.5758390Z 
2022-12-27T11:20:07.5778720Z + /Users/runner/hostedtoolcache/Python/3.10.9/x64/bin/python -sS /Users/runner/Library/Caches/cibuildwheel/virtualenv-20.17.0.pyz --activators= --no-periodic-update --pip=22.3.1 --setuptools=65.6.3 --wheel=0.38.4 --symlink-app-data --python /Library/Frameworks/Python.framework/Versions/3.10/bin/python3 /private/var/folders/51/hd414ycd67n82196sw51xqtc0000gn/T/cibw-run-0osglza0/cp310-macosx_arm64/build/venv
2022-12-27T11:20:07.7745390Z created virtual environment CPython3.10.8.final.0-64 in 56ms
2022-12-27T11:20:07.7745860Z   creator CPython3Posix(dest=/private/var/folders/51/hd414ycd67n82196sw51xqtc0000gn/T/cibw-run-0osglza0/cp310-macosx_arm64/build/venv, clear=False, no_vcs_ignore=False, global=False)
2022-12-27T11:20:07.7746510Z   seeder FromAppData(download=False, pip=22.3.1, setuptools=65.6.3, wheel=0.38.4, via=symlink, app_data_dir=/Users/runner/Library/Application Support/virtualenv)
2022-12-27T11:20:07.7746860Z     added seed packages: pip==22.3.1, setuptools==65.6.3, wheel==0.38.4
2022-12-27T11:20:07.7882400Z + python -m pip install --upgrade pip -c /Users/runner/hostedtoolcache/Python/3.10.9/x64/lib/python3.10/site-packages/cibuildwheel/resources/constraints-python310.txt
2022-12-27T11:20:08.0600330Z Requirement already satisfied: pip in ./lib/python3.10/site-packages (22.3.1)
2022-12-27T11:20:08.1902650Z + which pip
2022-12-27T11:20:08.1925390Z /private/var/folders/51/hd414ycd67n82196sw51xqtc0000gn/T/cibw-run-0osglza0/cp310-macosx_arm64/build/venv/bin/pip
2022-12-27T11:20:08.1928250Z + pip --version
2022-12-27T11:20:08.3894670Z pip 22.3.1 from /private/var/folders/51/hd414ycd67n82196sw51xqtc0000gn/T/cibw-run-0osglza0/cp310-macosx_arm64/build/venv/lib/python3.10/site-packages/pip (python 3.10)
2022-12-27T11:20:08.4132420Z + which pip
2022-12-27T11:20:08.4160840Z + which python
2022-12-27T11:20:08.4181800Z /private/var/folders/51/hd414ycd67n82196sw51xqtc0000gn/T/cibw-run-0osglza0/cp310-macosx_arm64/build/venv/bin/python
2022-12-27T11:20:08.4184530Z + python --version
2022-12-27T11:20:08.4233880Z Python 3.10.8
2022-12-27T11:20:08.4237800Z + which python
2022-12-27T11:20:08.4290980Z ##[endgroup]
2022-12-27T11:20:08.4291680Z                                                               [32m✓ [0m0.85s
2022-12-27T11:20:08.4292250Z ##[group]Installing build tools...
2022-12-27T11:20:08.4292430Z 
2022-12-27T11:20:08.4292980Z + pip install --upgrade setuptools wheel delocate -c /Users/runner/hostedtoolcache/Python/3.10.9/x64/lib/python3.10/site-packages/cibuildwheel/resources/constraints-python310.txt
2022-12-27T11:20:08.6967750Z Requirement already satisfied: setuptools in /private/var/folders/51/hd414ycd67n82196sw51xqtc0000gn/T/cibw-run-0osglza0/cp310-macosx_arm64/build/venv/lib/python3.10/site-packages (65.6.3)
2022-12-27T11:20:08.8857160Z Requirement already satisfied: wheel in /private/var/folders/51/hd414ycd67n82196sw51xqtc0000gn/T/cibw-run-0osglza0/cp310-macosx_arm64/build/venv/lib/python3.10/site-packages (0.38.4)
2022-12-27T11:20:08.9322350Z Collecting delocate
2022-12-27T11:20:08.9343160Z   Using cached delocate-0.10.3-py3-none-any.whl (142 kB)
2022-12-27T11:20:08.9542140Z Collecting typing-extensions
2022-12-27T11:20:08.9559430Z   Using cached typing_extensions-4.4.0-py3-none-any.whl (26 kB)
2022-12-27T11:20:08.9779690Z Collecting packaging>=20.9
2022-12-27T11:20:08.9796790Z   Using cached packaging-21.3-py3-none-any.whl (40 kB)
2022-12-27T11:20:09.0135030Z Collecting pyparsing!=3.0.5,>=2.0.2
2022-12-27T11:20:09.0152460Z   Using cached pyparsing-3.0.9-py3-none-any.whl (98 kB)
2022-12-27T11:20:09.0472470Z Installing collected packages: typing-extensions, pyparsing, packaging, delocate
2022-12-27T11:20:09.1685240Z Successfully installed delocate-0.10.3 packaging-21.3 pyparsing-3.0.9 typing-extensions-4.4.0
2022-12-27T11:20:09.2131340Z ##[endgroup]
2022-12-27T11:20:09.2132130Z                                                               [32m✓ [0m0.78s
2022-12-27T11:20:09.2132570Z ##[group]Running before_build...
2022-12-27T11:20:09.2132710Z 
2022-12-27T11:20:09.2136790Z + pip install Cython; if [[ -f requirements.txt ]]; then pip install -r requirements.txt; fi
2022-12-27T11:20:09.7837750Z Collecting Cython
2022-12-27T11:20:09.7880570Z   Using cached Cython-0.29.32-py2.py3-none-any.whl (986 kB)
2022-12-27T11:20:09.8318490Z Installing collected packages: Cython
2022-12-27T11:20:10.2105330Z Successfully installed Cython-0.29.32
2022-12-27T11:20:10.2525590Z ##[endgroup]
2022-12-27T11:20:10.2526320Z                                                               [32m✓ [0m1.04s
2022-12-27T11:20:10.2526870Z ##[group]Building wheel...
2022-12-27T11:20:10.2527010Z 
2022-12-27T11:20:10.2531990Z + python -m pip wheel /Users/runner/actions-runner/_work/python.build/python.build/build_lxml11alpha310/lxml-1.1alpha --wheel-dir=/private/var/folders/51/hd414ycd67n82196sw51xqtc0000gn/T/cibw-run-0osglza0/cp310-macosx_arm64/built_wheel --no-deps -vvv
2022-12-27T11:20:10.4988880Z Created temporary directory: /private/var/folders/51/hd414ycd67n82196sw51xqtc0000gn/T/pip-ephem-wheel-cache-jbuxug3d
2022-12-27T11:20:10.4993930Z Created temporary directory: /private/var/folders/51/hd414ycd67n82196sw51xqtc0000gn/T/pip-build-tracker-_ypbfv_8
2022-12-27T11:20:10.4995740Z Initialized build tracking at /private/var/folders/51/hd414ycd67n82196sw51xqtc0000gn/T/pip-build-tracker-_ypbfv_8
2022-12-27T11:20:10.4996780Z Created build tracker: /private/var/folders/51/hd414ycd67n82196sw51xqtc0000gn/T/pip-build-tracker-_ypbfv_8
2022-12-27T11:20:10.4998290Z Entered build tracker: /private/var/folders/51/hd414ycd67n82196sw51xqtc0000gn/T/pip-build-tracker-_ypbfv_8
2022-12-27T11:20:10.5001420Z Created temporary directory: /private/var/folders/51/hd414ycd67n82196sw51xqtc0000gn/T/pip-wheel-3fhj7aao
2022-12-27T11:20:10.5006760Z Created temporary directory: /private/var/folders/51/hd414ycd67n82196sw51xqtc0000gn/T/pip-ephem-wheel-cache-et6ywpb9
2022-12-27T11:20:10.5151110Z Processing /Users/runner/actions-runner/_work/python.build/python.build/build_lxml11alpha310/lxml-1.1alpha
2022-12-27T11:20:10.5155890Z   Added file:///Users/runner/actions-runner/_work/python.build/python.build/build_lxml11alpha310/lxml-1.1alpha to build tracker '/private/var/folders/51/hd414ycd67n82196sw51xqtc0000gn/T/pip-build-tracker-_ypbfv_8'
2022-12-27T11:20:10.5159180Z   Running setup.py (path:/Users/runner/actions-runner/_work/python.build/python.build/build_lxml11alpha310/lxml-1.1alpha/setup.py) egg_info for package from file:///Users/runner/actions-runner/_work/python.build/python.build/build_lxml11alpha310/lxml-1.1alpha
2022-12-27T11:20:10.5162060Z   Created temporary directory: /private/var/folders/51/hd414ycd67n82196sw51xqtc0000gn/T/pip-pip-egg-info-eq826z_v
2022-12-27T11:20:10.5163630Z   Preparing metadata (setup.py): started
2022-12-27T11:20:10.5165160Z   Running command python setup.py egg_info
2022-12-27T11:20:10.6540390Z   Traceback (most recent call last):
2022-12-27T11:20:10.6548300Z     File "<string>", line 2, in <module>
2022-12-27T11:20:10.6548940Z     File "<pip-setuptools-caller>", line 34, in <module>
2022-12-27T11:20:10.6551850Z     File "/Users/runner/actions-runner/_work/python.build/python.build/build_lxml11alpha310/lxml-1.1alpha/setup.py", line 25
2022-12-27T11:20:10.6552140Z       raise NotImplementedError, \
2022-12-27T11:20:10.6552480Z                                ^
2022-12-27T11:20:10.6552730Z   SyntaxError: invalid syntax
2022-12-27T11:20:10.6744490Z   error: subprocess-exited-with-error
2022-12-27T11:20:10.6744890Z   
2022-12-27T11:20:10.6745400Z   × python setup.py egg_info did not run successfully.
2022-12-27T11:20:10.6745970Z   │ exit code: 1
2022-12-27T11:20:10.6746310Z   ╰─> See above for output.
2022-12-27T11:20:10.6746540Z   
2022-12-27T11:20:10.6746780Z   note: This error originates from a subprocess, and is likely not a problem with pip.
2022-12-27T11:20:10.6752660Z   full command: /private/var/folders/51/hd414ycd67n82196sw51xqtc0000gn/T/cibw-run-0osglza0/cp310-macosx_arm64/build/venv/bin/python -c '
2022-12-27T11:20:10.6753850Z   exec(compile('"'"''"'"''"'"'
2022-12-27T11:20:10.6754380Z   # This is <pip-setuptools-caller> -- a caller that pip uses to run setup.py
2022-12-27T11:20:10.6754710Z   #
2022-12-27T11:20:10.6755150Z   # - It imports setuptools before invoking setup.py, to enable projects that directly
2022-12-27T11:20:10.6756030Z   #   import from `distutils.core` to work with newer packaging standards.
2022-12-27T11:20:10.6756640Z   # - It provides a clear error message when setuptools is not installed.
2022-12-27T11:20:10.6757130Z   # - It sets `sys.argv[0]` to the underlying `setup.py`, when invoking `setup.py` so
2022-12-27T11:20:10.6757770Z   #   setuptools doesn'"'"'t think the script is `-c`. This avoids the following warning:
2022-12-27T11:20:10.6758220Z   #     manifest_maker: standard file '"'"'-c'"'"' not found".
2022-12-27T11:20:10.6758570Z   # - It generates a shim setup.py, for handling setup.cfg-only projects.
2022-12-27T11:20:10.6759760Z   import os, sys, tokenize
2022-12-27T11:20:10.6760060Z   
2022-12-27T11:20:10.6760300Z   try:
2022-12-27T11:20:10.6760600Z       import setuptools
2022-12-27T11:20:10.6760810Z   except ImportError as error:
2022-12-27T11:20:10.6761010Z       print(
2022-12-27T11:20:10.6761200Z           "ERROR: Can not execute `setup.py` since setuptools is not available in "
2022-12-27T11:20:10.6761430Z           "the build environment.",
2022-12-27T11:20:10.6761660Z           file=sys.stderr,
2022-12-27T11:20:10.6761800Z       )
2022-12-27T11:20:10.6761950Z       sys.exit(1)
2022-12-27T11:20:10.6762110Z   
2022-12-27T11:20:10.6762240Z   __file__ = %r
2022-12-27T11:20:10.6762450Z   sys.argv[0] = __file__
2022-12-27T11:20:10.6762620Z   
2022-12-27T11:20:10.6762900Z   Preparing metadata (setup.py): finished with status 'error'
2022-12-27T11:20:10.6763130Z   if os.path.exists(__file__):
2022-12-27T11:20:10.6763360Z       filename = __file__
2022-12-27T11:20:10.6763530Z       with tokenize.open(__file__) as f:
2022-12-27T11:20:10.6763730Z           setup_py_code = f.read()
2022-12-27T11:20:10.6763900Z   else:
2022-12-27T11:20:10.6764130Z       filename = "<auto-generated setuptools caller>"
2022-12-27T11:20:10.6764410Z       setup_py_code = "from setuptools import setup; setup()"
2022-12-27T11:20:10.6764610Z   
2022-12-27T11:20:10.6764790Z   exec(compile(setup_py_code, filename, "exec"))
2022-12-27T11:20:10.6765340Z   '"'"''"'"''"'"' % ('"'"'/Users/runner/actions-runner/_work/python.build/python.build/build_lxml11alpha310/lxml-1.1alpha/setup.py'"'"',), "<pip-setuptools-caller>", "exec"))' egg_info --egg-base /private/var/folders/51/hd414ycd67n82196sw51xqtc0000gn/T/pip-pip-egg-info-eq826z_v
2022-12-27T11:20:10.6765870Z   cwd: /Users/runner/actions-runner/_work/python.build/python.build/build_lxml11alpha310/lxml-1.1alpha/
2022-12-27T11:20:10.6770170Z error: metadata-generation-failed
2022-12-27T11:20:10.6770420Z 
2022-12-27T11:20:10.6770710Z × Encountered error while generating package metadata.
2022-12-27T11:20:10.6771060Z ╰─> See above for output.
2022-12-27T11:20:10.6771230Z 
2022-12-27T11:20:10.6771380Z note: This is an issue with the package mentioned above, not pip.
2022-12-27T11:20:10.6771850Z hint: See above for details.
2022-12-27T11:20:10.6794320Z Exception information:
2022-12-27T11:20:10.6794540Z Traceback (most recent call last):
2022-12-27T11:20:10.6795670Z   File "/private/var/folders/51/hd414ycd67n82196sw51xqtc0000gn/T/cibw-run-0osglza0/cp310-macosx_arm64/build/venv/lib/python3.10/site-packages/pip/_internal/operations/build/metadata_legacy.py", line 64, in generate_metadata
2022-12-27T11:20:10.6796570Z     call_subprocess(
2022-12-27T11:20:10.6797460Z   File "/private/var/folders/51/hd414ycd67n82196sw51xqtc0000gn/T/cibw-run-0osglza0/cp310-macosx_arm64/build/venv/lib/python3.10/site-packages/pip/_internal/utils/subprocess.py", line 224, in call_subprocess
2022-12-27T11:20:10.6798050Z     raise error
2022-12-27T11:20:10.6799080Z pip._internal.exceptions.InstallationSubprocessError: python setup.py egg_info exited with 1
2022-12-27T11:20:10.6799330Z 
2022-12-27T11:20:10.6799550Z The above exception was the direct cause of the following exception:
2022-12-27T11:20:10.6800300Z 
2022-12-27T11:20:10.6800490Z Traceback (most recent call last):
2022-12-27T11:20:10.6801370Z   File "/private/var/folders/51/hd414ycd67n82196sw51xqtc0000gn/T/cibw-run-0osglza0/cp310-macosx_arm64/build/venv/lib/python3.10/site-packages/pip/_internal/cli/base_command.py", line 160, in exc_logging_wrapper
2022-12-27T11:20:10.6802120Z     status = run_func(*args)
2022-12-27T11:20:10.6802970Z   File "/private/var/folders/51/hd414ycd67n82196sw51xqtc0000gn/T/cibw-run-0osglza0/cp310-macosx_arm64/build/venv/lib/python3.10/site-packages/pip/_internal/cli/req_command.py", line 247, in wrapper
2022-12-27T11:20:10.6803500Z     return func(self, options, args)
2022-12-27T11:20:10.6804600Z   File "/private/var/folders/51/hd414ycd67n82196sw51xqtc0000gn/T/cibw-run-0osglza0/cp310-macosx_arm64/build/venv/lib/python3.10/site-packages/pip/_internal/commands/wheel.py", line 170, in run
2022-12-27T11:20:10.6805210Z     requirement_set = resolver.resolve(reqs, check_supported_wheels=True)
2022-12-27T11:20:10.6806080Z   File "/private/var/folders/51/hd414ycd67n82196sw51xqtc0000gn/T/cibw-run-0osglza0/cp310-macosx_arm64/build/venv/lib/python3.10/site-packages/pip/_internal/resolution/resolvelib/resolver.py", line 73, in resolve
2022-12-27T11:20:10.6806630Z     collected = self.factory.collect_root_requirements(root_reqs)
2022-12-27T11:20:10.6807570Z   File "/private/var/folders/51/hd414ycd67n82196sw51xqtc0000gn/T/cibw-run-0osglza0/cp310-macosx_arm64/build/venv/lib/python3.10/site-packages/pip/_internal/resolution/resolvelib/factory.py", line 491, in collect_root_requirements
2022-12-27T11:20:10.6808120Z     req = self._make_requirement_from_install_req(
2022-12-27T11:20:10.6809030Z   File "/private/var/folders/51/hd414ycd67n82196sw51xqtc0000gn/T/cibw-run-0osglza0/cp310-macosx_arm64/build/venv/lib/python3.10/site-packages/pip/_internal/resolution/resolvelib/factory.py", line 453, in _make_requirement_from_install_req
2022-12-27T11:20:10.6809570Z     cand = self._make_candidate_from_link(
2022-12-27T11:20:10.6810450Z   File "/private/var/folders/51/hd414ycd67n82196sw51xqtc0000gn/T/cibw-run-0osglza0/cp310-macosx_arm64/build/venv/lib/python3.10/site-packages/pip/_internal/resolution/resolvelib/factory.py", line 206, in _make_candidate_from_link
2022-12-27T11:20:10.6811010Z     self._link_candidate_cache[link] = LinkCandidate(
2022-12-27T11:20:10.6811800Z   File "/private/var/folders/51/hd414ycd67n82196sw51xqtc0000gn/T/cibw-run-0osglza0/cp310-macosx_arm64/build/venv/lib/python3.10/site-packages/pip/_internal/resolution/resolvelib/candidates.py", line 297, in __init__
2022-12-27T11:20:10.6812290Z     super().__init__(
2022-12-27T11:20:10.6812990Z   File "/private/var/folders/51/hd414ycd67n82196sw51xqtc0000gn/T/cibw-run-0osglza0/cp310-macosx_arm64/build/venv/lib/python3.10/site-packages/pip/_internal/resolution/resolvelib/candidates.py", line 162, in __init__
2022-12-27T11:20:10.6813570Z     self.dist = self._prepare()
2022-12-27T11:20:10.6814320Z   File "/private/var/folders/51/hd414ycd67n82196sw51xqtc0000gn/T/cibw-run-0osglza0/cp310-macosx_arm64/build/venv/lib/python3.10/site-packages/pip/_internal/resolution/resolvelib/candidates.py", line 231, in _prepare
2022-12-27T11:20:10.6815030Z     dist = self._prepare_distribution()
2022-12-27T11:20:10.6815750Z   File "/private/var/folders/51/hd414ycd67n82196sw51xqtc0000gn/T/cibw-run-0osglza0/cp310-macosx_arm64/build/venv/lib/python3.10/site-packages/pip/_internal/resolution/resolvelib/candidates.py", line 308, in _prepare_distribution
2022-12-27T11:20:10.6816330Z     return preparer.prepare_linked_requirement(self._ireq, parallel_builds=True)
2022-12-27T11:20:10.6816980Z   File "/private/var/folders/51/hd414ycd67n82196sw51xqtc0000gn/T/cibw-run-0osglza0/cp310-macosx_arm64/build/venv/lib/python3.10/site-packages/pip/_internal/operations/prepare.py", line 491, in prepare_linked_requirement
2022-12-27T11:20:10.6817440Z     return self._prepare_linked_requirement(req, parallel_builds)
2022-12-27T11:20:10.6818110Z   File "/private/var/folders/51/hd414ycd67n82196sw51xqtc0000gn/T/cibw-run-0osglza0/cp310-macosx_arm64/build/venv/lib/python3.10/site-packages/pip/_internal/operations/prepare.py", line 577, in _prepare_linked_requirement
2022-12-27T11:20:10.6818630Z     dist = _get_prepared_distribution(
2022-12-27T11:20:10.6819270Z   File "/private/var/folders/51/hd414ycd67n82196sw51xqtc0000gn/T/cibw-run-0osglza0/cp310-macosx_arm64/build/venv/lib/python3.10/site-packages/pip/_internal/operations/prepare.py", line 69, in _get_prepared_distribution
2022-12-27T11:20:10.6819710Z     abstract_dist.prepare_distribution_metadata(
2022-12-27T11:20:10.6820340Z   File "/private/var/folders/51/hd414ycd67n82196sw51xqtc0000gn/T/cibw-run-0osglza0/cp310-macosx_arm64/build/venv/lib/python3.10/site-packages/pip/_internal/distributions/sdist.py", line 61, in prepare_distribution_metadata
2022-12-27T11:20:10.6820760Z     self.req.prepare_metadata()
2022-12-27T11:20:10.6821660Z   File "/private/var/folders/51/hd414ycd67n82196sw51xqtc0000gn/T/cibw-run-0osglza0/cp310-macosx_arm64/build/venv/lib/python3.10/site-packages/pip/_internal/req/req_install.py", line 541, in prepare_metadata
2022-12-27T11:20:10.6822120Z     self.metadata_directory = generate_metadata_legacy(
2022-12-27T11:20:10.6822800Z   File "/private/var/folders/51/hd414ycd67n82196sw51xqtc0000gn/T/cibw-run-0osglza0/cp310-macosx_arm64/build/venv/lib/python3.10/site-packages/pip/_internal/operations/build/metadata_legacy.py", line 71, in generate_metadata
2022-12-27T11:20:10.6885080Z     raise MetadataGenerationFailed(package_details=details) from error
2022-12-27T11:20:10.6885500Z pip._internal.exceptions.MetadataGenerationFailed: metadata generation failed
2022-12-27T11:20:10.6886240Z Removed file:///Users/runner/actions-runner/_work/python.build/python.build/build_lxml11alpha310/lxml-1.1alpha from build tracker '/private/var/folders/51/hd414ycd67n82196sw51xqtc0000gn/T/pip-build-tracker-_ypbfv_8'
2022-12-27T11:20:10.6886970Z Removed build tracker: '/private/var/folders/51/hd414ycd67n82196sw51xqtc0000gn/T/pip-build-tracker-_ypbfv_8'
2022-12-27T11:20:10.7222660Z ##[endgroup]
2022-12-27T11:20:10.7246670Z ##[error]Command ['python', '-m', 'pip', 'wheel', '/Users/runner/actions-runner/_work/python.build/python.build/build_lxml11alpha310/lxml-1.1alpha', '--wheel-dir=/private/var/folders/51/hd414ycd67n82196sw51xqtc0000gn/T/cibw-run-0osglza0/cp310-macosx_arm64/built_wheel', '--no-deps', '-vvv'] failed with code 1. None
2022-12-27T11:20:10.7252410Z 
2022-12-27T11:20:10.7252790Z                                                               [31m✕ [0m0.47s
2022-12-27T11:20:10.7671850Z ##[error]Process completed with exit code 1.
2022-12-27T11:20:10.7704240Z ##[group]Run rm -rf build_lxml11alpha310 wheelsout
2022-12-27T11:20:10.7704490Z [36;1mrm -rf build_lxml11alpha310 wheelsout[0m
2022-12-27T11:20:10.7719160Z shell: /bin/bash -e {0}
2022-12-27T11:20:10.7719290Z env:
2022-12-27T11:20:10.7719550Z   pythonLocation: /Users/runner/hostedtoolcache/Python/3.10.9/x64
2022-12-27T11:20:10.7719790Z   PKG_CONFIG_PATH: /Users/runner/hostedtoolcache/Python/3.10.9/x64/lib/pkgconfig
2022-12-27T11:20:10.7720170Z   Python_ROOT_DIR: /Users/runner/hostedtoolcache/Python/3.10.9/x64
2022-12-27T11:20:10.7720390Z   Python2_ROOT_DIR: /Users/runner/hostedtoolcache/Python/3.10.9/x64
2022-12-27T11:20:10.7720610Z   Python3_ROOT_DIR: /Users/runner/hostedtoolcache/Python/3.10.9/x64
2022-12-27T11:20:10.7720810Z ##[endgroup]
2022-12-27T11:20:10.7969640Z Cleaning up orphan processes
