2022-12-27T01:57:08.4890278Z Requested labels: self-hosted, macOS, X64
2022-12-27T01:57:08.4890360Z Job defined at: kilnbuild/python.build/.github/workflows/mac_arm_build.yml@refs/heads/main
2022-12-27T01:57:08.4890392Z Waiting for a runner to pick up this job...
2022-12-27T02:54:13.0729700Z Job is about to start running on the runner: s1 (organization)
2022-12-27T02:54:16.4866690Z Current runner version: '2.300.2'
2022-12-27T02:54:16.4871680Z Runner name: 's1'
2022-12-27T02:54:16.4871920Z Runner group name: 'Default'
2022-12-27T02:54:16.4872360Z Machine name: 's1'
2022-12-27T02:54:16.4873980Z ##[group]GITHUB_TOKEN Permissions
2022-12-27T02:54:16.4874390Z Actions: write
2022-12-27T02:54:16.4874540Z Checks: write
2022-12-27T02:54:16.4874680Z Contents: write
2022-12-27T02:54:16.4874810Z Deployments: write
2022-12-27T02:54:16.4874960Z Discussions: write
2022-12-27T02:54:16.4875090Z Issues: write
2022-12-27T02:54:16.4875220Z Metadata: read
2022-12-27T02:54:16.4875360Z Packages: write
2022-12-27T02:54:16.4875500Z Pages: write
2022-12-27T02:54:16.4875630Z PullRequests: write
2022-12-27T02:54:16.4875790Z RepositoryProjects: write
2022-12-27T02:54:16.4875950Z SecurityEvents: write
2022-12-27T02:54:16.4876090Z Statuses: write
2022-12-27T02:54:16.4876220Z ##[endgroup]
2022-12-27T02:54:16.4878750Z Secret source: Actions
2022-12-27T02:54:16.4879070Z Prepare workflow directory
2022-12-27T02:54:16.5551470Z Prepare all required actions
2022-12-27T02:54:16.5675060Z Getting action download info
2022-12-27T02:54:17.0088050Z Download action repository 'actions/setup-python@v4' (SHA:5ccb29d8773c3f3f653e1705f474dfaa8a06a912)
2022-12-27T02:54:18.9292870Z Download action repository 'actions/upload-artifact@v3' (SHA:83fd05a356d7e2593de66fc9913b3002723633cb)
2022-12-27T02:54:20.2032970Z ##[group]Run echo '{
2022-12-27T02:54:20.2033300Z [36;1mecho '{[0m
2022-12-27T02:54:20.2033550Z [36;1m  "environment_variables": "GRPC_PYTHON_BUILD_WITH_CYTHON=1 GRPC_BUILD_WITH_BORING_SSL_ASM='' GRPC_PYTHON_BUILD_SYSTEM_OPENSSL=TRUE",[0m
2022-12-27T02:54:20.2033870Z [36;1m  "package_name": "grpcio",[0m
2022-12-27T02:54:20.2034180Z [36;1m  "package_url": "https://files.pythonhosted.org/packages/5a/e4/0dee2a413eaefe70c210134db7a73db9be9c8592d6134cf91eb0005330a9/grpcio-0.9.0a1.tar.gz",[0m
2022-12-27T02:54:20.2034410Z [36;1m  "package_version": "0.9.0a1",[0m
2022-12-27T02:54:20.2034540Z [36;1m  "python_version": "3.9",[0m
2022-12-27T02:54:20.2034670Z [36;1m  "use_ccache": "true"[0m
2022-12-27T02:54:20.2034850Z [36;1m}'[0m
2022-12-27T02:54:20.2050570Z shell: /bin/bash -e {0}
2022-12-27T02:54:20.2050770Z ##[endgroup]
2022-12-27T02:54:20.2271990Z {
2022-12-27T02:54:20.2273520Z   "environment_variables": "GRPC_PYTHON_BUILD_WITH_CYTHON=1 GRPC_BUILD_WITH_BORING_SSL_ASM= GRPC_PYTHON_BUILD_SYSTEM_OPENSSL=TRUE",
2022-12-27T02:54:20.2273920Z   "package_name": "grpcio",
2022-12-27T02:54:20.2274540Z   "package_url": "https://files.pythonhosted.org/packages/5a/e4/0dee2a413eaefe70c210134db7a73db9be9c8592d6134cf91eb0005330a9/grpcio-0.9.0a1.tar.gz",
2022-12-27T02:54:20.2274840Z   "package_version": "0.9.0a1",
2022-12-27T02:54:20.2275000Z   "python_version": "3.9",
2022-12-27T02:54:20.2275220Z   "use_ccache": "true"
2022-12-27T02:54:20.2275380Z }
2022-12-27T02:54:20.2493310Z ##[group]Run actions/setup-python@v4
2022-12-27T02:54:20.2493570Z with:
2022-12-27T02:54:20.2493830Z   python-version: 3.9
2022-12-27T02:54:20.2494060Z   check-latest: false
2022-12-27T02:54:20.2494390Z   token: ***
2022-12-27T02:54:20.2494570Z   update-environment: true
2022-12-27T02:54:20.2494720Z ##[endgroup]
2022-12-27T02:54:20.3766460Z ##[group]Installed versions
2022-12-27T02:54:20.3806860Z Successfully set up CPython (3.9.16)
2022-12-27T02:54:20.3807610Z ##[endgroup]
2022-12-27T02:54:20.3959660Z ##[group]Run if [ "true" == "true" ]
2022-12-27T02:54:20.3960000Z [36;1mif [ "true" == "true" ][0m
2022-12-27T02:54:20.3960180Z [36;1mthen[0m
2022-12-27T02:54:20.3960410Z [36;1m  echo "CCACHE_PATH_PREPEND=/usr/local/opt/ccache/libexec" >> $GITHUB_OUTPUT[0m
2022-12-27T02:54:20.3960620Z [36;1melse[0m
2022-12-27T02:54:20.3960850Z [36;1m  echo "CCACHE_PATH_PREPEND=" >> $GITHUB_OUTPUT[0m
2022-12-27T02:54:20.3961010Z [36;1mfi[0m
2022-12-27T02:54:20.3977990Z shell: /bin/bash -e {0}
2022-12-27T02:54:20.3978260Z env:
2022-12-27T02:54:20.3978450Z   pythonLocation: /Users/runner/hostedtoolcache/Python/3.9.16/x64
2022-12-27T02:54:20.3978720Z   PKG_CONFIG_PATH: /Users/runner/hostedtoolcache/Python/3.9.16/x64/lib/pkgconfig
2022-12-27T02:54:20.3979420Z   Python_ROOT_DIR: /Users/runner/hostedtoolcache/Python/3.9.16/x64
2022-12-27T02:54:20.3979670Z   Python2_ROOT_DIR: /Users/runner/hostedtoolcache/Python/3.9.16/x64
2022-12-27T02:54:20.3979970Z   Python3_ROOT_DIR: /Users/runner/hostedtoolcache/Python/3.9.16/x64
2022-12-27T02:54:20.3980140Z ##[endgroup]
2022-12-27T02:54:20.4089290Z ##[group]Run echo "BUILD_NAME=$(echo grpcio_0.9.0a1_3.9 | tr -dc '[:alnum:]\n\r' | tr '[:upper:]' '[:lower:]')" >> $GITHUB_OUTPUT
2022-12-27T02:54:20.4089770Z [36;1mecho "BUILD_NAME=$(echo grpcio_0.9.0a1_3.9 | tr -dc '[:alnum:]\n\r' | tr '[:upper:]' '[:lower:]')" >> $GITHUB_OUTPUT[0m
2022-12-27T02:54:20.4104090Z shell: /bin/bash -e {0}
2022-12-27T02:54:20.4104350Z env:
2022-12-27T02:54:20.4104580Z   pythonLocation: /Users/runner/hostedtoolcache/Python/3.9.16/x64
2022-12-27T02:54:20.4104870Z   PKG_CONFIG_PATH: /Users/runner/hostedtoolcache/Python/3.9.16/x64/lib/pkgconfig
2022-12-27T02:54:20.4105140Z   Python_ROOT_DIR: /Users/runner/hostedtoolcache/Python/3.9.16/x64
2022-12-27T02:54:20.4105390Z   Python2_ROOT_DIR: /Users/runner/hostedtoolcache/Python/3.9.16/x64
2022-12-27T02:54:20.4105710Z   Python3_ROOT_DIR: /Users/runner/hostedtoolcache/Python/3.9.16/x64
2022-12-27T02:54:20.4105920Z ##[endgroup]
2022-12-27T02:54:20.4254760Z ##[group]Run echo "PYTHON_NO_DOTS=$(echo 3.9 | tr -dc '[:alnum:]\n\r' | tr '[:upper:]' '[:lower:]')" >> $GITHUB_OUTPUT
2022-12-27T02:54:20.4255130Z [36;1mecho "PYTHON_NO_DOTS=$(echo 3.9 | tr -dc '[:alnum:]\n\r' | tr '[:upper:]' '[:lower:]')" >> $GITHUB_OUTPUT[0m
2022-12-27T02:54:20.4269420Z shell: /bin/bash -e {0}
2022-12-27T02:54:20.4269580Z env:
2022-12-27T02:54:20.4269800Z   pythonLocation: /Users/runner/hostedtoolcache/Python/3.9.16/x64
2022-12-27T02:54:20.4270500Z   PKG_CONFIG_PATH: /Users/runner/hostedtoolcache/Python/3.9.16/x64/lib/pkgconfig
2022-12-27T02:54:20.4270760Z   Python_ROOT_DIR: /Users/runner/hostedtoolcache/Python/3.9.16/x64
2022-12-27T02:54:20.4271000Z   Python2_ROOT_DIR: /Users/runner/hostedtoolcache/Python/3.9.16/x64
2022-12-27T02:54:20.4271240Z   Python3_ROOT_DIR: /Users/runner/hostedtoolcache/Python/3.9.16/x64
2022-12-27T02:54:20.4271430Z ##[endgroup]
2022-12-27T02:54:20.4386970Z ##[group]Run rm -rf build_grpcio090a139
2022-12-27T02:54:20.4387390Z [36;1mrm -rf build_grpcio090a139[0m
2022-12-27T02:54:20.4387600Z [36;1mmkdir build_grpcio090a139[0m
2022-12-27T02:54:20.4387790Z [36;1mcd build_grpcio090a139[0m
2022-12-27T02:54:20.4388120Z [36;1m/usr/local/bin/wget --quiet https://files.pythonhosted.org/packages/5a/e4/0dee2a413eaefe70c210134db7a73db9be9c8592d6134cf91eb0005330a9/grpcio-0.9.0a1.tar.gz[0m
2022-12-27T02:54:20.4388400Z [36;1mtar xf *.tar.gz[0m
2022-12-27T02:54:20.4388560Z [36;1mcd grpcio-*/[0m
2022-12-27T02:54:20.4388790Z [36;1mpython -m pip install cibuildwheel==2.11.3[0m
2022-12-27T02:54:20.4389010Z [36;1mpython -m cibuildwheel --output-dir ../wheelsout[0m
2022-12-27T02:54:20.4403170Z shell: /bin/bash -e {0}
2022-12-27T02:54:20.4403440Z env:
2022-12-27T02:54:20.4403690Z   pythonLocation: /Users/runner/hostedtoolcache/Python/3.9.16/x64
2022-12-27T02:54:20.4403970Z   PKG_CONFIG_PATH: /Users/runner/hostedtoolcache/Python/3.9.16/x64/lib/pkgconfig
2022-12-27T02:54:20.4404220Z   Python_ROOT_DIR: /Users/runner/hostedtoolcache/Python/3.9.16/x64
2022-12-27T02:54:20.4404490Z   Python2_ROOT_DIR: /Users/runner/hostedtoolcache/Python/3.9.16/x64
2022-12-27T02:54:20.4404730Z   Python3_ROOT_DIR: /Users/runner/hostedtoolcache/Python/3.9.16/x64
2022-12-27T02:54:20.4404900Z   CIBW_ARCHS_MACOS: arm64
2022-12-27T02:54:20.4405070Z   CIBW_TEST_SKIP: *_arm64
2022-12-27T02:54:20.4405250Z   CIBW_BUILD: cp39-macosx_arm64
2022-12-27T02:54:20.4405430Z   CIBW_BUILD_FRONTEND: pip
2022-12-27T02:54:20.4405610Z   CIBW_BUILD_VERBOSITY: 3
2022-12-27T02:54:20.4405990Z   CIBW_ENVIRONMENT_MACOS: GRPC_PYTHON_BUILD_WITH_CYTHON=1 GRPC_BUILD_WITH_BORING_SSL_ASM='' GRPC_PYTHON_BUILD_SYSTEM_OPENSSL=TRUE CFLAGS="-I/usr/local/opt/openssl@3/include" LDFLAGS="-L/usr/local/opt/openssl@3/lib" CPPFLAGS="-I/usr/local/opt/openssl@3/include" MAKEFLAGS="-j$(sysctl -n hw.logicalcpu)" PATH=/usr/local/opt/ccache/libexec:$PATH
2022-12-27T02:54:20.4406630Z   CIBW_BEFORE_BUILD: pip install Cython; if [[ -f requirements.txt ]]; then pip install -r requirements.txt; fi
2022-12-27T02:54:20.4406850Z   MAKEFLAGS: -j$(sysctl -n hw.logicalcpu)
2022-12-27T02:54:20.4407070Z ##[endgroup]
2022-12-27T02:54:20.7743040Z Requirement already satisfied: cibuildwheel==2.11.3 in /Users/runner/hostedtoolcache/Python/3.9.16/x64/lib/python3.9/site-packages (2.11.3)
2022-12-27T02:54:20.8003180Z Requirement already satisfied: bashlex!=0.13 in /Users/runner/hostedtoolcache/Python/3.9.16/x64/lib/python3.9/site-packages (from cibuildwheel==2.11.3) (0.16)
2022-12-27T02:54:20.8007810Z Requirement already satisfied: bracex in /Users/runner/hostedtoolcache/Python/3.9.16/x64/lib/python3.9/site-packages (from cibuildwheel==2.11.3) (2.3.post1)
2022-12-27T02:54:20.8011590Z Requirement already satisfied: filelock in /Users/runner/hostedtoolcache/Python/3.9.16/x64/lib/python3.9/site-packages (from cibuildwheel==2.11.3) (3.8.2)
2022-12-27T02:54:20.8018100Z Requirement already satisfied: tomli in /Users/runner/hostedtoolcache/Python/3.9.16/x64/lib/python3.9/site-packages (from cibuildwheel==2.11.3) (2.0.1)
2022-12-27T02:54:20.8021500Z Requirement already satisfied: certifi in /Users/runner/hostedtoolcache/Python/3.9.16/x64/lib/python3.9/site-packages (from cibuildwheel==2.11.3) (2022.12.7)
2022-12-27T02:54:20.8027850Z Requirement already satisfied: packaging>=20.9 in /Users/runner/hostedtoolcache/Python/3.9.16/x64/lib/python3.9/site-packages (from cibuildwheel==2.11.3) (22.0)
2022-12-27T02:54:20.8031360Z Requirement already satisfied: platformdirs in /Users/runner/hostedtoolcache/Python/3.9.16/x64/lib/python3.9/site-packages (from cibuildwheel==2.11.3) (2.6.0)
2022-12-27T02:54:20.8040260Z Requirement already satisfied: typing-extensions>=4.1.0 in /Users/runner/hostedtoolcache/Python/3.9.16/x64/lib/python3.9/site-packages (from cibuildwheel==2.11.3) (4.4.0)
2022-12-27T02:54:20.9751070Z 
2022-12-27T02:54:20.9751540Z      _ _       _ _   _       _           _
2022-12-27T02:54:20.9752340Z  ___|_| |_ _ _|_| |_| |_ _ _| |_ ___ ___| |
2022-12-27T02:54:20.9754080Z |  _| | . | | | | | . | | | |   | -_| -_| |
2022-12-27T02:54:20.9754410Z |___|_|___|___|_|_|___|_____|_|_|___|___|_|
2022-12-27T02:54:20.9754590Z 
2022-12-27T02:54:20.9754730Z cibuildwheel version 2.11.3
2022-12-27T02:54:20.9755070Z 
2022-12-27T02:54:20.9755220Z Build options:
2022-12-27T02:54:20.9755510Z   platform: macos
2022-12-27T02:54:20.9804420Z   architectures: arm64[0m
2022-12-27T02:54:20.9804860Z   build_selector: 
2022-12-27T02:54:20.9805200Z     build_config: cp39-macosx_arm64
2022-12-27T02:54:20.9805420Z     skip_config: 
2022-12-27T02:54:20.9805840Z     requires_python: None
2022-12-27T02:54:20.9806310Z     prerelease_pythons: False[0m
2022-12-27T02:54:20.9806590Z   [38;5;244mcontainer_engine: docker[0m
2022-12-27T02:54:20.9807040Z   output_dir: /Users/runner/actions-runner/_work/python.build/python.build/build_grpcio090a139/wheelsout[0m
2022-12-27T02:54:20.9807560Z   package_dir: /Users/runner/actions-runner/_work/python.build/python.build/build_grpcio090a139/grpcio-0.9.0a1[0m
2022-12-27T02:54:20.9807990Z   test_selector: 
2022-12-27T02:54:20.9808710Z     skip_config: *_arm64[0m
2022-12-27T02:54:20.9809000Z   [38;5;244mbefore_all: [0m
2022-12-27T02:54:20.9809500Z   before_build: pip install Cython; if [[ -f requirements.txt ]]; then pip install -r requirements.txt; fi[0m
2022-12-27T02:54:20.9809990Z   [38;5;244mbefore_test: [0m
2022-12-27T02:54:20.9810240Z   [38;5;244mbuild_frontend: pip[0m
2022-12-27T02:54:20.9810520Z   build_verbosity: 3[0m
2022-12-27T02:54:20.9810800Z   [38;5;244mconfig_settings: [0m
2022-12-27T02:54:20.9811060Z   [38;5;244mdependency_constraints: pinned[0m
2022-12-27T02:54:20.9811430Z   environment: 
2022-12-27T02:54:20.9811680Z     GRPC_PYTHON_BUILD_WITH_CYTHON=1
2022-12-27T02:54:20.9811930Z     GRPC_BUILD_WITH_BORING_SSL_ASM=''
2022-12-27T02:54:20.9812180Z     GRPC_PYTHON_BUILD_SYSTEM_OPENSSL=TRUE
2022-12-27T02:54:20.9812780Z     CFLAGS="-I/usr/local/opt/openssl@3/include"
2022-12-27T02:54:20.9813150Z     LDFLAGS="-L/usr/local/opt/openssl@3/lib"
2022-12-27T02:54:20.9813420Z     CPPFLAGS="-I/usr/local/opt/openssl@3/include"
2022-12-27T02:54:20.9813760Z     MAKEFLAGS="-j$(sysctl -n hw.logicalcpu)"
2022-12-27T02:54:20.9814000Z     PATH=/usr/local/opt/ccache/libexec:$PATH[0m
2022-12-27T02:54:20.9814250Z   [38;5;244mmanylinux_images: None[0m
2022-12-27T02:54:20.9814610Z   [38;5;244mmusllinux_images: None[0m
2022-12-27T02:54:20.9814930Z   [38;5;244mrepair_command: delocate-wheel --require-archs {delocate_archs} -w {dest_dir} -v {wheel}[0m
2022-12-27T02:54:20.9815170Z   [38;5;244mtest_command: [0m
2022-12-27T02:54:20.9815390Z   [38;5;244mtest_extras: [0m
2022-12-27T02:54:20.9815710Z   [38;5;244mtest_requires: [0m
2022-12-27T02:54:20.9815790Z 
2022-12-27T02:54:20.9815900Z Cache folder: /Users/runner/Library/Caches/cibuildwheel
2022-12-27T02:54:20.9827230Z 
2022-12-27T02:54:20.9827490Z Here we go!
2022-12-27T02:54:20.9827610Z 
2022-12-27T02:54:20.9896340Z 
2022-12-27T02:54:20.9896670Z [1m[34mBuilding cp39-macosx_arm64 wheel[0m
2022-12-27T02:54:20.9897060Z CPython 3.9 macOS arm64 - Apple Silicon
2022-12-27T02:54:20.9897340Z 
2022-12-27T02:54:20.9899910Z ##[group]Installing Python cp39...
2022-12-27T02:54:20.9900070Z 
2022-12-27T02:54:20.9900260Z + pkgutil --pkgs
2022-12-27T02:54:21.0001110Z ##[endgroup]
2022-12-27T02:54:21.0002380Z                                                               [32mâœ“ [0m0.01s
2022-12-27T02:54:21.0002910Z ##[group]Setting up build environment...
2022-12-27T02:54:21.0003000Z 
2022-12-27T02:54:21.0021330Z + /Users/runner/hostedtoolcache/Python/3.9.16/x64/bin/python -sS /Users/runner/Library/Caches/cibuildwheel/virtualenv-20.17.0.pyz --activators= --no-periodic-update --pip=22.3.1 --setuptools=65.6.3 --wheel=0.38.4 --symlink-app-data --python /Library/Frameworks/Python.framework/Versions/3.9/bin/python3 /private/var/folders/51/hd414ycd67n82196sw51xqtc0000gn/T/cibw-run-7rnkvleh/cp39-macosx_arm64/build/venv
2022-12-27T02:54:21.1899460Z created virtual environment CPython3.9.13.final.0-64 in 47ms
2022-12-27T02:54:21.1900260Z   creator CPython3Posix(dest=/private/var/folders/51/hd414ycd67n82196sw51xqtc0000gn/T/cibw-run-7rnkvleh/cp39-macosx_arm64/build/venv, clear=False, no_vcs_ignore=False, global=False)
2022-12-27T02:54:21.1900700Z   seeder FromAppData(download=False, pip=22.3.1, setuptools=65.6.3, wheel=0.38.4, via=symlink, app_data_dir=/Users/runner/Library/Application Support/virtualenv)
2022-12-27T02:54:21.1901010Z     added seed packages: pip==22.3.1, setuptools==65.6.3, wheel==0.38.4
2022-12-27T02:54:21.1995470Z + python -m pip install --upgrade pip -c /Users/runner/hostedtoolcache/Python/3.9.16/x64/lib/python3.9/site-packages/cibuildwheel/resources/constraints-python39.txt
2022-12-27T02:54:21.5047660Z Requirement already satisfied: pip in ./lib/python3.9/site-packages (22.3.1)
2022-12-27T02:54:21.6479670Z + which pip
2022-12-27T02:54:21.6496120Z /private/var/folders/51/hd414ycd67n82196sw51xqtc0000gn/T/cibw-run-7rnkvleh/cp39-macosx_arm64/build/venv/bin/pip
2022-12-27T02:54:21.6498700Z + pip --version
2022-12-27T02:54:21.8767010Z pip 22.3.1 from /private/var/folders/51/hd414ycd67n82196sw51xqtc0000gn/T/cibw-run-7rnkvleh/cp39-macosx_arm64/build/venv/lib/python3.9/site-packages/pip (python 3.9)
2022-12-27T02:54:21.8978050Z + which pip
2022-12-27T02:54:21.9005060Z + which python
2022-12-27T02:54:21.9023730Z /private/var/folders/51/hd414ycd67n82196sw51xqtc0000gn/T/cibw-run-7rnkvleh/cp39-macosx_arm64/build/venv/bin/python
2022-12-27T02:54:21.9026440Z + python --version
2022-12-27T02:54:21.9073860Z Python 3.9.13
2022-12-27T02:54:21.9076540Z + which python
2022-12-27T02:54:21.9127780Z ##[endgroup]
2022-12-27T02:54:21.9128370Z                                                               [32mâœ“ [0m0.91s
2022-12-27T02:54:21.9128990Z ##[group]Installing build tools...
2022-12-27T02:54:21.9129150Z 
2022-12-27T02:54:21.9129650Z + pip install --upgrade setuptools wheel delocate -c /Users/runner/hostedtoolcache/Python/3.9.16/x64/lib/python3.9/site-packages/cibuildwheel/resources/constraints-python39.txt
2022-12-27T02:54:22.2189840Z Requirement already satisfied: setuptools in /private/var/folders/51/hd414ycd67n82196sw51xqtc0000gn/T/cibw-run-7rnkvleh/cp39-macosx_arm64/build/venv/lib/python3.9/site-packages (65.6.3)
2022-12-27T02:54:22.4607130Z Requirement already satisfied: wheel in /private/var/folders/51/hd414ycd67n82196sw51xqtc0000gn/T/cibw-run-7rnkvleh/cp39-macosx_arm64/build/venv/lib/python3.9/site-packages (0.38.4)
2022-12-27T02:54:22.5102910Z Collecting delocate
2022-12-27T02:54:22.5128850Z   Using cached delocate-0.10.3-py3-none-any.whl (142 kB)
2022-12-27T02:54:22.5454230Z Collecting packaging>=20.9
2022-12-27T02:54:22.5476720Z   Using cached packaging-21.3-py3-none-any.whl (40 kB)
2022-12-27T02:54:22.5661830Z Collecting typing-extensions
2022-12-27T02:54:22.5682870Z   Using cached typing_extensions-4.4.0-py3-none-any.whl (26 kB)
2022-12-27T02:54:22.6073010Z Collecting pyparsing!=3.0.5,>=2.0.2
2022-12-27T02:54:22.6094110Z   Using cached pyparsing-3.0.9-py3-none-any.whl (98 kB)
2022-12-27T02:54:22.6472700Z Installing collected packages: typing-extensions, pyparsing, packaging, delocate
2022-12-27T02:54:22.7979140Z Successfully installed delocate-0.10.3 packaging-21.3 pyparsing-3.0.9 typing-extensions-4.4.0
2022-12-27T02:54:22.8424150Z ##[endgroup]
2022-12-27T02:54:22.8425040Z                                                               [32mâœ“ [0m0.93s
2022-12-27T02:54:22.8425490Z ##[group]Running before_build...
2022-12-27T02:54:22.8425650Z 
2022-12-27T02:54:22.8430380Z + pip install Cython; if [[ -f requirements.txt ]]; then pip install -r requirements.txt; fi
2022-12-27T02:54:23.5615290Z Collecting Cython
2022-12-27T02:54:23.5662540Z   Using cached Cython-0.29.32-py2.py3-none-any.whl (986 kB)
2022-12-27T02:54:23.6107990Z Installing collected packages: Cython
2022-12-27T02:54:24.1060770Z Successfully installed Cython-0.29.32
2022-12-27T02:54:24.1484870Z ##[endgroup]
2022-12-27T02:54:24.1485380Z                                                               [32mâœ“ [0m1.31s
2022-12-27T02:54:24.1485840Z ##[group]Building wheel...
2022-12-27T02:54:24.1486310Z 
2022-12-27T02:54:24.1490920Z + python -m pip wheel /Users/runner/actions-runner/_work/python.build/python.build/build_grpcio090a139/grpcio-0.9.0a1 --wheel-dir=/private/var/folders/51/hd414ycd67n82196sw51xqtc0000gn/T/cibw-run-7rnkvleh/cp39-macosx_arm64/built_wheel --no-deps -vvv
2022-12-27T02:54:24.4307310Z Created temporary directory: /private/var/folders/51/hd414ycd67n82196sw51xqtc0000gn/T/pip-ephem-wheel-cache-4_z05u6b
2022-12-27T02:54:24.4312020Z Created temporary directory: /private/var/folders/51/hd414ycd67n82196sw51xqtc0000gn/T/pip-build-tracker-8np0hf5e
2022-12-27T02:54:24.4314080Z Initialized build tracking at /private/var/folders/51/hd414ycd67n82196sw51xqtc0000gn/T/pip-build-tracker-8np0hf5e
2022-12-27T02:54:24.4315800Z Created build tracker: /private/var/folders/51/hd414ycd67n82196sw51xqtc0000gn/T/pip-build-tracker-8np0hf5e
2022-12-27T02:54:24.4317370Z Entered build tracker: /private/var/folders/51/hd414ycd67n82196sw51xqtc0000gn/T/pip-build-tracker-8np0hf5e
2022-12-27T02:54:24.4320920Z Created temporary directory: /private/var/folders/51/hd414ycd67n82196sw51xqtc0000gn/T/pip-wheel-li8mdsdf
2022-12-27T02:54:24.4327540Z Created temporary directory: /private/var/folders/51/hd414ycd67n82196sw51xqtc0000gn/T/pip-ephem-wheel-cache-zz8r9v3j
2022-12-27T02:54:24.4476850Z Processing /Users/runner/actions-runner/_work/python.build/python.build/build_grpcio090a139/grpcio-0.9.0a1
2022-12-27T02:54:24.4482570Z   Added file:///Users/runner/actions-runner/_work/python.build/python.build/build_grpcio090a139/grpcio-0.9.0a1 to build tracker '/private/var/folders/51/hd414ycd67n82196sw51xqtc0000gn/T/pip-build-tracker-8np0hf5e'
2022-12-27T02:54:24.4486240Z   Running setup.py (path:/Users/runner/actions-runner/_work/python.build/python.build/build_grpcio090a139/grpcio-0.9.0a1/setup.py) egg_info for package from file:///Users/runner/actions-runner/_work/python.build/python.build/build_grpcio090a139/grpcio-0.9.0a1
2022-12-27T02:54:24.4489660Z   Created temporary directory: /private/var/folders/51/hd414ycd67n82196sw51xqtc0000gn/T/pip-pip-egg-info-mwr4qxo3
2022-12-27T02:54:24.4491050Z   Preparing metadata (setup.py): started
2022-12-27T02:54:24.4493050Z   Running command python setup.py egg_info
2022-12-27T02:54:24.6276970Z   running egg_info
2022-12-27T02:54:24.6279550Z   creating /private/var/folders/51/hd414ycd67n82196sw51xqtc0000gn/T/pip-pip-egg-info-mwr4qxo3/grpcio.egg-info
2022-12-27T02:54:24.6284700Z   writing /private/var/folders/51/hd414ycd67n82196sw51xqtc0000gn/T/pip-pip-egg-info-mwr4qxo3/grpcio.egg-info/PKG-INFO
2022-12-27T02:54:24.6287870Z   writing dependency_links to /private/var/folders/51/hd414ycd67n82196sw51xqtc0000gn/T/pip-pip-egg-info-mwr4qxo3/grpcio.egg-info/dependency_links.txt
2022-12-27T02:54:24.6292010Z   writing requirements to /private/var/folders/51/hd414ycd67n82196sw51xqtc0000gn/T/pip-pip-egg-info-mwr4qxo3/grpcio.egg-info/requires.txt
2022-12-27T02:54:24.6293950Z   writing top-level names to /private/var/folders/51/hd414ycd67n82196sw51xqtc0000gn/T/pip-pip-egg-info-mwr4qxo3/grpcio.egg-info/top_level.txt
2022-12-27T02:54:24.6296150Z   writing manifest file '/private/var/folders/51/hd414ycd67n82196sw51xqtc0000gn/T/pip-pip-egg-info-mwr4qxo3/grpcio.egg-info/SOURCES.txt'
2022-12-27T02:54:24.7239650Z   reading manifest file '/private/var/folders/51/hd414ycd67n82196sw51xqtc0000gn/T/pip-pip-egg-info-mwr4qxo3/grpcio.egg-info/SOURCES.txt'
2022-12-27T02:54:24.7241220Z   reading manifest template 'MANIFEST.in'
2022-12-27T02:54:24.7276990Z   writing manifest file '/private/var/folders/51/hd414ycd67n82196sw51xqtc0000gn/T/pip-pip-egg-info-mwr4qxo3/grpcio.egg-info/SOURCES.txt'
2022-12-27T02:54:24.7472720Z   Preparing metadata (setup.py): finished with status 'done'
2022-12-27T02:54:24.7498630Z   Source in /Users/runner/actions-runner/_work/python.build/python.build/build_grpcio090a139/grpcio-0.9.0a1 has version 0.9.0a1, which satisfies requirement grpcio==0.9.0a1 from file:///Users/runner/actions-runner/_work/python.build/python.build/build_grpcio090a139/grpcio-0.9.0a1
2022-12-27T02:54:24.7502120Z   Removed grpcio==0.9.0a1 from file:///Users/runner/actions-runner/_work/python.build/python.build/build_grpcio090a139/grpcio-0.9.0a1 from build tracker '/private/var/folders/51/hd414ycd67n82196sw51xqtc0000gn/T/pip-build-tracker-8np0hf5e'
2022-12-27T02:54:24.7519320Z Created temporary directory: /private/var/folders/51/hd414ycd67n82196sw51xqtc0000gn/T/pip-unpack-brtcgp_v
2022-12-27T02:54:24.7521660Z Building wheels for collected packages: grpcio
2022-12-27T02:54:24.7527390Z   Created temporary directory: /private/var/folders/51/hd414ycd67n82196sw51xqtc0000gn/T/pip-wheel-d8v2a6jm
2022-12-27T02:54:24.7529330Z   Building wheel for grpcio (setup.py): started
2022-12-27T02:54:24.7531290Z   Destination directory: /private/var/folders/51/hd414ycd67n82196sw51xqtc0000gn/T/pip-wheel-d8v2a6jm
2022-12-27T02:54:24.7532780Z   Running command python setup.py bdist_wheel
2022-12-27T02:54:24.9412890Z   running bdist_wheel
2022-12-27T02:54:25.0293800Z   running build
2022-12-27T02:54:25.0295870Z   running build_py
2022-12-27T02:54:25.0315890Z   creating build
2022-12-27T02:54:25.0318420Z   creating build/lib.macosx-11.0-arm64-cpython-39
2022-12-27T02:54:25.0320220Z   creating build/lib.macosx-11.0-arm64-cpython-39/grpc
2022-12-27T02:54:25.0322180Z   copying grpc/__init__.py -> build/lib.macosx-11.0-arm64-cpython-39/grpc
2022-12-27T02:54:25.0329920Z   creating build/lib.macosx-11.0-arm64-cpython-39/grpc/_adapter
2022-12-27T02:54:25.0331790Z   copying grpc/_adapter/fore.py -> build/lib.macosx-11.0-arm64-cpython-39/grpc/_adapter
2022-12-27T02:54:25.0335230Z   copying grpc/_adapter/_event_invocation_synchronous_event_service_test.py -> build/lib.macosx-11.0-arm64-cpython-39/grpc/_adapter
2022-12-27T02:54:25.0337120Z   copying grpc/_adapter/_types.py -> build/lib.macosx-11.0-arm64-cpython-39/grpc/_adapter
2022-12-27T02:54:25.0340070Z   copying grpc/_adapter/_lonely_rear_link_test.py -> build/lib.macosx-11.0-arm64-cpython-39/grpc/_adapter
2022-12-27T02:54:25.0343720Z   copying grpc/_adapter/_face_test_case.py -> build/lib.macosx-11.0-arm64-cpython-39/grpc/_adapter
2022-12-27T02:54:25.0346830Z   copying grpc/_adapter/_intermediary_low.py -> build/lib.macosx-11.0-arm64-cpython-39/grpc/_adapter
2022-12-27T02:54:25.0348910Z   copying grpc/_adapter/_future_invocation_asynchronous_event_service_test.py -> build/lib.macosx-11.0-arm64-cpython-39/grpc/_adapter
2022-12-27T02:54:25.0351750Z   copying grpc/_adapter/_common.py -> build/lib.macosx-11.0-arm64-cpython-39/grpc/_adapter
2022-12-27T02:54:25.0355290Z   copying grpc/_adapter/__init__.py -> build/lib.macosx-11.0-arm64-cpython-39/grpc/_adapter
2022-12-27T02:54:25.0358340Z   copying grpc/_adapter/_low.py -> build/lib.macosx-11.0-arm64-cpython-39/grpc/_adapter
2022-12-27T02:54:25.0360530Z   copying grpc/_adapter/_blocking_invocation_inline_service_test.py -> build/lib.macosx-11.0-arm64-cpython-39/grpc/_adapter
2022-12-27T02:54:25.0363750Z   copying grpc/_adapter/_test_links.py -> build/lib.macosx-11.0-arm64-cpython-39/grpc/_adapter
2022-12-27T02:54:25.0366060Z   copying grpc/_adapter/_intermediary_low_test.py -> build/lib.macosx-11.0-arm64-cpython-39/grpc/_adapter
2022-12-27T02:54:25.0369650Z   copying grpc/_adapter/rear.py -> build/lib.macosx-11.0-arm64-cpython-39/grpc/_adapter
2022-12-27T02:54:25.0373090Z   copying grpc/_adapter/_proto_scenarios.py -> build/lib.macosx-11.0-arm64-cpython-39/grpc/_adapter
2022-12-27T02:54:25.0377700Z   copying grpc/_adapter/_low_test.py -> build/lib.macosx-11.0-arm64-cpython-39/grpc/_adapter
2022-12-27T02:54:25.0381800Z   copying grpc/_adapter/_links_test.py -> build/lib.macosx-11.0-arm64-cpython-39/grpc/_adapter
2022-12-27T02:54:25.0384820Z   copying grpc/_adapter/_c_test.py -> build/lib.macosx-11.0-arm64-cpython-39/grpc/_adapter
2022-12-27T02:54:25.0389990Z   creating build/lib.macosx-11.0-arm64-cpython-39/grpc/_junkdrawer
2022-12-27T02:54:25.0392360Z   copying grpc/_junkdrawer/stock_pb2.py -> build/lib.macosx-11.0-arm64-cpython-39/grpc/_junkdrawer
2022-12-27T02:54:25.0394980Z   copying grpc/_junkdrawer/__init__.py -> build/lib.macosx-11.0-arm64-cpython-39/grpc/_junkdrawer
2022-12-27T02:54:25.0397560Z   copying grpc/_junkdrawer/math_pb2.py -> build/lib.macosx-11.0-arm64-cpython-39/grpc/_junkdrawer
2022-12-27T02:54:25.0402730Z   creating build/lib.macosx-11.0-arm64-cpython-39/grpc/early_adopter
2022-12-27T02:54:25.0404370Z   copying grpc/early_adopter/__init__.py -> build/lib.macosx-11.0-arm64-cpython-39/grpc/early_adopter
2022-12-27T02:54:25.0407190Z   copying grpc/early_adopter/implementations_test.py -> build/lib.macosx-11.0-arm64-cpython-39/grpc/early_adopter
2022-12-27T02:54:25.0409950Z   copying grpc/early_adopter/implementations.py -> build/lib.macosx-11.0-arm64-cpython-39/grpc/early_adopter
2022-12-27T02:54:25.0415300Z   creating build/lib.macosx-11.0-arm64-cpython-39/grpc/framework
2022-12-27T02:54:25.0417430Z   copying grpc/framework/__init__.py -> build/lib.macosx-11.0-arm64-cpython-39/grpc/framework
2022-12-27T02:54:25.0421690Z   creating build/lib.macosx-11.0-arm64-cpython-39/grpc/framework/alpha
2022-12-27T02:54:25.0423340Z   copying grpc/framework/alpha/interfaces.py -> build/lib.macosx-11.0-arm64-cpython-39/grpc/framework/alpha
2022-12-27T02:54:25.0426300Z   copying grpc/framework/alpha/_face_utilities.py -> build/lib.macosx-11.0-arm64-cpython-39/grpc/framework/alpha
2022-12-27T02:54:25.0429110Z   copying grpc/framework/alpha/__init__.py -> build/lib.macosx-11.0-arm64-cpython-39/grpc/framework/alpha
2022-12-27T02:54:25.0432240Z   copying grpc/framework/alpha/exceptions.py -> build/lib.macosx-11.0-arm64-cpython-39/grpc/framework/alpha
2022-12-27T02:54:25.0434870Z   copying grpc/framework/alpha/_reexport.py -> build/lib.macosx-11.0-arm64-cpython-39/grpc/framework/alpha
2022-12-27T02:54:25.0438180Z   copying grpc/framework/alpha/utilities.py -> build/lib.macosx-11.0-arm64-cpython-39/grpc/framework/alpha
2022-12-27T02:54:25.0447570Z   creating build/lib.macosx-11.0-arm64-cpython-39/grpc/framework/base
2022-12-27T02:54:25.0450000Z   copying grpc/framework/base/interfaces.py -> build/lib.macosx-11.0-arm64-cpython-39/grpc/framework/base
2022-12-27T02:54:25.0451910Z   copying grpc/framework/base/_constants.py -> build/lib.macosx-11.0-arm64-cpython-39/grpc/framework/base
2022-12-27T02:54:25.0455070Z   copying grpc/framework/base/_expiration.py -> build/lib.macosx-11.0-arm64-cpython-39/grpc/framework/base
2022-12-27T02:54:25.0457780Z   copying grpc/framework/base/_transmission.py -> build/lib.macosx-11.0-arm64-cpython-39/grpc/framework/base
2022-12-27T02:54:25.0461560Z   copying grpc/framework/base/_reception.py -> build/lib.macosx-11.0-arm64-cpython-39/grpc/framework/base
2022-12-27T02:54:25.0464780Z   copying grpc/framework/base/_ingestion.py -> build/lib.macosx-11.0-arm64-cpython-39/grpc/framework/base
2022-12-27T02:54:25.0468810Z   copying grpc/framework/base/util.py -> build/lib.macosx-11.0-arm64-cpython-39/grpc/framework/base
2022-12-27T02:54:25.0472800Z   copying grpc/framework/base/_termination.py -> build/lib.macosx-11.0-arm64-cpython-39/grpc/framework/base
2022-12-27T02:54:25.0476910Z   copying grpc/framework/base/null.py -> build/lib.macosx-11.0-arm64-cpython-39/grpc/framework/base
2022-12-27T02:54:25.0479640Z   copying grpc/framework/base/__init__.py -> build/lib.macosx-11.0-arm64-cpython-39/grpc/framework/base
2022-12-27T02:54:25.0483140Z   copying grpc/framework/base/_interfaces.py -> build/lib.macosx-11.0-arm64-cpython-39/grpc/framework/base
2022-12-27T02:54:25.0486710Z   copying grpc/framework/base/_context.py -> build/lib.macosx-11.0-arm64-cpython-39/grpc/framework/base
2022-12-27T02:54:25.0490350Z   copying grpc/framework/base/implementations_test.py -> build/lib.macosx-11.0-arm64-cpython-39/grpc/framework/base
2022-12-27T02:54:25.0493110Z   copying grpc/framework/base/interfaces_test_case.py -> build/lib.macosx-11.0-arm64-cpython-39/grpc/framework/base
2022-12-27T02:54:25.0496900Z   copying grpc/framework/base/exceptions.py -> build/lib.macosx-11.0-arm64-cpython-39/grpc/framework/base
2022-12-27T02:54:25.0500990Z   copying grpc/framework/base/_ends.py -> build/lib.macosx-11.0-arm64-cpython-39/grpc/framework/base
2022-12-27T02:54:25.0505620Z   copying grpc/framework/base/_emission.py -> build/lib.macosx-11.0-arm64-cpython-39/grpc/framework/base
2022-12-27T02:54:25.0508470Z   copying grpc/framework/base/implementations.py -> build/lib.macosx-11.0-arm64-cpython-39/grpc/framework/base
2022-12-27T02:54:25.0511320Z   copying grpc/framework/base/in_memory.py -> build/lib.macosx-11.0-arm64-cpython-39/grpc/framework/base
2022-12-27T02:54:25.0514140Z   copying grpc/framework/base/_cancellation.py -> build/lib.macosx-11.0-arm64-cpython-39/grpc/framework/base
2022-12-27T02:54:25.0519440Z   creating build/lib.macosx-11.0-arm64-cpython-39/grpc/framework/common
2022-12-27T02:54:25.0522030Z   copying grpc/framework/common/style.py -> build/lib.macosx-11.0-arm64-cpython-39/grpc/framework/common
2022-12-27T02:54:25.0524280Z   copying grpc/framework/common/cardinality.py -> build/lib.macosx-11.0-arm64-cpython-39/grpc/framework/common
2022-12-27T02:54:25.0526690Z   copying grpc/framework/common/__init__.py -> build/lib.macosx-11.0-arm64-cpython-39/grpc/framework/common
2022-12-27T02:54:25.0534410Z   creating build/lib.macosx-11.0-arm64-cpython-39/grpc/framework/face
2022-12-27T02:54:25.0536780Z   copying grpc/framework/face/_service.py -> build/lib.macosx-11.0-arm64-cpython-39/grpc/framework/face
2022-12-27T02:54:25.0539200Z   copying grpc/framework/face/interfaces.py -> build/lib.macosx-11.0-arm64-cpython-39/grpc/framework/face
2022-12-27T02:54:25.0542170Z   copying grpc/framework/face/_control.py -> build/lib.macosx-11.0-arm64-cpython-39/grpc/framework/face
2022-12-27T02:54:25.0545870Z   copying grpc/framework/face/blocking_invocation_inline_service_test.py -> build/lib.macosx-11.0-arm64-cpython-39/grpc/framework/face
2022-12-27T02:54:25.0549860Z   copying grpc/framework/face/__init__.py -> build/lib.macosx-11.0-arm64-cpython-39/grpc/framework/face
2022-12-27T02:54:25.0553230Z   copying grpc/framework/face/demonstration.py -> build/lib.macosx-11.0-arm64-cpython-39/grpc/framework/face
2022-12-27T02:54:25.0556540Z   copying grpc/framework/face/_calls.py -> build/lib.macosx-11.0-arm64-cpython-39/grpc/framework/face
2022-12-27T02:54:25.0559990Z   copying grpc/framework/face/exceptions.py -> build/lib.macosx-11.0-arm64-cpython-39/grpc/framework/face
2022-12-27T02:54:25.0563100Z   copying grpc/framework/face/utilities.py -> build/lib.macosx-11.0-arm64-cpython-39/grpc/framework/face
2022-12-27T02:54:25.0566580Z   copying grpc/framework/face/event_invocation_synchronous_event_service_test.py -> build/lib.macosx-11.0-arm64-cpython-39/grpc/framework/face
2022-12-27T02:54:25.0570840Z   copying grpc/framework/face/_test_case.py -> build/lib.macosx-11.0-arm64-cpython-39/grpc/framework/face
2022-12-27T02:54:25.0573960Z   copying grpc/framework/face/implementations.py -> build/lib.macosx-11.0-arm64-cpython-39/grpc/framework/face
2022-12-27T02:54:25.0577230Z   copying grpc/framework/face/future_invocation_asynchronous_event_service_test.py -> build/lib.macosx-11.0-arm64-cpython-39/grpc/framework/face
2022-12-27T02:54:25.0586010Z   creating build/lib.macosx-11.0-arm64-cpython-39/grpc/framework/face/testing
2022-12-27T02:54:25.0587900Z   copying grpc/framework/face/testing/callback.py -> build/lib.macosx-11.0-arm64-cpython-39/grpc/framework/face/testing
2022-12-27T02:54:25.0591330Z   copying grpc/framework/face/testing/digest.py -> build/lib.macosx-11.0-arm64-cpython-39/grpc/framework/face/testing
2022-12-27T02:54:25.0594890Z   copying grpc/framework/face/testing/interfaces.py -> build/lib.macosx-11.0-arm64-cpython-39/grpc/framework/face/testing
2022-12-27T02:54:25.0597940Z   copying grpc/framework/face/testing/stock_service.py -> build/lib.macosx-11.0-arm64-cpython-39/grpc/framework/face/testing
2022-12-27T02:54:25.0601030Z   copying grpc/framework/face/testing/service.py -> build/lib.macosx-11.0-arm64-cpython-39/grpc/framework/face/testing
2022-12-27T02:54:25.0604580Z   copying grpc/framework/face/testing/blocking_invocation_inline_service_test_case.py -> build/lib.macosx-11.0-arm64-cpython-39/grpc/framework/face/testing
2022-12-27T02:54:25.0607900Z   copying grpc/framework/face/testing/base_util.py -> build/lib.macosx-11.0-arm64-cpython-39/grpc/framework/face/testing
2022-12-27T02:54:25.0611960Z   copying grpc/framework/face/testing/control.py -> build/lib.macosx-11.0-arm64-cpython-39/grpc/framework/face/testing
2022-12-27T02:54:25.0615220Z   copying grpc/framework/face/testing/__init__.py -> build/lib.macosx-11.0-arm64-cpython-39/grpc/framework/face/testing
2022-12-27T02:54:25.0619480Z   copying grpc/framework/face/testing/coverage.py -> build/lib.macosx-11.0-arm64-cpython-39/grpc/framework/face/testing
2022-12-27T02:54:25.0622540Z   copying grpc/framework/face/testing/event_invocation_synchronous_event_service_test_case.py -> build/lib.macosx-11.0-arm64-cpython-39/grpc/framework/face/testing
2022-12-27T02:54:25.0627620Z   copying grpc/framework/face/testing/test_case.py -> build/lib.macosx-11.0-arm64-cpython-39/grpc/framework/face/testing
2022-12-27T02:54:25.0630310Z   copying grpc/framework/face/testing/serial.py -> build/lib.macosx-11.0-arm64-cpython-39/grpc/framework/face/testing
2022-12-27T02:54:25.0634030Z   copying grpc/framework/face/testing/future_invocation_asynchronous_event_service_test_case.py -> build/lib.macosx-11.0-arm64-cpython-39/grpc/framework/face/testing
2022-12-27T02:54:25.0642340Z   creating build/lib.macosx-11.0-arm64-cpython-39/grpc/framework/foundation
2022-12-27T02:54:25.0644230Z   copying grpc/framework/foundation/callable_util.py -> build/lib.macosx-11.0-arm64-cpython-39/grpc/framework/foundation
2022-12-27T02:54:25.0648080Z   copying grpc/framework/foundation/abandonment.py -> build/lib.macosx-11.0-arm64-cpython-39/grpc/framework/foundation
2022-12-27T02:54:25.0651280Z   copying grpc/framework/foundation/stream_testing.py -> build/lib.macosx-11.0-arm64-cpython-39/grpc/framework/foundation
2022-12-27T02:54:25.0654730Z   copying grpc/framework/foundation/__init__.py -> build/lib.macosx-11.0-arm64-cpython-39/grpc/framework/foundation
2022-12-27T02:54:25.0657870Z   copying grpc/framework/foundation/stream.py -> build/lib.macosx-11.0-arm64-cpython-39/grpc/framework/foundation
2022-12-27T02:54:25.0660990Z   copying grpc/framework/foundation/activated.py -> build/lib.macosx-11.0-arm64-cpython-39/grpc/framework/foundation
2022-12-27T02:54:25.0663720Z   copying grpc/framework/foundation/later.py -> build/lib.macosx-11.0-arm64-cpython-39/grpc/framework/foundation
2022-12-27T02:54:25.0667110Z   copying grpc/framework/foundation/_later_test.py -> build/lib.macosx-11.0-arm64-cpython-39/grpc/framework/foundation
2022-12-27T02:54:25.0670060Z   copying grpc/framework/foundation/_logging_pool_test.py -> build/lib.macosx-11.0-arm64-cpython-39/grpc/framework/foundation
2022-12-27T02:54:25.0673590Z   copying grpc/framework/foundation/stream_util.py -> build/lib.macosx-11.0-arm64-cpython-39/grpc/framework/foundation
2022-12-27T02:54:25.0676660Z   copying grpc/framework/foundation/future.py -> build/lib.macosx-11.0-arm64-cpython-39/grpc/framework/foundation
2022-12-27T02:54:25.0679610Z   copying grpc/framework/foundation/_timer_future.py -> build/lib.macosx-11.0-arm64-cpython-39/grpc/framework/foundation
2022-12-27T02:54:25.0682790Z   copying grpc/framework/foundation/logging_pool.py -> build/lib.macosx-11.0-arm64-cpython-39/grpc/framework/foundation
2022-12-27T02:54:25.0725840Z   running build_ext
2022-12-27T02:54:25.1010360Z   building 'grpc._adapter._c' extension
2022-12-27T02:54:25.1011890Z   creating build/temp.macosx-11.0-arm64-cpython-39
2022-12-27T02:54:25.1013940Z   creating build/temp.macosx-11.0-arm64-cpython-39/grpc
2022-12-27T02:54:25.1015230Z   creating build/temp.macosx-11.0-arm64-cpython-39/grpc/_adapter
2022-12-27T02:54:25.1017090Z   creating build/temp.macosx-11.0-arm64-cpython-39/grpc/_adapter/_c
2022-12-27T02:54:25.1087850Z   creating build/temp.macosx-11.0-arm64-cpython-39/grpc/_adapter/_c/types
2022-12-27T02:54:25.1089370Z   gcc -Wno-unused-result -Wsign-compare -Wunreachable-code -fno-common -dynamic -DNDEBUG -g -fwrapv -O3 -Wall -g -I/usr/local/opt/openssl@3/include -I/usr/local/opt/openssl@3/include -arch arm64 -I. -I/private/var/folders/51/hd414ycd67n82196sw51xqtc0000gn/T/cibw-run-7rnkvleh/cp39-macosx_arm64/build/venv/include -I/Library/Frameworks/Python.framework/Versions/3.9/include/python3.9 -c grpc/_adapter/_c/module.c -o build/temp.macosx-11.0-arm64-cpython-39/grpc/_adapter/_c/module.o
2022-12-27T02:54:25.1733720Z   grpc/_adapter/_c/module.c:38:10: fatal error: 'grpc/grpc.h' file not found
2022-12-27T02:54:25.1734860Z   #include <grpc/grpc.h>
2022-12-27T02:54:25.1736460Z            ^~~~~~~~~~~~~
2022-12-27T02:54:25.1738280Z   1 error generated.
2022-12-27T02:54:25.1758210Z   error: command '/usr/bin/gcc' failed with exit code 1
2022-12-27T02:54:25.2084430Z   error: subprocess-exited-with-error
2022-12-27T02:54:25.2084700Z   
2022-12-27T02:54:25.2085130Z   Ã— python setup.py bdist_wheel did not run successfully.
2022-12-27T02:54:25.2085510Z   â”‚ exit code: 1
2022-12-27T02:54:25.2085720Z   â•°â”€> See above for output.
2022-12-27T02:54:25.2085940Z   
2022-12-27T02:54:25.2086150Z   note: This error originates from a subprocess, and is likely not a problem with pip.
2022-12-27T02:54:25.2093720Z   full command: /private/var/folders/51/hd414ycd67n82196sw51xqtc0000gn/T/cibw-run-7rnkvleh/cp39-macosx_arm64/build/venv/bin/python -u -c '
2022-12-27T02:54:25.2094200Z   exec(compile('"'"''"'"''"'"'
2022-12-27T02:54:25.2094810Z   # This is <pip-setuptools-caller> -- a caller that pip uses to run setup.py
2022-12-27T02:54:25.2095200Z   #
2022-12-27T02:54:25.2095670Z   # - It imports setuptools before invoking setup.py, to enable projects that directly
2022-12-27T02:54:25.2096350Z   #   import from `distutils.core` to work with newer packaging standards.
2022-12-27T02:54:25.2096700Z   # - It provides a clear error message when setuptools is not installed.
2022-12-27T02:54:25.2097040Z   # - It sets `sys.argv[0]` to the underlying `setup.py`, when invoking `setup.py` so
2022-12-27T02:54:25.2097330Z   #   setuptools doesn'"'"'t think the script is `-c`. This avoids the following warning:
2022-12-27T02:54:25.2098630Z   #     manifest_maker: standard file '"'"'-c'"'"' not found".
2022-12-27T02:54:25.2099040Z   # - It generates a shim setup.py, for handling setup.cfg-only projects.
2022-12-27T02:54:25.2099340Z   import os, sys, tokenize
2022-12-27T02:54:25.2099480Z   
2022-12-27T02:54:25.2099630Z   try:
2022-12-27T02:54:25.2099770Z       import setuptools
2022-12-27T02:54:25.2099950Z   except ImportError as error:
2022-12-27T02:54:25.2100170Z       print(
2022-12-27T02:54:25.2100430Z           "ERROR: Can not execute `setup.py` since setuptools is not available in "
2022-12-27T02:54:25.2100630Z           "the build environment.",
2022-12-27T02:54:25.2100860Z           file=sys.stderr,
2022-12-27T02:54:25.2101060Z       )
2022-12-27T02:54:25.2101220Z       sys.exit(1)
2022-12-27T02:54:25.2101410Z   
2022-12-27T02:54:25.2101600Z   __file__ = %r
2022-12-27T02:54:25.2101780Z   sys.argv[0] = __file__
2022-12-27T02:54:25.2101960Z   
2022-12-27T02:54:25.2102190Z   if os.path.exists(__file__):
2022-12-27T02:54:25.2102390Z       filename = __file__
2022-12-27T02:54:25.2102630Z       with tokenize.open(__file__) as f:
2022-12-27T02:54:25.2102840Z           setup_py_code = f.read()
2022-12-27T02:54:25.2102980Z   else:
2022-12-27T02:54:25.2103240Z       filename = "<auto-generated setuptools caller>"
2022-12-27T02:54:25.2103640Z       setup_py_code = "from setuptools import setup; setup()"
2022-12-27T02:54:25.2103810Z   
2022-12-27T02:54:25.2104010Z   exec(compile(setup_py_code, filename, "exec"))
2022-12-27T02:54:25.2104600Z   '"'"''"'"''"'"' % ('"'"'/Users/runner/actions-runner/_work/python.build/python.build/build_grpcio090a139/grpcio-0.9.0a1/setup.py'"'"',), "<pip-setuptools-caller>", "exec"))' bdist_wheel -d /private/var/folders/51/hd414ycd67n82196sw51xqtc0000gn/T/pip-wheel-d8v2a6jm
2022-12-27T02:54:25.2105100Z   cwd: /Users/runner/actions-runner/_work/python.build/python.build/build_grpcio090a139/grpcio-0.9.0a1/
2022-12-27T02:54:25.2105420Z   Building wheel for grpcio (setup.py): finished with status 'error'
2022-12-27T02:54:25.2105650Z   ERROR: Failed building wheel for grpcio
2022-12-27T02:54:25.2106090Z   Running command python setup.py clean
2022-12-27T02:54:25.2106350Z   Running setup.py clean for grpcio
2022-12-27T02:54:25.3894040Z   running clean
2022-12-27T02:54:25.3913880Z   removing 'build/temp.macosx-11.0-arm64-cpython-39' (and everything under it)
2022-12-27T02:54:25.3919520Z   removing 'build/lib.macosx-11.0-arm64-cpython-39' (and everything under it)
2022-12-27T02:54:25.4015830Z   'build/bdist.macosx-11.0-arm64' does not exist -- can't clean it
2022-12-27T02:54:25.4017610Z   'build/scripts-3.9' does not exist -- can't clean it
2022-12-27T02:54:25.4019010Z   removing 'build'
2022-12-27T02:54:25.4195810Z Failed to build grpcio
2022-12-27T02:54:25.4200370Z ERROR: Failed to build one or more wheels
2022-12-27T02:54:25.4210350Z Exception information:
2022-12-27T02:54:25.4210570Z Traceback (most recent call last):
2022-12-27T02:54:25.4217270Z   File "/private/var/folders/51/hd414ycd67n82196sw51xqtc0000gn/T/cibw-run-7rnkvleh/cp39-macosx_arm64/build/venv/lib/python3.9/site-packages/pip/_internal/cli/base_command.py", line 160, in exc_logging_wrapper
2022-12-27T02:54:25.4217670Z     status = run_func(*args)
2022-12-27T02:54:25.4218210Z   File "/private/var/folders/51/hd414ycd67n82196sw51xqtc0000gn/T/cibw-run-7rnkvleh/cp39-macosx_arm64/build/venv/lib/python3.9/site-packages/pip/_internal/cli/req_command.py", line 247, in wrapper
2022-12-27T02:54:25.4218500Z     return func(self, options, args)
2022-12-27T02:54:25.4218940Z   File "/private/var/folders/51/hd414ycd67n82196sw51xqtc0000gn/T/cibw-run-7rnkvleh/cp39-macosx_arm64/build/venv/lib/python3.9/site-packages/pip/_internal/commands/wheel.py", line 201, in run
2022-12-27T02:54:25.4219290Z     raise CommandError("Failed to build one or more wheels")
2022-12-27T02:54:25.4219600Z pip._internal.exceptions.CommandError: Failed to build one or more wheels
2022-12-27T02:54:25.4219950Z Removed build tracker: '/private/var/folders/51/hd414ycd67n82196sw51xqtc0000gn/T/pip-build-tracker-8np0hf5e'
2022-12-27T02:54:25.4613790Z ##[endgroup]
2022-12-27T02:54:25.4636140Z ##[error]Command ['python', '-m', 'pip', 'wheel', '/Users/runner/actions-runner/_work/python.build/python.build/build_grpcio090a139/grpcio-0.9.0a1', '--wheel-dir=/private/var/folders/51/hd414ycd67n82196sw51xqtc0000gn/T/cibw-run-7rnkvleh/cp39-macosx_arm64/built_wheel', '--no-deps', '-vvv'] failed with code 1. None
2022-12-27T02:54:25.4642300Z 
2022-12-27T02:54:25.4642620Z                                                               [31mâœ• [0m1.31s
2022-12-27T02:54:25.5118930Z ##[error]Process completed with exit code 1.
2022-12-27T02:54:25.5150460Z ##[group]Run rm -rf build_grpcio090a139 wheelsout
2022-12-27T02:54:25.5150670Z [36;1mrm -rf build_grpcio090a139 wheelsout[0m
2022-12-27T02:54:25.5165670Z shell: /bin/bash -e {0}
2022-12-27T02:54:25.5165780Z env:
2022-12-27T02:54:25.5165930Z   pythonLocation: /Users/runner/hostedtoolcache/Python/3.9.16/x64
2022-12-27T02:54:25.5166150Z   PKG_CONFIG_PATH: /Users/runner/hostedtoolcache/Python/3.9.16/x64/lib/pkgconfig
2022-12-27T02:54:25.5166340Z   Python_ROOT_DIR: /Users/runner/hostedtoolcache/Python/3.9.16/x64
2022-12-27T02:54:25.5166520Z   Python2_ROOT_DIR: /Users/runner/hostedtoolcache/Python/3.9.16/x64
2022-12-27T02:54:25.5166690Z   Python3_ROOT_DIR: /Users/runner/hostedtoolcache/Python/3.9.16/x64
2022-12-27T02:54:25.5166830Z ##[endgroup]
2022-12-27T02:54:25.5426140Z Cleaning up orphan processes
