2022-12-27T01:57:07.6247227Z Requested labels: self-hosted, macOS, X64
2022-12-27T01:57:07.6247302Z Job defined at: kilnbuild/python.build/.github/workflows/mac_arm_build.yml@refs/heads/main
2022-12-27T01:57:07.6247335Z Waiting for a runner to pick up this job...
2022-12-27T02:53:36.0277340Z Job is about to start running on the runner: s1 (organization)
2022-12-27T02:53:39.8897480Z Current runner version: '2.300.2'
2022-12-27T02:53:39.8902460Z Runner name: 's1'
2022-12-27T02:53:39.8902710Z Runner group name: 'Default'
2022-12-27T02:53:39.8903150Z Machine name: 's1'
2022-12-27T02:53:39.8904660Z ##[group]GITHUB_TOKEN Permissions
2022-12-27T02:53:39.8905060Z Actions: write
2022-12-27T02:53:39.8905210Z Checks: write
2022-12-27T02:53:39.8905340Z Contents: write
2022-12-27T02:53:39.8905470Z Deployments: write
2022-12-27T02:53:39.8905610Z Discussions: write
2022-12-27T02:53:39.8905750Z Issues: write
2022-12-27T02:53:39.8905870Z Metadata: read
2022-12-27T02:53:39.8906000Z Packages: write
2022-12-27T02:53:39.8906140Z Pages: write
2022-12-27T02:53:39.8906280Z PullRequests: write
2022-12-27T02:53:39.8906440Z RepositoryProjects: write
2022-12-27T02:53:39.8906600Z SecurityEvents: write
2022-12-27T02:53:39.8906740Z Statuses: write
2022-12-27T02:53:39.8906870Z ##[endgroup]
2022-12-27T02:53:39.8909380Z Secret source: Actions
2022-12-27T02:53:39.8909700Z Prepare workflow directory
2022-12-27T02:53:39.9574120Z Prepare all required actions
2022-12-27T02:53:39.9697340Z Getting action download info
2022-12-27T02:53:40.6220030Z Download action repository 'actions/setup-python@v4' (SHA:5ccb29d8773c3f3f653e1705f474dfaa8a06a912)
2022-12-27T02:53:42.6377770Z Download action repository 'actions/upload-artifact@v3' (SHA:83fd05a356d7e2593de66fc9913b3002723633cb)
2022-12-27T02:53:44.7575820Z ##[group]Run echo '{
2022-12-27T02:53:44.7576080Z [36;1mecho '{[0m
2022-12-27T02:53:44.7576330Z [36;1m  "environment_variables": "GRPC_PYTHON_BUILD_WITH_CYTHON=1 GRPC_BUILD_WITH_BORING_SSL_ASM='' GRPC_PYTHON_BUILD_SYSTEM_OPENSSL=TRUE",[0m
2022-12-27T02:53:44.7576580Z [36;1m  "package_name": "grpcio",[0m
2022-12-27T02:53:44.7576890Z [36;1m  "package_url": "https://files.pythonhosted.org/packages/65/43/5198cfbfa6737acc8b45f7196eacfb105d8c0167492244cd6cbd547d8de6/grpcio-0.4.0a5.tar.gz",[0m
2022-12-27T02:53:44.7577110Z [36;1m  "package_version": "0.4.0a5",[0m
2022-12-27T02:53:44.7577240Z [36;1m  "python_version": "3.9",[0m
2022-12-27T02:53:44.7577370Z [36;1m  "use_ccache": "true"[0m
2022-12-27T02:53:44.7577520Z [36;1m}'[0m
2022-12-27T02:53:44.7593400Z shell: /bin/bash -e {0}
2022-12-27T02:53:44.7593550Z ##[endgroup]
2022-12-27T02:53:44.7817320Z {
2022-12-27T02:53:44.7818920Z   "environment_variables": "GRPC_PYTHON_BUILD_WITH_CYTHON=1 GRPC_BUILD_WITH_BORING_SSL_ASM= GRPC_PYTHON_BUILD_SYSTEM_OPENSSL=TRUE",
2022-12-27T02:53:44.7819250Z   "package_name": "grpcio",
2022-12-27T02:53:44.7819910Z   "package_url": "https://files.pythonhosted.org/packages/65/43/5198cfbfa6737acc8b45f7196eacfb105d8c0167492244cd6cbd547d8de6/grpcio-0.4.0a5.tar.gz",
2022-12-27T02:53:44.7820210Z   "package_version": "0.4.0a5",
2022-12-27T02:53:44.7820370Z   "python_version": "3.9",
2022-12-27T02:53:44.7820590Z   "use_ccache": "true"
2022-12-27T02:53:44.7820750Z }
2022-12-27T02:53:44.8043070Z ##[group]Run actions/setup-python@v4
2022-12-27T02:53:44.8043350Z with:
2022-12-27T02:53:44.8043580Z   python-version: 3.9
2022-12-27T02:53:44.8043770Z   check-latest: false
2022-12-27T02:53:44.8044100Z   token: ***
2022-12-27T02:53:44.8044280Z   update-environment: true
2022-12-27T02:53:44.8044440Z ##[endgroup]
2022-12-27T02:53:44.9269330Z ##[group]Installed versions
2022-12-27T02:53:44.9315700Z Successfully set up CPython (3.9.16)
2022-12-27T02:53:44.9316420Z ##[endgroup]
2022-12-27T02:53:44.9461250Z ##[group]Run if [ "true" == "true" ]
2022-12-27T02:53:44.9461510Z [36;1mif [ "true" == "true" ][0m
2022-12-27T02:53:44.9461770Z [36;1mthen[0m
2022-12-27T02:53:44.9461990Z [36;1m  echo "CCACHE_PATH_PREPEND=/usr/local/opt/ccache/libexec" >> $GITHUB_OUTPUT[0m
2022-12-27T02:53:44.9462180Z [36;1melse[0m
2022-12-27T02:53:44.9462370Z [36;1m  echo "CCACHE_PATH_PREPEND=" >> $GITHUB_OUTPUT[0m
2022-12-27T02:53:44.9462580Z [36;1mfi[0m
2022-12-27T02:53:44.9479420Z shell: /bin/bash -e {0}
2022-12-27T02:53:44.9479600Z env:
2022-12-27T02:53:44.9479830Z   pythonLocation: /Users/runner/hostedtoolcache/Python/3.9.16/x64
2022-12-27T02:53:44.9480140Z   PKG_CONFIG_PATH: /Users/runner/hostedtoolcache/Python/3.9.16/x64/lib/pkgconfig
2022-12-27T02:53:44.9480690Z   Python_ROOT_DIR: /Users/runner/hostedtoolcache/Python/3.9.16/x64
2022-12-27T02:53:44.9480940Z   Python2_ROOT_DIR: /Users/runner/hostedtoolcache/Python/3.9.16/x64
2022-12-27T02:53:44.9481250Z   Python3_ROOT_DIR: /Users/runner/hostedtoolcache/Python/3.9.16/x64
2022-12-27T02:53:44.9481630Z ##[endgroup]
2022-12-27T02:53:44.9590180Z ##[group]Run echo "BUILD_NAME=$(echo grpcio_0.4.0a5_3.9 | tr -dc '[:alnum:]\n\r' | tr '[:upper:]' '[:lower:]')" >> $GITHUB_OUTPUT
2022-12-27T02:53:44.9590750Z [36;1mecho "BUILD_NAME=$(echo grpcio_0.4.0a5_3.9 | tr -dc '[:alnum:]\n\r' | tr '[:upper:]' '[:lower:]')" >> $GITHUB_OUTPUT[0m
2022-12-27T02:53:44.9605130Z shell: /bin/bash -e {0}
2022-12-27T02:53:44.9605320Z env:
2022-12-27T02:53:44.9605590Z   pythonLocation: /Users/runner/hostedtoolcache/Python/3.9.16/x64
2022-12-27T02:53:44.9605870Z   PKG_CONFIG_PATH: /Users/runner/hostedtoolcache/Python/3.9.16/x64/lib/pkgconfig
2022-12-27T02:53:44.9606130Z   Python_ROOT_DIR: /Users/runner/hostedtoolcache/Python/3.9.16/x64
2022-12-27T02:53:44.9606380Z   Python2_ROOT_DIR: /Users/runner/hostedtoolcache/Python/3.9.16/x64
2022-12-27T02:53:44.9607010Z   Python3_ROOT_DIR: /Users/runner/hostedtoolcache/Python/3.9.16/x64
2022-12-27T02:53:44.9607290Z ##[endgroup]
2022-12-27T02:53:44.9755750Z ##[group]Run echo "PYTHON_NO_DOTS=$(echo 3.9 | tr -dc '[:alnum:]\n\r' | tr '[:upper:]' '[:lower:]')" >> $GITHUB_OUTPUT
2022-12-27T02:53:44.9756140Z [36;1mecho "PYTHON_NO_DOTS=$(echo 3.9 | tr -dc '[:alnum:]\n\r' | tr '[:upper:]' '[:lower:]')" >> $GITHUB_OUTPUT[0m
2022-12-27T02:53:44.9770320Z shell: /bin/bash -e {0}
2022-12-27T02:53:44.9770520Z env:
2022-12-27T02:53:44.9770740Z   pythonLocation: /Users/runner/hostedtoolcache/Python/3.9.16/x64
2022-12-27T02:53:44.9770980Z   PKG_CONFIG_PATH: /Users/runner/hostedtoolcache/Python/3.9.16/x64/lib/pkgconfig
2022-12-27T02:53:44.9771230Z   Python_ROOT_DIR: /Users/runner/hostedtoolcache/Python/3.9.16/x64
2022-12-27T02:53:44.9771470Z   Python2_ROOT_DIR: /Users/runner/hostedtoolcache/Python/3.9.16/x64
2022-12-27T02:53:44.9771720Z   Python3_ROOT_DIR: /Users/runner/hostedtoolcache/Python/3.9.16/x64
2022-12-27T02:53:44.9771860Z ##[endgroup]
2022-12-27T02:53:44.9883780Z ##[group]Run rm -rf build_grpcio040a539
2022-12-27T02:53:44.9884180Z [36;1mrm -rf build_grpcio040a539[0m
2022-12-27T02:53:44.9884350Z [36;1mmkdir build_grpcio040a539[0m
2022-12-27T02:53:44.9884540Z [36;1mcd build_grpcio040a539[0m
2022-12-27T02:53:44.9884840Z [36;1m/usr/local/bin/wget --quiet https://files.pythonhosted.org/packages/65/43/5198cfbfa6737acc8b45f7196eacfb105d8c0167492244cd6cbd547d8de6/grpcio-0.4.0a5.tar.gz[0m
2022-12-27T02:53:44.9885130Z [36;1mtar xf *.tar.gz[0m
2022-12-27T02:53:44.9885330Z [36;1mcd grpcio-*/[0m
2022-12-27T02:53:44.9885530Z [36;1mpython -m pip install cibuildwheel==2.11.3[0m
2022-12-27T02:53:44.9885750Z [36;1mpython -m cibuildwheel --output-dir ../wheelsout[0m
2022-12-27T02:53:44.9900090Z shell: /bin/bash -e {0}
2022-12-27T02:53:44.9900340Z env:
2022-12-27T02:53:44.9900580Z   pythonLocation: /Users/runner/hostedtoolcache/Python/3.9.16/x64
2022-12-27T02:53:44.9900880Z   PKG_CONFIG_PATH: /Users/runner/hostedtoolcache/Python/3.9.16/x64/lib/pkgconfig
2022-12-27T02:53:44.9901130Z   Python_ROOT_DIR: /Users/runner/hostedtoolcache/Python/3.9.16/x64
2022-12-27T02:53:44.9901360Z   Python2_ROOT_DIR: /Users/runner/hostedtoolcache/Python/3.9.16/x64
2022-12-27T02:53:44.9901600Z   Python3_ROOT_DIR: /Users/runner/hostedtoolcache/Python/3.9.16/x64
2022-12-27T02:53:44.9901800Z   CIBW_ARCHS_MACOS: arm64
2022-12-27T02:53:44.9901950Z   CIBW_TEST_SKIP: *_arm64
2022-12-27T02:53:44.9902130Z   CIBW_BUILD: cp39-macosx_arm64
2022-12-27T02:53:44.9902330Z   CIBW_BUILD_FRONTEND: pip
2022-12-27T02:53:44.9902480Z   CIBW_BUILD_VERBOSITY: 3
2022-12-27T02:53:44.9902850Z   CIBW_ENVIRONMENT_MACOS: GRPC_PYTHON_BUILD_WITH_CYTHON=1 GRPC_BUILD_WITH_BORING_SSL_ASM='' GRPC_PYTHON_BUILD_SYSTEM_OPENSSL=TRUE CFLAGS="-I/usr/local/opt/openssl@3/include" LDFLAGS="-L/usr/local/opt/openssl@3/lib" CPPFLAGS="-I/usr/local/opt/openssl@3/include" MAKEFLAGS="-j$(sysctl -n hw.logicalcpu)" PATH=/usr/local/opt/ccache/libexec:$PATH
2022-12-27T02:53:44.9903470Z   CIBW_BEFORE_BUILD: pip install Cython; if [[ -f requirements.txt ]]; then pip install -r requirements.txt; fi
2022-12-27T02:53:44.9903750Z   MAKEFLAGS: -j$(sysctl -n hw.logicalcpu)
2022-12-27T02:53:44.9903940Z ##[endgroup]
2022-12-27T02:53:45.3270130Z Requirement already satisfied: cibuildwheel==2.11.3 in /Users/runner/hostedtoolcache/Python/3.9.16/x64/lib/python3.9/site-packages (2.11.3)
2022-12-27T02:53:45.3532220Z Requirement already satisfied: packaging>=20.9 in /Users/runner/hostedtoolcache/Python/3.9.16/x64/lib/python3.9/site-packages (from cibuildwheel==2.11.3) (22.0)
2022-12-27T02:53:45.3538340Z Requirement already satisfied: tomli in /Users/runner/hostedtoolcache/Python/3.9.16/x64/lib/python3.9/site-packages (from cibuildwheel==2.11.3) (2.0.1)
2022-12-27T02:53:45.3541820Z Requirement already satisfied: platformdirs in /Users/runner/hostedtoolcache/Python/3.9.16/x64/lib/python3.9/site-packages (from cibuildwheel==2.11.3) (2.6.0)
2022-12-27T02:53:45.3545450Z Requirement already satisfied: certifi in /Users/runner/hostedtoolcache/Python/3.9.16/x64/lib/python3.9/site-packages (from cibuildwheel==2.11.3) (2022.12.7)
2022-12-27T02:53:45.3548860Z Requirement already satisfied: filelock in /Users/runner/hostedtoolcache/Python/3.9.16/x64/lib/python3.9/site-packages (from cibuildwheel==2.11.3) (3.8.2)
2022-12-27T02:53:45.3558770Z Requirement already satisfied: typing-extensions>=4.1.0 in /Users/runner/hostedtoolcache/Python/3.9.16/x64/lib/python3.9/site-packages (from cibuildwheel==2.11.3) (4.4.0)
2022-12-27T02:53:45.3564000Z Requirement already satisfied: bashlex!=0.13 in /Users/runner/hostedtoolcache/Python/3.9.16/x64/lib/python3.9/site-packages (from cibuildwheel==2.11.3) (0.16)
2022-12-27T02:53:45.3567530Z Requirement already satisfied: bracex in /Users/runner/hostedtoolcache/Python/3.9.16/x64/lib/python3.9/site-packages (from cibuildwheel==2.11.3) (2.3.post1)
2022-12-27T02:53:45.5258880Z 
2022-12-27T02:53:45.5259330Z      _ _       _ _   _       _           _
2022-12-27T02:53:45.5259870Z  ___|_| |_ _ _|_| |_| |_ _ _| |_ ___ ___| |
2022-12-27T02:53:45.5261190Z |  _| | . | | | | | . | | | |   | -_| -_| |
2022-12-27T02:53:45.5261490Z |___|_|___|___|_|_|___|_____|_|_|___|___|_|
2022-12-27T02:53:45.5261710Z 
2022-12-27T02:53:45.5261820Z cibuildwheel version 2.11.3
2022-12-27T02:53:45.5261930Z 
2022-12-27T02:53:45.5262060Z Build options:
2022-12-27T02:53:45.5262270Z   platform: macos
2022-12-27T02:53:45.5311080Z   architectures: arm64[0m
2022-12-27T02:53:45.5311320Z   build_selector: 
2022-12-27T02:53:45.5311810Z     build_config: cp39-macosx_arm64
2022-12-27T02:53:45.5312200Z     skip_config: 
2022-12-27T02:53:45.5312620Z     requires_python: None
2022-12-27T02:53:45.5314190Z     prerelease_pythons: False[0m
2022-12-27T02:53:45.5314560Z   [38;5;244mcontainer_engine: docker[0m
2022-12-27T02:53:45.5315710Z   output_dir: /Users/runner/actions-runner/_work/python.build/python.build/build_grpcio040a539/wheelsout[0m
2022-12-27T02:53:45.5316530Z   package_dir: /Users/runner/actions-runner/_work/python.build/python.build/build_grpcio040a539/grpcio-0.4.0a5[0m
2022-12-27T02:53:45.5317110Z   test_selector: 
2022-12-27T02:53:45.5317550Z     skip_config: *_arm64[0m
2022-12-27T02:53:45.5317890Z   [38;5;244mbefore_all: [0m
2022-12-27T02:53:45.5318640Z   before_build: pip install Cython; if [[ -f requirements.txt ]]; then pip install -r requirements.txt; fi[0m
2022-12-27T02:53:45.5319160Z   [38;5;244mbefore_test: [0m
2022-12-27T02:53:45.5319510Z   [38;5;244mbuild_frontend: pip[0m
2022-12-27T02:53:45.5319910Z   build_verbosity: 3[0m
2022-12-27T02:53:45.5320490Z   [38;5;244mconfig_settings: [0m
2022-12-27T02:53:45.5321130Z   [38;5;244mdependency_constraints: pinned[0m
2022-12-27T02:53:45.5321420Z   environment: 
2022-12-27T02:53:45.5321850Z     GRPC_PYTHON_BUILD_WITH_CYTHON=1
2022-12-27T02:53:45.5322270Z     GRPC_BUILD_WITH_BORING_SSL_ASM=''
2022-12-27T02:53:45.5322580Z     GRPC_PYTHON_BUILD_SYSTEM_OPENSSL=TRUE
2022-12-27T02:53:45.5323620Z     CFLAGS="-I/usr/local/opt/openssl@3/include"
2022-12-27T02:53:45.5324130Z     LDFLAGS="-L/usr/local/opt/openssl@3/lib"
2022-12-27T02:53:45.5324550Z     CPPFLAGS="-I/usr/local/opt/openssl@3/include"
2022-12-27T02:53:45.5325040Z     MAKEFLAGS="-j$(sysctl -n hw.logicalcpu)"
2022-12-27T02:53:45.5325700Z     PATH=/usr/local/opt/ccache/libexec:$PATH[0m
2022-12-27T02:53:45.5326180Z   [38;5;244mmanylinux_images: None[0m
2022-12-27T02:53:45.5326570Z   [38;5;244mmusllinux_images: None[0m
2022-12-27T02:53:45.5327190Z   [38;5;244mrepair_command: delocate-wheel --require-archs {delocate_archs} -w {dest_dir} -v {wheel}[0m
2022-12-27T02:53:45.5327680Z   [38;5;244mtest_command: [0m
2022-12-27T02:53:45.5328240Z   [38;5;244mtest_extras: [0m
2022-12-27T02:53:45.5328670Z   [38;5;244mtest_requires: [0m
2022-12-27T02:53:45.5328870Z 
2022-12-27T02:53:45.5329050Z Cache folder: /Users/runner/Library/Caches/cibuildwheel
2022-12-27T02:53:45.5343440Z 
2022-12-27T02:53:45.5343600Z Here we go!
2022-12-27T02:53:45.5343740Z 
2022-12-27T02:53:45.5412190Z 
2022-12-27T02:53:45.5412680Z [1m[34mBuilding cp39-macosx_arm64 wheel[0m
2022-12-27T02:53:45.5413230Z CPython 3.9 macOS arm64 - Apple Silicon
2022-12-27T02:53:45.5413390Z 
2022-12-27T02:53:45.5415730Z ##[group]Installing Python cp39...
2022-12-27T02:53:45.5415920Z 
2022-12-27T02:53:45.5416140Z + pkgutil --pkgs
2022-12-27T02:53:45.5516050Z ##[endgroup]
2022-12-27T02:53:45.5516890Z                                                               [32m✓ [0m0.01s
2022-12-27T02:53:45.5517440Z ##[group]Setting up build environment...
2022-12-27T02:53:45.5517580Z 
2022-12-27T02:53:45.5536950Z + /Users/runner/hostedtoolcache/Python/3.9.16/x64/bin/python -sS /Users/runner/Library/Caches/cibuildwheel/virtualenv-20.17.0.pyz --activators= --no-periodic-update --pip=22.3.1 --setuptools=65.6.3 --wheel=0.38.4 --symlink-app-data --python /Library/Frameworks/Python.framework/Versions/3.9/bin/python3 /private/var/folders/51/hd414ycd67n82196sw51xqtc0000gn/T/cibw-run-tz5py4on/cp39-macosx_arm64/build/venv
2022-12-27T02:53:45.7415090Z created virtual environment CPython3.9.13.final.0-64 in 48ms
2022-12-27T02:53:45.7416090Z   creator CPython3Posix(dest=/private/var/folders/51/hd414ycd67n82196sw51xqtc0000gn/T/cibw-run-tz5py4on/cp39-macosx_arm64/build/venv, clear=False, no_vcs_ignore=False, global=False)
2022-12-27T02:53:45.7416560Z   seeder FromAppData(download=False, pip=22.3.1, setuptools=65.6.3, wheel=0.38.4, via=symlink, app_data_dir=/Users/runner/Library/Application Support/virtualenv)
2022-12-27T02:53:45.7416880Z     added seed packages: pip==22.3.1, setuptools==65.6.3, wheel==0.38.4
2022-12-27T02:53:45.7512000Z + python -m pip install --upgrade pip -c /Users/runner/hostedtoolcache/Python/3.9.16/x64/lib/python3.9/site-packages/cibuildwheel/resources/constraints-python39.txt
2022-12-27T02:53:46.0593570Z Requirement already satisfied: pip in ./lib/python3.9/site-packages (22.3.1)
2022-12-27T02:53:46.2012520Z + which pip
2022-12-27T02:53:46.2028660Z /private/var/folders/51/hd414ycd67n82196sw51xqtc0000gn/T/cibw-run-tz5py4on/cp39-macosx_arm64/build/venv/bin/pip
2022-12-27T02:53:46.2030780Z + pip --version
2022-12-27T02:53:46.4343600Z pip 22.3.1 from /private/var/folders/51/hd414ycd67n82196sw51xqtc0000gn/T/cibw-run-tz5py4on/cp39-macosx_arm64/build/venv/lib/python3.9/site-packages/pip (python 3.9)
2022-12-27T02:53:46.4558990Z + which pip
2022-12-27T02:53:46.4586100Z + which python
2022-12-27T02:53:46.4605800Z /private/var/folders/51/hd414ycd67n82196sw51xqtc0000gn/T/cibw-run-tz5py4on/cp39-macosx_arm64/build/venv/bin/python
2022-12-27T02:53:46.4607960Z + python --version
2022-12-27T02:53:46.4654070Z Python 3.9.13
2022-12-27T02:53:46.4656890Z + which python
2022-12-27T02:53:46.4708910Z ##[endgroup]
2022-12-27T02:53:46.4709480Z                                                               [32m✓ [0m0.92s
2022-12-27T02:53:46.4710140Z ##[group]Installing build tools...
2022-12-27T02:53:46.4710310Z 
2022-12-27T02:53:46.4710780Z + pip install --upgrade setuptools wheel delocate -c /Users/runner/hostedtoolcache/Python/3.9.16/x64/lib/python3.9/site-packages/cibuildwheel/resources/constraints-python39.txt
2022-12-27T02:53:46.7759280Z Requirement already satisfied: setuptools in /private/var/folders/51/hd414ycd67n82196sw51xqtc0000gn/T/cibw-run-tz5py4on/cp39-macosx_arm64/build/venv/lib/python3.9/site-packages (65.6.3)
2022-12-27T02:53:47.0106590Z Requirement already satisfied: wheel in /private/var/folders/51/hd414ycd67n82196sw51xqtc0000gn/T/cibw-run-tz5py4on/cp39-macosx_arm64/build/venv/lib/python3.9/site-packages (0.38.4)
2022-12-27T02:53:47.0594840Z Collecting delocate
2022-12-27T02:53:47.0621460Z   Using cached delocate-0.10.3-py3-none-any.whl (142 kB)
2022-12-27T02:53:47.0869480Z Collecting typing-extensions
2022-12-27T02:53:47.0891870Z   Using cached typing_extensions-4.4.0-py3-none-any.whl (26 kB)
2022-12-27T02:53:47.1164750Z Collecting packaging>=20.9
2022-12-27T02:53:47.1186680Z   Using cached packaging-21.3-py3-none-any.whl (40 kB)
2022-12-27T02:53:47.1570730Z Collecting pyparsing!=3.0.5,>=2.0.2
2022-12-27T02:53:47.1592310Z   Using cached pyparsing-3.0.9-py3-none-any.whl (98 kB)
2022-12-27T02:53:47.1969740Z Installing collected packages: typing-extensions, pyparsing, packaging, delocate
2022-12-27T02:53:47.3485770Z Successfully installed delocate-0.10.3 packaging-21.3 pyparsing-3.0.9 typing-extensions-4.4.0
2022-12-27T02:53:47.3922450Z ##[endgroup]
2022-12-27T02:53:47.3923050Z                                                               [32m✓ [0m0.92s
2022-12-27T02:53:47.3923510Z ##[group]Running before_build...
2022-12-27T02:53:47.3923660Z 
2022-12-27T02:53:47.3929640Z + pip install Cython; if [[ -f requirements.txt ]]; then pip install -r requirements.txt; fi
2022-12-27T02:53:48.1074240Z Collecting Cython
2022-12-27T02:53:48.1121600Z   Using cached Cython-0.29.32-py2.py3-none-any.whl (986 kB)
2022-12-27T02:53:48.1560760Z Installing collected packages: Cython
2022-12-27T02:53:48.6428140Z Successfully installed Cython-0.29.32
2022-12-27T02:53:48.6842290Z ##[endgroup]
2022-12-27T02:53:48.6842830Z                                                               [32m✓ [0m1.29s
2022-12-27T02:53:48.6843290Z ##[group]Building wheel...
2022-12-27T02:53:48.6843740Z 
2022-12-27T02:53:48.6848140Z + python -m pip wheel /Users/runner/actions-runner/_work/python.build/python.build/build_grpcio040a539/grpcio-0.4.0a5 --wheel-dir=/private/var/folders/51/hd414ycd67n82196sw51xqtc0000gn/T/cibw-run-tz5py4on/cp39-macosx_arm64/built_wheel --no-deps -vvv
2022-12-27T02:53:48.9665190Z Created temporary directory: /private/var/folders/51/hd414ycd67n82196sw51xqtc0000gn/T/pip-ephem-wheel-cache-03loy6dp
2022-12-27T02:53:48.9669600Z Created temporary directory: /private/var/folders/51/hd414ycd67n82196sw51xqtc0000gn/T/pip-build-tracker-uw90kaft
2022-12-27T02:53:48.9671580Z Initialized build tracking at /private/var/folders/51/hd414ycd67n82196sw51xqtc0000gn/T/pip-build-tracker-uw90kaft
2022-12-27T02:53:48.9673320Z Created build tracker: /private/var/folders/51/hd414ycd67n82196sw51xqtc0000gn/T/pip-build-tracker-uw90kaft
2022-12-27T02:53:48.9675060Z Entered build tracker: /private/var/folders/51/hd414ycd67n82196sw51xqtc0000gn/T/pip-build-tracker-uw90kaft
2022-12-27T02:53:48.9678130Z Created temporary directory: /private/var/folders/51/hd414ycd67n82196sw51xqtc0000gn/T/pip-wheel-cpishr7b
2022-12-27T02:53:48.9684780Z Created temporary directory: /private/var/folders/51/hd414ycd67n82196sw51xqtc0000gn/T/pip-ephem-wheel-cache-2ikav95k
2022-12-27T02:53:48.9833450Z Processing /Users/runner/actions-runner/_work/python.build/python.build/build_grpcio040a539/grpcio-0.4.0a5
2022-12-27T02:53:48.9838840Z   Added file:///Users/runner/actions-runner/_work/python.build/python.build/build_grpcio040a539/grpcio-0.4.0a5 to build tracker '/private/var/folders/51/hd414ycd67n82196sw51xqtc0000gn/T/pip-build-tracker-uw90kaft'
2022-12-27T02:53:48.9842720Z   Running setup.py (path:/Users/runner/actions-runner/_work/python.build/python.build/build_grpcio040a539/grpcio-0.4.0a5/setup.py) egg_info for package from file:///Users/runner/actions-runner/_work/python.build/python.build/build_grpcio040a539/grpcio-0.4.0a5
2022-12-27T02:53:48.9846030Z   Created temporary directory: /private/var/folders/51/hd414ycd67n82196sw51xqtc0000gn/T/pip-pip-egg-info-5_qmfo93
2022-12-27T02:53:48.9847500Z   Preparing metadata (setup.py): started
2022-12-27T02:53:48.9849410Z   Running command python setup.py egg_info
2022-12-27T02:53:49.1613100Z   running egg_info
2022-12-27T02:53:49.1615420Z   creating /private/var/folders/51/hd414ycd67n82196sw51xqtc0000gn/T/pip-pip-egg-info-5_qmfo93/grpcio.egg-info
2022-12-27T02:53:49.1621300Z   writing /private/var/folders/51/hd414ycd67n82196sw51xqtc0000gn/T/pip-pip-egg-info-5_qmfo93/grpcio.egg-info/PKG-INFO
2022-12-27T02:53:49.1625410Z   writing dependency_links to /private/var/folders/51/hd414ycd67n82196sw51xqtc0000gn/T/pip-pip-egg-info-5_qmfo93/grpcio.egg-info/dependency_links.txt
2022-12-27T02:53:49.1628450Z   writing requirements to /private/var/folders/51/hd414ycd67n82196sw51xqtc0000gn/T/pip-pip-egg-info-5_qmfo93/grpcio.egg-info/requires.txt
2022-12-27T02:53:49.1630560Z   writing top-level names to /private/var/folders/51/hd414ycd67n82196sw51xqtc0000gn/T/pip-pip-egg-info-5_qmfo93/grpcio.egg-info/top_level.txt
2022-12-27T02:53:49.1632290Z   writing manifest file '/private/var/folders/51/hd414ycd67n82196sw51xqtc0000gn/T/pip-pip-egg-info-5_qmfo93/grpcio.egg-info/SOURCES.txt'
2022-12-27T02:53:49.2567120Z   reading manifest file '/private/var/folders/51/hd414ycd67n82196sw51xqtc0000gn/T/pip-pip-egg-info-5_qmfo93/grpcio.egg-info/SOURCES.txt'
2022-12-27T02:53:49.2568890Z   reading manifest template 'MANIFEST.in'
2022-12-27T02:53:49.2602630Z   writing manifest file '/private/var/folders/51/hd414ycd67n82196sw51xqtc0000gn/T/pip-pip-egg-info-5_qmfo93/grpcio.egg-info/SOURCES.txt'
2022-12-27T02:53:49.2796780Z   Preparing metadata (setup.py): finished with status 'done'
2022-12-27T02:53:49.2822460Z   Source in /Users/runner/actions-runner/_work/python.build/python.build/build_grpcio040a539/grpcio-0.4.0a5 has version 0.4.0a5, which satisfies requirement grpcio==0.4.0a5 from file:///Users/runner/actions-runner/_work/python.build/python.build/build_grpcio040a539/grpcio-0.4.0a5
2022-12-27T02:53:49.2826380Z   Removed grpcio==0.4.0a5 from file:///Users/runner/actions-runner/_work/python.build/python.build/build_grpcio040a539/grpcio-0.4.0a5 from build tracker '/private/var/folders/51/hd414ycd67n82196sw51xqtc0000gn/T/pip-build-tracker-uw90kaft'
2022-12-27T02:53:49.2843940Z Created temporary directory: /private/var/folders/51/hd414ycd67n82196sw51xqtc0000gn/T/pip-unpack-kok2a1ez
2022-12-27T02:53:49.2846140Z Building wheels for collected packages: grpcio
2022-12-27T02:53:49.2853400Z   Created temporary directory: /private/var/folders/51/hd414ycd67n82196sw51xqtc0000gn/T/pip-wheel-pf8f730u
2022-12-27T02:53:49.2855430Z   Building wheel for grpcio (setup.py): started
2022-12-27T02:53:49.2857500Z   Destination directory: /private/var/folders/51/hd414ycd67n82196sw51xqtc0000gn/T/pip-wheel-pf8f730u
2022-12-27T02:53:49.2858900Z   Running command python setup.py bdist_wheel
2022-12-27T02:53:49.4692640Z   running bdist_wheel
2022-12-27T02:53:49.5545920Z   running build
2022-12-27T02:53:49.5547710Z   running build_py
2022-12-27T02:53:49.5566740Z   creating build
2022-12-27T02:53:49.5569090Z   creating build/lib.macosx-11.0-arm64-cpython-39
2022-12-27T02:53:49.5571080Z   creating build/lib.macosx-11.0-arm64-cpython-39/grpc
2022-12-27T02:53:49.5573270Z   copying grpc/__init__.py -> build/lib.macosx-11.0-arm64-cpython-39/grpc
2022-12-27T02:53:49.5580840Z   creating build/lib.macosx-11.0-arm64-cpython-39/grpc/_adapter
2022-12-27T02:53:49.5582550Z   copying grpc/_adapter/fore.py -> build/lib.macosx-11.0-arm64-cpython-39/grpc/_adapter
2022-12-27T02:53:49.5585670Z   copying grpc/_adapter/_event_invocation_synchronous_event_service_test.py -> build/lib.macosx-11.0-arm64-cpython-39/grpc/_adapter
2022-12-27T02:53:49.5588040Z   copying grpc/_adapter/_lonely_rear_link_test.py -> build/lib.macosx-11.0-arm64-cpython-39/grpc/_adapter
2022-12-27T02:53:49.5591120Z   copying grpc/_adapter/_face_test_case.py -> build/lib.macosx-11.0-arm64-cpython-39/grpc/_adapter
2022-12-27T02:53:49.5594140Z   copying grpc/_adapter/_future_invocation_asynchronous_event_service_test.py -> build/lib.macosx-11.0-arm64-cpython-39/grpc/_adapter
2022-12-27T02:53:49.5597510Z   copying grpc/_adapter/_common.py -> build/lib.macosx-11.0-arm64-cpython-39/grpc/_adapter
2022-12-27T02:53:49.5599670Z   copying grpc/_adapter/__init__.py -> build/lib.macosx-11.0-arm64-cpython-39/grpc/_adapter
2022-12-27T02:53:49.5602330Z   copying grpc/_adapter/_low.py -> build/lib.macosx-11.0-arm64-cpython-39/grpc/_adapter
2022-12-27T02:53:49.5605500Z   copying grpc/_adapter/_blocking_invocation_inline_service_test.py -> build/lib.macosx-11.0-arm64-cpython-39/grpc/_adapter
2022-12-27T02:53:49.5608240Z   copying grpc/_adapter/_test_links.py -> build/lib.macosx-11.0-arm64-cpython-39/grpc/_adapter
2022-12-27T02:53:49.5611110Z   copying grpc/_adapter/rear.py -> build/lib.macosx-11.0-arm64-cpython-39/grpc/_adapter
2022-12-27T02:53:49.5613720Z   copying grpc/_adapter/_proto_scenarios.py -> build/lib.macosx-11.0-arm64-cpython-39/grpc/_adapter
2022-12-27T02:53:49.5616680Z   copying grpc/_adapter/_low_test.py -> build/lib.macosx-11.0-arm64-cpython-39/grpc/_adapter
2022-12-27T02:53:49.5619550Z   copying grpc/_adapter/_datatypes.py -> build/lib.macosx-11.0-arm64-cpython-39/grpc/_adapter
2022-12-27T02:53:49.5622580Z   copying grpc/_adapter/_links_test.py -> build/lib.macosx-11.0-arm64-cpython-39/grpc/_adapter
2022-12-27T02:53:49.5625070Z   copying grpc/_adapter/_c_test.py -> build/lib.macosx-11.0-arm64-cpython-39/grpc/_adapter
2022-12-27T02:53:49.5630400Z   creating build/lib.macosx-11.0-arm64-cpython-39/grpc/_junkdrawer
2022-12-27T02:53:49.5632180Z   copying grpc/_junkdrawer/stock_pb2.py -> build/lib.macosx-11.0-arm64-cpython-39/grpc/_junkdrawer
2022-12-27T02:53:49.5634610Z   copying grpc/_junkdrawer/__init__.py -> build/lib.macosx-11.0-arm64-cpython-39/grpc/_junkdrawer
2022-12-27T02:53:49.5637340Z   copying grpc/_junkdrawer/math_pb2.py -> build/lib.macosx-11.0-arm64-cpython-39/grpc/_junkdrawer
2022-12-27T02:53:49.5642450Z   creating build/lib.macosx-11.0-arm64-cpython-39/grpc/early_adopter
2022-12-27T02:53:49.5645050Z   copying grpc/early_adopter/__init__.py -> build/lib.macosx-11.0-arm64-cpython-39/grpc/early_adopter
2022-12-27T02:53:49.5646910Z   copying grpc/early_adopter/implementations_test.py -> build/lib.macosx-11.0-arm64-cpython-39/grpc/early_adopter
2022-12-27T02:53:49.5649840Z   copying grpc/early_adopter/implementations.py -> build/lib.macosx-11.0-arm64-cpython-39/grpc/early_adopter
2022-12-27T02:53:49.5654190Z   creating build/lib.macosx-11.0-arm64-cpython-39/grpc/framework
2022-12-27T02:53:49.5656240Z   copying grpc/framework/__init__.py -> build/lib.macosx-11.0-arm64-cpython-39/grpc/framework
2022-12-27T02:53:49.5661420Z   creating build/lib.macosx-11.0-arm64-cpython-39/grpc/framework/alpha
2022-12-27T02:53:49.5663240Z   copying grpc/framework/alpha/interfaces.py -> build/lib.macosx-11.0-arm64-cpython-39/grpc/framework/alpha
2022-12-27T02:53:49.5665430Z   copying grpc/framework/alpha/_face_utilities.py -> build/lib.macosx-11.0-arm64-cpython-39/grpc/framework/alpha
2022-12-27T02:53:49.5669770Z   copying grpc/framework/alpha/__init__.py -> build/lib.macosx-11.0-arm64-cpython-39/grpc/framework/alpha
2022-12-27T02:53:49.5672340Z   copying grpc/framework/alpha/exceptions.py -> build/lib.macosx-11.0-arm64-cpython-39/grpc/framework/alpha
2022-12-27T02:53:49.5675230Z   copying grpc/framework/alpha/_reexport.py -> build/lib.macosx-11.0-arm64-cpython-39/grpc/framework/alpha
2022-12-27T02:53:49.5678560Z   copying grpc/framework/alpha/utilities.py -> build/lib.macosx-11.0-arm64-cpython-39/grpc/framework/alpha
2022-12-27T02:53:49.5688360Z   creating build/lib.macosx-11.0-arm64-cpython-39/grpc/framework/base
2022-12-27T02:53:49.5690400Z   copying grpc/framework/base/interfaces.py -> build/lib.macosx-11.0-arm64-cpython-39/grpc/framework/base
2022-12-27T02:53:49.5692510Z   copying grpc/framework/base/_constants.py -> build/lib.macosx-11.0-arm64-cpython-39/grpc/framework/base
2022-12-27T02:53:49.5696630Z   copying grpc/framework/base/_expiration.py -> build/lib.macosx-11.0-arm64-cpython-39/grpc/framework/base
2022-12-27T02:53:49.5698670Z   copying grpc/framework/base/_transmission.py -> build/lib.macosx-11.0-arm64-cpython-39/grpc/framework/base
2022-12-27T02:53:49.5701820Z   copying grpc/framework/base/_reception.py -> build/lib.macosx-11.0-arm64-cpython-39/grpc/framework/base
2022-12-27T02:53:49.5704680Z   copying grpc/framework/base/_ingestion.py -> build/lib.macosx-11.0-arm64-cpython-39/grpc/framework/base
2022-12-27T02:53:49.5708100Z   copying grpc/framework/base/util.py -> build/lib.macosx-11.0-arm64-cpython-39/grpc/framework/base
2022-12-27T02:53:49.5710790Z   copying grpc/framework/base/_termination.py -> build/lib.macosx-11.0-arm64-cpython-39/grpc/framework/base
2022-12-27T02:53:49.5713590Z   copying grpc/framework/base/null.py -> build/lib.macosx-11.0-arm64-cpython-39/grpc/framework/base
2022-12-27T02:53:49.5716410Z   copying grpc/framework/base/__init__.py -> build/lib.macosx-11.0-arm64-cpython-39/grpc/framework/base
2022-12-27T02:53:49.5719030Z   copying grpc/framework/base/_interfaces.py -> build/lib.macosx-11.0-arm64-cpython-39/grpc/framework/base
2022-12-27T02:53:49.5721980Z   copying grpc/framework/base/_context.py -> build/lib.macosx-11.0-arm64-cpython-39/grpc/framework/base
2022-12-27T02:53:49.5724860Z   copying grpc/framework/base/implementations_test.py -> build/lib.macosx-11.0-arm64-cpython-39/grpc/framework/base
2022-12-27T02:53:49.5727730Z   copying grpc/framework/base/interfaces_test_case.py -> build/lib.macosx-11.0-arm64-cpython-39/grpc/framework/base
2022-12-27T02:53:49.5730400Z   copying grpc/framework/base/exceptions.py -> build/lib.macosx-11.0-arm64-cpython-39/grpc/framework/base
2022-12-27T02:53:49.5733270Z   copying grpc/framework/base/_ends.py -> build/lib.macosx-11.0-arm64-cpython-39/grpc/framework/base
2022-12-27T02:53:49.5736550Z   copying grpc/framework/base/_emission.py -> build/lib.macosx-11.0-arm64-cpython-39/grpc/framework/base
2022-12-27T02:53:49.5739200Z   copying grpc/framework/base/implementations.py -> build/lib.macosx-11.0-arm64-cpython-39/grpc/framework/base
2022-12-27T02:53:49.5742400Z   copying grpc/framework/base/in_memory.py -> build/lib.macosx-11.0-arm64-cpython-39/grpc/framework/base
2022-12-27T02:53:49.5744800Z   copying grpc/framework/base/_cancellation.py -> build/lib.macosx-11.0-arm64-cpython-39/grpc/framework/base
2022-12-27T02:53:49.5750310Z   creating build/lib.macosx-11.0-arm64-cpython-39/grpc/framework/common
2022-12-27T02:53:49.5752110Z   copying grpc/framework/common/style.py -> build/lib.macosx-11.0-arm64-cpython-39/grpc/framework/common
2022-12-27T02:53:49.5754180Z   copying grpc/framework/common/cardinality.py -> build/lib.macosx-11.0-arm64-cpython-39/grpc/framework/common
2022-12-27T02:53:49.5757470Z   copying grpc/framework/common/__init__.py -> build/lib.macosx-11.0-arm64-cpython-39/grpc/framework/common
2022-12-27T02:53:49.5765200Z   creating build/lib.macosx-11.0-arm64-cpython-39/grpc/framework/face
2022-12-27T02:53:49.5767290Z   copying grpc/framework/face/_service.py -> build/lib.macosx-11.0-arm64-cpython-39/grpc/framework/face
2022-12-27T02:53:49.5769560Z   copying grpc/framework/face/interfaces.py -> build/lib.macosx-11.0-arm64-cpython-39/grpc/framework/face
2022-12-27T02:53:49.5773040Z   copying grpc/framework/face/_control.py -> build/lib.macosx-11.0-arm64-cpython-39/grpc/framework/face
2022-12-27T02:53:49.5775950Z   copying grpc/framework/face/blocking_invocation_inline_service_test.py -> build/lib.macosx-11.0-arm64-cpython-39/grpc/framework/face
2022-12-27T02:53:49.5778840Z   copying grpc/framework/face/__init__.py -> build/lib.macosx-11.0-arm64-cpython-39/grpc/framework/face
2022-12-27T02:53:49.5781770Z   copying grpc/framework/face/demonstration.py -> build/lib.macosx-11.0-arm64-cpython-39/grpc/framework/face
2022-12-27T02:53:49.5784560Z   copying grpc/framework/face/_calls.py -> build/lib.macosx-11.0-arm64-cpython-39/grpc/framework/face
2022-12-27T02:53:49.5787380Z   copying grpc/framework/face/exceptions.py -> build/lib.macosx-11.0-arm64-cpython-39/grpc/framework/face
2022-12-27T02:53:49.5789880Z   copying grpc/framework/face/utilities.py -> build/lib.macosx-11.0-arm64-cpython-39/grpc/framework/face
2022-12-27T02:53:49.5792810Z   copying grpc/framework/face/event_invocation_synchronous_event_service_test.py -> build/lib.macosx-11.0-arm64-cpython-39/grpc/framework/face
2022-12-27T02:53:49.5795800Z   copying grpc/framework/face/_test_case.py -> build/lib.macosx-11.0-arm64-cpython-39/grpc/framework/face
2022-12-27T02:53:49.5798540Z   copying grpc/framework/face/implementations.py -> build/lib.macosx-11.0-arm64-cpython-39/grpc/framework/face
2022-12-27T02:53:49.5801440Z   copying grpc/framework/face/future_invocation_asynchronous_event_service_test.py -> build/lib.macosx-11.0-arm64-cpython-39/grpc/framework/face
2022-12-27T02:53:49.5809720Z   creating build/lib.macosx-11.0-arm64-cpython-39/grpc/framework/face/testing
2022-12-27T02:53:49.5812160Z   copying grpc/framework/face/testing/callback.py -> build/lib.macosx-11.0-arm64-cpython-39/grpc/framework/face/testing
2022-12-27T02:53:49.5814560Z   copying grpc/framework/face/testing/digest.py -> build/lib.macosx-11.0-arm64-cpython-39/grpc/framework/face/testing
2022-12-27T02:53:49.5817060Z   copying grpc/framework/face/testing/interfaces.py -> build/lib.macosx-11.0-arm64-cpython-39/grpc/framework/face/testing
2022-12-27T02:53:49.5820280Z   copying grpc/framework/face/testing/stock_service.py -> build/lib.macosx-11.0-arm64-cpython-39/grpc/framework/face/testing
2022-12-27T02:53:49.5822930Z   copying grpc/framework/face/testing/service.py -> build/lib.macosx-11.0-arm64-cpython-39/grpc/framework/face/testing
2022-12-27T02:53:49.5825680Z   copying grpc/framework/face/testing/blocking_invocation_inline_service_test_case.py -> build/lib.macosx-11.0-arm64-cpython-39/grpc/framework/face/testing
2022-12-27T02:53:49.5828390Z   copying grpc/framework/face/testing/base_util.py -> build/lib.macosx-11.0-arm64-cpython-39/grpc/framework/face/testing
2022-12-27T02:53:49.5831180Z   copying grpc/framework/face/testing/control.py -> build/lib.macosx-11.0-arm64-cpython-39/grpc/framework/face/testing
2022-12-27T02:53:49.5834010Z   copying grpc/framework/face/testing/__init__.py -> build/lib.macosx-11.0-arm64-cpython-39/grpc/framework/face/testing
2022-12-27T02:53:49.5837090Z   copying grpc/framework/face/testing/coverage.py -> build/lib.macosx-11.0-arm64-cpython-39/grpc/framework/face/testing
2022-12-27T02:53:49.5839930Z   copying grpc/framework/face/testing/event_invocation_synchronous_event_service_test_case.py -> build/lib.macosx-11.0-arm64-cpython-39/grpc/framework/face/testing
2022-12-27T02:53:49.5842680Z   copying grpc/framework/face/testing/test_case.py -> build/lib.macosx-11.0-arm64-cpython-39/grpc/framework/face/testing
2022-12-27T02:53:49.5845500Z   copying grpc/framework/face/testing/serial.py -> build/lib.macosx-11.0-arm64-cpython-39/grpc/framework/face/testing
2022-12-27T02:53:49.5848160Z   copying grpc/framework/face/testing/future_invocation_asynchronous_event_service_test_case.py -> build/lib.macosx-11.0-arm64-cpython-39/grpc/framework/face/testing
2022-12-27T02:53:49.5856330Z   creating build/lib.macosx-11.0-arm64-cpython-39/grpc/framework/foundation
2022-12-27T02:53:49.5858390Z   copying grpc/framework/foundation/callable_util.py -> build/lib.macosx-11.0-arm64-cpython-39/grpc/framework/foundation
2022-12-27T02:53:49.5860860Z   copying grpc/framework/foundation/abandonment.py -> build/lib.macosx-11.0-arm64-cpython-39/grpc/framework/foundation
2022-12-27T02:53:49.5863530Z   copying grpc/framework/foundation/stream_testing.py -> build/lib.macosx-11.0-arm64-cpython-39/grpc/framework/foundation
2022-12-27T02:53:49.5866380Z   copying grpc/framework/foundation/__init__.py -> build/lib.macosx-11.0-arm64-cpython-39/grpc/framework/foundation
2022-12-27T02:53:49.5869310Z   copying grpc/framework/foundation/stream.py -> build/lib.macosx-11.0-arm64-cpython-39/grpc/framework/foundation
2022-12-27T02:53:49.5871940Z   copying grpc/framework/foundation/activated.py -> build/lib.macosx-11.0-arm64-cpython-39/grpc/framework/foundation
2022-12-27T02:53:49.5875130Z   copying grpc/framework/foundation/later.py -> build/lib.macosx-11.0-arm64-cpython-39/grpc/framework/foundation
2022-12-27T02:53:49.5877600Z   copying grpc/framework/foundation/_later_test.py -> build/lib.macosx-11.0-arm64-cpython-39/grpc/framework/foundation
2022-12-27T02:53:49.5880370Z   copying grpc/framework/foundation/_logging_pool_test.py -> build/lib.macosx-11.0-arm64-cpython-39/grpc/framework/foundation
2022-12-27T02:53:49.5883400Z   copying grpc/framework/foundation/stream_util.py -> build/lib.macosx-11.0-arm64-cpython-39/grpc/framework/foundation
2022-12-27T02:53:49.5886050Z   copying grpc/framework/foundation/future.py -> build/lib.macosx-11.0-arm64-cpython-39/grpc/framework/foundation
2022-12-27T02:53:49.5888750Z   copying grpc/framework/foundation/_timer_future.py -> build/lib.macosx-11.0-arm64-cpython-39/grpc/framework/foundation
2022-12-27T02:53:49.5892220Z   copying grpc/framework/foundation/logging_pool.py -> build/lib.macosx-11.0-arm64-cpython-39/grpc/framework/foundation
2022-12-27T02:53:49.5933290Z   running build_ext
2022-12-27T02:53:49.6215870Z   building 'grpc._adapter._c' extension
2022-12-27T02:53:49.6217640Z   creating build/temp.macosx-11.0-arm64-cpython-39
2022-12-27T02:53:49.6219470Z   creating build/temp.macosx-11.0-arm64-cpython-39/grpc
2022-12-27T02:53:49.6221290Z   creating build/temp.macosx-11.0-arm64-cpython-39/grpc/_adapter
2022-12-27T02:53:49.6223640Z   gcc -Wno-unused-result -Wsign-compare -Wunreachable-code -fno-common -dynamic -DNDEBUG -g -fwrapv -O3 -Wall -g -I/usr/local/opt/openssl@3/include -I/usr/local/opt/openssl@3/include -arch arm64 -I. -I/private/var/folders/51/hd414ycd67n82196sw51xqtc0000gn/T/cibw-run-tz5py4on/cp39-macosx_arm64/build/venv/include -I/Library/Frameworks/Python.framework/Versions/3.9/include/python3.9 -c grpc/_adapter/_c.c -o build/temp.macosx-11.0-arm64-cpython-39/grpc/_adapter/_c.o
2022-12-27T02:53:49.6921680Z   grpc/_adapter/_c.c:35:10: fatal error: 'grpc/grpc.h' file not found
2022-12-27T02:53:49.6923740Z   #include <grpc/grpc.h>
2022-12-27T02:53:49.6926070Z            ^~~~~~~~~~~~~
2022-12-27T02:53:49.6928240Z   1 error generated.
2022-12-27T02:53:49.6947520Z   error: command '/usr/bin/gcc' failed with exit code 1
2022-12-27T02:53:49.7293630Z   error: subprocess-exited-with-error
2022-12-27T02:53:49.7294050Z   
2022-12-27T02:53:49.7294430Z   × python setup.py bdist_wheel did not run successfully.
2022-12-27T02:53:49.7294750Z   │ exit code: 1
2022-12-27T02:53:49.7295040Z   ╰─> See above for output.
2022-12-27T02:53:49.7295260Z   
2022-12-27T02:53:49.7295550Z   note: This error originates from a subprocess, and is likely not a problem with pip.
2022-12-27T02:53:49.7303650Z   full command: /private/var/folders/51/hd414ycd67n82196sw51xqtc0000gn/T/cibw-run-tz5py4on/cp39-macosx_arm64/build/venv/bin/python -u -c '
2022-12-27T02:53:49.7304140Z   exec(compile('"'"''"'"''"'"'
2022-12-27T02:53:49.7304810Z   # This is <pip-setuptools-caller> -- a caller that pip uses to run setup.py
2022-12-27T02:53:49.7305120Z   #
2022-12-27T02:53:49.7305420Z   # - It imports setuptools before invoking setup.py, to enable projects that directly
2022-12-27T02:53:49.7305700Z   #   import from `distutils.core` to work with newer packaging standards.
2022-12-27T02:53:49.7306020Z   # - It provides a clear error message when setuptools is not installed.
2022-12-27T02:53:49.7306520Z   # - It sets `sys.argv[0]` to the underlying `setup.py`, when invoking `setup.py` so
2022-12-27T02:53:49.7306820Z   #   setuptools doesn'"'"'t think the script is `-c`. This avoids the following warning:
2022-12-27T02:53:49.7307100Z   #     manifest_maker: standard file '"'"'-c'"'"' not found".
2022-12-27T02:53:49.7307390Z   # - It generates a shim setup.py, for handling setup.cfg-only projects.
2022-12-27T02:53:49.7307600Z   import os, sys, tokenize
2022-12-27T02:53:49.7307750Z   
2022-12-27T02:53:49.7307900Z   try:
2022-12-27T02:53:49.7308070Z       import setuptools
2022-12-27T02:53:49.7308220Z   except ImportError as error:
2022-12-27T02:53:49.7308790Z       print(
2022-12-27T02:53:49.7309000Z           "ERROR: Can not execute `setup.py` since setuptools is not available in "
2022-12-27T02:53:49.7309200Z           "the build environment.",
2022-12-27T02:53:49.7309380Z           file=sys.stderr,
2022-12-27T02:53:49.7309520Z       )
2022-12-27T02:53:49.7309640Z       sys.exit(1)
2022-12-27T02:53:49.7309760Z   
2022-12-27T02:53:49.7310200Z   __file__ = %r
2022-12-27T02:53:49.7310430Z   sys.argv[0] = __file__
2022-12-27T02:53:49.7310680Z   
2022-12-27T02:53:49.7310940Z   if os.path.exists(__file__):
2022-12-27T02:53:49.7311190Z       filename = __file__
2022-12-27T02:53:49.7311460Z       with tokenize.open(__file__) as f:
2022-12-27T02:53:49.7311720Z           setup_py_code = f.read()
2022-12-27T02:53:49.7311910Z   else:
2022-12-27T02:53:49.7312290Z       filename = "<auto-generated setuptools caller>"
2022-12-27T02:53:49.7312620Z       setup_py_code = "from setuptools import setup; setup()"
2022-12-27T02:53:49.7312850Z   
2022-12-27T02:53:49.7313130Z   exec(compile(setup_py_code, filename, "exec"))
2022-12-27T02:53:49.7313850Z   '"'"''"'"''"'"' % ('"'"'/Users/runner/actions-runner/_work/python.build/python.build/build_grpcio040a539/grpcio-0.4.0a5/setup.py'"'"',), "<pip-setuptools-caller>", "exec"))' bdist_wheel -d /private/var/folders/51/hd414ycd67n82196sw51xqtc0000gn/T/pip-wheel-pf8f730u
2022-12-27T02:53:49.7314380Z   cwd: /Users/runner/actions-runner/_work/python.build/python.build/build_grpcio040a539/grpcio-0.4.0a5/
2022-12-27T02:53:49.7314570Z   ERROR: Failed building wheel for grpcio
2022-12-27T02:53:49.7314870Z   Building wheel for grpcio (setup.py): finished with status 'error'
2022-12-27T02:53:49.7316250Z   Running setup.py clean for grpcio
2022-12-27T02:53:49.7317910Z   Running command python setup.py clean
2022-12-27T02:53:49.9056380Z   running clean
2022-12-27T02:53:49.9076970Z   removing 'build/temp.macosx-11.0-arm64-cpython-39' (and everything under it)
2022-12-27T02:53:49.9081060Z   removing 'build/lib.macosx-11.0-arm64-cpython-39' (and everything under it)
2022-12-27T02:53:49.9170290Z   'build/bdist.macosx-11.0-arm64' does not exist -- can't clean it
2022-12-27T02:53:49.9172740Z   'build/scripts-3.9' does not exist -- can't clean it
2022-12-27T02:53:49.9174810Z   removing 'build'
2022-12-27T02:53:49.9343850Z Failed to build grpcio
2022-12-27T02:53:49.9348560Z ERROR: Failed to build one or more wheels
2022-12-27T02:53:49.9359210Z Exception information:
2022-12-27T02:53:49.9359410Z Traceback (most recent call last):
2022-12-27T02:53:49.9368200Z   File "/private/var/folders/51/hd414ycd67n82196sw51xqtc0000gn/T/cibw-run-tz5py4on/cp39-macosx_arm64/build/venv/lib/python3.9/site-packages/pip/_internal/cli/base_command.py", line 160, in exc_logging_wrapper
2022-12-27T02:53:49.9368600Z     status = run_func(*args)
2022-12-27T02:53:49.9369110Z   File "/private/var/folders/51/hd414ycd67n82196sw51xqtc0000gn/T/cibw-run-tz5py4on/cp39-macosx_arm64/build/venv/lib/python3.9/site-packages/pip/_internal/cli/req_command.py", line 247, in wrapper
2022-12-27T02:53:49.9369400Z     return func(self, options, args)
2022-12-27T02:53:49.9369840Z   File "/private/var/folders/51/hd414ycd67n82196sw51xqtc0000gn/T/cibw-run-tz5py4on/cp39-macosx_arm64/build/venv/lib/python3.9/site-packages/pip/_internal/commands/wheel.py", line 201, in run
2022-12-27T02:53:49.9370170Z     raise CommandError("Failed to build one or more wheels")
2022-12-27T02:53:49.9370410Z pip._internal.exceptions.CommandError: Failed to build one or more wheels
2022-12-27T02:53:49.9370720Z Removed build tracker: '/private/var/folders/51/hd414ycd67n82196sw51xqtc0000gn/T/pip-build-tracker-uw90kaft'
2022-12-27T02:53:49.9757730Z ##[endgroup]
2022-12-27T02:53:49.9781760Z ##[error]Command ['python', '-m', 'pip', 'wheel', '/Users/runner/actions-runner/_work/python.build/python.build/build_grpcio040a539/grpcio-0.4.0a5', '--wheel-dir=/private/var/folders/51/hd414ycd67n82196sw51xqtc0000gn/T/cibw-run-tz5py4on/cp39-macosx_arm64/built_wheel', '--no-deps', '-vvv'] failed with code 1. None
2022-12-27T02:53:49.9789610Z 
2022-12-27T02:53:49.9789980Z                                                               [31m✕ [0m1.29s
2022-12-27T02:53:50.0207850Z ##[error]Process completed with exit code 1.
2022-12-27T02:53:50.0240980Z ##[group]Run rm -rf build_grpcio040a539 wheelsout
2022-12-27T02:53:50.0241210Z [36;1mrm -rf build_grpcio040a539 wheelsout[0m
2022-12-27T02:53:50.0256190Z shell: /bin/bash -e {0}
2022-12-27T02:53:50.0256350Z env:
2022-12-27T02:53:50.0256500Z   pythonLocation: /Users/runner/hostedtoolcache/Python/3.9.16/x64
2022-12-27T02:53:50.0256700Z   PKG_CONFIG_PATH: /Users/runner/hostedtoolcache/Python/3.9.16/x64/lib/pkgconfig
2022-12-27T02:53:50.0256900Z   Python_ROOT_DIR: /Users/runner/hostedtoolcache/Python/3.9.16/x64
2022-12-27T02:53:50.0257070Z   Python2_ROOT_DIR: /Users/runner/hostedtoolcache/Python/3.9.16/x64
2022-12-27T02:53:50.0257240Z   Python3_ROOT_DIR: /Users/runner/hostedtoolcache/Python/3.9.16/x64
2022-12-27T02:53:50.0257380Z ##[endgroup]
2022-12-27T02:53:50.0511960Z Cleaning up orphan processes
