2022-12-27T02:01:08.7261055Z Requested labels: self-hosted, macOS, X64
2022-12-27T02:01:08.7261117Z Job defined at: kilnbuild/python.build/.github/workflows/mac_arm_build.yml@refs/heads/main
2022-12-27T02:01:08.7261146Z Waiting for a runner to pick up this job...
2022-12-27T03:25:13.0552511Z Job is about to start running on the runner: k1 (organization)
2022-12-27T03:25:15.6726890Z Current runner version: '2.300.2'
2022-12-27T03:25:15.6732080Z Runner name: 'k1'
2022-12-27T03:25:15.6732340Z Runner group name: 'Default'
2022-12-27T03:25:15.6732780Z Machine name: 'k1'
2022-12-27T03:25:15.6734300Z ##[group]GITHUB_TOKEN Permissions
2022-12-27T03:25:15.6734730Z Actions: write
2022-12-27T03:25:15.6734870Z Checks: write
2022-12-27T03:25:15.6735000Z Contents: write
2022-12-27T03:25:15.6735140Z Deployments: write
2022-12-27T03:25:15.6735280Z Discussions: write
2022-12-27T03:25:15.6735420Z Issues: write
2022-12-27T03:25:15.6735550Z Metadata: read
2022-12-27T03:25:15.6735680Z Packages: write
2022-12-27T03:25:15.6735820Z Pages: write
2022-12-27T03:25:15.6735950Z PullRequests: write
2022-12-27T03:25:15.6736110Z RepositoryProjects: write
2022-12-27T03:25:15.6736280Z SecurityEvents: write
2022-12-27T03:25:15.6736420Z Statuses: write
2022-12-27T03:25:15.6736550Z ##[endgroup]
2022-12-27T03:25:15.6739040Z Secret source: Actions
2022-12-27T03:25:15.6739370Z Prepare workflow directory
2022-12-27T03:25:15.7405300Z Prepare all required actions
2022-12-27T03:25:15.7523680Z Getting action download info
2022-12-27T03:25:16.3314790Z Download action repository 'actions/setup-python@v4' (SHA:5ccb29d8773c3f3f653e1705f474dfaa8a06a912)
2022-12-27T03:25:18.4955530Z Download action repository 'actions/upload-artifact@v3' (SHA:83fd05a356d7e2593de66fc9913b3002723633cb)
2022-12-27T03:25:19.7977190Z ##[group]Run echo '{
2022-12-27T03:25:19.7977480Z [36;1mecho '{[0m
2022-12-27T03:25:19.7977740Z [36;1m  "environment_variables": "GRPC_PYTHON_BUILD_WITH_CYTHON=1 GRPC_BUILD_WITH_BORING_SSL_ASM='' GRPC_PYTHON_BUILD_SYSTEM_OPENSSL=TRUE",[0m
2022-12-27T03:25:19.7977960Z [36;1m  "package_name": "grpcio",[0m
2022-12-27T03:25:19.7978250Z [36;1m  "package_url": "https://files.pythonhosted.org/packages/98/df/e181e36dc54fc0166d59cf2cb25991e33df52090922495175b2e2abc1381/grpcio-1.17.1.tar.gz",[0m
2022-12-27T03:25:19.7978470Z [36;1m  "package_version": "1.17.1",[0m
2022-12-27T03:25:19.7978590Z [36;1m  "python_version": "3.10",[0m
2022-12-27T03:25:19.7978700Z [36;1m  "use_ccache": "true"[0m
2022-12-27T03:25:19.7978800Z [36;1m}'[0m
2022-12-27T03:25:19.7993900Z shell: /bin/bash -e {0}
2022-12-27T03:25:19.7994080Z ##[endgroup]
2022-12-27T03:25:19.8211760Z {
2022-12-27T03:25:19.8213210Z   "environment_variables": "GRPC_PYTHON_BUILD_WITH_CYTHON=1 GRPC_BUILD_WITH_BORING_SSL_ASM= GRPC_PYTHON_BUILD_SYSTEM_OPENSSL=TRUE",
2022-12-27T03:25:19.8213490Z   "package_name": "grpcio",
2022-12-27T03:25:19.8214120Z   "package_url": "https://files.pythonhosted.org/packages/98/df/e181e36dc54fc0166d59cf2cb25991e33df52090922495175b2e2abc1381/grpcio-1.17.1.tar.gz",
2022-12-27T03:25:19.8214430Z   "package_version": "1.17.1",
2022-12-27T03:25:19.8214580Z   "python_version": "3.10",
2022-12-27T03:25:19.8214760Z   "use_ccache": "true"
2022-12-27T03:25:19.8214920Z }
2022-12-27T03:25:19.8430240Z ##[group]Run actions/setup-python@v4
2022-12-27T03:25:19.8430560Z with:
2022-12-27T03:25:19.8430720Z   python-version: 3.10
2022-12-27T03:25:19.8430910Z   check-latest: false
2022-12-27T03:25:19.8431250Z   token: ***
2022-12-27T03:25:19.8431420Z   update-environment: true
2022-12-27T03:25:19.8431630Z ##[endgroup]
2022-12-27T03:25:19.9747950Z ##[group]Installed versions
2022-12-27T03:25:19.9778480Z Successfully set up CPython (3.10.9)
2022-12-27T03:25:19.9779450Z ##[endgroup]
2022-12-27T03:25:19.9927660Z ##[group]Run if [ "true" == "true" ]
2022-12-27T03:25:19.9927980Z [36;1mif [ "true" == "true" ][0m
2022-12-27T03:25:19.9928300Z [36;1mthen[0m
2022-12-27T03:25:19.9928520Z [36;1m  echo "CCACHE_PATH_PREPEND=/usr/local/opt/ccache/libexec" >> $GITHUB_OUTPUT[0m
2022-12-27T03:25:19.9928970Z [36;1melse[0m
2022-12-27T03:25:19.9929220Z [36;1m  echo "CCACHE_PATH_PREPEND=" >> $GITHUB_OUTPUT[0m
2022-12-27T03:25:19.9929410Z [36;1mfi[0m
2022-12-27T03:25:19.9946590Z shell: /bin/bash -e {0}
2022-12-27T03:25:19.9946760Z env:
2022-12-27T03:25:19.9946990Z   pythonLocation: /Users/runner/hostedtoolcache/Python/3.10.9/x64
2022-12-27T03:25:19.9947350Z   PKG_CONFIG_PATH: /Users/runner/hostedtoolcache/Python/3.10.9/x64/lib/pkgconfig
2022-12-27T03:25:19.9947960Z   Python_ROOT_DIR: /Users/runner/hostedtoolcache/Python/3.10.9/x64
2022-12-27T03:25:19.9948210Z   Python2_ROOT_DIR: /Users/runner/hostedtoolcache/Python/3.10.9/x64
2022-12-27T03:25:19.9948490Z   Python3_ROOT_DIR: /Users/runner/hostedtoolcache/Python/3.10.9/x64
2022-12-27T03:25:19.9948660Z ##[endgroup]
2022-12-27T03:25:20.0065380Z ##[group]Run echo "BUILD_NAME=$(echo grpcio_1.17.1_3.10 | tr -dc '[:alnum:]\n\r' | tr '[:upper:]' '[:lower:]')" >> $GITHUB_OUTPUT
2022-12-27T03:25:20.0066060Z [36;1mecho "BUILD_NAME=$(echo grpcio_1.17.1_3.10 | tr -dc '[:alnum:]\n\r' | tr '[:upper:]' '[:lower:]')" >> $GITHUB_OUTPUT[0m
2022-12-27T03:25:20.0088480Z shell: /bin/bash -e {0}
2022-12-27T03:25:20.0088720Z env:
2022-12-27T03:25:20.0089050Z   pythonLocation: /Users/runner/hostedtoolcache/Python/3.10.9/x64
2022-12-27T03:25:20.0089570Z   PKG_CONFIG_PATH: /Users/runner/hostedtoolcache/Python/3.10.9/x64/lib/pkgconfig
2022-12-27T03:25:20.0090030Z   Python_ROOT_DIR: /Users/runner/hostedtoolcache/Python/3.10.9/x64
2022-12-27T03:25:20.0090420Z   Python2_ROOT_DIR: /Users/runner/hostedtoolcache/Python/3.10.9/x64
2022-12-27T03:25:20.0090800Z   Python3_ROOT_DIR: /Users/runner/hostedtoolcache/Python/3.10.9/x64
2022-12-27T03:25:20.0091210Z ##[endgroup]
2022-12-27T03:25:20.0283420Z ##[group]Run echo "PYTHON_NO_DOTS=$(echo 3.10 | tr -dc '[:alnum:]\n\r' | tr '[:upper:]' '[:lower:]')" >> $GITHUB_OUTPUT
2022-12-27T03:25:20.0283860Z [36;1mecho "PYTHON_NO_DOTS=$(echo 3.10 | tr -dc '[:alnum:]\n\r' | tr '[:upper:]' '[:lower:]')" >> $GITHUB_OUTPUT[0m
2022-12-27T03:25:20.0298480Z shell: /bin/bash -e {0}
2022-12-27T03:25:20.0298640Z env:
2022-12-27T03:25:20.0298840Z   pythonLocation: /Users/runner/hostedtoolcache/Python/3.10.9/x64
2022-12-27T03:25:20.0299150Z   PKG_CONFIG_PATH: /Users/runner/hostedtoolcache/Python/3.10.9/x64/lib/pkgconfig
2022-12-27T03:25:20.0299370Z   Python_ROOT_DIR: /Users/runner/hostedtoolcache/Python/3.10.9/x64
2022-12-27T03:25:20.0299600Z   Python2_ROOT_DIR: /Users/runner/hostedtoolcache/Python/3.10.9/x64
2022-12-27T03:25:20.0299860Z   Python3_ROOT_DIR: /Users/runner/hostedtoolcache/Python/3.10.9/x64
2022-12-27T03:25:20.0300020Z ##[endgroup]
2022-12-27T03:25:20.0426470Z ##[group]Run rm -rf build_grpcio1171310
2022-12-27T03:25:20.0426840Z [36;1mrm -rf build_grpcio1171310[0m
2022-12-27T03:25:20.0427000Z [36;1mmkdir build_grpcio1171310[0m
2022-12-27T03:25:20.0427180Z [36;1mcd build_grpcio1171310[0m
2022-12-27T03:25:20.0427510Z [36;1m/usr/local/bin/wget --quiet https://files.pythonhosted.org/packages/98/df/e181e36dc54fc0166d59cf2cb25991e33df52090922495175b2e2abc1381/grpcio-1.17.1.tar.gz[0m
2022-12-27T03:25:20.0427770Z [36;1mtar xf *.tar.gz[0m
2022-12-27T03:25:20.0427940Z [36;1mcd grpcio-*/[0m
2022-12-27T03:25:20.0428140Z [36;1mpython -m pip install cibuildwheel==2.11.3[0m
2022-12-27T03:25:20.0428390Z [36;1mpython -m cibuildwheel --output-dir ../wheelsout[0m
2022-12-27T03:25:20.0442320Z shell: /bin/bash -e {0}
2022-12-27T03:25:20.0442510Z env:
2022-12-27T03:25:20.0442750Z   pythonLocation: /Users/runner/hostedtoolcache/Python/3.10.9/x64
2022-12-27T03:25:20.0443080Z   PKG_CONFIG_PATH: /Users/runner/hostedtoolcache/Python/3.10.9/x64/lib/pkgconfig
2022-12-27T03:25:20.0443330Z   Python_ROOT_DIR: /Users/runner/hostedtoolcache/Python/3.10.9/x64
2022-12-27T03:25:20.0443530Z   Python2_ROOT_DIR: /Users/runner/hostedtoolcache/Python/3.10.9/x64
2022-12-27T03:25:20.0443760Z   Python3_ROOT_DIR: /Users/runner/hostedtoolcache/Python/3.10.9/x64
2022-12-27T03:25:20.0444000Z   CIBW_ARCHS_MACOS: arm64
2022-12-27T03:25:20.0444150Z   CIBW_TEST_SKIP: *_arm64
2022-12-27T03:25:20.0444320Z   CIBW_BUILD: cp310-macosx_arm64
2022-12-27T03:25:20.0444500Z   CIBW_BUILD_FRONTEND: pip
2022-12-27T03:25:20.0444650Z   CIBW_BUILD_VERBOSITY: 3
2022-12-27T03:25:20.0445060Z   CIBW_ENVIRONMENT_MACOS: GRPC_PYTHON_BUILD_WITH_CYTHON=1 GRPC_BUILD_WITH_BORING_SSL_ASM='' GRPC_PYTHON_BUILD_SYSTEM_OPENSSL=TRUE CFLAGS="-I/usr/local/opt/openssl@3/include" LDFLAGS="-L/usr/local/opt/openssl@3/lib" CPPFLAGS="-I/usr/local/opt/openssl@3/include" MAKEFLAGS="-j$(sysctl -n hw.logicalcpu)" PATH=/usr/local/opt/ccache/libexec:$PATH
2022-12-27T03:25:20.0445680Z   CIBW_BEFORE_BUILD: pip install Cython; if [[ -f requirements.txt ]]; then pip install -r requirements.txt; fi
2022-12-27T03:25:20.0445920Z   MAKEFLAGS: -j$(sysctl -n hw.logicalcpu)
2022-12-27T03:25:20.0446100Z ##[endgroup]
2022-12-27T03:25:21.6555730Z Requirement already satisfied: cibuildwheel==2.11.3 in /Users/runner/hostedtoolcache/Python/3.10.9/x64/lib/python3.10/site-packages (2.11.3)
2022-12-27T03:25:21.6816080Z Requirement already satisfied: packaging>=20.9 in /Users/runner/hostedtoolcache/Python/3.10.9/x64/lib/python3.10/site-packages (from cibuildwheel==2.11.3) (22.0)
2022-12-27T03:25:21.6819310Z Requirement already satisfied: platformdirs in /Users/runner/hostedtoolcache/Python/3.10.9/x64/lib/python3.10/site-packages (from cibuildwheel==2.11.3) (2.6.0)
2022-12-27T03:25:21.6822740Z Requirement already satisfied: filelock in /Users/runner/hostedtoolcache/Python/3.10.9/x64/lib/python3.10/site-packages (from cibuildwheel==2.11.3) (3.8.2)
2022-12-27T03:25:21.6828050Z Requirement already satisfied: bashlex!=0.13 in /Users/runner/hostedtoolcache/Python/3.10.9/x64/lib/python3.10/site-packages (from cibuildwheel==2.11.3) (0.16)
2022-12-27T03:25:21.6831960Z Requirement already satisfied: bracex in /Users/runner/hostedtoolcache/Python/3.10.9/x64/lib/python3.10/site-packages (from cibuildwheel==2.11.3) (2.3.post1)
2022-12-27T03:25:21.6838370Z Requirement already satisfied: tomli in /Users/runner/hostedtoolcache/Python/3.10.9/x64/lib/python3.10/site-packages (from cibuildwheel==2.11.3) (2.0.1)
2022-12-27T03:25:21.6841750Z Requirement already satisfied: certifi in /Users/runner/hostedtoolcache/Python/3.10.9/x64/lib/python3.10/site-packages (from cibuildwheel==2.11.3) (2022.12.7)
2022-12-27T03:25:21.6850700Z Requirement already satisfied: typing-extensions>=4.1.0 in /Users/runner/hostedtoolcache/Python/3.10.9/x64/lib/python3.10/site-packages (from cibuildwheel==2.11.3) (4.4.0)
2022-12-27T03:25:21.8864820Z 
2022-12-27T03:25:21.8865090Z      _ _       _ _   _       _           _
2022-12-27T03:25:21.8865440Z  ___|_| |_ _ _|_| |_| |_ _ _| |_ ___ ___| |
2022-12-27T03:25:21.8866740Z |  _| | . | | | | | . | | | |   | -_| -_| |
2022-12-27T03:25:21.8867380Z |___|_|___|___|_|_|___|_____|_|_|___|___|_|
2022-12-27T03:25:21.8867540Z 
2022-12-27T03:25:21.8867670Z cibuildwheel version 2.11.3
2022-12-27T03:25:21.8867840Z 
2022-12-27T03:25:21.8867970Z Build options:
2022-12-27T03:25:21.8868190Z   platform: macos
2022-12-27T03:25:21.9044920Z   architectures: arm64[0m
2022-12-27T03:25:21.9045560Z   build_selector: 
2022-12-27T03:25:21.9046660Z     build_config: cp310-macosx_arm64
2022-12-27T03:25:21.9047860Z     skip_config: 
2022-12-27T03:25:21.9050640Z     requires_python: None
2022-12-27T03:25:21.9051550Z     prerelease_pythons: False[0m
2022-12-27T03:25:21.9052240Z   [38;5;244mcontainer_engine: docker[0m
2022-12-27T03:25:21.9053010Z   output_dir: /Users/runner/actions-runner/_work/python.build/python.build/build_grpcio1171310/wheelsout[0m
2022-12-27T03:25:21.9054460Z   package_dir: /Users/runner/actions-runner/_work/python.build/python.build/build_grpcio1171310/grpcio-1.17.1[0m
2022-12-27T03:25:21.9055080Z   test_selector: 
2022-12-27T03:25:21.9055540Z     skip_config: *_arm64[0m
2022-12-27T03:25:21.9056010Z   [38;5;244mbefore_all: [0m
2022-12-27T03:25:21.9056940Z   before_build: pip install Cython; if [[ -f requirements.txt ]]; then pip install -r requirements.txt; fi[0m
2022-12-27T03:25:21.9057550Z   [38;5;244mbefore_test: [0m
2022-12-27T03:25:21.9057950Z   [38;5;244mbuild_frontend: pip[0m
2022-12-27T03:25:21.9058550Z   build_verbosity: 3[0m
2022-12-27T03:25:21.9058990Z   [38;5;244mconfig_settings: [0m
2022-12-27T03:25:21.9059440Z   [38;5;244mdependency_constraints: pinned[0m
2022-12-27T03:25:21.9060030Z   environment: 
2022-12-27T03:25:21.9060380Z     GRPC_PYTHON_BUILD_WITH_CYTHON=1
2022-12-27T03:25:21.9060840Z     GRPC_BUILD_WITH_BORING_SSL_ASM=''
2022-12-27T03:25:21.9061910Z     GRPC_PYTHON_BUILD_SYSTEM_OPENSSL=TRUE
2022-12-27T03:25:21.9062410Z     CFLAGS="-I/usr/local/opt/openssl@3/include"
2022-12-27T03:25:21.9062810Z     LDFLAGS="-L/usr/local/opt/openssl@3/lib"
2022-12-27T03:25:21.9063290Z     CPPFLAGS="-I/usr/local/opt/openssl@3/include"
2022-12-27T03:25:21.9063850Z     MAKEFLAGS="-j$(sysctl -n hw.logicalcpu)"
2022-12-27T03:25:21.9064320Z     PATH=/usr/local/opt/ccache/libexec:$PATH[0m
2022-12-27T03:25:21.9064710Z   [38;5;244mmanylinux_images: None[0m
2022-12-27T03:25:21.9065140Z   [38;5;244mmusllinux_images: None[0m
2022-12-27T03:25:21.9065790Z   [38;5;244mrepair_command: delocate-wheel --require-archs {delocate_archs} -w {dest_dir} -v {wheel}[0m
2022-12-27T03:25:21.9066240Z   [38;5;244mtest_command: [0m
2022-12-27T03:25:21.9066660Z   [38;5;244mtest_extras: [0m
2022-12-27T03:25:21.9067050Z   [38;5;244mtest_requires: [0m
2022-12-27T03:25:21.9067250Z 
2022-12-27T03:25:21.9067390Z Cache folder: /Users/runner/Library/Caches/cibuildwheel
2022-12-27T03:25:21.9071910Z 
2022-12-27T03:25:21.9072190Z Here we go!
2022-12-27T03:25:21.9072350Z 
2022-12-27T03:25:21.9136150Z 
2022-12-27T03:25:21.9136680Z [1m[34mBuilding cp310-macosx_arm64 wheel[0m
2022-12-27T03:25:21.9137220Z CPython 3.10 macOS arm64 - Apple Silicon
2022-12-27T03:25:21.9137430Z 
2022-12-27T03:25:21.9139670Z ##[group]Installing Python cp310...
2022-12-27T03:25:21.9139960Z 
2022-12-27T03:25:21.9140270Z + pkgutil --pkgs
2022-12-27T03:25:21.9252200Z ##[endgroup]
2022-12-27T03:25:21.9253050Z                                                               [32mâœ“ [0m0.01s
2022-12-27T03:25:21.9253490Z ##[group]Setting up build environment...
2022-12-27T03:25:21.9253590Z 
2022-12-27T03:25:21.9273120Z + /Users/runner/hostedtoolcache/Python/3.10.9/x64/bin/python -sS /Users/runner/Library/Caches/cibuildwheel/virtualenv-20.17.0.pyz --activators= --no-periodic-update --pip=22.3.1 --setuptools=65.6.3 --wheel=0.38.4 --symlink-app-data --python /Library/Frameworks/Python.framework/Versions/3.10/bin/python3 /private/var/folders/51/hd414ycd67n82196sw51xqtc0000gn/T/cibw-run-74vgp7bn/cp310-macosx_arm64/build/venv
2022-12-27T03:25:22.1418230Z created virtual environment CPython3.10.8.final.0-64 in 58ms
2022-12-27T03:25:22.1419190Z   creator CPython3Posix(dest=/private/var/folders/51/hd414ycd67n82196sw51xqtc0000gn/T/cibw-run-74vgp7bn/cp310-macosx_arm64/build/venv, clear=False, no_vcs_ignore=False, global=False)
2022-12-27T03:25:22.1419790Z   seeder FromAppData(download=False, pip=22.3.1, setuptools=65.6.3, wheel=0.38.4, via=symlink, app_data_dir=/Users/runner/Library/Application Support/virtualenv)
2022-12-27T03:25:22.1420180Z     added seed packages: pip==22.3.1, setuptools==65.6.3, wheel==0.38.4
2022-12-27T03:25:22.1631850Z + python -m pip install --upgrade pip -c /Users/runner/hostedtoolcache/Python/3.10.9/x64/lib/python3.10/site-packages/cibuildwheel/resources/constraints-python310.txt
2022-12-27T03:25:22.4410490Z Requirement already satisfied: pip in ./lib/python3.10/site-packages (22.3.1)
2022-12-27T03:25:22.5774400Z + which pip
2022-12-27T03:25:22.5795910Z /private/var/folders/51/hd414ycd67n82196sw51xqtc0000gn/T/cibw-run-74vgp7bn/cp310-macosx_arm64/build/venv/bin/pip
2022-12-27T03:25:22.5799600Z + pip --version
2022-12-27T03:25:22.7865400Z pip 22.3.1 from /private/var/folders/51/hd414ycd67n82196sw51xqtc0000gn/T/cibw-run-74vgp7bn/cp310-macosx_arm64/build/venv/lib/python3.10/site-packages/pip (python 3.10)
2022-12-27T03:25:22.8114590Z + which pip
2022-12-27T03:25:22.8147730Z + which python
2022-12-27T03:25:22.8170070Z /private/var/folders/51/hd414ycd67n82196sw51xqtc0000gn/T/cibw-run-74vgp7bn/cp310-macosx_arm64/build/venv/bin/python
2022-12-27T03:25:22.8172020Z + python --version
2022-12-27T03:25:22.8222110Z Python 3.10.8
2022-12-27T03:25:22.8225970Z + which python
2022-12-27T03:25:22.8282310Z ##[endgroup]
2022-12-27T03:25:22.8282940Z                                                               [32mâœ“ [0m0.90s
2022-12-27T03:25:22.8283400Z ##[group]Installing build tools...
2022-12-27T03:25:22.8283560Z 
2022-12-27T03:25:22.8284310Z + pip install --upgrade setuptools wheel delocate -c /Users/runner/hostedtoolcache/Python/3.10.9/x64/lib/python3.10/site-packages/cibuildwheel/resources/constraints-python310.txt
2022-12-27T03:25:23.1045880Z Requirement already satisfied: setuptools in /private/var/folders/51/hd414ycd67n82196sw51xqtc0000gn/T/cibw-run-74vgp7bn/cp310-macosx_arm64/build/venv/lib/python3.10/site-packages (65.6.3)
2022-12-27T03:25:23.3073000Z Requirement already satisfied: wheel in /private/var/folders/51/hd414ycd67n82196sw51xqtc0000gn/T/cibw-run-74vgp7bn/cp310-macosx_arm64/build/venv/lib/python3.10/site-packages (0.38.4)
2022-12-27T03:25:23.3489520Z Collecting delocate
2022-12-27T03:25:23.3513140Z   Using cached delocate-0.10.3-py3-none-any.whl (142 kB)
2022-12-27T03:25:23.3797490Z Collecting packaging>=20.9
2022-12-27T03:25:23.3816390Z   Using cached packaging-21.3-py3-none-any.whl (40 kB)
2022-12-27T03:25:23.4353600Z Collecting typing-extensions
2022-12-27T03:25:23.4371830Z   Using cached typing_extensions-4.4.0-py3-none-any.whl (26 kB)
2022-12-27T03:25:23.4719680Z Collecting pyparsing!=3.0.5,>=2.0.2
2022-12-27T03:25:23.4737250Z   Using cached pyparsing-3.0.9-py3-none-any.whl (98 kB)
2022-12-27T03:25:23.5069410Z Installing collected packages: typing-extensions, pyparsing, packaging, delocate
2022-12-27T03:25:23.6363320Z Successfully installed delocate-0.10.3 packaging-21.3 pyparsing-3.0.9 typing-extensions-4.4.0
2022-12-27T03:25:23.6850460Z ##[endgroup]
2022-12-27T03:25:23.6851180Z                                                               [32mâœ“ [0m0.86s
2022-12-27T03:25:23.6851680Z ##[group]Running before_build...
2022-12-27T03:25:23.6851850Z 
2022-12-27T03:25:23.6858830Z + pip install Cython; if [[ -f requirements.txt ]]; then pip install -r requirements.txt; fi
2022-12-27T03:25:24.2862470Z Collecting Cython
2022-12-27T03:25:24.2908780Z   Using cached Cython-0.29.32-py2.py3-none-any.whl (986 kB)
2022-12-27T03:25:24.3348520Z Installing collected packages: Cython
2022-12-27T03:25:24.7363500Z Successfully installed Cython-0.29.32
2022-12-27T03:25:25.4218000Z Collecting coverage>=4.0
2022-12-27T03:25:25.4242600Z   Using cached coverage-7.0.1-cp310-cp310-macosx_10_9_x86_64.whl (188 kB)
2022-12-27T03:25:25.7348110Z Collecting cython==0.28.3
2022-12-27T03:25:25.7408550Z   Using cached Cython-0.28.3.tar.gz (1.9 MB)
2022-12-27T03:25:26.2230780Z   Preparing metadata (setup.py): started
2022-12-27T03:25:26.8253320Z   Preparing metadata (setup.py): finished with status 'error'
2022-12-27T03:25:26.8309910Z   error: subprocess-exited-with-error
2022-12-27T03:25:26.8310270Z   
2022-12-27T03:25:26.8310690Z   Ã— python setup.py egg_info did not run successfully.
2022-12-27T03:25:26.8311400Z   â”‚ exit code: 1
2022-12-27T03:25:26.8311780Z   â•°â”€> [50 lines of output]
2022-12-27T03:25:26.8312080Z       Unable to find pgen, not compiling formal grammar.
2022-12-27T03:25:26.8312410Z       running egg_info
2022-12-27T03:25:26.8313290Z       creating /private/var/folders/51/hd414ycd67n82196sw51xqtc0000gn/T/pip-pip-egg-info-t7ac3siq/Cython.egg-info
2022-12-27T03:25:26.8314000Z       writing /private/var/folders/51/hd414ycd67n82196sw51xqtc0000gn/T/pip-pip-egg-info-t7ac3siq/Cython.egg-info/PKG-INFO
2022-12-27T03:25:26.8314820Z       writing dependency_links to /private/var/folders/51/hd414ycd67n82196sw51xqtc0000gn/T/pip-pip-egg-info-t7ac3siq/Cython.egg-info/dependency_links.txt
2022-12-27T03:25:26.8315590Z       writing entry points to /private/var/folders/51/hd414ycd67n82196sw51xqtc0000gn/T/pip-pip-egg-info-t7ac3siq/Cython.egg-info/entry_points.txt
2022-12-27T03:25:26.8316960Z       writing top-level names to /private/var/folders/51/hd414ycd67n82196sw51xqtc0000gn/T/pip-pip-egg-info-t7ac3siq/Cython.egg-info/top_level.txt
2022-12-27T03:25:26.8317790Z       writing manifest file '/private/var/folders/51/hd414ycd67n82196sw51xqtc0000gn/T/pip-pip-egg-info-t7ac3siq/Cython.egg-info/SOURCES.txt'
2022-12-27T03:25:26.8318390Z       Traceback (most recent call last):
2022-12-27T03:25:26.8327350Z         File "<string>", line 2, in <module>
2022-12-27T03:25:26.8328060Z         File "<pip-setuptools-caller>", line 34, in <module>
2022-12-27T03:25:26.8329780Z         File "/private/var/folders/51/hd414ycd67n82196sw51xqtc0000gn/T/pip-install-yeq_r_iw/cython_ae257483c20b4806ad39c8dd2414915c/setup.py", line 227, in <module>
2022-12-27T03:25:26.8330310Z           setup(
2022-12-27T03:25:26.8331050Z         File "/private/var/folders/51/hd414ycd67n82196sw51xqtc0000gn/T/cibw-run-74vgp7bn/cp310-macosx_arm64/build/venv/lib/python3.10/site-packages/setuptools/__init__.py", line 87, in setup
2022-12-27T03:25:26.8331470Z           return distutils.core.setup(**attrs)
2022-12-27T03:25:26.8331940Z         File "/private/var/folders/51/hd414ycd67n82196sw51xqtc0000gn/T/cibw-run-74vgp7bn/cp310-macosx_arm64/build/venv/lib/python3.10/site-packages/setuptools/_distutils/core.py", line 185, in setup
2022-12-27T03:25:26.8332240Z           return run_commands(dist)
2022-12-27T03:25:26.8332670Z         File "/private/var/folders/51/hd414ycd67n82196sw51xqtc0000gn/T/cibw-run-74vgp7bn/cp310-macosx_arm64/build/venv/lib/python3.10/site-packages/setuptools/_distutils/core.py", line 201, in run_commands
2022-12-27T03:25:26.8332950Z           dist.run_commands()
2022-12-27T03:25:26.8333340Z         File "/private/var/folders/51/hd414ycd67n82196sw51xqtc0000gn/T/cibw-run-74vgp7bn/cp310-macosx_arm64/build/venv/lib/python3.10/site-packages/setuptools/_distutils/dist.py", line 969, in run_commands
2022-12-27T03:25:26.8333660Z           self.run_command(cmd)
2022-12-27T03:25:26.8334070Z         File "/private/var/folders/51/hd414ycd67n82196sw51xqtc0000gn/T/cibw-run-74vgp7bn/cp310-macosx_arm64/build/venv/lib/python3.10/site-packages/setuptools/dist.py", line 1208, in run_command
2022-12-27T03:25:26.8334350Z           super().run_command(command)
2022-12-27T03:25:26.8334750Z         File "/private/var/folders/51/hd414ycd67n82196sw51xqtc0000gn/T/cibw-run-74vgp7bn/cp310-macosx_arm64/build/venv/lib/python3.10/site-packages/setuptools/_distutils/dist.py", line 988, in run_command
2022-12-27T03:25:26.8335040Z           cmd_obj.run()
2022-12-27T03:25:26.8335680Z         File "/private/var/folders/51/hd414ycd67n82196sw51xqtc0000gn/T/cibw-run-74vgp7bn/cp310-macosx_arm64/build/venv/lib/python3.10/site-packages/setuptools/command/egg_info.py", line 308, in run
2022-12-27T03:25:26.8335980Z           self.find_sources()
2022-12-27T03:25:26.8336410Z         File "/private/var/folders/51/hd414ycd67n82196sw51xqtc0000gn/T/cibw-run-74vgp7bn/cp310-macosx_arm64/build/venv/lib/python3.10/site-packages/setuptools/command/egg_info.py", line 316, in find_sources
2022-12-27T03:25:26.8336710Z           mm.run()
2022-12-27T03:25:26.8337100Z         File "/private/var/folders/51/hd414ycd67n82196sw51xqtc0000gn/T/cibw-run-74vgp7bn/cp310-macosx_arm64/build/venv/lib/python3.10/site-packages/setuptools/command/egg_info.py", line 560, in run
2022-12-27T03:25:26.8337380Z           self.add_defaults()
2022-12-27T03:25:26.8337820Z         File "/private/var/folders/51/hd414ycd67n82196sw51xqtc0000gn/T/cibw-run-74vgp7bn/cp310-macosx_arm64/build/venv/lib/python3.10/site-packages/setuptools/command/egg_info.py", line 597, in add_defaults
2022-12-27T03:25:26.8338090Z           sdist.add_defaults(self)
2022-12-27T03:25:26.8338730Z         File "/private/var/folders/51/hd414ycd67n82196sw51xqtc0000gn/T/cibw-run-74vgp7bn/cp310-macosx_arm64/build/venv/lib/python3.10/site-packages/setuptools/command/sdist.py", line 106, in add_defaults
2022-12-27T03:25:26.8339010Z           super().add_defaults()
2022-12-27T03:25:26.8339430Z         File "/private/var/folders/51/hd414ycd67n82196sw51xqtc0000gn/T/cibw-run-74vgp7bn/cp310-macosx_arm64/build/venv/lib/python3.10/site-packages/setuptools/_distutils/command/sdist.py", line 252, in add_defaults
2022-12-27T03:25:26.8339720Z           self._add_defaults_ext()
2022-12-27T03:25:26.8340200Z         File "/private/var/folders/51/hd414ycd67n82196sw51xqtc0000gn/T/cibw-run-74vgp7bn/cp310-macosx_arm64/build/venv/lib/python3.10/site-packages/setuptools/_distutils/command/sdist.py", line 336, in _add_defaults_ext
2022-12-27T03:25:26.8340560Z           build_ext = self.get_finalized_command('build_ext')
2022-12-27T03:25:26.8341220Z         File "/private/var/folders/51/hd414ycd67n82196sw51xqtc0000gn/T/cibw-run-74vgp7bn/cp310-macosx_arm64/build/venv/lib/python3.10/site-packages/setuptools/_distutils/cmd.py", line 305, in get_finalized_command
2022-12-27T03:25:26.8341490Z           cmd_obj.ensure_finalized()
2022-12-27T03:25:26.8341920Z         File "/private/var/folders/51/hd414ycd67n82196sw51xqtc0000gn/T/cibw-run-74vgp7bn/cp310-macosx_arm64/build/venv/lib/python3.10/site-packages/setuptools/_distutils/cmd.py", line 111, in ensure_finalized
2022-12-27T03:25:26.8342250Z           self.finalize_options()
2022-12-27T03:25:26.8342660Z         File "/private/var/folders/51/hd414ycd67n82196sw51xqtc0000gn/T/pip-install-yeq_r_iw/cython_ae257483c20b4806ad39c8dd2414915c/Cython/Distutils/build_ext.py", line 20, in finalize_options
2022-12-27T03:25:26.8342950Z           self.distribution.ext_modules[:] = cythonize(
2022-12-27T03:25:26.8343350Z         File "/private/var/folders/51/hd414ycd67n82196sw51xqtc0000gn/T/pip-install-yeq_r_iw/cython_ae257483c20b4806ad39c8dd2414915c/Cython/Build/Dependencies.py", line 890, in cythonize
2022-12-27T03:25:26.8343650Z           module_list, module_metadata = create_extension_list(
2022-12-27T03:25:26.8344120Z         File "/private/var/folders/51/hd414ycd67n82196sw51xqtc0000gn/T/pip-install-yeq_r_iw/cython_ae257483c20b4806ad39c8dd2414915c/Cython/Build/Dependencies.py", line 719, in create_extension_list
2022-12-27T03:25:26.8344460Z           elif isinstance(patterns, basestring) or not isinstance(patterns, collections.Iterable):
2022-12-27T03:25:26.8344750Z       AttributeError: module 'collections' has no attribute 'Iterable'
2022-12-27T03:25:26.8344950Z       [end of output]
2022-12-27T03:25:26.8345270Z   
2022-12-27T03:25:26.8345490Z   note: This error originates from a subprocess, and is likely not a problem with pip.
2022-12-27T03:25:26.8345760Z error: metadata-generation-failed
2022-12-27T03:25:26.8345880Z 
2022-12-27T03:25:26.8346050Z Ã— Encountered error while generating package metadata.
2022-12-27T03:25:26.8346370Z â•°â”€> See above for output.
2022-12-27T03:25:26.8346490Z 
2022-12-27T03:25:26.8346730Z note: This is an issue with the package mentioned above, not pip.
2022-12-27T03:25:26.8347030Z hint: See above for details.
2022-12-27T03:25:26.9888790Z ##[endgroup]
2022-12-27T03:25:26.9911500Z ##[error]Command pip install Cython; if [[ -f requirements.txt ]]; then pip install -r requirements.txt; fi failed with code 1. None
2022-12-27T03:25:26.9917810Z 
2022-12-27T03:25:26.9918170Z                                                               [31mâœ• [0m3.30s
2022-12-27T03:25:27.0382890Z ##[error]Process completed with exit code 1.
2022-12-27T03:25:27.0492950Z ##[group]Run rm -rf build_grpcio1171310 wheelsout
2022-12-27T03:25:27.0493180Z [36;1mrm -rf build_grpcio1171310 wheelsout[0m
2022-12-27T03:25:27.0509010Z shell: /bin/bash -e {0}
2022-12-27T03:25:27.0509180Z env:
2022-12-27T03:25:27.0509360Z   pythonLocation: /Users/runner/hostedtoolcache/Python/3.10.9/x64
2022-12-27T03:25:27.0509610Z   PKG_CONFIG_PATH: /Users/runner/hostedtoolcache/Python/3.10.9/x64/lib/pkgconfig
2022-12-27T03:25:27.0509920Z   Python_ROOT_DIR: /Users/runner/hostedtoolcache/Python/3.10.9/x64
2022-12-27T03:25:27.0510140Z   Python2_ROOT_DIR: /Users/runner/hostedtoolcache/Python/3.10.9/x64
2022-12-27T03:25:27.0510310Z   Python3_ROOT_DIR: /Users/runner/hostedtoolcache/Python/3.10.9/x64
2022-12-27T03:25:27.0510470Z ##[endgroup]
2022-12-27T03:25:27.1797900Z Cleaning up orphan processes
