2022-12-27T01:50:51.3643797Z Requested labels: self-hosted, macOS, X64
2022-12-27T01:50:51.3643878Z Job defined at: kilnbuild/python.build/.github/workflows/mac_arm_build.yml@refs/heads/main
2022-12-27T01:50:51.3643903Z Waiting for a runner to pick up this job...
2022-12-27T01:51:33.1127317Z Job is about to start running on the runner: kr2 (organization)
2022-12-27T01:51:37.8518040Z Current runner version: '2.300.2'
2022-12-27T01:51:37.8525760Z Runner name: 'kr2'
2022-12-27T01:51:37.8526150Z Runner group name: 'Default'
2022-12-27T01:51:37.8526960Z Machine name: 'kr2'
2022-12-27T01:51:37.8529530Z ##[group]GITHUB_TOKEN Permissions
2022-12-27T01:51:37.8530190Z Actions: write
2022-12-27T01:51:37.8530440Z Checks: write
2022-12-27T01:51:37.8530690Z Contents: write
2022-12-27T01:51:37.8530950Z Deployments: write
2022-12-27T01:51:37.8531210Z Discussions: write
2022-12-27T01:51:37.8531460Z Issues: write
2022-12-27T01:51:37.8531700Z Metadata: read
2022-12-27T01:51:37.8531950Z Packages: write
2022-12-27T01:51:37.8532210Z Pages: write
2022-12-27T01:51:37.8532460Z PullRequests: write
2022-12-27T01:51:37.8532760Z RepositoryProjects: write
2022-12-27T01:51:37.8533060Z SecurityEvents: write
2022-12-27T01:51:37.8533330Z Statuses: write
2022-12-27T01:51:37.8533570Z ##[endgroup]
2022-12-27T01:51:37.8537220Z Secret source: Actions
2022-12-27T01:51:37.8537730Z Prepare workflow directory
2022-12-27T01:51:37.9671790Z Prepare all required actions
2022-12-27T01:51:37.9891970Z Getting action download info
2022-12-27T01:51:38.4287240Z Download action repository 'actions/setup-python@v4' (SHA:5ccb29d8773c3f3f653e1705f474dfaa8a06a912)
2022-12-27T01:51:39.8546180Z Download action repository 'actions/upload-artifact@v3' (SHA:83fd05a356d7e2593de66fc9913b3002723633cb)
2022-12-27T01:51:41.2780800Z ##[group]Run echo '{
2022-12-27T01:51:41.2781340Z [36;1mecho '{[0m
2022-12-27T01:51:41.2781690Z [36;1m  "environment_variables": "GRPC_PYTHON_BUILD_WITH_CYTHON=1 GRPC_BUILD_WITH_BORING_SSL_ASM='' GRPC_PYTHON_BUILD_SYSTEM_OPENSSL=TRUE",[0m
2022-12-27T01:51:41.2782100Z [36;1m  "package_name": "grpcio",[0m
2022-12-27T01:51:41.2782480Z [36;1m  "package_url": "https://files.pythonhosted.org/packages/c3/c5/13292086702c2ebb35bd1fe5388143cf0db4d179c61184ff0fd3965d71d7/grpcio-0.5.0a1.tar.gz",[0m
2022-12-27T01:51:41.2782870Z [36;1m  "package_version": "0.5.0a1",[0m
2022-12-27T01:51:41.2783120Z [36;1m  "python_version": "3.11",[0m
2022-12-27T01:51:41.2783430Z [36;1m  "use_ccache": "true"[0m
2022-12-27T01:51:41.2783630Z [36;1m}'[0m
2022-12-27T01:51:41.2811080Z shell: /bin/bash -e {0}
2022-12-27T01:51:41.2811380Z ##[endgroup]
2022-12-27T01:51:41.3217400Z {
2022-12-27T01:51:41.3220400Z   "environment_variables": "GRPC_PYTHON_BUILD_WITH_CYTHON=1 GRPC_BUILD_WITH_BORING_SSL_ASM= GRPC_PYTHON_BUILD_SYSTEM_OPENSSL=TRUE",
2022-12-27T01:51:41.3220840Z   "package_name": "grpcio",
2022-12-27T01:51:41.3222010Z   "package_url": "https://files.pythonhosted.org/packages/c3/c5/13292086702c2ebb35bd1fe5388143cf0db4d179c61184ff0fd3965d71d7/grpcio-0.5.0a1.tar.gz",
2022-12-27T01:51:41.3222590Z   "package_version": "0.5.0a1",
2022-12-27T01:51:41.3222860Z   "python_version": "3.11",
2022-12-27T01:51:41.3223180Z   "use_ccache": "true"
2022-12-27T01:51:41.3223470Z }
2022-12-27T01:51:41.3559890Z ##[group]Run actions/setup-python@v4
2022-12-27T01:51:41.3560320Z with:
2022-12-27T01:51:41.3560720Z   python-version: 3.11
2022-12-27T01:51:41.3560980Z   check-latest: false
2022-12-27T01:51:41.3561560Z   token: ***
2022-12-27T01:51:41.3561940Z   update-environment: true
2022-12-27T01:51:41.3562210Z ##[endgroup]
2022-12-27T01:51:41.5676440Z ##[group]Installed versions
2022-12-27T01:51:41.5758020Z Successfully set up CPython (3.11.1)
2022-12-27T01:51:41.5759150Z ##[endgroup]
2022-12-27T01:51:41.5989020Z ##[group]Run if [ "true" == "true" ]
2022-12-27T01:51:41.5989460Z [36;1mif [ "true" == "true" ][0m
2022-12-27T01:51:41.5989730Z [36;1mthen[0m
2022-12-27T01:51:41.5990120Z [36;1m  echo "CCACHE_PATH_PREPEND=/usr/local/opt/ccache/libexec" >> $GITHUB_OUTPUT[0m
2022-12-27T01:51:41.5990610Z [36;1melse[0m
2022-12-27T01:51:41.5990980Z [36;1m  echo "CCACHE_PATH_PREPEND=" >> $GITHUB_OUTPUT[0m
2022-12-27T01:51:41.5991260Z [36;1mfi[0m
2022-12-27T01:51:41.6021800Z shell: /bin/bash -e {0}
2022-12-27T01:51:41.6022350Z env:
2022-12-27T01:51:41.6022670Z   pythonLocation: /Users/runner/hostedtoolcache/Python/3.11.1/x64
2022-12-27T01:51:41.6023120Z   PKG_CONFIG_PATH: /Users/runner/hostedtoolcache/Python/3.11.1/x64/lib/pkgconfig
2022-12-27T01:51:41.6024490Z   Python_ROOT_DIR: /Users/runner/hostedtoolcache/Python/3.11.1/x64
2022-12-27T01:51:41.6025030Z   Python2_ROOT_DIR: /Users/runner/hostedtoolcache/Python/3.11.1/x64
2022-12-27T01:51:41.6025530Z   Python3_ROOT_DIR: /Users/runner/hostedtoolcache/Python/3.11.1/x64
2022-12-27T01:51:41.6025900Z ##[endgroup]
2022-12-27T01:51:41.6344370Z ##[group]Run echo "BUILD_NAME=$(echo grpcio_0.5.0a1_3.11 | tr -dc '[:alnum:]\n\r' | tr '[:upper:]' '[:lower:]')" >> $GITHUB_OUTPUT
2022-12-27T01:51:41.6345000Z [36;1mecho "BUILD_NAME=$(echo grpcio_0.5.0a1_3.11 | tr -dc '[:alnum:]\n\r' | tr '[:upper:]' '[:lower:]')" >> $GITHUB_OUTPUT[0m
2022-12-27T01:51:41.6373260Z shell: /bin/bash -e {0}
2022-12-27T01:51:41.6373430Z env:
2022-12-27T01:51:41.6373670Z   pythonLocation: /Users/runner/hostedtoolcache/Python/3.11.1/x64
2022-12-27T01:51:41.6374110Z   PKG_CONFIG_PATH: /Users/runner/hostedtoolcache/Python/3.11.1/x64/lib/pkgconfig
2022-12-27T01:51:41.6374500Z   Python_ROOT_DIR: /Users/runner/hostedtoolcache/Python/3.11.1/x64
2022-12-27T01:51:41.6374920Z   Python2_ROOT_DIR: /Users/runner/hostedtoolcache/Python/3.11.1/x64
2022-12-27T01:51:41.6375310Z   Python3_ROOT_DIR: /Users/runner/hostedtoolcache/Python/3.11.1/x64
2022-12-27T01:51:41.6375620Z ##[endgroup]
2022-12-27T01:51:41.6620260Z ##[group]Run echo "PYTHON_NO_DOTS=$(echo 3.11 | tr -dc '[:alnum:]\n\r' | tr '[:upper:]' '[:lower:]')" >> $GITHUB_OUTPUT
2022-12-27T01:51:41.6620860Z [36;1mecho "PYTHON_NO_DOTS=$(echo 3.11 | tr -dc '[:alnum:]\n\r' | tr '[:upper:]' '[:lower:]')" >> $GITHUB_OUTPUT[0m
2022-12-27T01:51:41.6650140Z shell: /bin/bash -e {0}
2022-12-27T01:51:41.6650490Z env:
2022-12-27T01:51:41.6650860Z   pythonLocation: /Users/runner/hostedtoolcache/Python/3.11.1/x64
2022-12-27T01:51:41.6652270Z   PKG_CONFIG_PATH: /Users/runner/hostedtoolcache/Python/3.11.1/x64/lib/pkgconfig
2022-12-27T01:51:41.6652720Z   Python_ROOT_DIR: /Users/runner/hostedtoolcache/Python/3.11.1/x64
2022-12-27T01:51:41.6653090Z   Python2_ROOT_DIR: /Users/runner/hostedtoolcache/Python/3.11.1/x64
2022-12-27T01:51:41.6653660Z   Python3_ROOT_DIR: /Users/runner/hostedtoolcache/Python/3.11.1/x64
2022-12-27T01:51:41.6654010Z ##[endgroup]
2022-12-27T01:51:41.6910650Z ##[group]Run rm -rf build_grpcio050a1311
2022-12-27T01:51:41.6911280Z [36;1mrm -rf build_grpcio050a1311[0m
2022-12-27T01:51:41.6911640Z [36;1mmkdir build_grpcio050a1311[0m
2022-12-27T01:51:41.6912000Z [36;1mcd build_grpcio050a1311[0m
2022-12-27T01:51:41.6912480Z [36;1m/usr/local/bin/wget --quiet https://files.pythonhosted.org/packages/c3/c5/13292086702c2ebb35bd1fe5388143cf0db4d179c61184ff0fd3965d71d7/grpcio-0.5.0a1.tar.gz[0m
2022-12-27T01:51:41.6913060Z [36;1mtar xf *.tar.gz[0m
2022-12-27T01:51:41.6913400Z [36;1mcd grpcio-*/[0m
2022-12-27T01:51:41.6913770Z [36;1mpython -m pip install cibuildwheel==2.11.3[0m
2022-12-27T01:51:41.6914130Z [36;1mpython -m cibuildwheel --output-dir ../wheelsout[0m
2022-12-27T01:51:41.6944440Z shell: /bin/bash -e {0}
2022-12-27T01:51:41.6944820Z env:
2022-12-27T01:51:41.6945140Z   pythonLocation: /Users/runner/hostedtoolcache/Python/3.11.1/x64
2022-12-27T01:51:41.6945760Z   PKG_CONFIG_PATH: /Users/runner/hostedtoolcache/Python/3.11.1/x64/lib/pkgconfig
2022-12-27T01:51:41.6946230Z   Python_ROOT_DIR: /Users/runner/hostedtoolcache/Python/3.11.1/x64
2022-12-27T01:51:41.6946700Z   Python2_ROOT_DIR: /Users/runner/hostedtoolcache/Python/3.11.1/x64
2022-12-27T01:51:41.6947150Z   Python3_ROOT_DIR: /Users/runner/hostedtoolcache/Python/3.11.1/x64
2022-12-27T01:51:41.6947480Z   CIBW_ARCHS_MACOS: arm64
2022-12-27T01:51:41.6947880Z   CIBW_TEST_SKIP: *_arm64
2022-12-27T01:51:41.6948220Z   CIBW_BUILD: cp311-macosx_arm64
2022-12-27T01:51:41.6948510Z   CIBW_BUILD_FRONTEND: pip
2022-12-27T01:51:41.6948840Z   CIBW_BUILD_VERBOSITY: 3
2022-12-27T01:51:41.6949620Z   CIBW_ENVIRONMENT_MACOS: GRPC_PYTHON_BUILD_WITH_CYTHON=1 GRPC_BUILD_WITH_BORING_SSL_ASM='' GRPC_PYTHON_BUILD_SYSTEM_OPENSSL=TRUE CFLAGS="-I/usr/local/opt/openssl@3/include" LDFLAGS="-L/usr/local/opt/openssl@3/lib" CPPFLAGS="-I/usr/local/opt/openssl@3/include" MAKEFLAGS="-j$(sysctl -n hw.logicalcpu)" PATH=/usr/local/opt/ccache/libexec:$PATH
2022-12-27T01:51:41.6950770Z   CIBW_BEFORE_BUILD: pip install Cython; if [[ -f requirements.txt ]]; then pip install -r requirements.txt; fi
2022-12-27T01:51:41.6951240Z   MAKEFLAGS: -j$(sysctl -n hw.logicalcpu)
2022-12-27T01:51:41.6951530Z ##[endgroup]
2022-12-27T01:51:42.2081070Z Requirement already satisfied: cibuildwheel==2.11.3 in /Library/Frameworks/Python.framework/Versions/3.11/lib/python3.11/site-packages (2.11.3)
2022-12-27T01:51:42.2651410Z Requirement already satisfied: bashlex!=0.13 in /Library/Frameworks/Python.framework/Versions/3.11/lib/python3.11/site-packages (from cibuildwheel==2.11.3) (0.16)
2022-12-27T01:51:42.2658760Z Requirement already satisfied: bracex in /Library/Frameworks/Python.framework/Versions/3.11/lib/python3.11/site-packages (from cibuildwheel==2.11.3) (2.3.post1)
2022-12-27T01:51:42.2668090Z Requirement already satisfied: certifi in /Library/Frameworks/Python.framework/Versions/3.11/lib/python3.11/site-packages (from cibuildwheel==2.11.3) (2022.12.7)
2022-12-27T01:51:42.2676390Z Requirement already satisfied: filelock in /Library/Frameworks/Python.framework/Versions/3.11/lib/python3.11/site-packages (from cibuildwheel==2.11.3) (3.8.2)
2022-12-27T01:51:42.2690300Z Requirement already satisfied: packaging>=20.9 in /Library/Frameworks/Python.framework/Versions/3.11/lib/python3.11/site-packages (from cibuildwheel==2.11.3) (22.0)
2022-12-27T01:51:42.2700040Z Requirement already satisfied: platformdirs in /Library/Frameworks/Python.framework/Versions/3.11/lib/python3.11/site-packages (from cibuildwheel==2.11.3) (2.6.0)
2022-12-27T01:51:42.6848340Z 
2022-12-27T01:51:42.6849090Z      _ _       _ _   _       _           _
2022-12-27T01:51:42.6851290Z  ___|_| |_ _ _|_| |_| |_ _ _| |_ ___ ___| |
2022-12-27T01:51:42.6853090Z |  _| | . | | | | | . | | | |   | -_| -_| |
2022-12-27T01:51:42.6854160Z |___|_|___|___|_|_|___|_____|_|_|___|___|_|
2022-12-27T01:51:42.6854540Z 
2022-12-27T01:51:42.6854830Z cibuildwheel version 2.11.3
2022-12-27T01:51:42.6855200Z 
2022-12-27T01:51:42.6855380Z Build options:
2022-12-27T01:51:42.6856190Z   platform: macos
2022-12-27T01:51:42.6920100Z   architectures: arm64[0m
2022-12-27T01:51:42.6921260Z   build_selector: 
2022-12-27T01:51:42.6922910Z     build_config: cp311-macosx_arm64
2022-12-27T01:51:42.6924450Z     skip_config: 
2022-12-27T01:51:42.6926570Z     requires_python: None
2022-12-27T01:51:42.6927890Z     prerelease_pythons: False[0m
2022-12-27T01:51:42.6928650Z   [38;5;244mcontainer_engine: docker[0m
2022-12-27T01:51:42.6929470Z   output_dir: /Users/runner/actions-runner/_work/python.build/python.build/build_grpcio050a1311/wheelsout[0m
2022-12-27T01:51:42.6930620Z   package_dir: /Users/runner/actions-runner/_work/python.build/python.build/build_grpcio050a1311/grpcio-0.5.0a1[0m
2022-12-27T01:51:42.6931090Z   test_selector: 
2022-12-27T01:51:42.6931500Z     skip_config: *_arm64[0m
2022-12-27T01:51:42.6931850Z   [38;5;244mbefore_all: [0m
2022-12-27T01:51:42.6932460Z   before_build: pip install Cython; if [[ -f requirements.txt ]]; then pip install -r requirements.txt; fi[0m
2022-12-27T01:51:42.6933150Z   [38;5;244mbefore_test: [0m
2022-12-27T01:51:42.6933570Z   [38;5;244mbuild_frontend: pip[0m
2022-12-27T01:51:42.6933930Z   build_verbosity: 3[0m
2022-12-27T01:51:42.6934360Z   [38;5;244mconfig_settings: [0m
2022-12-27T01:51:42.6934910Z   [38;5;244mdependency_constraints: pinned[0m
2022-12-27T01:51:42.6935220Z   environment: 
2022-12-27T01:51:42.6935560Z     GRPC_PYTHON_BUILD_WITH_CYTHON=1
2022-12-27T01:51:42.6935970Z     GRPC_BUILD_WITH_BORING_SSL_ASM=''
2022-12-27T01:51:42.6936340Z     GRPC_PYTHON_BUILD_SYSTEM_OPENSSL=TRUE
2022-12-27T01:51:42.6936890Z     CFLAGS="-I/usr/local/opt/openssl@3/include"
2022-12-27T01:51:42.6937380Z     LDFLAGS="-L/usr/local/opt/openssl@3/lib"
2022-12-27T01:51:42.6937880Z     CPPFLAGS="-I/usr/local/opt/openssl@3/include"
2022-12-27T01:51:42.6938300Z     MAKEFLAGS="-j$(sysctl -n hw.logicalcpu)"
2022-12-27T01:51:42.6939200Z     PATH=/usr/local/opt/ccache/libexec:$PATH[0m
2022-12-27T01:51:42.6939770Z   [38;5;244mmanylinux_images: None[0m
2022-12-27T01:51:42.6940160Z   [38;5;244mmusllinux_images: None[0m
2022-12-27T01:51:42.6940750Z   [38;5;244mrepair_command: delocate-wheel --require-archs {delocate_archs} -w {dest_dir} -v {wheel}[0m
2022-12-27T01:51:42.6941270Z   [38;5;244mtest_command: [0m
2022-12-27T01:51:42.6941620Z   [38;5;244mtest_extras: [0m
2022-12-27T01:51:42.6942110Z   [38;5;244mtest_requires: [0m
2022-12-27T01:51:42.6942420Z 
2022-12-27T01:51:42.6942630Z Cache folder: /Users/runner/Library/Caches/cibuildwheel
2022-12-27T01:51:42.6945660Z 
2022-12-27T01:51:42.6946080Z Here we go!
2022-12-27T01:51:42.6946210Z 
2022-12-27T01:51:42.7033370Z 
2022-12-27T01:51:42.7034070Z [1m[34mBuilding cp311-macosx_arm64 wheel[0m
2022-12-27T01:51:42.7034800Z CPython 3.11 macOS arm64 - Apple Silicon
2022-12-27T01:51:42.7035020Z 
2022-12-27T01:51:42.7040280Z ##[group]Installing Python cp311...
2022-12-27T01:51:42.7040800Z 
2022-12-27T01:51:42.7041600Z + pkgutil --pkgs
2022-12-27T01:51:42.7241400Z ##[endgroup]
2022-12-27T01:51:42.7244210Z                                                               [32m✓ [0m0.02s
2022-12-27T01:51:42.7244910Z ##[group]Setting up build environment...
2022-12-27T01:51:42.7245120Z 
2022-12-27T01:51:42.7271620Z + /Library/Frameworks/Python.framework/Versions/3.11/bin/python -sS /Users/runner/Library/Caches/cibuildwheel/virtualenv-20.17.0.pyz --activators= --no-periodic-update --pip=22.3.1 --setuptools=65.6.3 --wheel=0.38.4 --symlink-app-data --python /Library/Frameworks/Python.framework/Versions/3.11/bin/python3 /private/var/folders/51/hd414ycd67n82196sw51xqtc0000gn/T/cibw-run-5tkuizu8/cp311-macosx_arm64/build/venv
2022-12-27T01:51:43.0341320Z created virtual environment CPython3.11.1.final.0-64 in 79ms
2022-12-27T01:51:43.0342550Z   creator CPython3Posix(dest=/private/var/folders/51/hd414ycd67n82196sw51xqtc0000gn/T/cibw-run-5tkuizu8/cp311-macosx_arm64/build/venv, clear=False, no_vcs_ignore=False, global=False)
2022-12-27T01:51:43.0344110Z   seeder FromAppData(download=False, pip=22.3.1, setuptools=65.6.3, wheel=0.38.4, via=symlink, app_data_dir=/Users/runner/Library/Application Support/virtualenv)
2022-12-27T01:51:43.0344710Z     added seed packages: pip==22.3.1, setuptools==65.6.3, wheel==0.38.4
2022-12-27T01:51:43.0649770Z + python -m pip install --upgrade pip -c /Library/Frameworks/Python.framework/Versions/3.11/lib/python3.11/site-packages/cibuildwheel/resources/constraints-python311.txt
2022-12-27T01:51:43.4992570Z Requirement already satisfied: pip in ./lib/python3.11/site-packages (22.3.1)
2022-12-27T01:51:43.7446010Z + which pip
2022-12-27T01:51:43.7483620Z /private/var/folders/51/hd414ycd67n82196sw51xqtc0000gn/T/cibw-run-5tkuizu8/cp311-macosx_arm64/build/venv/bin/pip
2022-12-27T01:51:43.7491780Z + pip --version
2022-12-27T01:51:44.0517710Z pip 22.3.1 from /private/var/folders/51/hd414ycd67n82196sw51xqtc0000gn/T/cibw-run-5tkuizu8/cp311-macosx_arm64/build/venv/lib/python3.11/site-packages/pip (python 3.11)
2022-12-27T01:51:44.1126490Z + which pip
2022-12-27T01:51:44.1190620Z + which python
2022-12-27T01:51:44.1245160Z /private/var/folders/51/hd414ycd67n82196sw51xqtc0000gn/T/cibw-run-5tkuizu8/cp311-macosx_arm64/build/venv/bin/python
2022-12-27T01:51:44.1250730Z + python --version
2022-12-27T01:51:44.1362970Z Python 3.11.1
2022-12-27T01:51:44.1368490Z + which python
2022-12-27T01:51:44.1468210Z ##[endgroup]
2022-12-27T01:51:44.1469400Z                                                               [32m✓ [0m1.42s
2022-12-27T01:51:44.1470510Z ##[group]Installing build tools...
2022-12-27T01:51:44.1470800Z 
2022-12-27T01:51:44.1471920Z + pip install --upgrade setuptools wheel delocate -c /Library/Frameworks/Python.framework/Versions/3.11/lib/python3.11/site-packages/cibuildwheel/resources/constraints-python311.txt
2022-12-27T01:51:44.5922910Z Requirement already satisfied: setuptools in /private/var/folders/51/hd414ycd67n82196sw51xqtc0000gn/T/cibw-run-5tkuizu8/cp311-macosx_arm64/build/venv/lib/python3.11/site-packages (65.6.3)
2022-12-27T01:51:44.8653750Z Requirement already satisfied: wheel in /private/var/folders/51/hd414ycd67n82196sw51xqtc0000gn/T/cibw-run-5tkuizu8/cp311-macosx_arm64/build/venv/lib/python3.11/site-packages (0.38.4)
2022-12-27T01:51:44.9320890Z Collecting delocate
2022-12-27T01:51:44.9364230Z   Using cached delocate-0.10.3-py3-none-any.whl (142 kB)
2022-12-27T01:51:44.9776730Z Collecting packaging>=20.9
2022-12-27T01:51:44.9816540Z   Using cached packaging-21.3-py3-none-any.whl (40 kB)
2022-12-27T01:51:45.0082310Z Collecting typing-extensions
2022-12-27T01:51:45.0123280Z   Using cached typing_extensions-4.4.0-py3-none-any.whl (26 kB)
2022-12-27T01:51:45.0572470Z Collecting pyparsing!=3.0.5,>=2.0.2
2022-12-27T01:51:45.0609820Z   Using cached pyparsing-3.0.9-py3-none-any.whl (98 kB)
2022-12-27T01:51:45.1491580Z Installing collected packages: typing-extensions, pyparsing, packaging, delocate
2022-12-27T01:51:45.3667830Z Successfully installed delocate-0.10.3 packaging-21.3 pyparsing-3.0.9 typing-extensions-4.4.0
2022-12-27T01:51:45.5011060Z ##[endgroup]
2022-12-27T01:51:45.5012390Z                                                               [32m✓ [0m1.35s
2022-12-27T01:51:45.5013500Z ##[group]Running before_build...
2022-12-27T01:51:45.5014170Z 
2022-12-27T01:51:45.5023650Z + pip install Cython; if [[ -f requirements.txt ]]; then pip install -r requirements.txt; fi
2022-12-27T01:51:46.3757530Z Collecting Cython
2022-12-27T01:51:46.3838960Z   Using cached Cython-0.29.32-py2.py3-none-any.whl (986 kB)
2022-12-27T01:51:46.4475000Z Installing collected packages: Cython
2022-12-27T01:51:47.1346680Z Successfully installed Cython-0.29.32
2022-12-27T01:51:47.2652030Z ##[endgroup]
2022-12-27T01:51:47.2653010Z                                                               [32m✓ [0m1.76s
2022-12-27T01:51:47.2654120Z ##[group]Building wheel...
2022-12-27T01:51:47.2654330Z 
2022-12-27T01:51:47.2667060Z + python -m pip wheel /Users/runner/actions-runner/_work/python.build/python.build/build_grpcio050a1311/grpcio-0.5.0a1 --wheel-dir=/private/var/folders/51/hd414ycd67n82196sw51xqtc0000gn/T/cibw-run-5tkuizu8/cp311-macosx_arm64/built_wheel --no-deps -vvv
2022-12-27T01:51:47.6593310Z Created temporary directory: /private/var/folders/51/hd414ycd67n82196sw51xqtc0000gn/T/pip-ephem-wheel-cache-7fcq2nbu
2022-12-27T01:51:47.6599150Z Created temporary directory: /private/var/folders/51/hd414ycd67n82196sw51xqtc0000gn/T/pip-build-tracker-tfjsgrs6
2022-12-27T01:51:47.6602270Z Initialized build tracking at /private/var/folders/51/hd414ycd67n82196sw51xqtc0000gn/T/pip-build-tracker-tfjsgrs6
2022-12-27T01:51:47.6604150Z Created build tracker: /private/var/folders/51/hd414ycd67n82196sw51xqtc0000gn/T/pip-build-tracker-tfjsgrs6
2022-12-27T01:51:47.6606250Z Entered build tracker: /private/var/folders/51/hd414ycd67n82196sw51xqtc0000gn/T/pip-build-tracker-tfjsgrs6
2022-12-27T01:51:47.6611020Z Created temporary directory: /private/var/folders/51/hd414ycd67n82196sw51xqtc0000gn/T/pip-wheel-wgzxuowm
2022-12-27T01:51:47.6619160Z Created temporary directory: /private/var/folders/51/hd414ycd67n82196sw51xqtc0000gn/T/pip-ephem-wheel-cache-3t1xx6vf
2022-12-27T01:51:47.6742540Z Processing /Users/runner/actions-runner/_work/python.build/python.build/build_grpcio050a1311/grpcio-0.5.0a1
2022-12-27T01:51:47.6749930Z   Added file:///Users/runner/actions-runner/_work/python.build/python.build/build_grpcio050a1311/grpcio-0.5.0a1 to build tracker '/private/var/folders/51/hd414ycd67n82196sw51xqtc0000gn/T/pip-build-tracker-tfjsgrs6'
2022-12-27T01:51:47.6755180Z   Running setup.py (path:/Users/runner/actions-runner/_work/python.build/python.build/build_grpcio050a1311/grpcio-0.5.0a1/setup.py) egg_info for package from file:///Users/runner/actions-runner/_work/python.build/python.build/build_grpcio050a1311/grpcio-0.5.0a1
2022-12-27T01:51:47.6759780Z   Created temporary directory: /private/var/folders/51/hd414ycd67n82196sw51xqtc0000gn/T/pip-pip-egg-info-g651m5zl
2022-12-27T01:51:47.6761600Z   Preparing metadata (setup.py): started
2022-12-27T01:51:47.6765270Z   Running command python setup.py egg_info
2022-12-27T01:51:47.9169360Z   running egg_info
2022-12-27T01:51:47.9174180Z   creating /private/var/folders/51/hd414ycd67n82196sw51xqtc0000gn/T/pip-pip-egg-info-g651m5zl/grpcio.egg-info
2022-12-27T01:51:47.9179020Z   writing /private/var/folders/51/hd414ycd67n82196sw51xqtc0000gn/T/pip-pip-egg-info-g651m5zl/grpcio.egg-info/PKG-INFO
2022-12-27T01:51:47.9182160Z   writing dependency_links to /private/var/folders/51/hd414ycd67n82196sw51xqtc0000gn/T/pip-pip-egg-info-g651m5zl/grpcio.egg-info/dependency_links.txt
2022-12-27T01:51:47.9188560Z   writing requirements to /private/var/folders/51/hd414ycd67n82196sw51xqtc0000gn/T/pip-pip-egg-info-g651m5zl/grpcio.egg-info/requires.txt
2022-12-27T01:51:47.9190970Z   writing top-level names to /private/var/folders/51/hd414ycd67n82196sw51xqtc0000gn/T/pip-pip-egg-info-g651m5zl/grpcio.egg-info/top_level.txt
2022-12-27T01:51:47.9193240Z   writing manifest file '/private/var/folders/51/hd414ycd67n82196sw51xqtc0000gn/T/pip-pip-egg-info-g651m5zl/grpcio.egg-info/SOURCES.txt'
2022-12-27T01:51:48.0669900Z   reading manifest file '/private/var/folders/51/hd414ycd67n82196sw51xqtc0000gn/T/pip-pip-egg-info-g651m5zl/grpcio.egg-info/SOURCES.txt'
2022-12-27T01:51:48.0672350Z   reading manifest template 'MANIFEST.in'
2022-12-27T01:51:48.0716870Z   writing manifest file '/private/var/folders/51/hd414ycd67n82196sw51xqtc0000gn/T/pip-pip-egg-info-g651m5zl/grpcio.egg-info/SOURCES.txt'
2022-12-27T01:51:48.1323910Z   Preparing metadata (setup.py): finished with status 'done'
2022-12-27T01:51:48.1359750Z   Source in /Users/runner/actions-runner/_work/python.build/python.build/build_grpcio050a1311/grpcio-0.5.0a1 has version 0.5.0a1, which satisfies requirement grpcio==0.5.0a1 from file:///Users/runner/actions-runner/_work/python.build/python.build/build_grpcio050a1311/grpcio-0.5.0a1
2022-12-27T01:51:48.1363410Z   Removed grpcio==0.5.0a1 from file:///Users/runner/actions-runner/_work/python.build/python.build/build_grpcio050a1311/grpcio-0.5.0a1 from build tracker '/private/var/folders/51/hd414ycd67n82196sw51xqtc0000gn/T/pip-build-tracker-tfjsgrs6'
2022-12-27T01:51:48.1388070Z Created temporary directory: /private/var/folders/51/hd414ycd67n82196sw51xqtc0000gn/T/pip-unpack-c8f4sp8p
2022-12-27T01:51:48.1388870Z Building wheels for collected packages: grpcio
2022-12-27T01:51:48.1400650Z   Created temporary directory: /private/var/folders/51/hd414ycd67n82196sw51xqtc0000gn/T/pip-wheel-iyrt50l_
2022-12-27T01:51:48.1401400Z   Building wheel for grpcio (setup.py): started
2022-12-27T01:51:48.1404990Z   Destination directory: /private/var/folders/51/hd414ycd67n82196sw51xqtc0000gn/T/pip-wheel-iyrt50l_
2022-12-27T01:51:48.1405710Z   Running command python setup.py bdist_wheel
2022-12-27T01:51:48.4021610Z   running bdist_wheel
2022-12-27T01:51:48.5237520Z   running build
2022-12-27T01:51:48.5240570Z   running build_py
2022-12-27T01:51:48.5264230Z   creating build
2022-12-27T01:51:48.5268550Z   creating build/lib.macosx-11.0-arm64-cpython-311
2022-12-27T01:51:48.5271910Z   creating build/lib.macosx-11.0-arm64-cpython-311/grpc
2022-12-27T01:51:48.5274150Z   copying grpc/__init__.py -> build/lib.macosx-11.0-arm64-cpython-311/grpc
2022-12-27T01:51:48.5279920Z   creating build/lib.macosx-11.0-arm64-cpython-311/grpc/_adapter
2022-12-27T01:51:48.5281600Z   copying grpc/_adapter/fore.py -> build/lib.macosx-11.0-arm64-cpython-311/grpc/_adapter
2022-12-27T01:51:48.5291060Z   copying grpc/_adapter/_event_invocation_synchronous_event_service_test.py -> build/lib.macosx-11.0-arm64-cpython-311/grpc/_adapter
2022-12-27T01:51:48.5294720Z   copying grpc/_adapter/_lonely_rear_link_test.py -> build/lib.macosx-11.0-arm64-cpython-311/grpc/_adapter
2022-12-27T01:51:48.5299130Z   copying grpc/_adapter/_face_test_case.py -> build/lib.macosx-11.0-arm64-cpython-311/grpc/_adapter
2022-12-27T01:51:48.5302500Z   copying grpc/_adapter/_future_invocation_asynchronous_event_service_test.py -> build/lib.macosx-11.0-arm64-cpython-311/grpc/_adapter
2022-12-27T01:51:48.5304270Z   copying grpc/_adapter/_common.py -> build/lib.macosx-11.0-arm64-cpython-311/grpc/_adapter
2022-12-27T01:51:48.5306910Z   copying grpc/_adapter/__init__.py -> build/lib.macosx-11.0-arm64-cpython-311/grpc/_adapter
2022-12-27T01:51:48.5308150Z   copying grpc/_adapter/_low.py -> build/lib.macosx-11.0-arm64-cpython-311/grpc/_adapter
2022-12-27T01:51:48.5309880Z   copying grpc/_adapter/_blocking_invocation_inline_service_test.py -> build/lib.macosx-11.0-arm64-cpython-311/grpc/_adapter
2022-12-27T01:51:48.5317790Z   copying grpc/_adapter/_test_links.py -> build/lib.macosx-11.0-arm64-cpython-311/grpc/_adapter
2022-12-27T01:51:48.5319600Z   copying grpc/_adapter/rear.py -> build/lib.macosx-11.0-arm64-cpython-311/grpc/_adapter
2022-12-27T01:51:48.5320990Z   copying grpc/_adapter/_proto_scenarios.py -> build/lib.macosx-11.0-arm64-cpython-311/grpc/_adapter
2022-12-27T01:51:48.5325050Z   copying grpc/_adapter/_low_test.py -> build/lib.macosx-11.0-arm64-cpython-311/grpc/_adapter
2022-12-27T01:51:48.5328890Z   copying grpc/_adapter/_datatypes.py -> build/lib.macosx-11.0-arm64-cpython-311/grpc/_adapter
2022-12-27T01:51:48.5333830Z   copying grpc/_adapter/_links_test.py -> build/lib.macosx-11.0-arm64-cpython-311/grpc/_adapter
2022-12-27T01:51:48.5338760Z   copying grpc/_adapter/_c_test.py -> build/lib.macosx-11.0-arm64-cpython-311/grpc/_adapter
2022-12-27T01:51:48.5344290Z   creating build/lib.macosx-11.0-arm64-cpython-311/grpc/_junkdrawer
2022-12-27T01:51:48.5347010Z   copying grpc/_junkdrawer/stock_pb2.py -> build/lib.macosx-11.0-arm64-cpython-311/grpc/_junkdrawer
2022-12-27T01:51:48.5350160Z   copying grpc/_junkdrawer/__init__.py -> build/lib.macosx-11.0-arm64-cpython-311/grpc/_junkdrawer
2022-12-27T01:51:48.5352330Z   copying grpc/_junkdrawer/math_pb2.py -> build/lib.macosx-11.0-arm64-cpython-311/grpc/_junkdrawer
2022-12-27T01:51:48.5358100Z   creating build/lib.macosx-11.0-arm64-cpython-311/grpc/early_adopter
2022-12-27T01:51:48.5361690Z   copying grpc/early_adopter/__init__.py -> build/lib.macosx-11.0-arm64-cpython-311/grpc/early_adopter
2022-12-27T01:51:48.5363810Z   copying grpc/early_adopter/implementations_test.py -> build/lib.macosx-11.0-arm64-cpython-311/grpc/early_adopter
2022-12-27T01:51:48.5367870Z   copying grpc/early_adopter/implementations.py -> build/lib.macosx-11.0-arm64-cpython-311/grpc/early_adopter
2022-12-27T01:51:48.5373440Z   creating build/lib.macosx-11.0-arm64-cpython-311/grpc/framework
2022-12-27T01:51:48.5375510Z   copying grpc/framework/__init__.py -> build/lib.macosx-11.0-arm64-cpython-311/grpc/framework
2022-12-27T01:51:48.5383950Z   creating build/lib.macosx-11.0-arm64-cpython-311/grpc/framework/alpha
2022-12-27T01:51:48.5385770Z   copying grpc/framework/alpha/interfaces.py -> build/lib.macosx-11.0-arm64-cpython-311/grpc/framework/alpha
2022-12-27T01:51:48.5388000Z   copying grpc/framework/alpha/_face_utilities.py -> build/lib.macosx-11.0-arm64-cpython-311/grpc/framework/alpha
2022-12-27T01:51:48.5391770Z   copying grpc/framework/alpha/__init__.py -> build/lib.macosx-11.0-arm64-cpython-311/grpc/framework/alpha
2022-12-27T01:51:48.5396200Z   copying grpc/framework/alpha/exceptions.py -> build/lib.macosx-11.0-arm64-cpython-311/grpc/framework/alpha
2022-12-27T01:51:48.5399000Z   copying grpc/framework/alpha/_reexport.py -> build/lib.macosx-11.0-arm64-cpython-311/grpc/framework/alpha
2022-12-27T01:51:48.5402890Z   copying grpc/framework/alpha/utilities.py -> build/lib.macosx-11.0-arm64-cpython-311/grpc/framework/alpha
2022-12-27T01:51:48.5417320Z   creating build/lib.macosx-11.0-arm64-cpython-311/grpc/framework/base
2022-12-27T01:51:48.5419140Z   copying grpc/framework/base/interfaces.py -> build/lib.macosx-11.0-arm64-cpython-311/grpc/framework/base
2022-12-27T01:51:48.5423650Z   copying grpc/framework/base/_constants.py -> build/lib.macosx-11.0-arm64-cpython-311/grpc/framework/base
2022-12-27T01:51:48.5427730Z   copying grpc/framework/base/_expiration.py -> build/lib.macosx-11.0-arm64-cpython-311/grpc/framework/base
2022-12-27T01:51:48.5431710Z   copying grpc/framework/base/_transmission.py -> build/lib.macosx-11.0-arm64-cpython-311/grpc/framework/base
2022-12-27T01:51:48.5433990Z   copying grpc/framework/base/_reception.py -> build/lib.macosx-11.0-arm64-cpython-311/grpc/framework/base
2022-12-27T01:51:48.5441350Z   copying grpc/framework/base/_ingestion.py -> build/lib.macosx-11.0-arm64-cpython-311/grpc/framework/base
2022-12-27T01:51:48.5443200Z   copying grpc/framework/base/util.py -> build/lib.macosx-11.0-arm64-cpython-311/grpc/framework/base
2022-12-27T01:51:48.5446440Z   copying grpc/framework/base/_termination.py -> build/lib.macosx-11.0-arm64-cpython-311/grpc/framework/base
2022-12-27T01:51:48.5450370Z   copying grpc/framework/base/null.py -> build/lib.macosx-11.0-arm64-cpython-311/grpc/framework/base
2022-12-27T01:51:48.5453620Z   copying grpc/framework/base/__init__.py -> build/lib.macosx-11.0-arm64-cpython-311/grpc/framework/base
2022-12-27T01:51:48.5458000Z   copying grpc/framework/base/_interfaces.py -> build/lib.macosx-11.0-arm64-cpython-311/grpc/framework/base
2022-12-27T01:51:48.5460570Z   copying grpc/framework/base/_context.py -> build/lib.macosx-11.0-arm64-cpython-311/grpc/framework/base
2022-12-27T01:51:48.5597970Z   copying grpc/framework/base/implementations_test.py -> build/lib.macosx-11.0-arm64-cpython-311/grpc/framework/base
2022-12-27T01:51:48.5599330Z   copying grpc/framework/base/interfaces_test_case.py -> build/lib.macosx-11.0-arm64-cpython-311/grpc/framework/base
2022-12-27T01:51:48.5600380Z   copying grpc/framework/base/exceptions.py -> build/lib.macosx-11.0-arm64-cpython-311/grpc/framework/base
2022-12-27T01:51:48.5601050Z   copying grpc/framework/base/_ends.py -> build/lib.macosx-11.0-arm64-cpython-311/grpc/framework/base
2022-12-27T01:51:48.5601850Z   copying grpc/framework/base/_emission.py -> build/lib.macosx-11.0-arm64-cpython-311/grpc/framework/base
2022-12-27T01:51:48.5602580Z   copying grpc/framework/base/implementations.py -> build/lib.macosx-11.0-arm64-cpython-311/grpc/framework/base
2022-12-27T01:51:48.5603470Z   copying grpc/framework/base/in_memory.py -> build/lib.macosx-11.0-arm64-cpython-311/grpc/framework/base
2022-12-27T01:51:48.5604170Z   copying grpc/framework/base/_cancellation.py -> build/lib.macosx-11.0-arm64-cpython-311/grpc/framework/base
2022-12-27T01:51:48.5605870Z   creating build/lib.macosx-11.0-arm64-cpython-311/grpc/framework/common
2022-12-27T01:51:48.5606600Z   copying grpc/framework/common/style.py -> build/lib.macosx-11.0-arm64-cpython-311/grpc/framework/common
2022-12-27T01:51:48.5607900Z   copying grpc/framework/common/cardinality.py -> build/lib.macosx-11.0-arm64-cpython-311/grpc/framework/common
2022-12-27T01:51:48.5608610Z   copying grpc/framework/common/__init__.py -> build/lib.macosx-11.0-arm64-cpython-311/grpc/framework/common
2022-12-27T01:51:48.5610520Z   creating build/lib.macosx-11.0-arm64-cpython-311/grpc/framework/face
2022-12-27T01:51:48.5611180Z   copying grpc/framework/face/_service.py -> build/lib.macosx-11.0-arm64-cpython-311/grpc/framework/face
2022-12-27T01:51:48.5611880Z   copying grpc/framework/face/interfaces.py -> build/lib.macosx-11.0-arm64-cpython-311/grpc/framework/face
2022-12-27T01:51:48.5613030Z   copying grpc/framework/face/_control.py -> build/lib.macosx-11.0-arm64-cpython-311/grpc/framework/face
2022-12-27T01:51:48.5613720Z   copying grpc/framework/face/blocking_invocation_inline_service_test.py -> build/lib.macosx-11.0-arm64-cpython-311/grpc/framework/face
2022-12-27T01:51:48.5614430Z   copying grpc/framework/face/__init__.py -> build/lib.macosx-11.0-arm64-cpython-311/grpc/framework/face
2022-12-27T01:51:48.5615150Z   copying grpc/framework/face/demonstration.py -> build/lib.macosx-11.0-arm64-cpython-311/grpc/framework/face
2022-12-27T01:51:48.5615840Z   copying grpc/framework/face/_calls.py -> build/lib.macosx-11.0-arm64-cpython-311/grpc/framework/face
2022-12-27T01:51:48.5616660Z   copying grpc/framework/face/exceptions.py -> build/lib.macosx-11.0-arm64-cpython-311/grpc/framework/face
2022-12-27T01:51:48.5617330Z   copying grpc/framework/face/utilities.py -> build/lib.macosx-11.0-arm64-cpython-311/grpc/framework/face
2022-12-27T01:51:48.5618510Z   copying grpc/framework/face/event_invocation_synchronous_event_service_test.py -> build/lib.macosx-11.0-arm64-cpython-311/grpc/framework/face
2022-12-27T01:51:48.5619170Z   copying grpc/framework/face/_test_case.py -> build/lib.macosx-11.0-arm64-cpython-311/grpc/framework/face
2022-12-27T01:51:48.5620450Z   copying grpc/framework/face/implementations.py -> build/lib.macosx-11.0-arm64-cpython-311/grpc/framework/face
2022-12-27T01:51:48.5621700Z   copying grpc/framework/face/future_invocation_asynchronous_event_service_test.py -> build/lib.macosx-11.0-arm64-cpython-311/grpc/framework/face
2022-12-27T01:51:48.5622860Z   creating build/lib.macosx-11.0-arm64-cpython-311/grpc/framework/face/testing
2022-12-27T01:51:48.5624050Z   copying grpc/framework/face/testing/callback.py -> build/lib.macosx-11.0-arm64-cpython-311/grpc/framework/face/testing
2022-12-27T01:51:48.5625580Z   copying grpc/framework/face/testing/digest.py -> build/lib.macosx-11.0-arm64-cpython-311/grpc/framework/face/testing
2022-12-27T01:51:48.5626790Z   copying grpc/framework/face/testing/interfaces.py -> build/lib.macosx-11.0-arm64-cpython-311/grpc/framework/face/testing
2022-12-27T01:51:48.5628110Z   copying grpc/framework/face/testing/stock_service.py -> build/lib.macosx-11.0-arm64-cpython-311/grpc/framework/face/testing
2022-12-27T01:51:48.5629620Z   copying grpc/framework/face/testing/service.py -> build/lib.macosx-11.0-arm64-cpython-311/grpc/framework/face/testing
2022-12-27T01:51:48.5630510Z   copying grpc/framework/face/testing/blocking_invocation_inline_service_test_case.py -> build/lib.macosx-11.0-arm64-cpython-311/grpc/framework/face/testing
2022-12-27T01:51:48.5631440Z   copying grpc/framework/face/testing/base_util.py -> build/lib.macosx-11.0-arm64-cpython-311/grpc/framework/face/testing
2022-12-27T01:51:48.5632480Z   copying grpc/framework/face/testing/control.py -> build/lib.macosx-11.0-arm64-cpython-311/grpc/framework/face/testing
2022-12-27T01:51:48.5633220Z   copying grpc/framework/face/testing/__init__.py -> build/lib.macosx-11.0-arm64-cpython-311/grpc/framework/face/testing
2022-12-27T01:51:48.5634240Z   copying grpc/framework/face/testing/coverage.py -> build/lib.macosx-11.0-arm64-cpython-311/grpc/framework/face/testing
2022-12-27T01:51:48.5635090Z   copying grpc/framework/face/testing/event_invocation_synchronous_event_service_test_case.py -> build/lib.macosx-11.0-arm64-cpython-311/grpc/framework/face/testing
2022-12-27T01:51:48.5635980Z   copying grpc/framework/face/testing/test_case.py -> build/lib.macosx-11.0-arm64-cpython-311/grpc/framework/face/testing
2022-12-27T01:51:48.5636720Z   copying grpc/framework/face/testing/serial.py -> build/lib.macosx-11.0-arm64-cpython-311/grpc/framework/face/testing
2022-12-27T01:51:48.5637470Z   copying grpc/framework/face/testing/future_invocation_asynchronous_event_service_test_case.py -> build/lib.macosx-11.0-arm64-cpython-311/grpc/framework/face/testing
2022-12-27T01:51:48.5644910Z   creating build/lib.macosx-11.0-arm64-cpython-311/grpc/framework/foundation
2022-12-27T01:51:48.5646130Z   copying grpc/framework/foundation/callable_util.py -> build/lib.macosx-11.0-arm64-cpython-311/grpc/framework/foundation
2022-12-27T01:51:48.5650690Z   copying grpc/framework/foundation/abandonment.py -> build/lib.macosx-11.0-arm64-cpython-311/grpc/framework/foundation
2022-12-27T01:51:48.5654370Z   copying grpc/framework/foundation/stream_testing.py -> build/lib.macosx-11.0-arm64-cpython-311/grpc/framework/foundation
2022-12-27T01:51:48.5660230Z   copying grpc/framework/foundation/__init__.py -> build/lib.macosx-11.0-arm64-cpython-311/grpc/framework/foundation
2022-12-27T01:51:48.5662810Z   copying grpc/framework/foundation/stream.py -> build/lib.macosx-11.0-arm64-cpython-311/grpc/framework/foundation
2022-12-27T01:51:48.5664740Z   copying grpc/framework/foundation/activated.py -> build/lib.macosx-11.0-arm64-cpython-311/grpc/framework/foundation
2022-12-27T01:51:48.5669160Z   copying grpc/framework/foundation/later.py -> build/lib.macosx-11.0-arm64-cpython-311/grpc/framework/foundation
2022-12-27T01:51:48.5671670Z   copying grpc/framework/foundation/_later_test.py -> build/lib.macosx-11.0-arm64-cpython-311/grpc/framework/foundation
2022-12-27T01:51:48.5676290Z   copying grpc/framework/foundation/_logging_pool_test.py -> build/lib.macosx-11.0-arm64-cpython-311/grpc/framework/foundation
2022-12-27T01:51:48.5680220Z   copying grpc/framework/foundation/stream_util.py -> build/lib.macosx-11.0-arm64-cpython-311/grpc/framework/foundation
2022-12-27T01:51:48.5683710Z   copying grpc/framework/foundation/future.py -> build/lib.macosx-11.0-arm64-cpython-311/grpc/framework/foundation
2022-12-27T01:51:48.5687670Z   copying grpc/framework/foundation/_timer_future.py -> build/lib.macosx-11.0-arm64-cpython-311/grpc/framework/foundation
2022-12-27T01:51:48.5691170Z   copying grpc/framework/foundation/logging_pool.py -> build/lib.macosx-11.0-arm64-cpython-311/grpc/framework/foundation
2022-12-27T01:51:48.5749720Z   running build_ext
2022-12-27T01:51:48.5771200Z   building 'grpc._adapter._c' extension
2022-12-27T01:51:48.5774440Z   creating build/temp.macosx-11.0-arm64-cpython-311
2022-12-27T01:51:48.5776430Z   creating build/temp.macosx-11.0-arm64-cpython-311/grpc
2022-12-27T01:51:48.5778380Z   creating build/temp.macosx-11.0-arm64-cpython-311/grpc/_adapter
2022-12-27T01:51:48.5781410Z   clang -Wsign-compare -Wunreachable-code -fno-common -dynamic -DNDEBUG -g -fwrapv -O3 -Wall -g -I/usr/local/opt/openssl@3/include -I/usr/local/opt/openssl@3/include -arch arm64 -I. -I/private/var/folders/51/hd414ycd67n82196sw51xqtc0000gn/T/cibw-run-5tkuizu8/cp311-macosx_arm64/build/venv/include -I/Library/Frameworks/Python.framework/Versions/3.11/include/python3.11 -c grpc/_adapter/_c.c -o build/temp.macosx-11.0-arm64-cpython-311/grpc/_adapter/_c.o
2022-12-27T01:51:48.6912360Z   grpc/_adapter/_c.c:35:10: fatal error: 'grpc/grpc.h' file not found
2022-12-27T01:51:48.6913850Z   #include <grpc/grpc.h>
2022-12-27T01:51:48.6917150Z            ^~~~~~~~~~~~~
2022-12-27T01:51:48.6921500Z   1 error generated.
2022-12-27T01:51:48.6957340Z   error: command '/usr/bin/clang' failed with exit code 1
2022-12-27T01:51:48.8019180Z   error: subprocess-exited-with-error
2022-12-27T01:51:48.8019760Z   
2022-12-27T01:51:48.8021570Z   × python setup.py bdist_wheel did not run successfully.
2022-12-27T01:51:48.8022400Z   │ exit code: 1
2022-12-27T01:51:48.8023070Z   ╰─> See above for output.
2022-12-27T01:51:48.8023560Z   
2022-12-27T01:51:48.8024280Z   note: This error originates from a subprocess, and is likely not a problem with pip.
2022-12-27T01:51:48.8029250Z   full command: /private/var/folders/51/hd414ycd67n82196sw51xqtc0000gn/T/cibw-run-5tkuizu8/cp311-macosx_arm64/build/venv/bin/python -u -c '
2022-12-27T01:51:48.8029920Z   exec(compile('"'"''"'"''"'"'
2022-12-27T01:51:48.8030580Z   # This is <pip-setuptools-caller> -- a caller that pip uses to run setup.py
2022-12-27T01:51:48.8030910Z   #
2022-12-27T01:51:48.8031580Z   # - It imports setuptools before invoking setup.py, to enable projects that directly
2022-12-27T01:51:48.8032070Z   #   import from `distutils.core` to work with newer packaging standards.
2022-12-27T01:51:48.8032630Z   # - It provides a clear error message when setuptools is not installed.
2022-12-27T01:51:48.8033150Z   # - It sets `sys.argv[0]` to the underlying `setup.py`, when invoking `setup.py` so
2022-12-27T01:51:48.8033760Z   #   setuptools doesn'"'"'t think the script is `-c`. This avoids the following warning:
2022-12-27T01:51:48.8034550Z   #     manifest_maker: standard file '"'"'-c'"'"' not found".
2022-12-27T01:51:48.8035100Z   # - It generates a shim setup.py, for handling setup.cfg-only projects.
2022-12-27T01:51:48.8035380Z   import os, sys, tokenize
2022-12-27T01:51:48.8035560Z   
2022-12-27T01:51:48.8035870Z   try:
2022-12-27T01:51:48.8036120Z       import setuptools
2022-12-27T01:51:48.8036580Z   except ImportError as error:
2022-12-27T01:51:48.8037020Z       print(
2022-12-27T01:51:48.8037430Z           "ERROR: Can not execute `setup.py` since setuptools is not available in "
2022-12-27T01:51:48.8037830Z           "the build environment.",
2022-12-27T01:51:48.8038590Z           file=sys.stderr,
2022-12-27T01:51:48.8038940Z       )
2022-12-27T01:51:48.8039290Z       sys.exit(1)
2022-12-27T01:51:48.8039560Z   
2022-12-27T01:51:48.8039800Z   __file__ = %r
2022-12-27T01:51:48.8040040Z   sys.argv[0] = __file__
2022-12-27T01:51:48.8040310Z   
2022-12-27T01:51:48.8040550Z   if os.path.exists(__file__):
2022-12-27T01:51:48.8040850Z       filename = __file__
2022-12-27T01:51:48.8041170Z       with tokenize.open(__file__) as f:
2022-12-27T01:51:48.8041490Z           setup_py_code = f.read()
2022-12-27T01:51:48.8041850Z   else:
2022-12-27T01:51:48.8042410Z       filename = "<auto-generated setuptools caller>"
2022-12-27T01:51:48.8042800Z       setup_py_code = "from setuptools import setup; setup()"
2022-12-27T01:51:48.8043160Z   
2022-12-27T01:51:48.8043480Z   exec(compile(setup_py_code, filename, "exec"))
2022-12-27T01:51:48.8044500Z   '"'"''"'"''"'"' % ('"'"'/Users/runner/actions-runner/_work/python.build/python.build/build_grpcio050a1311/grpcio-0.5.0a1/setup.py'"'"',), "<pip-setuptools-caller>", "exec"))' bdist_wheel -d /private/var/folders/51/hd414ycd67n82196sw51xqtc0000gn/T/pip-wheel-iyrt50l_
2022-12-27T01:51:48.8045270Z   cwd: /Users/runner/actions-runner/_work/python.build/python.build/build_grpcio050a1311/grpcio-0.5.0a1/
2022-12-27T01:51:48.8045650Z   ERROR: Failed building wheel for grpcio
2022-12-27T01:51:48.8045910Z   Running command python setup.py clean
2022-12-27T01:51:48.8046440Z   Building wheel for grpcio (setup.py): finished with status 'error'
2022-12-27T01:51:48.8046790Z   Running setup.py clean for grpcio
2022-12-27T01:51:49.0576960Z   running clean
2022-12-27T01:51:49.0594360Z   removing 'build/temp.macosx-11.0-arm64-cpython-311' (and everything under it)
2022-12-27T01:51:49.0599530Z   removing 'build/lib.macosx-11.0-arm64-cpython-311' (and everything under it)
2022-12-27T01:51:49.0733380Z   'build/bdist.macosx-11.0-arm64' does not exist -- can't clean it
2022-12-27T01:51:49.0734730Z   'build/scripts-3.11' does not exist -- can't clean it
2022-12-27T01:51:49.0735640Z   removing 'build'
2022-12-27T01:51:49.1244610Z Failed to build grpcio
2022-12-27T01:51:49.1252610Z ERROR: Failed to build one or more wheels
2022-12-27T01:51:49.1271480Z Exception information:
2022-12-27T01:51:49.1272540Z Traceback (most recent call last):
2022-12-27T01:51:49.1293170Z   File "/private/var/folders/51/hd414ycd67n82196sw51xqtc0000gn/T/cibw-run-5tkuizu8/cp311-macosx_arm64/build/venv/lib/python3.11/site-packages/pip/_internal/cli/base_command.py", line 160, in exc_logging_wrapper
2022-12-27T01:51:49.1293850Z     status = run_func(*args)
2022-12-27T01:51:49.1294140Z              ^^^^^^^^^^^^^^^
2022-12-27T01:51:49.1294990Z   File "/private/var/folders/51/hd414ycd67n82196sw51xqtc0000gn/T/cibw-run-5tkuizu8/cp311-macosx_arm64/build/venv/lib/python3.11/site-packages/pip/_internal/cli/req_command.py", line 247, in wrapper
2022-12-27T01:51:49.1295500Z     return func(self, options, args)
2022-12-27T01:51:49.1295820Z            ^^^^^^^^^^^^^^^^^^^^^^^^^
2022-12-27T01:51:49.1296510Z   File "/private/var/folders/51/hd414ycd67n82196sw51xqtc0000gn/T/cibw-run-5tkuizu8/cp311-macosx_arm64/build/venv/lib/python3.11/site-packages/pip/_internal/commands/wheel.py", line 201, in run
2022-12-27T01:51:49.1296960Z     raise CommandError("Failed to build one or more wheels")
2022-12-27T01:51:49.1297380Z pip._internal.exceptions.CommandError: Failed to build one or more wheels
2022-12-27T01:51:49.1298000Z Removed build tracker: '/private/var/folders/51/hd414ycd67n82196sw51xqtc0000gn/T/pip-build-tracker-tfjsgrs6'
2022-12-27T01:51:49.2378430Z ##[endgroup]
2022-12-27T01:51:49.2418020Z ##[error]Command ['python', '-m', 'pip', 'wheel', '/Users/runner/actions-runner/_work/python.build/python.build/build_grpcio050a1311/grpcio-0.5.0a1', '--wheel-dir=/private/var/folders/51/hd414ycd67n82196sw51xqtc0000gn/T/cibw-run-5tkuizu8/cp311-macosx_arm64/built_wheel', '--no-deps', '-vvv'] failed with code 1. None
2022-12-27T01:51:49.2427860Z 
2022-12-27T01:51:49.2428390Z                                                               [31m✕ [0m1.97s
2022-12-27T01:51:49.3272400Z ##[error]Process completed with exit code 1.
2022-12-27T01:51:49.3322920Z ##[group]Run rm -rf build_grpcio050a1311 wheelsout
2022-12-27T01:51:49.3323220Z [36;1mrm -rf build_grpcio050a1311 wheelsout[0m
2022-12-27T01:51:49.3352270Z shell: /bin/bash -e {0}
2022-12-27T01:51:49.3352460Z env:
2022-12-27T01:51:49.3352690Z   pythonLocation: /Users/runner/hostedtoolcache/Python/3.11.1/x64
2022-12-27T01:51:49.3353030Z   PKG_CONFIG_PATH: /Users/runner/hostedtoolcache/Python/3.11.1/x64/lib/pkgconfig
2022-12-27T01:51:49.3353350Z   Python_ROOT_DIR: /Users/runner/hostedtoolcache/Python/3.11.1/x64
2022-12-27T01:51:49.3353660Z   Python2_ROOT_DIR: /Users/runner/hostedtoolcache/Python/3.11.1/x64
2022-12-27T01:51:49.3353960Z   Python3_ROOT_DIR: /Users/runner/hostedtoolcache/Python/3.11.1/x64
2022-12-27T01:51:49.3354190Z ##[endgroup]
2022-12-27T01:51:49.3837170Z Cleaning up orphan processes
