2022-12-27T08:57:35.9296231Z Requested labels: self-hosted, macOS, X64
2022-12-27T08:57:35.9296314Z Job defined at: kilnbuild/python.build/.github/workflows/mac_arm_build.yml@refs/heads/main
2022-12-27T08:57:35.9296344Z Waiting for a runner to pick up this job...
2022-12-27T11:42:55.0060806Z Job is about to start running on the runner: kr1 (organization)
2022-12-27T11:42:59.3899900Z Current runner version: '2.300.2'
2022-12-27T11:42:59.3907150Z Runner name: 'kr1'
2022-12-27T11:42:59.3907530Z Runner group name: 'Default'
2022-12-27T11:42:59.3908330Z Machine name: 'kr1'
2022-12-27T11:42:59.3910830Z ##[group]GITHUB_TOKEN Permissions
2022-12-27T11:42:59.3911480Z Actions: write
2022-12-27T11:42:59.3911730Z Checks: write
2022-12-27T11:42:59.3911970Z Contents: write
2022-12-27T11:42:59.3912210Z Deployments: write
2022-12-27T11:42:59.3912480Z Discussions: write
2022-12-27T11:42:59.3912740Z Issues: write
2022-12-27T11:42:59.3912970Z Metadata: read
2022-12-27T11:42:59.3913220Z Packages: write
2022-12-27T11:42:59.3913470Z Pages: write
2022-12-27T11:42:59.3913720Z PullRequests: write
2022-12-27T11:42:59.3914010Z RepositoryProjects: write
2022-12-27T11:42:59.3914300Z SecurityEvents: write
2022-12-27T11:42:59.3914540Z Statuses: write
2022-12-27T11:42:59.3914790Z ##[endgroup]
2022-12-27T11:42:59.3918340Z Secret source: Actions
2022-12-27T11:42:59.3918820Z Prepare workflow directory
2022-12-27T11:42:59.5009500Z Prepare all required actions
2022-12-27T11:42:59.5230640Z Getting action download info
2022-12-27T11:42:59.9549530Z Download action repository 'actions/setup-python@v4' (SHA:5ccb29d8773c3f3f653e1705f474dfaa8a06a912)
2022-12-27T11:43:01.8542260Z Download action repository 'actions/upload-artifact@v3' (SHA:83fd05a356d7e2593de66fc9913b3002723633cb)
2022-12-27T11:43:03.3629150Z ##[group]Run echo '{
2022-12-27T11:43:03.3629830Z [36;1mecho '{[0m
2022-12-27T11:43:03.3630170Z [36;1m  "package_name": "lxml",[0m
2022-12-27T11:43:03.3630830Z [36;1m  "package_url": "https://files.pythonhosted.org/packages/b0/06/37437e348cd296c56a8bac0396007960abb2bcdaf77e8a3bde52bb68e550/lxml-4.2.6.tar.gz",[0m
2022-12-27T11:43:03.3631260Z [36;1m  "package_version": "4.2.6",[0m
2022-12-27T11:43:03.3631600Z [36;1m  "python_version": "3.8",[0m
2022-12-27T11:43:03.3631940Z [36;1m  "use_ccache": "true"[0m
2022-12-27T11:43:03.3632180Z [36;1m}'[0m
2022-12-27T11:43:03.3661130Z shell: /bin/bash -e {0}
2022-12-27T11:43:03.3661550Z ##[endgroup]
2022-12-27T11:43:03.4063770Z {
2022-12-27T11:43:03.4066580Z   "package_name": "lxml",
2022-12-27T11:43:03.4068100Z   "package_url": "https://files.pythonhosted.org/packages/b0/06/37437e348cd296c56a8bac0396007960abb2bcdaf77e8a3bde52bb68e550/lxml-4.2.6.tar.gz",
2022-12-27T11:43:03.4068620Z   "package_version": "4.2.6",
2022-12-27T11:43:03.4069060Z   "python_version": "3.8",
2022-12-27T11:43:03.4069480Z   "use_ccache": "true"
2022-12-27T11:43:03.4069720Z }
2022-12-27T11:43:03.4412500Z ##[group]Run actions/setup-python@v4
2022-12-27T11:43:03.4412940Z with:
2022-12-27T11:43:03.4413250Z   python-version: 3.8
2022-12-27T11:43:03.4413510Z   check-latest: false
2022-12-27T11:43:03.4414120Z   token: ***
2022-12-27T11:43:03.4414440Z   update-environment: true
2022-12-27T11:43:03.4414710Z ##[endgroup]
2022-12-27T11:43:03.6552100Z ##[group]Installed versions
2022-12-27T11:43:03.6633270Z Successfully set up CPython (3.8.15)
2022-12-27T11:43:03.6634810Z ##[endgroup]
2022-12-27T11:43:03.6860700Z ##[group]Run if [ "true" == "true" ]
2022-12-27T11:43:03.6861370Z [36;1mif [ "true" == "true" ][0m
2022-12-27T11:43:03.6861650Z [36;1mthen[0m
2022-12-27T11:43:03.6862050Z [36;1m  echo "CCACHE_PATH_PREPEND=/usr/local/opt/ccache/libexec" >> $GITHUB_OUTPUT[0m
2022-12-27T11:43:03.6862440Z [36;1melse[0m
2022-12-27T11:43:03.6862730Z [36;1m  echo "CCACHE_PATH_PREPEND=" >> $GITHUB_OUTPUT[0m
2022-12-27T11:43:03.6863170Z [36;1mfi[0m
2022-12-27T11:43:03.6892120Z shell: /bin/bash -e {0}
2022-12-27T11:43:03.6892400Z env:
2022-12-27T11:43:03.6892910Z   pythonLocation: /Users/runner/hostedtoolcache/Python/3.8.15/x64
2022-12-27T11:43:03.6893370Z   PKG_CONFIG_PATH: /Users/runner/hostedtoolcache/Python/3.8.15/x64/lib/pkgconfig
2022-12-27T11:43:03.6893820Z   Python_ROOT_DIR: /Users/runner/hostedtoolcache/Python/3.8.15/x64
2022-12-27T11:43:03.6894190Z   Python2_ROOT_DIR: /Users/runner/hostedtoolcache/Python/3.8.15/x64
2022-12-27T11:43:03.6894800Z   Python3_ROOT_DIR: /Users/runner/hostedtoolcache/Python/3.8.15/x64
2022-12-27T11:43:03.6895740Z ##[endgroup]
2022-12-27T11:43:03.7188000Z ##[group]Run echo "BUILD_NAME=$(echo lxml_4.2.6_3.8 | tr -dc '[:alnum:]\n\r' | tr '[:upper:]' '[:lower:]')" >> $GITHUB_OUTPUT
2022-12-27T11:43:03.7188730Z [36;1mecho "BUILD_NAME=$(echo lxml_4.2.6_3.8 | tr -dc '[:alnum:]\n\r' | tr '[:upper:]' '[:lower:]')" >> $GITHUB_OUTPUT[0m
2022-12-27T11:43:03.7223040Z shell: /bin/bash -e {0}
2022-12-27T11:43:03.7223410Z env:
2022-12-27T11:43:03.7223740Z   pythonLocation: /Users/runner/hostedtoolcache/Python/3.8.15/x64
2022-12-27T11:43:03.7224210Z   PKG_CONFIG_PATH: /Users/runner/hostedtoolcache/Python/3.8.15/x64/lib/pkgconfig
2022-12-27T11:43:03.7224760Z   Python_ROOT_DIR: /Users/runner/hostedtoolcache/Python/3.8.15/x64
2022-12-27T11:43:03.7225190Z   Python2_ROOT_DIR: /Users/runner/hostedtoolcache/Python/3.8.15/x64
2022-12-27T11:43:03.7225630Z   Python3_ROOT_DIR: /Users/runner/hostedtoolcache/Python/3.8.15/x64
2022-12-27T11:43:03.7226000Z ##[endgroup]
2022-12-27T11:43:03.7509180Z ##[group]Run echo "PYTHON_NO_DOTS=$(echo 3.8 | tr -dc '[:alnum:]\n\r' | tr '[:upper:]' '[:lower:]')" >> $GITHUB_OUTPUT
2022-12-27T11:43:03.7509960Z [36;1mecho "PYTHON_NO_DOTS=$(echo 3.8 | tr -dc '[:alnum:]\n\r' | tr '[:upper:]' '[:lower:]')" >> $GITHUB_OUTPUT[0m
2022-12-27T11:43:03.7536770Z shell: /bin/bash -e {0}
2022-12-27T11:43:03.7537080Z env:
2022-12-27T11:43:03.7537390Z   pythonLocation: /Users/runner/hostedtoolcache/Python/3.8.15/x64
2022-12-27T11:43:03.7539070Z   PKG_CONFIG_PATH: /Users/runner/hostedtoolcache/Python/3.8.15/x64/lib/pkgconfig
2022-12-27T11:43:03.7539580Z   Python_ROOT_DIR: /Users/runner/hostedtoolcache/Python/3.8.15/x64
2022-12-27T11:43:03.7540010Z   Python2_ROOT_DIR: /Users/runner/hostedtoolcache/Python/3.8.15/x64
2022-12-27T11:43:03.7540380Z   Python3_ROOT_DIR: /Users/runner/hostedtoolcache/Python/3.8.15/x64
2022-12-27T11:43:03.7540730Z ##[endgroup]
2022-12-27T11:43:03.7822340Z ##[group]Run rm -rf build_lxml42638
2022-12-27T11:43:03.7822940Z [36;1mrm -rf build_lxml42638[0m
2022-12-27T11:43:03.7823210Z [36;1mmkdir build_lxml42638[0m
2022-12-27T11:43:03.7823600Z [36;1mcd build_lxml42638[0m
2022-12-27T11:43:03.7824170Z [36;1m/usr/local/bin/wget --quiet https://files.pythonhosted.org/packages/b0/06/37437e348cd296c56a8bac0396007960abb2bcdaf77e8a3bde52bb68e550/lxml-4.2.6.tar.gz[0m
2022-12-27T11:43:03.7824660Z [36;1mtar xf *.tar.gz[0m
2022-12-27T11:43:03.7824900Z [36;1mcd *[0m
2022-12-27T11:43:03.7825240Z [36;1mpython -m pip install cibuildwheel==2.11.3[0m
2022-12-27T11:43:03.7825650Z [36;1mpython -m cibuildwheel --output-dir ../wheelsout[0m
2022-12-27T11:43:03.7852630Z shell: /bin/bash -e {0}
2022-12-27T11:43:03.7852960Z env:
2022-12-27T11:43:03.7853320Z   pythonLocation: /Users/runner/hostedtoolcache/Python/3.8.15/x64
2022-12-27T11:43:03.7853720Z   PKG_CONFIG_PATH: /Users/runner/hostedtoolcache/Python/3.8.15/x64/lib/pkgconfig
2022-12-27T11:43:03.7854370Z   Python_ROOT_DIR: /Users/runner/hostedtoolcache/Python/3.8.15/x64
2022-12-27T11:43:03.7854750Z   Python2_ROOT_DIR: /Users/runner/hostedtoolcache/Python/3.8.15/x64
2022-12-27T11:43:03.7855270Z   Python3_ROOT_DIR: /Users/runner/hostedtoolcache/Python/3.8.15/x64
2022-12-27T11:43:03.7855650Z   CIBW_ARCHS_MACOS: arm64
2022-12-27T11:43:03.7855990Z   CIBW_TEST_SKIP: *_arm64
2022-12-27T11:43:03.7856320Z   CIBW_BUILD: cp38-macosx_arm64
2022-12-27T11:43:03.7856900Z   CIBW_BUILD_FRONTEND: pip
2022-12-27T11:43:03.7857170Z   CIBW_BUILD_VERBOSITY: 3
2022-12-27T11:43:03.7857730Z   CIBW_ENVIRONMENT_MACOS:  CFLAGS="-I/usr/local/opt/openssl@3/include" LDFLAGS="-L/usr/local/opt/openssl@3/lib" CPPFLAGS="-I/usr/local/opt/openssl@3/include" MAKEFLAGS="-j$(sysctl -n hw.logicalcpu)" PATH=/usr/local/opt/ccache/libexec:$PATH
2022-12-27T11:43:03.7858480Z   CIBW_BEFORE_BUILD: pip install Cython; if [[ -f requirements.txt ]]; then pip install -r requirements.txt; fi
2022-12-27T11:43:03.7858940Z   MAKEFLAGS: -j$(sysctl -n hw.logicalcpu)
2022-12-27T11:43:03.7859210Z ##[endgroup]
2022-12-27T11:43:04.4306240Z Requirement already satisfied: cibuildwheel==2.11.3 in /Users/runner/hostedtoolcache/Python/3.8.15/x64/lib/python3.8/site-packages (2.11.3)
2022-12-27T11:43:04.4913500Z Requirement already satisfied: bashlex!=0.13 in /Users/runner/hostedtoolcache/Python/3.8.15/x64/lib/python3.8/site-packages (from cibuildwheel==2.11.3) (0.16)
2022-12-27T11:43:04.4919470Z Requirement already satisfied: packaging>=20.9 in /Users/runner/hostedtoolcache/Python/3.8.15/x64/lib/python3.8/site-packages (from cibuildwheel==2.11.3) (22.0)
2022-12-27T11:43:04.4923950Z Requirement already satisfied: certifi in /Users/runner/hostedtoolcache/Python/3.8.15/x64/lib/python3.8/site-packages (from cibuildwheel==2.11.3) (2022.12.7)
2022-12-27T11:43:04.4942790Z Requirement already satisfied: typing-extensions>=4.1.0 in /Users/runner/hostedtoolcache/Python/3.8.15/x64/lib/python3.8/site-packages (from cibuildwheel==2.11.3) (4.4.0)
2022-12-27T11:43:04.4943930Z Requirement already satisfied: platformdirs in /Users/runner/hostedtoolcache/Python/3.8.15/x64/lib/python3.8/site-packages (from cibuildwheel==2.11.3) (2.6.0)
2022-12-27T11:43:04.4949710Z Requirement already satisfied: bracex in /Users/runner/hostedtoolcache/Python/3.8.15/x64/lib/python3.8/site-packages (from cibuildwheel==2.11.3) (2.3.post1)
2022-12-27T11:43:04.4957980Z Requirement already satisfied: tomli in /Users/runner/hostedtoolcache/Python/3.8.15/x64/lib/python3.8/site-packages (from cibuildwheel==2.11.3) (2.0.1)
2022-12-27T11:43:04.4963380Z Requirement already satisfied: filelock in /Users/runner/hostedtoolcache/Python/3.8.15/x64/lib/python3.8/site-packages (from cibuildwheel==2.11.3) (3.8.2)
2022-12-27T11:43:04.8231150Z 
2022-12-27T11:43:04.8232430Z      _ _       _ _   _       _           _
2022-12-27T11:43:04.8233140Z  ___|_| |_ _ _|_| |_| |_ _ _| |_ ___ ___| |
2022-12-27T11:43:04.8234510Z |  _| | . | | | | | . | | | |   | -_| -_| |
2022-12-27T11:43:04.8237210Z |___|_|___|___|_|_|___|_____|_|_|___|___|_|
2022-12-27T11:43:04.8239040Z 
2022-12-27T11:43:04.8239670Z cibuildwheel version 2.11.3
2022-12-27T11:43:04.8240060Z 
2022-12-27T11:43:04.8240280Z Build options:
2022-12-27T11:43:04.8240620Z   platform: macos
2022-12-27T11:43:04.8501050Z   architectures: arm64[0m
2022-12-27T11:43:04.8502650Z   build_selector: 
2022-12-27T11:43:04.8505660Z     build_config: cp38-macosx_arm64
2022-12-27T11:43:04.8506590Z     skip_config: 
2022-12-27T11:43:04.8507420Z     requires_python: None
2022-12-27T11:43:04.8508800Z     prerelease_pythons: False[0m
2022-12-27T11:43:04.8509800Z   [38;5;244mcontainer_engine: docker[0m
2022-12-27T11:43:04.8510950Z   output_dir: /Users/runner/actions-runner/_work/python.build/python.build/build_lxml42638/wheelsout[0m
2022-12-27T11:43:04.8512280Z   package_dir: /Users/runner/actions-runner/_work/python.build/python.build/build_lxml42638/lxml-4.2.6[0m
2022-12-27T11:43:04.8512990Z   test_selector: 
2022-12-27T11:43:04.8514190Z     skip_config: *_arm64[0m
2022-12-27T11:43:04.8515200Z   [38;5;244mbefore_all: [0m
2022-12-27T11:43:04.8516250Z   before_build: pip install Cython; if [[ -f requirements.txt ]]; then pip install -r requirements.txt; fi[0m
2022-12-27T11:43:04.8517350Z   [38;5;244mbefore_test: [0m
2022-12-27T11:43:04.8518430Z   [38;5;244mbuild_frontend: pip[0m
2022-12-27T11:43:04.8518880Z   build_verbosity: 3[0m
2022-12-27T11:43:04.8519400Z   [38;5;244mconfig_settings: [0m
2022-12-27T11:43:04.8519970Z   [38;5;244mdependency_constraints: pinned[0m
2022-12-27T11:43:04.8520360Z   environment: 
2022-12-27T11:43:04.8521110Z     CFLAGS="-I/usr/local/opt/openssl@3/include"
2022-12-27T11:43:04.8521590Z     LDFLAGS="-L/usr/local/opt/openssl@3/lib"
2022-12-27T11:43:04.8522070Z     CPPFLAGS="-I/usr/local/opt/openssl@3/include"
2022-12-27T11:43:04.8522480Z     MAKEFLAGS="-j$(sysctl -n hw.logicalcpu)"
2022-12-27T11:43:04.8523130Z     PATH=/usr/local/opt/ccache/libexec:$PATH[0m
2022-12-27T11:43:04.8523610Z   [38;5;244mmanylinux_images: None[0m
2022-12-27T11:43:04.8523980Z   [38;5;244mmusllinux_images: None[0m
2022-12-27T11:43:04.8524560Z   [38;5;244mrepair_command: delocate-wheel --require-archs {delocate_archs} -w {dest_dir} -v {wheel}[0m
2022-12-27T11:43:04.8525950Z   [38;5;244mtest_command: [0m
2022-12-27T11:43:04.8526460Z   [38;5;244mtest_extras: [0m
2022-12-27T11:43:04.8526870Z   [38;5;244mtest_requires: [0m
2022-12-27T11:43:04.8527070Z 
2022-12-27T11:43:04.8527260Z Cache folder: /Users/runner/Library/Caches/cibuildwheel
2022-12-27T11:43:04.8527520Z 
2022-12-27T11:43:04.8527660Z Here we go!
2022-12-27T11:43:04.8527770Z 
2022-12-27T11:43:04.8693500Z 
2022-12-27T11:43:04.8696060Z [1m[34mBuilding cp38-macosx_arm64 wheel[0m
2022-12-27T11:43:04.8697000Z CPython 3.8 macOS arm64 - Apple Silicon
2022-12-27T11:43:04.8697410Z 
2022-12-27T11:43:04.8699900Z ##[group]Installing Python cp38...
2022-12-27T11:43:04.8700340Z 
2022-12-27T11:43:04.8700970Z + pkgutil --pkgs
2022-12-27T11:43:04.8905780Z ##[endgroup]
2022-12-27T11:43:04.8907620Z                                                               [32mâœ“ [0m0.02s
2022-12-27T11:43:04.8908260Z ##[group]Setting up build environment...
2022-12-27T11:43:04.8908470Z 
2022-12-27T11:43:04.8941450Z + /Users/runner/hostedtoolcache/Python/3.8.15/x64/bin/python -sS /Users/runner/Library/Caches/cibuildwheel/virtualenv-20.17.0.pyz --activators= --no-periodic-update --pip=22.3.1 --setuptools=65.6.3 --wheel=0.38.4 --symlink-app-data --python /Library/Frameworks/Python.framework/Versions/3.8/bin/python3 /private/var/folders/51/hd414ycd67n82196sw51xqtc0000gn/T/cibw-run-osynqjha/cp38-macosx_arm64/build/venv
2022-12-27T11:43:05.2070610Z created virtual environment CPython3.8.10.final.0-64 in 79ms
2022-12-27T11:43:05.2071490Z   creator CPython3Posix(dest=/private/var/folders/51/hd414ycd67n82196sw51xqtc0000gn/T/cibw-run-osynqjha/cp38-macosx_arm64/build/venv, clear=False, no_vcs_ignore=False, global=False)
2022-12-27T11:43:05.2072670Z   seeder FromAppData(download=False, pip=22.3.1, setuptools=65.6.3, wheel=0.38.4, via=symlink, app_data_dir=/Users/runner/Library/Application Support/virtualenv)
2022-12-27T11:43:05.2073520Z     added seed packages: pip==22.3.1, setuptools==65.6.3, wheel==0.38.4
2022-12-27T11:43:05.2330050Z + python -m pip install --upgrade pip -c /Users/runner/hostedtoolcache/Python/3.8.15/x64/lib/python3.8/site-packages/cibuildwheel/resources/constraints-python38.txt
2022-12-27T11:43:05.7799230Z Requirement already satisfied: pip in ./lib/python3.8/site-packages (22.3.1)
2022-12-27T11:43:06.0668760Z + which pip
2022-12-27T11:43:06.0718620Z /private/var/folders/51/hd414ycd67n82196sw51xqtc0000gn/T/cibw-run-osynqjha/cp38-macosx_arm64/build/venv/bin/pip
2022-12-27T11:43:06.0723550Z + pip --version
2022-12-27T11:43:06.4608710Z pip 22.3.1 from /private/var/folders/51/hd414ycd67n82196sw51xqtc0000gn/T/cibw-run-osynqjha/cp38-macosx_arm64/build/venv/lib/python3.8/site-packages/pip (python 3.8)
2022-12-27T11:43:06.5192850Z + which pip
2022-12-27T11:43:06.5244470Z + which python
2022-12-27T11:43:06.5286280Z /private/var/folders/51/hd414ycd67n82196sw51xqtc0000gn/T/cibw-run-osynqjha/cp38-macosx_arm64/build/venv/bin/python
2022-12-27T11:43:06.5295590Z + python --version
2022-12-27T11:43:06.5393750Z Python 3.8.10
2022-12-27T11:43:06.5400370Z + which python
2022-12-27T11:43:06.5520940Z ##[endgroup]
2022-12-27T11:43:06.5522320Z                                                               [32mâœ“ [0m1.66s
2022-12-27T11:43:06.5523010Z ##[group]Installing build tools...
2022-12-27T11:43:06.5523230Z 
2022-12-27T11:43:06.5523840Z + pip install --upgrade setuptools wheel delocate -c /Users/runner/hostedtoolcache/Python/3.8.15/x64/lib/python3.8/site-packages/cibuildwheel/resources/constraints-python38.txt
2022-12-27T11:43:07.0847130Z Requirement already satisfied: setuptools in /private/var/folders/51/hd414ycd67n82196sw51xqtc0000gn/T/cibw-run-osynqjha/cp38-macosx_arm64/build/venv/lib/python3.8/site-packages (65.6.3)
2022-12-27T11:43:07.4844870Z Requirement already satisfied: wheel in /private/var/folders/51/hd414ycd67n82196sw51xqtc0000gn/T/cibw-run-osynqjha/cp38-macosx_arm64/build/venv/lib/python3.8/site-packages (0.38.4)
2022-12-27T11:43:07.5684500Z Collecting delocate
2022-12-27T11:43:07.5745050Z   Using cached delocate-0.10.3-py3-none-any.whl (142 kB)
2022-12-27T11:43:07.6155560Z Collecting typing-extensions
2022-12-27T11:43:07.6208550Z   Using cached typing_extensions-4.4.0-py3-none-any.whl (26 kB)
2022-12-27T11:43:07.6673580Z Collecting packaging>=20.9
2022-12-27T11:43:07.6723410Z   Using cached packaging-21.3-py3-none-any.whl (40 kB)
2022-12-27T11:43:07.7367140Z Collecting pyparsing!=3.0.5,>=2.0.2
2022-12-27T11:43:07.7415030Z   Using cached pyparsing-3.0.9-py3-none-any.whl (98 kB)
2022-12-27T11:43:07.8155520Z Installing collected packages: typing-extensions, pyparsing, packaging, delocate
2022-12-27T11:43:08.0346860Z Successfully installed delocate-0.10.3 packaging-21.3 pyparsing-3.0.9 typing-extensions-4.4.0
2022-12-27T11:43:08.1641200Z ##[endgroup]
2022-12-27T11:43:08.1642250Z                                                               [32mâœ“ [0m1.61s
2022-12-27T11:43:08.1642800Z ##[group]Running before_build...
2022-12-27T11:43:08.1643000Z 
2022-12-27T11:43:08.1662540Z + pip install Cython; if [[ -f requirements.txt ]]; then pip install -r requirements.txt; fi
2022-12-27T11:43:09.4178410Z Collecting Cython
2022-12-27T11:43:09.4282800Z   Using cached Cython-0.29.32-py2.py3-none-any.whl (986 kB)
2022-12-27T11:43:09.5081610Z Installing collected packages: Cython
2022-12-27T11:43:10.2488750Z Successfully installed Cython-0.29.32
2022-12-27T11:43:10.9000520Z Requirement already satisfied: Cython>=0.26.1 in /private/var/folders/51/hd414ycd67n82196sw51xqtc0000gn/T/cibw-run-osynqjha/cp38-macosx_arm64/build/venv/lib/python3.8/site-packages (from -r requirements.txt (line 1)) (0.29.32)
2022-12-27T11:43:11.0664430Z ##[endgroup]
2022-12-27T11:43:11.0665560Z                                                               [32mâœ“ [0m2.90s
2022-12-27T11:43:11.0666240Z ##[group]Building wheel...
2022-12-27T11:43:11.0666620Z 
2022-12-27T11:43:11.0675630Z + python -m pip wheel /Users/runner/actions-runner/_work/python.build/python.build/build_lxml42638/lxml-4.2.6 --wheel-dir=/private/var/folders/51/hd414ycd67n82196sw51xqtc0000gn/T/cibw-run-osynqjha/cp38-macosx_arm64/built_wheel --no-deps -vvv
2022-12-27T11:43:11.5563330Z Created temporary directory: /private/var/folders/51/hd414ycd67n82196sw51xqtc0000gn/T/pip-ephem-wheel-cache-9z2imkbm
2022-12-27T11:43:11.5569680Z Created temporary directory: /private/var/folders/51/hd414ycd67n82196sw51xqtc0000gn/T/pip-build-tracker-8_islcvd
2022-12-27T11:43:11.5573100Z Initialized build tracking at /private/var/folders/51/hd414ycd67n82196sw51xqtc0000gn/T/pip-build-tracker-8_islcvd
2022-12-27T11:43:11.5575340Z Created build tracker: /private/var/folders/51/hd414ycd67n82196sw51xqtc0000gn/T/pip-build-tracker-8_islcvd
2022-12-27T11:43:11.5578780Z Entered build tracker: /private/var/folders/51/hd414ycd67n82196sw51xqtc0000gn/T/pip-build-tracker-8_islcvd
2022-12-27T11:43:11.5583540Z Created temporary directory: /private/var/folders/51/hd414ycd67n82196sw51xqtc0000gn/T/pip-wheel-x_9_8u8z
2022-12-27T11:43:11.5595000Z Created temporary directory: /private/var/folders/51/hd414ycd67n82196sw51xqtc0000gn/T/pip-ephem-wheel-cache-v7s7mjff
2022-12-27T11:43:11.5737730Z Processing /Users/runner/actions-runner/_work/python.build/python.build/build_lxml42638/lxml-4.2.6
2022-12-27T11:43:11.5745950Z   Added file:///Users/runner/actions-runner/_work/python.build/python.build/build_lxml42638/lxml-4.2.6 to build tracker '/private/var/folders/51/hd414ycd67n82196sw51xqtc0000gn/T/pip-build-tracker-8_islcvd'
2022-12-27T11:43:11.5752380Z   Running setup.py (path:/Users/runner/actions-runner/_work/python.build/python.build/build_lxml42638/lxml-4.2.6/setup.py) egg_info for package from file:///Users/runner/actions-runner/_work/python.build/python.build/build_lxml42638/lxml-4.2.6
2022-12-27T11:43:11.5757770Z   Created temporary directory: /private/var/folders/51/hd414ycd67n82196sw51xqtc0000gn/T/pip-pip-egg-info-1hrwzjjq
2022-12-27T11:43:11.5760780Z   Preparing metadata (setup.py): started
2022-12-27T11:43:11.5763800Z   Running command python setup.py egg_info
2022-12-27T11:43:12.1563600Z   Building lxml version 4.2.6.
2022-12-27T11:43:12.1564690Z   Building without Cython.
2022-12-27T11:43:12.1567440Z   Using build configuration of libxslt 1.1.29
2022-12-27T11:43:12.1569990Z   Building against libxml2/libxslt in the following directory: /Library/Developer/CommandLineTools/SDKs/MacOSX12.1.sdk/usr/lib
2022-12-27T11:43:12.1573980Z   running egg_info
2022-12-27T11:43:12.1577250Z   creating /private/var/folders/51/hd414ycd67n82196sw51xqtc0000gn/T/pip-pip-egg-info-1hrwzjjq/lxml.egg-info
2022-12-27T11:43:12.1578850Z   writing /private/var/folders/51/hd414ycd67n82196sw51xqtc0000gn/T/pip-pip-egg-info-1hrwzjjq/lxml.egg-info/PKG-INFO
2022-12-27T11:43:12.1585590Z   writing dependency_links to /private/var/folders/51/hd414ycd67n82196sw51xqtc0000gn/T/pip-pip-egg-info-1hrwzjjq/lxml.egg-info/dependency_links.txt
2022-12-27T11:43:12.1591520Z   writing requirements to /private/var/folders/51/hd414ycd67n82196sw51xqtc0000gn/T/pip-pip-egg-info-1hrwzjjq/lxml.egg-info/requires.txt
2022-12-27T11:43:12.1596600Z   writing top-level names to /private/var/folders/51/hd414ycd67n82196sw51xqtc0000gn/T/pip-pip-egg-info-1hrwzjjq/lxml.egg-info/top_level.txt
2022-12-27T11:43:12.1602140Z   writing manifest file '/private/var/folders/51/hd414ycd67n82196sw51xqtc0000gn/T/pip-pip-egg-info-1hrwzjjq/lxml.egg-info/SOURCES.txt'
2022-12-27T11:43:12.1783220Z   reading manifest file '/private/var/folders/51/hd414ycd67n82196sw51xqtc0000gn/T/pip-pip-egg-info-1hrwzjjq/lxml.egg-info/SOURCES.txt'
2022-12-27T11:43:12.1790830Z   reading manifest template 'MANIFEST.in'
2022-12-27T11:43:12.2710850Z   warning: no files found matching '*.html' under directory 'doc'
2022-12-27T11:43:12.2872740Z   adding license file 'LICENSES.txt'
2022-12-27T11:43:12.2930470Z   writing manifest file '/private/var/folders/51/hd414ycd67n82196sw51xqtc0000gn/T/pip-pip-egg-info-1hrwzjjq/lxml.egg-info/SOURCES.txt'
2022-12-27T11:43:12.3530180Z   Preparing metadata (setup.py): finished with status 'done'
2022-12-27T11:43:12.3577270Z   Source in /Users/runner/actions-runner/_work/python.build/python.build/build_lxml42638/lxml-4.2.6 has version 4.2.6, which satisfies requirement lxml==4.2.6 from file:///Users/runner/actions-runner/_work/python.build/python.build/build_lxml42638/lxml-4.2.6
2022-12-27T11:43:12.3581620Z   Removed lxml==4.2.6 from file:///Users/runner/actions-runner/_work/python.build/python.build/build_lxml42638/lxml-4.2.6 from build tracker '/private/var/folders/51/hd414ycd67n82196sw51xqtc0000gn/T/pip-build-tracker-8_islcvd'
2022-12-27T11:43:12.3832220Z Created temporary directory: /private/var/folders/51/hd414ycd67n82196sw51xqtc0000gn/T/pip-unpack-k6nd_7zn
2022-12-27T11:43:12.3833710Z Building wheels for collected packages: lxml
2022-12-27T11:43:12.3846470Z   Created temporary directory: /private/var/folders/51/hd414ycd67n82196sw51xqtc0000gn/T/pip-wheel-v06xoqd0
2022-12-27T11:43:12.3849340Z   Building wheel for lxml (setup.py): started
2022-12-27T11:43:12.3852480Z   Destination directory: /private/var/folders/51/hd414ycd67n82196sw51xqtc0000gn/T/pip-wheel-v06xoqd0
2022-12-27T11:43:12.3855380Z   Running command python setup.py bdist_wheel
2022-12-27T11:43:12.6835760Z   Building lxml version 4.2.6.
2022-12-27T11:43:12.6836820Z   Building without Cython.
2022-12-27T11:43:12.7103270Z   Using build configuration of libxslt 1.1.29
2022-12-27T11:43:12.9263540Z   Building against libxml2/libxslt in the following directory: /Library/Developer/CommandLineTools/SDKs/MacOSX12.1.sdk/usr/lib
2022-12-27T11:43:12.9722180Z   running bdist_wheel
2022-12-27T11:43:12.9800050Z   running build
2022-12-27T11:43:12.9800700Z   running build_py
2022-12-27T11:43:12.9840290Z   creating build
2022-12-27T11:43:12.9843050Z   creating build/lib.macosx-11.0-arm64-cpython-38
2022-12-27T11:43:12.9846530Z   creating build/lib.macosx-11.0-arm64-cpython-38/lxml
2022-12-27T11:43:12.9849080Z   copying src/lxml/_elementpath.py -> build/lib.macosx-11.0-arm64-cpython-38/lxml
2022-12-27T11:43:12.9851840Z   copying src/lxml/sax.py -> build/lib.macosx-11.0-arm64-cpython-38/lxml
2022-12-27T11:43:12.9859980Z   copying src/lxml/pyclasslookup.py -> build/lib.macosx-11.0-arm64-cpython-38/lxml
2022-12-27T11:43:12.9862640Z   copying src/lxml/__init__.py -> build/lib.macosx-11.0-arm64-cpython-38/lxml
2022-12-27T11:43:12.9864540Z   copying src/lxml/builder.py -> build/lib.macosx-11.0-arm64-cpython-38/lxml
2022-12-27T11:43:12.9868120Z   copying src/lxml/doctestcompare.py -> build/lib.macosx-11.0-arm64-cpython-38/lxml
2022-12-27T11:43:12.9876960Z   copying src/lxml/usedoctest.py -> build/lib.macosx-11.0-arm64-cpython-38/lxml
2022-12-27T11:43:12.9878990Z   copying src/lxml/cssselect.py -> build/lib.macosx-11.0-arm64-cpython-38/lxml
2022-12-27T11:43:12.9882240Z   copying src/lxml/ElementInclude.py -> build/lib.macosx-11.0-arm64-cpython-38/lxml
2022-12-27T11:43:12.9887580Z   creating build/lib.macosx-11.0-arm64-cpython-38/lxml/includes
2022-12-27T11:43:12.9890410Z   copying src/lxml/includes/__init__.py -> build/lib.macosx-11.0-arm64-cpython-38/lxml/includes
2022-12-27T11:43:12.9902740Z   creating build/lib.macosx-11.0-arm64-cpython-38/lxml/html
2022-12-27T11:43:12.9904800Z   copying src/lxml/html/soupparser.py -> build/lib.macosx-11.0-arm64-cpython-38/lxml/html
2022-12-27T11:43:12.9915010Z   copying src/lxml/html/defs.py -> build/lib.macosx-11.0-arm64-cpython-38/lxml/html
2022-12-27T11:43:12.9917580Z   copying src/lxml/html/_setmixin.py -> build/lib.macosx-11.0-arm64-cpython-38/lxml/html
2022-12-27T11:43:12.9919590Z   copying src/lxml/html/clean.py -> build/lib.macosx-11.0-arm64-cpython-38/lxml/html
2022-12-27T11:43:12.9926740Z   copying src/lxml/html/_diffcommand.py -> build/lib.macosx-11.0-arm64-cpython-38/lxml/html
2022-12-27T11:43:12.9931240Z   copying src/lxml/html/html5parser.py -> build/lib.macosx-11.0-arm64-cpython-38/lxml/html
2022-12-27T11:43:12.9936830Z   copying src/lxml/html/__init__.py -> build/lib.macosx-11.0-arm64-cpython-38/lxml/html
2022-12-27T11:43:12.9942790Z   copying src/lxml/html/formfill.py -> build/lib.macosx-11.0-arm64-cpython-38/lxml/html
2022-12-27T11:43:12.9947800Z   copying src/lxml/html/builder.py -> build/lib.macosx-11.0-arm64-cpython-38/lxml/html
2022-12-27T11:43:12.9952700Z   copying src/lxml/html/ElementSoup.py -> build/lib.macosx-11.0-arm64-cpython-38/lxml/html
2022-12-27T11:43:13.0090420Z   copying src/lxml/html/_html5builder.py -> build/lib.macosx-11.0-arm64-cpython-38/lxml/html
2022-12-27T11:43:13.0091650Z   copying src/lxml/html/usedoctest.py -> build/lib.macosx-11.0-arm64-cpython-38/lxml/html
2022-12-27T11:43:13.0092220Z   copying src/lxml/html/diff.py -> build/lib.macosx-11.0-arm64-cpython-38/lxml/html
2022-12-27T11:43:13.0092910Z   creating build/lib.macosx-11.0-arm64-cpython-38/lxml/isoschematron
2022-12-27T11:43:13.0093830Z   copying src/lxml/isoschematron/__init__.py -> build/lib.macosx-11.0-arm64-cpython-38/lxml/isoschematron
2022-12-27T11:43:13.0094600Z   copying src/lxml/etree.h -> build/lib.macosx-11.0-arm64-cpython-38/lxml
2022-12-27T11:43:13.0095160Z   copying src/lxml/etree_api.h -> build/lib.macosx-11.0-arm64-cpython-38/lxml
2022-12-27T11:43:13.0095620Z   copying src/lxml/lxml.etree.h -> build/lib.macosx-11.0-arm64-cpython-38/lxml
2022-12-27T11:43:13.0096230Z   copying src/lxml/lxml.etree_api.h -> build/lib.macosx-11.0-arm64-cpython-38/lxml
2022-12-27T11:43:13.0096860Z   copying src/lxml/includes/xmlerror.pxd -> build/lib.macosx-11.0-arm64-cpython-38/lxml/includes
2022-12-27T11:43:13.0097430Z   copying src/lxml/includes/c14n.pxd -> build/lib.macosx-11.0-arm64-cpython-38/lxml/includes
2022-12-27T11:43:13.0098090Z   copying src/lxml/includes/xmlschema.pxd -> build/lib.macosx-11.0-arm64-cpython-38/lxml/includes
2022-12-27T11:43:13.0098670Z   copying src/lxml/includes/__init__.pxd -> build/lib.macosx-11.0-arm64-cpython-38/lxml/includes
2022-12-27T11:43:13.0099440Z   copying src/lxml/includes/schematron.pxd -> build/lib.macosx-11.0-arm64-cpython-38/lxml/includes
2022-12-27T11:43:13.0100080Z   copying src/lxml/includes/tree.pxd -> build/lib.macosx-11.0-arm64-cpython-38/lxml/includes
2022-12-27T11:43:13.0100740Z   copying src/lxml/includes/uri.pxd -> build/lib.macosx-11.0-arm64-cpython-38/lxml/includes
2022-12-27T11:43:13.0101390Z   copying src/lxml/includes/etreepublic.pxd -> build/lib.macosx-11.0-arm64-cpython-38/lxml/includes
2022-12-27T11:43:13.0103020Z   copying src/lxml/includes/xpath.pxd -> build/lib.macosx-11.0-arm64-cpython-38/lxml/includes
2022-12-27T11:43:13.0103830Z   copying src/lxml/includes/htmlparser.pxd -> build/lib.macosx-11.0-arm64-cpython-38/lxml/includes
2022-12-27T11:43:13.0104460Z   copying src/lxml/includes/xslt.pxd -> build/lib.macosx-11.0-arm64-cpython-38/lxml/includes
2022-12-27T11:43:13.0105090Z   copying src/lxml/includes/config.pxd -> build/lib.macosx-11.0-arm64-cpython-38/lxml/includes
2022-12-27T11:43:13.0105660Z   copying src/lxml/includes/xmlparser.pxd -> build/lib.macosx-11.0-arm64-cpython-38/lxml/includes
2022-12-27T11:43:13.0106750Z   copying src/lxml/includes/xinclude.pxd -> build/lib.macosx-11.0-arm64-cpython-38/lxml/includes
2022-12-27T11:43:13.0111310Z   copying src/lxml/includes/dtdvalid.pxd -> build/lib.macosx-11.0-arm64-cpython-38/lxml/includes
2022-12-27T11:43:13.0116080Z   copying src/lxml/includes/relaxng.pxd -> build/lib.macosx-11.0-arm64-cpython-38/lxml/includes
2022-12-27T11:43:13.0120050Z   copying src/lxml/includes/lxml-version.h -> build/lib.macosx-11.0-arm64-cpython-38/lxml/includes
2022-12-27T11:43:13.0124520Z   copying src/lxml/includes/etree_defs.h -> build/lib.macosx-11.0-arm64-cpython-38/lxml/includes
2022-12-27T11:43:13.0129160Z   creating build/lib.macosx-11.0-arm64-cpython-38/lxml/isoschematron/resources
2022-12-27T11:43:13.0133590Z   creating build/lib.macosx-11.0-arm64-cpython-38/lxml/isoschematron/resources/rng
2022-12-27T11:43:13.0138670Z   copying src/lxml/isoschematron/resources/rng/iso-schematron.rng -> build/lib.macosx-11.0-arm64-cpython-38/lxml/isoschematron/resources/rng
2022-12-27T11:43:13.0143100Z   creating build/lib.macosx-11.0-arm64-cpython-38/lxml/isoschematron/resources/xsl
2022-12-27T11:43:13.0148650Z   copying src/lxml/isoschematron/resources/xsl/XSD2Schtrn.xsl -> build/lib.macosx-11.0-arm64-cpython-38/lxml/isoschematron/resources/xsl
2022-12-27T11:43:13.0152790Z   copying src/lxml/isoschematron/resources/xsl/RNG2Schtrn.xsl -> build/lib.macosx-11.0-arm64-cpython-38/lxml/isoschematron/resources/xsl
2022-12-27T11:43:13.0157200Z   creating build/lib.macosx-11.0-arm64-cpython-38/lxml/isoschematron/resources/xsl/iso-schematron-xslt1
2022-12-27T11:43:13.0162150Z   copying src/lxml/isoschematron/resources/xsl/iso-schematron-xslt1/iso_abstract_expand.xsl -> build/lib.macosx-11.0-arm64-cpython-38/lxml/isoschematron/resources/xsl/iso-schematron-xslt1
2022-12-27T11:43:13.0167780Z   copying src/lxml/isoschematron/resources/xsl/iso-schematron-xslt1/iso_dsdl_include.xsl -> build/lib.macosx-11.0-arm64-cpython-38/lxml/isoschematron/resources/xsl/iso-schematron-xslt1
2022-12-27T11:43:13.0172340Z   copying src/lxml/isoschematron/resources/xsl/iso-schematron-xslt1/iso_schematron_skeleton_for_xslt1.xsl -> build/lib.macosx-11.0-arm64-cpython-38/lxml/isoschematron/resources/xsl/iso-schematron-xslt1
2022-12-27T11:43:13.0177530Z   copying src/lxml/isoschematron/resources/xsl/iso-schematron-xslt1/iso_svrl_for_xslt1.xsl -> build/lib.macosx-11.0-arm64-cpython-38/lxml/isoschematron/resources/xsl/iso-schematron-xslt1
2022-12-27T11:43:13.0182190Z   copying src/lxml/isoschematron/resources/xsl/iso-schematron-xslt1/iso_schematron_message.xsl -> build/lib.macosx-11.0-arm64-cpython-38/lxml/isoschematron/resources/xsl/iso-schematron-xslt1
2022-12-27T11:43:13.0186610Z   copying src/lxml/isoschematron/resources/xsl/iso-schematron-xslt1/readme.txt -> build/lib.macosx-11.0-arm64-cpython-38/lxml/isoschematron/resources/xsl/iso-schematron-xslt1
2022-12-27T11:43:13.0206580Z   running build_ext
2022-12-27T11:43:13.0797900Z   building 'lxml.etree' extension
2022-12-27T11:43:13.0802530Z   creating build/temp.macosx-11.0-arm64-cpython-38
2022-12-27T11:43:13.0807950Z   creating build/temp.macosx-11.0-arm64-cpython-38/src
2022-12-27T11:43:13.0811730Z   creating build/temp.macosx-11.0-arm64-cpython-38/src/lxml
2022-12-27T11:43:13.0817480Z   gcc -Wno-unused-result -Wsign-compare -Wunreachable-code -fno-common -dynamic -DNDEBUG -g -fwrapv -O3 -Wall -g -I/usr/local/opt/openssl@3/include -I/usr/local/opt/openssl@3/include -arch arm64 -DCYTHON_CLINE_IN_TRACEBACK=0 -I/Library/Developer/CommandLineTools/SDKs/MacOSX12.1.sdk/usr/include -Isrc -Isrc/lxml/includes -I/private/var/folders/51/hd414ycd67n82196sw51xqtc0000gn/T/cibw-run-osynqjha/cp38-macosx_arm64/build/venv/include -I/Library/Frameworks/Python.framework/Versions/3.8/include/python3.8 -c src/lxml/etree.c -o build/temp.macosx-11.0-arm64-cpython-38/src/lxml/etree.o -w -flat_namespace
2022-12-27T11:43:50.8142860Z   gcc -bundle -undefined dynamic_lookup -g -L/usr/local/opt/openssl@3/lib -I/usr/local/opt/openssl@3/include -I/usr/local/opt/openssl@3/include -arch arm64 build/temp.macosx-11.0-arm64-cpython-38/src/lxml/etree.o -L/Library/Developer/CommandLineTools/SDKs/MacOSX12.1.sdk/usr/lib -lxslt -lexslt -lxml2 -lz -lm -o build/lib.macosx-11.0-arm64-cpython-38/lxml/etree.cpython-38-darwin.so -isysroot /Library/Developer/CommandLineTools/SDKs/MacOSX12.1.sdk
2022-12-27T11:43:50.9823070Z   building 'lxml.objectify' extension
2022-12-27T11:43:50.9828870Z   gcc -Wno-unused-result -Wsign-compare -Wunreachable-code -fno-common -dynamic -DNDEBUG -g -fwrapv -O3 -Wall -g -I/usr/local/opt/openssl@3/include -I/usr/local/opt/openssl@3/include -arch arm64 -DCYTHON_CLINE_IN_TRACEBACK=0 -I/Library/Developer/CommandLineTools/SDKs/MacOSX12.1.sdk/usr/include -Isrc -Isrc/lxml/includes -I/private/var/folders/51/hd414ycd67n82196sw51xqtc0000gn/T/cibw-run-osynqjha/cp38-macosx_arm64/build/venv/include -I/Library/Frameworks/Python.framework/Versions/3.8/include/python3.8 -c src/lxml/objectify.c -o build/temp.macosx-11.0-arm64-cpython-38/src/lxml/objectify.o -w -flat_namespace
2022-12-27T11:43:58.1129040Z   gcc -bundle -undefined dynamic_lookup -g -L/usr/local/opt/openssl@3/lib -I/usr/local/opt/openssl@3/include -I/usr/local/opt/openssl@3/include -arch arm64 build/temp.macosx-11.0-arm64-cpython-38/src/lxml/objectify.o -L/Library/Developer/CommandLineTools/SDKs/MacOSX12.1.sdk/usr/lib -lxslt -lexslt -lxml2 -lz -lm -o build/lib.macosx-11.0-arm64-cpython-38/lxml/objectify.cpython-38-darwin.so -isysroot /Library/Developer/CommandLineTools/SDKs/MacOSX12.1.sdk
2022-12-27T11:43:58.2161150Z   building 'lxml.builder' extension
2022-12-27T11:43:58.2168240Z   gcc -Wno-unused-result -Wsign-compare -Wunreachable-code -fno-common -dynamic -DNDEBUG -g -fwrapv -O3 -Wall -g -I/usr/local/opt/openssl@3/include -I/usr/local/opt/openssl@3/include -arch arm64 -DCYTHON_CLINE_IN_TRACEBACK=0 -I/Library/Developer/CommandLineTools/SDKs/MacOSX12.1.sdk/usr/include -Isrc -Isrc/lxml/includes -I/private/var/folders/51/hd414ycd67n82196sw51xqtc0000gn/T/cibw-run-osynqjha/cp38-macosx_arm64/build/venv/include -I/Library/Frameworks/Python.framework/Versions/3.8/include/python3.8 -c src/lxml/builder.c -o build/temp.macosx-11.0-arm64-cpython-38/src/lxml/builder.o -w -flat_namespace
2022-12-27T11:43:59.6984640Z   gcc -bundle -undefined dynamic_lookup -g -L/usr/local/opt/openssl@3/lib -I/usr/local/opt/openssl@3/include -I/usr/local/opt/openssl@3/include -arch arm64 build/temp.macosx-11.0-arm64-cpython-38/src/lxml/builder.o -o build/lib.macosx-11.0-arm64-cpython-38/lxml/builder.cpython-38-darwin.so
2022-12-27T11:43:59.7865080Z   building 'lxml._elementpath' extension
2022-12-27T11:43:59.7868750Z   gcc -Wno-unused-result -Wsign-compare -Wunreachable-code -fno-common -dynamic -DNDEBUG -g -fwrapv -O3 -Wall -g -I/usr/local/opt/openssl@3/include -I/usr/local/opt/openssl@3/include -arch arm64 -DCYTHON_CLINE_IN_TRACEBACK=0 -I/Library/Developer/CommandLineTools/SDKs/MacOSX12.1.sdk/usr/include -Isrc -Isrc/lxml/includes -I/private/var/folders/51/hd414ycd67n82196sw51xqtc0000gn/T/cibw-run-osynqjha/cp38-macosx_arm64/build/venv/include -I/Library/Frameworks/Python.framework/Versions/3.8/include/python3.8 -c src/lxml/_elementpath.c -o build/temp.macosx-11.0-arm64-cpython-38/src/lxml/_elementpath.o -w -flat_namespace
2022-12-27T11:44:02.8338240Z   gcc -bundle -undefined dynamic_lookup -g -L/usr/local/opt/openssl@3/lib -I/usr/local/opt/openssl@3/include -I/usr/local/opt/openssl@3/include -arch arm64 build/temp.macosx-11.0-arm64-cpython-38/src/lxml/_elementpath.o -o build/lib.macosx-11.0-arm64-cpython-38/lxml/_elementpath.cpython-38-darwin.so
2022-12-27T11:44:02.9221380Z   building 'lxml.html.diff' extension
2022-12-27T11:44:02.9225250Z   creating build/temp.macosx-11.0-arm64-cpython-38/src/lxml/html
2022-12-27T11:44:02.9230610Z   gcc -Wno-unused-result -Wsign-compare -Wunreachable-code -fno-common -dynamic -DNDEBUG -g -fwrapv -O3 -Wall -g -I/usr/local/opt/openssl@3/include -I/usr/local/opt/openssl@3/include -arch arm64 -DCYTHON_CLINE_IN_TRACEBACK=0 -I/Library/Developer/CommandLineTools/SDKs/MacOSX12.1.sdk/usr/include -Isrc -Isrc/lxml/includes -I/private/var/folders/51/hd414ycd67n82196sw51xqtc0000gn/T/cibw-run-osynqjha/cp38-macosx_arm64/build/venv/include -I/Library/Frameworks/Python.framework/Versions/3.8/include/python3.8 -c src/lxml/html/diff.c -o build/temp.macosx-11.0-arm64-cpython-38/src/lxml/html/diff.o -w -flat_namespace
2022-12-27T11:44:09.8098120Z   gcc -bundle -undefined dynamic_lookup -g -L/usr/local/opt/openssl@3/lib -I/usr/local/opt/openssl@3/include -I/usr/local/opt/openssl@3/include -arch arm64 build/temp.macosx-11.0-arm64-cpython-38/src/lxml/html/diff.o -o build/lib.macosx-11.0-arm64-cpython-38/lxml/html/diff.cpython-38-darwin.so
2022-12-27T11:44:09.9015540Z   building 'lxml.html.clean' extension
2022-12-27T11:44:09.9021770Z   gcc -Wno-unused-result -Wsign-compare -Wunreachable-code -fno-common -dynamic -DNDEBUG -g -fwrapv -O3 -Wall -g -I/usr/local/opt/openssl@3/include -I/usr/local/opt/openssl@3/include -arch arm64 -DCYTHON_CLINE_IN_TRACEBACK=0 -I/Library/Developer/CommandLineTools/SDKs/MacOSX12.1.sdk/usr/include -Isrc -Isrc/lxml/includes -I/private/var/folders/51/hd414ycd67n82196sw51xqtc0000gn/T/cibw-run-osynqjha/cp38-macosx_arm64/build/venv/include -I/Library/Frameworks/Python.framework/Versions/3.8/include/python3.8 -c src/lxml/html/clean.c -o build/temp.macosx-11.0-arm64-cpython-38/src/lxml/html/clean.o -w -flat_namespace
2022-12-27T11:44:16.1341970Z   gcc -bundle -undefined dynamic_lookup -g -L/usr/local/opt/openssl@3/lib -I/usr/local/opt/openssl@3/include -I/usr/local/opt/openssl@3/include -arch arm64 build/temp.macosx-11.0-arm64-cpython-38/src/lxml/html/clean.o -o build/lib.macosx-11.0-arm64-cpython-38/lxml/html/clean.cpython-38-darwin.so
2022-12-27T11:44:16.2309680Z   /private/var/folders/51/hd414ycd67n82196sw51xqtc0000gn/T/cibw-run-osynqjha/cp38-macosx_arm64/build/venv/lib/python3.8/site-packages/setuptools/command/install.py:34: SetuptoolsDeprecationWarning: setup.py install is deprecated. Use build and pip and other standards-based tools.
2022-12-27T11:44:16.2311390Z     warnings.warn(
2022-12-27T11:44:16.2339960Z   installing to build/bdist.macosx-11.0-arm64/wheel
2022-12-27T11:44:16.2340700Z   running install
2022-12-27T11:44:16.2449510Z   running install_lib
2022-12-27T11:44:16.2481050Z   creating build/bdist.macosx-11.0-arm64
2022-12-27T11:44:16.2485540Z   creating build/bdist.macosx-11.0-arm64/wheel
2022-12-27T11:44:16.2487320Z   creating build/bdist.macosx-11.0-arm64/wheel/lxml
2022-12-27T11:44:16.2490840Z   copying build/lib.macosx-11.0-arm64-cpython-38/lxml/_elementpath.py -> build/bdist.macosx-11.0-arm64/wheel/lxml
2022-12-27T11:44:16.2493020Z   creating build/bdist.macosx-11.0-arm64/wheel/lxml/isoschematron
2022-12-27T11:44:16.2495680Z   creating build/bdist.macosx-11.0-arm64/wheel/lxml/isoschematron/resources
2022-12-27T11:44:16.2498490Z   creating build/bdist.macosx-11.0-arm64/wheel/lxml/isoschematron/resources/xsl
2022-12-27T11:44:16.2501050Z   copying build/lib.macosx-11.0-arm64-cpython-38/lxml/isoschematron/resources/xsl/XSD2Schtrn.xsl -> build/bdist.macosx-11.0-arm64/wheel/lxml/isoschematron/resources/xsl
2022-12-27T11:44:16.2510780Z   creating build/bdist.macosx-11.0-arm64/wheel/lxml/isoschematron/resources/xsl/iso-schematron-xslt1
2022-12-27T11:44:16.2513830Z   copying build/lib.macosx-11.0-arm64-cpython-38/lxml/isoschematron/resources/xsl/iso-schematron-xslt1/iso_abstract_expand.xsl -> build/bdist.macosx-11.0-arm64/wheel/lxml/isoschematron/resources/xsl/iso-schematron-xslt1
2022-12-27T11:44:16.2516110Z   copying build/lib.macosx-11.0-arm64-cpython-38/lxml/isoschematron/resources/xsl/iso-schematron-xslt1/iso_dsdl_include.xsl -> build/bdist.macosx-11.0-arm64/wheel/lxml/isoschematron/resources/xsl/iso-schematron-xslt1
2022-12-27T11:44:16.2519320Z   copying build/lib.macosx-11.0-arm64-cpython-38/lxml/isoschematron/resources/xsl/iso-schematron-xslt1/iso_schematron_skeleton_for_xslt1.xsl -> build/bdist.macosx-11.0-arm64/wheel/lxml/isoschematron/resources/xsl/iso-schematron-xslt1
2022-12-27T11:44:16.2525600Z   copying build/lib.macosx-11.0-arm64-cpython-38/lxml/isoschematron/resources/xsl/iso-schematron-xslt1/iso_svrl_for_xslt1.xsl -> build/bdist.macosx-11.0-arm64/wheel/lxml/isoschematron/resources/xsl/iso-schematron-xslt1
2022-12-27T11:44:16.2536030Z   copying build/lib.macosx-11.0-arm64-cpython-38/lxml/isoschematron/resources/xsl/iso-schematron-xslt1/iso_schematron_message.xsl -> build/bdist.macosx-11.0-arm64/wheel/lxml/isoschematron/resources/xsl/iso-schematron-xslt1
2022-12-27T11:44:16.2539420Z   copying build/lib.macosx-11.0-arm64-cpython-38/lxml/isoschematron/resources/xsl/iso-schematron-xslt1/readme.txt -> build/bdist.macosx-11.0-arm64/wheel/lxml/isoschematron/resources/xsl/iso-schematron-xslt1
2022-12-27T11:44:16.2542190Z   copying build/lib.macosx-11.0-arm64-cpython-38/lxml/isoschematron/resources/xsl/RNG2Schtrn.xsl -> build/bdist.macosx-11.0-arm64/wheel/lxml/isoschematron/resources/xsl
2022-12-27T11:44:16.2549420Z   creating build/bdist.macosx-11.0-arm64/wheel/lxml/isoschematron/resources/rng
2022-12-27T11:44:16.2552970Z   copying build/lib.macosx-11.0-arm64-cpython-38/lxml/isoschematron/resources/rng/iso-schematron.rng -> build/bdist.macosx-11.0-arm64/wheel/lxml/isoschematron/resources/rng
2022-12-27T11:44:16.2555810Z   copying build/lib.macosx-11.0-arm64-cpython-38/lxml/isoschematron/__init__.py -> build/bdist.macosx-11.0-arm64/wheel/lxml/isoschematron
2022-12-27T11:44:16.2558410Z   copying build/lib.macosx-11.0-arm64-cpython-38/lxml/etree.cpython-38-darwin.so -> build/bdist.macosx-11.0-arm64/wheel/lxml
2022-12-27T11:44:16.2616140Z   creating build/bdist.macosx-11.0-arm64/wheel/lxml/includes
2022-12-27T11:44:16.2616810Z   copying build/lib.macosx-11.0-arm64-cpython-38/lxml/includes/xmlerror.pxd -> build/bdist.macosx-11.0-arm64/wheel/lxml/includes
2022-12-27T11:44:16.2624250Z   copying build/lib.macosx-11.0-arm64-cpython-38/lxml/includes/c14n.pxd -> build/bdist.macosx-11.0-arm64/wheel/lxml/includes
2022-12-27T11:44:16.2626260Z   copying build/lib.macosx-11.0-arm64-cpython-38/lxml/includes/xmlschema.pxd -> build/bdist.macosx-11.0-arm64/wheel/lxml/includes
2022-12-27T11:44:16.2629790Z   copying build/lib.macosx-11.0-arm64-cpython-38/lxml/includes/__init__.pxd -> build/bdist.macosx-11.0-arm64/wheel/lxml/includes
2022-12-27T11:44:16.2634850Z   copying build/lib.macosx-11.0-arm64-cpython-38/lxml/includes/lxml-version.h -> build/bdist.macosx-11.0-arm64/wheel/lxml/includes
2022-12-27T11:44:16.2639570Z   copying build/lib.macosx-11.0-arm64-cpython-38/lxml/includes/schematron.pxd -> build/bdist.macosx-11.0-arm64/wheel/lxml/includes
2022-12-27T11:44:16.2643110Z   copying build/lib.macosx-11.0-arm64-cpython-38/lxml/includes/__init__.py -> build/bdist.macosx-11.0-arm64/wheel/lxml/includes
2022-12-27T11:44:16.2647540Z   copying build/lib.macosx-11.0-arm64-cpython-38/lxml/includes/tree.pxd -> build/bdist.macosx-11.0-arm64/wheel/lxml/includes
2022-12-27T11:44:16.2652700Z   copying build/lib.macosx-11.0-arm64-cpython-38/lxml/includes/uri.pxd -> build/bdist.macosx-11.0-arm64/wheel/lxml/includes
2022-12-27T11:44:16.2662160Z   copying build/lib.macosx-11.0-arm64-cpython-38/lxml/includes/etree_defs.h -> build/bdist.macosx-11.0-arm64/wheel/lxml/includes
2022-12-27T11:44:16.2665980Z   copying build/lib.macosx-11.0-arm64-cpython-38/lxml/includes/etreepublic.pxd -> build/bdist.macosx-11.0-arm64/wheel/lxml/includes
2022-12-27T11:44:16.2668330Z   copying build/lib.macosx-11.0-arm64-cpython-38/lxml/includes/xpath.pxd -> build/bdist.macosx-11.0-arm64/wheel/lxml/includes
2022-12-27T11:44:16.2672120Z   copying build/lib.macosx-11.0-arm64-cpython-38/lxml/includes/htmlparser.pxd -> build/bdist.macosx-11.0-arm64/wheel/lxml/includes
2022-12-27T11:44:16.2674080Z   copying build/lib.macosx-11.0-arm64-cpython-38/lxml/includes/xslt.pxd -> build/bdist.macosx-11.0-arm64/wheel/lxml/includes
2022-12-27T11:44:16.2679720Z   copying build/lib.macosx-11.0-arm64-cpython-38/lxml/includes/config.pxd -> build/bdist.macosx-11.0-arm64/wheel/lxml/includes
2022-12-27T11:44:16.2684860Z   copying build/lib.macosx-11.0-arm64-cpython-38/lxml/includes/xmlparser.pxd -> build/bdist.macosx-11.0-arm64/wheel/lxml/includes
2022-12-27T11:44:16.2689230Z   copying build/lib.macosx-11.0-arm64-cpython-38/lxml/includes/xinclude.pxd -> build/bdist.macosx-11.0-arm64/wheel/lxml/includes
2022-12-27T11:44:16.2692590Z   copying build/lib.macosx-11.0-arm64-cpython-38/lxml/includes/dtdvalid.pxd -> build/bdist.macosx-11.0-arm64/wheel/lxml/includes
2022-12-27T11:44:16.2698030Z   copying build/lib.macosx-11.0-arm64-cpython-38/lxml/includes/relaxng.pxd -> build/bdist.macosx-11.0-arm64/wheel/lxml/includes
2022-12-27T11:44:16.2702340Z   copying build/lib.macosx-11.0-arm64-cpython-38/lxml/sax.py -> build/bdist.macosx-11.0-arm64/wheel/lxml
2022-12-27T11:44:16.2709910Z   copying build/lib.macosx-11.0-arm64-cpython-38/lxml/pyclasslookup.py -> build/bdist.macosx-11.0-arm64/wheel/lxml
2022-12-27T11:44:16.2713470Z   copying build/lib.macosx-11.0-arm64-cpython-38/lxml/__init__.py -> build/bdist.macosx-11.0-arm64/wheel/lxml
2022-12-27T11:44:16.2720510Z   creating build/bdist.macosx-11.0-arm64/wheel/lxml/html
2022-12-27T11:44:16.2722810Z   copying build/lib.macosx-11.0-arm64-cpython-38/lxml/html/soupparser.py -> build/bdist.macosx-11.0-arm64/wheel/lxml/html
2022-12-27T11:44:16.2728440Z   copying build/lib.macosx-11.0-arm64-cpython-38/lxml/html/defs.py -> build/bdist.macosx-11.0-arm64/wheel/lxml/html
2022-12-27T11:44:16.2732280Z   copying build/lib.macosx-11.0-arm64-cpython-38/lxml/html/_setmixin.py -> build/bdist.macosx-11.0-arm64/wheel/lxml/html
2022-12-27T11:44:16.2737390Z   copying build/lib.macosx-11.0-arm64-cpython-38/lxml/html/clean.py -> build/bdist.macosx-11.0-arm64/wheel/lxml/html
2022-12-27T11:44:16.2742370Z   copying build/lib.macosx-11.0-arm64-cpython-38/lxml/html/_diffcommand.py -> build/bdist.macosx-11.0-arm64/wheel/lxml/html
2022-12-27T11:44:16.2747110Z   copying build/lib.macosx-11.0-arm64-cpython-38/lxml/html/html5parser.py -> build/bdist.macosx-11.0-arm64/wheel/lxml/html
2022-12-27T11:44:16.2751640Z   copying build/lib.macosx-11.0-arm64-cpython-38/lxml/html/__init__.py -> build/bdist.macosx-11.0-arm64/wheel/lxml/html
2022-12-27T11:44:16.2757640Z   copying build/lib.macosx-11.0-arm64-cpython-38/lxml/html/formfill.py -> build/bdist.macosx-11.0-arm64/wheel/lxml/html
2022-12-27T11:44:16.2760890Z   copying build/lib.macosx-11.0-arm64-cpython-38/lxml/html/builder.py -> build/bdist.macosx-11.0-arm64/wheel/lxml/html
2022-12-27T11:44:16.2767530Z   copying build/lib.macosx-11.0-arm64-cpython-38/lxml/html/ElementSoup.py -> build/bdist.macosx-11.0-arm64/wheel/lxml/html
2022-12-27T11:44:16.2771040Z   copying build/lib.macosx-11.0-arm64-cpython-38/lxml/html/_html5builder.py -> build/bdist.macosx-11.0-arm64/wheel/lxml/html
2022-12-27T11:44:16.2777260Z   copying build/lib.macosx-11.0-arm64-cpython-38/lxml/html/usedoctest.py -> build/bdist.macosx-11.0-arm64/wheel/lxml/html
2022-12-27T11:44:16.2780560Z   copying build/lib.macosx-11.0-arm64-cpython-38/lxml/html/diff.py -> build/bdist.macosx-11.0-arm64/wheel/lxml/html
2022-12-27T11:44:16.2785800Z   copying build/lib.macosx-11.0-arm64-cpython-38/lxml/html/diff.cpython-38-darwin.so -> build/bdist.macosx-11.0-arm64/wheel/lxml/html
2022-12-27T11:44:16.2797290Z   copying build/lib.macosx-11.0-arm64-cpython-38/lxml/html/clean.cpython-38-darwin.so -> build/bdist.macosx-11.0-arm64/wheel/lxml/html
2022-12-27T11:44:16.2812170Z   copying build/lib.macosx-11.0-arm64-cpython-38/lxml/etree_api.h -> build/bdist.macosx-11.0-arm64/wheel/lxml
2022-12-27T11:44:16.2818870Z   copying build/lib.macosx-11.0-arm64-cpython-38/lxml/objectify.cpython-38-darwin.so -> build/bdist.macosx-11.0-arm64/wheel/lxml
2022-12-27T11:44:16.2831290Z   copying build/lib.macosx-11.0-arm64-cpython-38/lxml/builder.py -> build/bdist.macosx-11.0-arm64/wheel/lxml
2022-12-27T11:44:16.2835780Z   copying build/lib.macosx-11.0-arm64-cpython-38/lxml/doctestcompare.py -> build/bdist.macosx-11.0-arm64/wheel/lxml
2022-12-27T11:44:16.2844350Z   copying build/lib.macosx-11.0-arm64-cpython-38/lxml/usedoctest.py -> build/bdist.macosx-11.0-arm64/wheel/lxml
2022-12-27T11:44:16.2849290Z   copying build/lib.macosx-11.0-arm64-cpython-38/lxml/cssselect.py -> build/bdist.macosx-11.0-arm64/wheel/lxml
2022-12-27T11:44:16.2851910Z   copying build/lib.macosx-11.0-arm64-cpython-38/lxml/builder.cpython-38-darwin.so -> build/bdist.macosx-11.0-arm64/wheel/lxml
2022-12-27T11:44:16.2862350Z   copying build/lib.macosx-11.0-arm64-cpython-38/lxml/lxml.etree.h -> build/bdist.macosx-11.0-arm64/wheel/lxml
2022-12-27T11:44:16.2869290Z   copying build/lib.macosx-11.0-arm64-cpython-38/lxml/etree.h -> build/bdist.macosx-11.0-arm64/wheel/lxml
2022-12-27T11:44:16.2872450Z   copying build/lib.macosx-11.0-arm64-cpython-38/lxml/ElementInclude.py -> build/bdist.macosx-11.0-arm64/wheel/lxml
2022-12-27T11:44:16.2878010Z   copying build/lib.macosx-11.0-arm64-cpython-38/lxml/lxml.etree_api.h -> build/bdist.macosx-11.0-arm64/wheel/lxml
2022-12-27T11:44:16.2883960Z   copying build/lib.macosx-11.0-arm64-cpython-38/lxml/_elementpath.cpython-38-darwin.so -> build/bdist.macosx-11.0-arm64/wheel/lxml
2022-12-27T11:44:16.2899530Z   running install_egg_info
2022-12-27T11:44:16.3039310Z   running egg_info
2022-12-27T11:44:16.3063280Z   writing src/lxml.egg-info/PKG-INFO
2022-12-27T11:44:16.3070680Z   writing dependency_links to src/lxml.egg-info/dependency_links.txt
2022-12-27T11:44:16.3077920Z   writing requirements to src/lxml.egg-info/requires.txt
2022-12-27T11:44:16.3080660Z   writing top-level names to src/lxml.egg-info/top_level.txt
2022-12-27T11:44:16.3183540Z   reading manifest file 'src/lxml.egg-info/SOURCES.txt'
2022-12-27T11:44:16.3231750Z   reading manifest template 'MANIFEST.in'
2022-12-27T11:44:16.4196970Z   warning: no files found matching '*.html' under directory 'doc'
2022-12-27T11:44:16.4361750Z   adding license file 'LICENSES.txt'
2022-12-27T11:44:16.4441150Z   writing manifest file 'src/lxml.egg-info/SOURCES.txt'
2022-12-27T11:44:16.4442310Z   Copying src/lxml.egg-info to build/bdist.macosx-11.0-arm64/wheel/lxml-4.2.6-py3.8.egg-info
2022-12-27T11:44:16.4477010Z   running install_scripts
2022-12-27T11:44:16.4955770Z   creating build/bdist.macosx-11.0-arm64/wheel/lxml-4.2.6.dist-info/WHEEL
2022-12-27T11:44:16.4964810Z   creating '/private/var/folders/51/hd414ycd67n82196sw51xqtc0000gn/T/pip-wheel-v06xoqd0/lxml-4.2.6-cp38-cp38-macosx_11_0_arm64.whl' and adding 'build/bdist.macosx-11.0-arm64/wheel' to it
2022-12-27T11:44:16.4975690Z   adding 'lxml/ElementInclude.py'
2022-12-27T11:44:16.4982800Z   adding 'lxml/__init__.py'
2022-12-27T11:44:16.5061080Z   adding 'lxml/_elementpath.cpython-38-darwin.so'
2022-12-27T11:44:16.5075030Z   adding 'lxml/_elementpath.py'
2022-12-27T11:44:16.5121370Z   adding 'lxml/builder.cpython-38-darwin.so'
2022-12-27T11:44:16.5132270Z   adding 'lxml/builder.py'
2022-12-27T11:44:16.5137610Z   adding 'lxml/cssselect.py'
2022-12-27T11:44:16.5144550Z   adding 'lxml/doctestcompare.py'
2022-12-27T11:44:16.5943820Z   adding 'lxml/etree.cpython-38-darwin.so'
2022-12-27T11:44:16.6063290Z   adding 'lxml/etree.h'
2022-12-27T11:44:16.6065480Z   adding 'lxml/etree_api.h'
2022-12-27T11:44:16.6074470Z   adding 'lxml/lxml.etree.h'
2022-12-27T11:44:16.6076840Z   adding 'lxml/lxml.etree_api.h'
2022-12-27T11:44:16.6236960Z   adding 'lxml/objectify.cpython-38-darwin.so'
2022-12-27T11:44:16.6262950Z   adding 'lxml/pyclasslookup.py'
2022-12-27T11:44:16.6266240Z   adding 'lxml/sax.py'
2022-12-27T11:44:16.6268340Z   adding 'lxml/usedoctest.py'
2022-12-27T11:44:16.6278060Z   adding 'lxml/html/ElementSoup.py'
2022-12-27T11:44:16.6304840Z   adding 'lxml/html/__init__.py'
2022-12-27T11:44:16.6310790Z   adding 'lxml/html/_diffcommand.py'
2022-12-27T11:44:16.6314430Z   adding 'lxml/html/_html5builder.py'
2022-12-27T11:44:16.6316990Z   adding 'lxml/html/_setmixin.py'
2022-12-27T11:44:16.6326070Z   adding 'lxml/html/builder.py'
2022-12-27T11:44:16.6443420Z   adding 'lxml/html/clean.cpython-38-darwin.so'
2022-12-27T11:44:16.6464140Z   adding 'lxml/html/clean.py'
2022-12-27T11:44:16.6473700Z   adding 'lxml/html/defs.py'
2022-12-27T11:44:16.6616870Z   adding 'lxml/html/diff.cpython-38-darwin.so'
2022-12-27T11:44:16.6644540Z   adding 'lxml/html/diff.py'
2022-12-27T11:44:16.6654870Z   adding 'lxml/html/formfill.py'
2022-12-27T11:44:16.6659010Z   adding 'lxml/html/html5parser.py'
2022-12-27T11:44:16.6662170Z   adding 'lxml/html/soupparser.py'
2022-12-27T11:44:16.6669460Z   adding 'lxml/html/usedoctest.py'
2022-12-27T11:44:16.6675080Z   adding 'lxml/includes/__init__.pxd'
2022-12-27T11:44:16.6679330Z   adding 'lxml/includes/__init__.py'
2022-12-27T11:44:16.6682060Z   adding 'lxml/includes/c14n.pxd'
2022-12-27T11:44:16.6684380Z   adding 'lxml/includes/config.pxd'
2022-12-27T11:44:16.6690090Z   adding 'lxml/includes/dtdvalid.pxd'
2022-12-27T11:44:16.6698480Z   adding 'lxml/includes/etree_defs.h'
2022-12-27T11:44:16.6703170Z   adding 'lxml/includes/etreepublic.pxd'
2022-12-27T11:44:16.6706800Z   adding 'lxml/includes/htmlparser.pxd'
2022-12-27T11:44:16.6712500Z   adding 'lxml/includes/lxml-version.h'
2022-12-27T11:44:16.6718330Z   adding 'lxml/includes/relaxng.pxd'
2022-12-27T11:44:16.6721000Z   adding 'lxml/includes/schematron.pxd'
2022-12-27T11:44:16.6727930Z   adding 'lxml/includes/tree.pxd'
2022-12-27T11:44:16.6734230Z   adding 'lxml/includes/uri.pxd'
2022-12-27T11:44:16.6737070Z   adding 'lxml/includes/xinclude.pxd'
2022-12-27T11:44:16.6751980Z   adding 'lxml/includes/xmlerror.pxd'
2022-12-27T11:44:16.6760680Z   adding 'lxml/includes/xmlparser.pxd'
2022-12-27T11:44:16.6765630Z   adding 'lxml/includes/xmlschema.pxd'
2022-12-27T11:44:16.6772590Z   adding 'lxml/includes/xpath.pxd'
2022-12-27T11:44:16.6777540Z   adding 'lxml/includes/xslt.pxd'
2022-12-27T11:44:16.6786560Z   adding 'lxml/isoschematron/__init__.py'
2022-12-27T11:44:16.6793300Z   adding 'lxml/isoschematron/resources/rng/iso-schematron.rng'
2022-12-27T11:44:16.6799720Z   adding 'lxml/isoschematron/resources/xsl/RNG2Schtrn.xsl'
2022-12-27T11:44:16.6805920Z   adding 'lxml/isoschematron/resources/xsl/XSD2Schtrn.xsl'
2022-12-27T11:44:16.6812270Z   adding 'lxml/isoschematron/resources/xsl/iso-schematron-xslt1/iso_abstract_expand.xsl'
2022-12-27T11:44:16.6822020Z   adding 'lxml/isoschematron/resources/xsl/iso-schematron-xslt1/iso_dsdl_include.xsl'
2022-12-27T11:44:16.6828920Z   adding 'lxml/isoschematron/resources/xsl/iso-schematron-xslt1/iso_schematron_message.xsl'
2022-12-27T11:44:16.6851900Z   adding 'lxml/isoschematron/resources/xsl/iso-schematron-xslt1/iso_schematron_skeleton_for_xslt1.xsl'
2022-12-27T11:44:16.6863390Z   adding 'lxml/isoschematron/resources/xsl/iso-schematron-xslt1/iso_svrl_for_xslt1.xsl'
2022-12-27T11:44:16.6873320Z   adding 'lxml/isoschematron/resources/xsl/iso-schematron-xslt1/readme.txt'
2022-12-27T11:44:16.6880730Z   adding 'lxml-4.2.6.dist-info/LICENSES.txt'
2022-12-27T11:44:16.6883140Z   adding 'lxml-4.2.6.dist-info/METADATA'
2022-12-27T11:44:16.6885980Z   adding 'lxml-4.2.6.dist-info/WHEEL'
2022-12-27T11:44:16.6888790Z   adding 'lxml-4.2.6.dist-info/top_level.txt'
2022-12-27T11:44:16.6893390Z   adding 'lxml-4.2.6.dist-info/RECORD'
2022-12-27T11:44:16.6900520Z   removing build/bdist.macosx-11.0-arm64/wheel
2022-12-27T11:44:16.7645880Z   Building wheel for lxml (setup.py): finished with status 'done'
2022-12-27T11:44:16.7734920Z   Created wheel for lxml: filename=lxml-4.2.6-cp38-cp38-macosx_11_0_arm64.whl size=1407339 sha256=4cbcb9933722e9df75e1a21056cf837a76d672ce34a9572c4cf951c84c8e6957
2022-12-27T11:44:16.7735900Z   Stored in directory: /Users/runner/Library/Caches/pip/wheels/c7/eb/fa/8fb46bcad39a8fb4348f5f82566190147a6dcb3fb715f39530
2022-12-27T11:44:16.7809730Z Successfully built lxml
2022-12-27T11:44:16.7830480Z Removed build tracker: '/private/var/folders/51/hd414ycd67n82196sw51xqtc0000gn/T/pip-build-tracker-8_islcvd'
2022-12-27T11:44:16.8879500Z ##[endgroup]
2022-12-27T11:44:16.8880790Z                                                              [32mâœ“ [0m65.82s
2022-12-27T11:44:16.8881580Z ##[group]Repairing wheel...
2022-12-27T11:44:16.8881850Z 
2022-12-27T11:44:16.8883280Z + delocate-wheel --require-archs arm64 -w /private/var/folders/51/hd414ycd67n82196sw51xqtc0000gn/T/cibw-run-osynqjha/cp38-macosx_arm64/repaired_wheel -v /private/var/folders/51/hd414ycd67n82196sw51xqtc0000gn/T/cibw-run-osynqjha/cp38-macosx_arm64/built_wheel/lxml-4.2.6-cp38-cp38-macosx_11_0_arm64.whl
2022-12-27T11:44:25.5915220Z Fixing: /private/var/folders/51/hd414ycd67n82196sw51xqtc0000gn/T/cibw-run-osynqjha/cp38-macosx_arm64/built_wheel/lxml-4.2.6-cp38-cp38-macosx_11_0_arm64.whl
2022-12-27T11:44:25.6085650Z ##[endgroup]
2022-12-27T11:44:25.6086730Z                                                               [32mâœ“ [0m8.72s
2022-12-27T11:44:25.6713010Z 
2022-12-27T11:44:25.6714260Z [32mâœ“ [0mcp38-macosx_arm64 finished in 80.80s
2022-12-27T11:44:25.6717850Z 
2022-12-27T11:44:25.6718290Z 1 wheels produced in 1 minutes:
2022-12-27T11:44:25.6718710Z   lxml-4.2.6-cp38-cp38-macosx_11_0_arm64.whl   1,375 kB
2022-12-27T11:44:25.7059120Z ##[group]Run actions/upload-artifact@v3
2022-12-27T11:44:25.7059390Z with:
2022-12-27T11:44:25.7059610Z   name: lxml-4.2.6-cp38-cp38-macosx_11_0_arm64.whl.zip
2022-12-27T11:44:25.7059920Z   path: build_lxml42638/wheelsout/*.whl
2022-12-27T11:44:25.7060200Z   if-no-files-found: warn
2022-12-27T11:44:25.7060410Z env:
2022-12-27T11:44:25.7060720Z   pythonLocation: /Users/runner/hostedtoolcache/Python/3.8.15/x64
2022-12-27T11:44:25.7061150Z   PKG_CONFIG_PATH: /Users/runner/hostedtoolcache/Python/3.8.15/x64/lib/pkgconfig
2022-12-27T11:44:25.7061470Z   Python_ROOT_DIR: /Users/runner/hostedtoolcache/Python/3.8.15/x64
2022-12-27T11:44:25.7061780Z   Python2_ROOT_DIR: /Users/runner/hostedtoolcache/Python/3.8.15/x64
2022-12-27T11:44:25.7062130Z   Python3_ROOT_DIR: /Users/runner/hostedtoolcache/Python/3.8.15/x64
2022-12-27T11:44:25.7062410Z ##[endgroup]
2022-12-27T11:44:25.8005500Z With the provided path, there will be 1 file uploaded
2022-12-27T11:44:25.8007640Z Starting artifact upload
2022-12-27T11:44:25.8009360Z For more detailed logs during the artifact upload process, enable step-debugging: https://docs.github.com/actions/monitoring-and-troubleshooting-workflows/enabling-debug-logging#enabling-step-debug-logging
2022-12-27T11:44:25.8009970Z Artifact name is valid!
2022-12-27T11:44:26.9348250Z Container for artifact "lxml-4.2.6-cp38-cp38-macosx_11_0_arm64.whl.zip" successfully created. Starting upload of file(s)
2022-12-27T11:44:30.2884790Z Total size of all the files uploaded is 1393063 bytes
2022-12-27T11:44:30.2885820Z File upload process has finished. Finalizing the artifact upload
2022-12-27T11:44:31.3682350Z Artifact has been finalized. All files have been successfully uploaded!
2022-12-27T11:44:31.3683230Z 
2022-12-27T11:44:31.3683780Z The raw size of all the files that were specified for upload is 1407366 bytes
2022-12-27T11:44:31.3685290Z The size of all the files that were uploaded is 1393063 bytes. This takes into account any gzip compression used to reduce the upload size, time and storage
2022-12-27T11:44:31.3686400Z 
2022-12-27T11:44:31.3687670Z Note: The size of downloaded zips can differ significantly from the reported size. For more information see: https://github.com/actions/upload-artifact#zipped-artifact-downloads 
2022-12-27T11:44:31.3688530Z 
2022-12-27T11:44:31.3689550Z Artifact lxml-4.2.6-cp38-cp38-macosx_11_0_arm64.whl.zip has been successfully uploaded!
2022-12-27T11:44:31.3827190Z ##[group]Run rm -rf build_lxml42638 wheelsout
2022-12-27T11:44:31.3827540Z [36;1mrm -rf build_lxml42638 wheelsout[0m
2022-12-27T11:44:31.3854860Z shell: /bin/bash -e {0}
2022-12-27T11:44:31.3855260Z env:
2022-12-27T11:44:31.3855620Z   pythonLocation: /Users/runner/hostedtoolcache/Python/3.8.15/x64
2022-12-27T11:44:31.3856010Z   PKG_CONFIG_PATH: /Users/runner/hostedtoolcache/Python/3.8.15/x64/lib/pkgconfig
2022-12-27T11:44:31.3856850Z   Python_ROOT_DIR: /Users/runner/hostedtoolcache/Python/3.8.15/x64
2022-12-27T11:44:31.3857330Z   Python2_ROOT_DIR: /Users/runner/hostedtoolcache/Python/3.8.15/x64
2022-12-27T11:44:31.3857730Z   Python3_ROOT_DIR: /Users/runner/hostedtoolcache/Python/3.8.15/x64
2022-12-27T11:44:31.3858080Z ##[endgroup]
2022-12-27T11:44:31.4519000Z Post job cleanup.
2022-12-27T11:44:31.6714280Z Cleaning up orphan processes
