2022-12-27T08:59:31.4400398Z Requested labels: self-hosted, macOS, X64
2022-12-27T08:59:31.4400478Z Job defined at: kilnbuild/python.build/.github/workflows/mac_arm_build.yml@refs/heads/main
2022-12-27T08:59:31.4400513Z Waiting for a runner to pick up this job...
2022-12-27T11:50:36.0753356Z Job is about to start running on the runner: k1 (organization)
2022-12-27T11:50:39.7702430Z Current runner version: '2.300.2'
2022-12-27T11:50:39.7707100Z Runner name: 'k1'
2022-12-27T11:50:39.7707340Z Runner group name: 'Default'
2022-12-27T11:50:39.7707780Z Machine name: 'k1'
2022-12-27T11:50:39.7709190Z ##[group]GITHUB_TOKEN Permissions
2022-12-27T11:50:39.7709560Z Actions: write
2022-12-27T11:50:39.7709690Z Checks: write
2022-12-27T11:50:39.7709820Z Contents: write
2022-12-27T11:50:39.7709950Z Deployments: write
2022-12-27T11:50:39.7710080Z Discussions: write
2022-12-27T11:50:39.7710210Z Issues: write
2022-12-27T11:50:39.7710330Z Metadata: read
2022-12-27T11:50:39.7710510Z Packages: write
2022-12-27T11:50:39.7710640Z Pages: write
2022-12-27T11:50:39.7710760Z PullRequests: write
2022-12-27T11:50:39.7710920Z RepositoryProjects: write
2022-12-27T11:50:39.7711070Z SecurityEvents: write
2022-12-27T11:50:39.7711200Z Statuses: write
2022-12-27T11:50:39.7711330Z ##[endgroup]
2022-12-27T11:50:39.7713970Z Secret source: Actions
2022-12-27T11:50:39.7714270Z Prepare workflow directory
2022-12-27T11:50:39.8333350Z Prepare all required actions
2022-12-27T11:50:39.8448260Z Getting action download info
2022-12-27T11:50:40.2772120Z Download action repository 'actions/setup-python@v4' (SHA:5ccb29d8773c3f3f653e1705f474dfaa8a06a912)
2022-12-27T11:50:42.0541220Z Download action repository 'actions/upload-artifact@v3' (SHA:83fd05a356d7e2593de66fc9913b3002723633cb)
2022-12-27T11:50:43.3598980Z ##[group]Run echo '{
2022-12-27T11:50:43.3599220Z [36;1mecho '{[0m
2022-12-27T11:50:43.3599340Z [36;1m  "package_name": "lxml",[0m
2022-12-27T11:50:43.3599600Z [36;1m  "package_url": "https://files.pythonhosted.org/packages/c5/2f/a0d8aa3eee6d53d5723d89e1fc32eee11e76801b424e30b55c7aa6302b01/lxml-4.6.1.tar.gz",[0m
2022-12-27T11:50:43.3599810Z [36;1m  "package_version": "4.6.1",[0m
2022-12-27T11:50:43.3599990Z [36;1m  "python_version": "3.8",[0m
2022-12-27T11:50:43.3600160Z [36;1m  "use_ccache": "true"[0m
2022-12-27T11:50:43.3600280Z [36;1m}'[0m
2022-12-27T11:50:43.3615390Z shell: /bin/bash -e {0}
2022-12-27T11:50:43.3615560Z ##[endgroup]
2022-12-27T11:50:43.3823020Z {
2022-12-27T11:50:43.3824260Z   "package_name": "lxml",
2022-12-27T11:50:43.3824950Z   "package_url": "https://files.pythonhosted.org/packages/c5/2f/a0d8aa3eee6d53d5723d89e1fc32eee11e76801b424e30b55c7aa6302b01/lxml-4.6.1.tar.gz",
2022-12-27T11:50:43.3825220Z   "package_version": "4.6.1",
2022-12-27T11:50:43.3825430Z   "python_version": "3.8",
2022-12-27T11:50:43.3825590Z   "use_ccache": "true"
2022-12-27T11:50:43.3825750Z }
2022-12-27T11:50:43.4024700Z ##[group]Run actions/setup-python@v4
2022-12-27T11:50:43.4024940Z with:
2022-12-27T11:50:43.4025120Z   python-version: 3.8
2022-12-27T11:50:43.4025270Z   check-latest: false
2022-12-27T11:50:43.4025550Z   token: ***
2022-12-27T11:50:43.4025780Z   update-environment: true
2022-12-27T11:50:43.4025930Z ##[endgroup]
2022-12-27T11:50:43.5193140Z ##[group]Installed versions
2022-12-27T11:50:43.5297850Z Successfully set up CPython (3.8.15)
2022-12-27T11:50:43.5298630Z ##[endgroup]
2022-12-27T11:50:43.5438340Z ##[group]Run if [ "true" == "true" ]
2022-12-27T11:50:43.5438760Z [36;1mif [ "true" == "true" ][0m
2022-12-27T11:50:43.5438910Z [36;1mthen[0m
2022-12-27T11:50:43.5439130Z [36;1m  echo "CCACHE_PATH_PREPEND=/usr/local/opt/ccache/libexec" >> $GITHUB_OUTPUT[0m
2022-12-27T11:50:43.5439330Z [36;1melse[0m
2022-12-27T11:50:43.5439570Z [36;1m  echo "CCACHE_PATH_PREPEND=" >> $GITHUB_OUTPUT[0m
2022-12-27T11:50:43.5439720Z [36;1mfi[0m
2022-12-27T11:50:43.5455710Z shell: /bin/bash -e {0}
2022-12-27T11:50:43.5455920Z env:
2022-12-27T11:50:43.5456350Z   pythonLocation: /Users/runner/hostedtoolcache/Python/3.8.15/x64
2022-12-27T11:50:43.5456620Z   PKG_CONFIG_PATH: /Users/runner/hostedtoolcache/Python/3.8.15/x64/lib/pkgconfig
2022-12-27T11:50:43.5456870Z   Python_ROOT_DIR: /Users/runner/hostedtoolcache/Python/3.8.15/x64
2022-12-27T11:50:43.5457110Z   Python2_ROOT_DIR: /Users/runner/hostedtoolcache/Python/3.8.15/x64
2022-12-27T11:50:43.5457440Z   Python3_ROOT_DIR: /Users/runner/hostedtoolcache/Python/3.8.15/x64
2022-12-27T11:50:43.5457970Z ##[endgroup]
2022-12-27T11:50:43.5560050Z ##[group]Run echo "BUILD_NAME=$(echo lxml_4.6.1_3.8 | tr -dc '[:alnum:]\n\r' | tr '[:upper:]' '[:lower:]')" >> $GITHUB_OUTPUT
2022-12-27T11:50:43.5560800Z [36;1mecho "BUILD_NAME=$(echo lxml_4.6.1_3.8 | tr -dc '[:alnum:]\n\r' | tr '[:upper:]' '[:lower:]')" >> $GITHUB_OUTPUT[0m
2022-12-27T11:50:43.5574240Z shell: /bin/bash -e {0}
2022-12-27T11:50:43.5574500Z env:
2022-12-27T11:50:43.5574750Z   pythonLocation: /Users/runner/hostedtoolcache/Python/3.8.15/x64
2022-12-27T11:50:43.5574980Z   PKG_CONFIG_PATH: /Users/runner/hostedtoolcache/Python/3.8.15/x64/lib/pkgconfig
2022-12-27T11:50:43.5575230Z   Python_ROOT_DIR: /Users/runner/hostedtoolcache/Python/3.8.15/x64
2022-12-27T11:50:43.5575520Z   Python2_ROOT_DIR: /Users/runner/hostedtoolcache/Python/3.8.15/x64
2022-12-27T11:50:43.5575720Z   Python3_ROOT_DIR: /Users/runner/hostedtoolcache/Python/3.8.15/x64
2022-12-27T11:50:43.5575920Z ##[endgroup]
2022-12-27T11:50:43.5717470Z ##[group]Run echo "PYTHON_NO_DOTS=$(echo 3.8 | tr -dc '[:alnum:]\n\r' | tr '[:upper:]' '[:lower:]')" >> $GITHUB_OUTPUT
2022-12-27T11:50:43.5717880Z [36;1mecho "PYTHON_NO_DOTS=$(echo 3.8 | tr -dc '[:alnum:]\n\r' | tr '[:upper:]' '[:lower:]')" >> $GITHUB_OUTPUT[0m
2022-12-27T11:50:43.5730960Z shell: /bin/bash -e {0}
2022-12-27T11:50:43.5731160Z env:
2022-12-27T11:50:43.5731360Z   pythonLocation: /Users/runner/hostedtoolcache/Python/3.8.15/x64
2022-12-27T11:50:43.5731650Z   PKG_CONFIG_PATH: /Users/runner/hostedtoolcache/Python/3.8.15/x64/lib/pkgconfig
2022-12-27T11:50:43.5731850Z   Python_ROOT_DIR: /Users/runner/hostedtoolcache/Python/3.8.15/x64
2022-12-27T11:50:43.5732070Z   Python2_ROOT_DIR: /Users/runner/hostedtoolcache/Python/3.8.15/x64
2022-12-27T11:50:43.5732290Z   Python3_ROOT_DIR: /Users/runner/hostedtoolcache/Python/3.8.15/x64
2022-12-27T11:50:43.5732470Z ##[endgroup]
2022-12-27T11:50:43.5837510Z ##[group]Run rm -rf build_lxml46138
2022-12-27T11:50:43.5837840Z [36;1mrm -rf build_lxml46138[0m
2022-12-27T11:50:43.5837990Z [36;1mmkdir build_lxml46138[0m
2022-12-27T11:50:43.5838190Z [36;1mcd build_lxml46138[0m
2022-12-27T11:50:43.5838550Z [36;1m/usr/local/bin/wget --quiet https://files.pythonhosted.org/packages/c5/2f/a0d8aa3eee6d53d5723d89e1fc32eee11e76801b424e30b55c7aa6302b01/lxml-4.6.1.tar.gz[0m
2022-12-27T11:50:43.5838800Z [36;1mtar xf *.tar.gz[0m
2022-12-27T11:50:43.5838930Z [36;1mcd *[0m
2022-12-27T11:50:43.5839110Z [36;1mpython -m pip install cibuildwheel==2.11.3[0m
2022-12-27T11:50:43.5839340Z [36;1mpython -m cibuildwheel --output-dir ../wheelsout[0m
2022-12-27T11:50:43.5852400Z shell: /bin/bash -e {0}
2022-12-27T11:50:43.5852580Z env:
2022-12-27T11:50:43.5852770Z   pythonLocation: /Users/runner/hostedtoolcache/Python/3.8.15/x64
2022-12-27T11:50:43.5853040Z   PKG_CONFIG_PATH: /Users/runner/hostedtoolcache/Python/3.8.15/x64/lib/pkgconfig
2022-12-27T11:50:43.5853330Z   Python_ROOT_DIR: /Users/runner/hostedtoolcache/Python/3.8.15/x64
2022-12-27T11:50:43.5853530Z   Python2_ROOT_DIR: /Users/runner/hostedtoolcache/Python/3.8.15/x64
2022-12-27T11:50:43.5853760Z   Python3_ROOT_DIR: /Users/runner/hostedtoolcache/Python/3.8.15/x64
2022-12-27T11:50:43.5853980Z   CIBW_ARCHS_MACOS: arm64
2022-12-27T11:50:43.5854120Z   CIBW_TEST_SKIP: *_arm64
2022-12-27T11:50:43.5854290Z   CIBW_BUILD: cp38-macosx_arm64
2022-12-27T11:50:43.5854460Z   CIBW_BUILD_FRONTEND: pip
2022-12-27T11:50:43.5854600Z   CIBW_BUILD_VERBOSITY: 3
2022-12-27T11:50:43.5854930Z   CIBW_ENVIRONMENT_MACOS:  CFLAGS="-I/usr/local/opt/openssl@3/include" LDFLAGS="-L/usr/local/opt/openssl@3/lib" CPPFLAGS="-I/usr/local/opt/openssl@3/include" MAKEFLAGS="-j$(sysctl -n hw.logicalcpu)" PATH=/usr/local/opt/ccache/libexec:$PATH
2022-12-27T11:50:43.5855270Z   CIBW_BEFORE_BUILD: pip install Cython; if [[ -f requirements.txt ]]; then pip install -r requirements.txt; fi
2022-12-27T11:50:43.5855510Z   MAKEFLAGS: -j$(sysctl -n hw.logicalcpu)
2022-12-27T11:50:43.5855650Z ##[endgroup]
2022-12-27T11:50:44.0111480Z Requirement already satisfied: cibuildwheel==2.11.3 in /Users/runner/hostedtoolcache/Python/3.8.15/x64/lib/python3.8/site-packages (2.11.3)
2022-12-27T11:50:44.0437930Z Requirement already satisfied: typing-extensions>=4.1.0 in /Users/runner/hostedtoolcache/Python/3.8.15/x64/lib/python3.8/site-packages (from cibuildwheel==2.11.3) (4.4.0)
2022-12-27T11:50:44.0442370Z Requirement already satisfied: packaging>=20.9 in /Users/runner/hostedtoolcache/Python/3.8.15/x64/lib/python3.8/site-packages (from cibuildwheel==2.11.3) (22.0)
2022-12-27T11:50:44.0445460Z Requirement already satisfied: filelock in /Users/runner/hostedtoolcache/Python/3.8.15/x64/lib/python3.8/site-packages (from cibuildwheel==2.11.3) (3.8.2)
2022-12-27T11:50:44.0448670Z Requirement already satisfied: bracex in /Users/runner/hostedtoolcache/Python/3.8.15/x64/lib/python3.8/site-packages (from cibuildwheel==2.11.3) (2.3.post1)
2022-12-27T11:50:44.0451890Z Requirement already satisfied: platformdirs in /Users/runner/hostedtoolcache/Python/3.8.15/x64/lib/python3.8/site-packages (from cibuildwheel==2.11.3) (2.6.0)
2022-12-27T11:50:44.0457730Z Requirement already satisfied: bashlex!=0.13 in /Users/runner/hostedtoolcache/Python/3.8.15/x64/lib/python3.8/site-packages (from cibuildwheel==2.11.3) (0.16)
2022-12-27T11:50:44.0460890Z Requirement already satisfied: certifi in /Users/runner/hostedtoolcache/Python/3.8.15/x64/lib/python3.8/site-packages (from cibuildwheel==2.11.3) (2022.12.7)
2022-12-27T11:50:44.0466560Z Requirement already satisfied: tomli in /Users/runner/hostedtoolcache/Python/3.8.15/x64/lib/python3.8/site-packages (from cibuildwheel==2.11.3) (2.0.1)
2022-12-27T11:50:44.2084000Z 
2022-12-27T11:50:44.2084290Z      _ _       _ _   _       _           _
2022-12-27T11:50:44.2084740Z  ___|_| |_ _ _|_| |_| |_ _ _| |_ ___ ___| |
2022-12-27T11:50:44.2085970Z |  _| | . | | | | | . | | | |   | -_| -_| |
2022-12-27T11:50:44.2086280Z |___|_|___|___|_|_|___|_____|_|_|___|___|_|
2022-12-27T11:50:44.2087240Z 
2022-12-27T11:50:44.2087380Z cibuildwheel version 2.11.3
2022-12-27T11:50:44.2087530Z 
2022-12-27T11:50:44.2087600Z Build options:
2022-12-27T11:50:44.2087840Z   platform: macos
2022-12-27T11:50:44.2222610Z   architectures: arm64[0m
2022-12-27T11:50:44.2223010Z   build_selector: 
2022-12-27T11:50:44.2223290Z     build_config: cp38-macosx_arm64
2022-12-27T11:50:44.2223600Z     skip_config: 
2022-12-27T11:50:44.2223930Z     requires_python: None
2022-12-27T11:50:44.2224360Z     prerelease_pythons: False[0m
2022-12-27T11:50:44.2224990Z   [38;5;244mcontainer_engine: docker[0m
2022-12-27T11:50:44.2225460Z   output_dir: /Users/runner/actions-runner/_work/python.build/python.build/build_lxml46138/wheelsout[0m
2022-12-27T11:50:44.2225910Z   package_dir: /Users/runner/actions-runner/_work/python.build/python.build/build_lxml46138/lxml-4.6.1[0m
2022-12-27T11:50:44.2226200Z   test_selector: 
2022-12-27T11:50:44.2226520Z     skip_config: *_arm64[0m
2022-12-27T11:50:44.2226850Z   [38;5;244mbefore_all: [0m
2022-12-27T11:50:44.2227210Z   before_build: pip install Cython; if [[ -f requirements.txt ]]; then pip install -r requirements.txt; fi[0m
2022-12-27T11:50:44.2227560Z   [38;5;244mbefore_test: [0m
2022-12-27T11:50:44.2227830Z   [38;5;244mbuild_frontend: pip[0m
2022-12-27T11:50:44.2228070Z   build_verbosity: 3[0m
2022-12-27T11:50:44.2228380Z   [38;5;244mconfig_settings: [0m
2022-12-27T11:50:44.2228680Z   [38;5;244mdependency_constraints: pinned[0m
2022-12-27T11:50:44.2228880Z   environment: 
2022-12-27T11:50:44.2229200Z     CFLAGS="-I/usr/local/opt/openssl@3/include"
2022-12-27T11:50:44.2229550Z     LDFLAGS="-L/usr/local/opt/openssl@3/lib"
2022-12-27T11:50:44.2229840Z     CPPFLAGS="-I/usr/local/opt/openssl@3/include"
2022-12-27T11:50:44.2230170Z     MAKEFLAGS="-j$(sysctl -n hw.logicalcpu)"
2022-12-27T11:50:44.2230550Z     PATH=/usr/local/opt/ccache/libexec:$PATH[0m
2022-12-27T11:50:44.2230840Z   [38;5;244mmanylinux_images: None[0m
2022-12-27T11:50:44.2231130Z   [38;5;244mmusllinux_images: None[0m
2022-12-27T11:50:44.2231570Z   [38;5;244mrepair_command: delocate-wheel --require-archs {delocate_archs} -w {dest_dir} -v {wheel}[0m
2022-12-27T11:50:44.2232170Z   [38;5;244mtest_command: [0m
2022-12-27T11:50:44.2232400Z   [38;5;244mtest_extras: [0m
2022-12-27T11:50:44.2232660Z   [38;5;244mtest_requires: [0m
2022-12-27T11:50:44.2232840Z 
2022-12-27T11:50:44.2232970Z Cache folder: /Users/runner/Library/Caches/cibuildwheel
2022-12-27T11:50:44.2240710Z 
2022-12-27T11:50:44.2240850Z Here we go!
2022-12-27T11:50:44.2240940Z 
2022-12-27T11:50:44.2364710Z 
2022-12-27T11:50:44.2365080Z [1m[34mBuilding cp38-macosx_arm64 wheel[0m
2022-12-27T11:50:44.2365570Z CPython 3.8 macOS arm64 - Apple Silicon
2022-12-27T11:50:44.2365900Z 
2022-12-27T11:50:44.2368700Z ##[group]Installing Python cp38...
2022-12-27T11:50:44.2368880Z 
2022-12-27T11:50:44.2369060Z + pkgutil --pkgs
2022-12-27T11:50:44.2461490Z ##[endgroup]
2022-12-27T11:50:44.2462370Z                                                               [32mâœ“ [0m0.01s
2022-12-27T11:50:44.2462750Z ##[group]Setting up build environment...
2022-12-27T11:50:44.2462880Z 
2022-12-27T11:50:44.2480600Z + /Users/runner/hostedtoolcache/Python/3.8.15/x64/bin/python -sS /Users/runner/Library/Caches/cibuildwheel/virtualenv-20.17.0.pyz --activators= --no-periodic-update --pip=22.3.1 --setuptools=65.6.3 --wheel=0.38.4 --symlink-app-data --python /Library/Frameworks/Python.framework/Versions/3.8/bin/python3 /private/var/folders/51/hd414ycd67n82196sw51xqtc0000gn/T/cibw-run-p56mkt4c/cp38-macosx_arm64/build/venv
2022-12-27T11:50:44.4324090Z created virtual environment CPython3.8.10.final.0-64 in 50ms
2022-12-27T11:50:44.4324750Z   creator CPython3Posix(dest=/private/var/folders/51/hd414ycd67n82196sw51xqtc0000gn/T/cibw-run-p56mkt4c/cp38-macosx_arm64/build/venv, clear=False, no_vcs_ignore=False, global=False)
2022-12-27T11:50:44.4325390Z   seeder FromAppData(download=False, pip=22.3.1, setuptools=65.6.3, wheel=0.38.4, via=symlink, app_data_dir=/Users/runner/Library/Application Support/virtualenv)
2022-12-27T11:50:44.4325850Z     added seed packages: pip==22.3.1, setuptools==65.6.3, wheel==0.38.4
2022-12-27T11:50:44.4439150Z + python -m pip install --upgrade pip -c /Users/runner/hostedtoolcache/Python/3.8.15/x64/lib/python3.8/site-packages/cibuildwheel/resources/constraints-python38.txt
2022-12-27T11:50:44.7390830Z Requirement already satisfied: pip in ./lib/python3.8/site-packages (22.3.1)
2022-12-27T11:50:44.8758550Z + which pip
2022-12-27T11:50:44.8777570Z /private/var/folders/51/hd414ycd67n82196sw51xqtc0000gn/T/cibw-run-p56mkt4c/cp38-macosx_arm64/build/venv/bin/pip
2022-12-27T11:50:44.8779620Z + pip --version
2022-12-27T11:50:45.0919680Z pip 22.3.1 from /private/var/folders/51/hd414ycd67n82196sw51xqtc0000gn/T/cibw-run-p56mkt4c/cp38-macosx_arm64/build/venv/lib/python3.8/site-packages/pip (python 3.8)
2022-12-27T11:50:45.1129360Z + which pip
2022-12-27T11:50:45.1156060Z + which python
2022-12-27T11:50:45.1172630Z /private/var/folders/51/hd414ycd67n82196sw51xqtc0000gn/T/cibw-run-p56mkt4c/cp38-macosx_arm64/build/venv/bin/python
2022-12-27T11:50:45.1174440Z + python --version
2022-12-27T11:50:45.1217830Z Python 3.8.10
2022-12-27T11:50:45.1220010Z + which python
2022-12-27T11:50:45.1269580Z ##[endgroup]
2022-12-27T11:50:45.1270270Z                                                               [32mâœ“ [0m0.88s
2022-12-27T11:50:45.1270890Z ##[group]Installing build tools...
2022-12-27T11:50:45.1271040Z 
2022-12-27T11:50:45.1271530Z + pip install --upgrade setuptools wheel delocate -c /Users/runner/hostedtoolcache/Python/3.8.15/x64/lib/python3.8/site-packages/cibuildwheel/resources/constraints-python38.txt
2022-12-27T11:50:45.4178320Z Requirement already satisfied: setuptools in /private/var/folders/51/hd414ycd67n82196sw51xqtc0000gn/T/cibw-run-p56mkt4c/cp38-macosx_arm64/build/venv/lib/python3.8/site-packages (65.6.3)
2022-12-27T11:50:45.6379480Z Requirement already satisfied: wheel in /private/var/folders/51/hd414ycd67n82196sw51xqtc0000gn/T/cibw-run-p56mkt4c/cp38-macosx_arm64/build/venv/lib/python3.8/site-packages (0.38.4)
2022-12-27T11:50:45.6916460Z Collecting delocate
2022-12-27T11:50:45.6941260Z   Using cached delocate-0.10.3-py3-none-any.whl (142 kB)
2022-12-27T11:50:45.7248600Z Collecting packaging>=20.9
2022-12-27T11:50:45.7270510Z   Using cached packaging-21.3-py3-none-any.whl (40 kB)
2022-12-27T11:50:45.7446910Z Collecting typing-extensions
2022-12-27T11:50:45.7470710Z   Using cached typing_extensions-4.4.0-py3-none-any.whl (26 kB)
2022-12-27T11:50:45.7830560Z Collecting pyparsing!=3.0.5,>=2.0.2
2022-12-27T11:50:45.7853010Z   Using cached pyparsing-3.0.9-py3-none-any.whl (98 kB)
2022-12-27T11:50:45.8217510Z Installing collected packages: typing-extensions, pyparsing, packaging, delocate
2022-12-27T11:50:45.9552710Z Successfully installed delocate-0.10.3 packaging-21.3 pyparsing-3.0.9 typing-extensions-4.4.0
2022-12-27T11:50:45.9967820Z ##[endgroup]
2022-12-27T11:50:45.9968410Z                                                               [32mâœ“ [0m0.87s
2022-12-27T11:50:45.9969110Z ##[group]Running before_build...
2022-12-27T11:50:45.9969290Z 
2022-12-27T11:50:45.9974880Z + pip install Cython; if [[ -f requirements.txt ]]; then pip install -r requirements.txt; fi
2022-12-27T11:50:46.6775300Z Collecting Cython
2022-12-27T11:50:46.6821430Z   Using cached Cython-0.29.32-py2.py3-none-any.whl (986 kB)
2022-12-27T11:50:46.7235540Z Installing collected packages: Cython
2022-12-27T11:50:47.1327210Z Successfully installed Cython-0.29.32
2022-12-27T11:50:47.4552130Z Requirement already satisfied: Cython>=0.29.7 in /private/var/folders/51/hd414ycd67n82196sw51xqtc0000gn/T/cibw-run-p56mkt4c/cp38-macosx_arm64/build/venv/lib/python3.8/site-packages (from -r requirements.txt (line 1)) (0.29.32)
2022-12-27T11:50:47.5220870Z ##[endgroup]
2022-12-27T11:50:47.5221680Z                                                               [32mâœ“ [0m1.53s
2022-12-27T11:50:47.5222330Z ##[group]Building wheel...
2022-12-27T11:50:47.5222500Z 
2022-12-27T11:50:47.5226740Z + python -m pip wheel /Users/runner/actions-runner/_work/python.build/python.build/build_lxml46138/lxml-4.6.1 --wheel-dir=/private/var/folders/51/hd414ycd67n82196sw51xqtc0000gn/T/cibw-run-p56mkt4c/cp38-macosx_arm64/built_wheel --no-deps -vvv
2022-12-27T11:50:47.7963700Z Created temporary directory: /private/var/folders/51/hd414ycd67n82196sw51xqtc0000gn/T/pip-ephem-wheel-cache-vqjvscih
2022-12-27T11:50:47.7967850Z Created temporary directory: /private/var/folders/51/hd414ycd67n82196sw51xqtc0000gn/T/pip-build-tracker-_msxjzpj
2022-12-27T11:50:47.7969780Z Initialized build tracking at /private/var/folders/51/hd414ycd67n82196sw51xqtc0000gn/T/pip-build-tracker-_msxjzpj
2022-12-27T11:50:47.7971750Z Created build tracker: /private/var/folders/51/hd414ycd67n82196sw51xqtc0000gn/T/pip-build-tracker-_msxjzpj
2022-12-27T11:50:47.7973050Z Entered build tracker: /private/var/folders/51/hd414ycd67n82196sw51xqtc0000gn/T/pip-build-tracker-_msxjzpj
2022-12-27T11:50:47.7976400Z Created temporary directory: /private/var/folders/51/hd414ycd67n82196sw51xqtc0000gn/T/pip-wheel-ko8a6aki
2022-12-27T11:50:47.7982380Z Created temporary directory: /private/var/folders/51/hd414ycd67n82196sw51xqtc0000gn/T/pip-ephem-wheel-cache-w7p0xxxe
2022-12-27T11:50:47.8060210Z Processing /Users/runner/actions-runner/_work/python.build/python.build/build_lxml46138/lxml-4.6.1
2022-12-27T11:50:47.8065230Z   Added file:///Users/runner/actions-runner/_work/python.build/python.build/build_lxml46138/lxml-4.6.1 to build tracker '/private/var/folders/51/hd414ycd67n82196sw51xqtc0000gn/T/pip-build-tracker-_msxjzpj'
2022-12-27T11:50:47.8068710Z   Running setup.py (path:/Users/runner/actions-runner/_work/python.build/python.build/build_lxml46138/lxml-4.6.1/setup.py) egg_info for package from file:///Users/runner/actions-runner/_work/python.build/python.build/build_lxml46138/lxml-4.6.1
2022-12-27T11:50:47.8071600Z   Created temporary directory: /private/var/folders/51/hd414ycd67n82196sw51xqtc0000gn/T/pip-pip-egg-info-kmzku9cq
2022-12-27T11:50:47.8073170Z   Preparing metadata (setup.py): started
2022-12-27T11:50:47.8075300Z   Running command python setup.py egg_info
2022-12-27T11:50:48.1580320Z   Building lxml version 4.6.1.
2022-12-27T11:50:48.1581660Z   Building without Cython.
2022-12-27T11:50:48.1583480Z   Building against libxml2 2.9.4 and libxslt 1.1.29
2022-12-27T11:50:48.1585110Z   Building against libxml2/libxslt in the following directory: /Library/Developer/CommandLineTools/SDKs/MacOSX12.1.sdk/usr/lib
2022-12-27T11:50:48.1586580Z   running egg_info
2022-12-27T11:50:48.1588590Z   creating /private/var/folders/51/hd414ycd67n82196sw51xqtc0000gn/T/pip-pip-egg-info-kmzku9cq/lxml.egg-info
2022-12-27T11:50:48.1592350Z   writing /private/var/folders/51/hd414ycd67n82196sw51xqtc0000gn/T/pip-pip-egg-info-kmzku9cq/lxml.egg-info/PKG-INFO
2022-12-27T11:50:48.1596100Z   writing dependency_links to /private/var/folders/51/hd414ycd67n82196sw51xqtc0000gn/T/pip-pip-egg-info-kmzku9cq/lxml.egg-info/dependency_links.txt
2022-12-27T11:50:48.1599250Z   writing requirements to /private/var/folders/51/hd414ycd67n82196sw51xqtc0000gn/T/pip-pip-egg-info-kmzku9cq/lxml.egg-info/requires.txt
2022-12-27T11:50:48.1601110Z   writing top-level names to /private/var/folders/51/hd414ycd67n82196sw51xqtc0000gn/T/pip-pip-egg-info-kmzku9cq/lxml.egg-info/top_level.txt
2022-12-27T11:50:48.1602900Z   writing manifest file '/private/var/folders/51/hd414ycd67n82196sw51xqtc0000gn/T/pip-pip-egg-info-kmzku9cq/lxml.egg-info/SOURCES.txt'
2022-12-27T11:50:48.1698680Z   reading manifest file '/private/var/folders/51/hd414ycd67n82196sw51xqtc0000gn/T/pip-pip-egg-info-kmzku9cq/lxml.egg-info/SOURCES.txt'
2022-12-27T11:50:48.1701570Z   reading manifest template 'MANIFEST.in'
2022-12-27T11:50:48.2534330Z   adding license file 'LICENSES.txt'
2022-12-27T11:50:48.2574510Z   writing manifest file '/private/var/folders/51/hd414ycd67n82196sw51xqtc0000gn/T/pip-pip-egg-info-kmzku9cq/lxml.egg-info/SOURCES.txt'
2022-12-27T11:50:48.2792290Z   Preparing metadata (setup.py): finished with status 'done'
2022-12-27T11:50:48.2819310Z   Source in /Users/runner/actions-runner/_work/python.build/python.build/build_lxml46138/lxml-4.6.1 has version 4.6.1, which satisfies requirement lxml==4.6.1 from file:///Users/runner/actions-runner/_work/python.build/python.build/build_lxml46138/lxml-4.6.1
2022-12-27T11:50:48.2822290Z   Removed lxml==4.6.1 from file:///Users/runner/actions-runner/_work/python.build/python.build/build_lxml46138/lxml-4.6.1 from build tracker '/private/var/folders/51/hd414ycd67n82196sw51xqtc0000gn/T/pip-build-tracker-_msxjzpj'
2022-12-27T11:50:48.2963730Z Created temporary directory: /private/var/folders/51/hd414ycd67n82196sw51xqtc0000gn/T/pip-unpack-f7_zvr87
2022-12-27T11:50:48.2965750Z Building wheels for collected packages: lxml
2022-12-27T11:50:48.2972040Z   Created temporary directory: /private/var/folders/51/hd414ycd67n82196sw51xqtc0000gn/T/pip-wheel-pri9ivxp
2022-12-27T11:50:48.2973800Z   Building wheel for lxml (setup.py): started
2022-12-27T11:50:48.2975440Z   Destination directory: /private/var/folders/51/hd414ycd67n82196sw51xqtc0000gn/T/pip-wheel-pri9ivxp
2022-12-27T11:50:48.2976730Z   Running command python setup.py bdist_wheel
2022-12-27T11:50:48.4584950Z   Building lxml version 4.6.1.
2022-12-27T11:50:48.4586530Z   Building without Cython.
2022-12-27T11:50:48.4867890Z   Building against libxml2 2.9.4 and libxslt 1.1.29
2022-12-27T11:50:48.6264340Z   Building against libxml2/libxslt in the following directory: /Library/Developer/CommandLineTools/SDKs/MacOSX12.1.sdk/usr/lib
2022-12-27T11:50:48.6529520Z   running bdist_wheel
2022-12-27T11:50:48.6572720Z   running build
2022-12-27T11:50:48.6575260Z   running build_py
2022-12-27T11:50:48.6596020Z   creating build
2022-12-27T11:50:48.6598600Z   creating build/lib.macosx-11.0-arm64-cpython-38
2022-12-27T11:50:48.6600740Z   creating build/lib.macosx-11.0-arm64-cpython-38/lxml
2022-12-27T11:50:48.6602800Z   copying src/lxml/_elementpath.py -> build/lib.macosx-11.0-arm64-cpython-38/lxml
2022-12-27T11:50:48.6604730Z   copying src/lxml/sax.py -> build/lib.macosx-11.0-arm64-cpython-38/lxml
2022-12-27T11:50:48.6606720Z   copying src/lxml/pyclasslookup.py -> build/lib.macosx-11.0-arm64-cpython-38/lxml
2022-12-27T11:50:48.6608640Z   copying src/lxml/__init__.py -> build/lib.macosx-11.0-arm64-cpython-38/lxml
2022-12-27T11:50:48.6611110Z   copying src/lxml/builder.py -> build/lib.macosx-11.0-arm64-cpython-38/lxml
2022-12-27T11:50:48.6613400Z   copying src/lxml/doctestcompare.py -> build/lib.macosx-11.0-arm64-cpython-38/lxml
2022-12-27T11:50:48.6616020Z   copying src/lxml/usedoctest.py -> build/lib.macosx-11.0-arm64-cpython-38/lxml
2022-12-27T11:50:48.6618420Z   copying src/lxml/cssselect.py -> build/lib.macosx-11.0-arm64-cpython-38/lxml
2022-12-27T11:50:48.6620820Z   copying src/lxml/ElementInclude.py -> build/lib.macosx-11.0-arm64-cpython-38/lxml
2022-12-27T11:50:48.6624850Z   creating build/lib.macosx-11.0-arm64-cpython-38/lxml/includes
2022-12-27T11:50:48.6626630Z   copying src/lxml/includes/__init__.py -> build/lib.macosx-11.0-arm64-cpython-38/lxml/includes
2022-12-27T11:50:48.6633010Z   creating build/lib.macosx-11.0-arm64-cpython-38/lxml/html
2022-12-27T11:50:48.6635160Z   copying src/lxml/html/soupparser.py -> build/lib.macosx-11.0-arm64-cpython-38/lxml/html
2022-12-27T11:50:48.6637080Z   copying src/lxml/html/defs.py -> build/lib.macosx-11.0-arm64-cpython-38/lxml/html
2022-12-27T11:50:48.6638970Z   copying src/lxml/html/_setmixin.py -> build/lib.macosx-11.0-arm64-cpython-38/lxml/html
2022-12-27T11:50:48.6642160Z   copying src/lxml/html/clean.py -> build/lib.macosx-11.0-arm64-cpython-38/lxml/html
2022-12-27T11:50:48.6644750Z   copying src/lxml/html/_diffcommand.py -> build/lib.macosx-11.0-arm64-cpython-38/lxml/html
2022-12-27T11:50:48.6646700Z   copying src/lxml/html/html5parser.py -> build/lib.macosx-11.0-arm64-cpython-38/lxml/html
2022-12-27T11:50:48.6649250Z   copying src/lxml/html/__init__.py -> build/lib.macosx-11.0-arm64-cpython-38/lxml/html
2022-12-27T11:50:48.6652530Z   copying src/lxml/html/formfill.py -> build/lib.macosx-11.0-arm64-cpython-38/lxml/html
2022-12-27T11:50:48.6655350Z   copying src/lxml/html/builder.py -> build/lib.macosx-11.0-arm64-cpython-38/lxml/html
2022-12-27T11:50:48.6657290Z   copying src/lxml/html/ElementSoup.py -> build/lib.macosx-11.0-arm64-cpython-38/lxml/html
2022-12-27T11:50:48.6660050Z   copying src/lxml/html/_html5builder.py -> build/lib.macosx-11.0-arm64-cpython-38/lxml/html
2022-12-27T11:50:48.6662300Z   copying src/lxml/html/usedoctest.py -> build/lib.macosx-11.0-arm64-cpython-38/lxml/html
2022-12-27T11:50:48.6665030Z   copying src/lxml/html/diff.py -> build/lib.macosx-11.0-arm64-cpython-38/lxml/html
2022-12-27T11:50:48.6669460Z   creating build/lib.macosx-11.0-arm64-cpython-38/lxml/isoschematron
2022-12-27T11:50:48.6671180Z   copying src/lxml/isoschematron/__init__.py -> build/lib.macosx-11.0-arm64-cpython-38/lxml/isoschematron
2022-12-27T11:50:48.6696750Z   copying src/lxml/etree.h -> build/lib.macosx-11.0-arm64-cpython-38/lxml
2022-12-27T11:50:48.6701040Z   copying src/lxml/etree_api.h -> build/lib.macosx-11.0-arm64-cpython-38/lxml
2022-12-27T11:50:48.6703180Z   copying src/lxml/lxml.etree.h -> build/lib.macosx-11.0-arm64-cpython-38/lxml
2022-12-27T11:50:48.6706160Z   copying src/lxml/lxml.etree_api.h -> build/lib.macosx-11.0-arm64-cpython-38/lxml
2022-12-27T11:50:48.6709300Z   copying src/lxml/includes/xmlerror.pxd -> build/lib.macosx-11.0-arm64-cpython-38/lxml/includes
2022-12-27T11:50:48.6712900Z   copying src/lxml/includes/c14n.pxd -> build/lib.macosx-11.0-arm64-cpython-38/lxml/includes
2022-12-27T11:50:48.6714710Z   copying src/lxml/includes/xmlschema.pxd -> build/lib.macosx-11.0-arm64-cpython-38/lxml/includes
2022-12-27T11:50:48.6717810Z   copying src/lxml/includes/__init__.pxd -> build/lib.macosx-11.0-arm64-cpython-38/lxml/includes
2022-12-27T11:50:48.6720170Z   copying src/lxml/includes/schematron.pxd -> build/lib.macosx-11.0-arm64-cpython-38/lxml/includes
2022-12-27T11:50:48.6722520Z   copying src/lxml/includes/tree.pxd -> build/lib.macosx-11.0-arm64-cpython-38/lxml/includes
2022-12-27T11:50:48.6725630Z   copying src/lxml/includes/uri.pxd -> build/lib.macosx-11.0-arm64-cpython-38/lxml/includes
2022-12-27T11:50:48.6728590Z   copying src/lxml/includes/etreepublic.pxd -> build/lib.macosx-11.0-arm64-cpython-38/lxml/includes
2022-12-27T11:50:48.6731210Z   copying src/lxml/includes/xpath.pxd -> build/lib.macosx-11.0-arm64-cpython-38/lxml/includes
2022-12-27T11:50:48.6733870Z   copying src/lxml/includes/htmlparser.pxd -> build/lib.macosx-11.0-arm64-cpython-38/lxml/includes
2022-12-27T11:50:48.6736750Z   copying src/lxml/includes/xslt.pxd -> build/lib.macosx-11.0-arm64-cpython-38/lxml/includes
2022-12-27T11:50:48.6739680Z   copying src/lxml/includes/config.pxd -> build/lib.macosx-11.0-arm64-cpython-38/lxml/includes
2022-12-27T11:50:48.6742750Z   copying src/lxml/includes/xmlparser.pxd -> build/lib.macosx-11.0-arm64-cpython-38/lxml/includes
2022-12-27T11:50:48.6745470Z   copying src/lxml/includes/xinclude.pxd -> build/lib.macosx-11.0-arm64-cpython-38/lxml/includes
2022-12-27T11:50:48.6748610Z   copying src/lxml/includes/dtdvalid.pxd -> build/lib.macosx-11.0-arm64-cpython-38/lxml/includes
2022-12-27T11:50:48.6750670Z   copying src/lxml/includes/relaxng.pxd -> build/lib.macosx-11.0-arm64-cpython-38/lxml/includes
2022-12-27T11:50:48.6753490Z   copying src/lxml/includes/lxml-version.h -> build/lib.macosx-11.0-arm64-cpython-38/lxml/includes
2022-12-27T11:50:48.6756350Z   copying src/lxml/includes/etree_defs.h -> build/lib.macosx-11.0-arm64-cpython-38/lxml/includes
2022-12-27T11:50:48.6759630Z   creating build/lib.macosx-11.0-arm64-cpython-38/lxml/isoschematron/resources
2022-12-27T11:50:48.6761290Z   creating build/lib.macosx-11.0-arm64-cpython-38/lxml/isoschematron/resources/rng
2022-12-27T11:50:48.6762880Z   copying src/lxml/isoschematron/resources/rng/iso-schematron.rng -> build/lib.macosx-11.0-arm64-cpython-38/lxml/isoschematron/resources/rng
2022-12-27T11:50:48.6765360Z   creating build/lib.macosx-11.0-arm64-cpython-38/lxml/isoschematron/resources/xsl
2022-12-27T11:50:48.6767460Z   copying src/lxml/isoschematron/resources/xsl/XSD2Schtrn.xsl -> build/lib.macosx-11.0-arm64-cpython-38/lxml/isoschematron/resources/xsl
2022-12-27T11:50:48.6769170Z   copying src/lxml/isoschematron/resources/xsl/RNG2Schtrn.xsl -> build/lib.macosx-11.0-arm64-cpython-38/lxml/isoschematron/resources/xsl
2022-12-27T11:50:48.6772480Z   creating build/lib.macosx-11.0-arm64-cpython-38/lxml/isoschematron/resources/xsl/iso-schematron-xslt1
2022-12-27T11:50:48.6774490Z   copying src/lxml/isoschematron/resources/xsl/iso-schematron-xslt1/iso_abstract_expand.xsl -> build/lib.macosx-11.0-arm64-cpython-38/lxml/isoschematron/resources/xsl/iso-schematron-xslt1
2022-12-27T11:50:48.6777660Z   copying src/lxml/isoschematron/resources/xsl/iso-schematron-xslt1/iso_dsdl_include.xsl -> build/lib.macosx-11.0-arm64-cpython-38/lxml/isoschematron/resources/xsl/iso-schematron-xslt1
2022-12-27T11:50:48.6780120Z   copying src/lxml/isoschematron/resources/xsl/iso-schematron-xslt1/iso_schematron_skeleton_for_xslt1.xsl -> build/lib.macosx-11.0-arm64-cpython-38/lxml/isoschematron/resources/xsl/iso-schematron-xslt1
2022-12-27T11:50:48.6783750Z   copying src/lxml/isoschematron/resources/xsl/iso-schematron-xslt1/iso_svrl_for_xslt1.xsl -> build/lib.macosx-11.0-arm64-cpython-38/lxml/isoschematron/resources/xsl/iso-schematron-xslt1
2022-12-27T11:50:48.6786900Z   copying src/lxml/isoschematron/resources/xsl/iso-schematron-xslt1/iso_schematron_message.xsl -> build/lib.macosx-11.0-arm64-cpython-38/lxml/isoschematron/resources/xsl/iso-schematron-xslt1
2022-12-27T11:50:48.6789660Z   copying src/lxml/isoschematron/resources/xsl/iso-schematron-xslt1/readme.txt -> build/lib.macosx-11.0-arm64-cpython-38/lxml/isoschematron/resources/xsl/iso-schematron-xslt1
2022-12-27T11:50:48.6802360Z   running build_ext
2022-12-27T11:50:48.7086790Z   building 'lxml.etree' extension
2022-12-27T11:50:48.7088760Z   creating build/temp.macosx-11.0-arm64-cpython-38
2022-12-27T11:50:48.7090380Z   creating build/temp.macosx-11.0-arm64-cpython-38/src
2022-12-27T11:50:48.7160330Z   creating build/temp.macosx-11.0-arm64-cpython-38/src/lxml
2022-12-27T11:50:48.7162620Z   gcc -Wno-unused-result -Wsign-compare -Wunreachable-code -fno-common -dynamic -DNDEBUG -g -fwrapv -O3 -Wall -g -I/usr/local/opt/openssl@3/include -I/usr/local/opt/openssl@3/include -arch arm64 -DCYTHON_CLINE_IN_TRACEBACK=0 -I/Library/Developer/CommandLineTools/SDKs/MacOSX12.1.sdk/usr/include -Isrc -Isrc/lxml/includes -I/private/var/folders/51/hd414ycd67n82196sw51xqtc0000gn/T/cibw-run-p56mkt4c/cp38-macosx_arm64/build/venv/include -I/Library/Frameworks/Python.framework/Versions/3.8/include/python3.8 -c src/lxml/etree.c -o build/temp.macosx-11.0-arm64-cpython-38/src/lxml/etree.o -w -flat_namespace
2022-12-27T11:51:13.6504360Z   gcc -bundle -undefined dynamic_lookup -g -L/usr/local/opt/openssl@3/lib -I/usr/local/opt/openssl@3/include -I/usr/local/opt/openssl@3/include -arch arm64 build/temp.macosx-11.0-arm64-cpython-38/src/lxml/etree.o -L/Library/Developer/CommandLineTools/SDKs/MacOSX12.1.sdk/usr/lib -lxslt -lexslt -lxml2 -lz -lm -o build/lib.macosx-11.0-arm64-cpython-38/lxml/etree.cpython-38-darwin.so -isysroot /Library/Developer/CommandLineTools/SDKs/MacOSX12.1.sdk
2022-12-27T11:51:13.7474580Z   building 'lxml.objectify' extension
2022-12-27T11:51:13.7477980Z   gcc -Wno-unused-result -Wsign-compare -Wunreachable-code -fno-common -dynamic -DNDEBUG -g -fwrapv -O3 -Wall -g -I/usr/local/opt/openssl@3/include -I/usr/local/opt/openssl@3/include -arch arm64 -DCYTHON_CLINE_IN_TRACEBACK=0 -I/Library/Developer/CommandLineTools/SDKs/MacOSX12.1.sdk/usr/include -Isrc -Isrc/lxml/includes -I/private/var/folders/51/hd414ycd67n82196sw51xqtc0000gn/T/cibw-run-p56mkt4c/cp38-macosx_arm64/build/venv/include -I/Library/Frameworks/Python.framework/Versions/3.8/include/python3.8 -c src/lxml/objectify.c -o build/temp.macosx-11.0-arm64-cpython-38/src/lxml/objectify.o -w -flat_namespace
2022-12-27T11:51:17.9731940Z   gcc -bundle -undefined dynamic_lookup -g -L/usr/local/opt/openssl@3/lib -I/usr/local/opt/openssl@3/include -I/usr/local/opt/openssl@3/include -arch arm64 build/temp.macosx-11.0-arm64-cpython-38/src/lxml/objectify.o -L/Library/Developer/CommandLineTools/SDKs/MacOSX12.1.sdk/usr/lib -lxslt -lexslt -lxml2 -lz -lm -o build/lib.macosx-11.0-arm64-cpython-38/lxml/objectify.cpython-38-darwin.so -isysroot /Library/Developer/CommandLineTools/SDKs/MacOSX12.1.sdk
2022-12-27T11:51:18.0287900Z   building 'lxml.builder' extension
2022-12-27T11:51:18.0292820Z   gcc -Wno-unused-result -Wsign-compare -Wunreachable-code -fno-common -dynamic -DNDEBUG -g -fwrapv -O3 -Wall -g -I/usr/local/opt/openssl@3/include -I/usr/local/opt/openssl@3/include -arch arm64 -DCYTHON_CLINE_IN_TRACEBACK=0 -I/Library/Developer/CommandLineTools/SDKs/MacOSX12.1.sdk/usr/include -Isrc -Isrc/lxml/includes -I/private/var/folders/51/hd414ycd67n82196sw51xqtc0000gn/T/cibw-run-p56mkt4c/cp38-macosx_arm64/build/venv/include -I/Library/Frameworks/Python.framework/Versions/3.8/include/python3.8 -c src/lxml/builder.c -o build/temp.macosx-11.0-arm64-cpython-38/src/lxml/builder.o -w -flat_namespace
2022-12-27T11:51:18.9570380Z   gcc -bundle -undefined dynamic_lookup -g -L/usr/local/opt/openssl@3/lib -I/usr/local/opt/openssl@3/include -I/usr/local/opt/openssl@3/include -arch arm64 build/temp.macosx-11.0-arm64-cpython-38/src/lxml/builder.o -o build/lib.macosx-11.0-arm64-cpython-38/lxml/builder.cpython-38-darwin.so
2022-12-27T11:51:19.0056280Z   building 'lxml._elementpath' extension
2022-12-27T11:51:19.0060150Z   gcc -Wno-unused-result -Wsign-compare -Wunreachable-code -fno-common -dynamic -DNDEBUG -g -fwrapv -O3 -Wall -g -I/usr/local/opt/openssl@3/include -I/usr/local/opt/openssl@3/include -arch arm64 -DCYTHON_CLINE_IN_TRACEBACK=0 -I/Library/Developer/CommandLineTools/SDKs/MacOSX12.1.sdk/usr/include -Isrc -Isrc/lxml/includes -I/private/var/folders/51/hd414ycd67n82196sw51xqtc0000gn/T/cibw-run-p56mkt4c/cp38-macosx_arm64/build/venv/include -I/Library/Frameworks/Python.framework/Versions/3.8/include/python3.8 -c src/lxml/_elementpath.c -o build/temp.macosx-11.0-arm64-cpython-38/src/lxml/_elementpath.o -w -flat_namespace
2022-12-27T11:51:20.8802930Z   gcc -bundle -undefined dynamic_lookup -g -L/usr/local/opt/openssl@3/lib -I/usr/local/opt/openssl@3/include -I/usr/local/opt/openssl@3/include -arch arm64 build/temp.macosx-11.0-arm64-cpython-38/src/lxml/_elementpath.o -o build/lib.macosx-11.0-arm64-cpython-38/lxml/_elementpath.cpython-38-darwin.so
2022-12-27T11:51:20.9317330Z   building 'lxml.html.diff' extension
2022-12-27T11:51:20.9318910Z   creating build/temp.macosx-11.0-arm64-cpython-38/src/lxml/html
2022-12-27T11:51:20.9321680Z   gcc -Wno-unused-result -Wsign-compare -Wunreachable-code -fno-common -dynamic -DNDEBUG -g -fwrapv -O3 -Wall -g -I/usr/local/opt/openssl@3/include -I/usr/local/opt/openssl@3/include -arch arm64 -DCYTHON_CLINE_IN_TRACEBACK=0 -I/Library/Developer/CommandLineTools/SDKs/MacOSX12.1.sdk/usr/include -Isrc -Isrc/lxml/includes -I/private/var/folders/51/hd414ycd67n82196sw51xqtc0000gn/T/cibw-run-p56mkt4c/cp38-macosx_arm64/build/venv/include -I/Library/Frameworks/Python.framework/Versions/3.8/include/python3.8 -c src/lxml/html/diff.c -o build/temp.macosx-11.0-arm64-cpython-38/src/lxml/html/diff.o -w -flat_namespace
2022-12-27T11:51:25.2328800Z   gcc -bundle -undefined dynamic_lookup -g -L/usr/local/opt/openssl@3/lib -I/usr/local/opt/openssl@3/include -I/usr/local/opt/openssl@3/include -arch arm64 build/temp.macosx-11.0-arm64-cpython-38/src/lxml/html/diff.o -o build/lib.macosx-11.0-arm64-cpython-38/lxml/html/diff.cpython-38-darwin.so
2022-12-27T11:51:25.2874830Z   building 'lxml.html.clean' extension
2022-12-27T11:51:25.2879000Z   gcc -Wno-unused-result -Wsign-compare -Wunreachable-code -fno-common -dynamic -DNDEBUG -g -fwrapv -O3 -Wall -g -I/usr/local/opt/openssl@3/include -I/usr/local/opt/openssl@3/include -arch arm64 -DCYTHON_CLINE_IN_TRACEBACK=0 -I/Library/Developer/CommandLineTools/SDKs/MacOSX12.1.sdk/usr/include -Isrc -Isrc/lxml/includes -I/private/var/folders/51/hd414ycd67n82196sw51xqtc0000gn/T/cibw-run-p56mkt4c/cp38-macosx_arm64/build/venv/include -I/Library/Frameworks/Python.framework/Versions/3.8/include/python3.8 -c src/lxml/html/clean.c -o build/temp.macosx-11.0-arm64-cpython-38/src/lxml/html/clean.o -w -flat_namespace
2022-12-27T11:51:28.6460350Z   gcc -bundle -undefined dynamic_lookup -g -L/usr/local/opt/openssl@3/lib -I/usr/local/opt/openssl@3/include -I/usr/local/opt/openssl@3/include -arch arm64 build/temp.macosx-11.0-arm64-cpython-38/src/lxml/html/clean.o -o build/lib.macosx-11.0-arm64-cpython-38/lxml/html/clean.cpython-38-darwin.so
2022-12-27T11:51:28.6991100Z   building 'lxml.sax' extension
2022-12-27T11:51:28.6994200Z   gcc -Wno-unused-result -Wsign-compare -Wunreachable-code -fno-common -dynamic -DNDEBUG -g -fwrapv -O3 -Wall -g -I/usr/local/opt/openssl@3/include -I/usr/local/opt/openssl@3/include -arch arm64 -DCYTHON_CLINE_IN_TRACEBACK=0 -I/Library/Developer/CommandLineTools/SDKs/MacOSX12.1.sdk/usr/include -Isrc -Isrc/lxml/includes -I/private/var/folders/51/hd414ycd67n82196sw51xqtc0000gn/T/cibw-run-p56mkt4c/cp38-macosx_arm64/build/venv/include -I/Library/Frameworks/Python.framework/Versions/3.8/include/python3.8 -c src/lxml/sax.c -o build/temp.macosx-11.0-arm64-cpython-38/src/lxml/sax.o -w -flat_namespace
2022-12-27T11:51:30.5000060Z   gcc -bundle -undefined dynamic_lookup -g -L/usr/local/opt/openssl@3/lib -I/usr/local/opt/openssl@3/include -I/usr/local/opt/openssl@3/include -arch arm64 build/temp.macosx-11.0-arm64-cpython-38/src/lxml/sax.o -o build/lib.macosx-11.0-arm64-cpython-38/lxml/sax.cpython-38-darwin.so
2022-12-27T11:51:30.5544750Z   /private/var/folders/51/hd414ycd67n82196sw51xqtc0000gn/T/cibw-run-p56mkt4c/cp38-macosx_arm64/build/venv/lib/python3.8/site-packages/setuptools/command/install.py:34: SetuptoolsDeprecationWarning: setup.py install is deprecated. Use build and pip and other standards-based tools.
2022-12-27T11:51:30.5545870Z     warnings.warn(
2022-12-27T11:51:30.5561400Z   installing to build/bdist.macosx-11.0-arm64/wheel
2022-12-27T11:51:30.5563160Z   running install
2022-12-27T11:51:30.5617640Z   running install_lib
2022-12-27T11:51:30.5635230Z   creating build/bdist.macosx-11.0-arm64
2022-12-27T11:51:30.5636950Z   creating build/bdist.macosx-11.0-arm64/wheel
2022-12-27T11:51:30.5638990Z   creating build/bdist.macosx-11.0-arm64/wheel/lxml
2022-12-27T11:51:30.5640590Z   copying build/lib.macosx-11.0-arm64-cpython-38/lxml/_elementpath.py -> build/bdist.macosx-11.0-arm64/wheel/lxml
2022-12-27T11:51:30.5644840Z   creating build/bdist.macosx-11.0-arm64/wheel/lxml/isoschematron
2022-12-27T11:51:30.5646770Z   creating build/bdist.macosx-11.0-arm64/wheel/lxml/isoschematron/resources
2022-12-27T11:51:30.5648930Z   creating build/bdist.macosx-11.0-arm64/wheel/lxml/isoschematron/resources/xsl
2022-12-27T11:51:30.5650860Z   copying build/lib.macosx-11.0-arm64-cpython-38/lxml/isoschematron/resources/xsl/XSD2Schtrn.xsl -> build/bdist.macosx-11.0-arm64/wheel/lxml/isoschematron/resources/xsl
2022-12-27T11:51:30.5653000Z   creating build/bdist.macosx-11.0-arm64/wheel/lxml/isoschematron/resources/xsl/iso-schematron-xslt1
2022-12-27T11:51:30.5654880Z   copying build/lib.macosx-11.0-arm64-cpython-38/lxml/isoschematron/resources/xsl/iso-schematron-xslt1/iso_abstract_expand.xsl -> build/bdist.macosx-11.0-arm64/wheel/lxml/isoschematron/resources/xsl/iso-schematron-xslt1
2022-12-27T11:51:30.5657660Z   copying build/lib.macosx-11.0-arm64-cpython-38/lxml/isoschematron/resources/xsl/iso-schematron-xslt1/iso_dsdl_include.xsl -> build/bdist.macosx-11.0-arm64/wheel/lxml/isoschematron/resources/xsl/iso-schematron-xslt1
2022-12-27T11:51:30.5660670Z   copying build/lib.macosx-11.0-arm64-cpython-38/lxml/isoschematron/resources/xsl/iso-schematron-xslt1/iso_schematron_skeleton_for_xslt1.xsl -> build/bdist.macosx-11.0-arm64/wheel/lxml/isoschematron/resources/xsl/iso-schematron-xslt1
2022-12-27T11:51:30.5664430Z   copying build/lib.macosx-11.0-arm64-cpython-38/lxml/isoschematron/resources/xsl/iso-schematron-xslt1/iso_svrl_for_xslt1.xsl -> build/bdist.macosx-11.0-arm64/wheel/lxml/isoschematron/resources/xsl/iso-schematron-xslt1
2022-12-27T11:51:30.5668320Z   copying build/lib.macosx-11.0-arm64-cpython-38/lxml/isoschematron/resources/xsl/iso-schematron-xslt1/iso_schematron_message.xsl -> build/bdist.macosx-11.0-arm64/wheel/lxml/isoschematron/resources/xsl/iso-schematron-xslt1
2022-12-27T11:51:30.5670620Z   copying build/lib.macosx-11.0-arm64-cpython-38/lxml/isoschematron/resources/xsl/iso-schematron-xslt1/readme.txt -> build/bdist.macosx-11.0-arm64/wheel/lxml/isoschematron/resources/xsl/iso-schematron-xslt1
2022-12-27T11:51:30.5672950Z   copying build/lib.macosx-11.0-arm64-cpython-38/lxml/isoschematron/resources/xsl/RNG2Schtrn.xsl -> build/bdist.macosx-11.0-arm64/wheel/lxml/isoschematron/resources/xsl
2022-12-27T11:51:30.5676240Z   creating build/bdist.macosx-11.0-arm64/wheel/lxml/isoschematron/resources/rng
2022-12-27T11:51:30.5677990Z   copying build/lib.macosx-11.0-arm64-cpython-38/lxml/isoschematron/resources/rng/iso-schematron.rng -> build/bdist.macosx-11.0-arm64/wheel/lxml/isoschematron/resources/rng
2022-12-27T11:51:30.5681210Z   copying build/lib.macosx-11.0-arm64-cpython-38/lxml/isoschematron/__init__.py -> build/bdist.macosx-11.0-arm64/wheel/lxml/isoschematron
2022-12-27T11:51:30.5684750Z   copying build/lib.macosx-11.0-arm64-cpython-38/lxml/etree.cpython-38-darwin.so -> build/bdist.macosx-11.0-arm64/wheel/lxml
2022-12-27T11:51:30.5709340Z   creating build/bdist.macosx-11.0-arm64/wheel/lxml/includes
2022-12-27T11:51:30.5711600Z   copying build/lib.macosx-11.0-arm64-cpython-38/lxml/includes/xmlerror.pxd -> build/bdist.macosx-11.0-arm64/wheel/lxml/includes
2022-12-27T11:51:30.5713680Z   copying build/lib.macosx-11.0-arm64-cpython-38/lxml/includes/c14n.pxd -> build/bdist.macosx-11.0-arm64/wheel/lxml/includes
2022-12-27T11:51:30.5717100Z   copying build/lib.macosx-11.0-arm64-cpython-38/lxml/includes/xmlschema.pxd -> build/bdist.macosx-11.0-arm64/wheel/lxml/includes
2022-12-27T11:51:30.5719170Z   copying build/lib.macosx-11.0-arm64-cpython-38/lxml/includes/__init__.pxd -> build/bdist.macosx-11.0-arm64/wheel/lxml/includes
2022-12-27T11:51:30.5720790Z   copying build/lib.macosx-11.0-arm64-cpython-38/lxml/includes/lxml-version.h -> build/bdist.macosx-11.0-arm64/wheel/lxml/includes
2022-12-27T11:51:30.5723500Z   copying build/lib.macosx-11.0-arm64-cpython-38/lxml/includes/schematron.pxd -> build/bdist.macosx-11.0-arm64/wheel/lxml/includes
2022-12-27T11:51:30.5726040Z   copying build/lib.macosx-11.0-arm64-cpython-38/lxml/includes/__init__.py -> build/bdist.macosx-11.0-arm64/wheel/lxml/includes
2022-12-27T11:51:30.5727830Z   copying build/lib.macosx-11.0-arm64-cpython-38/lxml/includes/tree.pxd -> build/bdist.macosx-11.0-arm64/wheel/lxml/includes
2022-12-27T11:51:30.5731440Z   copying build/lib.macosx-11.0-arm64-cpython-38/lxml/includes/uri.pxd -> build/bdist.macosx-11.0-arm64/wheel/lxml/includes
2022-12-27T11:51:30.5733750Z   copying build/lib.macosx-11.0-arm64-cpython-38/lxml/includes/etree_defs.h -> build/bdist.macosx-11.0-arm64/wheel/lxml/includes
2022-12-27T11:51:30.5737160Z   copying build/lib.macosx-11.0-arm64-cpython-38/lxml/includes/etreepublic.pxd -> build/bdist.macosx-11.0-arm64/wheel/lxml/includes
2022-12-27T11:51:30.5739610Z   copying build/lib.macosx-11.0-arm64-cpython-38/lxml/includes/xpath.pxd -> build/bdist.macosx-11.0-arm64/wheel/lxml/includes
2022-12-27T11:51:30.5742140Z   copying build/lib.macosx-11.0-arm64-cpython-38/lxml/includes/htmlparser.pxd -> build/bdist.macosx-11.0-arm64/wheel/lxml/includes
2022-12-27T11:51:30.5744630Z   copying build/lib.macosx-11.0-arm64-cpython-38/lxml/includes/xslt.pxd -> build/bdist.macosx-11.0-arm64/wheel/lxml/includes
2022-12-27T11:51:30.5747770Z   copying build/lib.macosx-11.0-arm64-cpython-38/lxml/includes/config.pxd -> build/bdist.macosx-11.0-arm64/wheel/lxml/includes
2022-12-27T11:51:30.5750640Z   copying build/lib.macosx-11.0-arm64-cpython-38/lxml/includes/xmlparser.pxd -> build/bdist.macosx-11.0-arm64/wheel/lxml/includes
2022-12-27T11:51:30.5754200Z   copying build/lib.macosx-11.0-arm64-cpython-38/lxml/includes/xinclude.pxd -> build/bdist.macosx-11.0-arm64/wheel/lxml/includes
2022-12-27T11:51:30.5756670Z   copying build/lib.macosx-11.0-arm64-cpython-38/lxml/includes/dtdvalid.pxd -> build/bdist.macosx-11.0-arm64/wheel/lxml/includes
2022-12-27T11:51:30.5759090Z   copying build/lib.macosx-11.0-arm64-cpython-38/lxml/includes/relaxng.pxd -> build/bdist.macosx-11.0-arm64/wheel/lxml/includes
2022-12-27T11:51:30.5761220Z   copying build/lib.macosx-11.0-arm64-cpython-38/lxml/sax.py -> build/bdist.macosx-11.0-arm64/wheel/lxml
2022-12-27T11:51:30.5763910Z   copying build/lib.macosx-11.0-arm64-cpython-38/lxml/pyclasslookup.py -> build/bdist.macosx-11.0-arm64/wheel/lxml
2022-12-27T11:51:30.5766550Z   copying build/lib.macosx-11.0-arm64-cpython-38/lxml/__init__.py -> build/bdist.macosx-11.0-arm64/wheel/lxml
2022-12-27T11:51:30.5770320Z   creating build/bdist.macosx-11.0-arm64/wheel/lxml/html
2022-12-27T11:51:30.5772090Z   copying build/lib.macosx-11.0-arm64-cpython-38/lxml/html/soupparser.py -> build/bdist.macosx-11.0-arm64/wheel/lxml/html
2022-12-27T11:51:30.5774630Z   copying build/lib.macosx-11.0-arm64-cpython-38/lxml/html/defs.py -> build/bdist.macosx-11.0-arm64/wheel/lxml/html
2022-12-27T11:51:30.5776960Z   copying build/lib.macosx-11.0-arm64-cpython-38/lxml/html/_setmixin.py -> build/bdist.macosx-11.0-arm64/wheel/lxml/html
2022-12-27T11:51:30.5779820Z   copying build/lib.macosx-11.0-arm64-cpython-38/lxml/html/clean.py -> build/bdist.macosx-11.0-arm64/wheel/lxml/html
2022-12-27T11:51:30.5782880Z   copying build/lib.macosx-11.0-arm64-cpython-38/lxml/html/_diffcommand.py -> build/bdist.macosx-11.0-arm64/wheel/lxml/html
2022-12-27T11:51:30.5785510Z   copying build/lib.macosx-11.0-arm64-cpython-38/lxml/html/html5parser.py -> build/bdist.macosx-11.0-arm64/wheel/lxml/html
2022-12-27T11:51:30.5788510Z   copying build/lib.macosx-11.0-arm64-cpython-38/lxml/html/__init__.py -> build/bdist.macosx-11.0-arm64/wheel/lxml/html
2022-12-27T11:51:30.5792080Z   copying build/lib.macosx-11.0-arm64-cpython-38/lxml/html/formfill.py -> build/bdist.macosx-11.0-arm64/wheel/lxml/html
2022-12-27T11:51:30.5794420Z   copying build/lib.macosx-11.0-arm64-cpython-38/lxml/html/builder.py -> build/bdist.macosx-11.0-arm64/wheel/lxml/html
2022-12-27T11:51:30.5797160Z   copying build/lib.macosx-11.0-arm64-cpython-38/lxml/html/ElementSoup.py -> build/bdist.macosx-11.0-arm64/wheel/lxml/html
2022-12-27T11:51:30.5800700Z   copying build/lib.macosx-11.0-arm64-cpython-38/lxml/html/_html5builder.py -> build/bdist.macosx-11.0-arm64/wheel/lxml/html
2022-12-27T11:51:30.5802950Z   copying build/lib.macosx-11.0-arm64-cpython-38/lxml/html/usedoctest.py -> build/bdist.macosx-11.0-arm64/wheel/lxml/html
2022-12-27T11:51:30.5805730Z   copying build/lib.macosx-11.0-arm64-cpython-38/lxml/html/diff.py -> build/bdist.macosx-11.0-arm64/wheel/lxml/html
2022-12-27T11:51:30.5808690Z   copying build/lib.macosx-11.0-arm64-cpython-38/lxml/html/diff.cpython-38-darwin.so -> build/bdist.macosx-11.0-arm64/wheel/lxml/html
2022-12-27T11:51:30.5814790Z   copying build/lib.macosx-11.0-arm64-cpython-38/lxml/html/clean.cpython-38-darwin.so -> build/bdist.macosx-11.0-arm64/wheel/lxml/html
2022-12-27T11:51:30.5822660Z   copying build/lib.macosx-11.0-arm64-cpython-38/lxml/etree_api.h -> build/bdist.macosx-11.0-arm64/wheel/lxml
2022-12-27T11:51:30.5825880Z   copying build/lib.macosx-11.0-arm64-cpython-38/lxml/objectify.cpython-38-darwin.so -> build/bdist.macosx-11.0-arm64/wheel/lxml
2022-12-27T11:51:30.5832920Z   copying build/lib.macosx-11.0-arm64-cpython-38/lxml/sax.cpython-38-darwin.so -> build/bdist.macosx-11.0-arm64/wheel/lxml
2022-12-27T11:51:30.5839120Z   copying build/lib.macosx-11.0-arm64-cpython-38/lxml/builder.py -> build/bdist.macosx-11.0-arm64/wheel/lxml
2022-12-27T11:51:30.5842780Z   copying build/lib.macosx-11.0-arm64-cpython-38/lxml/doctestcompare.py -> build/bdist.macosx-11.0-arm64/wheel/lxml
2022-12-27T11:51:30.5845190Z   copying build/lib.macosx-11.0-arm64-cpython-38/lxml/usedoctest.py -> build/bdist.macosx-11.0-arm64/wheel/lxml
2022-12-27T11:51:30.5847800Z   copying build/lib.macosx-11.0-arm64-cpython-38/lxml/cssselect.py -> build/bdist.macosx-11.0-arm64/wheel/lxml
2022-12-27T11:51:30.5850190Z   copying build/lib.macosx-11.0-arm64-cpython-38/lxml/builder.cpython-38-darwin.so -> build/bdist.macosx-11.0-arm64/wheel/lxml
2022-12-27T11:51:30.5856420Z   copying build/lib.macosx-11.0-arm64-cpython-38/lxml/lxml.etree.h -> build/bdist.macosx-11.0-arm64/wheel/lxml
2022-12-27T11:51:30.5858840Z   copying build/lib.macosx-11.0-arm64-cpython-38/lxml/etree.h -> build/bdist.macosx-11.0-arm64/wheel/lxml
2022-12-27T11:51:30.5861600Z   copying build/lib.macosx-11.0-arm64-cpython-38/lxml/ElementInclude.py -> build/bdist.macosx-11.0-arm64/wheel/lxml
2022-12-27T11:51:30.5864130Z   copying build/lib.macosx-11.0-arm64-cpython-38/lxml/lxml.etree_api.h -> build/bdist.macosx-11.0-arm64/wheel/lxml
2022-12-27T11:51:30.5867330Z   copying build/lib.macosx-11.0-arm64-cpython-38/lxml/_elementpath.cpython-38-darwin.so -> build/bdist.macosx-11.0-arm64/wheel/lxml
2022-12-27T11:51:30.5872960Z   running install_egg_info
2022-12-27T11:51:30.5954830Z   running egg_info
2022-12-27T11:51:30.5968540Z   writing src/lxml.egg-info/PKG-INFO
2022-12-27T11:51:30.5973230Z   writing dependency_links to src/lxml.egg-info/dependency_links.txt
2022-12-27T11:51:30.5977580Z   writing requirements to src/lxml.egg-info/requires.txt
2022-12-27T11:51:30.5979100Z   writing top-level names to src/lxml.egg-info/top_level.txt
2022-12-27T11:51:30.6035350Z   reading manifest file 'src/lxml.egg-info/SOURCES.txt'
2022-12-27T11:51:30.6068610Z   reading manifest template 'MANIFEST.in'
2022-12-27T11:51:30.6920520Z   adding license file 'LICENSES.txt'
2022-12-27T11:51:30.6975630Z   writing manifest file 'src/lxml.egg-info/SOURCES.txt'
2022-12-27T11:51:30.6981090Z   Copying src/lxml.egg-info to build/bdist.macosx-11.0-arm64/wheel/lxml-4.6.1-py3.8.egg-info
2022-12-27T11:51:30.7011330Z   running install_scripts
2022-12-27T11:51:30.7293290Z   creating build/bdist.macosx-11.0-arm64/wheel/lxml-4.6.1.dist-info/WHEEL
2022-12-27T11:51:30.7299090Z   creating '/private/var/folders/51/hd414ycd67n82196sw51xqtc0000gn/T/pip-wheel-pri9ivxp/lxml-4.6.1-cp38-cp38-macosx_11_0_arm64.whl' and adding 'build/bdist.macosx-11.0-arm64/wheel' to it
2022-12-27T11:51:30.7307980Z   adding 'lxml/ElementInclude.py'
2022-12-27T11:51:30.7312140Z   adding 'lxml/__init__.py'
2022-12-27T11:51:30.7369240Z   adding 'lxml/_elementpath.cpython-38-darwin.so'
2022-12-27T11:51:30.7379320Z   adding 'lxml/_elementpath.py'
2022-12-27T11:51:30.7409700Z   adding 'lxml/builder.cpython-38-darwin.so'
2022-12-27T11:51:30.7417010Z   adding 'lxml/builder.py'
2022-12-27T11:51:30.7421780Z   adding 'lxml/cssselect.py'
2022-12-27T11:51:30.7425630Z   adding 'lxml/doctestcompare.py'
2022-12-27T11:51:30.8065840Z   adding 'lxml/etree.cpython-38-darwin.so'
2022-12-27T11:51:30.8137230Z   adding 'lxml/etree.h'
2022-12-27T11:51:30.8140680Z   adding 'lxml/etree_api.h'
2022-12-27T11:51:30.8144570Z   adding 'lxml/lxml.etree.h'
2022-12-27T11:51:30.8148400Z   adding 'lxml/lxml.etree_api.h'
2022-12-27T11:51:30.8259440Z   adding 'lxml/objectify.cpython-38-darwin.so'
2022-12-27T11:51:30.8273010Z   adding 'lxml/pyclasslookup.py'
2022-12-27T11:51:30.8325000Z   adding 'lxml/sax.cpython-38-darwin.so'
2022-12-27T11:51:30.8334190Z   adding 'lxml/sax.py'
2022-12-27T11:51:30.8337830Z   adding 'lxml/usedoctest.py'
2022-12-27T11:51:30.8340250Z   adding 'lxml/html/ElementSoup.py'
2022-12-27T11:51:30.8355820Z   adding 'lxml/html/__init__.py'
2022-12-27T11:51:30.8360670Z   adding 'lxml/html/_diffcommand.py'
2022-12-27T11:51:30.8364270Z   adding 'lxml/html/_html5builder.py'
2022-12-27T11:51:30.8366780Z   adding 'lxml/html/_setmixin.py'
2022-12-27T11:51:30.8370760Z   adding 'lxml/html/builder.py'
2022-12-27T11:51:30.8451420Z   adding 'lxml/html/clean.cpython-38-darwin.so'
2022-12-27T11:51:30.8467050Z   adding 'lxml/html/clean.py'
2022-12-27T11:51:30.8471560Z   adding 'lxml/html/defs.py'
2022-12-27T11:51:30.8580120Z   adding 'lxml/html/diff.cpython-38-darwin.so'
2022-12-27T11:51:30.8599000Z   adding 'lxml/html/diff.py'
2022-12-27T11:51:30.8604800Z   adding 'lxml/html/formfill.py'
2022-12-27T11:51:30.8608320Z   adding 'lxml/html/html5parser.py'
2022-12-27T11:51:30.8612240Z   adding 'lxml/html/soupparser.py'
2022-12-27T11:51:30.8615120Z   adding 'lxml/html/usedoctest.py'
2022-12-27T11:51:30.8618700Z   adding 'lxml/includes/__init__.pxd'
2022-12-27T11:51:30.8621170Z   adding 'lxml/includes/__init__.py'
2022-12-27T11:51:30.8623150Z   adding 'lxml/includes/c14n.pxd'
2022-12-27T11:51:30.8625790Z   adding 'lxml/includes/config.pxd'
2022-12-27T11:51:30.8628270Z   adding 'lxml/includes/dtdvalid.pxd'
2022-12-27T11:51:30.8632330Z   adding 'lxml/includes/etree_defs.h'
2022-12-27T11:51:30.8636480Z   adding 'lxml/includes/etreepublic.pxd'
2022-12-27T11:51:30.8639430Z   adding 'lxml/includes/htmlparser.pxd'
2022-12-27T11:51:30.8642430Z   adding 'lxml/includes/lxml-version.h'
2022-12-27T11:51:30.8644900Z   adding 'lxml/includes/relaxng.pxd'
2022-12-27T11:51:30.8648350Z   adding 'lxml/includes/schematron.pxd'
2022-12-27T11:51:30.8652480Z   adding 'lxml/includes/tree.pxd'
2022-12-27T11:51:30.8655570Z   adding 'lxml/includes/uri.pxd'
2022-12-27T11:51:30.8658740Z   adding 'lxml/includes/xinclude.pxd'
2022-12-27T11:51:30.8668000Z   adding 'lxml/includes/xmlerror.pxd'
2022-12-27T11:51:30.8673470Z   adding 'lxml/includes/xmlparser.pxd'
2022-12-27T11:51:30.8677650Z   adding 'lxml/includes/xmlschema.pxd'
2022-12-27T11:51:30.8680250Z   adding 'lxml/includes/xpath.pxd'
2022-12-27T11:51:30.8684100Z   adding 'lxml/includes/xslt.pxd'
2022-12-27T11:51:30.8688680Z   adding 'lxml/isoschematron/__init__.py'
2022-12-27T11:51:30.8693880Z   adding 'lxml/isoschematron/resources/rng/iso-schematron.rng'
2022-12-27T11:51:30.8697620Z   adding 'lxml/isoschematron/resources/xsl/RNG2Schtrn.xsl'
2022-12-27T11:51:30.8701530Z   adding 'lxml/isoschematron/resources/xsl/XSD2Schtrn.xsl'
2022-12-27T11:51:30.8706550Z   adding 'lxml/isoschematron/resources/xsl/iso-schematron-xslt1/iso_abstract_expand.xsl'
2022-12-27T11:51:30.8712520Z   adding 'lxml/isoschematron/resources/xsl/iso-schematron-xslt1/iso_dsdl_include.xsl'
2022-12-27T11:51:30.8716610Z   adding 'lxml/isoschematron/resources/xsl/iso-schematron-xslt1/iso_schematron_message.xsl'
2022-12-27T11:51:30.8733380Z   adding 'lxml/isoschematron/resources/xsl/iso-schematron-xslt1/iso_schematron_skeleton_for_xslt1.xsl'
2022-12-27T11:51:30.8740990Z   adding 'lxml/isoschematron/resources/xsl/iso-schematron-xslt1/iso_svrl_for_xslt1.xsl'
2022-12-27T11:51:30.8744490Z   adding 'lxml/isoschematron/resources/xsl/iso-schematron-xslt1/readme.txt'
2022-12-27T11:51:30.8749620Z   adding 'lxml-4.6.1.dist-info/LICENSES.txt'
2022-12-27T11:51:30.8751520Z   adding 'lxml-4.6.1.dist-info/METADATA'
2022-12-27T11:51:30.8753060Z   adding 'lxml-4.6.1.dist-info/WHEEL'
2022-12-27T11:51:30.8754590Z   adding 'lxml-4.6.1.dist-info/top_level.txt'
2022-12-27T11:51:30.8757790Z   adding 'lxml-4.6.1.dist-info/RECORD'
2022-12-27T11:51:30.8761180Z   removing build/bdist.macosx-11.0-arm64/wheel
2022-12-27T11:51:30.9069620Z   Building wheel for lxml (setup.py): finished with status 'done'
2022-12-27T11:51:30.9125400Z   Created wheel for lxml: filename=lxml-4.6.1-cp38-cp38-macosx_11_0_arm64.whl size=1465436 sha256=414591a29cc7107f0ec1da34eac9f6cf739cbcad89920990ee4b903ad3fad3da
2022-12-27T11:51:30.9126840Z   Stored in directory: /Users/runner/Library/Caches/pip/wheels/ba/6c/9c/9dde90db5f63932c3dffbd9c2167c11c0f1ce906f881dffad3
2022-12-27T11:51:30.9163120Z Successfully built lxml
2022-12-27T11:51:30.9173810Z Removed build tracker: '/private/var/folders/51/hd414ycd67n82196sw51xqtc0000gn/T/pip-build-tracker-_msxjzpj'
2022-12-27T11:51:30.9550810Z ##[endgroup]
2022-12-27T11:51:30.9551370Z                                                              [32mâœ“ [0m43.43s
2022-12-27T11:51:30.9551680Z ##[group]Repairing wheel...
2022-12-27T11:51:30.9551790Z 
2022-12-27T11:51:30.9555540Z + delocate-wheel --require-archs arm64 -w /private/var/folders/51/hd414ycd67n82196sw51xqtc0000gn/T/cibw-run-p56mkt4c/cp38-macosx_arm64/repaired_wheel -v /private/var/folders/51/hd414ycd67n82196sw51xqtc0000gn/T/cibw-run-p56mkt4c/cp38-macosx_arm64/built_wheel/lxml-4.6.1-cp38-cp38-macosx_11_0_arm64.whl
2022-12-27T11:51:35.4018070Z Fixing: /private/var/folders/51/hd414ycd67n82196sw51xqtc0000gn/T/cibw-run-p56mkt4c/cp38-macosx_arm64/built_wheel/lxml-4.6.1-cp38-cp38-macosx_11_0_arm64.whl
2022-12-27T11:51:35.4105790Z ##[endgroup]
2022-12-27T11:51:35.4106710Z                                                               [32mâœ“ [0m4.46s
2022-12-27T11:51:35.4457340Z 
2022-12-27T11:51:35.4457880Z [32mâœ“ [0mcp38-macosx_arm64 finished in 51.21s
2022-12-27T11:51:35.4458230Z 
2022-12-27T11:51:35.4458350Z 1 wheels produced in 1 minutes:
2022-12-27T11:51:35.4458840Z   lxml-4.6.1-cp38-cp38-macosx_11_0_arm64.whl   1,432 kB
2022-12-27T11:51:35.4677690Z ##[group]Run actions/upload-artifact@v3
2022-12-27T11:51:35.4677850Z with:
2022-12-27T11:51:35.4677980Z   name: lxml-4.6.1-cp38-cp38-macosx_11_0_arm64.whl.zip
2022-12-27T11:51:35.4678120Z   path: build_lxml46138/wheelsout/*.whl
2022-12-27T11:51:35.4678250Z   if-no-files-found: warn
2022-12-27T11:51:35.4678370Z env:
2022-12-27T11:51:35.4678530Z   pythonLocation: /Users/runner/hostedtoolcache/Python/3.8.15/x64
2022-12-27T11:51:35.4678720Z   PKG_CONFIG_PATH: /Users/runner/hostedtoolcache/Python/3.8.15/x64/lib/pkgconfig
2022-12-27T11:51:35.4678900Z   Python_ROOT_DIR: /Users/runner/hostedtoolcache/Python/3.8.15/x64
2022-12-27T11:51:35.4679070Z   Python2_ROOT_DIR: /Users/runner/hostedtoolcache/Python/3.8.15/x64
2022-12-27T11:51:35.4679250Z   Python3_ROOT_DIR: /Users/runner/hostedtoolcache/Python/3.8.15/x64
2022-12-27T11:51:35.4679390Z ##[endgroup]
2022-12-27T11:51:35.5226610Z With the provided path, there will be 1 file uploaded
2022-12-27T11:51:35.5228540Z Starting artifact upload
2022-12-27T11:51:35.5229560Z For more detailed logs during the artifact upload process, enable step-debugging: https://docs.github.com/actions/monitoring-and-troubleshooting-workflows/enabling-debug-logging#enabling-step-debug-logging
2022-12-27T11:51:35.5229990Z Artifact name is valid!
2022-12-27T11:51:36.6358490Z Container for artifact "lxml-4.6.1-cp38-cp38-macosx_11_0_arm64.whl.zip" successfully created. Starting upload of file(s)
2022-12-27T11:51:38.2277120Z Total size of all the files uploaded is 1450713 bytes
2022-12-27T11:51:38.2277580Z File upload process has finished. Finalizing the artifact upload
2022-12-27T11:51:39.2631480Z Artifact has been finalized. All files have been successfully uploaded!
2022-12-27T11:51:39.2631880Z 
2022-12-27T11:51:39.2632180Z The raw size of all the files that were specified for upload is 1465456 bytes
2022-12-27T11:51:39.2633480Z The size of all the files that were uploaded is 1450713 bytes. This takes into account any gzip compression used to reduce the upload size, time and storage
2022-12-27T11:51:39.2633900Z 
2022-12-27T11:51:39.2635240Z Note: The size of downloaded zips can differ significantly from the reported size. For more information see: https://github.com/actions/upload-artifact#zipped-artifact-downloads 
2022-12-27T11:51:39.2635730Z 
2022-12-27T11:51:39.2636110Z Artifact lxml-4.6.1-cp38-cp38-macosx_11_0_arm64.whl.zip has been successfully uploaded!
2022-12-27T11:51:39.2698430Z ##[group]Run rm -rf build_lxml46138 wheelsout
2022-12-27T11:51:39.2698730Z [36;1mrm -rf build_lxml46138 wheelsout[0m
2022-12-27T11:51:39.2713900Z shell: /bin/bash -e {0}
2022-12-27T11:51:39.2714070Z env:
2022-12-27T11:51:39.2714430Z   pythonLocation: /Users/runner/hostedtoolcache/Python/3.8.15/x64
2022-12-27T11:51:39.2714670Z   PKG_CONFIG_PATH: /Users/runner/hostedtoolcache/Python/3.8.15/x64/lib/pkgconfig
2022-12-27T11:51:39.2714920Z   Python_ROOT_DIR: /Users/runner/hostedtoolcache/Python/3.8.15/x64
2022-12-27T11:51:39.2715160Z   Python2_ROOT_DIR: /Users/runner/hostedtoolcache/Python/3.8.15/x64
2022-12-27T11:51:39.2715390Z   Python3_ROOT_DIR: /Users/runner/hostedtoolcache/Python/3.8.15/x64
2022-12-27T11:51:39.2715600Z ##[endgroup]
2022-12-27T11:51:39.3104010Z Post job cleanup.
2022-12-27T11:51:39.4368850Z Cleaning up orphan processes
