2022-12-27T07:28:32.1770503Z Requested labels: self-hosted, macOS, X64
2022-12-27T07:28:32.1770570Z Job defined at: kilnbuild/python.build/.github/workflows/mac_arm_build.yml@refs/heads/main
2022-12-27T07:28:32.1770595Z Waiting for a runner to pick up this job...
2022-12-27T10:46:15.0934133Z Job is about to start running on the runner: kr2 (organization)
2022-12-27T10:46:21.7833800Z Current runner version: '2.300.2'
2022-12-27T10:46:21.7854760Z Runner name: 'kr2'
2022-12-27T10:46:21.7855810Z Runner group name: 'Default'
2022-12-27T10:46:21.7857540Z Machine name: 'kr2'
2022-12-27T10:46:21.7863410Z ##[group]GITHUB_TOKEN Permissions
2022-12-27T10:46:21.7865110Z Actions: write
2022-12-27T10:46:21.7865650Z Checks: write
2022-12-27T10:46:21.7866170Z Contents: write
2022-12-27T10:46:21.7866700Z Deployments: write
2022-12-27T10:46:21.7867220Z Discussions: write
2022-12-27T10:46:21.7867770Z Issues: write
2022-12-27T10:46:21.7868250Z Metadata: read
2022-12-27T10:46:21.7868740Z Packages: write
2022-12-27T10:46:21.7869240Z Pages: write
2022-12-27T10:46:21.7869740Z PullRequests: write
2022-12-27T10:46:21.7870340Z RepositoryProjects: write
2022-12-27T10:46:21.7870960Z SecurityEvents: write
2022-12-27T10:46:21.7871520Z Statuses: write
2022-12-27T10:46:21.7872070Z ##[endgroup]
2022-12-27T10:46:21.7882800Z Secret source: Actions
2022-12-27T10:46:21.7884170Z Prepare workflow directory
2022-12-27T10:46:22.0259400Z Prepare all required actions
2022-12-27T10:46:22.0674300Z Getting action download info
2022-12-27T10:46:22.5447390Z Download action repository 'actions/setup-python@v4' (SHA:5ccb29d8773c3f3f653e1705f474dfaa8a06a912)
2022-12-27T10:46:24.6380070Z Download action repository 'actions/upload-artifact@v3' (SHA:83fd05a356d7e2593de66fc9913b3002723633cb)
2022-12-27T10:46:26.4131930Z ##[group]Run echo '{
2022-12-27T10:46:26.4132930Z [36;1mecho '{[0m
2022-12-27T10:46:26.4133560Z [36;1m  "environment_variables": "GRPC_PYTHON_BUILD_WITH_CYTHON=1 GRPC_BUILD_WITH_BORING_SSL_ASM='' GRPC_PYTHON_BUILD_SYSTEM_OPENSSL=TRUE",[0m
2022-12-27T10:46:26.4134250Z [36;1m  "package_name": "grpcio-tools",[0m
2022-12-27T10:46:26.4135360Z [36;1m  "package_url": "https://files.pythonhosted.org/packages/ee/27/c026eb53bdbad2a6e34e09d1314229c0082cf14817ac49bb96f5de68061f/grpcio-tools-1.36.0.tar.gz",[0m
2022-12-27T10:46:26.4136060Z [36;1m  "package_version": "1.36.0",[0m
2022-12-27T10:46:26.4136370Z [36;1m  "python_version": "3.7",[0m
2022-12-27T10:46:26.4136690Z [36;1m  "use_ccache": "true"[0m
2022-12-27T10:46:26.4136920Z [36;1m}'[0m
2022-12-27T10:46:26.4175100Z shell: /bin/bash -e {0}
2022-12-27T10:46:26.4175520Z ##[endgroup]
2022-12-27T10:46:26.4850760Z {
2022-12-27T10:46:26.4857110Z   "environment_variables": "GRPC_PYTHON_BUILD_WITH_CYTHON=1 GRPC_BUILD_WITH_BORING_SSL_ASM= GRPC_PYTHON_BUILD_SYSTEM_OPENSSL=TRUE",
2022-12-27T10:46:26.4859530Z   "package_name": "grpcio-tools",
2022-12-27T10:46:26.4861180Z   "package_url": "https://files.pythonhosted.org/packages/ee/27/c026eb53bdbad2a6e34e09d1314229c0082cf14817ac49bb96f5de68061f/grpcio-tools-1.36.0.tar.gz",
2022-12-27T10:46:26.4862330Z   "package_version": "1.36.0",
2022-12-27T10:46:26.4863240Z   "python_version": "3.7",
2022-12-27T10:46:26.4863850Z   "use_ccache": "true"
2022-12-27T10:46:26.4864490Z }
2022-12-27T10:46:26.5641340Z ##[group]Run actions/setup-python@v4
2022-12-27T10:46:26.5642290Z with:
2022-12-27T10:46:26.5643210Z   python-version: 3.7
2022-12-27T10:46:26.5644020Z   check-latest: false
2022-12-27T10:46:26.5645230Z   token: ***
2022-12-27T10:46:26.5645940Z   update-environment: true
2022-12-27T10:46:26.5646620Z ##[endgroup]
2022-12-27T10:46:26.9224210Z ##[group]Installed versions
2022-12-27T10:46:26.9389090Z Successfully set up CPython (3.7.15)
2022-12-27T10:46:26.9391220Z ##[endgroup]
2022-12-27T10:46:26.9699860Z ##[group]Run if [ "true" == "true" ]
2022-12-27T10:46:26.9700430Z [36;1mif [ "true" == "true" ][0m
2022-12-27T10:46:26.9700850Z [36;1mthen[0m
2022-12-27T10:46:26.9701940Z [36;1m  echo "CCACHE_PATH_PREPEND=/usr/local/opt/ccache/libexec" >> $GITHUB_OUTPUT[0m
2022-12-27T10:46:26.9702480Z [36;1melse[0m
2022-12-27T10:46:26.9703010Z [36;1m  echo "CCACHE_PATH_PREPEND=" >> $GITHUB_OUTPUT[0m
2022-12-27T10:46:26.9703470Z [36;1mfi[0m
2022-12-27T10:46:26.9742490Z shell: /bin/bash -e {0}
2022-12-27T10:46:26.9742990Z env:
2022-12-27T10:46:26.9743990Z   pythonLocation: /Users/runner/hostedtoolcache/Python/3.7.15/x64
2022-12-27T10:46:26.9744580Z   PKG_CONFIG_PATH: /Users/runner/hostedtoolcache/Python/3.7.15/x64/lib/pkgconfig
2022-12-27T10:46:26.9745920Z   Python_ROOT_DIR: /Users/runner/hostedtoolcache/Python/3.7.15/x64
2022-12-27T10:46:26.9746390Z   Python2_ROOT_DIR: /Users/runner/hostedtoolcache/Python/3.7.15/x64
2022-12-27T10:46:26.9747310Z   Python3_ROOT_DIR: /Users/runner/hostedtoolcache/Python/3.7.15/x64
2022-12-27T10:46:26.9747800Z ##[endgroup]
2022-12-27T10:46:27.0153900Z ##[group]Run echo "BUILD_NAME=$(echo grpcio-tools_1.36.0_3.7 | tr -dc '[:alnum:]\n\r' | tr '[:upper:]' '[:lower:]')" >> $GITHUB_OUTPUT
2022-12-27T10:46:27.0155600Z [36;1mecho "BUILD_NAME=$(echo grpcio-tools_1.36.0_3.7 | tr -dc '[:alnum:]\n\r' | tr '[:upper:]' '[:lower:]')" >> $GITHUB_OUTPUT[0m
2022-12-27T10:46:27.0206030Z shell: /bin/bash -e {0}
2022-12-27T10:46:27.0206930Z env:
2022-12-27T10:46:27.0207540Z   pythonLocation: /Users/runner/hostedtoolcache/Python/3.7.15/x64
2022-12-27T10:46:27.0208410Z   PKG_CONFIG_PATH: /Users/runner/hostedtoolcache/Python/3.7.15/x64/lib/pkgconfig
2022-12-27T10:46:27.0209440Z   Python_ROOT_DIR: /Users/runner/hostedtoolcache/Python/3.7.15/x64
2022-12-27T10:46:27.0210190Z   Python2_ROOT_DIR: /Users/runner/hostedtoolcache/Python/3.7.15/x64
2022-12-27T10:46:27.0211130Z   Python3_ROOT_DIR: /Users/runner/hostedtoolcache/Python/3.7.15/x64
2022-12-27T10:46:27.0211840Z ##[endgroup]
2022-12-27T10:46:27.0572230Z ##[group]Run echo "PYTHON_NO_DOTS=$(echo 3.7 | tr -dc '[:alnum:]\n\r' | tr '[:upper:]' '[:lower:]')" >> $GITHUB_OUTPUT
2022-12-27T10:46:27.0573390Z [36;1mecho "PYTHON_NO_DOTS=$(echo 3.7 | tr -dc '[:alnum:]\n\r' | tr '[:upper:]' '[:lower:]')" >> $GITHUB_OUTPUT[0m
2022-12-27T10:46:27.0626400Z shell: /bin/bash -e {0}
2022-12-27T10:46:27.0627270Z env:
2022-12-27T10:46:27.0627850Z   pythonLocation: /Users/runner/hostedtoolcache/Python/3.7.15/x64
2022-12-27T10:46:27.0628720Z   PKG_CONFIG_PATH: /Users/runner/hostedtoolcache/Python/3.7.15/x64/lib/pkgconfig
2022-12-27T10:46:27.0629600Z   Python_ROOT_DIR: /Users/runner/hostedtoolcache/Python/3.7.15/x64
2022-12-27T10:46:27.0630430Z   Python2_ROOT_DIR: /Users/runner/hostedtoolcache/Python/3.7.15/x64
2022-12-27T10:46:27.0631340Z   Python3_ROOT_DIR: /Users/runner/hostedtoolcache/Python/3.7.15/x64
2022-12-27T10:46:27.0632040Z ##[endgroup]
2022-12-27T10:46:27.1035970Z ##[group]Run rm -rf build_grpciotools136037
2022-12-27T10:46:27.1036990Z [36;1mrm -rf build_grpciotools136037[0m
2022-12-27T10:46:27.1037860Z [36;1mmkdir build_grpciotools136037[0m
2022-12-27T10:46:27.1038570Z [36;1mcd build_grpciotools136037[0m
2022-12-27T10:46:27.1039500Z [36;1m/usr/local/bin/wget --quiet https://files.pythonhosted.org/packages/ee/27/c026eb53bdbad2a6e34e09d1314229c0082cf14817ac49bb96f5de68061f/grpcio-tools-1.36.0.tar.gz[0m
2022-12-27T10:46:27.1040460Z [36;1mtar xf *.tar.gz[0m
2022-12-27T10:46:27.1041240Z [36;1mcd *[0m
2022-12-27T10:46:27.1041800Z [36;1mpython -m pip install cibuildwheel==2.11.3[0m
2022-12-27T10:46:27.1042570Z [36;1mpython -m cibuildwheel --output-dir ../wheelsout[0m
2022-12-27T10:46:27.1100460Z shell: /bin/bash -e {0}
2022-12-27T10:46:27.1101510Z env:
2022-12-27T10:46:27.1102150Z   pythonLocation: /Users/runner/hostedtoolcache/Python/3.7.15/x64
2022-12-27T10:46:27.1103130Z   PKG_CONFIG_PATH: /Users/runner/hostedtoolcache/Python/3.7.15/x64/lib/pkgconfig
2022-12-27T10:46:27.1106230Z   Python_ROOT_DIR: /Users/runner/hostedtoolcache/Python/3.7.15/x64
2022-12-27T10:46:27.1107200Z   Python2_ROOT_DIR: /Users/runner/hostedtoolcache/Python/3.7.15/x64
2022-12-27T10:46:27.1108060Z   Python3_ROOT_DIR: /Users/runner/hostedtoolcache/Python/3.7.15/x64
2022-12-27T10:46:27.1108730Z   CIBW_ARCHS_MACOS: arm64
2022-12-27T10:46:27.1109360Z   CIBW_TEST_SKIP: *_arm64
2022-12-27T10:46:27.1110040Z   CIBW_BUILD: cp37-macosx_arm64
2022-12-27T10:46:27.1110720Z   CIBW_BUILD_FRONTEND: pip
2022-12-27T10:46:27.1111380Z   CIBW_BUILD_VERBOSITY: 3
2022-12-27T10:46:27.1112630Z   CIBW_ENVIRONMENT_MACOS: GRPC_PYTHON_BUILD_WITH_CYTHON=1 GRPC_BUILD_WITH_BORING_SSL_ASM='' GRPC_PYTHON_BUILD_SYSTEM_OPENSSL=TRUE CFLAGS="-I/usr/local/opt/openssl@3/include" LDFLAGS="-L/usr/local/opt/openssl@3/lib" CPPFLAGS="-I/usr/local/opt/openssl@3/include" MAKEFLAGS="-j$(sysctl -n hw.logicalcpu)" PATH=/usr/local/opt/ccache/libexec:$PATH
2022-12-27T10:46:27.1115110Z   CIBW_BEFORE_BUILD: pip install Cython; if [[ -f requirements.txt ]]; then pip install -r requirements.txt; fi
2022-12-27T10:46:27.1116260Z   MAKEFLAGS: -j$(sysctl -n hw.logicalcpu)
2022-12-27T10:46:27.1116820Z ##[endgroup]
2022-12-27T10:46:28.2926950Z Requirement already satisfied: cibuildwheel==2.11.3 in /Users/runner/hostedtoolcache/Python/3.7.15/x64/lib/python3.7/site-packages (2.11.3)
2022-12-27T10:46:28.3578310Z Requirement already satisfied: tomli in /Users/runner/hostedtoolcache/Python/3.7.15/x64/lib/python3.7/site-packages (from cibuildwheel==2.11.3) (2.0.1)
2022-12-27T10:46:28.3592350Z Requirement already satisfied: bashlex!=0.13 in /Users/runner/hostedtoolcache/Python/3.7.15/x64/lib/python3.7/site-packages (from cibuildwheel==2.11.3) (0.16)
2022-12-27T10:46:28.3600500Z Requirement already satisfied: bracex in /Users/runner/hostedtoolcache/Python/3.7.15/x64/lib/python3.7/site-packages (from cibuildwheel==2.11.3) (2.3.post1)
2022-12-27T10:46:28.3628090Z Requirement already satisfied: typing-extensions>=4.1.0 in /Users/runner/hostedtoolcache/Python/3.7.15/x64/lib/python3.7/site-packages (from cibuildwheel==2.11.3) (4.4.0)
2022-12-27T10:46:28.3640770Z Requirement already satisfied: packaging>=20.9 in /Users/runner/hostedtoolcache/Python/3.7.15/x64/lib/python3.7/site-packages (from cibuildwheel==2.11.3) (22.0)
2022-12-27T10:46:28.3647010Z Requirement already satisfied: certifi in /Users/runner/hostedtoolcache/Python/3.7.15/x64/lib/python3.7/site-packages (from cibuildwheel==2.11.3) (2022.12.7)
2022-12-27T10:46:28.3655420Z Requirement already satisfied: platformdirs in /Users/runner/hostedtoolcache/Python/3.7.15/x64/lib/python3.7/site-packages (from cibuildwheel==2.11.3) (2.6.0)
2022-12-27T10:46:28.3661930Z Requirement already satisfied: filelock in /Users/runner/hostedtoolcache/Python/3.7.15/x64/lib/python3.7/site-packages (from cibuildwheel==2.11.3) (3.8.2)
2022-12-27T10:46:28.7777860Z 
2022-12-27T10:46:28.7778720Z      _ _       _ _   _       _           _
2022-12-27T10:46:28.7780210Z  ___|_| |_ _ _|_| |_| |_ _ _| |_ ___ ___| |
2022-12-27T10:46:28.7784730Z |  _| | . | | | | | . | | | |   | -_| -_| |
2022-12-27T10:46:28.7785550Z |___|_|___|___|_|_|___|_____|_|_|___|___|_|
2022-12-27T10:46:28.7785770Z 
2022-12-27T10:46:28.7786080Z cibuildwheel version 2.11.3
2022-12-27T10:46:28.7786770Z 
2022-12-27T10:46:28.7787050Z Build options:
2022-12-27T10:46:28.7787640Z   platform: macos
2022-12-27T10:46:28.8184730Z   architectures: arm64[0m
2022-12-27T10:46:28.8185690Z   build_selector: 
2022-12-27T10:46:28.8187200Z     build_config: cp37-macosx_arm64
2022-12-27T10:46:28.8187780Z     skip_config: 
2022-12-27T10:46:28.8188420Z     requires_python: None
2022-12-27T10:46:28.8190580Z     prerelease_pythons: False[0m
2022-12-27T10:46:28.8192060Z   [38;5;244mcontainer_engine: docker[0m
2022-12-27T10:46:28.8193100Z   output_dir: /Users/runner/actions-runner/_work/python.build/python.build/build_grpciotools136037/wheelsout[0m
2022-12-27T10:46:28.8194880Z cibuildwheel: No build identifiers selected: BuildSelector(build_config='cp37-macosx_arm64', skip_config='', requires_python=None, prerelease_pythons=False)
2022-12-27T10:46:28.8196480Z   package_dir: /Users/runner/actions-runner/_work/python.build/python.build/build_grpciotools136037/grpcio-tools-1.36.0[0m
2022-12-27T10:46:28.8197380Z   test_selector: 
2022-12-27T10:46:28.8198370Z     skip_config: *_arm64[0m
2022-12-27T10:46:28.8199170Z   [38;5;244mbefore_all: [0m
2022-12-27T10:46:28.8200220Z   before_build: pip install Cython; if [[ -f requirements.txt ]]; then pip install -r requirements.txt; fi[0m
2022-12-27T10:46:28.8201180Z   [38;5;244mbefore_test: [0m
2022-12-27T10:46:28.8201820Z   [38;5;244mbuild_frontend: pip[0m
2022-12-27T10:46:28.8202750Z   build_verbosity: 3[0m
2022-12-27T10:46:28.8203540Z   [38;5;244mconfig_settings: [0m
2022-12-27T10:46:28.8204300Z   [38;5;244mdependency_constraints: pinned[0m
2022-12-27T10:46:28.8206240Z   environment: 
2022-12-27T10:46:28.8207020Z     GRPC_PYTHON_BUILD_WITH_CYTHON=1
2022-12-27T10:46:28.8207720Z     GRPC_BUILD_WITH_BORING_SSL_ASM=''
2022-12-27T10:46:28.8208400Z     GRPC_PYTHON_BUILD_SYSTEM_OPENSSL=TRUE
2022-12-27T10:46:28.8209280Z     CFLAGS="-I/usr/local/opt/openssl@3/include"
2022-12-27T10:46:28.8210030Z     LDFLAGS="-L/usr/local/opt/openssl@3/lib"
2022-12-27T10:46:28.8211060Z     CPPFLAGS="-I/usr/local/opt/openssl@3/include"
2022-12-27T10:46:28.8211970Z     MAKEFLAGS="-j$(sysctl -n hw.logicalcpu)"
2022-12-27T10:46:28.8212760Z     PATH=/usr/local/opt/ccache/libexec:$PATH[0m
2022-12-27T10:46:28.8213620Z   [38;5;244mmanylinux_images: None[0m
2022-12-27T10:46:28.8214400Z   [38;5;244mmusllinux_images: None[0m
2022-12-27T10:46:28.8215790Z   [38;5;244mrepair_command: delocate-wheel --require-archs {delocate_archs} -w {dest_dir} -v {wheel}[0m
2022-12-27T10:46:28.8216630Z   [38;5;244mtest_command: [0m
2022-12-27T10:46:28.8217420Z   [38;5;244mtest_extras: [0m
2022-12-27T10:46:28.8218250Z   [38;5;244mtest_requires: [0m
2022-12-27T10:46:28.8218620Z 
2022-12-27T10:46:28.8218870Z Cache folder: /Users/runner/Library/Caches/cibuildwheel
2022-12-27T10:46:28.8219440Z 
2022-12-27T10:46:28.8219680Z Here we go!
2022-12-27T10:46:28.8220020Z 
2022-12-27T10:46:28.8519840Z ##[error]Process completed with exit code 3.
2022-12-27T10:46:28.8611880Z ##[group]Run rm -rf build_grpciotools136037 wheelsout
2022-12-27T10:46:28.8612370Z [36;1mrm -rf build_grpciotools136037 wheelsout[0m
2022-12-27T10:46:28.8649340Z shell: /bin/bash -e {0}
2022-12-27T10:46:28.8649760Z env:
2022-12-27T10:46:28.8650220Z   pythonLocation: /Users/runner/hostedtoolcache/Python/3.7.15/x64
2022-12-27T10:46:28.8650690Z   PKG_CONFIG_PATH: /Users/runner/hostedtoolcache/Python/3.7.15/x64/lib/pkgconfig
2022-12-27T10:46:28.8651220Z   Python_ROOT_DIR: /Users/runner/hostedtoolcache/Python/3.7.15/x64
2022-12-27T10:46:28.8651830Z   Python2_ROOT_DIR: /Users/runner/hostedtoolcache/Python/3.7.15/x64
2022-12-27T10:46:28.8652280Z   Python3_ROOT_DIR: /Users/runner/hostedtoolcache/Python/3.7.15/x64
2022-12-27T10:46:28.8652740Z ##[endgroup]
2022-12-27T10:46:29.0252040Z Cleaning up orphan processes
