2022-12-27T07:28:38.3719984Z Requested labels: self-hosted, macOS, X64
2022-12-27T07:28:38.3720068Z Job defined at: kilnbuild/python.build/.github/workflows/mac_arm_build.yml@refs/heads/main
2022-12-27T07:28:38.3720101Z Waiting for a runner to pick up this job...
2022-12-27T10:52:50.3898923Z Job is about to start running on the runner: k2 (organization)
2022-12-27T10:52:52.8534380Z Current runner version: '2.300.2'
2022-12-27T10:52:52.8542100Z Runner name: 'k2'
2022-12-27T10:52:52.8542510Z Runner group name: 'Default'
2022-12-27T10:52:52.8543310Z Machine name: 'k2'
2022-12-27T10:52:52.8545860Z ##[group]GITHUB_TOKEN Permissions
2022-12-27T10:52:52.8546590Z Actions: write
2022-12-27T10:52:52.8546850Z Checks: write
2022-12-27T10:52:52.8547080Z Contents: write
2022-12-27T10:52:52.8547300Z Deployments: write
2022-12-27T10:52:52.8547550Z Discussions: write
2022-12-27T10:52:52.8547770Z Issues: write
2022-12-27T10:52:52.8548000Z Metadata: read
2022-12-27T10:52:52.8548240Z Packages: write
2022-12-27T10:52:52.8548480Z Pages: write
2022-12-27T10:52:52.8548700Z PullRequests: write
2022-12-27T10:52:52.8548980Z RepositoryProjects: write
2022-12-27T10:52:52.8549250Z SecurityEvents: write
2022-12-27T10:52:52.8549480Z Statuses: write
2022-12-27T10:52:52.8549720Z ##[endgroup]
2022-12-27T10:52:52.8553510Z Secret source: Actions
2022-12-27T10:52:52.8554030Z Prepare workflow directory
2022-12-27T10:52:52.9739050Z Prepare all required actions
2022-12-27T10:52:52.9973510Z Getting action download info
2022-12-27T10:52:53.4559750Z Download action repository 'actions/setup-python@v4' (SHA:5ccb29d8773c3f3f653e1705f474dfaa8a06a912)
2022-12-27T10:52:55.2279320Z Download action repository 'actions/upload-artifact@v3' (SHA:83fd05a356d7e2593de66fc9913b3002723633cb)
2022-12-27T10:52:56.6063390Z ##[group]Run echo '{
2022-12-27T10:52:56.6063660Z [36;1mecho '{[0m
2022-12-27T10:52:56.6063870Z [36;1m  "environment_variables": "GRPC_PYTHON_BUILD_WITH_CYTHON=1 GRPC_BUILD_WITH_BORING_SSL_ASM='' GRPC_PYTHON_BUILD_SYSTEM_OPENSSL=TRUE",[0m
2022-12-27T10:52:56.6064080Z [36;1m  "package_name": "grpcio-tools",[0m
2022-12-27T10:52:56.6064370Z [36;1m  "package_url": "https://files.pythonhosted.org/packages/55/7a/b6d5a5d69d6ab0df70a7ceed16f0e9a6c0bdc09376c92fa5638d08803fa4/grpcio-tools-1.43.0.tar.gz",[0m
2022-12-27T10:52:56.6064590Z [36;1m  "package_version": "1.43.0",[0m
2022-12-27T10:52:56.6064760Z [36;1m  "python_version": "3.7",[0m
2022-12-27T10:52:56.6064970Z [36;1m  "use_ccache": "true"[0m
2022-12-27T10:52:56.6065110Z [36;1m}'[0m
2022-12-27T10:52:56.6081490Z shell: /bin/bash -e {0}
2022-12-27T10:52:56.6081730Z ##[endgroup]
2022-12-27T10:52:56.6320860Z {
2022-12-27T10:52:56.6322500Z   "environment_variables": "GRPC_PYTHON_BUILD_WITH_CYTHON=1 GRPC_BUILD_WITH_BORING_SSL_ASM= GRPC_PYTHON_BUILD_SYSTEM_OPENSSL=TRUE",
2022-12-27T10:52:56.6323130Z   "package_name": "grpcio-tools",
2022-12-27T10:52:56.6323610Z   "package_url": "https://files.pythonhosted.org/packages/55/7a/b6d5a5d69d6ab0df70a7ceed16f0e9a6c0bdc09376c92fa5638d08803fa4/grpcio-tools-1.43.0.tar.gz",
2022-12-27T10:52:56.6323920Z   "package_version": "1.43.0",
2022-12-27T10:52:56.6324130Z   "python_version": "3.7",
2022-12-27T10:52:56.6324320Z   "use_ccache": "true"
2022-12-27T10:52:56.6324490Z }
2022-12-27T10:52:56.6552710Z ##[group]Run actions/setup-python@v4
2022-12-27T10:52:56.6553000Z with:
2022-12-27T10:52:56.6553230Z   python-version: 3.7
2022-12-27T10:52:56.6553460Z   check-latest: false
2022-12-27T10:52:56.6553780Z   token: ***
2022-12-27T10:52:56.6553970Z   update-environment: true
2022-12-27T10:52:56.6554130Z ##[endgroup]
2022-12-27T10:52:56.7859220Z ##[group]Installed versions
2022-12-27T10:52:56.7971590Z Successfully set up CPython (3.7.15)
2022-12-27T10:52:56.7972630Z ##[endgroup]
2022-12-27T10:52:56.8127280Z ##[group]Run if [ "true" == "true" ]
2022-12-27T10:52:56.8127520Z [36;1mif [ "true" == "true" ][0m
2022-12-27T10:52:56.8127820Z [36;1mthen[0m
2022-12-27T10:52:56.8128050Z [36;1m  echo "CCACHE_PATH_PREPEND=/usr/local/opt/ccache/libexec" >> $GITHUB_OUTPUT[0m
2022-12-27T10:52:56.8128240Z [36;1melse[0m
2022-12-27T10:52:56.8128440Z [36;1m  echo "CCACHE_PATH_PREPEND=" >> $GITHUB_OUTPUT[0m
2022-12-27T10:52:56.8128640Z [36;1mfi[0m
2022-12-27T10:52:56.8146150Z shell: /bin/bash -e {0}
2022-12-27T10:52:56.8146360Z env:
2022-12-27T10:52:56.8146590Z   pythonLocation: /Users/runner/hostedtoolcache/Python/3.7.15/x64
2022-12-27T10:52:56.8146970Z   PKG_CONFIG_PATH: /Users/runner/hostedtoolcache/Python/3.7.15/x64/lib/pkgconfig
2022-12-27T10:52:56.8147480Z   Python_ROOT_DIR: /Users/runner/hostedtoolcache/Python/3.7.15/x64
2022-12-27T10:52:56.8147790Z   Python2_ROOT_DIR: /Users/runner/hostedtoolcache/Python/3.7.15/x64
2022-12-27T10:52:56.8148110Z   Python3_ROOT_DIR: /Users/runner/hostedtoolcache/Python/3.7.15/x64
2022-12-27T10:52:56.8148310Z ##[endgroup]
2022-12-27T10:52:56.8270760Z ##[group]Run echo "BUILD_NAME=$(echo grpcio-tools_1.43.0_3.7 | tr -dc '[:alnum:]\n\r' | tr '[:upper:]' '[:lower:]')" >> $GITHUB_OUTPUT
2022-12-27T10:52:56.8271300Z [36;1mecho "BUILD_NAME=$(echo grpcio-tools_1.43.0_3.7 | tr -dc '[:alnum:]\n\r' | tr '[:upper:]' '[:lower:]')" >> $GITHUB_OUTPUT[0m
2022-12-27T10:52:56.8286690Z shell: /bin/bash -e {0}
2022-12-27T10:52:56.8286850Z env:
2022-12-27T10:52:56.8287080Z   pythonLocation: /Users/runner/hostedtoolcache/Python/3.7.15/x64
2022-12-27T10:52:56.8287490Z   PKG_CONFIG_PATH: /Users/runner/hostedtoolcache/Python/3.7.15/x64/lib/pkgconfig
2022-12-27T10:52:56.8287810Z   Python_ROOT_DIR: /Users/runner/hostedtoolcache/Python/3.7.15/x64
2022-12-27T10:52:56.8333060Z   Python2_ROOT_DIR: /Users/runner/hostedtoolcache/Python/3.7.15/x64
2022-12-27T10:52:56.8333360Z   Python3_ROOT_DIR: /Users/runner/hostedtoolcache/Python/3.7.15/x64
2022-12-27T10:52:56.8333520Z ##[endgroup]
2022-12-27T10:52:56.8463400Z ##[group]Run echo "PYTHON_NO_DOTS=$(echo 3.7 | tr -dc '[:alnum:]\n\r' | tr '[:upper:]' '[:lower:]')" >> $GITHUB_OUTPUT
2022-12-27T10:52:56.8463860Z [36;1mecho "PYTHON_NO_DOTS=$(echo 3.7 | tr -dc '[:alnum:]\n\r' | tr '[:upper:]' '[:lower:]')" >> $GITHUB_OUTPUT[0m
2022-12-27T10:52:56.8479230Z shell: /bin/bash -e {0}
2022-12-27T10:52:56.8479480Z env:
2022-12-27T10:52:56.8479710Z   pythonLocation: /Users/runner/hostedtoolcache/Python/3.7.15/x64
2022-12-27T10:52:56.8480480Z   PKG_CONFIG_PATH: /Users/runner/hostedtoolcache/Python/3.7.15/x64/lib/pkgconfig
2022-12-27T10:52:56.8480740Z   Python_ROOT_DIR: /Users/runner/hostedtoolcache/Python/3.7.15/x64
2022-12-27T10:52:56.8481020Z   Python2_ROOT_DIR: /Users/runner/hostedtoolcache/Python/3.7.15/x64
2022-12-27T10:52:56.8481310Z   Python3_ROOT_DIR: /Users/runner/hostedtoolcache/Python/3.7.15/x64
2022-12-27T10:52:56.8481520Z ##[endgroup]
2022-12-27T10:52:56.8614880Z ##[group]Run rm -rf build_grpciotools143037
2022-12-27T10:52:56.8615330Z [36;1mrm -rf build_grpciotools143037[0m
2022-12-27T10:52:56.8615560Z [36;1mmkdir build_grpciotools143037[0m
2022-12-27T10:52:56.8615740Z [36;1mcd build_grpciotools143037[0m
2022-12-27T10:52:56.8616070Z [36;1m/usr/local/bin/wget --quiet https://files.pythonhosted.org/packages/55/7a/b6d5a5d69d6ab0df70a7ceed16f0e9a6c0bdc09376c92fa5638d08803fa4/grpcio-tools-1.43.0.tar.gz[0m
2022-12-27T10:52:56.8616380Z [36;1mtar xf *.tar.gz[0m
2022-12-27T10:52:56.8616570Z [36;1mcd *[0m
2022-12-27T10:52:56.8616770Z [36;1mpython -m pip install cibuildwheel==2.11.3[0m
2022-12-27T10:52:56.8617030Z [36;1mpython -m cibuildwheel --output-dir ../wheelsout[0m
2022-12-27T10:52:56.8632010Z shell: /bin/bash -e {0}
2022-12-27T10:52:56.8632240Z env:
2022-12-27T10:52:56.8632500Z   pythonLocation: /Users/runner/hostedtoolcache/Python/3.7.15/x64
2022-12-27T10:52:56.8632850Z   PKG_CONFIG_PATH: /Users/runner/hostedtoolcache/Python/3.7.15/x64/lib/pkgconfig
2022-12-27T10:52:56.8633110Z   Python_ROOT_DIR: /Users/runner/hostedtoolcache/Python/3.7.15/x64
2022-12-27T10:52:56.8633410Z   Python2_ROOT_DIR: /Users/runner/hostedtoolcache/Python/3.7.15/x64
2022-12-27T10:52:56.8633660Z   Python3_ROOT_DIR: /Users/runner/hostedtoolcache/Python/3.7.15/x64
2022-12-27T10:52:56.8633840Z   CIBW_ARCHS_MACOS: arm64
2022-12-27T10:52:56.8634030Z   CIBW_TEST_SKIP: *_arm64
2022-12-27T10:52:56.8634270Z   CIBW_BUILD: cp37-macosx_arm64
2022-12-27T10:52:56.8634430Z   CIBW_BUILD_FRONTEND: pip
2022-12-27T10:52:56.8634620Z   CIBW_BUILD_VERBOSITY: 3
2022-12-27T10:52:56.8635030Z   CIBW_ENVIRONMENT_MACOS: GRPC_PYTHON_BUILD_WITH_CYTHON=1 GRPC_BUILD_WITH_BORING_SSL_ASM='' GRPC_PYTHON_BUILD_SYSTEM_OPENSSL=TRUE CFLAGS="-I/usr/local/opt/openssl@3/include" LDFLAGS="-L/usr/local/opt/openssl@3/lib" CPPFLAGS="-I/usr/local/opt/openssl@3/include" MAKEFLAGS="-j$(sysctl -n hw.logicalcpu)" PATH=/usr/local/opt/ccache/libexec:$PATH
2022-12-27T10:52:56.8635670Z   CIBW_BEFORE_BUILD: pip install Cython; if [[ -f requirements.txt ]]; then pip install -r requirements.txt; fi
2022-12-27T10:52:56.8635980Z   MAKEFLAGS: -j$(sysctl -n hw.logicalcpu)
2022-12-27T10:52:56.8636150Z ##[endgroup]
2022-12-27T10:52:57.3871660Z Requirement already satisfied: cibuildwheel==2.11.3 in /Users/runner/hostedtoolcache/Python/3.7.15/x64/lib/python3.7/site-packages (2.11.3)
2022-12-27T10:52:57.4183580Z Requirement already satisfied: packaging>=20.9 in /Users/runner/hostedtoolcache/Python/3.7.15/x64/lib/python3.7/site-packages (from cibuildwheel==2.11.3) (22.0)
2022-12-27T10:52:57.4187270Z Requirement already satisfied: certifi in /Users/runner/hostedtoolcache/Python/3.7.15/x64/lib/python3.7/site-packages (from cibuildwheel==2.11.3) (2022.12.7)
2022-12-27T10:52:57.4191110Z Requirement already satisfied: bracex in /Users/runner/hostedtoolcache/Python/3.7.15/x64/lib/python3.7/site-packages (from cibuildwheel==2.11.3) (2.3.post1)
2022-12-27T10:52:57.4194900Z Requirement already satisfied: platformdirs in /Users/runner/hostedtoolcache/Python/3.7.15/x64/lib/python3.7/site-packages (from cibuildwheel==2.11.3) (2.6.0)
2022-12-27T10:52:57.4198500Z Requirement already satisfied: filelock in /Users/runner/hostedtoolcache/Python/3.7.15/x64/lib/python3.7/site-packages (from cibuildwheel==2.11.3) (3.8.2)
2022-12-27T10:52:57.4209290Z Requirement already satisfied: typing-extensions>=4.1.0 in /Users/runner/hostedtoolcache/Python/3.7.15/x64/lib/python3.7/site-packages (from cibuildwheel==2.11.3) (4.4.0)
2022-12-27T10:52:57.4214810Z Requirement already satisfied: bashlex!=0.13 in /Users/runner/hostedtoolcache/Python/3.7.15/x64/lib/python3.7/site-packages (from cibuildwheel==2.11.3) (0.16)
2022-12-27T10:52:57.4220990Z Requirement already satisfied: tomli in /Users/runner/hostedtoolcache/Python/3.7.15/x64/lib/python3.7/site-packages (from cibuildwheel==2.11.3) (2.0.1)
2022-12-27T10:52:57.6053690Z 
2022-12-27T10:52:57.6054080Z      _ _       _ _   _       _           _
2022-12-27T10:52:57.6054510Z  ___|_| |_ _ _|_| |_| |_ _ _| |_ ___ ___| |
2022-12-27T10:52:57.6055970Z |  _| | . | | | | | . | | | |   | -_| -_| |
2022-12-27T10:52:57.6056370Z |___|_|___|___|_|_|___|_____|_|_|___|___|_|
2022-12-27T10:52:57.6056580Z 
2022-12-27T10:52:57.6056820Z cibuildwheel version 2.11.3
2022-12-27T10:52:57.6057010Z 
2022-12-27T10:52:57.6057150Z Build options:
2022-12-27T10:52:57.6057430Z   platform: macos
2022-12-27T10:52:57.6297710Z   architectures: arm64[0m
2022-12-27T10:52:57.6298220Z   build_selector: 
2022-12-27T10:52:57.6298730Z     build_config: cp37-macosx_arm64
2022-12-27T10:52:57.6299550Z     skip_config: 
2022-12-27T10:52:57.6300060Z     requires_python: >=3.6
2022-12-27T10:52:57.6300460Z     prerelease_pythons: False[0m
2022-12-27T10:52:57.6300810Z   [38;5;244mcontainer_engine: docker[0m
2022-12-27T10:52:57.6301360Z   output_dir: /Users/runner/actions-runner/_work/python.build/python.build/build_grpciotools143037/wheelsout[0m
2022-12-27T10:52:57.6302050Z   package_dir: /Users/runner/actions-runner/_work/python.build/python.build/build_grpciotools143037/grpcio-tools-1.43.0[0m
2022-12-27T10:52:57.6302510Z   test_selector: 
2022-12-27T10:52:57.6302860Z     skip_config: *_arm64[0m
2022-12-27T10:52:57.6303210Z   [38;5;244mbefore_all: [0m
2022-12-27T10:52:57.6303720Z   before_build: pip install Cython; if [[ -f requirements.txt ]]; then pip install -r requirements.txt; fi[0m
2022-12-27T10:52:57.6304110Z   [38;5;244mbefore_test: [0m
2022-12-27T10:52:57.6304530Z   [38;5;244mbuild_frontend: pip[0m
2022-12-27T10:52:57.6304870Z   build_verbosity: 3[0m
2022-12-27T10:52:57.6305250Z   [38;5;244mconfig_settings: [0m
2022-12-27T10:52:57.6305730Z   [38;5;244mdependency_constraints: pinned[0m
2022-12-27T10:52:57.6306030Z   environment: 
2022-12-27T10:52:57.6306240Z     GRPC_PYTHON_BUILD_WITH_CYTHON=1
2022-12-27T10:52:57.6306520Z     GRPC_BUILD_WITH_BORING_SSL_ASM=''
2022-12-27T10:52:57.6307160Z     GRPC_PYTHON_BUILD_SYSTEM_OPENSSL=TRUE
2022-12-27T10:52:57.6307480Z     CFLAGS="-I/usr/local/opt/openssl@3/include"
2022-12-27T10:52:57.6307870Z     LDFLAGS="-L/usr/local/opt/openssl@3/lib"
2022-12-27T10:52:57.6308200Z     CPPFLAGS="-I/usr/local/opt/openssl@3/include"
2022-12-27T10:52:57.6308530Z     MAKEFLAGS="-j$(sysctl -n hw.logicalcpu)"
2022-12-27T10:52:57.6308820Z     PATH=/usr/local/opt/ccache/libexec:$PATH[0m
2022-12-27T10:52:57.6309130Z   [38;5;244mmanylinux_images: None[0m
2022-12-27T10:52:57.6309470Z   [38;5;244mmusllinux_images: None[0m
2022-12-27T10:52:57.6309860Z   [38;5;244mrepair_command: delocate-wheel --require-archs {delocate_archs} -w {dest_dir} -v {wheel}[0m
2022-12-27T10:52:57.6310210Z   [38;5;244mtest_command: [0m
2022-12-27T10:52:57.6310480Z   [38;5;244mtest_extras: [0m
2022-12-27T10:52:57.6310710Z   [38;5;244mtest_requires: [0m
2022-12-27T10:52:57.6310910Z 
2022-12-27T10:52:57.6311050Z Cache folder: /Users/runner/Library/Caches/cibuildwheel
2022-12-27T10:52:57.6311230Z 
2022-12-27T10:52:57.6311310Z Here we go!
2022-12-27T10:52:57.6311430Z 
2022-12-27T10:52:57.6311940Z cibuildwheel: No build identifiers selected: BuildSelector(build_config='cp37-macosx_arm64', skip_config='', requires_python=<SpecifierSet('>=3.6')>, prerelease_pythons=False)
2022-12-27T10:52:57.6470610Z ##[error]Process completed with exit code 3.
2022-12-27T10:52:57.6510440Z ##[group]Run rm -rf build_grpciotools143037 wheelsout
2022-12-27T10:52:57.6510740Z [36;1mrm -rf build_grpciotools143037 wheelsout[0m
2022-12-27T10:52:57.6526930Z shell: /bin/bash -e {0}
2022-12-27T10:52:57.6527110Z env:
2022-12-27T10:52:57.6527300Z   pythonLocation: /Users/runner/hostedtoolcache/Python/3.7.15/x64
2022-12-27T10:52:57.6527650Z   PKG_CONFIG_PATH: /Users/runner/hostedtoolcache/Python/3.7.15/x64/lib/pkgconfig
2022-12-27T10:52:57.6527910Z   Python_ROOT_DIR: /Users/runner/hostedtoolcache/Python/3.7.15/x64
2022-12-27T10:52:57.6528160Z   Python2_ROOT_DIR: /Users/runner/hostedtoolcache/Python/3.7.15/x64
2022-12-27T10:52:57.6528380Z   Python3_ROOT_DIR: /Users/runner/hostedtoolcache/Python/3.7.15/x64
2022-12-27T10:52:57.6528640Z ##[endgroup]
2022-12-27T10:52:57.7189130Z Cleaning up orphan processes
