2022-12-27T07:22:24.9047585Z Requested labels: self-hosted, macOS, X64
2022-12-27T07:22:24.9047798Z Job defined at: kilnbuild/python.build/.github/workflows/mac_arm_build.yml@refs/heads/main
2022-12-27T07:22:24.9047869Z Waiting for a runner to pick up this job...
2022-12-27T08:18:52.2838672Z Job is about to start running on the runner: kr2 (organization)
2022-12-27T08:18:58.9381640Z Current runner version: '2.300.2'
2022-12-27T08:18:58.9389780Z Runner name: 'kr2'
2022-12-27T08:18:58.9390200Z Runner group name: 'Default'
2022-12-27T08:18:58.9391210Z Machine name: 'kr2'
2022-12-27T08:18:58.9393960Z ##[group]GITHUB_TOKEN Permissions
2022-12-27T08:18:58.9394710Z Actions: write
2022-12-27T08:18:58.9394970Z Checks: write
2022-12-27T08:18:58.9395260Z Contents: write
2022-12-27T08:18:58.9395530Z Deployments: write
2022-12-27T08:18:58.9395810Z Discussions: write
2022-12-27T08:18:58.9396090Z Issues: write
2022-12-27T08:18:58.9396350Z Metadata: read
2022-12-27T08:18:58.9396610Z Packages: write
2022-12-27T08:18:58.9396890Z Pages: write
2022-12-27T08:18:58.9397160Z PullRequests: write
2022-12-27T08:18:58.9397480Z RepositoryProjects: write
2022-12-27T08:18:58.9397810Z SecurityEvents: write
2022-12-27T08:18:58.9398100Z Statuses: write
2022-12-27T08:18:58.9398350Z ##[endgroup]
2022-12-27T08:18:58.9402380Z Secret source: Actions
2022-12-27T08:18:58.9402940Z Prepare workflow directory
2022-12-27T08:18:59.0603760Z Prepare all required actions
2022-12-27T08:18:59.0806730Z Getting action download info
2022-12-27T08:18:59.6147370Z Download action repository 'actions/setup-python@v4' (SHA:5ccb29d8773c3f3f653e1705f474dfaa8a06a912)
2022-12-27T08:19:02.4457040Z Download action repository 'actions/upload-artifact@v3' (SHA:83fd05a356d7e2593de66fc9913b3002723633cb)
2022-12-27T08:19:03.9355030Z ##[group]Run echo '{
2022-12-27T08:19:03.9355590Z [36;1mecho '{[0m
2022-12-27T08:19:03.9355940Z [36;1m  "environment_variables": "GRPC_PYTHON_BUILD_WITH_CYTHON=1 GRPC_BUILD_WITH_BORING_SSL_ASM='' GRPC_PYTHON_BUILD_SYSTEM_OPENSSL=TRUE",[0m
2022-12-27T08:19:03.9356320Z [36;1m  "package_name": "grpcio-tools",[0m
2022-12-27T08:19:03.9356750Z [36;1m  "package_url": "https://files.pythonhosted.org/packages/8e/12/6f2954df1001feee7417647adbf6760f95669ec5538bd5ba5bdf183f9e12/grpcio-tools-1.6.3.tar.gz",[0m
2022-12-27T08:19:03.9357290Z [36;1m  "package_version": "1.6.3",[0m
2022-12-27T08:19:03.9357600Z [36;1m  "python_version": "3.7",[0m
2022-12-27T08:19:03.9357840Z [36;1m  "use_ccache": "true"[0m
2022-12-27T08:19:03.9358160Z [36;1m}'[0m
2022-12-27T08:19:03.9387520Z shell: /bin/bash -e {0}
2022-12-27T08:19:03.9387830Z ##[endgroup]
2022-12-27T08:19:03.9787160Z {
2022-12-27T08:19:03.9790420Z   "environment_variables": "GRPC_PYTHON_BUILD_WITH_CYTHON=1 GRPC_BUILD_WITH_BORING_SSL_ASM= GRPC_PYTHON_BUILD_SYSTEM_OPENSSL=TRUE",
2022-12-27T08:19:03.9791530Z   "package_name": "grpcio-tools",
2022-12-27T08:19:03.9792370Z   "package_url": "https://files.pythonhosted.org/packages/8e/12/6f2954df1001feee7417647adbf6760f95669ec5538bd5ba5bdf183f9e12/grpcio-tools-1.6.3.tar.gz",
2022-12-27T08:19:03.9793010Z   "package_version": "1.6.3",
2022-12-27T08:19:03.9793390Z   "python_version": "3.7",
2022-12-27T08:19:03.9793680Z   "use_ccache": "true"
2022-12-27T08:19:03.9794010Z }
2022-12-27T08:19:04.0154290Z ##[group]Run actions/setup-python@v4
2022-12-27T08:19:04.0154780Z with:
2022-12-27T08:19:04.0155120Z   python-version: 3.7
2022-12-27T08:19:04.0155520Z   check-latest: false
2022-12-27T08:19:04.0156080Z   token: ***
2022-12-27T08:19:04.0156350Z   update-environment: true
2022-12-27T08:19:04.0156760Z ##[endgroup]
2022-12-27T08:19:04.2399610Z ##[group]Installed versions
2022-12-27T08:19:04.2497560Z Successfully set up CPython (3.7.15)
2022-12-27T08:19:04.2499260Z ##[endgroup]
2022-12-27T08:19:04.2719810Z ##[group]Run if [ "true" == "true" ]
2022-12-27T08:19:04.2720250Z [36;1mif [ "true" == "true" ][0m
2022-12-27T08:19:04.2720590Z [36;1mthen[0m
2022-12-27T08:19:04.2720910Z [36;1m  echo "CCACHE_PATH_PREPEND=/usr/local/opt/ccache/libexec" >> $GITHUB_OUTPUT[0m
2022-12-27T08:19:04.2721290Z [36;1melse[0m
2022-12-27T08:19:04.2721750Z [36;1m  echo "CCACHE_PATH_PREPEND=" >> $GITHUB_OUTPUT[0m
2022-12-27T08:19:04.2722040Z [36;1mfi[0m
2022-12-27T08:19:04.2750590Z shell: /bin/bash -e {0}
2022-12-27T08:19:04.2751030Z env:
2022-12-27T08:19:04.2751420Z   pythonLocation: /Users/runner/hostedtoolcache/Python/3.7.15/x64
2022-12-27T08:19:04.2751900Z   PKG_CONFIG_PATH: /Users/runner/hostedtoolcache/Python/3.7.15/x64/lib/pkgconfig
2022-12-27T08:19:04.2752910Z   Python_ROOT_DIR: /Users/runner/hostedtoolcache/Python/3.7.15/x64
2022-12-27T08:19:04.2753350Z   Python2_ROOT_DIR: /Users/runner/hostedtoolcache/Python/3.7.15/x64
2022-12-27T08:19:04.2753940Z   Python3_ROOT_DIR: /Users/runner/hostedtoolcache/Python/3.7.15/x64
2022-12-27T08:19:04.2754320Z ##[endgroup]
2022-12-27T08:19:04.3068990Z ##[group]Run echo "BUILD_NAME=$(echo grpcio-tools_1.6.3_3.7 | tr -dc '[:alnum:]\n\r' | tr '[:upper:]' '[:lower:]')" >> $GITHUB_OUTPUT
2022-12-27T08:19:04.3069710Z [36;1mecho "BUILD_NAME=$(echo grpcio-tools_1.6.3_3.7 | tr -dc '[:alnum:]\n\r' | tr '[:upper:]' '[:lower:]')" >> $GITHUB_OUTPUT[0m
2022-12-27T08:19:04.3100160Z shell: /bin/bash -e {0}
2022-12-27T08:19:04.3100360Z env:
2022-12-27T08:19:04.3100620Z   pythonLocation: /Users/runner/hostedtoolcache/Python/3.7.15/x64
2022-12-27T08:19:04.3100970Z   PKG_CONFIG_PATH: /Users/runner/hostedtoolcache/Python/3.7.15/x64/lib/pkgconfig
2022-12-27T08:19:04.3101490Z   Python_ROOT_DIR: /Users/runner/hostedtoolcache/Python/3.7.15/x64
2022-12-27T08:19:04.3101890Z   Python2_ROOT_DIR: /Users/runner/hostedtoolcache/Python/3.7.15/x64
2022-12-27T08:19:04.3102340Z   Python3_ROOT_DIR: /Users/runner/hostedtoolcache/Python/3.7.15/x64
2022-12-27T08:19:04.3102730Z ##[endgroup]
2022-12-27T08:19:04.3355740Z ##[group]Run echo "PYTHON_NO_DOTS=$(echo 3.7 | tr -dc '[:alnum:]\n\r' | tr '[:upper:]' '[:lower:]')" >> $GITHUB_OUTPUT
2022-12-27T08:19:04.3356440Z [36;1mecho "PYTHON_NO_DOTS=$(echo 3.7 | tr -dc '[:alnum:]\n\r' | tr '[:upper:]' '[:lower:]')" >> $GITHUB_OUTPUT[0m
2022-12-27T08:19:04.3382600Z shell: /bin/bash -e {0}
2022-12-27T08:19:04.3382990Z env:
2022-12-27T08:19:04.3383350Z   pythonLocation: /Users/runner/hostedtoolcache/Python/3.7.15/x64
2022-12-27T08:19:04.3383730Z   PKG_CONFIG_PATH: /Users/runner/hostedtoolcache/Python/3.7.15/x64/lib/pkgconfig
2022-12-27T08:19:04.3384170Z   Python_ROOT_DIR: /Users/runner/hostedtoolcache/Python/3.7.15/x64
2022-12-27T08:19:04.3384750Z   Python2_ROOT_DIR: /Users/runner/hostedtoolcache/Python/3.7.15/x64
2022-12-27T08:19:04.3385180Z   Python3_ROOT_DIR: /Users/runner/hostedtoolcache/Python/3.7.15/x64
2022-12-27T08:19:04.3385480Z ##[endgroup]
2022-12-27T08:19:04.3647520Z ##[group]Run rm -rf build_grpciotools16337
2022-12-27T08:19:04.3648260Z [36;1mrm -rf build_grpciotools16337[0m
2022-12-27T08:19:04.3648640Z [36;1mmkdir build_grpciotools16337[0m
2022-12-27T08:19:04.3649010Z [36;1mcd build_grpciotools16337[0m
2022-12-27T08:19:04.3649490Z [36;1m/usr/local/bin/wget --quiet https://files.pythonhosted.org/packages/8e/12/6f2954df1001feee7417647adbf6760f95669ec5538bd5ba5bdf183f9e12/grpcio-tools-1.6.3.tar.gz[0m
2022-12-27T08:19:04.3649990Z [36;1mtar xf *.tar.gz[0m
2022-12-27T08:19:04.3650390Z [36;1mcd *[0m
2022-12-27T08:19:04.3650690Z [36;1mpython -m pip install cibuildwheel==2.11.3[0m
2022-12-27T08:19:04.3651110Z [36;1mpython -m cibuildwheel --output-dir ../wheelsout[0m
2022-12-27T08:19:04.3679370Z shell: /bin/bash -e {0}
2022-12-27T08:19:04.3679970Z env:
2022-12-27T08:19:04.3680310Z   pythonLocation: /Users/runner/hostedtoolcache/Python/3.7.15/x64
2022-12-27T08:19:04.3680860Z   PKG_CONFIG_PATH: /Users/runner/hostedtoolcache/Python/3.7.15/x64/lib/pkgconfig
2022-12-27T08:19:04.3681430Z   Python_ROOT_DIR: /Users/runner/hostedtoolcache/Python/3.7.15/x64
2022-12-27T08:19:04.3681800Z   Python2_ROOT_DIR: /Users/runner/hostedtoolcache/Python/3.7.15/x64
2022-12-27T08:19:04.3682230Z   Python3_ROOT_DIR: /Users/runner/hostedtoolcache/Python/3.7.15/x64
2022-12-27T08:19:04.3682620Z   CIBW_ARCHS_MACOS: arm64
2022-12-27T08:19:04.3682890Z   CIBW_TEST_SKIP: *_arm64
2022-12-27T08:19:04.3683300Z   CIBW_BUILD: cp37-macosx_arm64
2022-12-27T08:19:04.3683650Z   CIBW_BUILD_FRONTEND: pip
2022-12-27T08:19:04.3683920Z   CIBW_BUILD_VERBOSITY: 3
2022-12-27T08:19:04.3684580Z   CIBW_ENVIRONMENT_MACOS: GRPC_PYTHON_BUILD_WITH_CYTHON=1 GRPC_BUILD_WITH_BORING_SSL_ASM='' GRPC_PYTHON_BUILD_SYSTEM_OPENSSL=TRUE CFLAGS="-I/usr/local/opt/openssl@3/include" LDFLAGS="-L/usr/local/opt/openssl@3/lib" CPPFLAGS="-I/usr/local/opt/openssl@3/include" MAKEFLAGS="-j$(sysctl -n hw.logicalcpu)" PATH=/usr/local/opt/ccache/libexec:$PATH
2022-12-27T08:19:04.3685750Z   CIBW_BEFORE_BUILD: pip install Cython; if [[ -f requirements.txt ]]; then pip install -r requirements.txt; fi
2022-12-27T08:19:04.3687180Z   MAKEFLAGS: -j$(sysctl -n hw.logicalcpu)
2022-12-27T08:19:04.3687520Z ##[endgroup]
2022-12-27T08:19:05.2494940Z Requirement already satisfied: cibuildwheel==2.11.3 in /Users/runner/hostedtoolcache/Python/3.7.15/x64/lib/python3.7/site-packages (2.11.3)
2022-12-27T08:19:05.2997100Z Requirement already satisfied: platformdirs in /Users/runner/hostedtoolcache/Python/3.7.15/x64/lib/python3.7/site-packages (from cibuildwheel==2.11.3) (2.6.0)
2022-12-27T08:19:05.3004630Z Requirement already satisfied: packaging>=20.9 in /Users/runner/hostedtoolcache/Python/3.7.15/x64/lib/python3.7/site-packages (from cibuildwheel==2.11.3) (22.0)
2022-12-27T08:19:05.3011430Z Requirement already satisfied: bracex in /Users/runner/hostedtoolcache/Python/3.7.15/x64/lib/python3.7/site-packages (from cibuildwheel==2.11.3) (2.3.post1)
2022-12-27T08:19:05.3019980Z Requirement already satisfied: bashlex!=0.13 in /Users/runner/hostedtoolcache/Python/3.7.15/x64/lib/python3.7/site-packages (from cibuildwheel==2.11.3) (0.16)
2022-12-27T08:19:05.3025860Z Requirement already satisfied: certifi in /Users/runner/hostedtoolcache/Python/3.7.15/x64/lib/python3.7/site-packages (from cibuildwheel==2.11.3) (2022.12.7)
2022-12-27T08:19:05.3038590Z Requirement already satisfied: tomli in /Users/runner/hostedtoolcache/Python/3.7.15/x64/lib/python3.7/site-packages (from cibuildwheel==2.11.3) (2.0.1)
2022-12-27T08:19:05.3044490Z Requirement already satisfied: filelock in /Users/runner/hostedtoolcache/Python/3.7.15/x64/lib/python3.7/site-packages (from cibuildwheel==2.11.3) (3.8.2)
2022-12-27T08:19:05.3059750Z Requirement already satisfied: typing-extensions>=4.1.0 in /Users/runner/hostedtoolcache/Python/3.7.15/x64/lib/python3.7/site-packages (from cibuildwheel==2.11.3) (4.4.0)
2022-12-27T08:19:05.6410280Z 
2022-12-27T08:19:05.6411120Z      _ _       _ _   _       _           _
2022-12-27T08:19:05.6412010Z  ___|_| |_ _ _|_| |_| |_ _ _| |_ ___ ___| |
2022-12-27T08:19:05.6416720Z |  _| | . | | | | | . | | | |   | -_| -_| |
2022-12-27T08:19:05.6417830Z |___|_|___|___|_|_|___|_____|_|_|___|___|_|
2022-12-27T08:19:05.6418080Z 
2022-12-27T08:19:05.6418190Z cibuildwheel version 2.11.3
2022-12-27T08:19:05.6418390Z 
2022-12-27T08:19:05.6418570Z Build options:
2022-12-27T08:19:05.6418910Z   platform: macos
2022-12-27T08:19:05.6726150Z   architectures: arm64[0m
2022-12-27T08:19:05.6727110Z   build_selector: 
2022-12-27T08:19:05.6730090Z     build_config: cp37-macosx_arm64
2022-12-27T08:19:05.6732140Z     skip_config: 
2022-12-27T08:19:05.6734760Z     requires_python: None
2022-12-27T08:19:05.6735770Z     prerelease_pythons: False[0m
2022-12-27T08:19:05.6736870Z cibuildwheel: No build identifiers selected: BuildSelector(build_config='cp37-macosx_arm64', skip_config='', requires_python=None, prerelease_pythons=False)
2022-12-27T08:19:05.6737690Z   [38;5;244mcontainer_engine: docker[0m
2022-12-27T08:19:05.6738300Z   output_dir: /Users/runner/actions-runner/_work/python.build/python.build/build_grpciotools16337/wheelsout[0m
2022-12-27T08:19:05.6739530Z   package_dir: /Users/runner/actions-runner/_work/python.build/python.build/build_grpciotools16337/grpcio-tools-1.6.3[0m
2022-12-27T08:19:05.6740140Z   test_selector: 
2022-12-27T08:19:05.6740490Z     skip_config: *_arm64[0m
2022-12-27T08:19:05.6740930Z   [38;5;244mbefore_all: [0m
2022-12-27T08:19:05.6741880Z   before_build: pip install Cython; if [[ -f requirements.txt ]]; then pip install -r requirements.txt; fi[0m
2022-12-27T08:19:05.6742410Z   [38;5;244mbefore_test: [0m
2022-12-27T08:19:05.6742770Z   [38;5;244mbuild_frontend: pip[0m
2022-12-27T08:19:05.6743200Z   build_verbosity: 3[0m
2022-12-27T08:19:05.6743630Z   [38;5;244mconfig_settings: [0m
2022-12-27T08:19:05.6744150Z   [38;5;244mdependency_constraints: pinned[0m
2022-12-27T08:19:05.6745400Z   environment: 
2022-12-27T08:19:05.6745760Z     GRPC_PYTHON_BUILD_WITH_CYTHON=1
2022-12-27T08:19:05.6746140Z     GRPC_BUILD_WITH_BORING_SSL_ASM=''
2022-12-27T08:19:05.6746530Z     GRPC_PYTHON_BUILD_SYSTEM_OPENSSL=TRUE
2022-12-27T08:19:05.6747110Z     CFLAGS="-I/usr/local/opt/openssl@3/include"
2022-12-27T08:19:05.6747510Z     LDFLAGS="-L/usr/local/opt/openssl@3/lib"
2022-12-27T08:19:05.6747990Z     CPPFLAGS="-I/usr/local/opt/openssl@3/include"
2022-12-27T08:19:05.6748460Z     MAKEFLAGS="-j$(sysctl -n hw.logicalcpu)"
2022-12-27T08:19:05.6748880Z     PATH=/usr/local/opt/ccache/libexec:$PATH[0m
2022-12-27T08:19:05.6749430Z   [38;5;244mmanylinux_images: None[0m
2022-12-27T08:19:05.6749870Z   [38;5;244mmusllinux_images: None[0m
2022-12-27T08:19:05.6750440Z   [38;5;244mrepair_command: delocate-wheel --require-archs {delocate_archs} -w {dest_dir} -v {wheel}[0m
2022-12-27T08:19:05.6750880Z   [38;5;244mtest_command: [0m
2022-12-27T08:19:05.6751380Z   [38;5;244mtest_extras: [0m
2022-12-27T08:19:05.6751800Z   [38;5;244mtest_requires: [0m
2022-12-27T08:19:05.6752010Z 
2022-12-27T08:19:05.6752150Z Cache folder: /Users/runner/Library/Caches/cibuildwheel
2022-12-27T08:19:05.6752490Z 
2022-12-27T08:19:05.6752630Z Here we go!
2022-12-27T08:19:05.6752810Z 
2022-12-27T08:19:05.7029950Z ##[error]Process completed with exit code 3.
2022-12-27T08:19:05.7093550Z ##[group]Run rm -rf build_grpciotools16337 wheelsout
2022-12-27T08:19:05.7093920Z [36;1mrm -rf build_grpciotools16337 wheelsout[0m
2022-12-27T08:19:05.7121560Z shell: /bin/bash -e {0}
2022-12-27T08:19:05.7121860Z env:
2022-12-27T08:19:05.7122150Z   pythonLocation: /Users/runner/hostedtoolcache/Python/3.7.15/x64
2022-12-27T08:19:05.7122700Z   PKG_CONFIG_PATH: /Users/runner/hostedtoolcache/Python/3.7.15/x64/lib/pkgconfig
2022-12-27T08:19:05.7123140Z   Python_ROOT_DIR: /Users/runner/hostedtoolcache/Python/3.7.15/x64
2022-12-27T08:19:05.7123560Z   Python2_ROOT_DIR: /Users/runner/hostedtoolcache/Python/3.7.15/x64
2022-12-27T08:19:05.7123930Z   Python3_ROOT_DIR: /Users/runner/hostedtoolcache/Python/3.7.15/x64
2022-12-27T08:19:05.7124280Z ##[endgroup]
2022-12-27T08:19:05.8189840Z Cleaning up orphan processes
