2022-12-27T07:27:36.1074453Z Requested labels: self-hosted, macOS, X64
2022-12-27T07:27:36.1074528Z Job defined at: kilnbuild/python.build/.github/workflows/mac_arm_build.yml@refs/heads/main
2022-12-27T07:27:36.1074553Z Waiting for a runner to pick up this job...
2022-12-27T10:43:33.6802281Z Job is about to start running on the runner: k2 (organization)
2022-12-27T10:43:36.3021200Z Current runner version: '2.300.2'
2022-12-27T10:43:36.3026770Z Runner name: 'k2'
2022-12-27T10:43:36.3027040Z Runner group name: 'Default'
2022-12-27T10:43:36.3027580Z Machine name: 'k2'
2022-12-27T10:43:36.3029200Z ##[group]GITHUB_TOKEN Permissions
2022-12-27T10:43:36.3029650Z Actions: write
2022-12-27T10:43:36.3029810Z Checks: write
2022-12-27T10:43:36.3029950Z Contents: write
2022-12-27T10:43:36.3030100Z Deployments: write
2022-12-27T10:43:36.3030260Z Discussions: write
2022-12-27T10:43:36.3030410Z Issues: write
2022-12-27T10:43:36.3030540Z Metadata: read
2022-12-27T10:43:36.3030750Z Packages: write
2022-12-27T10:43:36.3030900Z Pages: write
2022-12-27T10:43:36.3031050Z PullRequests: write
2022-12-27T10:43:36.3031230Z RepositoryProjects: write
2022-12-27T10:43:36.3031410Z SecurityEvents: write
2022-12-27T10:43:36.3031560Z Statuses: write
2022-12-27T10:43:36.3031700Z ##[endgroup]
2022-12-27T10:43:36.3034480Z Secret source: Actions
2022-12-27T10:43:36.3034840Z Prepare workflow directory
2022-12-27T10:43:36.3750100Z Prepare all required actions
2022-12-27T10:43:36.3878430Z Getting action download info
2022-12-27T10:43:36.9090110Z Download action repository 'actions/setup-python@v4' (SHA:5ccb29d8773c3f3f653e1705f474dfaa8a06a912)
2022-12-27T10:43:38.6640300Z Download action repository 'actions/upload-artifact@v3' (SHA:83fd05a356d7e2593de66fc9913b3002723633cb)
2022-12-27T10:43:39.9837940Z ##[group]Run echo '{
2022-12-27T10:43:39.9838230Z [36;1mecho '{[0m
2022-12-27T10:43:39.9838430Z [36;1m  "environment_variables": "GRPC_PYTHON_BUILD_WITH_CYTHON=1 GRPC_BUILD_WITH_BORING_SSL_ASM='' GRPC_PYTHON_BUILD_SYSTEM_OPENSSL=TRUE",[0m
2022-12-27T10:43:39.9838740Z [36;1m  "package_name": "grpcio-tools",[0m
2022-12-27T10:43:39.9839050Z [36;1m  "package_url": "https://files.pythonhosted.org/packages/78/f6/3817a1682319aea1d5fede62796ff75d529bbd0f01ab5fd164df3d01fe1b/grpcio-tools-1.33.2.tar.gz",[0m
2022-12-27T10:43:39.9839320Z [36;1m  "package_version": "1.33.2",[0m
2022-12-27T10:43:39.9839450Z [36;1m  "python_version": "3.7",[0m
2022-12-27T10:43:39.9839630Z [36;1m  "use_ccache": "true"[0m
2022-12-27T10:43:39.9839790Z [36;1m}'[0m
2022-12-27T10:43:39.9855470Z shell: /bin/bash -e {0}
2022-12-27T10:43:39.9855690Z ##[endgroup]
2022-12-27T10:43:40.0073610Z {
2022-12-27T10:43:40.0075080Z   "environment_variables": "GRPC_PYTHON_BUILD_WITH_CYTHON=1 GRPC_BUILD_WITH_BORING_SSL_ASM= GRPC_PYTHON_BUILD_SYSTEM_OPENSSL=TRUE",
2022-12-27T10:43:40.0075630Z   "package_name": "grpcio-tools",
2022-12-27T10:43:40.0076040Z   "package_url": "https://files.pythonhosted.org/packages/78/f6/3817a1682319aea1d5fede62796ff75d529bbd0f01ab5fd164df3d01fe1b/grpcio-tools-1.33.2.tar.gz",
2022-12-27T10:43:40.0076330Z   "package_version": "1.33.2",
2022-12-27T10:43:40.0076480Z   "python_version": "3.7",
2022-12-27T10:43:40.0076730Z   "use_ccache": "true"
2022-12-27T10:43:40.0076890Z }
2022-12-27T10:43:40.0285030Z ##[group]Run actions/setup-python@v4
2022-12-27T10:43:40.0285280Z with:
2022-12-27T10:43:40.0285430Z   python-version: 3.7
2022-12-27T10:43:40.0285700Z   check-latest: false
2022-12-27T10:43:40.0285990Z   token: ***
2022-12-27T10:43:40.0286160Z   update-environment: true
2022-12-27T10:43:40.0286320Z ##[endgroup]
2022-12-27T10:43:40.1521490Z ##[group]Installed versions
2022-12-27T10:43:40.1616030Z Successfully set up CPython (3.7.15)
2022-12-27T10:43:40.1616660Z ##[endgroup]
2022-12-27T10:43:40.1759070Z ##[group]Run if [ "true" == "true" ]
2022-12-27T10:43:40.1759340Z [36;1mif [ "true" == "true" ][0m
2022-12-27T10:43:40.1759540Z [36;1mthen[0m
2022-12-27T10:43:40.1759730Z [36;1m  echo "CCACHE_PATH_PREPEND=/usr/local/opt/ccache/libexec" >> $GITHUB_OUTPUT[0m
2022-12-27T10:43:40.1759940Z [36;1melse[0m
2022-12-27T10:43:40.1760220Z [36;1m  echo "CCACHE_PATH_PREPEND=" >> $GITHUB_OUTPUT[0m
2022-12-27T10:43:40.1760420Z [36;1mfi[0m
2022-12-27T10:43:40.1777550Z shell: /bin/bash -e {0}
2022-12-27T10:43:40.1777870Z env:
2022-12-27T10:43:40.1778120Z   pythonLocation: /Users/runner/hostedtoolcache/Python/3.7.15/x64
2022-12-27T10:43:40.1778390Z   PKG_CONFIG_PATH: /Users/runner/hostedtoolcache/Python/3.7.15/x64/lib/pkgconfig
2022-12-27T10:43:40.1779090Z   Python_ROOT_DIR: /Users/runner/hostedtoolcache/Python/3.7.15/x64
2022-12-27T10:43:40.1779360Z   Python2_ROOT_DIR: /Users/runner/hostedtoolcache/Python/3.7.15/x64
2022-12-27T10:43:40.1779750Z   Python3_ROOT_DIR: /Users/runner/hostedtoolcache/Python/3.7.15/x64
2022-12-27T10:43:40.1780020Z ##[endgroup]
2022-12-27T10:43:40.1891420Z ##[group]Run echo "BUILD_NAME=$(echo grpcio-tools_1.33.2_3.7 | tr -dc '[:alnum:]\n\r' | tr '[:upper:]' '[:lower:]')" >> $GITHUB_OUTPUT
2022-12-27T10:43:40.1891840Z [36;1mecho "BUILD_NAME=$(echo grpcio-tools_1.33.2_3.7 | tr -dc '[:alnum:]\n\r' | tr '[:upper:]' '[:lower:]')" >> $GITHUB_OUTPUT[0m
2022-12-27T10:43:40.1905900Z shell: /bin/bash -e {0}
2022-12-27T10:43:40.1906080Z env:
2022-12-27T10:43:40.1906270Z   pythonLocation: /Users/runner/hostedtoolcache/Python/3.7.15/x64
2022-12-27T10:43:40.1906540Z   PKG_CONFIG_PATH: /Users/runner/hostedtoolcache/Python/3.7.15/x64/lib/pkgconfig
2022-12-27T10:43:40.1906850Z   Python_ROOT_DIR: /Users/runner/hostedtoolcache/Python/3.7.15/x64
2022-12-27T10:43:40.1907120Z   Python2_ROOT_DIR: /Users/runner/hostedtoolcache/Python/3.7.15/x64
2022-12-27T10:43:40.1907360Z   Python3_ROOT_DIR: /Users/runner/hostedtoolcache/Python/3.7.15/x64
2022-12-27T10:43:40.1907560Z ##[endgroup]
2022-12-27T10:43:40.2059870Z ##[group]Run echo "PYTHON_NO_DOTS=$(echo 3.7 | tr -dc '[:alnum:]\n\r' | tr '[:upper:]' '[:lower:]')" >> $GITHUB_OUTPUT
2022-12-27T10:43:40.2060320Z [36;1mecho "PYTHON_NO_DOTS=$(echo 3.7 | tr -dc '[:alnum:]\n\r' | tr '[:upper:]' '[:lower:]')" >> $GITHUB_OUTPUT[0m
2022-12-27T10:43:40.2074370Z shell: /bin/bash -e {0}
2022-12-27T10:43:40.2074570Z env:
2022-12-27T10:43:40.2074780Z   pythonLocation: /Users/runner/hostedtoolcache/Python/3.7.15/x64
2022-12-27T10:43:40.2075040Z   PKG_CONFIG_PATH: /Users/runner/hostedtoolcache/Python/3.7.15/x64/lib/pkgconfig
2022-12-27T10:43:40.2075270Z   Python_ROOT_DIR: /Users/runner/hostedtoolcache/Python/3.7.15/x64
2022-12-27T10:43:40.2075560Z   Python2_ROOT_DIR: /Users/runner/hostedtoolcache/Python/3.7.15/x64
2022-12-27T10:43:40.2075830Z   Python3_ROOT_DIR: /Users/runner/hostedtoolcache/Python/3.7.15/x64
2022-12-27T10:43:40.2076000Z ##[endgroup]
2022-12-27T10:43:40.2189520Z ##[group]Run rm -rf build_grpciotools133237
2022-12-27T10:43:40.2189870Z [36;1mrm -rf build_grpciotools133237[0m
2022-12-27T10:43:40.2190090Z [36;1mmkdir build_grpciotools133237[0m
2022-12-27T10:43:40.2190290Z [36;1mcd build_grpciotools133237[0m
2022-12-27T10:43:40.2190630Z [36;1m/usr/local/bin/wget --quiet https://files.pythonhosted.org/packages/78/f6/3817a1682319aea1d5fede62796ff75d529bbd0f01ab5fd164df3d01fe1b/grpcio-tools-1.33.2.tar.gz[0m
2022-12-27T10:43:40.2190910Z [36;1mtar xf *.tar.gz[0m
2022-12-27T10:43:40.2191080Z [36;1mcd *[0m
2022-12-27T10:43:40.2191270Z [36;1mpython -m pip install cibuildwheel==2.11.3[0m
2022-12-27T10:43:40.2191500Z [36;1mpython -m cibuildwheel --output-dir ../wheelsout[0m
2022-12-27T10:43:40.2205380Z shell: /bin/bash -e {0}
2022-12-27T10:43:40.2205650Z env:
2022-12-27T10:43:40.2205850Z   pythonLocation: /Users/runner/hostedtoolcache/Python/3.7.15/x64
2022-12-27T10:43:40.2206160Z   PKG_CONFIG_PATH: /Users/runner/hostedtoolcache/Python/3.7.15/x64/lib/pkgconfig
2022-12-27T10:43:40.2206440Z   Python_ROOT_DIR: /Users/runner/hostedtoolcache/Python/3.7.15/x64
2022-12-27T10:43:40.2206720Z   Python2_ROOT_DIR: /Users/runner/hostedtoolcache/Python/3.7.15/x64
2022-12-27T10:43:40.2206980Z   Python3_ROOT_DIR: /Users/runner/hostedtoolcache/Python/3.7.15/x64
2022-12-27T10:43:40.2207170Z   CIBW_ARCHS_MACOS: arm64
2022-12-27T10:43:40.2207370Z   CIBW_TEST_SKIP: *_arm64
2022-12-27T10:43:40.2207580Z   CIBW_BUILD: cp37-macosx_arm64
2022-12-27T10:43:40.2207780Z   CIBW_BUILD_FRONTEND: pip
2022-12-27T10:43:40.2207980Z   CIBW_BUILD_VERBOSITY: 3
2022-12-27T10:43:40.2208370Z   CIBW_ENVIRONMENT_MACOS: GRPC_PYTHON_BUILD_WITH_CYTHON=1 GRPC_BUILD_WITH_BORING_SSL_ASM='' GRPC_PYTHON_BUILD_SYSTEM_OPENSSL=TRUE CFLAGS="-I/usr/local/opt/openssl@3/include" LDFLAGS="-L/usr/local/opt/openssl@3/lib" CPPFLAGS="-I/usr/local/opt/openssl@3/include" MAKEFLAGS="-j$(sysctl -n hw.logicalcpu)" PATH=/usr/local/opt/ccache/libexec:$PATH
2022-12-27T10:43:40.2209000Z   CIBW_BEFORE_BUILD: pip install Cython; if [[ -f requirements.txt ]]; then pip install -r requirements.txt; fi
2022-12-27T10:43:40.2209240Z   MAKEFLAGS: -j$(sysctl -n hw.logicalcpu)
2022-12-27T10:43:40.2209460Z ##[endgroup]
2022-12-27T10:43:40.7418650Z Requirement already satisfied: cibuildwheel==2.11.3 in /Users/runner/hostedtoolcache/Python/3.7.15/x64/lib/python3.7/site-packages (2.11.3)
2022-12-27T10:43:40.7716120Z Requirement already satisfied: packaging>=20.9 in /Users/runner/hostedtoolcache/Python/3.7.15/x64/lib/python3.7/site-packages (from cibuildwheel==2.11.3) (22.0)
2022-12-27T10:43:40.7719540Z Requirement already satisfied: filelock in /Users/runner/hostedtoolcache/Python/3.7.15/x64/lib/python3.7/site-packages (from cibuildwheel==2.11.3) (3.8.2)
2022-12-27T10:43:40.7723060Z Requirement already satisfied: bracex in /Users/runner/hostedtoolcache/Python/3.7.15/x64/lib/python3.7/site-packages (from cibuildwheel==2.11.3) (2.3.post1)
2022-12-27T10:43:40.7727360Z Requirement already satisfied: certifi in /Users/runner/hostedtoolcache/Python/3.7.15/x64/lib/python3.7/site-packages (from cibuildwheel==2.11.3) (2022.12.7)
2022-12-27T10:43:40.7738500Z Requirement already satisfied: typing-extensions>=4.1.0 in /Users/runner/hostedtoolcache/Python/3.7.15/x64/lib/python3.7/site-packages (from cibuildwheel==2.11.3) (4.4.0)
2022-12-27T10:43:40.7745180Z Requirement already satisfied: tomli in /Users/runner/hostedtoolcache/Python/3.7.15/x64/lib/python3.7/site-packages (from cibuildwheel==2.11.3) (2.0.1)
2022-12-27T10:43:40.7748780Z Requirement already satisfied: platformdirs in /Users/runner/hostedtoolcache/Python/3.7.15/x64/lib/python3.7/site-packages (from cibuildwheel==2.11.3) (2.6.0)
2022-12-27T10:43:40.7753940Z Requirement already satisfied: bashlex!=0.13 in /Users/runner/hostedtoolcache/Python/3.7.15/x64/lib/python3.7/site-packages (from cibuildwheel==2.11.3) (0.16)
2022-12-27T10:43:40.9474570Z 
2022-12-27T10:43:40.9474990Z      _ _       _ _   _       _           _
2022-12-27T10:43:40.9475510Z  ___|_| |_ _ _|_| |_| |_ _ _| |_ ___ ___| |
2022-12-27T10:43:40.9477140Z |  _| | . | | | | | . | | | |   | -_| -_| |
2022-12-27T10:43:40.9477520Z |___|_|___|___|_|_|___|_____|_|_|___|___|_|
2022-12-27T10:43:40.9477720Z 
2022-12-27T10:43:40.9477940Z cibuildwheel version 2.11.3
2022-12-27T10:43:40.9478120Z 
2022-12-27T10:43:40.9478250Z Build options:
2022-12-27T10:43:40.9478480Z   platform: macos
2022-12-27T10:43:40.9666050Z   architectures: arm64[0m
2022-12-27T10:43:40.9666670Z   build_selector: 
2022-12-27T10:43:40.9667840Z     build_config: cp37-macosx_arm64
2022-12-27T10:43:40.9668320Z     skip_config: 
2022-12-27T10:43:40.9668740Z     requires_python: None
2022-12-27T10:43:40.9669260Z     prerelease_pythons: False[0m
2022-12-27T10:43:40.9669870Z   [38;5;244mcontainer_engine: docker[0m
2022-12-27T10:43:40.9670860Z   output_dir: /Users/runner/actions-runner/_work/python.build/python.build/build_grpciotools133237/wheelsout[0m
2022-12-27T10:43:40.9671670Z   package_dir: /Users/runner/actions-runner/_work/python.build/python.build/build_grpciotools133237/grpcio-tools-1.33.2[0m
2022-12-27T10:43:40.9672150Z   test_selector: 
2022-12-27T10:43:40.9672550Z     skip_config: *_arm64[0m
2022-12-27T10:43:40.9673040Z   [38;5;244mbefore_all: [0m
2022-12-27T10:43:40.9673630Z   before_build: pip install Cython; if [[ -f requirements.txt ]]; then pip install -r requirements.txt; fi[0m
2022-12-27T10:43:40.9674630Z cibuildwheel: No build identifiers selected: BuildSelector(build_config='cp37-macosx_arm64', skip_config='', requires_python=None, prerelease_pythons=False)
2022-12-27T10:43:40.9675230Z   [38;5;244mbefore_test: [0m
2022-12-27T10:43:40.9675640Z   [38;5;244mbuild_frontend: pip[0m
2022-12-27T10:43:40.9676090Z   build_verbosity: 3[0m
2022-12-27T10:43:40.9676500Z   [38;5;244mconfig_settings: [0m
2022-12-27T10:43:40.9676960Z   [38;5;244mdependency_constraints: pinned[0m
2022-12-27T10:43:40.9677580Z   environment: 
2022-12-27T10:43:40.9677910Z     GRPC_PYTHON_BUILD_WITH_CYTHON=1
2022-12-27T10:43:40.9678410Z     GRPC_BUILD_WITH_BORING_SSL_ASM=''
2022-12-27T10:43:40.9678810Z     GRPC_PYTHON_BUILD_SYSTEM_OPENSSL=TRUE
2022-12-27T10:43:40.9679300Z     CFLAGS="-I/usr/local/opt/openssl@3/include"
2022-12-27T10:43:40.9679770Z     LDFLAGS="-L/usr/local/opt/openssl@3/lib"
2022-12-27T10:43:40.9680340Z     CPPFLAGS="-I/usr/local/opt/openssl@3/include"
2022-12-27T10:43:40.9680790Z     MAKEFLAGS="-j$(sysctl -n hw.logicalcpu)"
2022-12-27T10:43:40.9681220Z     PATH=/usr/local/opt/ccache/libexec:$PATH[0m
2022-12-27T10:43:40.9681460Z   [38;5;244mmanylinux_images: None[0m
2022-12-27T10:43:40.9681660Z   [38;5;244mmusllinux_images: None[0m
2022-12-27T10:43:40.9682080Z   [38;5;244mrepair_command: delocate-wheel --require-archs {delocate_archs} -w {dest_dir} -v {wheel}[0m
2022-12-27T10:43:40.9682350Z   [38;5;244mtest_command: [0m
2022-12-27T10:43:40.9682540Z   [38;5;244mtest_extras: [0m
2022-12-27T10:43:40.9682760Z   [38;5;244mtest_requires: [0m
2022-12-27T10:43:40.9682870Z 
2022-12-27T10:43:40.9683000Z Cache folder: /Users/runner/Library/Caches/cibuildwheel
2022-12-27T10:43:40.9683210Z 
2022-12-27T10:43:40.9683280Z Here we go!
2022-12-27T10:43:40.9683340Z 
2022-12-27T10:43:40.9795680Z ##[error]Process completed with exit code 3.
2022-12-27T10:43:40.9833720Z ##[group]Run rm -rf build_grpciotools133237 wheelsout
2022-12-27T10:43:40.9833960Z [36;1mrm -rf build_grpciotools133237 wheelsout[0m
2022-12-27T10:43:40.9849170Z shell: /bin/bash -e {0}
2022-12-27T10:43:40.9849420Z env:
2022-12-27T10:43:40.9849620Z   pythonLocation: /Users/runner/hostedtoolcache/Python/3.7.15/x64
2022-12-27T10:43:40.9849900Z   PKG_CONFIG_PATH: /Users/runner/hostedtoolcache/Python/3.7.15/x64/lib/pkgconfig
2022-12-27T10:43:40.9850180Z   Python_ROOT_DIR: /Users/runner/hostedtoolcache/Python/3.7.15/x64
2022-12-27T10:43:40.9850530Z   Python2_ROOT_DIR: /Users/runner/hostedtoolcache/Python/3.7.15/x64
2022-12-27T10:43:40.9850770Z   Python3_ROOT_DIR: /Users/runner/hostedtoolcache/Python/3.7.15/x64
2022-12-27T10:43:40.9850990Z ##[endgroup]
2022-12-27T10:43:41.0465150Z Cleaning up orphan processes
