2022-12-27T08:52:23.0545259Z Requested labels: self-hosted, macOS, X64
2022-12-27T08:52:23.0545337Z Job defined at: kilnbuild/python.build/.github/workflows/mac_arm_build.yml@refs/heads/main
2022-12-27T08:52:23.0545367Z Waiting for a runner to pick up this job...
2022-12-27T11:24:24.6538395Z Job is about to start running on the runner: s1 (organization)
2022-12-27T11:24:27.8950390Z Current runner version: '2.300.2'
2022-12-27T11:24:27.8955390Z Runner name: 's1'
2022-12-27T11:24:27.8955640Z Runner group name: 'Default'
2022-12-27T11:24:27.8956080Z Machine name: 's1'
2022-12-27T11:24:27.8957620Z ##[group]GITHUB_TOKEN Permissions
2022-12-27T11:24:27.8958050Z Actions: write
2022-12-27T11:24:27.8958200Z Checks: write
2022-12-27T11:24:27.8958340Z Contents: write
2022-12-27T11:24:27.8958470Z Deployments: write
2022-12-27T11:24:27.8958620Z Discussions: write
2022-12-27T11:24:27.8958760Z Issues: write
2022-12-27T11:24:27.8958890Z Metadata: read
2022-12-27T11:24:27.8959100Z Packages: write
2022-12-27T11:24:27.8959240Z Pages: write
2022-12-27T11:24:27.8959380Z PullRequests: write
2022-12-27T11:24:27.8959550Z RepositoryProjects: write
2022-12-27T11:24:27.8959710Z SecurityEvents: write
2022-12-27T11:24:27.8959850Z Statuses: write
2022-12-27T11:24:27.8959990Z ##[endgroup]
2022-12-27T11:24:27.8962500Z Secret source: Actions
2022-12-27T11:24:27.8962830Z Prepare workflow directory
2022-12-27T11:24:27.9631490Z Prepare all required actions
2022-12-27T11:24:27.9751530Z Getting action download info
2022-12-27T11:24:28.4189090Z Download action repository 'actions/setup-python@v4' (SHA:5ccb29d8773c3f3f653e1705f474dfaa8a06a912)
2022-12-27T11:24:30.1600420Z Download action repository 'actions/upload-artifact@v3' (SHA:83fd05a356d7e2593de66fc9913b3002723633cb)
2022-12-27T11:24:31.4535420Z ##[group]Run echo '{
2022-12-27T11:24:31.4535760Z [36;1mecho '{[0m
2022-12-27T11:24:31.4535900Z [36;1m  "package_name": "lxml",[0m
2022-12-27T11:24:31.4536190Z [36;1m  "package_url": "https://files.pythonhosted.org/packages/b2/47/f3e4990aa1076b122a5b921ff6c16219a49458fd1df307f8f905b4ad34e7/lxml-2.0beta2.tar.gz",[0m
2022-12-27T11:24:31.4536410Z [36;1m  "package_version": "2.0beta2",[0m
2022-12-27T11:24:31.4536610Z [36;1m  "python_version": "3.7",[0m
2022-12-27T11:24:31.4536780Z [36;1m  "use_ccache": "true"[0m
2022-12-27T11:24:31.4536890Z [36;1m}'[0m
2022-12-27T11:24:31.4552380Z shell: /bin/bash -e {0}
2022-12-27T11:24:31.4552600Z ##[endgroup]
2022-12-27T11:24:31.4763130Z {
2022-12-27T11:24:31.4764580Z   "package_name": "lxml",
2022-12-27T11:24:31.4765190Z   "package_url": "https://files.pythonhosted.org/packages/b2/47/f3e4990aa1076b122a5b921ff6c16219a49458fd1df307f8f905b4ad34e7/lxml-2.0beta2.tar.gz",
2022-12-27T11:24:31.4765480Z   "package_version": "2.0beta2",
2022-12-27T11:24:31.4765760Z   "python_version": "3.7",
2022-12-27T11:24:31.4765920Z   "use_ccache": "true"
2022-12-27T11:24:31.4766090Z }
2022-12-27T11:24:31.4980410Z ##[group]Run actions/setup-python@v4
2022-12-27T11:24:31.4980740Z with:
2022-12-27T11:24:31.4980930Z   python-version: 3.7
2022-12-27T11:24:31.4981090Z   check-latest: false
2022-12-27T11:24:31.4981390Z   token: ***
2022-12-27T11:24:31.4981640Z   update-environment: true
2022-12-27T11:24:31.4981830Z ##[endgroup]
2022-12-27T11:24:31.6189850Z ##[group]Installed versions
2022-12-27T11:24:31.6238000Z Successfully set up CPython (3.7.15)
2022-12-27T11:24:31.6238820Z ##[endgroup]
2022-12-27T11:24:31.6383610Z ##[group]Run if [ "true" == "true" ]
2022-12-27T11:24:31.6383990Z [36;1mif [ "true" == "true" ][0m
2022-12-27T11:24:31.6384150Z [36;1mthen[0m
2022-12-27T11:24:31.6384380Z [36;1m  echo "CCACHE_PATH_PREPEND=/usr/local/opt/ccache/libexec" >> $GITHUB_OUTPUT[0m
2022-12-27T11:24:31.6384590Z [36;1melse[0m
2022-12-27T11:24:31.6384750Z [36;1m  echo "CCACHE_PATH_PREPEND=" >> $GITHUB_OUTPUT[0m
2022-12-27T11:24:31.6384980Z [36;1mfi[0m
2022-12-27T11:24:31.6401720Z shell: /bin/bash -e {0}
2022-12-27T11:24:31.6401930Z env:
2022-12-27T11:24:31.6402170Z   pythonLocation: /Users/runner/hostedtoolcache/Python/3.7.15/x64
2022-12-27T11:24:31.6402450Z   PKG_CONFIG_PATH: /Users/runner/hostedtoolcache/Python/3.7.15/x64/lib/pkgconfig
2022-12-27T11:24:31.6402720Z   Python_ROOT_DIR: /Users/runner/hostedtoolcache/Python/3.7.15/x64
2022-12-27T11:24:31.6402940Z   Python2_ROOT_DIR: /Users/runner/hostedtoolcache/Python/3.7.15/x64
2022-12-27T11:24:31.6403270Z   Python3_ROOT_DIR: /Users/runner/hostedtoolcache/Python/3.7.15/x64
2022-12-27T11:24:31.6403820Z ##[endgroup]
2022-12-27T11:24:31.6509480Z ##[group]Run echo "BUILD_NAME=$(echo lxml_2.0beta2_3.7 | tr -dc '[:alnum:]\n\r' | tr '[:upper:]' '[:lower:]')" >> $GITHUB_OUTPUT
2022-12-27T11:24:31.6509870Z [36;1mecho "BUILD_NAME=$(echo lxml_2.0beta2_3.7 | tr -dc '[:alnum:]\n\r' | tr '[:upper:]' '[:lower:]')" >> $GITHUB_OUTPUT[0m
2022-12-27T11:24:31.6524840Z shell: /bin/bash -e {0}
2022-12-27T11:24:31.6525100Z env:
2022-12-27T11:24:31.6525340Z   pythonLocation: /Users/runner/hostedtoolcache/Python/3.7.15/x64
2022-12-27T11:24:31.6525620Z   PKG_CONFIG_PATH: /Users/runner/hostedtoolcache/Python/3.7.15/x64/lib/pkgconfig
2022-12-27T11:24:31.6525860Z   Python_ROOT_DIR: /Users/runner/hostedtoolcache/Python/3.7.15/x64
2022-12-27T11:24:31.6526140Z   Python2_ROOT_DIR: /Users/runner/hostedtoolcache/Python/3.7.15/x64
2022-12-27T11:24:31.6526830Z   Python3_ROOT_DIR: /Users/runner/hostedtoolcache/Python/3.7.15/x64
2022-12-27T11:24:31.6527060Z ##[endgroup]
2022-12-27T11:24:31.6663440Z ##[group]Run echo "PYTHON_NO_DOTS=$(echo 3.7 | tr -dc '[:alnum:]\n\r' | tr '[:upper:]' '[:lower:]')" >> $GITHUB_OUTPUT
2022-12-27T11:24:31.6663830Z [36;1mecho "PYTHON_NO_DOTS=$(echo 3.7 | tr -dc '[:alnum:]\n\r' | tr '[:upper:]' '[:lower:]')" >> $GITHUB_OUTPUT[0m
2022-12-27T11:24:31.6677850Z shell: /bin/bash -e {0}
2022-12-27T11:24:31.6678030Z env:
2022-12-27T11:24:31.6678220Z   pythonLocation: /Users/runner/hostedtoolcache/Python/3.7.15/x64
2022-12-27T11:24:31.6678490Z   PKG_CONFIG_PATH: /Users/runner/hostedtoolcache/Python/3.7.15/x64/lib/pkgconfig
2022-12-27T11:24:31.6678760Z   Python_ROOT_DIR: /Users/runner/hostedtoolcache/Python/3.7.15/x64
2022-12-27T11:24:31.6678970Z   Python2_ROOT_DIR: /Users/runner/hostedtoolcache/Python/3.7.15/x64
2022-12-27T11:24:31.6679210Z   Python3_ROOT_DIR: /Users/runner/hostedtoolcache/Python/3.7.15/x64
2022-12-27T11:24:31.6679410Z ##[endgroup]
2022-12-27T11:24:31.6786160Z ##[group]Run rm -rf build_lxml20beta237
2022-12-27T11:24:31.6786500Z [36;1mrm -rf build_lxml20beta237[0m
2022-12-27T11:24:31.6786730Z [36;1mmkdir build_lxml20beta237[0m
2022-12-27T11:24:31.6786920Z [36;1mcd build_lxml20beta237[0m
2022-12-27T11:24:31.6787230Z [36;1m/usr/local/bin/wget --quiet https://files.pythonhosted.org/packages/b2/47/f3e4990aa1076b122a5b921ff6c16219a49458fd1df307f8f905b4ad34e7/lxml-2.0beta2.tar.gz[0m
2022-12-27T11:24:31.6787500Z [36;1mtar xf *.tar.gz[0m
2022-12-27T11:24:31.6787680Z [36;1mcd *[0m
2022-12-27T11:24:31.6787840Z [36;1mpython -m pip install cibuildwheel==2.11.3[0m
2022-12-27T11:24:31.6788110Z [36;1mpython -m cibuildwheel --output-dir ../wheelsout[0m
2022-12-27T11:24:31.6802120Z shell: /bin/bash -e {0}
2022-12-27T11:24:31.6802270Z env:
2022-12-27T11:24:31.6802550Z   pythonLocation: /Users/runner/hostedtoolcache/Python/3.7.15/x64
2022-12-27T11:24:31.6802870Z   PKG_CONFIG_PATH: /Users/runner/hostedtoolcache/Python/3.7.15/x64/lib/pkgconfig
2022-12-27T11:24:31.6803100Z   Python_ROOT_DIR: /Users/runner/hostedtoolcache/Python/3.7.15/x64
2022-12-27T11:24:31.6803340Z   Python2_ROOT_DIR: /Users/runner/hostedtoolcache/Python/3.7.15/x64
2022-12-27T11:24:31.6803610Z   Python3_ROOT_DIR: /Users/runner/hostedtoolcache/Python/3.7.15/x64
2022-12-27T11:24:31.6803820Z   CIBW_ARCHS_MACOS: arm64
2022-12-27T11:24:31.6803970Z   CIBW_TEST_SKIP: *_arm64
2022-12-27T11:24:31.6804150Z   CIBW_BUILD: cp37-macosx_arm64
2022-12-27T11:24:31.6804350Z   CIBW_BUILD_FRONTEND: pip
2022-12-27T11:24:31.6804520Z   CIBW_BUILD_VERBOSITY: 3
2022-12-27T11:24:31.6804850Z   CIBW_ENVIRONMENT_MACOS:  CFLAGS="-I/usr/local/opt/openssl@3/include" LDFLAGS="-L/usr/local/opt/openssl@3/lib" CPPFLAGS="-I/usr/local/opt/openssl@3/include" MAKEFLAGS="-j$(sysctl -n hw.logicalcpu)" PATH=/usr/local/opt/ccache/libexec:$PATH
2022-12-27T11:24:31.6805230Z   CIBW_BEFORE_BUILD: pip install Cython; if [[ -f requirements.txt ]]; then pip install -r requirements.txt; fi
2022-12-27T11:24:31.6805480Z   MAKEFLAGS: -j$(sysctl -n hw.logicalcpu)
2022-12-27T11:24:31.6805640Z ##[endgroup]
2022-12-27T11:24:32.1535700Z Requirement already satisfied: cibuildwheel==2.11.3 in /Users/runner/hostedtoolcache/Python/3.7.15/x64/lib/python3.7/site-packages (2.11.3)
2022-12-27T11:24:32.1847600Z Requirement already satisfied: typing-extensions>=4.1.0 in /Users/runner/hostedtoolcache/Python/3.7.15/x64/lib/python3.7/site-packages (from cibuildwheel==2.11.3) (4.4.0)
2022-12-27T11:24:32.1855660Z Requirement already satisfied: tomli in /Users/runner/hostedtoolcache/Python/3.7.15/x64/lib/python3.7/site-packages (from cibuildwheel==2.11.3) (2.0.1)
2022-12-27T11:24:32.1860920Z Requirement already satisfied: bashlex!=0.13 in /Users/runner/hostedtoolcache/Python/3.7.15/x64/lib/python3.7/site-packages (from cibuildwheel==2.11.3) (0.16)
2022-12-27T11:24:32.1864650Z Requirement already satisfied: certifi in /Users/runner/hostedtoolcache/Python/3.7.15/x64/lib/python3.7/site-packages (from cibuildwheel==2.11.3) (2022.12.7)
2022-12-27T11:24:32.1868380Z Requirement already satisfied: bracex in /Users/runner/hostedtoolcache/Python/3.7.15/x64/lib/python3.7/site-packages (from cibuildwheel==2.11.3) (2.3.post1)
2022-12-27T11:24:32.1871780Z Requirement already satisfied: platformdirs in /Users/runner/hostedtoolcache/Python/3.7.15/x64/lib/python3.7/site-packages (from cibuildwheel==2.11.3) (2.6.0)
2022-12-27T11:24:32.1877890Z Requirement already satisfied: packaging>=20.9 in /Users/runner/hostedtoolcache/Python/3.7.15/x64/lib/python3.7/site-packages (from cibuildwheel==2.11.3) (22.0)
2022-12-27T11:24:32.1881330Z Requirement already satisfied: filelock in /Users/runner/hostedtoolcache/Python/3.7.15/x64/lib/python3.7/site-packages (from cibuildwheel==2.11.3) (3.8.2)
2022-12-27T11:24:32.3532360Z 
2022-12-27T11:24:32.3532750Z      _ _       _ _   _       _           _
2022-12-27T11:24:32.3533400Z  ___|_| |_ _ _|_| |_| |_ _ _| |_ ___ ___| |
2022-12-27T11:24:32.3534680Z |  _| | . | | | | | . | | | |   | -_| -_| |
2022-12-27T11:24:32.3535630Z |___|_|___|___|_|_|___|_____|_|_|___|___|_|
2022-12-27T11:24:32.3535870Z 
2022-12-27T11:24:32.3536020Z cibuildwheel version 2.11.3
2022-12-27T11:24:32.3536230Z 
2022-12-27T11:24:32.3536680Z Build options:
2022-12-27T11:24:32.3536970Z   platform: macos
2022-12-27T11:24:32.3647950Z   architectures: arm64[0m
2022-12-27T11:24:32.3648400Z   build_selector: 
2022-12-27T11:24:32.3648920Z     build_config: cp37-macosx_arm64
2022-12-27T11:24:32.3649460Z     skip_config: 
2022-12-27T11:24:32.3649810Z     requires_python: None
2022-12-27T11:24:32.3650320Z     prerelease_pythons: False[0m
2022-12-27T11:24:32.3650980Z   [38;5;244mcontainer_engine: docker[0m
2022-12-27T11:24:32.3651620Z   output_dir: /Users/runner/actions-runner/_work/python.build/python.build/build_lxml20beta237/wheelsout[0m
2022-12-27T11:24:32.3652510Z   package_dir: /Users/runner/actions-runner/_work/python.build/python.build/build_lxml20beta237/lxml-2.0beta2[0m
2022-12-27T11:24:32.3653560Z cibuildwheel: No build identifiers selected: BuildSelector(build_config='cp37-macosx_arm64', skip_config='', requires_python=None, prerelease_pythons=False)
2022-12-27T11:24:32.3654320Z   test_selector: 
2022-12-27T11:24:32.3654730Z     skip_config: *_arm64[0m
2022-12-27T11:24:32.3655180Z   [38;5;244mbefore_all: [0m
2022-12-27T11:24:32.3655820Z   before_build: pip install Cython; if [[ -f requirements.txt ]]; then pip install -r requirements.txt; fi[0m
2022-12-27T11:24:32.3656320Z   [38;5;244mbefore_test: [0m
2022-12-27T11:24:32.3656940Z   [38;5;244mbuild_frontend: pip[0m
2022-12-27T11:24:32.3657400Z   build_verbosity: 3[0m
2022-12-27T11:24:32.3657840Z   [38;5;244mconfig_settings: [0m
2022-12-27T11:24:32.3658300Z   [38;5;244mdependency_constraints: pinned[0m
2022-12-27T11:24:32.3658730Z   environment: 
2022-12-27T11:24:32.3659410Z     CFLAGS="-I/usr/local/opt/openssl@3/include"
2022-12-27T11:24:32.3659880Z     LDFLAGS="-L/usr/local/opt/openssl@3/lib"
2022-12-27T11:24:32.3660400Z     CPPFLAGS="-I/usr/local/opt/openssl@3/include"
2022-12-27T11:24:32.3660930Z     MAKEFLAGS="-j$(sysctl -n hw.logicalcpu)"
2022-12-27T11:24:32.3661400Z     PATH=/usr/local/opt/ccache/libexec:$PATH[0m
2022-12-27T11:24:32.3662020Z   [38;5;244mmanylinux_images: None[0m
2022-12-27T11:24:32.3662770Z   [38;5;244mmusllinux_images: None[0m
2022-12-27T11:24:32.3663250Z   [38;5;244mrepair_command: delocate-wheel --require-archs {delocate_archs} -w {dest_dir} -v {wheel}[0m
2022-12-27T11:24:32.3663580Z   [38;5;244mtest_command: [0m
2022-12-27T11:24:32.3663870Z   [38;5;244mtest_extras: [0m
2022-12-27T11:24:32.3664110Z   [38;5;244mtest_requires: [0m
2022-12-27T11:24:32.3664190Z 
2022-12-27T11:24:32.3664300Z Cache folder: /Users/runner/Library/Caches/cibuildwheel
2022-12-27T11:24:32.3664430Z 
2022-12-27T11:24:32.3664510Z Here we go!
2022-12-27T11:24:32.3664600Z 
2022-12-27T11:24:32.3777990Z ##[error]Process completed with exit code 3.
2022-12-27T11:24:32.3817560Z ##[group]Run rm -rf build_lxml20beta237 wheelsout
2022-12-27T11:24:32.3817790Z [36;1mrm -rf build_lxml20beta237 wheelsout[0m
2022-12-27T11:24:32.3832950Z shell: /bin/bash -e {0}
2022-12-27T11:24:32.3833130Z env:
2022-12-27T11:24:32.3833370Z   pythonLocation: /Users/runner/hostedtoolcache/Python/3.7.15/x64
2022-12-27T11:24:32.3833660Z   PKG_CONFIG_PATH: /Users/runner/hostedtoolcache/Python/3.7.15/x64/lib/pkgconfig
2022-12-27T11:24:32.3833910Z   Python_ROOT_DIR: /Users/runner/hostedtoolcache/Python/3.7.15/x64
2022-12-27T11:24:32.3834150Z   Python2_ROOT_DIR: /Users/runner/hostedtoolcache/Python/3.7.15/x64
2022-12-27T11:24:32.3834360Z   Python3_ROOT_DIR: /Users/runner/hostedtoolcache/Python/3.7.15/x64
2022-12-27T11:24:32.3834590Z ##[endgroup]
2022-12-27T11:24:32.4344660Z Cleaning up orphan processes
