2022-12-27T02:00:09.2814582Z Requested labels: self-hosted, macOS, X64
2022-12-27T02:00:09.2814655Z Job defined at: kilnbuild/python.build/.github/workflows/mac_arm_build.yml@refs/heads/main
2022-12-27T02:00:09.2814687Z Waiting for a runner to pick up this job...
2022-12-27T03:21:16.5233899Z Job is about to start running on the runner: kr2 (organization)
2022-12-27T03:21:21.6481580Z Current runner version: '2.300.2'
2022-12-27T03:21:21.6489180Z Runner name: 'kr2'
2022-12-27T03:21:21.6489570Z Runner group name: 'Default'
2022-12-27T03:21:21.6490400Z Machine name: 'kr2'
2022-12-27T03:21:21.6492960Z ##[group]GITHUB_TOKEN Permissions
2022-12-27T03:21:21.6493660Z Actions: write
2022-12-27T03:21:21.6493900Z Checks: write
2022-12-27T03:21:21.6494150Z Contents: write
2022-12-27T03:21:21.6494410Z Deployments: write
2022-12-27T03:21:21.6494660Z Discussions: write
2022-12-27T03:21:21.6494920Z Issues: write
2022-12-27T03:21:21.6495170Z Metadata: read
2022-12-27T03:21:21.6495410Z Packages: write
2022-12-27T03:21:21.6495660Z Pages: write
2022-12-27T03:21:21.6495920Z PullRequests: write
2022-12-27T03:21:21.6496210Z RepositoryProjects: write
2022-12-27T03:21:21.6496500Z SecurityEvents: write
2022-12-27T03:21:21.6496760Z Statuses: write
2022-12-27T03:21:21.6497000Z ##[endgroup]
2022-12-27T03:21:21.6500580Z Secret source: Actions
2022-12-27T03:21:21.6501080Z Prepare workflow directory
2022-12-27T03:21:21.7671200Z Prepare all required actions
2022-12-27T03:21:21.7879240Z Getting action download info
2022-12-27T03:21:22.2309510Z Download action repository 'actions/setup-python@v4' (SHA:5ccb29d8773c3f3f653e1705f474dfaa8a06a912)
2022-12-27T03:21:24.0929530Z Download action repository 'actions/upload-artifact@v3' (SHA:83fd05a356d7e2593de66fc9913b3002723633cb)
2022-12-27T03:21:25.5125570Z ##[group]Run echo '{
2022-12-27T03:21:25.5126050Z [36;1mecho '{[0m
2022-12-27T03:21:25.5126450Z [36;1m  "environment_variables": "GRPC_PYTHON_BUILD_WITH_CYTHON=1 GRPC_BUILD_WITH_BORING_SSL_ASM='' GRPC_PYTHON_BUILD_SYSTEM_OPENSSL=TRUE",[0m
2022-12-27T03:21:25.5126850Z [36;1m  "package_name": "grpcio",[0m
2022-12-27T03:21:25.5127340Z [36;1m  "package_url": "https://files.pythonhosted.org/packages/07/cb/94bbb0f32727366f1e26763d276582ff8af4faf17b62fae246b895ec6e6a/grpcio-0.11.0b0.tar.gz",[0m
2022-12-27T03:21:25.5127750Z [36;1m  "package_version": "0.11.0b0",[0m
2022-12-27T03:21:25.5128080Z [36;1m  "python_version": "3.10",[0m
2022-12-27T03:21:25.5128430Z [36;1m  "use_ccache": "true"[0m
2022-12-27T03:21:25.5128670Z [36;1m}'[0m
2022-12-27T03:21:25.5156410Z shell: /bin/bash -e {0}
2022-12-27T03:21:25.5156660Z ##[endgroup]
2022-12-27T03:21:25.5548270Z {
2022-12-27T03:21:25.5551210Z   "environment_variables": "GRPC_PYTHON_BUILD_WITH_CYTHON=1 GRPC_BUILD_WITH_BORING_SSL_ASM= GRPC_PYTHON_BUILD_SYSTEM_OPENSSL=TRUE",
2022-12-27T03:21:25.5551660Z   "package_name": "grpcio",
2022-12-27T03:21:25.5552860Z   "package_url": "https://files.pythonhosted.org/packages/07/cb/94bbb0f32727366f1e26763d276582ff8af4faf17b62fae246b895ec6e6a/grpcio-0.11.0b0.tar.gz",
2022-12-27T03:21:25.5553410Z   "package_version": "0.11.0b0",
2022-12-27T03:21:25.5553710Z   "python_version": "3.10",
2022-12-27T03:21:25.5554090Z   "use_ccache": "true"
2022-12-27T03:21:25.5554410Z }
2022-12-27T03:21:25.5913920Z ##[group]Run actions/setup-python@v4
2022-12-27T03:21:25.5914560Z with:
2022-12-27T03:21:25.5914820Z   python-version: 3.10
2022-12-27T03:21:25.5915140Z   check-latest: false
2022-12-27T03:21:25.5915730Z   token: ***
2022-12-27T03:21:25.5916190Z   update-environment: true
2022-12-27T03:21:25.5916460Z ##[endgroup]
2022-12-27T03:21:25.8072630Z ##[group]Installed versions
2022-12-27T03:21:25.8143990Z Successfully set up CPython (3.10.9)
2022-12-27T03:21:25.8146760Z ##[endgroup]
2022-12-27T03:21:25.8385900Z ##[group]Run if [ "true" == "true" ]
2022-12-27T03:21:25.8386500Z [36;1mif [ "true" == "true" ][0m
2022-12-27T03:21:25.8386860Z [36;1mthen[0m
2022-12-27T03:21:25.8387270Z [36;1m  echo "CCACHE_PATH_PREPEND=/usr/local/opt/ccache/libexec" >> $GITHUB_OUTPUT[0m
2022-12-27T03:21:25.8387800Z [36;1melse[0m
2022-12-27T03:21:25.8388340Z [36;1m  echo "CCACHE_PATH_PREPEND=" >> $GITHUB_OUTPUT[0m
2022-12-27T03:21:25.8388830Z [36;1mfi[0m
2022-12-27T03:21:25.8417980Z shell: /bin/bash -e {0}
2022-12-27T03:21:25.8418370Z env:
2022-12-27T03:21:25.8418890Z   pythonLocation: /Users/runner/hostedtoolcache/Python/3.10.9/x64
2022-12-27T03:21:25.8419300Z   PKG_CONFIG_PATH: /Users/runner/hostedtoolcache/Python/3.10.9/x64/lib/pkgconfig
2022-12-27T03:21:25.8420890Z   Python_ROOT_DIR: /Users/runner/hostedtoolcache/Python/3.10.9/x64
2022-12-27T03:21:25.8421370Z   Python2_ROOT_DIR: /Users/runner/hostedtoolcache/Python/3.10.9/x64
2022-12-27T03:21:25.8421860Z   Python3_ROOT_DIR: /Users/runner/hostedtoolcache/Python/3.10.9/x64
2022-12-27T03:21:25.8422380Z ##[endgroup]
2022-12-27T03:21:25.8712090Z ##[group]Run echo "BUILD_NAME=$(echo grpcio_0.11.0b0_3.10 | tr -dc '[:alnum:]\n\r' | tr '[:upper:]' '[:lower:]')" >> $GITHUB_OUTPUT
2022-12-27T03:21:25.8712830Z [36;1mecho "BUILD_NAME=$(echo grpcio_0.11.0b0_3.10 | tr -dc '[:alnum:]\n\r' | tr '[:upper:]' '[:lower:]')" >> $GITHUB_OUTPUT[0m
2022-12-27T03:21:25.8741230Z shell: /bin/bash -e {0}
2022-12-27T03:21:25.8741510Z env:
2022-12-27T03:21:25.8741900Z   pythonLocation: /Users/runner/hostedtoolcache/Python/3.10.9/x64
2022-12-27T03:21:25.8742380Z   PKG_CONFIG_PATH: /Users/runner/hostedtoolcache/Python/3.10.9/x64/lib/pkgconfig
2022-12-27T03:21:25.8742920Z   Python_ROOT_DIR: /Users/runner/hostedtoolcache/Python/3.10.9/x64
2022-12-27T03:21:25.8743300Z   Python2_ROOT_DIR: /Users/runner/hostedtoolcache/Python/3.10.9/x64
2022-12-27T03:21:25.8743760Z   Python3_ROOT_DIR: /Users/runner/hostedtoolcache/Python/3.10.9/x64
2022-12-27T03:21:25.8744150Z ##[endgroup]
2022-12-27T03:21:25.8963780Z ##[group]Run echo "PYTHON_NO_DOTS=$(echo 3.10 | tr -dc '[:alnum:]\n\r' | tr '[:upper:]' '[:lower:]')" >> $GITHUB_OUTPUT
2022-12-27T03:21:25.8964500Z [36;1mecho "PYTHON_NO_DOTS=$(echo 3.10 | tr -dc '[:alnum:]\n\r' | tr '[:upper:]' '[:lower:]')" >> $GITHUB_OUTPUT[0m
2022-12-27T03:21:25.8992100Z shell: /bin/bash -e {0}
2022-12-27T03:21:25.8992420Z env:
2022-12-27T03:21:25.8992730Z   pythonLocation: /Users/runner/hostedtoolcache/Python/3.10.9/x64
2022-12-27T03:21:25.8994270Z   PKG_CONFIG_PATH: /Users/runner/hostedtoolcache/Python/3.10.9/x64/lib/pkgconfig
2022-12-27T03:21:25.8994730Z   Python_ROOT_DIR: /Users/runner/hostedtoolcache/Python/3.10.9/x64
2022-12-27T03:21:25.8995170Z   Python2_ROOT_DIR: /Users/runner/hostedtoolcache/Python/3.10.9/x64
2022-12-27T03:21:25.8995600Z   Python3_ROOT_DIR: /Users/runner/hostedtoolcache/Python/3.10.9/x64
2022-12-27T03:21:25.8996020Z ##[endgroup]
2022-12-27T03:21:25.9227090Z ##[group]Run rm -rf build_grpcio0110b0310
2022-12-27T03:21:25.9227740Z [36;1mrm -rf build_grpcio0110b0310[0m
2022-12-27T03:21:25.9228050Z [36;1mmkdir build_grpcio0110b0310[0m
2022-12-27T03:21:25.9228470Z [36;1mcd build_grpcio0110b0310[0m
2022-12-27T03:21:25.9229010Z [36;1m/usr/local/bin/wget --quiet https://files.pythonhosted.org/packages/07/cb/94bbb0f32727366f1e26763d276582ff8af4faf17b62fae246b895ec6e6a/grpcio-0.11.0b0.tar.gz[0m
2022-12-27T03:21:25.9229520Z [36;1mtar xf *.tar.gz[0m
2022-12-27T03:21:25.9229790Z [36;1mcd grpcio-*/[0m
2022-12-27T03:21:25.9230230Z [36;1mpython -m pip install cibuildwheel==2.11.3[0m
2022-12-27T03:21:25.9230650Z [36;1mpython -m cibuildwheel --output-dir ../wheelsout[0m
2022-12-27T03:21:25.9257250Z shell: /bin/bash -e {0}
2022-12-27T03:21:25.9257720Z env:
2022-12-27T03:21:25.9258090Z   pythonLocation: /Users/runner/hostedtoolcache/Python/3.10.9/x64
2022-12-27T03:21:25.9258580Z   PKG_CONFIG_PATH: /Users/runner/hostedtoolcache/Python/3.10.9/x64/lib/pkgconfig
2022-12-27T03:21:25.9259030Z   Python_ROOT_DIR: /Users/runner/hostedtoolcache/Python/3.10.9/x64
2022-12-27T03:21:25.9259460Z   Python2_ROOT_DIR: /Users/runner/hostedtoolcache/Python/3.10.9/x64
2022-12-27T03:21:25.9259900Z   Python3_ROOT_DIR: /Users/runner/hostedtoolcache/Python/3.10.9/x64
2022-12-27T03:21:25.9260270Z   CIBW_ARCHS_MACOS: arm64
2022-12-27T03:21:25.9260540Z   CIBW_TEST_SKIP: *_arm64
2022-12-27T03:21:25.9260870Z   CIBW_BUILD: cp310-macosx_arm64
2022-12-27T03:21:25.9261280Z   CIBW_BUILD_FRONTEND: pip
2022-12-27T03:21:25.9261570Z   CIBW_BUILD_VERBOSITY: 3
2022-12-27T03:21:25.9262230Z   CIBW_ENVIRONMENT_MACOS: GRPC_PYTHON_BUILD_WITH_CYTHON=1 GRPC_BUILD_WITH_BORING_SSL_ASM='' GRPC_PYTHON_BUILD_SYSTEM_OPENSSL=TRUE CFLAGS="-I/usr/local/opt/openssl@3/include" LDFLAGS="-L/usr/local/opt/openssl@3/lib" CPPFLAGS="-I/usr/local/opt/openssl@3/include" MAKEFLAGS="-j$(sysctl -n hw.logicalcpu)" PATH=/usr/local/opt/ccache/libexec:$PATH
2022-12-27T03:21:25.9263310Z   CIBW_BEFORE_BUILD: pip install Cython; if [[ -f requirements.txt ]]; then pip install -r requirements.txt; fi
2022-12-27T03:21:25.9263850Z   MAKEFLAGS: -j$(sysctl -n hw.logicalcpu)
2022-12-27T03:21:25.9264360Z ##[endgroup]
2022-12-27T03:21:26.4910600Z Requirement already satisfied: cibuildwheel==2.11.3 in /Users/runner/hostedtoolcache/Python/3.10.9/x64/lib/python3.10/site-packages (2.11.3)
2022-12-27T03:21:26.5312990Z Requirement already satisfied: bashlex!=0.13 in /Users/runner/hostedtoolcache/Python/3.10.9/x64/lib/python3.10/site-packages (from cibuildwheel==2.11.3) (0.16)
2022-12-27T03:21:26.5316020Z Requirement already satisfied: packaging>=20.9 in /Users/runner/hostedtoolcache/Python/3.10.9/x64/lib/python3.10/site-packages (from cibuildwheel==2.11.3) (22.0)
2022-12-27T03:21:26.5328140Z Requirement already satisfied: tomli in /Users/runner/hostedtoolcache/Python/3.10.9/x64/lib/python3.10/site-packages (from cibuildwheel==2.11.3) (2.0.1)
2022-12-27T03:21:26.5342600Z Requirement already satisfied: typing-extensions>=4.1.0 in /Users/runner/hostedtoolcache/Python/3.10.9/x64/lib/python3.10/site-packages (from cibuildwheel==2.11.3) (4.4.0)
2022-12-27T03:21:26.5345840Z Requirement already satisfied: bracex in /Users/runner/hostedtoolcache/Python/3.10.9/x64/lib/python3.10/site-packages (from cibuildwheel==2.11.3) (2.3.post1)
2022-12-27T03:21:26.5351480Z Requirement already satisfied: platformdirs in /Users/runner/hostedtoolcache/Python/3.10.9/x64/lib/python3.10/site-packages (from cibuildwheel==2.11.3) (2.6.0)
2022-12-27T03:21:26.5356500Z Requirement already satisfied: certifi in /Users/runner/hostedtoolcache/Python/3.10.9/x64/lib/python3.10/site-packages (from cibuildwheel==2.11.3) (2022.12.7)
2022-12-27T03:21:26.5361580Z Requirement already satisfied: filelock in /Users/runner/hostedtoolcache/Python/3.10.9/x64/lib/python3.10/site-packages (from cibuildwheel==2.11.3) (3.8.2)
2022-12-27T03:21:26.8371810Z 
2022-12-27T03:21:26.8373770Z      _ _       _ _   _       _           _
2022-12-27T03:21:26.8378820Z  ___|_| |_ _ _|_| |_| |_ _ _| |_ ___ ___| |
2022-12-27T03:21:26.8380370Z |  _| | . | | | | | . | | | |   | -_| -_| |
2022-12-27T03:21:26.8381190Z |___|_|___|___|_|_|___|_____|_|_|___|___|_|
2022-12-27T03:21:26.8381580Z 
2022-12-27T03:21:26.8381900Z cibuildwheel version 2.11.3
2022-12-27T03:21:26.8382330Z 
2022-12-27T03:21:26.8382540Z Build options:
2022-12-27T03:21:26.8383450Z   platform: macos
2022-12-27T03:21:26.8475330Z   architectures: arm64[0m
2022-12-27T03:21:26.8475980Z   build_selector: 
2022-12-27T03:21:26.8476910Z     build_config: cp310-macosx_arm64
2022-12-27T03:21:26.8477770Z     skip_config: 
2022-12-27T03:21:26.8479060Z     requires_python: None
2022-12-27T03:21:26.8481020Z     prerelease_pythons: False[0m
2022-12-27T03:21:26.8482190Z   [38;5;244mcontainer_engine: docker[0m
2022-12-27T03:21:26.8483830Z   output_dir: /Users/runner/actions-runner/_work/python.build/python.build/build_grpcio0110b0310/wheelsout[0m
2022-12-27T03:21:26.8485740Z   package_dir: /Users/runner/actions-runner/_work/python.build/python.build/build_grpcio0110b0310/grpcio-0.11.0b0[0m
2022-12-27T03:21:26.8487260Z   test_selector: 
2022-12-27T03:21:26.8488130Z     skip_config: *_arm64[0m
2022-12-27T03:21:26.8488910Z   [38;5;244mbefore_all: [0m
2022-12-27T03:21:26.8489870Z   before_build: pip install Cython; if [[ -f requirements.txt ]]; then pip install -r requirements.txt; fi[0m
2022-12-27T03:21:26.8491020Z   [38;5;244mbefore_test: [0m
2022-12-27T03:21:26.8491840Z   [38;5;244mbuild_frontend: pip[0m
2022-12-27T03:21:26.8492520Z   build_verbosity: 3[0m
2022-12-27T03:21:26.8493320Z   [38;5;244mconfig_settings: [0m
2022-12-27T03:21:26.8494200Z   [38;5;244mdependency_constraints: pinned[0m
2022-12-27T03:21:26.8494910Z   environment: 
2022-12-27T03:21:26.8495600Z     GRPC_PYTHON_BUILD_WITH_CYTHON=1
2022-12-27T03:21:26.8496400Z     GRPC_BUILD_WITH_BORING_SSL_ASM=''
2022-12-27T03:21:26.8498220Z     GRPC_PYTHON_BUILD_SYSTEM_OPENSSL=TRUE
2022-12-27T03:21:26.8499170Z     CFLAGS="-I/usr/local/opt/openssl@3/include"
2022-12-27T03:21:26.8500240Z     LDFLAGS="-L/usr/local/opt/openssl@3/lib"
2022-12-27T03:21:26.8501050Z     CPPFLAGS="-I/usr/local/opt/openssl@3/include"
2022-12-27T03:21:26.8502010Z     MAKEFLAGS="-j$(sysctl -n hw.logicalcpu)"
2022-12-27T03:21:26.8502920Z     PATH=/usr/local/opt/ccache/libexec:$PATH[0m
2022-12-27T03:21:26.8503930Z   [38;5;244mmanylinux_images: None[0m
2022-12-27T03:21:26.8504650Z   [38;5;244mmusllinux_images: None[0m
2022-12-27T03:21:26.8505890Z   [38;5;244mrepair_command: delocate-wheel --require-archs {delocate_archs} -w {dest_dir} -v {wheel}[0m
2022-12-27T03:21:26.8506860Z   [38;5;244mtest_command: [0m
2022-12-27T03:21:26.8507520Z   [38;5;244mtest_extras: [0m
2022-12-27T03:21:26.8508600Z   [38;5;244mtest_requires: [0m
2022-12-27T03:21:26.8509000Z 
2022-12-27T03:21:26.8509400Z Cache folder: /Users/runner/Library/Caches/cibuildwheel
2022-12-27T03:21:26.8509900Z 
2022-12-27T03:21:26.8510180Z Here we go!
2022-12-27T03:21:26.8510400Z 
2022-12-27T03:21:26.8610730Z 
2022-12-27T03:21:26.8611520Z [1m[34mBuilding cp310-macosx_arm64 wheel[0m
2022-12-27T03:21:26.8612840Z CPython 3.10 macOS arm64 - Apple Silicon
2022-12-27T03:21:26.8613290Z 
2022-12-27T03:21:26.8616370Z ##[group]Installing Python cp310...
2022-12-27T03:21:26.8616850Z 
2022-12-27T03:21:26.8617440Z + pkgutil --pkgs
2022-12-27T03:21:26.8806880Z ##[endgroup]
2022-12-27T03:21:26.8809570Z                                                               [32m✓ [0m0.02s
2022-12-27T03:21:26.8810800Z ##[group]Setting up build environment...
2022-12-27T03:21:26.8811230Z 
2022-12-27T03:21:26.8858900Z + /Users/runner/hostedtoolcache/Python/3.10.9/x64/bin/python -sS /Users/runner/Library/Caches/cibuildwheel/virtualenv-20.17.0.pyz --activators= --no-periodic-update --pip=22.3.1 --setuptools=65.6.3 --wheel=0.38.4 --symlink-app-data --python /Library/Frameworks/Python.framework/Versions/3.10/bin/python3 /private/var/folders/51/hd414ycd67n82196sw51xqtc0000gn/T/cibw-run-m2_5wqde/cp310-macosx_arm64/build/venv
2022-12-27T03:21:27.1958060Z created virtual environment CPython3.10.8.final.0-64 in 81ms
2022-12-27T03:21:27.1960130Z   creator CPython3Posix(dest=/private/var/folders/51/hd414ycd67n82196sw51xqtc0000gn/T/cibw-run-m2_5wqde/cp310-macosx_arm64/build/venv, clear=False, no_vcs_ignore=False, global=False)
2022-12-27T03:21:27.1961430Z   seeder FromAppData(download=False, pip=22.3.1, setuptools=65.6.3, wheel=0.38.4, via=symlink, app_data_dir=/Users/runner/Library/Application Support/virtualenv)
2022-12-27T03:21:27.1962460Z     added seed packages: pip==22.3.1, setuptools==65.6.3, wheel==0.38.4
2022-12-27T03:21:27.2194440Z + python -m pip install --upgrade pip -c /Users/runner/hostedtoolcache/Python/3.10.9/x64/lib/python3.10/site-packages/cibuildwheel/resources/constraints-python310.txt
2022-12-27T03:21:27.6724810Z Requirement already satisfied: pip in ./lib/python3.10/site-packages (22.3.1)
2022-12-27T03:21:28.1401820Z + which pip
2022-12-27T03:21:28.1443800Z /private/var/folders/51/hd414ycd67n82196sw51xqtc0000gn/T/cibw-run-m2_5wqde/cp310-macosx_arm64/build/venv/bin/pip
2022-12-27T03:21:28.1448640Z + pip --version
2022-12-27T03:21:28.4851830Z pip 22.3.1 from /private/var/folders/51/hd414ycd67n82196sw51xqtc0000gn/T/cibw-run-m2_5wqde/cp310-macosx_arm64/build/venv/lib/python3.10/site-packages/pip (python 3.10)
2022-12-27T03:21:28.5323020Z + which pip
2022-12-27T03:21:28.5371990Z + which python
2022-12-27T03:21:28.5417400Z /private/var/folders/51/hd414ycd67n82196sw51xqtc0000gn/T/cibw-run-m2_5wqde/cp310-macosx_arm64/build/venv/bin/python
2022-12-27T03:21:28.5420980Z + python --version
2022-12-27T03:21:28.5506360Z Python 3.10.8
2022-12-27T03:21:28.5512500Z + which python
2022-12-27T03:21:28.5625590Z ##[endgroup]
2022-12-27T03:21:28.5627610Z                                                               [32m✓ [0m1.68s
2022-12-27T03:21:28.5629710Z ##[group]Installing build tools...
2022-12-27T03:21:28.5631600Z 
2022-12-27T03:21:28.5633320Z + pip install --upgrade setuptools wheel delocate -c /Users/runner/hostedtoolcache/Python/3.10.9/x64/lib/python3.10/site-packages/cibuildwheel/resources/constraints-python310.txt
2022-12-27T03:21:29.0066710Z Requirement already satisfied: setuptools in /private/var/folders/51/hd414ycd67n82196sw51xqtc0000gn/T/cibw-run-m2_5wqde/cp310-macosx_arm64/build/venv/lib/python3.10/site-packages (65.6.3)
2022-12-27T03:21:29.3169610Z Requirement already satisfied: wheel in /private/var/folders/51/hd414ycd67n82196sw51xqtc0000gn/T/cibw-run-m2_5wqde/cp310-macosx_arm64/build/venv/lib/python3.10/site-packages (0.38.4)
2022-12-27T03:21:29.3842280Z Collecting delocate
2022-12-27T03:21:29.3887090Z   Using cached delocate-0.10.3-py3-none-any.whl (142 kB)
2022-12-27T03:21:29.4322870Z Collecting packaging>=20.9
2022-12-27T03:21:29.4357840Z   Using cached packaging-21.3-py3-none-any.whl (40 kB)
2022-12-27T03:21:29.4594730Z Collecting typing-extensions
2022-12-27T03:21:29.4625200Z   Using cached typing_extensions-4.4.0-py3-none-any.whl (26 kB)
2022-12-27T03:21:29.5135910Z Collecting pyparsing!=3.0.5,>=2.0.2
2022-12-27T03:21:29.5174440Z   Using cached pyparsing-3.0.9-py3-none-any.whl (98 kB)
2022-12-27T03:21:29.5706000Z Installing collected packages: typing-extensions, pyparsing, packaging, delocate
2022-12-27T03:21:29.7778220Z Successfully installed delocate-0.10.3 packaging-21.3 pyparsing-3.0.9 typing-extensions-4.4.0
2022-12-27T03:21:29.8928490Z ##[endgroup]
2022-12-27T03:21:29.8929340Z                                                               [32m✓ [0m1.33s
2022-12-27T03:21:29.8930160Z ##[group]Running before_build...
2022-12-27T03:21:29.8930390Z 
2022-12-27T03:21:29.8939290Z + pip install Cython; if [[ -f requirements.txt ]]; then pip install -r requirements.txt; fi
2022-12-27T03:21:30.8966250Z Collecting Cython
2022-12-27T03:21:30.9041510Z   Using cached Cython-0.29.32-py2.py3-none-any.whl (986 kB)
2022-12-27T03:21:30.9801500Z Installing collected packages: Cython
2022-12-27T03:21:31.6891900Z Successfully installed Cython-0.29.32
2022-12-27T03:21:32.3140150Z Collecting enum34==1.0.4
2022-12-27T03:21:32.3187710Z   Using cached enum34-1.0.4.zip (43 kB)
2022-12-27T03:21:32.3250350Z   Preparing metadata (setup.py): started
2022-12-27T03:21:32.3728000Z   Preparing metadata (setup.py): finished with status 'error'
2022-12-27T03:21:32.3809430Z   error: subprocess-exited-with-error
2022-12-27T03:21:32.3810110Z   
2022-12-27T03:21:32.3811980Z   × python setup.py egg_info did not run successfully.
2022-12-27T03:21:32.3813270Z   │ exit code: 1
2022-12-27T03:21:32.3814190Z   ╰─> [8 lines of output]
2022-12-27T03:21:32.3815150Z       Traceback (most recent call last):
2022-12-27T03:21:32.3834920Z         File "<string>", line 2, in <module>
2022-12-27T03:21:32.3836820Z         File "<pip-setuptools-caller>", line 11, in <module>
2022-12-27T03:21:32.3838060Z         File "/Library/Frameworks/Python.framework/Versions/3.10/lib/python3.10/tokenize.py", line 33, in <module>
2022-12-27T03:21:32.3839190Z           import re
2022-12-27T03:21:32.3840780Z         File "/Library/Frameworks/Python.framework/Versions/3.10/lib/python3.10/re.py", line 145, in <module>
2022-12-27T03:21:32.3841710Z           class RegexFlag(enum.IntFlag):
2022-12-27T03:21:32.3842600Z       AttributeError: module 'enum' has no attribute 'IntFlag'
2022-12-27T03:21:32.3843330Z       [end of output]
2022-12-27T03:21:32.3843930Z   
2022-12-27T03:21:32.3844880Z   note: This error originates from a subprocess, and is likely not a problem with pip.
2022-12-27T03:21:32.3845750Z error: metadata-generation-failed
2022-12-27T03:21:32.3846190Z 
2022-12-27T03:21:32.3846750Z × Encountered error while generating package metadata.
2022-12-27T03:21:32.3847820Z ╰─> See above for output.
2022-12-27T03:21:32.3848200Z 
2022-12-27T03:21:32.3848500Z note: This is an issue with the package mentioned above, not pip.
2022-12-27T03:21:32.3849940Z hint: See above for details.
2022-12-27T03:21:32.4898410Z ##[endgroup]
2022-12-27T03:21:32.4942300Z ##[error]Command pip install Cython; if [[ -f requirements.txt ]]; then pip install -r requirements.txt; fi failed with code 1. None
2022-12-27T03:21:32.4953020Z 
2022-12-27T03:21:32.4953610Z                                                               [31m✕ [0m2.60s
2022-12-27T03:21:32.5713440Z ##[error]Process completed with exit code 1.
2022-12-27T03:21:32.5771280Z ##[group]Run rm -rf build_grpcio0110b0310 wheelsout
2022-12-27T03:21:32.5771910Z [36;1mrm -rf build_grpcio0110b0310 wheelsout[0m
2022-12-27T03:21:32.5801140Z shell: /bin/bash -e {0}
2022-12-27T03:21:32.5801470Z env:
2022-12-27T03:21:32.5916090Z   pythonLocation: /Users/runner/hostedtoolcache/Python/3.10.9/x64
2022-12-27T03:21:32.5916690Z   PKG_CONFIG_PATH: /Users/runner/hostedtoolcache/Python/3.10.9/x64/lib/pkgconfig
2022-12-27T03:21:32.5917080Z   Python_ROOT_DIR: /Users/runner/hostedtoolcache/Python/3.10.9/x64
2022-12-27T03:21:32.5917500Z   Python2_ROOT_DIR: /Users/runner/hostedtoolcache/Python/3.10.9/x64
2022-12-27T03:21:32.5917940Z   Python3_ROOT_DIR: /Users/runner/hostedtoolcache/Python/3.10.9/x64
2022-12-27T03:21:32.5918270Z ##[endgroup]
2022-12-27T03:21:32.6432240Z Cleaning up orphan processes
