2022-12-27T08:53:28.7341777Z Requested labels: self-hosted, macOS, X64
2022-12-27T08:53:28.7341871Z Job defined at: kilnbuild/python.build/.github/workflows/mac_arm_build.yml@refs/heads/main
2022-12-27T08:53:28.7341909Z Waiting for a runner to pick up this job...
2022-12-27T11:28:43.2859646Z Job is about to start running on the runner: s1 (organization)
2022-12-27T11:28:46.2311720Z Current runner version: '2.300.2'
2022-12-27T11:28:46.2316780Z Runner name: 's1'
2022-12-27T11:28:46.2317020Z Runner group name: 'Default'
2022-12-27T11:28:46.2317470Z Machine name: 's1'
2022-12-27T11:28:46.2319200Z ##[group]GITHUB_TOKEN Permissions
2022-12-27T11:28:46.2319650Z Actions: write
2022-12-27T11:28:46.2319790Z Checks: write
2022-12-27T11:28:46.2319930Z Contents: write
2022-12-27T11:28:46.2320070Z Deployments: write
2022-12-27T11:28:46.2320200Z Discussions: write
2022-12-27T11:28:46.2320330Z Issues: write
2022-12-27T11:28:46.2320470Z Metadata: read
2022-12-27T11:28:46.2320600Z Packages: write
2022-12-27T11:28:46.2320730Z Pages: write
2022-12-27T11:28:46.2320870Z PullRequests: write
2022-12-27T11:28:46.2321030Z RepositoryProjects: write
2022-12-27T11:28:46.2321190Z SecurityEvents: write
2022-12-27T11:28:46.2321330Z Statuses: write
2022-12-27T11:28:46.2321470Z ##[endgroup]
2022-12-27T11:28:46.2324270Z Secret source: Actions
2022-12-27T11:28:46.2324610Z Prepare workflow directory
2022-12-27T11:28:46.3010710Z Prepare all required actions
2022-12-27T11:28:46.3133920Z Getting action download info
2022-12-27T11:28:46.7359890Z Download action repository 'actions/setup-python@v4' (SHA:5ccb29d8773c3f3f653e1705f474dfaa8a06a912)
2022-12-27T11:28:48.5756680Z Download action repository 'actions/upload-artifact@v3' (SHA:83fd05a356d7e2593de66fc9913b3002723633cb)
2022-12-27T11:28:49.9337110Z ##[group]Run echo '{
2022-12-27T11:28:49.9337450Z [36;1mecho '{[0m
2022-12-27T11:28:49.9337650Z [36;1m  "package_name": "lxml",[0m
2022-12-27T11:28:49.9337900Z [36;1m  "package_url": "https://files.pythonhosted.org/packages/4b/26/deb96ca67af34dd8ee7f2ad2758de7724e06237dc3d6882a835a6eeb441d/lxml-2.1.2.tar.gz",[0m
2022-12-27T11:28:49.9338180Z [36;1m  "package_version": "2.1.2",[0m
2022-12-27T11:28:49.9338300Z [36;1m  "python_version": "3.9",[0m
2022-12-27T11:28:49.9338420Z [36;1m  "use_ccache": "true"[0m
2022-12-27T11:28:49.9338520Z [36;1m}'[0m
2022-12-27T11:28:49.9354360Z shell: /bin/bash -e {0}
2022-12-27T11:28:49.9354610Z ##[endgroup]
2022-12-27T11:28:49.9570830Z {
2022-12-27T11:28:49.9572170Z   "package_name": "lxml",
2022-12-27T11:28:49.9572800Z   "package_url": "https://files.pythonhosted.org/packages/4b/26/deb96ca67af34dd8ee7f2ad2758de7724e06237dc3d6882a835a6eeb441d/lxml-2.1.2.tar.gz",
2022-12-27T11:28:49.9573120Z   "package_version": "2.1.2",
2022-12-27T11:28:49.9573360Z   "python_version": "3.9",
2022-12-27T11:28:49.9573560Z   "use_ccache": "true"
2022-12-27T11:28:49.9573720Z }
2022-12-27T11:28:49.9792900Z ##[group]Run actions/setup-python@v4
2022-12-27T11:28:49.9793160Z with:
2022-12-27T11:28:49.9793420Z   python-version: 3.9
2022-12-27T11:28:49.9793580Z   check-latest: false
2022-12-27T11:28:49.9793870Z   token: ***
2022-12-27T11:28:49.9794060Z   update-environment: true
2022-12-27T11:28:49.9794210Z ##[endgroup]
2022-12-27T11:28:50.1034600Z ##[group]Installed versions
2022-12-27T11:28:50.1074190Z Successfully set up CPython (3.9.16)
2022-12-27T11:28:50.1074970Z ##[endgroup]
2022-12-27T11:28:50.1223470Z ##[group]Run if [ "true" == "true" ]
2022-12-27T11:28:50.1224030Z [36;1mif [ "true" == "true" ][0m
2022-12-27T11:28:50.1224260Z [36;1mthen[0m
2022-12-27T11:28:50.1224490Z [36;1m  echo "CCACHE_PATH_PREPEND=/usr/local/opt/ccache/libexec" >> $GITHUB_OUTPUT[0m
2022-12-27T11:28:50.1224700Z [36;1melse[0m
2022-12-27T11:28:50.1224870Z [36;1m  echo "CCACHE_PATH_PREPEND=" >> $GITHUB_OUTPUT[0m
2022-12-27T11:28:50.1225130Z [36;1mfi[0m
2022-12-27T11:28:50.1242270Z shell: /bin/bash -e {0}
2022-12-27T11:28:50.1242450Z env:
2022-12-27T11:28:50.1242770Z   pythonLocation: /Users/runner/hostedtoolcache/Python/3.9.16/x64
2022-12-27T11:28:50.1243060Z   PKG_CONFIG_PATH: /Users/runner/hostedtoolcache/Python/3.9.16/x64/lib/pkgconfig
2022-12-27T11:28:50.1243330Z   Python_ROOT_DIR: /Users/runner/hostedtoolcache/Python/3.9.16/x64
2022-12-27T11:28:50.1243550Z   Python2_ROOT_DIR: /Users/runner/hostedtoolcache/Python/3.9.16/x64
2022-12-27T11:28:50.1243910Z   Python3_ROOT_DIR: /Users/runner/hostedtoolcache/Python/3.9.16/x64
2022-12-27T11:28:50.1244520Z ##[endgroup]
2022-12-27T11:28:50.1351890Z ##[group]Run echo "BUILD_NAME=$(echo lxml_2.1.2_3.9 | tr -dc '[:alnum:]\n\r' | tr '[:upper:]' '[:lower:]')" >> $GITHUB_OUTPUT
2022-12-27T11:28:50.1352340Z [36;1mecho "BUILD_NAME=$(echo lxml_2.1.2_3.9 | tr -dc '[:alnum:]\n\r' | tr '[:upper:]' '[:lower:]')" >> $GITHUB_OUTPUT[0m
2022-12-27T11:28:50.1366520Z shell: /bin/bash -e {0}
2022-12-27T11:28:50.1366800Z env:
2022-12-27T11:28:50.1366990Z   pythonLocation: /Users/runner/hostedtoolcache/Python/3.9.16/x64
2022-12-27T11:28:50.1367260Z   PKG_CONFIG_PATH: /Users/runner/hostedtoolcache/Python/3.9.16/x64/lib/pkgconfig
2022-12-27T11:28:50.1367520Z   Python_ROOT_DIR: /Users/runner/hostedtoolcache/Python/3.9.16/x64
2022-12-27T11:28:50.1367770Z   Python2_ROOT_DIR: /Users/runner/hostedtoolcache/Python/3.9.16/x64
2022-12-27T11:28:50.1368050Z   Python3_ROOT_DIR: /Users/runner/hostedtoolcache/Python/3.9.16/x64
2022-12-27T11:28:50.1368250Z ##[endgroup]
2022-12-27T11:28:50.1506060Z ##[group]Run echo "PYTHON_NO_DOTS=$(echo 3.9 | tr -dc '[:alnum:]\n\r' | tr '[:upper:]' '[:lower:]')" >> $GITHUB_OUTPUT
2022-12-27T11:28:50.1506450Z [36;1mecho "PYTHON_NO_DOTS=$(echo 3.9 | tr -dc '[:alnum:]\n\r' | tr '[:upper:]' '[:lower:]')" >> $GITHUB_OUTPUT[0m
2022-12-27T11:28:50.1520550Z shell: /bin/bash -e {0}
2022-12-27T11:28:50.1520790Z env:
2022-12-27T11:28:50.1521010Z   pythonLocation: /Users/runner/hostedtoolcache/Python/3.9.16/x64
2022-12-27T11:28:50.1521680Z   PKG_CONFIG_PATH: /Users/runner/hostedtoolcache/Python/3.9.16/x64/lib/pkgconfig
2022-12-27T11:28:50.1521960Z   Python_ROOT_DIR: /Users/runner/hostedtoolcache/Python/3.9.16/x64
2022-12-27T11:28:50.1522210Z   Python2_ROOT_DIR: /Users/runner/hostedtoolcache/Python/3.9.16/x64
2022-12-27T11:28:50.1522450Z   Python3_ROOT_DIR: /Users/runner/hostedtoolcache/Python/3.9.16/x64
2022-12-27T11:28:50.1522650Z ##[endgroup]
2022-12-27T11:28:50.1631020Z ##[group]Run rm -rf build_lxml21239
2022-12-27T11:28:50.1631420Z [36;1mrm -rf build_lxml21239[0m
2022-12-27T11:28:50.1631570Z [36;1mmkdir build_lxml21239[0m
2022-12-27T11:28:50.1631770Z [36;1mcd build_lxml21239[0m
2022-12-27T11:28:50.1632070Z [36;1m/usr/local/bin/wget --quiet https://files.pythonhosted.org/packages/4b/26/deb96ca67af34dd8ee7f2ad2758de7724e06237dc3d6882a835a6eeb441d/lxml-2.1.2.tar.gz[0m
2022-12-27T11:28:50.1632350Z [36;1mtar xf *.tar.gz[0m
2022-12-27T11:28:50.1632530Z [36;1mcd *[0m
2022-12-27T11:28:50.1632710Z [36;1mpython -m pip install cibuildwheel==2.11.3[0m
2022-12-27T11:28:50.1632930Z [36;1mpython -m cibuildwheel --output-dir ../wheelsout[0m
2022-12-27T11:28:50.1646810Z shell: /bin/bash -e {0}
2022-12-27T11:28:50.1647030Z env:
2022-12-27T11:28:50.1647240Z   pythonLocation: /Users/runner/hostedtoolcache/Python/3.9.16/x64
2022-12-27T11:28:50.1647500Z   PKG_CONFIG_PATH: /Users/runner/hostedtoolcache/Python/3.9.16/x64/lib/pkgconfig
2022-12-27T11:28:50.1647810Z   Python_ROOT_DIR: /Users/runner/hostedtoolcache/Python/3.9.16/x64
2022-12-27T11:28:50.1648020Z   Python2_ROOT_DIR: /Users/runner/hostedtoolcache/Python/3.9.16/x64
2022-12-27T11:28:50.1648250Z   Python3_ROOT_DIR: /Users/runner/hostedtoolcache/Python/3.9.16/x64
2022-12-27T11:28:50.1648460Z   CIBW_ARCHS_MACOS: arm64
2022-12-27T11:28:50.1648610Z   CIBW_TEST_SKIP: *_arm64
2022-12-27T11:28:50.1648810Z   CIBW_BUILD: cp39-macosx_arm64
2022-12-27T11:28:50.1648990Z   CIBW_BUILD_FRONTEND: pip
2022-12-27T11:28:50.1649170Z   CIBW_BUILD_VERBOSITY: 3
2022-12-27T11:28:50.1649440Z   CIBW_ENVIRONMENT_MACOS:  CFLAGS="-I/usr/local/opt/openssl@3/include" LDFLAGS="-L/usr/local/opt/openssl@3/lib" CPPFLAGS="-I/usr/local/opt/openssl@3/include" MAKEFLAGS="-j$(sysctl -n hw.logicalcpu)" PATH=/usr/local/opt/ccache/libexec:$PATH
2022-12-27T11:28:50.1649800Z   CIBW_BEFORE_BUILD: pip install Cython; if [[ -f requirements.txt ]]; then pip install -r requirements.txt; fi
2022-12-27T11:28:50.1650070Z   MAKEFLAGS: -j$(sysctl -n hw.logicalcpu)
2022-12-27T11:28:50.1650260Z ##[endgroup]
2022-12-27T11:28:50.6481700Z Requirement already satisfied: cibuildwheel==2.11.3 in /Users/runner/hostedtoolcache/Python/3.9.16/x64/lib/python3.9/site-packages (2.11.3)
2022-12-27T11:28:50.6742560Z Requirement already satisfied: packaging>=20.9 in /Users/runner/hostedtoolcache/Python/3.9.16/x64/lib/python3.9/site-packages (from cibuildwheel==2.11.3) (22.0)
2022-12-27T11:28:50.6748920Z Requirement already satisfied: tomli in /Users/runner/hostedtoolcache/Python/3.9.16/x64/lib/python3.9/site-packages (from cibuildwheel==2.11.3) (2.0.1)
2022-12-27T11:28:50.6752840Z Requirement already satisfied: filelock in /Users/runner/hostedtoolcache/Python/3.9.16/x64/lib/python3.9/site-packages (from cibuildwheel==2.11.3) (3.8.2)
2022-12-27T11:28:50.6756430Z Requirement already satisfied: bracex in /Users/runner/hostedtoolcache/Python/3.9.16/x64/lib/python3.9/site-packages (from cibuildwheel==2.11.3) (2.3.post1)
2022-12-27T11:28:50.6767020Z Requirement already satisfied: typing-extensions>=4.1.0 in /Users/runner/hostedtoolcache/Python/3.9.16/x64/lib/python3.9/site-packages (from cibuildwheel==2.11.3) (4.4.0)
2022-12-27T11:28:50.6770460Z Requirement already satisfied: certifi in /Users/runner/hostedtoolcache/Python/3.9.16/x64/lib/python3.9/site-packages (from cibuildwheel==2.11.3) (2022.12.7)
2022-12-27T11:28:50.6776000Z Requirement already satisfied: bashlex!=0.13 in /Users/runner/hostedtoolcache/Python/3.9.16/x64/lib/python3.9/site-packages (from cibuildwheel==2.11.3) (0.16)
2022-12-27T11:28:50.6779310Z Requirement already satisfied: platformdirs in /Users/runner/hostedtoolcache/Python/3.9.16/x64/lib/python3.9/site-packages (from cibuildwheel==2.11.3) (2.6.0)
2022-12-27T11:28:50.8482400Z 
2022-12-27T11:28:50.8482740Z      _ _       _ _   _       _           _
2022-12-27T11:28:50.8483160Z  ___|_| |_ _ _|_| |_| |_ _ _| |_ ___ ___| |
2022-12-27T11:28:50.8483830Z |  _| | . | | | | | . | | | |   | -_| -_| |
2022-12-27T11:28:50.8484270Z |___|_|___|___|_|_|___|_____|_|_|___|___|_|
2022-12-27T11:28:50.8485160Z 
2022-12-27T11:28:50.8485430Z cibuildwheel version 2.11.3
2022-12-27T11:28:50.8485670Z 
2022-12-27T11:28:50.8485800Z Build options:
2022-12-27T11:28:50.8486080Z   platform: macos
2022-12-27T11:28:50.8548730Z   architectures: arm64[0m
2022-12-27T11:28:50.8548990Z   build_selector: 
2022-12-27T11:28:50.8549420Z     build_config: cp39-macosx_arm64
2022-12-27T11:28:50.8549900Z     skip_config: 
2022-12-27T11:28:50.8550430Z     requires_python: None
2022-12-27T11:28:50.8550810Z     prerelease_pythons: False[0m
2022-12-27T11:28:50.8551210Z   [38;5;244mcontainer_engine: docker[0m
2022-12-27T11:28:50.8551890Z   output_dir: /Users/runner/actions-runner/_work/python.build/python.build/build_lxml21239/wheelsout[0m
2022-12-27T11:28:50.8552650Z   package_dir: /Users/runner/actions-runner/_work/python.build/python.build/build_lxml21239/lxml-2.1.2[0m
2022-12-27T11:28:50.8553080Z   test_selector: 
2022-12-27T11:28:50.8553540Z     skip_config: *_arm64[0m
2022-12-27T11:28:50.8554170Z   [38;5;244mbefore_all: [0m
2022-12-27T11:28:50.8554890Z   before_build: pip install Cython; if [[ -f requirements.txt ]]; then pip install -r requirements.txt; fi[0m
2022-12-27T11:28:50.8555430Z   [38;5;244mbefore_test: [0m
2022-12-27T11:28:50.8556100Z   [38;5;244mbuild_frontend: pip[0m
2022-12-27T11:28:50.8556570Z   build_verbosity: 3[0m
2022-12-27T11:28:50.8557040Z   [38;5;244mconfig_settings: [0m
2022-12-27T11:28:50.8557740Z   [38;5;244mdependency_constraints: pinned[0m
2022-12-27T11:28:50.8558110Z   environment: 
2022-12-27T11:28:50.8558520Z     CFLAGS="-I/usr/local/opt/openssl@3/include"
2022-12-27T11:28:50.8559220Z     LDFLAGS="-L/usr/local/opt/openssl@3/lib"
2022-12-27T11:28:50.8559760Z     CPPFLAGS="-I/usr/local/opt/openssl@3/include"
2022-12-27T11:28:50.8560270Z     MAKEFLAGS="-j$(sysctl -n hw.logicalcpu)"
2022-12-27T11:28:50.8560740Z     PATH=/usr/local/opt/ccache/libexec:$PATH[0m
2022-12-27T11:28:50.8561270Z   [38;5;244mmanylinux_images: None[0m
2022-12-27T11:28:50.8561980Z   [38;5;244mmusllinux_images: None[0m
2022-12-27T11:28:50.8562500Z   [38;5;244mrepair_command: delocate-wheel --require-archs {delocate_archs} -w {dest_dir} -v {wheel}[0m
2022-12-27T11:28:50.8563290Z   [38;5;244mtest_command: [0m
2022-12-27T11:28:50.8563660Z   [38;5;244mtest_extras: [0m
2022-12-27T11:28:50.8563960Z   [38;5;244mtest_requires: [0m
2022-12-27T11:28:50.8564300Z 
2022-12-27T11:28:50.8564480Z Cache folder: /Users/runner/Library/Caches/cibuildwheel
2022-12-27T11:28:50.8574090Z 
2022-12-27T11:28:50.8574270Z Here we go!
2022-12-27T11:28:50.8574430Z 
2022-12-27T11:28:50.8652910Z 
2022-12-27T11:28:50.8653400Z [1m[34mBuilding cp39-macosx_arm64 wheel[0m
2022-12-27T11:28:50.8653850Z CPython 3.9 macOS arm64 - Apple Silicon
2022-12-27T11:28:50.8654080Z 
2022-12-27T11:28:50.8657800Z ##[group]Installing Python cp39...
2022-12-27T11:28:50.8657990Z 
2022-12-27T11:28:50.8658200Z + pkgutil --pkgs
2022-12-27T11:28:50.8758850Z ##[endgroup]
2022-12-27T11:28:50.8759730Z                                                               [32m✓ [0m0.01s
2022-12-27T11:28:50.8760230Z ##[group]Setting up build environment...
2022-12-27T11:28:50.8760360Z 
2022-12-27T11:28:50.8779170Z + /Users/runner/hostedtoolcache/Python/3.9.16/x64/bin/python -sS /Users/runner/Library/Caches/cibuildwheel/virtualenv-20.17.0.pyz --activators= --no-periodic-update --pip=22.3.1 --setuptools=65.6.3 --wheel=0.38.4 --symlink-app-data --python /Library/Frameworks/Python.framework/Versions/3.9/bin/python3 /private/var/folders/51/hd414ycd67n82196sw51xqtc0000gn/T/cibw-run-88o6c8s5/cp39-macosx_arm64/build/venv
2022-12-27T11:28:51.0672490Z created virtual environment CPython3.9.13.final.0-64 in 49ms
2022-12-27T11:28:51.0673250Z   creator CPython3Posix(dest=/private/var/folders/51/hd414ycd67n82196sw51xqtc0000gn/T/cibw-run-88o6c8s5/cp39-macosx_arm64/build/venv, clear=False, no_vcs_ignore=False, global=False)
2022-12-27T11:28:51.0673890Z   seeder FromAppData(download=False, pip=22.3.1, setuptools=65.6.3, wheel=0.38.4, via=symlink, app_data_dir=/Users/runner/Library/Application Support/virtualenv)
2022-12-27T11:28:51.0674210Z     added seed packages: pip==22.3.1, setuptools==65.6.3, wheel==0.38.4
2022-12-27T11:28:51.0774190Z + python -m pip install --upgrade pip -c /Users/runner/hostedtoolcache/Python/3.9.16/x64/lib/python3.9/site-packages/cibuildwheel/resources/constraints-python39.txt
2022-12-27T11:28:51.3822620Z Requirement already satisfied: pip in ./lib/python3.9/site-packages (22.3.1)
2022-12-27T11:28:51.5236530Z + which pip
2022-12-27T11:28:51.5253460Z /private/var/folders/51/hd414ycd67n82196sw51xqtc0000gn/T/cibw-run-88o6c8s5/cp39-macosx_arm64/build/venv/bin/pip
2022-12-27T11:28:51.5255520Z + pip --version
2022-12-27T11:28:51.7545470Z pip 22.3.1 from /private/var/folders/51/hd414ycd67n82196sw51xqtc0000gn/T/cibw-run-88o6c8s5/cp39-macosx_arm64/build/venv/lib/python3.9/site-packages/pip (python 3.9)
2022-12-27T11:28:51.7756460Z + which pip
2022-12-27T11:28:51.7785920Z + which python
2022-12-27T11:28:51.7804680Z /private/var/folders/51/hd414ycd67n82196sw51xqtc0000gn/T/cibw-run-88o6c8s5/cp39-macosx_arm64/build/venv/bin/python
2022-12-27T11:28:51.7807120Z + python --version
2022-12-27T11:28:51.7856600Z Python 3.9.13
2022-12-27T11:28:51.7859990Z + which python
2022-12-27T11:28:51.7912120Z ##[endgroup]
2022-12-27T11:28:51.7912810Z                                                               [32m✓ [0m0.92s
2022-12-27T11:28:51.7913590Z ##[group]Installing build tools...
2022-12-27T11:28:51.7913830Z 
2022-12-27T11:28:51.7914530Z + pip install --upgrade setuptools wheel delocate -c /Users/runner/hostedtoolcache/Python/3.9.16/x64/lib/python3.9/site-packages/cibuildwheel/resources/constraints-python39.txt
2022-12-27T11:28:52.0977880Z Requirement already satisfied: setuptools in /private/var/folders/51/hd414ycd67n82196sw51xqtc0000gn/T/cibw-run-88o6c8s5/cp39-macosx_arm64/build/venv/lib/python3.9/site-packages (65.6.3)
2022-12-27T11:28:52.3454400Z Requirement already satisfied: wheel in /private/var/folders/51/hd414ycd67n82196sw51xqtc0000gn/T/cibw-run-88o6c8s5/cp39-macosx_arm64/build/venv/lib/python3.9/site-packages (0.38.4)
2022-12-27T11:28:52.3982410Z Collecting delocate
2022-12-27T11:28:52.4009000Z   Using cached delocate-0.10.3-py3-none-any.whl (142 kB)
2022-12-27T11:28:52.4333050Z Collecting packaging>=20.9
2022-12-27T11:28:52.4354860Z   Using cached packaging-21.3-py3-none-any.whl (40 kB)
2022-12-27T11:28:52.4532640Z Collecting typing-extensions
2022-12-27T11:28:52.4554430Z   Using cached typing_extensions-4.4.0-py3-none-any.whl (26 kB)
2022-12-27T11:28:52.4936210Z Collecting pyparsing!=3.0.5,>=2.0.2
2022-12-27T11:28:52.4958050Z   Using cached pyparsing-3.0.9-py3-none-any.whl (98 kB)
2022-12-27T11:28:52.5350630Z Installing collected packages: typing-extensions, pyparsing, packaging, delocate
2022-12-27T11:28:52.6890330Z Successfully installed delocate-0.10.3 packaging-21.3 pyparsing-3.0.9 typing-extensions-4.4.0
2022-12-27T11:28:52.7318120Z ##[endgroup]
2022-12-27T11:28:52.7318920Z                                                               [32m✓ [0m0.94s
2022-12-27T11:28:52.7319330Z ##[group]Running before_build...
2022-12-27T11:28:52.7319420Z 
2022-12-27T11:28:52.7325250Z + pip install Cython; if [[ -f requirements.txt ]]; then pip install -r requirements.txt; fi
2022-12-27T11:28:53.4433860Z Collecting Cython
2022-12-27T11:28:53.4480330Z   Using cached Cython-0.29.32-py2.py3-none-any.whl (986 kB)
2022-12-27T11:28:53.4923210Z Installing collected packages: Cython
2022-12-27T11:28:53.9821210Z Successfully installed Cython-0.29.32
2022-12-27T11:28:54.0241880Z ##[endgroup]
2022-12-27T11:28:54.0242560Z                                                               [32m✓ [0m1.29s
2022-12-27T11:28:54.0243160Z ##[group]Building wheel...
2022-12-27T11:28:54.0243260Z 
2022-12-27T11:28:54.0247940Z + python -m pip wheel /Users/runner/actions-runner/_work/python.build/python.build/build_lxml21239/lxml-2.1.2 --wheel-dir=/private/var/folders/51/hd414ycd67n82196sw51xqtc0000gn/T/cibw-run-88o6c8s5/cp39-macosx_arm64/built_wheel --no-deps -vvv
2022-12-27T11:28:54.3086840Z Created temporary directory: /private/var/folders/51/hd414ycd67n82196sw51xqtc0000gn/T/pip-ephem-wheel-cache-x3uv_5_w
2022-12-27T11:28:54.3091410Z Created temporary directory: /private/var/folders/51/hd414ycd67n82196sw51xqtc0000gn/T/pip-build-tracker-0y3cpsq0
2022-12-27T11:28:54.3093280Z Initialized build tracking at /private/var/folders/51/hd414ycd67n82196sw51xqtc0000gn/T/pip-build-tracker-0y3cpsq0
2022-12-27T11:28:54.3094820Z Created build tracker: /private/var/folders/51/hd414ycd67n82196sw51xqtc0000gn/T/pip-build-tracker-0y3cpsq0
2022-12-27T11:28:54.3096480Z Entered build tracker: /private/var/folders/51/hd414ycd67n82196sw51xqtc0000gn/T/pip-build-tracker-0y3cpsq0
2022-12-27T11:28:54.3099790Z Created temporary directory: /private/var/folders/51/hd414ycd67n82196sw51xqtc0000gn/T/pip-wheel-6o_1kq1d
2022-12-27T11:28:54.3106280Z Created temporary directory: /private/var/folders/51/hd414ycd67n82196sw51xqtc0000gn/T/pip-ephem-wheel-cache-70u1eiyn
2022-12-27T11:28:54.3257040Z Processing /Users/runner/actions-runner/_work/python.build/python.build/build_lxml21239/lxml-2.1.2
2022-12-27T11:28:54.3263030Z   Added file:///Users/runner/actions-runner/_work/python.build/python.build/build_lxml21239/lxml-2.1.2 to build tracker '/private/var/folders/51/hd414ycd67n82196sw51xqtc0000gn/T/pip-build-tracker-0y3cpsq0'
2022-12-27T11:28:54.3266940Z   Running setup.py (path:/Users/runner/actions-runner/_work/python.build/python.build/build_lxml21239/lxml-2.1.2/setup.py) egg_info for package from file:///Users/runner/actions-runner/_work/python.build/python.build/build_lxml21239/lxml-2.1.2
2022-12-27T11:28:54.3270110Z   Created temporary directory: /private/var/folders/51/hd414ycd67n82196sw51xqtc0000gn/T/pip-pip-egg-info-880el0ov
2022-12-27T11:28:54.3272150Z   Preparing metadata (setup.py): started
2022-12-27T11:28:54.3274030Z   Running command python setup.py egg_info
2022-12-27T11:28:54.7156010Z   Building lxml version 2.1.2.
2022-12-27T11:28:54.7156830Z   Building with Cython 0.29.32.
2022-12-27T11:28:54.7158580Z   Using build configuration of libxslt 1.1.29
2022-12-27T11:28:54.7160110Z   Building against libxml2/libxslt in the following directory: /Library/Developer/CommandLineTools/SDKs/MacOSX12.1.sdk/usr/lib
2022-12-27T11:28:54.7161380Z   running egg_info
2022-12-27T11:28:54.7163660Z   creating /private/var/folders/51/hd414ycd67n82196sw51xqtc0000gn/T/pip-pip-egg-info-880el0ov/lxml.egg-info
2022-12-27T11:28:54.7167570Z   writing /private/var/folders/51/hd414ycd67n82196sw51xqtc0000gn/T/pip-pip-egg-info-880el0ov/lxml.egg-info/PKG-INFO
2022-12-27T11:28:54.7172510Z   writing dependency_links to /private/var/folders/51/hd414ycd67n82196sw51xqtc0000gn/T/pip-pip-egg-info-880el0ov/lxml.egg-info/dependency_links.txt
2022-12-27T11:28:54.7176530Z   writing top-level names to /private/var/folders/51/hd414ycd67n82196sw51xqtc0000gn/T/pip-pip-egg-info-880el0ov/lxml.egg-info/top_level.txt
2022-12-27T11:28:54.7179340Z   writing manifest file '/private/var/folders/51/hd414ycd67n82196sw51xqtc0000gn/T/pip-pip-egg-info-880el0ov/lxml.egg-info/SOURCES.txt'
2022-12-27T11:28:54.7243380Z   reading manifest file '/private/var/folders/51/hd414ycd67n82196sw51xqtc0000gn/T/pip-pip-egg-info-880el0ov/lxml.egg-info/SOURCES.txt'
2022-12-27T11:28:54.7246250Z   reading manifest template 'MANIFEST.in'
2022-12-27T11:28:54.8144700Z   adding license file 'LICENSES.txt'
2022-12-27T11:28:54.8210190Z   writing manifest file '/private/var/folders/51/hd414ycd67n82196sw51xqtc0000gn/T/pip-pip-egg-info-880el0ov/lxml.egg-info/SOURCES.txt'
2022-12-27T11:28:54.8447270Z   Preparing metadata (setup.py): finished with status 'done'
2022-12-27T11:28:54.8472300Z   Source in /Users/runner/actions-runner/_work/python.build/python.build/build_lxml21239/lxml-2.1.2 has version 2.1.2, which satisfies requirement lxml==2.1.2 from file:///Users/runner/actions-runner/_work/python.build/python.build/build_lxml21239/lxml-2.1.2
2022-12-27T11:28:54.8476040Z   Removed lxml==2.1.2 from file:///Users/runner/actions-runner/_work/python.build/python.build/build_lxml21239/lxml-2.1.2 from build tracker '/private/var/folders/51/hd414ycd67n82196sw51xqtc0000gn/T/pip-build-tracker-0y3cpsq0'
2022-12-27T11:28:54.8493010Z Created temporary directory: /private/var/folders/51/hd414ycd67n82196sw51xqtc0000gn/T/pip-unpack-koh15znk
2022-12-27T11:28:54.8495220Z Building wheels for collected packages: lxml
2022-12-27T11:28:54.8501030Z   Created temporary directory: /private/var/folders/51/hd414ycd67n82196sw51xqtc0000gn/T/pip-wheel-708_mznu
2022-12-27T11:28:54.8503030Z   Building wheel for lxml (setup.py): started
2022-12-27T11:28:54.8504940Z   Destination directory: /private/var/folders/51/hd414ycd67n82196sw51xqtc0000gn/T/pip-wheel-708_mznu
2022-12-27T11:28:54.8506510Z   Running command python setup.py bdist_wheel
2022-12-27T11:28:55.1071900Z   Building lxml version 2.1.2.
2022-12-27T11:28:55.1074710Z   Building with Cython 0.29.32.
2022-12-27T11:28:55.1206720Z   Using build configuration of libxslt 1.1.29
2022-12-27T11:28:55.2154470Z   Building against libxml2/libxslt in the following directory: /Library/Developer/CommandLineTools/SDKs/MacOSX12.1.sdk/usr/lib
2022-12-27T11:28:55.2398330Z   running bdist_wheel
2022-12-27T11:28:55.2443190Z   running build
2022-12-27T11:28:55.2445290Z   running build_py
2022-12-27T11:28:55.2466920Z   creating build
2022-12-27T11:28:55.2469260Z   creating build/lib.macosx-11.0-arm64-cpython-39
2022-12-27T11:28:55.2471110Z   creating build/lib.macosx-11.0-arm64-cpython-39/lxml
2022-12-27T11:28:55.2473090Z   copying src/lxml/_elementpath.py -> build/lib.macosx-11.0-arm64-cpython-39/lxml
2022-12-27T11:28:55.2475160Z   copying src/lxml/sax.py -> build/lib.macosx-11.0-arm64-cpython-39/lxml
2022-12-27T11:28:55.2476850Z   copying src/lxml/pyclasslookup.py -> build/lib.macosx-11.0-arm64-cpython-39/lxml
2022-12-27T11:28:55.2480380Z   copying src/lxml/__init__.py -> build/lib.macosx-11.0-arm64-cpython-39/lxml
2022-12-27T11:28:55.2482870Z   copying src/lxml/builder.py -> build/lib.macosx-11.0-arm64-cpython-39/lxml
2022-12-27T11:28:55.2486080Z   copying src/lxml/doctestcompare.py -> build/lib.macosx-11.0-arm64-cpython-39/lxml
2022-12-27T11:28:55.2489440Z   copying src/lxml/usedoctest.py -> build/lib.macosx-11.0-arm64-cpython-39/lxml
2022-12-27T11:28:55.2492010Z   copying src/lxml/cssselect.py -> build/lib.macosx-11.0-arm64-cpython-39/lxml
2022-12-27T11:28:55.2495250Z   copying src/lxml/ElementInclude.py -> build/lib.macosx-11.0-arm64-cpython-39/lxml
2022-12-27T11:28:55.2503150Z   creating build/lib.macosx-11.0-arm64-cpython-39/lxml/html
2022-12-27T11:28:55.2505620Z   copying src/lxml/html/soupparser.py -> build/lib.macosx-11.0-arm64-cpython-39/lxml/html
2022-12-27T11:28:55.2508040Z   copying src/lxml/html/defs.py -> build/lib.macosx-11.0-arm64-cpython-39/lxml/html
2022-12-27T11:28:55.2511460Z   copying src/lxml/html/_setmixin.py -> build/lib.macosx-11.0-arm64-cpython-39/lxml/html
2022-12-27T11:28:55.2514150Z   copying src/lxml/html/clean.py -> build/lib.macosx-11.0-arm64-cpython-39/lxml/html
2022-12-27T11:28:55.2517430Z   copying src/lxml/html/_diffcommand.py -> build/lib.macosx-11.0-arm64-cpython-39/lxml/html
2022-12-27T11:28:55.2520300Z   copying src/lxml/html/__init__.py -> build/lib.macosx-11.0-arm64-cpython-39/lxml/html
2022-12-27T11:28:55.2523610Z   copying src/lxml/html/formfill.py -> build/lib.macosx-11.0-arm64-cpython-39/lxml/html
2022-12-27T11:28:55.2527020Z   copying src/lxml/html/builder.py -> build/lib.macosx-11.0-arm64-cpython-39/lxml/html
2022-12-27T11:28:55.2529910Z   copying src/lxml/html/ElementSoup.py -> build/lib.macosx-11.0-arm64-cpython-39/lxml/html
2022-12-27T11:28:55.2532620Z   copying src/lxml/html/usedoctest.py -> build/lib.macosx-11.0-arm64-cpython-39/lxml/html
2022-12-27T11:28:55.2535300Z   copying src/lxml/html/diff.py -> build/lib.macosx-11.0-arm64-cpython-39/lxml/html
2022-12-27T11:28:55.2538560Z   copying src/lxml/html/_dictmixin.py -> build/lib.macosx-11.0-arm64-cpython-39/lxml/html
2022-12-27T11:28:55.2550300Z   running build_ext
2022-12-27T11:28:55.2960750Z   skipping 'src/lxml/lxml.etree.c' Cython extension (up-to-date)
2022-12-27T11:28:55.2963120Z   skipping 'src/lxml/lxml.objectify.c' Cython extension (up-to-date)
2022-12-27T11:28:55.2965470Z   building 'lxml.etree' extension
2022-12-27T11:28:55.2967120Z   creating build/temp.macosx-11.0-arm64-cpython-39
2022-12-27T11:28:55.2968780Z   creating build/temp.macosx-11.0-arm64-cpython-39/src
2022-12-27T11:28:55.2970320Z   creating build/temp.macosx-11.0-arm64-cpython-39/src/lxml
2022-12-27T11:28:55.2972790Z   gcc -Wno-unused-result -Wsign-compare -Wunreachable-code -fno-common -dynamic -DNDEBUG -g -fwrapv -O3 -Wall -g -I/usr/local/opt/openssl@3/include -I/usr/local/opt/openssl@3/include -arch arm64 -I/Library/Developer/CommandLineTools/SDKs/MacOSX12.1.sdk/usr/include -I/private/var/folders/51/hd414ycd67n82196sw51xqtc0000gn/T/cibw-run-88o6c8s5/cp39-macosx_arm64/build/venv/include -I/Library/Frameworks/Python.framework/Versions/3.9/include/python3.9 -c src/lxml/lxml.etree.c -o build/temp.macosx-11.0-arm64-cpython-39/src/lxml/lxml.etree.o -w -flat_namespace
2022-12-27T11:28:55.4989940Z   src/lxml/lxml.etree.c:39309:62: error: use of undeclared identifier 'PyFile_Type'; did you mean 'PyFilter_Type'?
2022-12-27T11:28:55.4991400Z     __pyx_1 = PyObject_IsInstance(__pyx_v_source, ((PyObject*)&PyFile_Type)); if (unlikely(__pyx_1 == -1)) {__pyx_filename = __pyx_f[1]; __pyx_lineno = 1354; __pyx_clineno = __LINE__; goto __pyx_L1_error;}
2022-12-27T11:28:55.4992480Z                                                                ^~~~~~~~~~~
2022-12-27T11:28:55.4994220Z                                                                PyFilter_Type
2022-12-27T11:28:55.4996270Z   /Library/Frameworks/Python.framework/Versions/3.9/include/python3.9/bltinmodule.h:7:26: note: 'PyFilter_Type' declared here
2022-12-27T11:28:55.4997190Z   PyAPI_DATA(PyTypeObject) PyFilter_Type;
2022-12-27T11:28:55.4998850Z                            ^
2022-12-27T11:28:55.7866200Z   src/lxml/lxml.etree.c:127635:21: error: no member named 'exc_type' in 'struct _ts'
2022-12-27T11:28:55.7866990Z       *type = tstate->exc_type;
2022-12-27T11:28:55.7868530Z               ~~~~~~  ^
2022-12-27T11:28:55.7870250Z   src/lxml/lxml.etree.c:127636:22: error: no member named 'exc_value' in 'struct _ts'; did you mean 'curexc_value'?
2022-12-27T11:28:55.7871380Z       *value = tstate->exc_value;
2022-12-27T11:28:55.7873360Z                        ^~~~~~~~~
2022-12-27T11:28:55.7874810Z                        curexc_value
2022-12-27T11:28:55.7876630Z   /Library/Frameworks/Python.framework/Versions/3.9/include/python3.9/cpython/pystate.h:78:15: note: 'curexc_value' declared here
2022-12-27T11:28:55.7877860Z       PyObject *curexc_value;
2022-12-27T11:28:55.7879390Z                 ^
2022-12-27T11:28:55.7880980Z   src/lxml/lxml.etree.c:127637:19: error: no member named 'exc_traceback' in 'struct _ts'; did you mean 'curexc_traceback'?
2022-12-27T11:28:55.7882430Z       *tb = tstate->exc_traceback;
2022-12-27T11:28:55.7883770Z                     ^~~~~~~~~~~~~
2022-12-27T11:28:55.7885220Z                     curexc_traceback
2022-12-27T11:28:55.7886950Z   /Library/Frameworks/Python.framework/Versions/3.9/include/python3.9/cpython/pystate.h:79:15: note: 'curexc_traceback' declared here
2022-12-27T11:28:55.7888680Z       PyObject *curexc_traceback;
2022-12-27T11:28:55.7889680Z                 ^
2022-12-27T11:28:55.7891350Z   src/lxml/lxml.etree.c:127646:24: error: no member named 'exc_type' in 'struct _ts'
2022-12-27T11:28:55.7892850Z       tmp_type = tstate->exc_type;
2022-12-27T11:28:55.7894100Z                  ~~~~~~  ^
2022-12-27T11:28:55.7895820Z   src/lxml/lxml.etree.c:127647:25: error: no member named 'exc_value' in 'struct _ts'; did you mean 'curexc_value'?
2022-12-27T11:28:55.7897220Z       tmp_value = tstate->exc_value;
2022-12-27T11:28:55.7898600Z                           ^~~~~~~~~
2022-12-27T11:28:55.7900160Z                           curexc_value
2022-12-27T11:28:55.7901840Z   /Library/Frameworks/Python.framework/Versions/3.9/include/python3.9/cpython/pystate.h:78:15: note: 'curexc_value' declared here
2022-12-27T11:28:55.7903170Z       PyObject *curexc_value;
2022-12-27T11:28:55.7904570Z                 ^
2022-12-27T11:28:55.7906500Z   src/lxml/lxml.etree.c:127648:22: error: no member named 'exc_traceback' in 'struct _ts'; did you mean 'curexc_traceback'?
2022-12-27T11:28:55.7907910Z       tmp_tb = tstate->exc_traceback;
2022-12-27T11:28:55.7909300Z                        ^~~~~~~~~~~~~
2022-12-27T11:28:55.7910730Z                        curexc_traceback
2022-12-27T11:28:55.7912450Z   /Library/Frameworks/Python.framework/Versions/3.9/include/python3.9/cpython/pystate.h:79:15: note: 'curexc_traceback' declared here
2022-12-27T11:28:55.7913820Z       PyObject *curexc_traceback;
2022-12-27T11:28:55.7915140Z                 ^
2022-12-27T11:28:55.7916750Z   src/lxml/lxml.etree.c:127649:13: error: no member named 'exc_type' in 'struct _ts'
2022-12-27T11:28:55.7918230Z       tstate->exc_type = type;
2022-12-27T11:28:55.7919620Z       ~~~~~~  ^
2022-12-27T11:28:55.7921300Z   src/lxml/lxml.etree.c:127650:13: error: no member named 'exc_value' in 'struct _ts'; did you mean 'curexc_value'?
2022-12-27T11:28:55.7922750Z       tstate->exc_value = value;
2022-12-27T11:28:55.7924170Z               ^~~~~~~~~
2022-12-27T11:28:55.7925600Z               curexc_value
2022-12-27T11:28:55.7927470Z   /Library/Frameworks/Python.framework/Versions/3.9/include/python3.9/cpython/pystate.h:78:15: note: 'curexc_value' declared here
2022-12-27T11:28:55.7928600Z       PyObject *curexc_value;
2022-12-27T11:28:55.7930060Z                 ^
2022-12-27T11:28:55.7931740Z   src/lxml/lxml.etree.c:127651:13: error: no member named 'exc_traceback' in 'struct _ts'; did you mean 'curexc_traceback'?
2022-12-27T11:28:55.7933210Z       tstate->exc_traceback = tb;
2022-12-27T11:28:55.7934430Z               ^~~~~~~~~~~~~
2022-12-27T11:28:55.8000360Z               curexc_traceback
2022-12-27T11:28:55.8001190Z   /Library/Frameworks/Python.framework/Versions/3.9/include/python3.9/cpython/pystate.h:79:15: note: 'curexc_traceback' declared here
2022-12-27T11:28:55.8001660Z       PyObject *curexc_traceback;
2022-12-27T11:28:55.8001960Z                 ^
2022-12-27T11:28:55.8002450Z   src/lxml/lxml.etree.c:127726:24: error: no member named 'exc_type' in 'struct _ts'
2022-12-27T11:28:55.8002880Z       tmp_type = tstate->exc_type;
2022-12-27T11:28:55.8003150Z                  ~~~~~~  ^
2022-12-27T11:28:55.8003780Z   src/lxml/lxml.etree.c:127727:25: error: no member named 'exc_value' in 'struct _ts'; did you mean 'curexc_value'?
2022-12-27T11:28:55.8004080Z       tmp_value = tstate->exc_value;
2022-12-27T11:28:55.8004300Z                           ^~~~~~~~~
2022-12-27T11:28:55.8004480Z                           curexc_value
2022-12-27T11:28:55.8004840Z   /Library/Frameworks/Python.framework/Versions/3.9/include/python3.9/cpython/pystate.h:78:15: note: 'curexc_value' declared here
2022-12-27T11:28:55.8005060Z       PyObject *curexc_value;
2022-12-27T11:28:55.8005230Z                 ^
2022-12-27T11:28:55.8005600Z   src/lxml/lxml.etree.c:127728:22: error: no member named 'exc_traceback' in 'struct _ts'; did you mean 'curexc_traceback'?
2022-12-27T11:28:55.8005850Z       tmp_tb = tstate->exc_traceback;
2022-12-27T11:28:55.8006030Z                        ^~~~~~~~~~~~~
2022-12-27T11:28:55.8006210Z                        curexc_traceback
2022-12-27T11:28:55.8006660Z   /Library/Frameworks/Python.framework/Versions/3.9/include/python3.9/cpython/pystate.h:79:15: note: 'curexc_traceback' declared here
2022-12-27T11:28:55.8006920Z       PyObject *curexc_traceback;
2022-12-27T11:28:55.8007050Z                 ^
2022-12-27T11:28:55.8007320Z   src/lxml/lxml.etree.c:127729:13: error: no member named 'exc_type' in 'struct _ts'
2022-12-27T11:28:55.8007580Z       tstate->exc_type = *type;
2022-12-27T11:28:55.8007730Z       ~~~~~~  ^
2022-12-27T11:28:55.8008000Z   src/lxml/lxml.etree.c:127730:13: error: no member named 'exc_value' in 'struct _ts'; did you mean 'curexc_value'?
2022-12-27T11:28:55.8008270Z       tstate->exc_value = *value;
2022-12-27T11:28:55.8008420Z               ^~~~~~~~~
2022-12-27T11:28:55.8008590Z               curexc_value
2022-12-27T11:28:55.8009160Z   /Library/Frameworks/Python.framework/Versions/3.9/include/python3.9/cpython/pystate.h:78:15: note: 'curexc_value' declared here
2022-12-27T11:28:55.8009430Z       PyObject *curexc_value;
2022-12-27T11:28:55.8009580Z                 ^
2022-12-27T11:28:55.8009900Z   src/lxml/lxml.etree.c:127731:13: error: no member named 'exc_traceback' in 'struct _ts'; did you mean 'curexc_traceback'?
2022-12-27T11:28:55.8010220Z       tstate->exc_traceback = *tb;
2022-12-27T11:28:55.8010370Z               ^~~~~~~~~~~~~
2022-12-27T11:28:55.8010540Z               curexc_traceback
2022-12-27T11:28:55.8010870Z   /Library/Frameworks/Python.framework/Versions/3.9/include/python3.9/cpython/pystate.h:79:15: note: 'curexc_traceback' declared here
2022-12-27T11:28:55.8011080Z       PyObject *curexc_traceback;
2022-12-27T11:28:55.8011260Z                 ^
2022-12-27T11:28:55.8011440Z   16 errors generated.
2022-12-27T11:28:55.8011680Z   error: command '/usr/bin/gcc' failed with exit code 1
2022-12-27T11:28:55.8290980Z   error: subprocess-exited-with-error
2022-12-27T11:28:55.8291370Z   
2022-12-27T11:28:55.8291850Z   × python setup.py bdist_wheel did not run successfully.
2022-12-27T11:28:55.8292100Z   │ exit code: 1
2022-12-27T11:28:55.8292370Z   ╰─> See above for output.
2022-12-27T11:28:55.8292610Z   
2022-12-27T11:28:55.8292850Z   note: This error originates from a subprocess, and is likely not a problem with pip.
2022-12-27T11:28:55.8300540Z   full command: /private/var/folders/51/hd414ycd67n82196sw51xqtc0000gn/T/cibw-run-88o6c8s5/cp39-macosx_arm64/build/venv/bin/python -u -c '
2022-12-27T11:28:55.8301080Z   exec(compile('"'"''"'"''"'"'
2022-12-27T11:28:55.8301580Z   # This is <pip-setuptools-caller> -- a caller that pip uses to run setup.py
2022-12-27T11:28:55.8301860Z   #
2022-12-27T11:28:55.8302090Z   # - It imports setuptools before invoking setup.py, to enable projects that directly
2022-12-27T11:28:55.8302380Z   #   import from `distutils.core` to work with newer packaging standards.
2022-12-27T11:28:55.8302680Z   # - It provides a clear error message when setuptools is not installed.
2022-12-27T11:28:55.8303010Z   # - It sets `sys.argv[0]` to the underlying `setup.py`, when invoking `setup.py` so
2022-12-27T11:28:55.8303320Z   #   setuptools doesn'"'"'t think the script is `-c`. This avoids the following warning:
2022-12-27T11:28:55.8304070Z   #     manifest_maker: standard file '"'"'-c'"'"' not found".
2022-12-27T11:28:55.8304340Z   # - It generates a shim setup.py, for handling setup.cfg-only projects.
2022-12-27T11:28:55.8304570Z   import os, sys, tokenize
2022-12-27T11:28:55.8304740Z   
2022-12-27T11:28:55.8304860Z   try:
2022-12-27T11:28:55.8305040Z       import setuptools
2022-12-27T11:28:55.8305210Z   except ImportError as error:
2022-12-27T11:28:55.8305360Z       print(
2022-12-27T11:28:55.8305570Z           "ERROR: Can not execute `setup.py` since setuptools is not available in "
2022-12-27T11:28:55.8305780Z           "the build environment.",
2022-12-27T11:28:55.8305920Z           file=sys.stderr,
2022-12-27T11:28:55.8306050Z       )
2022-12-27T11:28:55.8306200Z       sys.exit(1)
2022-12-27T11:28:55.8306300Z   
2022-12-27T11:28:55.8306440Z   __file__ = %r
2022-12-27T11:28:55.8306560Z   sys.argv[0] = __file__
2022-12-27T11:28:55.8306660Z   
2022-12-27T11:28:55.8306820Z   if os.path.exists(__file__):
2022-12-27T11:28:55.8307010Z       filename = __file__
2022-12-27T11:28:55.8307190Z       with tokenize.open(__file__) as f:
2022-12-27T11:28:55.8307340Z           setup_py_code = f.read()
2022-12-27T11:28:55.8307500Z   else:
2022-12-27T11:28:55.8307770Z       filename = "<auto-generated setuptools caller>"
2022-12-27T11:28:55.8307960Z       setup_py_code = "from setuptools import setup; setup()"
2022-12-27T11:28:55.8308140Z   
2022-12-27T11:28:55.8308310Z   exec(compile(setup_py_code, filename, "exec"))
2022-12-27T11:28:55.8308960Z   '"'"''"'"''"'"' % ('"'"'/Users/runner/actions-runner/_work/python.build/python.build/build_lxml21239/lxml-2.1.2/setup.py'"'"',), "<pip-setuptools-caller>", "exec"))' bdist_wheel -d /private/var/folders/51/hd414ycd67n82196sw51xqtc0000gn/T/pip-wheel-708_mznu
2022-12-27T11:28:55.8309460Z   cwd: /Users/runner/actions-runner/_work/python.build/python.build/build_lxml21239/lxml-2.1.2/
2022-12-27T11:28:55.8309700Z   ERROR: Failed building wheel for lxml
2022-12-27T11:28:55.8310000Z   Building wheel for lxml (setup.py): finished with status 'error'
2022-12-27T11:28:55.8310320Z   Running setup.py clean for lxml
2022-12-27T11:28:55.8312160Z   Running command python setup.py clean
2022-12-27T11:28:56.0844660Z   Building lxml version 2.1.2.
2022-12-27T11:28:56.0846330Z   Building with Cython 0.29.32.
2022-12-27T11:28:56.0974740Z   Using build configuration of libxslt 1.1.29
2022-12-27T11:28:56.1916580Z   Building against libxml2/libxslt in the following directory: /Library/Developer/CommandLineTools/SDKs/MacOSX12.1.sdk/usr/lib
2022-12-27T11:28:56.2060710Z   running clean
2022-12-27T11:28:56.2090370Z   removing 'build/temp.macosx-11.0-arm64-cpython-39' (and everything under it)
2022-12-27T11:28:56.2094510Z   removing 'build/lib.macosx-11.0-arm64-cpython-39' (and everything under it)
2022-12-27T11:28:56.2114990Z   'build/bdist.macosx-11.0-arm64' does not exist -- can't clean it
2022-12-27T11:28:56.2117040Z   'build/scripts-3.9' does not exist -- can't clean it
2022-12-27T11:28:56.2118680Z   removing 'build'
2022-12-27T11:28:56.2356880Z Failed to build lxml
2022-12-27T11:28:56.2361800Z ERROR: Failed to build one or more wheels
2022-12-27T11:28:56.2371790Z Exception information:
2022-12-27T11:28:56.2372020Z Traceback (most recent call last):
2022-12-27T11:28:56.2379980Z   File "/private/var/folders/51/hd414ycd67n82196sw51xqtc0000gn/T/cibw-run-88o6c8s5/cp39-macosx_arm64/build/venv/lib/python3.9/site-packages/pip/_internal/cli/base_command.py", line 160, in exc_logging_wrapper
2022-12-27T11:28:56.2380450Z     status = run_func(*args)
2022-12-27T11:28:56.2381090Z   File "/private/var/folders/51/hd414ycd67n82196sw51xqtc0000gn/T/cibw-run-88o6c8s5/cp39-macosx_arm64/build/venv/lib/python3.9/site-packages/pip/_internal/cli/req_command.py", line 247, in wrapper
2022-12-27T11:28:56.2381540Z     return func(self, options, args)
2022-12-27T11:28:56.2382100Z   File "/private/var/folders/51/hd414ycd67n82196sw51xqtc0000gn/T/cibw-run-88o6c8s5/cp39-macosx_arm64/build/venv/lib/python3.9/site-packages/pip/_internal/commands/wheel.py", line 201, in run
2022-12-27T11:28:56.2382910Z     raise CommandError("Failed to build one or more wheels")
2022-12-27T11:28:56.2383290Z pip._internal.exceptions.CommandError: Failed to build one or more wheels
2022-12-27T11:28:56.2383750Z Removed build tracker: '/private/var/folders/51/hd414ycd67n82196sw51xqtc0000gn/T/pip-build-tracker-0y3cpsq0'
2022-12-27T11:28:56.2766460Z ##[endgroup]
2022-12-27T11:28:56.2789770Z ##[error]Command ['python', '-m', 'pip', 'wheel', '/Users/runner/actions-runner/_work/python.build/python.build/build_lxml21239/lxml-2.1.2', '--wheel-dir=/private/var/folders/51/hd414ycd67n82196sw51xqtc0000gn/T/cibw-run-88o6c8s5/cp39-macosx_arm64/built_wheel', '--no-deps', '-vvv'] failed with code 1. None
2022-12-27T11:28:56.2797230Z 
2022-12-27T11:28:56.2797680Z                                                               [31m✕ [0m2.25s
2022-12-27T11:28:56.3222660Z ##[error]Process completed with exit code 1.
2022-12-27T11:28:56.3254470Z ##[group]Run rm -rf build_lxml21239 wheelsout
2022-12-27T11:28:56.3254660Z [36;1mrm -rf build_lxml21239 wheelsout[0m
2022-12-27T11:28:56.3269570Z shell: /bin/bash -e {0}
2022-12-27T11:28:56.3269690Z env:
2022-12-27T11:28:56.3269840Z   pythonLocation: /Users/runner/hostedtoolcache/Python/3.9.16/x64
2022-12-27T11:28:56.3270030Z   PKG_CONFIG_PATH: /Users/runner/hostedtoolcache/Python/3.9.16/x64/lib/pkgconfig
2022-12-27T11:28:56.3270230Z   Python_ROOT_DIR: /Users/runner/hostedtoolcache/Python/3.9.16/x64
2022-12-27T11:28:56.3270400Z   Python2_ROOT_DIR: /Users/runner/hostedtoolcache/Python/3.9.16/x64
2022-12-27T11:28:56.3270570Z   Python3_ROOT_DIR: /Users/runner/hostedtoolcache/Python/3.9.16/x64
2022-12-27T11:28:56.3270710Z ##[endgroup]
2022-12-27T11:28:56.3787680Z Cleaning up orphan processes
