2022-12-27T07:23:31.8669189Z Requested labels: self-hosted, macOS, X64
2022-12-27T07:23:31.8669326Z Job defined at: kilnbuild/python.build/.github/workflows/mac_arm_build.yml@refs/heads/main
2022-12-27T07:23:31.8669362Z Waiting for a runner to pick up this job...
2022-12-27T08:50:16.3369501Z Job is about to start running on the runner: kr2 (organization)
2022-12-27T08:50:22.6425600Z Current runner version: '2.300.2'
2022-12-27T08:50:22.6433850Z Runner name: 'kr2'
2022-12-27T08:50:22.6434230Z Runner group name: 'Default'
2022-12-27T08:50:22.6435110Z Machine name: 'kr2'
2022-12-27T08:50:22.6437660Z ##[group]GITHUB_TOKEN Permissions
2022-12-27T08:50:22.6438330Z Actions: write
2022-12-27T08:50:22.6438580Z Checks: write
2022-12-27T08:50:22.6438830Z Contents: write
2022-12-27T08:50:22.6439080Z Deployments: write
2022-12-27T08:50:22.6439340Z Discussions: write
2022-12-27T08:50:22.6439590Z Issues: write
2022-12-27T08:50:22.6439830Z Metadata: read
2022-12-27T08:50:22.6440080Z Packages: write
2022-12-27T08:50:22.6440330Z Pages: write
2022-12-27T08:50:22.6440570Z PullRequests: write
2022-12-27T08:50:22.6440880Z RepositoryProjects: write
2022-12-27T08:50:22.6441170Z SecurityEvents: write
2022-12-27T08:50:22.6441420Z Statuses: write
2022-12-27T08:50:22.6441670Z ##[endgroup]
2022-12-27T08:50:22.6445360Z Secret source: Actions
2022-12-27T08:50:22.6445850Z Prepare workflow directory
2022-12-27T08:50:22.7555190Z Prepare all required actions
2022-12-27T08:50:22.7780910Z Getting action download info
2022-12-27T08:50:23.2055840Z Download action repository 'actions/setup-python@v4' (SHA:5ccb29d8773c3f3f653e1705f474dfaa8a06a912)
2022-12-27T08:50:25.1053670Z Download action repository 'actions/upload-artifact@v3' (SHA:83fd05a356d7e2593de66fc9913b3002723633cb)
2022-12-27T08:50:26.5725920Z ##[group]Run echo '{
2022-12-27T08:50:26.5726420Z [36;1mecho '{[0m
2022-12-27T08:50:26.5726750Z [36;1m  "environment_variables": "GRPC_PYTHON_BUILD_WITH_CYTHON=1 GRPC_BUILD_WITH_BORING_SSL_ASM='' GRPC_PYTHON_BUILD_SYSTEM_OPENSSL=TRUE",[0m
2022-12-27T08:50:26.5727100Z [36;1m  "package_name": "grpcio-tools",[0m
2022-12-27T08:50:26.5727500Z [36;1m  "package_url": "https://files.pythonhosted.org/packages/7b/22/93b83676787ab07fb7f8d8dcea5351efd6ee62ca0dfba8799cc06f375b37/grpcio_tools-0.14.0.tar.gz",[0m
2022-12-27T08:50:26.5727890Z [36;1m  "package_version": "0.14.0",[0m
2022-12-27T08:50:26.5728120Z [36;1m  "python_version": "3.8",[0m
2022-12-27T08:50:26.5728340Z [36;1m  "use_ccache": "true"[0m
2022-12-27T08:50:26.5728520Z [36;1m}'[0m
2022-12-27T08:50:26.5753920Z shell: /bin/bash -e {0}
2022-12-27T08:50:26.5754130Z ##[endgroup]
2022-12-27T08:50:26.6144380Z {
2022-12-27T08:50:26.6147080Z   "environment_variables": "GRPC_PYTHON_BUILD_WITH_CYTHON=1 GRPC_BUILD_WITH_BORING_SSL_ASM= GRPC_PYTHON_BUILD_SYSTEM_OPENSSL=TRUE",
2022-12-27T08:50:26.6148160Z   "package_name": "grpcio-tools",
2022-12-27T08:50:26.6148790Z   "package_url": "https://files.pythonhosted.org/packages/7b/22/93b83676787ab07fb7f8d8dcea5351efd6ee62ca0dfba8799cc06f375b37/grpcio_tools-0.14.0.tar.gz",
2022-12-27T08:50:26.6149410Z   "package_version": "0.14.0",
2022-12-27T08:50:26.6149770Z   "python_version": "3.8",
2022-12-27T08:50:26.6150050Z   "use_ccache": "true"
2022-12-27T08:50:26.6150430Z }
2022-12-27T08:50:26.6514010Z ##[group]Run actions/setup-python@v4
2022-12-27T08:50:26.6514720Z with:
2022-12-27T08:50:26.6515360Z   python-version: 3.8
2022-12-27T08:50:26.6516320Z   check-latest: false
2022-12-27T08:50:26.6517430Z   token: ***
2022-12-27T08:50:26.6518080Z   update-environment: true
2022-12-27T08:50:26.6518760Z ##[endgroup]
2022-12-27T08:50:26.8688910Z ##[group]Installed versions
2022-12-27T08:50:26.8717970Z Successfully set up CPython (3.8.15)
2022-12-27T08:50:26.8719360Z ##[endgroup]
2022-12-27T08:50:26.8980230Z ##[group]Run if [ "true" == "true" ]
2022-12-27T08:50:26.8980690Z [36;1mif [ "true" == "true" ][0m
2022-12-27T08:50:26.8981040Z [36;1mthen[0m
2022-12-27T08:50:26.8981410Z [36;1m  echo "CCACHE_PATH_PREPEND=/usr/local/opt/ccache/libexec" >> $GITHUB_OUTPUT[0m
2022-12-27T08:50:26.8981910Z [36;1melse[0m
2022-12-27T08:50:26.8982280Z [36;1m  echo "CCACHE_PATH_PREPEND=" >> $GITHUB_OUTPUT[0m
2022-12-27T08:50:26.8982570Z [36;1mfi[0m
2022-12-27T08:50:26.9013770Z shell: /bin/bash -e {0}
2022-12-27T08:50:26.9014140Z env:
2022-12-27T08:50:26.9014540Z   pythonLocation: /Users/runner/hostedtoolcache/Python/3.8.15/x64
2022-12-27T08:50:26.9014940Z   PKG_CONFIG_PATH: /Users/runner/hostedtoolcache/Python/3.8.15/x64/lib/pkgconfig
2022-12-27T08:50:26.9015930Z   Python_ROOT_DIR: /Users/runner/hostedtoolcache/Python/3.8.15/x64
2022-12-27T08:50:26.9016480Z   Python2_ROOT_DIR: /Users/runner/hostedtoolcache/Python/3.8.15/x64
2022-12-27T08:50:26.9016990Z   Python3_ROOT_DIR: /Users/runner/hostedtoolcache/Python/3.8.15/x64
2022-12-27T08:50:26.9017380Z ##[endgroup]
2022-12-27T08:50:26.9317370Z ##[group]Run echo "BUILD_NAME=$(echo grpcio-tools_0.14.0_3.8 | tr -dc '[:alnum:]\n\r' | tr '[:upper:]' '[:lower:]')" >> $GITHUB_OUTPUT
2022-12-27T08:50:26.9317950Z [36;1mecho "BUILD_NAME=$(echo grpcio-tools_0.14.0_3.8 | tr -dc '[:alnum:]\n\r' | tr '[:upper:]' '[:lower:]')" >> $GITHUB_OUTPUT[0m
2022-12-27T08:50:26.9344400Z shell: /bin/bash -e {0}
2022-12-27T08:50:26.9344600Z env:
2022-12-27T08:50:26.9344830Z   pythonLocation: /Users/runner/hostedtoolcache/Python/3.8.15/x64
2022-12-27T08:50:26.9345210Z   PKG_CONFIG_PATH: /Users/runner/hostedtoolcache/Python/3.8.15/x64/lib/pkgconfig
2022-12-27T08:50:26.9345720Z   Python_ROOT_DIR: /Users/runner/hostedtoolcache/Python/3.8.15/x64
2022-12-27T08:50:26.9346070Z   Python2_ROOT_DIR: /Users/runner/hostedtoolcache/Python/3.8.15/x64
2022-12-27T08:50:26.9346430Z   Python3_ROOT_DIR: /Users/runner/hostedtoolcache/Python/3.8.15/x64
2022-12-27T08:50:26.9346660Z ##[endgroup]
2022-12-27T08:50:26.9606400Z ##[group]Run echo "PYTHON_NO_DOTS=$(echo 3.8 | tr -dc '[:alnum:]\n\r' | tr '[:upper:]' '[:lower:]')" >> $GITHUB_OUTPUT
2022-12-27T08:50:26.9606960Z [36;1mecho "PYTHON_NO_DOTS=$(echo 3.8 | tr -dc '[:alnum:]\n\r' | tr '[:upper:]' '[:lower:]')" >> $GITHUB_OUTPUT[0m
2022-12-27T08:50:26.9633780Z shell: /bin/bash -e {0}
2022-12-27T08:50:26.9634090Z env:
2022-12-27T08:50:26.9634390Z   pythonLocation: /Users/runner/hostedtoolcache/Python/3.8.15/x64
2022-12-27T08:50:26.9635920Z   PKG_CONFIG_PATH: /Users/runner/hostedtoolcache/Python/3.8.15/x64/lib/pkgconfig
2022-12-27T08:50:26.9636360Z   Python_ROOT_DIR: /Users/runner/hostedtoolcache/Python/3.8.15/x64
2022-12-27T08:50:26.9636850Z   Python2_ROOT_DIR: /Users/runner/hostedtoolcache/Python/3.8.15/x64
2022-12-27T08:50:26.9637270Z   Python3_ROOT_DIR: /Users/runner/hostedtoolcache/Python/3.8.15/x64
2022-12-27T08:50:26.9637570Z ##[endgroup]
2022-12-27T08:50:26.9884740Z ##[group]Run rm -rf build_grpciotools014038
2022-12-27T08:50:26.9885420Z [36;1mrm -rf build_grpciotools014038[0m
2022-12-27T08:50:26.9885780Z [36;1mmkdir build_grpciotools014038[0m
2022-12-27T08:50:26.9886220Z [36;1mcd build_grpciotools014038[0m
2022-12-27T08:50:26.9886680Z [36;1m/usr/local/bin/wget --quiet https://files.pythonhosted.org/packages/7b/22/93b83676787ab07fb7f8d8dcea5351efd6ee62ca0dfba8799cc06f375b37/grpcio_tools-0.14.0.tar.gz[0m
2022-12-27T08:50:26.9887200Z [36;1mtar xf *.tar.gz[0m
2022-12-27T08:50:26.9887510Z [36;1mcd *[0m
2022-12-27T08:50:26.9887790Z [36;1mpython -m pip install cibuildwheel==2.11.3[0m
2022-12-27T08:50:26.9888250Z [36;1mpython -m cibuildwheel --output-dir ../wheelsout[0m
2022-12-27T08:50:26.9915400Z shell: /bin/bash -e {0}
2022-12-27T08:50:26.9915900Z env:
2022-12-27T08:50:26.9916190Z   pythonLocation: /Users/runner/hostedtoolcache/Python/3.8.15/x64
2022-12-27T08:50:26.9916790Z   PKG_CONFIG_PATH: /Users/runner/hostedtoolcache/Python/3.8.15/x64/lib/pkgconfig
2022-12-27T08:50:26.9917230Z   Python_ROOT_DIR: /Users/runner/hostedtoolcache/Python/3.8.15/x64
2022-12-27T08:50:26.9917660Z   Python2_ROOT_DIR: /Users/runner/hostedtoolcache/Python/3.8.15/x64
2022-12-27T08:50:26.9918070Z   Python3_ROOT_DIR: /Users/runner/hostedtoolcache/Python/3.8.15/x64
2022-12-27T08:50:26.9918450Z   CIBW_ARCHS_MACOS: arm64
2022-12-27T08:50:26.9918760Z   CIBW_TEST_SKIP: *_arm64
2022-12-27T08:50:26.9919090Z   CIBW_BUILD: cp38-macosx_arm64
2022-12-27T08:50:26.9919350Z   CIBW_BUILD_FRONTEND: pip
2022-12-27T08:50:26.9919670Z   CIBW_BUILD_VERBOSITY: 3
2022-12-27T08:50:26.9920380Z   CIBW_ENVIRONMENT_MACOS: GRPC_PYTHON_BUILD_WITH_CYTHON=1 GRPC_BUILD_WITH_BORING_SSL_ASM='' GRPC_PYTHON_BUILD_SYSTEM_OPENSSL=TRUE CFLAGS="-I/usr/local/opt/openssl@3/include" LDFLAGS="-L/usr/local/opt/openssl@3/lib" CPPFLAGS="-I/usr/local/opt/openssl@3/include" MAKEFLAGS="-j$(sysctl -n hw.logicalcpu)" PATH=/usr/local/opt/ccache/libexec:$PATH
2022-12-27T08:50:26.9923350Z   CIBW_BEFORE_BUILD: pip install Cython; if [[ -f requirements.txt ]]; then pip install -r requirements.txt; fi
2022-12-27T08:50:26.9924310Z   MAKEFLAGS: -j$(sysctl -n hw.logicalcpu)
2022-12-27T08:50:26.9925380Z ##[endgroup]
2022-12-27T08:50:27.4928870Z Requirement already satisfied: cibuildwheel==2.11.3 in /Users/runner/hostedtoolcache/Python/3.8.15/x64/lib/python3.8/site-packages (2.11.3)
2022-12-27T08:50:27.5467960Z Requirement already satisfied: bracex in /Users/runner/hostedtoolcache/Python/3.8.15/x64/lib/python3.8/site-packages (from cibuildwheel==2.11.3) (2.3.post1)
2022-12-27T08:50:27.5472120Z Requirement already satisfied: certifi in /Users/runner/hostedtoolcache/Python/3.8.15/x64/lib/python3.8/site-packages (from cibuildwheel==2.11.3) (2022.12.7)
2022-12-27T08:50:27.5480260Z Requirement already satisfied: tomli in /Users/runner/hostedtoolcache/Python/3.8.15/x64/lib/python3.8/site-packages (from cibuildwheel==2.11.3) (2.0.1)
2022-12-27T08:50:27.5487070Z Requirement already satisfied: filelock in /Users/runner/hostedtoolcache/Python/3.8.15/x64/lib/python3.8/site-packages (from cibuildwheel==2.11.3) (3.8.2)
2022-12-27T08:50:27.5490780Z Requirement already satisfied: platformdirs in /Users/runner/hostedtoolcache/Python/3.8.15/x64/lib/python3.8/site-packages (from cibuildwheel==2.11.3) (2.6.0)
2022-12-27T08:50:27.5498200Z Requirement already satisfied: packaging>=20.9 in /Users/runner/hostedtoolcache/Python/3.8.15/x64/lib/python3.8/site-packages (from cibuildwheel==2.11.3) (22.0)
2022-12-27T08:50:27.5513210Z Requirement already satisfied: typing-extensions>=4.1.0 in /Users/runner/hostedtoolcache/Python/3.8.15/x64/lib/python3.8/site-packages (from cibuildwheel==2.11.3) (4.4.0)
2022-12-27T08:50:27.5519790Z Requirement already satisfied: bashlex!=0.13 in /Users/runner/hostedtoolcache/Python/3.8.15/x64/lib/python3.8/site-packages (from cibuildwheel==2.11.3) (0.16)
2022-12-27T08:50:27.8377720Z 
2022-12-27T08:50:27.8379910Z      _ _       _ _   _       _           _
2022-12-27T08:50:27.8380670Z  ___|_| |_ _ _|_| |_| |_ _ _| |_ ___ ___| |
2022-12-27T08:50:27.8384300Z |  _| | . | | | | | . | | | |   | -_| -_| |
2022-12-27T08:50:27.8385100Z |___|_|___|___|_|_|___|_____|_|_|___|___|_|
2022-12-27T08:50:27.8385460Z 
2022-12-27T08:50:27.8385970Z cibuildwheel version 2.11.3
2022-12-27T08:50:27.8386360Z 
2022-12-27T08:50:27.8386670Z Build options:
2022-12-27T08:50:27.8387170Z   platform: macos
2022-12-27T08:50:27.8555800Z   architectures: arm64[0m
2022-12-27T08:50:27.8556640Z   build_selector: 
2022-12-27T08:50:27.8559120Z     build_config: cp38-macosx_arm64
2022-12-27T08:50:27.8560140Z     skip_config: 
2022-12-27T08:50:27.8561120Z     requires_python: None
2022-12-27T08:50:27.8561700Z     prerelease_pythons: False[0m
2022-12-27T08:50:27.8563820Z   [38;5;244mcontainer_engine: docker[0m
2022-12-27T08:50:27.8566080Z   output_dir: /Users/runner/actions-runner/_work/python.build/python.build/build_grpciotools014038/wheelsout[0m
2022-12-27T08:50:27.8567330Z   package_dir: /Users/runner/actions-runner/_work/python.build/python.build/build_grpciotools014038/grpcio_tools-0.14.0[0m
2022-12-27T08:50:27.8567880Z   test_selector: 
2022-12-27T08:50:27.8568490Z     skip_config: *_arm64[0m
2022-12-27T08:50:27.8569730Z   [38;5;244mbefore_all: [0m
2022-12-27T08:50:27.8570450Z   before_build: pip install Cython; if [[ -f requirements.txt ]]; then pip install -r requirements.txt; fi[0m
2022-12-27T08:50:27.8571160Z   [38;5;244mbefore_test: [0m
2022-12-27T08:50:27.8571590Z   [38;5;244mbuild_frontend: pip[0m
2022-12-27T08:50:27.8572100Z   build_verbosity: 3[0m
2022-12-27T08:50:27.8572450Z   [38;5;244mconfig_settings: [0m
2022-12-27T08:50:27.8572900Z   [38;5;244mdependency_constraints: pinned[0m
2022-12-27T08:50:27.8573260Z   environment: 
2022-12-27T08:50:27.8573550Z     GRPC_PYTHON_BUILD_WITH_CYTHON=1
2022-12-27T08:50:27.8574020Z     GRPC_BUILD_WITH_BORING_SSL_ASM=''
2022-12-27T08:50:27.8574960Z     GRPC_PYTHON_BUILD_SYSTEM_OPENSSL=TRUE
2022-12-27T08:50:27.8575380Z     CFLAGS="-I/usr/local/opt/openssl@3/include"
2022-12-27T08:50:27.8575850Z     LDFLAGS="-L/usr/local/opt/openssl@3/lib"
2022-12-27T08:50:27.8576330Z     CPPFLAGS="-I/usr/local/opt/openssl@3/include"
2022-12-27T08:50:27.8576810Z     MAKEFLAGS="-j$(sysctl -n hw.logicalcpu)"
2022-12-27T08:50:27.8577280Z     PATH=/usr/local/opt/ccache/libexec:$PATH[0m
2022-12-27T08:50:27.8577740Z   [38;5;244mmanylinux_images: None[0m
2022-12-27T08:50:27.8578110Z   [38;5;244mmusllinux_images: None[0m
2022-12-27T08:50:27.8578650Z   [38;5;244mrepair_command: delocate-wheel --require-archs {delocate_archs} -w {dest_dir} -v {wheel}[0m
2022-12-27T08:50:27.8579220Z   [38;5;244mtest_command: [0m
2022-12-27T08:50:27.8579630Z   [38;5;244mtest_extras: [0m
2022-12-27T08:50:27.8579970Z   [38;5;244mtest_requires: [0m
2022-12-27T08:50:27.8580170Z 
2022-12-27T08:50:27.8580370Z Cache folder: /Users/runner/Library/Caches/cibuildwheel
2022-12-27T08:50:27.8590210Z 
2022-12-27T08:50:27.8591020Z Here we go!
2022-12-27T08:50:27.8591430Z 
2022-12-27T08:50:27.8773320Z 
2022-12-27T08:50:27.8774560Z [1m[34mBuilding cp38-macosx_arm64 wheel[0m
2022-12-27T08:50:27.8775000Z CPython 3.8 macOS arm64 - Apple Silicon
2022-12-27T08:50:27.8775220Z 
2022-12-27T08:50:27.8780610Z ##[group]Installing Python cp38...
2022-12-27T08:50:27.8781130Z 
2022-12-27T08:50:27.8781710Z + pkgutil --pkgs
2022-12-27T08:50:27.8964100Z ##[endgroup]
2022-12-27T08:50:27.8965810Z                                                               [32m✓ [0m0.02s
2022-12-27T08:50:27.8966690Z ##[group]Setting up build environment...
2022-12-27T08:50:27.8966910Z 
2022-12-27T08:50:27.9000650Z + /Users/runner/hostedtoolcache/Python/3.8.15/x64/bin/python -sS /Users/runner/Library/Caches/cibuildwheel/virtualenv-20.17.0.pyz --activators= --no-periodic-update --pip=22.3.1 --setuptools=65.6.3 --wheel=0.38.4 --symlink-app-data --python /Library/Frameworks/Python.framework/Versions/3.8/bin/python3 /private/var/folders/51/hd414ycd67n82196sw51xqtc0000gn/T/cibw-run-o411eltx/cp38-macosx_arm64/build/venv
2022-12-27T08:50:28.2124770Z created virtual environment CPython3.8.10.final.0-64 in 75ms
2022-12-27T08:50:28.2125560Z   creator CPython3Posix(dest=/private/var/folders/51/hd414ycd67n82196sw51xqtc0000gn/T/cibw-run-o411eltx/cp38-macosx_arm64/build/venv, clear=False, no_vcs_ignore=False, global=False)
2022-12-27T08:50:28.2126250Z   seeder FromAppData(download=False, pip=22.3.1, setuptools=65.6.3, wheel=0.38.4, via=symlink, app_data_dir=/Users/runner/Library/Application Support/virtualenv)
2022-12-27T08:50:28.2126980Z     added seed packages: pip==22.3.1, setuptools==65.6.3, wheel==0.38.4
2022-12-27T08:50:28.2347250Z + python -m pip install --upgrade pip -c /Users/runner/hostedtoolcache/Python/3.8.15/x64/lib/python3.8/site-packages/cibuildwheel/resources/constraints-python38.txt
2022-12-27T08:50:28.7568100Z Requirement already satisfied: pip in ./lib/python3.8/site-packages (22.3.1)
2022-12-27T08:50:29.0302950Z + which pip
2022-12-27T08:50:29.0344300Z /private/var/folders/51/hd414ycd67n82196sw51xqtc0000gn/T/cibw-run-o411eltx/cp38-macosx_arm64/build/venv/bin/pip
2022-12-27T08:50:29.0354570Z + pip --version
2022-12-27T08:50:29.4109580Z pip 22.3.1 from /private/var/folders/51/hd414ycd67n82196sw51xqtc0000gn/T/cibw-run-o411eltx/cp38-macosx_arm64/build/venv/lib/python3.8/site-packages/pip (python 3.8)
2022-12-27T08:50:29.4574680Z + which pip
2022-12-27T08:50:29.4639400Z + which python
2022-12-27T08:50:29.4679710Z /private/var/folders/51/hd414ycd67n82196sw51xqtc0000gn/T/cibw-run-o411eltx/cp38-macosx_arm64/build/venv/bin/python
2022-12-27T08:50:29.4683620Z + python --version
2022-12-27T08:50:29.4765300Z Python 3.8.10
2022-12-27T08:50:29.4771240Z + which python
2022-12-27T08:50:29.4867590Z ##[endgroup]
2022-12-27T08:50:29.4868520Z                                                               [32m✓ [0m1.59s
2022-12-27T08:50:29.4869570Z ##[group]Installing build tools...
2022-12-27T08:50:29.4870420Z 
2022-12-27T08:50:29.4871020Z + pip install --upgrade setuptools wheel delocate -c /Users/runner/hostedtoolcache/Python/3.8.15/x64/lib/python3.8/site-packages/cibuildwheel/resources/constraints-python38.txt
2022-12-27T08:50:30.0046050Z Requirement already satisfied: setuptools in /private/var/folders/51/hd414ycd67n82196sw51xqtc0000gn/T/cibw-run-o411eltx/cp38-macosx_arm64/build/venv/lib/python3.8/site-packages (65.6.3)
2022-12-27T08:50:30.3915450Z Requirement already satisfied: wheel in /private/var/folders/51/hd414ycd67n82196sw51xqtc0000gn/T/cibw-run-o411eltx/cp38-macosx_arm64/build/venv/lib/python3.8/site-packages (0.38.4)
2022-12-27T08:50:30.4831800Z Collecting delocate
2022-12-27T08:50:30.4891760Z   Using cached delocate-0.10.3-py3-none-any.whl (142 kB)
2022-12-27T08:50:30.5269320Z Collecting typing-extensions
2022-12-27T08:50:30.5307170Z   Using cached typing_extensions-4.4.0-py3-none-any.whl (26 kB)
2022-12-27T08:50:30.5748370Z Collecting packaging>=20.9
2022-12-27T08:50:30.5789970Z   Using cached packaging-21.3-py3-none-any.whl (40 kB)
2022-12-27T08:50:30.6448160Z Collecting pyparsing!=3.0.5,>=2.0.2
2022-12-27T08:50:30.6490130Z   Using cached pyparsing-3.0.9-py3-none-any.whl (98 kB)
2022-12-27T08:50:30.7154040Z Installing collected packages: typing-extensions, pyparsing, packaging, delocate
2022-12-27T08:50:30.9285500Z Successfully installed delocate-0.10.3 packaging-21.3 pyparsing-3.0.9 typing-extensions-4.4.0
2022-12-27T08:50:31.0285870Z ##[endgroup]
2022-12-27T08:50:31.0287020Z                                                               [32m✓ [0m1.54s
2022-12-27T08:50:31.0287580Z ##[group]Running before_build...
2022-12-27T08:50:31.0287990Z 
2022-12-27T08:50:31.0309030Z + pip install Cython; if [[ -f requirements.txt ]]; then pip install -r requirements.txt; fi
2022-12-27T08:50:32.2255680Z Collecting Cython
2022-12-27T08:50:32.2334690Z   Using cached Cython-0.29.32-py2.py3-none-any.whl (986 kB)
2022-12-27T08:50:32.3102760Z Installing collected packages: Cython
2022-12-27T08:50:33.0530510Z Successfully installed Cython-0.29.32
2022-12-27T08:50:33.1622550Z ##[endgroup]
2022-12-27T08:50:33.1624240Z                                                               [32m✓ [0m2.13s
2022-12-27T08:50:33.1627240Z ##[group]Building wheel...
2022-12-27T08:50:33.1627780Z 
2022-12-27T08:50:33.1654680Z + python -m pip wheel /Users/runner/actions-runner/_work/python.build/python.build/build_grpciotools014038/grpcio_tools-0.14.0 --wheel-dir=/private/var/folders/51/hd414ycd67n82196sw51xqtc0000gn/T/cibw-run-o411eltx/cp38-macosx_arm64/built_wheel --no-deps -vvv
2022-12-27T08:50:33.6558820Z Created temporary directory: /private/var/folders/51/hd414ycd67n82196sw51xqtc0000gn/T/pip-ephem-wheel-cache-z30c5u1v
2022-12-27T08:50:33.6563470Z Created temporary directory: /private/var/folders/51/hd414ycd67n82196sw51xqtc0000gn/T/pip-build-tracker-x1a6581y
2022-12-27T08:50:33.6567360Z Initialized build tracking at /private/var/folders/51/hd414ycd67n82196sw51xqtc0000gn/T/pip-build-tracker-x1a6581y
2022-12-27T08:50:33.6569840Z Created build tracker: /private/var/folders/51/hd414ycd67n82196sw51xqtc0000gn/T/pip-build-tracker-x1a6581y
2022-12-27T08:50:33.6571790Z Entered build tracker: /private/var/folders/51/hd414ycd67n82196sw51xqtc0000gn/T/pip-build-tracker-x1a6581y
2022-12-27T08:50:33.6577670Z Created temporary directory: /private/var/folders/51/hd414ycd67n82196sw51xqtc0000gn/T/pip-wheel-8p1pxdgo
2022-12-27T08:50:33.6590800Z Created temporary directory: /private/var/folders/51/hd414ycd67n82196sw51xqtc0000gn/T/pip-ephem-wheel-cache-0u_r_2q9
2022-12-27T08:50:33.6732910Z Processing /Users/runner/actions-runner/_work/python.build/python.build/build_grpciotools014038/grpcio_tools-0.14.0
2022-12-27T08:50:33.6743120Z   Added file:///Users/runner/actions-runner/_work/python.build/python.build/build_grpciotools014038/grpcio_tools-0.14.0 to build tracker '/private/var/folders/51/hd414ycd67n82196sw51xqtc0000gn/T/pip-build-tracker-x1a6581y'
2022-12-27T08:50:33.6749850Z   Running setup.py (path:/Users/runner/actions-runner/_work/python.build/python.build/build_grpciotools014038/grpcio_tools-0.14.0/setup.py) egg_info for package from file:///Users/runner/actions-runner/_work/python.build/python.build/build_grpciotools014038/grpcio_tools-0.14.0
2022-12-27T08:50:33.6756070Z   Created temporary directory: /private/var/folders/51/hd414ycd67n82196sw51xqtc0000gn/T/pip-pip-egg-info-7amjsk20
2022-12-27T08:50:33.6759720Z   Preparing metadata (setup.py): started
2022-12-27T08:50:33.6762930Z   Running command python setup.py egg_info
2022-12-27T08:50:34.4178280Z   Compiling grpc/tools/protoc_compiler.pyx because it depends on /private/var/folders/51/hd414ycd67n82196sw51xqtc0000gn/T/cibw-run-o411eltx/cp38-macosx_arm64/build/venv/lib/python3.8/site-packages/Cython/Includes/libc/__init__.pxd.
2022-12-27T08:50:34.4179870Z   [1/1] Cythonizing grpc/tools/protoc_compiler.pyx
2022-12-27T08:50:34.4430170Z   running egg_info
2022-12-27T08:50:34.4440810Z   creating /private/var/folders/51/hd414ycd67n82196sw51xqtc0000gn/T/pip-pip-egg-info-7amjsk20/grpcio_tools.egg-info
2022-12-27T08:50:34.4462840Z   writing /private/var/folders/51/hd414ycd67n82196sw51xqtc0000gn/T/pip-pip-egg-info-7amjsk20/grpcio_tools.egg-info/PKG-INFO
2022-12-27T08:50:34.4472170Z   writing dependency_links to /private/var/folders/51/hd414ycd67n82196sw51xqtc0000gn/T/pip-pip-egg-info-7amjsk20/grpcio_tools.egg-info/dependency_links.txt
2022-12-27T08:50:34.4477160Z   writing requirements to /private/var/folders/51/hd414ycd67n82196sw51xqtc0000gn/T/pip-pip-egg-info-7amjsk20/grpcio_tools.egg-info/requires.txt
2022-12-27T08:50:34.4481600Z   writing top-level names to /private/var/folders/51/hd414ycd67n82196sw51xqtc0000gn/T/pip-pip-egg-info-7amjsk20/grpcio_tools.egg-info/top_level.txt
2022-12-27T08:50:34.4486120Z   writing manifest file '/private/var/folders/51/hd414ycd67n82196sw51xqtc0000gn/T/pip-pip-egg-info-7amjsk20/grpcio_tools.egg-info/SOURCES.txt'
2022-12-27T08:50:34.4626410Z   reading manifest file '/private/var/folders/51/hd414ycd67n82196sw51xqtc0000gn/T/pip-pip-egg-info-7amjsk20/grpcio_tools.egg-info/SOURCES.txt'
2022-12-27T08:50:34.4629400Z   reading manifest template 'MANIFEST.in'
2022-12-27T08:50:34.4636180Z   /private/var/folders/51/hd414ycd67n82196sw51xqtc0000gn/T/cibw-run-o411eltx/cp38-macosx_arm64/build/venv/lib/python3.8/site-packages/Cython/Compiler/Main.py:369: FutureWarning: Cython directive 'language_level' not set, using 2 for now (Py2). This will change in a later release! File: /Users/runner/actions-runner/_work/python.build/python.build/build_grpciotools014038/grpcio_tools-0.14.0/grpc/tools/protoc_compiler.pyx
2022-12-27T08:50:34.4637820Z     tree = Parsing.p_module(s, pxd, full_module_name)
2022-12-27T08:50:34.4643060Z   warning: no files found matching 'protoc_deps.py'
2022-12-27T08:50:34.4646380Z   warning: no directories found matching 'grpc_root'
2022-12-27T08:50:34.4649880Z   warning: no directories found matching 'third_party'
2022-12-27T08:50:34.4660010Z   writing manifest file '/private/var/folders/51/hd414ycd67n82196sw51xqtc0000gn/T/pip-pip-egg-info-7amjsk20/grpcio_tools.egg-info/SOURCES.txt'
2022-12-27T08:50:34.5283890Z   Preparing metadata (setup.py): finished with status 'done'
2022-12-27T08:50:34.5323440Z   Source in /Users/runner/actions-runner/_work/python.build/python.build/build_grpciotools014038/grpcio_tools-0.14.0 has version 0.14.0, which satisfies requirement grpcio-tools==0.14.0 from file:///Users/runner/actions-runner/_work/python.build/python.build/build_grpciotools014038/grpcio_tools-0.14.0
2022-12-27T08:50:34.5329560Z   Removed grpcio-tools==0.14.0 from file:///Users/runner/actions-runner/_work/python.build/python.build/build_grpciotools014038/grpcio_tools-0.14.0 from build tracker '/private/var/folders/51/hd414ycd67n82196sw51xqtc0000gn/T/pip-build-tracker-x1a6581y'
2022-12-27T08:50:34.5542130Z Created temporary directory: /private/var/folders/51/hd414ycd67n82196sw51xqtc0000gn/T/pip-unpack-fohzp3c0
2022-12-27T08:50:34.5545900Z Building wheels for collected packages: grpcio-tools
2022-12-27T08:50:34.5558410Z   Created temporary directory: /private/var/folders/51/hd414ycd67n82196sw51xqtc0000gn/T/pip-wheel-6c757lym
2022-12-27T08:50:34.5561760Z   Building wheel for grpcio-tools (setup.py): started
2022-12-27T08:50:34.5565540Z   Destination directory: /private/var/folders/51/hd414ycd67n82196sw51xqtc0000gn/T/pip-wheel-6c757lym
2022-12-27T08:50:34.5568080Z   Running command python setup.py bdist_wheel
2022-12-27T08:50:35.2426310Z   running bdist_wheel
2022-12-27T08:50:35.2503750Z   running build
2022-12-27T08:50:35.2507290Z   running build_py
2022-12-27T08:50:35.2534730Z   creating build
2022-12-27T08:50:35.2540920Z   creating build/lib.macosx-11.0-arm64-cpython-38
2022-12-27T08:50:35.2544260Z   creating build/lib.macosx-11.0-arm64-cpython-38/grpc
2022-12-27T08:50:35.2546910Z   copying grpc/__init__.py -> build/lib.macosx-11.0-arm64-cpython-38/grpc
2022-12-27T08:50:35.2550750Z   creating build/lib.macosx-11.0-arm64-cpython-38/grpc/tools
2022-12-27T08:50:35.2556250Z   copying grpc/tools/__init__.py -> build/lib.macosx-11.0-arm64-cpython-38/grpc/tools
2022-12-27T08:50:35.2557630Z   copying grpc/tools/protoc.py -> build/lib.macosx-11.0-arm64-cpython-38/grpc/tools
2022-12-27T08:50:35.2562180Z   running build_ext
2022-12-27T08:50:35.3112830Z   building 'grpc.tools.protoc_compiler' extension
2022-12-27T08:50:35.3129500Z   creating build/temp.macosx-11.0-arm64-cpython-38
2022-12-27T08:50:35.3134280Z   creating build/temp.macosx-11.0-arm64-cpython-38/grpc
2022-12-27T08:50:35.3136350Z   creating build/temp.macosx-11.0-arm64-cpython-38/grpc/tools
2022-12-27T08:50:35.3140080Z   creating build/temp.macosx-11.0-arm64-cpython-38/grpc_root
2022-12-27T08:50:35.3143500Z   creating build/temp.macosx-11.0-arm64-cpython-38/grpc_root/src
2022-12-27T08:50:35.3147050Z   creating build/temp.macosx-11.0-arm64-cpython-38/grpc_root/src/compiler
2022-12-27T08:50:35.3150430Z   creating build/temp.macosx-11.0-arm64-cpython-38/third_party
2022-12-27T08:50:35.3154150Z   creating build/temp.macosx-11.0-arm64-cpython-38/third_party/protobuf
2022-12-27T08:50:35.3157690Z   creating build/temp.macosx-11.0-arm64-cpython-38/third_party/protobuf/src
2022-12-27T08:50:35.3160960Z   creating build/temp.macosx-11.0-arm64-cpython-38/third_party/protobuf/src/google
2022-12-27T08:50:35.3164740Z   creating build/temp.macosx-11.0-arm64-cpython-38/third_party/protobuf/src/google/protobuf
2022-12-27T08:50:35.3168260Z   creating build/temp.macosx-11.0-arm64-cpython-38/third_party/protobuf/src/google/protobuf/compiler
2022-12-27T08:50:35.3171940Z   creating build/temp.macosx-11.0-arm64-cpython-38/third_party/protobuf/src/google/protobuf/compiler/cpp
2022-12-27T08:50:35.3174940Z   creating build/temp.macosx-11.0-arm64-cpython-38/third_party/protobuf/src/google/protobuf/compiler/csharp
2022-12-27T08:50:35.3178390Z   creating build/temp.macosx-11.0-arm64-cpython-38/third_party/protobuf/src/google/protobuf/compiler/java
2022-12-27T08:50:35.3181520Z   creating build/temp.macosx-11.0-arm64-cpython-38/third_party/protobuf/src/google/protobuf/compiler/javanano
2022-12-27T08:50:35.3184550Z   creating build/temp.macosx-11.0-arm64-cpython-38/third_party/protobuf/src/google/protobuf/compiler/js
2022-12-27T08:50:35.3188630Z   creating build/temp.macosx-11.0-arm64-cpython-38/third_party/protobuf/src/google/protobuf/compiler/objectivec
2022-12-27T08:50:35.3197020Z   creating build/temp.macosx-11.0-arm64-cpython-38/third_party/protobuf/src/google/protobuf/compiler/python
2022-12-27T08:50:35.3198350Z   creating build/temp.macosx-11.0-arm64-cpython-38/third_party/protobuf/src/google/protobuf/compiler/ruby
2022-12-27T08:50:35.3204120Z   creating build/temp.macosx-11.0-arm64-cpython-38/third_party/protobuf/src/google/protobuf/io
2022-12-27T08:50:35.3209460Z   creating build/temp.macosx-11.0-arm64-cpython-38/third_party/protobuf/src/google/protobuf/stubs
2022-12-27T08:50:35.3216430Z   creating build/temp.macosx-11.0-arm64-cpython-38/third_party/protobuf/src/google/protobuf/util
2022-12-27T08:50:35.3220210Z   creating build/temp.macosx-11.0-arm64-cpython-38/third_party/protobuf/src/google/protobuf/util/internal
2022-12-27T08:50:35.3228910Z   gcc -Wno-unused-result -Wsign-compare -Wunreachable-code -fno-common -dynamic -DNDEBUG -g -fwrapv -O3 -Wall -g -I/usr/local/opt/openssl@3/include -I/usr/local/opt/openssl@3/include -arch arm64 -DHAVE_PTHREAD=1 -I. -Igrpc_root -Igrpc_root/include -Ithird_party/protobuf/src -I/private/var/folders/51/hd414ycd67n82196sw51xqtc0000gn/T/cibw-run-o411eltx/cp38-macosx_arm64/build/venv/include -I/Library/Frameworks/Python.framework/Versions/3.8/include/python3.8 -c grpc/tools/main.cc -o build/temp.macosx-11.0-arm64-cpython-38/grpc/tools/main.o -frtti -std=c++11
2022-12-27T08:50:35.3731340Z   grpc/tools/main.cc:30:10: fatal error: 'google/protobuf/compiler/command_line_interface.h' file not found
2022-12-27T08:50:35.3736800Z   #include <google/protobuf/compiler/command_line_interface.h>
2022-12-27T08:50:35.3741030Z            ^~~~~~~~~~~~~~~~~~~~~~~~~~~~~~~~~~~~~~~~~~~~~~~~~~~
2022-12-27T08:50:35.3746930Z   1 error generated.
2022-12-27T08:50:35.3775130Z   error: command '/usr/bin/gcc' failed with exit code 1
2022-12-27T08:50:35.4674490Z   error: subprocess-exited-with-error
2022-12-27T08:50:35.4676100Z   
2022-12-27T08:50:35.4799290Z   × python setup.py bdist_wheel did not run successfully.
2022-12-27T08:50:35.4799920Z   │ exit code: 1
2022-12-27T08:50:35.4800570Z   ╰─> See above for output.
2022-12-27T08:50:35.4803530Z   
2022-12-27T08:50:35.4804030Z   note: This error originates from a subprocess, and is likely not a problem with pip.
2022-12-27T08:50:35.4805270Z   full command: /private/var/folders/51/hd414ycd67n82196sw51xqtc0000gn/T/cibw-run-o411eltx/cp38-macosx_arm64/build/venv/bin/python -u -c '
2022-12-27T08:50:35.4806890Z   exec(compile('"'"''"'"''"'"'
2022-12-27T08:50:35.4807760Z   # This is <pip-setuptools-caller> -- a caller that pip uses to run setup.py
2022-12-27T08:50:35.4808190Z   #
2022-12-27T08:50:35.4808860Z   # - It imports setuptools before invoking setup.py, to enable projects that directly
2022-12-27T08:50:35.4809480Z   #   import from `distutils.core` to work with newer packaging standards.
2022-12-27T08:50:35.4810230Z   # - It provides a clear error message when setuptools is not installed.
2022-12-27T08:50:35.4810940Z   # - It sets `sys.argv[0]` to the underlying `setup.py`, when invoking `setup.py` so
2022-12-27T08:50:35.4812550Z   #   setuptools doesn'"'"'t think the script is `-c`. This avoids the following warning:
2022-12-27T08:50:35.4813270Z   #     manifest_maker: standard file '"'"'-c'"'"' not found".
2022-12-27T08:50:35.4813880Z   # - It generates a shim setup.py, for handling setup.cfg-only projects.
2022-12-27T08:50:35.4814410Z   import os, sys, tokenize
2022-12-27T08:50:35.4814810Z   
2022-12-27T08:50:35.4815130Z   try:
2022-12-27T08:50:35.4815510Z       import setuptools
2022-12-27T08:50:35.4816280Z   except ImportError as error:
2022-12-27T08:50:35.4816630Z       print(
2022-12-27T08:50:35.4817260Z   Building wheel for grpcio-tools (setup.py): finished with status 'error'
2022-12-27T08:50:35.4817900Z   Running setup.py clean for grpcio-tools
2022-12-27T08:50:35.4818490Z           "ERROR: Can not execute `setup.py` since setuptools is not available in "
2022-12-27T08:50:35.4818970Z           "the build environment.",
2022-12-27T08:50:35.4819420Z           file=sys.stderr,
2022-12-27T08:50:35.4819800Z       )
2022-12-27T08:50:35.4820050Z       sys.exit(1)
2022-12-27T08:50:35.4820440Z   
2022-12-27T08:50:35.4820830Z   __file__ = %r
2022-12-27T08:50:35.4821180Z   sys.argv[0] = __file__
2022-12-27T08:50:35.4821510Z   
2022-12-27T08:50:35.4821860Z   if os.path.exists(__file__):
2022-12-27T08:50:35.4822220Z       filename = __file__
2022-12-27T08:50:35.4824520Z       with tokenize.open(__file__) as f:
2022-12-27T08:50:35.4825470Z           setup_py_code = f.read()
2022-12-27T08:50:35.4826190Z   else:
2022-12-27T08:50:35.4827350Z       filename = "<auto-generated setuptools caller>"
2022-12-27T08:50:35.4828440Z       setup_py_code = "from setuptools import setup; setup()"
2022-12-27T08:50:35.4829280Z   
2022-12-27T08:50:35.4829930Z   exec(compile(setup_py_code, filename, "exec"))
2022-12-27T08:50:35.4832430Z   '"'"''"'"''"'"' % ('"'"'/Users/runner/actions-runner/_work/python.build/python.build/build_grpciotools014038/grpcio_tools-0.14.0/setup.py'"'"',), "<pip-setuptools-caller>", "exec"))' bdist_wheel -d /private/var/folders/51/hd414ycd67n82196sw51xqtc0000gn/T/pip-wheel-6c757lym
2022-12-27T08:50:35.4834630Z   cwd: /Users/runner/actions-runner/_work/python.build/python.build/build_grpciotools014038/grpcio_tools-0.14.0/
2022-12-27T08:50:35.4835090Z   ERROR: Failed building wheel for grpcio-tools
2022-12-27T08:50:35.4835400Z   Running command python setup.py clean
2022-12-27T08:50:36.1359310Z   running clean
2022-12-27T08:50:36.1382990Z   removing 'build/temp.macosx-11.0-arm64-cpython-38' (and everything under it)
2022-12-27T08:50:36.1428550Z   removing 'build/lib.macosx-11.0-arm64-cpython-38' (and everything under it)
2022-12-27T08:50:36.1439140Z   'build/bdist.macosx-11.0-arm64' does not exist -- can't clean it
2022-12-27T08:50:36.1443510Z   'build/scripts-3.8' does not exist -- can't clean it
2022-12-27T08:50:36.1445520Z   removing 'build'
2022-12-27T08:50:36.2122000Z Failed to build grpcio-tools
2022-12-27T08:50:36.2132920Z ERROR: Failed to build one or more wheels
2022-12-27T08:50:36.2148820Z Exception information:
2022-12-27T08:50:36.2149890Z Traceback (most recent call last):
2022-12-27T08:50:36.2163420Z   File "/private/var/folders/51/hd414ycd67n82196sw51xqtc0000gn/T/cibw-run-o411eltx/cp38-macosx_arm64/build/venv/lib/python3.8/site-packages/pip/_internal/cli/base_command.py", line 160, in exc_logging_wrapper
2022-12-27T08:50:36.2164040Z     status = run_func(*args)
2022-12-27T08:50:36.2165030Z   File "/private/var/folders/51/hd414ycd67n82196sw51xqtc0000gn/T/cibw-run-o411eltx/cp38-macosx_arm64/build/venv/lib/python3.8/site-packages/pip/_internal/cli/req_command.py", line 247, in wrapper
2022-12-27T08:50:36.2165750Z     return func(self, options, args)
2022-12-27T08:50:36.2166550Z   File "/private/var/folders/51/hd414ycd67n82196sw51xqtc0000gn/T/cibw-run-o411eltx/cp38-macosx_arm64/build/venv/lib/python3.8/site-packages/pip/_internal/commands/wheel.py", line 201, in run
2022-12-27T08:50:36.2167200Z     raise CommandError("Failed to build one or more wheels")
2022-12-27T08:50:36.2168360Z pip._internal.exceptions.CommandError: Failed to build one or more wheels
2022-12-27T08:50:36.2169080Z Removed build tracker: '/private/var/folders/51/hd414ycd67n82196sw51xqtc0000gn/T/pip-build-tracker-x1a6581y'
2022-12-27T08:50:36.2940090Z ##[endgroup]
2022-12-27T08:50:36.2943960Z                                                               [31m✕ [0m3.13s
2022-12-27T08:50:36.3566820Z ##[error]Command ['python', '-m', 'pip', 'wheel', '/Users/runner/actions-runner/_work/python.build/python.build/build_grpciotools014038/grpcio_tools-0.14.0', '--wheel-dir=/private/var/folders/51/hd414ycd67n82196sw51xqtc0000gn/T/cibw-run-o411eltx/cp38-macosx_arm64/built_wheel', '--no-deps', '-vvv'] failed with code 1. None
2022-12-27T08:50:36.3576290Z 
2022-12-27T08:50:36.3790420Z ##[error]Process completed with exit code 1.
2022-12-27T08:50:36.3845760Z ##[group]Run rm -rf build_grpciotools014038 wheelsout
2022-12-27T08:50:36.3846150Z [36;1mrm -rf build_grpciotools014038 wheelsout[0m
2022-12-27T08:50:36.3873130Z shell: /bin/bash -e {0}
2022-12-27T08:50:36.3873390Z env:
2022-12-27T08:50:36.3873750Z   pythonLocation: /Users/runner/hostedtoolcache/Python/3.8.15/x64
2022-12-27T08:50:36.3874120Z   PKG_CONFIG_PATH: /Users/runner/hostedtoolcache/Python/3.8.15/x64/lib/pkgconfig
2022-12-27T08:50:36.3874560Z   Python_ROOT_DIR: /Users/runner/hostedtoolcache/Python/3.8.15/x64
2022-12-27T08:50:36.3874980Z   Python2_ROOT_DIR: /Users/runner/hostedtoolcache/Python/3.8.15/x64
2022-12-27T08:50:36.3875310Z   Python3_ROOT_DIR: /Users/runner/hostedtoolcache/Python/3.8.15/x64
2022-12-27T08:50:36.3875660Z ##[endgroup]
2022-12-27T08:50:36.4287860Z Cleaning up orphan processes
