2022-12-27T08:53:23.6929724Z Requested labels: self-hosted, macOS, X64
2022-12-27T08:53:23.6929801Z Job defined at: kilnbuild/python.build/.github/workflows/mac_arm_build.yml@refs/heads/main
2022-12-27T08:53:23.6929826Z Waiting for a runner to pick up this job...
2022-12-27T11:26:56.3339319Z Job is about to start running on the runner: k2 (organization)
2022-12-27T11:26:58.1530180Z Current runner version: '2.300.2'
2022-12-27T11:26:58.1535080Z Runner name: 'k2'
2022-12-27T11:26:58.1535340Z Runner group name: 'Default'
2022-12-27T11:26:58.1535820Z Machine name: 'k2'
2022-12-27T11:26:58.1537250Z ##[group]GITHUB_TOKEN Permissions
2022-12-27T11:26:58.1537640Z Actions: write
2022-12-27T11:26:58.1537780Z Checks: write
2022-12-27T11:26:58.1537910Z Contents: write
2022-12-27T11:26:58.1538050Z Deployments: write
2022-12-27T11:26:58.1538190Z Discussions: write
2022-12-27T11:26:58.1538310Z Issues: write
2022-12-27T11:26:58.1538460Z Metadata: read
2022-12-27T11:26:58.1538580Z Packages: write
2022-12-27T11:26:58.1538720Z Pages: write
2022-12-27T11:26:58.1538850Z PullRequests: write
2022-12-27T11:26:58.1539000Z RepositoryProjects: write
2022-12-27T11:26:58.1539160Z SecurityEvents: write
2022-12-27T11:26:58.1539300Z Statuses: write
2022-12-27T11:26:58.1539430Z ##[endgroup]
2022-12-27T11:26:58.1541790Z Secret source: Actions
2022-12-27T11:26:58.1542100Z Prepare workflow directory
2022-12-27T11:26:58.2183700Z Prepare all required actions
2022-12-27T11:26:58.2299820Z Getting action download info
2022-12-27T11:26:58.6791510Z Download action repository 'actions/setup-python@v4' (SHA:5ccb29d8773c3f3f653e1705f474dfaa8a06a912)
2022-12-27T11:27:00.4398460Z Download action repository 'actions/upload-artifact@v3' (SHA:83fd05a356d7e2593de66fc9913b3002723633cb)
2022-12-27T11:27:01.7455040Z ##[group]Run echo '{
2022-12-27T11:27:01.7455330Z [36;1mecho '{[0m
2022-12-27T11:27:01.7455530Z [36;1m  "package_name": "lxml",[0m
2022-12-27T11:27:01.7455790Z [36;1m  "package_url": "https://files.pythonhosted.org/packages/3a/0c/f9d8bffa9b1091be500bf4be5a562cd4356a9ec169c3a06e69873cdcce2e/lxml-2.0.10.tar.gz",[0m
2022-12-27T11:27:01.7456010Z [36;1m  "package_version": "2.0.10",[0m
2022-12-27T11:27:01.7456150Z [36;1m  "python_version": "3.8",[0m
2022-12-27T11:27:01.7456270Z [36;1m  "use_ccache": "true"[0m
2022-12-27T11:27:01.7456370Z [36;1m}'[0m
2022-12-27T11:27:01.7471470Z shell: /bin/bash -e {0}
2022-12-27T11:27:01.7471680Z ##[endgroup]
2022-12-27T11:27:01.7694470Z {
2022-12-27T11:27:01.7696160Z   "package_name": "lxml",
2022-12-27T11:27:01.7696890Z   "package_url": "https://files.pythonhosted.org/packages/3a/0c/f9d8bffa9b1091be500bf4be5a562cd4356a9ec169c3a06e69873cdcce2e/lxml-2.0.10.tar.gz",
2022-12-27T11:27:01.7697180Z   "package_version": "2.0.10",
2022-12-27T11:27:01.7697430Z   "python_version": "3.8",
2022-12-27T11:27:01.7697580Z   "use_ccache": "true"
2022-12-27T11:27:01.7697790Z }
2022-12-27T11:27:01.7917220Z ##[group]Run actions/setup-python@v4
2022-12-27T11:27:01.7917460Z with:
2022-12-27T11:27:01.7917630Z   python-version: 3.8
2022-12-27T11:27:01.7917870Z   check-latest: false
2022-12-27T11:27:01.7918130Z   token: ***
2022-12-27T11:27:01.7918310Z   update-environment: true
2022-12-27T11:27:01.7918480Z ##[endgroup]
2022-12-27T11:27:01.9124220Z ##[group]Installed versions
2022-12-27T11:27:01.9158970Z Successfully set up CPython (3.8.15)
2022-12-27T11:27:01.9159730Z ##[endgroup]
2022-12-27T11:27:01.9350530Z ##[group]Run if [ "true" == "true" ]
2022-12-27T11:27:01.9351020Z [36;1mif [ "true" == "true" ][0m
2022-12-27T11:27:01.9351310Z [36;1mthen[0m
2022-12-27T11:27:01.9351590Z [36;1m  echo "CCACHE_PATH_PREPEND=/usr/local/opt/ccache/libexec" >> $GITHUB_OUTPUT[0m
2022-12-27T11:27:01.9352040Z [36;1melse[0m
2022-12-27T11:27:01.9352330Z [36;1m  echo "CCACHE_PATH_PREPEND=" >> $GITHUB_OUTPUT[0m
2022-12-27T11:27:01.9352980Z [36;1mfi[0m
2022-12-27T11:27:01.9373040Z shell: /bin/bash -e {0}
2022-12-27T11:27:01.9373280Z env:
2022-12-27T11:27:01.9373620Z   pythonLocation: /Users/runner/hostedtoolcache/Python/3.8.15/x64
2022-12-27T11:27:01.9373960Z   PKG_CONFIG_PATH: /Users/runner/hostedtoolcache/Python/3.8.15/x64/lib/pkgconfig
2022-12-27T11:27:01.9374190Z   Python_ROOT_DIR: /Users/runner/hostedtoolcache/Python/3.8.15/x64
2022-12-27T11:27:01.9374440Z   Python2_ROOT_DIR: /Users/runner/hostedtoolcache/Python/3.8.15/x64
2022-12-27T11:27:01.9374800Z   Python3_ROOT_DIR: /Users/runner/hostedtoolcache/Python/3.8.15/x64
2022-12-27T11:27:01.9375270Z ##[endgroup]
2022-12-27T11:27:01.9499450Z ##[group]Run echo "BUILD_NAME=$(echo lxml_2.0.10_3.8 | tr -dc '[:alnum:]\n\r' | tr '[:upper:]' '[:lower:]')" >> $GITHUB_OUTPUT
2022-12-27T11:27:01.9499950Z [36;1mecho "BUILD_NAME=$(echo lxml_2.0.10_3.8 | tr -dc '[:alnum:]\n\r' | tr '[:upper:]' '[:lower:]')" >> $GITHUB_OUTPUT[0m
2022-12-27T11:27:01.9514650Z shell: /bin/bash -e {0}
2022-12-27T11:27:01.9514840Z env:
2022-12-27T11:27:01.9515030Z   pythonLocation: /Users/runner/hostedtoolcache/Python/3.8.15/x64
2022-12-27T11:27:01.9515320Z   PKG_CONFIG_PATH: /Users/runner/hostedtoolcache/Python/3.8.15/x64/lib/pkgconfig
2022-12-27T11:27:01.9515670Z   Python_ROOT_DIR: /Users/runner/hostedtoolcache/Python/3.8.15/x64
2022-12-27T11:27:01.9515980Z   Python2_ROOT_DIR: /Users/runner/hostedtoolcache/Python/3.8.15/x64
2022-12-27T11:27:01.9516180Z   Python3_ROOT_DIR: /Users/runner/hostedtoolcache/Python/3.8.15/x64
2022-12-27T11:27:01.9516380Z ##[endgroup]
2022-12-27T11:27:01.9666380Z ##[group]Run echo "PYTHON_NO_DOTS=$(echo 3.8 | tr -dc '[:alnum:]\n\r' | tr '[:upper:]' '[:lower:]')" >> $GITHUB_OUTPUT
2022-12-27T11:27:01.9666790Z [36;1mecho "PYTHON_NO_DOTS=$(echo 3.8 | tr -dc '[:alnum:]\n\r' | tr '[:upper:]' '[:lower:]')" >> $GITHUB_OUTPUT[0m
2022-12-27T11:27:01.9680330Z shell: /bin/bash -e {0}
2022-12-27T11:27:01.9680480Z env:
2022-12-27T11:27:01.9680730Z   pythonLocation: /Users/runner/hostedtoolcache/Python/3.8.15/x64
2022-12-27T11:27:01.9680990Z   PKG_CONFIG_PATH: /Users/runner/hostedtoolcache/Python/3.8.15/x64/lib/pkgconfig
2022-12-27T11:27:01.9681200Z   Python_ROOT_DIR: /Users/runner/hostedtoolcache/Python/3.8.15/x64
2022-12-27T11:27:01.9681430Z   Python2_ROOT_DIR: /Users/runner/hostedtoolcache/Python/3.8.15/x64
2022-12-27T11:27:01.9681690Z   Python3_ROOT_DIR: /Users/runner/hostedtoolcache/Python/3.8.15/x64
2022-12-27T11:27:01.9681890Z ##[endgroup]
2022-12-27T11:27:01.9812770Z ##[group]Run rm -rf build_lxml201038
2022-12-27T11:27:01.9813200Z [36;1mrm -rf build_lxml201038[0m
2022-12-27T11:27:01.9813550Z [36;1mmkdir build_lxml201038[0m
2022-12-27T11:27:01.9813800Z [36;1mcd build_lxml201038[0m
2022-12-27T11:27:01.9814210Z [36;1m/usr/local/bin/wget --quiet https://files.pythonhosted.org/packages/3a/0c/f9d8bffa9b1091be500bf4be5a562cd4356a9ec169c3a06e69873cdcce2e/lxml-2.0.10.tar.gz[0m
2022-12-27T11:27:01.9814620Z [36;1mtar xf *.tar.gz[0m
2022-12-27T11:27:01.9814830Z [36;1mcd *[0m
2022-12-27T11:27:01.9815200Z [36;1mpython -m pip install cibuildwheel==2.11.3[0m
2022-12-27T11:27:01.9815600Z [36;1mpython -m cibuildwheel --output-dir ../wheelsout[0m
2022-12-27T11:27:01.9838950Z shell: /bin/bash -e {0}
2022-12-27T11:27:01.9839160Z env:
2022-12-27T11:27:01.9839530Z   pythonLocation: /Users/runner/hostedtoolcache/Python/3.8.15/x64
2022-12-27T11:27:01.9839910Z   PKG_CONFIG_PATH: /Users/runner/hostedtoolcache/Python/3.8.15/x64/lib/pkgconfig
2022-12-27T11:27:01.9840290Z   Python_ROOT_DIR: /Users/runner/hostedtoolcache/Python/3.8.15/x64
2022-12-27T11:27:01.9840620Z   Python2_ROOT_DIR: /Users/runner/hostedtoolcache/Python/3.8.15/x64
2022-12-27T11:27:01.9841020Z   Python3_ROOT_DIR: /Users/runner/hostedtoolcache/Python/3.8.15/x64
2022-12-27T11:27:01.9841300Z   CIBW_ARCHS_MACOS: arm64
2022-12-27T11:27:01.9841550Z   CIBW_TEST_SKIP: *_arm64
2022-12-27T11:27:01.9841770Z   CIBW_BUILD: cp38-macosx_arm64
2022-12-27T11:27:01.9842040Z   CIBW_BUILD_FRONTEND: pip
2022-12-27T11:27:01.9842340Z   CIBW_BUILD_VERBOSITY: 3
2022-12-27T11:27:01.9842730Z   CIBW_ENVIRONMENT_MACOS:  CFLAGS="-I/usr/local/opt/openssl@3/include" LDFLAGS="-L/usr/local/opt/openssl@3/lib" CPPFLAGS="-I/usr/local/opt/openssl@3/include" MAKEFLAGS="-j$(sysctl -n hw.logicalcpu)" PATH=/usr/local/opt/ccache/libexec:$PATH
2022-12-27T11:27:01.9843310Z   CIBW_BEFORE_BUILD: pip install Cython; if [[ -f requirements.txt ]]; then pip install -r requirements.txt; fi
2022-12-27T11:27:01.9843700Z   MAKEFLAGS: -j$(sysctl -n hw.logicalcpu)
2022-12-27T11:27:01.9844080Z ##[endgroup]
2022-12-27T11:27:02.4271870Z Requirement already satisfied: cibuildwheel==2.11.3 in /Users/runner/hostedtoolcache/Python/3.8.15/x64/lib/python3.8/site-packages (2.11.3)
2022-12-27T11:27:02.4681070Z Requirement already satisfied: bashlex!=0.13 in /Users/runner/hostedtoolcache/Python/3.8.15/x64/lib/python3.8/site-packages (from cibuildwheel==2.11.3) (0.16)
2022-12-27T11:27:02.4687900Z Requirement already satisfied: packaging>=20.9 in /Users/runner/hostedtoolcache/Python/3.8.15/x64/lib/python3.8/site-packages (from cibuildwheel==2.11.3) (22.0)
2022-12-27T11:27:02.4700090Z Requirement already satisfied: typing-extensions>=4.1.0 in /Users/runner/hostedtoolcache/Python/3.8.15/x64/lib/python3.8/site-packages (from cibuildwheel==2.11.3) (4.4.0)
2022-12-27T11:27:02.4710120Z Requirement already satisfied: tomli in /Users/runner/hostedtoolcache/Python/3.8.15/x64/lib/python3.8/site-packages (from cibuildwheel==2.11.3) (2.0.1)
2022-12-27T11:27:02.4715030Z Requirement already satisfied: filelock in /Users/runner/hostedtoolcache/Python/3.8.15/x64/lib/python3.8/site-packages (from cibuildwheel==2.11.3) (3.8.2)
2022-12-27T11:27:02.4719770Z Requirement already satisfied: platformdirs in /Users/runner/hostedtoolcache/Python/3.8.15/x64/lib/python3.8/site-packages (from cibuildwheel==2.11.3) (2.6.0)
2022-12-27T11:27:02.4723780Z Requirement already satisfied: certifi in /Users/runner/hostedtoolcache/Python/3.8.15/x64/lib/python3.8/site-packages (from cibuildwheel==2.11.3) (2022.12.7)
2022-12-27T11:27:02.4728380Z Requirement already satisfied: bracex in /Users/runner/hostedtoolcache/Python/3.8.15/x64/lib/python3.8/site-packages (from cibuildwheel==2.11.3) (2.3.post1)
2022-12-27T11:27:02.6543760Z 
2022-12-27T11:27:02.6544470Z      _ _       _ _   _       _           _
2022-12-27T11:27:02.6545110Z  ___|_| |_ _ _|_| |_| |_ _ _| |_ ___ ___| |
2022-12-27T11:27:02.6545600Z |  _| | . | | | | | . | | | |   | -_| -_| |
2022-12-27T11:27:02.6546580Z |___|_|___|___|_|_|___|_____|_|_|___|___|_|
2022-12-27T11:27:02.6546770Z 
2022-12-27T11:27:02.6546910Z cibuildwheel version 2.11.3
2022-12-27T11:27:02.6547200Z 
2022-12-27T11:27:02.6547350Z Build options:
2022-12-27T11:27:02.6547600Z   platform: macos
2022-12-27T11:27:02.6637780Z   architectures: arm64[0m
2022-12-27T11:27:02.6639620Z   build_selector: 
2022-12-27T11:27:02.6640340Z     build_config: cp38-macosx_arm64
2022-12-27T11:27:02.6640920Z     skip_config: 
2022-12-27T11:27:02.6641480Z     requires_python: None
2022-12-27T11:27:02.6642160Z     prerelease_pythons: False[0m
2022-12-27T11:27:02.6643070Z   [38;5;244mcontainer_engine: docker[0m
2022-12-27T11:27:02.6643980Z   output_dir: /Users/runner/actions-runner/_work/python.build/python.build/build_lxml201038/wheelsout[0m
2022-12-27T11:27:02.6645040Z   package_dir: /Users/runner/actions-runner/_work/python.build/python.build/build_lxml201038/lxml-2.0.10[0m
2022-12-27T11:27:02.6645600Z   test_selector: 
2022-12-27T11:27:02.6646180Z     skip_config: *_arm64[0m
2022-12-27T11:27:02.6646860Z   [38;5;244mbefore_all: [0m
2022-12-27T11:27:02.6647700Z   before_build: pip install Cython; if [[ -f requirements.txt ]]; then pip install -r requirements.txt; fi[0m
2022-12-27T11:27:02.6648440Z   [38;5;244mbefore_test: [0m
2022-12-27T11:27:02.6649000Z   [38;5;244mbuild_frontend: pip[0m
2022-12-27T11:27:02.6649450Z   build_verbosity: 3[0m
2022-12-27T11:27:02.6650150Z   [38;5;244mconfig_settings: [0m
2022-12-27T11:27:02.6650780Z   [38;5;244mdependency_constraints: pinned[0m
2022-12-27T11:27:02.6651240Z   environment: 
2022-12-27T11:27:02.6651810Z     CFLAGS="-I/usr/local/opt/openssl@3/include"
2022-12-27T11:27:02.6652560Z     LDFLAGS="-L/usr/local/opt/openssl@3/lib"
2022-12-27T11:27:02.6653250Z     CPPFLAGS="-I/usr/local/opt/openssl@3/include"
2022-12-27T11:27:02.6653720Z     MAKEFLAGS="-j$(sysctl -n hw.logicalcpu)"
2022-12-27T11:27:02.6654120Z     PATH=/usr/local/opt/ccache/libexec:$PATH[0m
2022-12-27T11:27:02.6654510Z   [38;5;244mmanylinux_images: None[0m
2022-12-27T11:27:02.6654940Z   [38;5;244mmusllinux_images: None[0m
2022-12-27T11:27:02.6655510Z   [38;5;244mrepair_command: delocate-wheel --require-archs {delocate_archs} -w {dest_dir} -v {wheel}[0m
2022-12-27T11:27:02.6656370Z   [38;5;244mtest_command: [0m
2022-12-27T11:27:02.6656670Z   [38;5;244mtest_extras: [0m
2022-12-27T11:27:02.6657140Z   [38;5;244mtest_requires: [0m
2022-12-27T11:27:02.6657310Z 
2022-12-27T11:27:02.6657490Z Cache folder: /Users/runner/Library/Caches/cibuildwheel
2022-12-27T11:27:02.6657690Z 
2022-12-27T11:27:02.6657800Z Here we go!
2022-12-27T11:27:02.6657950Z 
2022-12-27T11:27:02.6711400Z 
2022-12-27T11:27:02.6711890Z [1m[34mBuilding cp38-macosx_arm64 wheel[0m
2022-12-27T11:27:02.6712350Z CPython 3.8 macOS arm64 - Apple Silicon
2022-12-27T11:27:02.6712490Z 
2022-12-27T11:27:02.6715620Z ##[group]Installing Python cp38...
2022-12-27T11:27:02.6715850Z 
2022-12-27T11:27:02.6716050Z + pkgutil --pkgs
2022-12-27T11:27:02.6817380Z ##[endgroup]
2022-12-27T11:27:02.6819210Z                                                               [32mâœ“ [0m0.01s
2022-12-27T11:27:02.6819750Z ##[group]Setting up build environment...
2022-12-27T11:27:02.6819930Z 
2022-12-27T11:27:02.6836920Z + /Users/runner/hostedtoolcache/Python/3.8.15/x64/bin/python -sS /Users/runner/Library/Caches/cibuildwheel/virtualenv-20.17.0.pyz --activators= --no-periodic-update --pip=22.3.1 --setuptools=65.6.3 --wheel=0.38.4 --symlink-app-data --python /Library/Frameworks/Python.framework/Versions/3.8/bin/python3 /private/var/folders/51/hd414ycd67n82196sw51xqtc0000gn/T/cibw-run-rkafgpan/cp38-macosx_arm64/build/venv
2022-12-27T11:27:02.8690380Z created virtual environment CPython3.8.10.final.0-64 in 47ms
2022-12-27T11:27:02.8690990Z   creator CPython3Posix(dest=/private/var/folders/51/hd414ycd67n82196sw51xqtc0000gn/T/cibw-run-rkafgpan/cp38-macosx_arm64/build/venv, clear=False, no_vcs_ignore=False, global=False)
2022-12-27T11:27:02.8691760Z   seeder FromAppData(download=False, pip=22.3.1, setuptools=65.6.3, wheel=0.38.4, via=symlink, app_data_dir=/Users/runner/Library/Application Support/virtualenv)
2022-12-27T11:27:02.8692170Z     added seed packages: pip==22.3.1, setuptools==65.6.3, wheel==0.38.4
2022-12-27T11:27:02.8801810Z + python -m pip install --upgrade pip -c /Users/runner/hostedtoolcache/Python/3.8.15/x64/lib/python3.8/site-packages/cibuildwheel/resources/constraints-python38.txt
2022-12-27T11:27:03.1813670Z Requirement already satisfied: pip in ./lib/python3.8/site-packages (22.3.1)
2022-12-27T11:27:03.3262650Z + which pip
2022-12-27T11:27:03.3281090Z /private/var/folders/51/hd414ycd67n82196sw51xqtc0000gn/T/cibw-run-rkafgpan/cp38-macosx_arm64/build/venv/bin/pip
2022-12-27T11:27:03.3284540Z + pip --version
2022-12-27T11:27:03.5536240Z pip 22.3.1 from /private/var/folders/51/hd414ycd67n82196sw51xqtc0000gn/T/cibw-run-rkafgpan/cp38-macosx_arm64/build/venv/lib/python3.8/site-packages/pip (python 3.8)
2022-12-27T11:27:03.5751410Z + which pip
2022-12-27T11:27:03.5780460Z + which python
2022-12-27T11:27:03.5798990Z /private/var/folders/51/hd414ycd67n82196sw51xqtc0000gn/T/cibw-run-rkafgpan/cp38-macosx_arm64/build/venv/bin/python
2022-12-27T11:27:03.5801270Z + python --version
2022-12-27T11:27:03.5855210Z Python 3.8.10
2022-12-27T11:27:03.5858520Z + which python
2022-12-27T11:27:03.5924970Z ##[endgroup]
2022-12-27T11:27:03.5925650Z                                                               [32mâœ“ [0m0.91s
2022-12-27T11:27:03.5926150Z ##[group]Installing build tools...
2022-12-27T11:27:03.5926320Z 
2022-12-27T11:27:03.5926810Z + pip install --upgrade setuptools wheel delocate -c /Users/runner/hostedtoolcache/Python/3.8.15/x64/lib/python3.8/site-packages/cibuildwheel/resources/constraints-python38.txt
2022-12-27T11:27:03.8896700Z Requirement already satisfied: setuptools in /private/var/folders/51/hd414ycd67n82196sw51xqtc0000gn/T/cibw-run-rkafgpan/cp38-macosx_arm64/build/venv/lib/python3.8/site-packages (65.6.3)
2022-12-27T11:27:04.1081840Z Requirement already satisfied: wheel in /private/var/folders/51/hd414ycd67n82196sw51xqtc0000gn/T/cibw-run-rkafgpan/cp38-macosx_arm64/build/venv/lib/python3.8/site-packages (0.38.4)
2022-12-27T11:27:04.1700830Z Collecting delocate
2022-12-27T11:27:04.1730360Z   Using cached delocate-0.10.3-py3-none-any.whl (142 kB)
2022-12-27T11:27:04.2026930Z Collecting typing-extensions
2022-12-27T11:27:04.2048650Z   Using cached typing_extensions-4.4.0-py3-none-any.whl (26 kB)
2022-12-27T11:27:04.2315810Z Collecting packaging>=20.9
2022-12-27T11:27:04.2344760Z   Using cached packaging-21.3-py3-none-any.whl (40 kB)
2022-12-27T11:27:04.2714620Z Collecting pyparsing!=3.0.5,>=2.0.2
2022-12-27T11:27:04.2738420Z   Using cached pyparsing-3.0.9-py3-none-any.whl (98 kB)
2022-12-27T11:27:04.3114990Z Installing collected packages: typing-extensions, pyparsing, packaging, delocate
2022-12-27T11:27:04.4448250Z Successfully installed delocate-0.10.3 packaging-21.3 pyparsing-3.0.9 typing-extensions-4.4.0
2022-12-27T11:27:04.4891220Z ##[endgroup]
2022-12-27T11:27:04.4892250Z                                                               [32mâœ“ [0m0.90s
2022-12-27T11:27:04.4893090Z ##[group]Running before_build...
2022-12-27T11:27:04.4893290Z 
2022-12-27T11:27:04.4900520Z + pip install Cython; if [[ -f requirements.txt ]]; then pip install -r requirements.txt; fi
2022-12-27T11:27:05.1613050Z Collecting Cython
2022-12-27T11:27:05.1661070Z   Using cached Cython-0.29.32-py2.py3-none-any.whl (986 kB)
2022-12-27T11:27:05.2094000Z Installing collected packages: Cython
2022-12-27T11:27:05.6422830Z Successfully installed Cython-0.29.32
2022-12-27T11:27:05.6823400Z ##[endgroup]
2022-12-27T11:27:05.6824050Z                                                               [32mâœ“ [0m1.19s
2022-12-27T11:27:05.6824530Z ##[group]Building wheel...
2022-12-27T11:27:05.6824840Z 
2022-12-27T11:27:05.6829530Z + python -m pip wheel /Users/runner/actions-runner/_work/python.build/python.build/build_lxml201038/lxml-2.0.10 --wheel-dir=/private/var/folders/51/hd414ycd67n82196sw51xqtc0000gn/T/cibw-run-rkafgpan/cp38-macosx_arm64/built_wheel --no-deps -vvv
2022-12-27T11:27:05.9624990Z Created temporary directory: /private/var/folders/51/hd414ycd67n82196sw51xqtc0000gn/T/pip-ephem-wheel-cache-1rqnhgkb
2022-12-27T11:27:05.9629630Z Created temporary directory: /private/var/folders/51/hd414ycd67n82196sw51xqtc0000gn/T/pip-build-tracker-jtd_ab0o
2022-12-27T11:27:05.9631380Z Initialized build tracking at /private/var/folders/51/hd414ycd67n82196sw51xqtc0000gn/T/pip-build-tracker-jtd_ab0o
2022-12-27T11:27:05.9632520Z Created build tracker: /private/var/folders/51/hd414ycd67n82196sw51xqtc0000gn/T/pip-build-tracker-jtd_ab0o
2022-12-27T11:27:05.9634160Z Entered build tracker: /private/var/folders/51/hd414ycd67n82196sw51xqtc0000gn/T/pip-build-tracker-jtd_ab0o
2022-12-27T11:27:05.9637900Z Created temporary directory: /private/var/folders/51/hd414ycd67n82196sw51xqtc0000gn/T/pip-wheel-ew9dw3lj
2022-12-27T11:27:05.9643570Z Created temporary directory: /private/var/folders/51/hd414ycd67n82196sw51xqtc0000gn/T/pip-ephem-wheel-cache-jfwb_dcm
2022-12-27T11:27:05.9722330Z Processing /Users/runner/actions-runner/_work/python.build/python.build/build_lxml201038/lxml-2.0.10
2022-12-27T11:27:05.9727340Z   Added file:///Users/runner/actions-runner/_work/python.build/python.build/build_lxml201038/lxml-2.0.10 to build tracker '/private/var/folders/51/hd414ycd67n82196sw51xqtc0000gn/T/pip-build-tracker-jtd_ab0o'
2022-12-27T11:27:05.9731030Z   Running setup.py (path:/Users/runner/actions-runner/_work/python.build/python.build/build_lxml201038/lxml-2.0.10/setup.py) egg_info for package from file:///Users/runner/actions-runner/_work/python.build/python.build/build_lxml201038/lxml-2.0.10
2022-12-27T11:27:05.9734240Z   Created temporary directory: /private/var/folders/51/hd414ycd67n82196sw51xqtc0000gn/T/pip-pip-egg-info-jef8qpja
2022-12-27T11:27:05.9735290Z   Preparing metadata (setup.py): started
2022-12-27T11:27:05.9737220Z   Running command python setup.py egg_info
2022-12-27T11:27:06.2772450Z   Traceback (most recent call last):
2022-12-27T11:27:06.2781480Z     File "<string>", line 2, in <module>
2022-12-27T11:27:06.2782370Z     File "<pip-setuptools-caller>", line 34, in <module>
2022-12-27T11:27:06.2783000Z     File "/Users/runner/actions-runner/_work/python.build/python.build/build_lxml201038/lxml-2.0.10/setup.py", line 104, in <module>
2022-12-27T11:27:06.2783780Z       ext_modules = setupinfo.ext_modules(
2022-12-27T11:27:06.2784280Z     File "/Users/runner/actions-runner/_work/python.build/python.build/build_lxml201038/lxml-2.0.10/setupinfo.py", line 42, in ext_modules
2022-12-27T11:27:06.2784680Z       _include_dirs = include_dirs(static_include_dirs)
2022-12-27T11:27:06.2785150Z     File "/Users/runner/actions-runner/_work/python.build/python.build/build_lxml201038/lxml-2.0.10/setupinfo.py", line 120, in include_dirs
2022-12-27T11:27:06.2785560Z       if possible_include_dir.startswith('-I'):
2022-12-27T11:27:06.2785860Z   TypeError: startswith first arg must be bytes or a tuple of bytes, not str
2022-12-27T11:27:06.2787060Z   Building lxml version 2.0.10.
2022-12-27T11:27:06.2788480Z   Building with Cython 0.29.32.
2022-12-27T11:27:06.2789950Z   Using build configuration of libxslt b'1.1.29'
2022-12-27T11:27:06.3151170Z   error: subprocess-exited-with-error
2022-12-27T11:27:06.3151460Z   
2022-12-27T11:27:06.3151890Z   Ã— python setup.py egg_info did not run successfully.
2022-12-27T11:27:06.3152470Z   â”‚ exit code: 1
2022-12-27T11:27:06.3152790Z   â•°â”€> See above for output.
2022-12-27T11:27:06.3153000Z   
2022-12-27T11:27:06.3153330Z   note: This error originates from a subprocess, and is likely not a problem with pip.
2022-12-27T11:27:06.3161030Z   full command: /private/var/folders/51/hd414ycd67n82196sw51xqtc0000gn/T/cibw-run-rkafgpan/cp38-macosx_arm64/build/venv/bin/python -c '
2022-12-27T11:27:06.3161610Z   exec(compile('"'"''"'"''"'"'
2022-12-27T11:27:06.3162780Z   # This is <pip-setuptools-caller> -- a caller that pip uses to run setup.py
2022-12-27T11:27:06.3163230Z   #
2022-12-27T11:27:06.3163600Z   # - It imports setuptools before invoking setup.py, to enable projects that directly
2022-12-27T11:27:06.3164230Z   #   import from `distutils.core` to work with newer packaging standards.
2022-12-27T11:27:06.3164670Z   # - It provides a clear error message when setuptools is not installed.
2022-12-27T11:27:06.3165300Z   # - It sets `sys.argv[0]` to the underlying `setup.py`, when invoking `setup.py` so
2022-12-27T11:27:06.3165800Z   #   setuptools doesn'"'"'t think the script is `-c`. This avoids the following warning:
2022-12-27T11:27:06.3166190Z   #     manifest_maker: standard file '"'"'-c'"'"' not found".
2022-12-27T11:27:06.3167030Z   # - It generates a shim setup.py, for handling setup.cfg-only projects.
2022-12-27T11:27:06.3167340Z   import os, sys, tokenize
2022-12-27T11:27:06.3167510Z   
2022-12-27T11:27:06.3167900Z   try:
2022-12-27T11:27:06.3168110Z       import setuptools
2022-12-27T11:27:06.3168300Z   except ImportError as error:
2022-12-27T11:27:06.3168510Z       print(
2022-12-27T11:27:06.3168900Z           "ERROR: Can not execute `setup.py` since setuptools is not available in "
2022-12-27T11:27:06.3169170Z           "the build environment.",
2022-12-27T11:27:06.3169430Z           file=sys.stderr,
2022-12-27T11:27:06.3169640Z       )
2022-12-27T11:27:06.3169940Z       sys.exit(1)
2022-12-27T11:27:06.3170150Z   
2022-12-27T11:27:06.3170340Z   __file__ = %r
2022-12-27T11:27:06.3170510Z   sys.argv[0] = __file__
2022-12-27T11:27:06.3170830Z   
2022-12-27T11:27:06.3171040Z   if os.path.exists(__file__):
2022-12-27T11:27:06.3171230Z       filename = __file__
2022-12-27T11:27:06.3171460Z       with tokenize.open(__file__) as f:
2022-12-27T11:27:06.3171750Z           setup_py_code = f.read()
2022-12-27T11:27:06.3171950Z   else:
2022-12-27T11:27:06.3172220Z       filename = "<auto-generated setuptools caller>"
2022-12-27T11:27:06.3172500Z       setup_py_code = "from setuptools import setup; setup()"
2022-12-27T11:27:06.3172720Z   
2022-12-27T11:27:06.3172950Z   exec(compile(setup_py_code, filename, "exec"))
2022-12-27T11:27:06.3173570Z   '"'"''"'"''"'"' % ('"'"'/Users/runner/actions-runner/_work/python.build/python.build/build_lxml201038/lxml-2.0.10/setup.py'"'"',), "<pip-setuptools-caller>", "exec"))' egg_info --egg-base /private/var/folders/51/hd414ycd67n82196sw51xqtc0000gn/T/pip-pip-egg-info-jef8qpja
2022-12-27T11:27:06.3174270Z   Preparing metadata (setup.py): finished with status 'error'
2022-12-27T11:27:06.3174630Z   cwd: /Users/runner/actions-runner/_work/python.build/python.build/build_lxml201038/lxml-2.0.10/
2022-12-27T11:27:06.3179310Z error: metadata-generation-failed
2022-12-27T11:27:06.3179720Z 
2022-12-27T11:27:06.3180070Z Ã— Encountered error while generating package metadata.
2022-12-27T11:27:06.3180400Z â•°â”€> See above for output.
2022-12-27T11:27:06.3180540Z 
2022-12-27T11:27:06.3180680Z note: This is an issue with the package mentioned above, not pip.
2022-12-27T11:27:06.3180910Z hint: See above for details.
2022-12-27T11:27:06.3203520Z Exception information:
2022-12-27T11:27:06.3204310Z Traceback (most recent call last):
2022-12-27T11:27:06.3206030Z   File "/private/var/folders/51/hd414ycd67n82196sw51xqtc0000gn/T/cibw-run-rkafgpan/cp38-macosx_arm64/build/venv/lib/python3.8/site-packages/pip/_internal/operations/build/metadata_legacy.py", line 64, in generate_metadata
2022-12-27T11:27:06.3206690Z     call_subprocess(
2022-12-27T11:27:06.3207650Z   File "/private/var/folders/51/hd414ycd67n82196sw51xqtc0000gn/T/cibw-run-rkafgpan/cp38-macosx_arm64/build/venv/lib/python3.8/site-packages/pip/_internal/utils/subprocess.py", line 224, in call_subprocess
2022-12-27T11:27:06.3208340Z     raise error
2022-12-27T11:27:06.3208820Z pip._internal.exceptions.InstallationSubprocessError: python setup.py egg_info exited with 1
2022-12-27T11:27:06.3209100Z 
2022-12-27T11:27:06.3209420Z The above exception was the direct cause of the following exception:
2022-12-27T11:27:06.3209680Z 
2022-12-27T11:27:06.3209840Z Traceback (most recent call last):
2022-12-27T11:27:06.3211140Z   File "/private/var/folders/51/hd414ycd67n82196sw51xqtc0000gn/T/cibw-run-rkafgpan/cp38-macosx_arm64/build/venv/lib/python3.8/site-packages/pip/_internal/cli/base_command.py", line 160, in exc_logging_wrapper
2022-12-27T11:27:06.3211730Z     status = run_func(*args)
2022-12-27T11:27:06.3212720Z   File "/private/var/folders/51/hd414ycd67n82196sw51xqtc0000gn/T/cibw-run-rkafgpan/cp38-macosx_arm64/build/venv/lib/python3.8/site-packages/pip/_internal/cli/req_command.py", line 247, in wrapper
2022-12-27T11:27:06.3213260Z     return func(self, options, args)
2022-12-27T11:27:06.3214060Z   File "/private/var/folders/51/hd414ycd67n82196sw51xqtc0000gn/T/cibw-run-rkafgpan/cp38-macosx_arm64/build/venv/lib/python3.8/site-packages/pip/_internal/commands/wheel.py", line 170, in run
2022-12-27T11:27:06.3214620Z     requirement_set = resolver.resolve(reqs, check_supported_wheels=True)
2022-12-27T11:27:06.3215580Z   File "/private/var/folders/51/hd414ycd67n82196sw51xqtc0000gn/T/cibw-run-rkafgpan/cp38-macosx_arm64/build/venv/lib/python3.8/site-packages/pip/_internal/resolution/resolvelib/resolver.py", line 73, in resolve
2022-12-27T11:27:06.3216270Z     collected = self.factory.collect_root_requirements(root_reqs)
2022-12-27T11:27:06.3217180Z   File "/private/var/folders/51/hd414ycd67n82196sw51xqtc0000gn/T/cibw-run-rkafgpan/cp38-macosx_arm64/build/venv/lib/python3.8/site-packages/pip/_internal/resolution/resolvelib/factory.py", line 491, in collect_root_requirements
2022-12-27T11:27:06.3217710Z     req = self._make_requirement_from_install_req(
2022-12-27T11:27:06.3218590Z   File "/private/var/folders/51/hd414ycd67n82196sw51xqtc0000gn/T/cibw-run-rkafgpan/cp38-macosx_arm64/build/venv/lib/python3.8/site-packages/pip/_internal/resolution/resolvelib/factory.py", line 453, in _make_requirement_from_install_req
2022-12-27T11:27:06.3219250Z     cand = self._make_candidate_from_link(
2022-12-27T11:27:06.3220090Z   File "/private/var/folders/51/hd414ycd67n82196sw51xqtc0000gn/T/cibw-run-rkafgpan/cp38-macosx_arm64/build/venv/lib/python3.8/site-packages/pip/_internal/resolution/resolvelib/factory.py", line 206, in _make_candidate_from_link
2022-12-27T11:27:06.3220660Z     self._link_candidate_cache[link] = LinkCandidate(
2022-12-27T11:27:06.3221500Z   File "/private/var/folders/51/hd414ycd67n82196sw51xqtc0000gn/T/cibw-run-rkafgpan/cp38-macosx_arm64/build/venv/lib/python3.8/site-packages/pip/_internal/resolution/resolvelib/candidates.py", line 297, in __init__
2022-12-27T11:27:06.3222220Z     super().__init__(
2022-12-27T11:27:06.3223120Z   File "/private/var/folders/51/hd414ycd67n82196sw51xqtc0000gn/T/cibw-run-rkafgpan/cp38-macosx_arm64/build/venv/lib/python3.8/site-packages/pip/_internal/resolution/resolvelib/candidates.py", line 162, in __init__
2022-12-27T11:27:06.3223630Z     self.dist = self._prepare()
2022-12-27T11:27:06.3224410Z   File "/private/var/folders/51/hd414ycd67n82196sw51xqtc0000gn/T/cibw-run-rkafgpan/cp38-macosx_arm64/build/venv/lib/python3.8/site-packages/pip/_internal/resolution/resolvelib/candidates.py", line 231, in _prepare
2022-12-27T11:27:06.3224950Z     dist = self._prepare_distribution()
2022-12-27T11:27:06.3225850Z   File "/private/var/folders/51/hd414ycd67n82196sw51xqtc0000gn/T/cibw-run-rkafgpan/cp38-macosx_arm64/build/venv/lib/python3.8/site-packages/pip/_internal/resolution/resolvelib/candidates.py", line 308, in _prepare_distribution
2022-12-27T11:27:06.3226490Z     return preparer.prepare_linked_requirement(self._ireq, parallel_builds=True)
2022-12-27T11:27:06.3227370Z   File "/private/var/folders/51/hd414ycd67n82196sw51xqtc0000gn/T/cibw-run-rkafgpan/cp38-macosx_arm64/build/venv/lib/python3.8/site-packages/pip/_internal/operations/prepare.py", line 491, in prepare_linked_requirement
2022-12-27T11:27:06.3227950Z     return self._prepare_linked_requirement(req, parallel_builds)
2022-12-27T11:27:06.3228890Z   File "/private/var/folders/51/hd414ycd67n82196sw51xqtc0000gn/T/cibw-run-rkafgpan/cp38-macosx_arm64/build/venv/lib/python3.8/site-packages/pip/_internal/operations/prepare.py", line 577, in _prepare_linked_requirement
2022-12-27T11:27:06.3229480Z     dist = _get_prepared_distribution(
2022-12-27T11:27:06.3230420Z   File "/private/var/folders/51/hd414ycd67n82196sw51xqtc0000gn/T/cibw-run-rkafgpan/cp38-macosx_arm64/build/venv/lib/python3.8/site-packages/pip/_internal/operations/prepare.py", line 69, in _get_prepared_distribution
2022-12-27T11:27:06.3230870Z     abstract_dist.prepare_distribution_metadata(
2022-12-27T11:27:06.3231520Z   File "/private/var/folders/51/hd414ycd67n82196sw51xqtc0000gn/T/cibw-run-rkafgpan/cp38-macosx_arm64/build/venv/lib/python3.8/site-packages/pip/_internal/distributions/sdist.py", line 61, in prepare_distribution_metadata
2022-12-27T11:27:06.3231990Z     self.req.prepare_metadata()
2022-12-27T11:27:06.3232480Z   File "/private/var/folders/51/hd414ycd67n82196sw51xqtc0000gn/T/cibw-run-rkafgpan/cp38-macosx_arm64/build/venv/lib/python3.8/site-packages/pip/_internal/req/req_install.py", line 541, in prepare_metadata
2022-12-27T11:27:06.3232790Z     self.metadata_directory = generate_metadata_legacy(
2022-12-27T11:27:06.3233210Z   File "/private/var/folders/51/hd414ycd67n82196sw51xqtc0000gn/T/cibw-run-rkafgpan/cp38-macosx_arm64/build/venv/lib/python3.8/site-packages/pip/_internal/operations/build/metadata_legacy.py", line 71, in generate_metadata
2022-12-27T11:27:06.3233630Z     raise MetadataGenerationFailed(package_details=details) from error
2022-12-27T11:27:06.3298370Z pip._internal.exceptions.MetadataGenerationFailed: metadata generation failed
2022-12-27T11:27:06.3298980Z Removed file:///Users/runner/actions-runner/_work/python.build/python.build/build_lxml201038/lxml-2.0.10 from build tracker '/private/var/folders/51/hd414ycd67n82196sw51xqtc0000gn/T/pip-build-tracker-jtd_ab0o'
2022-12-27T11:27:06.3299500Z Removed build tracker: '/private/var/folders/51/hd414ycd67n82196sw51xqtc0000gn/T/pip-build-tracker-jtd_ab0o'
2022-12-27T11:27:06.3540250Z ##[endgroup]
2022-12-27T11:27:06.3540820Z                                                               [31mâœ• [0m0.67s
2022-12-27T11:27:06.3881050Z ##[error]Command ['python', '-m', 'pip', 'wheel', '/Users/runner/actions-runner/_work/python.build/python.build/build_lxml201038/lxml-2.0.10', '--wheel-dir=/private/var/folders/51/hd414ycd67n82196sw51xqtc0000gn/T/cibw-run-rkafgpan/cp38-macosx_arm64/built_wheel', '--no-deps', '-vvv'] failed with code 1. None
2022-12-27T11:27:06.3886810Z 
2022-12-27T11:27:06.3995770Z ##[error]Process completed with exit code 1.
2022-12-27T11:27:06.4026780Z ##[group]Run rm -rf build_lxml201038 wheelsout
2022-12-27T11:27:06.4027030Z [36;1mrm -rf build_lxml201038 wheelsout[0m
2022-12-27T11:27:06.4041470Z shell: /bin/bash -e {0}
2022-12-27T11:27:06.4041610Z env:
2022-12-27T11:27:06.4041810Z   pythonLocation: /Users/runner/hostedtoolcache/Python/3.8.15/x64
2022-12-27T11:27:06.4042010Z   PKG_CONFIG_PATH: /Users/runner/hostedtoolcache/Python/3.8.15/x64/lib/pkgconfig
2022-12-27T11:27:06.4042190Z   Python_ROOT_DIR: /Users/runner/hostedtoolcache/Python/3.8.15/x64
2022-12-27T11:27:06.4042360Z   Python2_ROOT_DIR: /Users/runner/hostedtoolcache/Python/3.8.15/x64
2022-12-27T11:27:06.4042590Z   Python3_ROOT_DIR: /Users/runner/hostedtoolcache/Python/3.8.15/x64
2022-12-27T11:27:06.4042790Z ##[endgroup]
2022-12-27T11:27:06.4478250Z Cleaning up orphan processes
