2022-12-27T07:29:40.1141556Z Requested labels: self-hosted, macOS, X64
2022-12-27T07:29:40.1141623Z Job defined at: kilnbuild/python.build/.github/workflows/mac_arm_build.yml@refs/heads/main
2022-12-27T07:29:40.1141646Z Waiting for a runner to pick up this job...
2022-12-27T11:01:23.5670189Z Job is about to start running on the runner: k2 (organization)
2022-12-27T11:01:25.8208370Z Current runner version: '2.300.2'
2022-12-27T11:01:25.8213260Z Runner name: 'k2'
2022-12-27T11:01:25.8213520Z Runner group name: 'Default'
2022-12-27T11:01:25.8213950Z Machine name: 'k2'
2022-12-27T11:01:25.8215600Z ##[group]GITHUB_TOKEN Permissions
2022-12-27T11:01:25.8216030Z Actions: write
2022-12-27T11:01:25.8216170Z Checks: write
2022-12-27T11:01:25.8216310Z Contents: write
2022-12-27T11:01:25.8216440Z Deployments: write
2022-12-27T11:01:25.8216580Z Discussions: write
2022-12-27T11:01:25.8216710Z Issues: write
2022-12-27T11:01:25.8216840Z Metadata: read
2022-12-27T11:01:25.8216960Z Packages: write
2022-12-27T11:01:25.8217100Z Pages: write
2022-12-27T11:01:25.8217230Z PullRequests: write
2022-12-27T11:01:25.8217390Z RepositoryProjects: write
2022-12-27T11:01:25.8217540Z SecurityEvents: write
2022-12-27T11:01:25.8217680Z Statuses: write
2022-12-27T11:01:25.8217810Z ##[endgroup]
2022-12-27T11:01:25.8220510Z Secret source: Actions
2022-12-27T11:01:25.8220840Z Prepare workflow directory
2022-12-27T11:01:25.8876660Z Prepare all required actions
2022-12-27T11:01:25.8999380Z Getting action download info
2022-12-27T11:01:26.3439320Z Download action repository 'actions/setup-python@v4' (SHA:5ccb29d8773c3f3f653e1705f474dfaa8a06a912)
2022-12-27T11:01:28.1401080Z Download action repository 'actions/upload-artifact@v3' (SHA:83fd05a356d7e2593de66fc9913b3002723633cb)
2022-12-27T11:01:29.4578960Z ##[group]Run echo '{
2022-12-27T11:01:29.4579280Z [36;1mecho '{[0m
2022-12-27T11:01:29.4579530Z [36;1m  "environment_variables": "GRPC_PYTHON_BUILD_WITH_CYTHON=1 GRPC_BUILD_WITH_BORING_SSL_ASM='' GRPC_PYTHON_BUILD_SYSTEM_OPENSSL=TRUE",[0m
2022-12-27T11:01:29.4579790Z [36;1m  "package_name": "grpcio-tools",[0m
2022-12-27T11:01:29.4580070Z [36;1m  "package_url": "https://files.pythonhosted.org/packages/d5/65/62d9cd43cec612cbba206d83db250d53dff699c5ffe9c05fc9ec191887a9/grpcio-tools-1.49.0.tar.gz",[0m
2022-12-27T11:01:29.4580340Z [36;1m  "package_version": "1.49.0",[0m
2022-12-27T11:01:29.4580530Z [36;1m  "python_version": "3.7",[0m
2022-12-27T11:01:29.4580690Z [36;1m  "use_ccache": "true"[0m
2022-12-27T11:01:29.4580910Z [36;1m}'[0m
2022-12-27T11:01:29.4596440Z shell: /bin/bash -e {0}
2022-12-27T11:01:29.4596580Z ##[endgroup]
2022-12-27T11:01:29.4821890Z {
2022-12-27T11:01:29.4823400Z   "environment_variables": "GRPC_PYTHON_BUILD_WITH_CYTHON=1 GRPC_BUILD_WITH_BORING_SSL_ASM= GRPC_PYTHON_BUILD_SYSTEM_OPENSSL=TRUE",
2022-12-27T11:01:29.4823940Z   "package_name": "grpcio-tools",
2022-12-27T11:01:29.4824410Z   "package_url": "https://files.pythonhosted.org/packages/d5/65/62d9cd43cec612cbba206d83db250d53dff699c5ffe9c05fc9ec191887a9/grpcio-tools-1.49.0.tar.gz",
2022-12-27T11:01:29.4824700Z   "package_version": "1.49.0",
2022-12-27T11:01:29.4824880Z   "python_version": "3.7",
2022-12-27T11:01:29.4825020Z   "use_ccache": "true"
2022-12-27T11:01:29.4825180Z }
2022-12-27T11:01:29.5035030Z ##[group]Run actions/setup-python@v4
2022-12-27T11:01:29.5035240Z with:
2022-12-27T11:01:29.5035480Z   python-version: 3.7
2022-12-27T11:01:29.5035690Z   check-latest: false
2022-12-27T11:01:29.5035970Z   token: ***
2022-12-27T11:01:29.5036200Z   update-environment: true
2022-12-27T11:01:29.5036380Z ##[endgroup]
2022-12-27T11:01:29.6316010Z ##[group]Installed versions
2022-12-27T11:01:29.6356650Z Successfully set up CPython (3.7.15)
2022-12-27T11:01:29.6357640Z ##[endgroup]
2022-12-27T11:01:29.6506960Z ##[group]Run if [ "true" == "true" ]
2022-12-27T11:01:29.6507320Z [36;1mif [ "true" == "true" ][0m
2022-12-27T11:01:29.6507510Z [36;1mthen[0m
2022-12-27T11:01:29.6507700Z [36;1m  echo "CCACHE_PATH_PREPEND=/usr/local/opt/ccache/libexec" >> $GITHUB_OUTPUT[0m
2022-12-27T11:01:29.6508200Z [36;1melse[0m
2022-12-27T11:01:29.6508410Z [36;1m  echo "CCACHE_PATH_PREPEND=" >> $GITHUB_OUTPUT[0m
2022-12-27T11:01:29.6508670Z [36;1mfi[0m
2022-12-27T11:01:29.6525870Z shell: /bin/bash -e {0}
2022-12-27T11:01:29.6526100Z env:
2022-12-27T11:01:29.6526420Z   pythonLocation: /Users/runner/hostedtoolcache/Python/3.7.15/x64
2022-12-27T11:01:29.6526700Z   PKG_CONFIG_PATH: /Users/runner/hostedtoolcache/Python/3.7.15/x64/lib/pkgconfig
2022-12-27T11:01:29.6527380Z   Python_ROOT_DIR: /Users/runner/hostedtoolcache/Python/3.7.15/x64
2022-12-27T11:01:29.6527630Z   Python2_ROOT_DIR: /Users/runner/hostedtoolcache/Python/3.7.15/x64
2022-12-27T11:01:29.6528020Z   Python3_ROOT_DIR: /Users/runner/hostedtoolcache/Python/3.7.15/x64
2022-12-27T11:01:29.6528200Z ##[endgroup]
2022-12-27T11:01:29.6647130Z ##[group]Run echo "BUILD_NAME=$(echo grpcio-tools_1.49.0_3.7 | tr -dc '[:alnum:]\n\r' | tr '[:upper:]' '[:lower:]')" >> $GITHUB_OUTPUT
2022-12-27T11:01:29.6647660Z [36;1mecho "BUILD_NAME=$(echo grpcio-tools_1.49.0_3.7 | tr -dc '[:alnum:]\n\r' | tr '[:upper:]' '[:lower:]')" >> $GITHUB_OUTPUT[0m
2022-12-27T11:01:29.6662940Z shell: /bin/bash -e {0}
2022-12-27T11:01:29.6704820Z env:
2022-12-27T11:01:29.6705010Z   pythonLocation: /Users/runner/hostedtoolcache/Python/3.7.15/x64
2022-12-27T11:01:29.6705320Z   PKG_CONFIG_PATH: /Users/runner/hostedtoolcache/Python/3.7.15/x64/lib/pkgconfig
2022-12-27T11:01:29.6705560Z   Python_ROOT_DIR: /Users/runner/hostedtoolcache/Python/3.7.15/x64
2022-12-27T11:01:29.6705740Z   Python2_ROOT_DIR: /Users/runner/hostedtoolcache/Python/3.7.15/x64
2022-12-27T11:01:29.6705920Z   Python3_ROOT_DIR: /Users/runner/hostedtoolcache/Python/3.7.15/x64
2022-12-27T11:01:29.6706160Z ##[endgroup]
2022-12-27T11:01:29.6832040Z ##[group]Run echo "PYTHON_NO_DOTS=$(echo 3.7 | tr -dc '[:alnum:]\n\r' | tr '[:upper:]' '[:lower:]')" >> $GITHUB_OUTPUT
2022-12-27T11:01:29.6832470Z [36;1mecho "PYTHON_NO_DOTS=$(echo 3.7 | tr -dc '[:alnum:]\n\r' | tr '[:upper:]' '[:lower:]')" >> $GITHUB_OUTPUT[0m
2022-12-27T11:01:29.6847260Z shell: /bin/bash -e {0}
2022-12-27T11:01:29.6847450Z env:
2022-12-27T11:01:29.6847660Z   pythonLocation: /Users/runner/hostedtoolcache/Python/3.7.15/x64
2022-12-27T11:01:29.6847980Z   PKG_CONFIG_PATH: /Users/runner/hostedtoolcache/Python/3.7.15/x64/lib/pkgconfig
2022-12-27T11:01:29.6848200Z   Python_ROOT_DIR: /Users/runner/hostedtoolcache/Python/3.7.15/x64
2022-12-27T11:01:29.6848470Z   Python2_ROOT_DIR: /Users/runner/hostedtoolcache/Python/3.7.15/x64
2022-12-27T11:01:29.6848720Z   Python3_ROOT_DIR: /Users/runner/hostedtoolcache/Python/3.7.15/x64
2022-12-27T11:01:29.6848880Z ##[endgroup]
2022-12-27T11:01:29.6970270Z ##[group]Run rm -rf build_grpciotools149037
2022-12-27T11:01:29.6970680Z [36;1mrm -rf build_grpciotools149037[0m
2022-12-27T11:01:29.6970850Z [36;1mmkdir build_grpciotools149037[0m
2022-12-27T11:01:29.6971040Z [36;1mcd build_grpciotools149037[0m
2022-12-27T11:01:29.6971400Z [36;1m/usr/local/bin/wget --quiet https://files.pythonhosted.org/packages/d5/65/62d9cd43cec612cbba206d83db250d53dff699c5ffe9c05fc9ec191887a9/grpcio-tools-1.49.0.tar.gz[0m
2022-12-27T11:01:29.6971680Z [36;1mtar xf *.tar.gz[0m
2022-12-27T11:01:29.6971830Z [36;1mcd *[0m
2022-12-27T11:01:29.6972010Z [36;1mpython -m pip install cibuildwheel==2.11.3[0m
2022-12-27T11:01:29.6972230Z [36;1mpython -m cibuildwheel --output-dir ../wheelsout[0m
2022-12-27T11:01:29.6986310Z shell: /bin/bash -e {0}
2022-12-27T11:01:29.6986550Z env:
2022-12-27T11:01:29.6986780Z   pythonLocation: /Users/runner/hostedtoolcache/Python/3.7.15/x64
2022-12-27T11:01:29.6987110Z   PKG_CONFIG_PATH: /Users/runner/hostedtoolcache/Python/3.7.15/x64/lib/pkgconfig
2022-12-27T11:01:29.6987390Z   Python_ROOT_DIR: /Users/runner/hostedtoolcache/Python/3.7.15/x64
2022-12-27T11:01:29.6987650Z   Python2_ROOT_DIR: /Users/runner/hostedtoolcache/Python/3.7.15/x64
2022-12-27T11:01:29.6987910Z   Python3_ROOT_DIR: /Users/runner/hostedtoolcache/Python/3.7.15/x64
2022-12-27T11:01:29.6988110Z   CIBW_ARCHS_MACOS: arm64
2022-12-27T11:01:29.6988340Z   CIBW_TEST_SKIP: *_arm64
2022-12-27T11:01:29.6988540Z   CIBW_BUILD: cp37-macosx_arm64
2022-12-27T11:01:29.6988720Z   CIBW_BUILD_FRONTEND: pip
2022-12-27T11:01:29.6988930Z   CIBW_BUILD_VERBOSITY: 3
2022-12-27T11:01:29.6989360Z   CIBW_ENVIRONMENT_MACOS: GRPC_PYTHON_BUILD_WITH_CYTHON=1 GRPC_BUILD_WITH_BORING_SSL_ASM='' GRPC_PYTHON_BUILD_SYSTEM_OPENSSL=TRUE CFLAGS="-I/usr/local/opt/openssl@3/include" LDFLAGS="-L/usr/local/opt/openssl@3/lib" CPPFLAGS="-I/usr/local/opt/openssl@3/include" MAKEFLAGS="-j$(sysctl -n hw.logicalcpu)" PATH=/usr/local/opt/ccache/libexec:$PATH
2022-12-27T11:01:29.6990070Z   CIBW_BEFORE_BUILD: pip install Cython; if [[ -f requirements.txt ]]; then pip install -r requirements.txt; fi
2022-12-27T11:01:29.6990300Z   MAKEFLAGS: -j$(sysctl -n hw.logicalcpu)
2022-12-27T11:01:29.6990510Z ##[endgroup]
2022-12-27T11:01:30.2204530Z Requirement already satisfied: cibuildwheel==2.11.3 in /Users/runner/hostedtoolcache/Python/3.7.15/x64/lib/python3.7/site-packages (2.11.3)
2022-12-27T11:01:30.2511580Z Requirement already satisfied: filelock in /Users/runner/hostedtoolcache/Python/3.7.15/x64/lib/python3.7/site-packages (from cibuildwheel==2.11.3) (3.8.2)
2022-12-27T11:01:30.2514550Z Requirement already satisfied: bracex in /Users/runner/hostedtoolcache/Python/3.7.15/x64/lib/python3.7/site-packages (from cibuildwheel==2.11.3) (2.3.post1)
2022-12-27T11:01:30.2518370Z Requirement already satisfied: platformdirs in /Users/runner/hostedtoolcache/Python/3.7.15/x64/lib/python3.7/site-packages (from cibuildwheel==2.11.3) (2.6.0)
2022-12-27T11:01:30.2523650Z Requirement already satisfied: bashlex!=0.13 in /Users/runner/hostedtoolcache/Python/3.7.15/x64/lib/python3.7/site-packages (from cibuildwheel==2.11.3) (0.16)
2022-12-27T11:01:30.2526900Z Requirement already satisfied: certifi in /Users/runner/hostedtoolcache/Python/3.7.15/x64/lib/python3.7/site-packages (from cibuildwheel==2.11.3) (2022.12.7)
2022-12-27T11:01:30.2538370Z Requirement already satisfied: typing-extensions>=4.1.0 in /Users/runner/hostedtoolcache/Python/3.7.15/x64/lib/python3.7/site-packages (from cibuildwheel==2.11.3) (4.4.0)
2022-12-27T11:01:30.2544300Z Requirement already satisfied: tomli in /Users/runner/hostedtoolcache/Python/3.7.15/x64/lib/python3.7/site-packages (from cibuildwheel==2.11.3) (2.0.1)
2022-12-27T11:01:30.2549340Z Requirement already satisfied: packaging>=20.9 in /Users/runner/hostedtoolcache/Python/3.7.15/x64/lib/python3.7/site-packages (from cibuildwheel==2.11.3) (22.0)
2022-12-27T11:01:30.4398710Z 
2022-12-27T11:01:30.4399170Z      _ _       _ _   _       _           _
2022-12-27T11:01:30.4400030Z  ___|_| |_ _ _|_| |_| |_ _ _| |_ ___ ___| |
2022-12-27T11:01:30.4401350Z |  _| | . | | | | | . | | | |   | -_| -_| |
2022-12-27T11:01:30.4401730Z |___|_|___|___|_|_|___|_____|_|_|___|___|_|
2022-12-27T11:01:30.4401860Z 
2022-12-27T11:01:30.4402100Z cibuildwheel version 2.11.3
2022-12-27T11:01:30.4402250Z 
2022-12-27T11:01:30.4402360Z Build options:
2022-12-27T11:01:30.4402580Z   platform: macos
2022-12-27T11:01:30.4625000Z   architectures: arm64[0m
2022-12-27T11:01:30.4625990Z   build_selector: 
2022-12-27T11:01:30.4626810Z     build_config: cp37-macosx_arm64
2022-12-27T11:01:30.4627270Z     skip_config: 
2022-12-27T11:01:30.4627580Z     requires_python: >=3.7
2022-12-27T11:01:30.4628210Z     prerelease_pythons: False[0m
2022-12-27T11:01:30.4628790Z   [38;5;244mcontainer_engine: docker[0m
2022-12-27T11:01:30.4629520Z   output_dir: /Users/runner/actions-runner/_work/python.build/python.build/build_grpciotools149037/wheelsout[0m
2022-12-27T11:01:30.4630570Z   package_dir: /Users/runner/actions-runner/_work/python.build/python.build/build_grpciotools149037/grpcio-tools-1.49.0[0m
2022-12-27T11:01:30.4631160Z   test_selector: 
2022-12-27T11:01:30.4631690Z     skip_config: *_arm64[0m
2022-12-27T11:01:30.4632210Z   [38;5;244mbefore_all: [0m
2022-12-27T11:01:30.4632820Z   before_build: pip install Cython; if [[ -f requirements.txt ]]; then pip install -r requirements.txt; fi[0m
2022-12-27T11:01:30.4633210Z   [38;5;244mbefore_test: [0m
2022-12-27T11:01:30.4633490Z   [38;5;244mbuild_frontend: pip[0m
2022-12-27T11:01:30.4633870Z   build_verbosity: 3[0m
2022-12-27T11:01:30.4634210Z   [38;5;244mconfig_settings: [0m
2022-12-27T11:01:30.4634540Z   [38;5;244mdependency_constraints: pinned[0m
2022-12-27T11:01:30.4634820Z   environment: 
2022-12-27T11:01:30.4635170Z     GRPC_PYTHON_BUILD_WITH_CYTHON=1
2022-12-27T11:01:30.4635560Z     GRPC_BUILD_WITH_BORING_SSL_ASM=''
2022-12-27T11:01:30.4636280Z     GRPC_PYTHON_BUILD_SYSTEM_OPENSSL=TRUE
2022-12-27T11:01:30.4636720Z     CFLAGS="-I/usr/local/opt/openssl@3/include"
2022-12-27T11:01:30.4637100Z     LDFLAGS="-L/usr/local/opt/openssl@3/lib"
2022-12-27T11:01:30.4637580Z     CPPFLAGS="-I/usr/local/opt/openssl@3/include"
2022-12-27T11:01:30.4638010Z     MAKEFLAGS="-j$(sysctl -n hw.logicalcpu)"
2022-12-27T11:01:30.4638460Z     PATH=/usr/local/opt/ccache/libexec:$PATH[0m
2022-12-27T11:01:30.4638830Z   [38;5;244mmanylinux_images: None[0m
2022-12-27T11:01:30.4639220Z   [38;5;244mmusllinux_images: None[0m
2022-12-27T11:01:30.4639810Z   [38;5;244mrepair_command: delocate-wheel --require-archs {delocate_archs} -w {dest_dir} -v {wheel}[0m
2022-12-27T11:01:30.4640270Z   [38;5;244mtest_command: [0m
2022-12-27T11:01:30.4640640Z   [38;5;244mtest_extras: [0m
2022-12-27T11:01:30.4641000Z   [38;5;244mtest_requires: [0m
2022-12-27T11:01:30.4641190Z 
2022-12-27T11:01:30.4641320Z Cache folder: /Users/runner/Library/Caches/cibuildwheel
2022-12-27T11:01:30.4641630Z 
2022-12-27T11:01:30.4641750Z Here we go!
2022-12-27T11:01:30.4641890Z 
2022-12-27T11:01:30.4642510Z cibuildwheel: No build identifiers selected: BuildSelector(build_config='cp37-macosx_arm64', skip_config='', requires_python=<SpecifierSet('>=3.7')>, prerelease_pythons=False)
2022-12-27T11:01:30.4788310Z ##[error]Process completed with exit code 3.
2022-12-27T11:01:30.4825780Z ##[group]Run rm -rf build_grpciotools149037 wheelsout
2022-12-27T11:01:30.4826010Z [36;1mrm -rf build_grpciotools149037 wheelsout[0m
2022-12-27T11:01:30.4841220Z shell: /bin/bash -e {0}
2022-12-27T11:01:30.4841400Z env:
2022-12-27T11:01:30.4841570Z   pythonLocation: /Users/runner/hostedtoolcache/Python/3.7.15/x64
2022-12-27T11:01:30.4841890Z   PKG_CONFIG_PATH: /Users/runner/hostedtoolcache/Python/3.7.15/x64/lib/pkgconfig
2022-12-27T11:01:30.4842140Z   Python_ROOT_DIR: /Users/runner/hostedtoolcache/Python/3.7.15/x64
2022-12-27T11:01:30.4842360Z   Python2_ROOT_DIR: /Users/runner/hostedtoolcache/Python/3.7.15/x64
2022-12-27T11:01:30.4842570Z   Python3_ROOT_DIR: /Users/runner/hostedtoolcache/Python/3.7.15/x64
2022-12-27T11:01:30.4842750Z ##[endgroup]
2022-12-27T11:01:30.5680220Z Cleaning up orphan processes
