2022-12-27T08:49:17.8226985Z Requested labels: self-hosted, macOS, X64
2022-12-27T08:49:17.8227093Z Job defined at: kilnbuild/python.build/.github/workflows/mac_arm_build.yml@refs/heads/main
2022-12-27T08:49:17.8227121Z Waiting for a runner to pick up this job...
2022-12-27T11:14:43.9870297Z Job is about to start running on the runner: k1 (organization)
2022-12-27T11:14:47.9642080Z Current runner version: '2.300.2'
2022-12-27T11:14:47.9646900Z Runner name: 'k1'
2022-12-27T11:14:47.9647170Z Runner group name: 'Default'
2022-12-27T11:14:47.9647590Z Machine name: 'k1'
2022-12-27T11:14:47.9649080Z ##[group]GITHUB_TOKEN Permissions
2022-12-27T11:14:47.9649490Z Actions: write
2022-12-27T11:14:47.9649620Z Checks: write
2022-12-27T11:14:47.9649750Z Contents: write
2022-12-27T11:14:47.9649890Z Deployments: write
2022-12-27T11:14:47.9650020Z Discussions: write
2022-12-27T11:14:47.9650150Z Issues: write
2022-12-27T11:14:47.9650290Z Metadata: read
2022-12-27T11:14:47.9650410Z Packages: write
2022-12-27T11:14:47.9650540Z Pages: write
2022-12-27T11:14:47.9650680Z PullRequests: write
2022-12-27T11:14:47.9650840Z RepositoryProjects: write
2022-12-27T11:14:47.9650990Z SecurityEvents: write
2022-12-27T11:14:47.9651130Z Statuses: write
2022-12-27T11:14:47.9651260Z ##[endgroup]
2022-12-27T11:14:47.9654150Z Secret source: Actions
2022-12-27T11:14:47.9654500Z Prepare workflow directory
2022-12-27T11:14:48.0302190Z Prepare all required actions
2022-12-27T11:14:48.0419960Z Getting action download info
2022-12-27T11:14:48.4768100Z Download action repository 'actions/setup-python@v4' (SHA:5ccb29d8773c3f3f653e1705f474dfaa8a06a912)
2022-12-27T11:14:50.2332190Z Download action repository 'actions/upload-artifact@v3' (SHA:83fd05a356d7e2593de66fc9913b3002723633cb)
2022-12-27T11:14:51.5463070Z ##[group]Run echo '{
2022-12-27T11:14:51.5463320Z [36;1mecho '{[0m
2022-12-27T11:14:51.5463440Z [36;1m  "package_name": "lxml",[0m
2022-12-27T11:14:51.5463690Z [36;1m  "package_url": "https://files.pythonhosted.org/packages/09/f3/c41293bc181b8c727cc485339dc57af653dae6d17d4c8dbf0cbac53cb4aa/lxml-3.6.1.tar.gz",[0m
2022-12-27T11:14:51.5463910Z [36;1m  "package_version": "3.6.1",[0m
2022-12-27T11:14:51.5464040Z [36;1m  "python_version": "3.11",[0m
2022-12-27T11:14:51.5464160Z [36;1m  "use_ccache": "true"[0m
2022-12-27T11:14:51.5464260Z [36;1m}'[0m
2022-12-27T11:14:51.5480080Z shell: /bin/bash -e {0}
2022-12-27T11:14:51.5480300Z ##[endgroup]
2022-12-27T11:14:51.5699230Z {
2022-12-27T11:14:51.5700530Z   "package_name": "lxml",
2022-12-27T11:14:51.5701170Z   "package_url": "https://files.pythonhosted.org/packages/09/f3/c41293bc181b8c727cc485339dc57af653dae6d17d4c8dbf0cbac53cb4aa/lxml-3.6.1.tar.gz",
2022-12-27T11:14:51.5701470Z   "package_version": "3.6.1",
2022-12-27T11:14:51.5701770Z   "python_version": "3.11",
2022-12-27T11:14:51.5701930Z   "use_ccache": "true"
2022-12-27T11:14:51.5702100Z }
2022-12-27T11:14:51.5908930Z ##[group]Run actions/setup-python@v4
2022-12-27T11:14:51.5909190Z with:
2022-12-27T11:14:51.5909350Z   python-version: 3.11
2022-12-27T11:14:51.5909590Z   check-latest: false
2022-12-27T11:14:51.5909880Z   token: ***
2022-12-27T11:14:51.5910070Z   update-environment: true
2022-12-27T11:14:51.5910230Z ##[endgroup]
2022-12-27T11:14:51.7084690Z ##[group]Installed versions
2022-12-27T11:14:51.7190100Z Successfully set up CPython (3.11.1)
2022-12-27T11:14:51.7191170Z ##[endgroup]
2022-12-27T11:14:51.7335290Z ##[group]Run if [ "true" == "true" ]
2022-12-27T11:14:51.7335710Z [36;1mif [ "true" == "true" ][0m
2022-12-27T11:14:51.7335860Z [36;1mthen[0m
2022-12-27T11:14:51.7336080Z [36;1m  echo "CCACHE_PATH_PREPEND=/usr/local/opt/ccache/libexec" >> $GITHUB_OUTPUT[0m
2022-12-27T11:14:51.7336290Z [36;1melse[0m
2022-12-27T11:14:51.7336490Z [36;1m  echo "CCACHE_PATH_PREPEND=" >> $GITHUB_OUTPUT[0m
2022-12-27T11:14:51.7336700Z [36;1mfi[0m
2022-12-27T11:14:51.7354450Z shell: /bin/bash -e {0}
2022-12-27T11:14:51.7354660Z env:
2022-12-27T11:14:51.7354850Z   pythonLocation: /Users/runner/hostedtoolcache/Python/3.11.1/x64
2022-12-27T11:14:51.7355200Z   PKG_CONFIG_PATH: /Users/runner/hostedtoolcache/Python/3.11.1/x64/lib/pkgconfig
2022-12-27T11:14:51.7355460Z   Python_ROOT_DIR: /Users/runner/hostedtoolcache/Python/3.11.1/x64
2022-12-27T11:14:51.7355670Z   Python2_ROOT_DIR: /Users/runner/hostedtoolcache/Python/3.11.1/x64
2022-12-27T11:14:51.7356000Z   Python3_ROOT_DIR: /Users/runner/hostedtoolcache/Python/3.11.1/x64
2022-12-27T11:14:51.7356620Z ##[endgroup]
2022-12-27T11:14:51.7469280Z ##[group]Run echo "BUILD_NAME=$(echo lxml_3.6.1_3.11 | tr -dc '[:alnum:]\n\r' | tr '[:upper:]' '[:lower:]')" >> $GITHUB_OUTPUT
2022-12-27T11:14:51.7470040Z [36;1mecho "BUILD_NAME=$(echo lxml_3.6.1_3.11 | tr -dc '[:alnum:]\n\r' | tr '[:upper:]' '[:lower:]')" >> $GITHUB_OUTPUT[0m
2022-12-27T11:14:51.7485870Z shell: /bin/bash -e {0}
2022-12-27T11:14:51.7486160Z env:
2022-12-27T11:14:51.7486340Z   pythonLocation: /Users/runner/hostedtoolcache/Python/3.11.1/x64
2022-12-27T11:14:51.7486620Z   PKG_CONFIG_PATH: /Users/runner/hostedtoolcache/Python/3.11.1/x64/lib/pkgconfig
2022-12-27T11:14:51.7486880Z   Python_ROOT_DIR: /Users/runner/hostedtoolcache/Python/3.11.1/x64
2022-12-27T11:14:51.7487130Z   Python2_ROOT_DIR: /Users/runner/hostedtoolcache/Python/3.11.1/x64
2022-12-27T11:14:51.7487410Z   Python3_ROOT_DIR: /Users/runner/hostedtoolcache/Python/3.11.1/x64
2022-12-27T11:14:51.7487620Z ##[endgroup]
2022-12-27T11:14:51.7647870Z ##[group]Run echo "PYTHON_NO_DOTS=$(echo 3.11 | tr -dc '[:alnum:]\n\r' | tr '[:upper:]' '[:lower:]')" >> $GITHUB_OUTPUT
2022-12-27T11:14:51.7648290Z [36;1mecho "PYTHON_NO_DOTS=$(echo 3.11 | tr -dc '[:alnum:]\n\r' | tr '[:upper:]' '[:lower:]')" >> $GITHUB_OUTPUT[0m
2022-12-27T11:14:51.7663520Z shell: /bin/bash -e {0}
2022-12-27T11:14:51.7663720Z env:
2022-12-27T11:14:51.7663930Z   pythonLocation: /Users/runner/hostedtoolcache/Python/3.11.1/x64
2022-12-27T11:14:51.7664190Z   PKG_CONFIG_PATH: /Users/runner/hostedtoolcache/Python/3.11.1/x64/lib/pkgconfig
2022-12-27T11:14:51.7664400Z   Python_ROOT_DIR: /Users/runner/hostedtoolcache/Python/3.11.1/x64
2022-12-27T11:14:51.7664630Z   Python2_ROOT_DIR: /Users/runner/hostedtoolcache/Python/3.11.1/x64
2022-12-27T11:14:51.7664960Z   Python3_ROOT_DIR: /Users/runner/hostedtoolcache/Python/3.11.1/x64
2022-12-27T11:14:51.7665150Z ##[endgroup]
2022-12-27T11:14:51.7780310Z ##[group]Run rm -rf build_lxml361311
2022-12-27T11:14:51.7780680Z [36;1mrm -rf build_lxml361311[0m
2022-12-27T11:14:51.7780840Z [36;1mmkdir build_lxml361311[0m
2022-12-27T11:14:51.7781050Z [36;1mcd build_lxml361311[0m
2022-12-27T11:14:51.7781350Z [36;1m/usr/local/bin/wget --quiet https://files.pythonhosted.org/packages/09/f3/c41293bc181b8c727cc485339dc57af653dae6d17d4c8dbf0cbac53cb4aa/lxml-3.6.1.tar.gz[0m
2022-12-27T11:14:51.7781630Z [36;1mtar xf *.tar.gz[0m
2022-12-27T11:14:51.7781800Z [36;1mcd *[0m
2022-12-27T11:14:51.7781980Z [36;1mpython -m pip install cibuildwheel==2.11.3[0m
2022-12-27T11:14:51.7782200Z [36;1mpython -m cibuildwheel --output-dir ../wheelsout[0m
2022-12-27T11:14:51.7796780Z shell: /bin/bash -e {0}
2022-12-27T11:14:51.7797330Z env:
2022-12-27T11:14:51.7797540Z   pythonLocation: /Users/runner/hostedtoolcache/Python/3.11.1/x64
2022-12-27T11:14:51.7797770Z   PKG_CONFIG_PATH: /Users/runner/hostedtoolcache/Python/3.11.1/x64/lib/pkgconfig
2022-12-27T11:14:51.7798080Z   Python_ROOT_DIR: /Users/runner/hostedtoolcache/Python/3.11.1/x64
2022-12-27T11:14:51.7798330Z   Python2_ROOT_DIR: /Users/runner/hostedtoolcache/Python/3.11.1/x64
2022-12-27T11:14:51.7798560Z   Python3_ROOT_DIR: /Users/runner/hostedtoolcache/Python/3.11.1/x64
2022-12-27T11:14:51.7798770Z   CIBW_ARCHS_MACOS: arm64
2022-12-27T11:14:51.7798920Z   CIBW_TEST_SKIP: *_arm64
2022-12-27T11:14:51.7799110Z   CIBW_BUILD: cp311-macosx_arm64
2022-12-27T11:14:51.7799330Z   CIBW_BUILD_FRONTEND: pip
2022-12-27T11:14:51.7799480Z   CIBW_BUILD_VERBOSITY: 3
2022-12-27T11:14:51.7799810Z   CIBW_ENVIRONMENT_MACOS:  CFLAGS="-I/usr/local/opt/openssl@3/include" LDFLAGS="-L/usr/local/opt/openssl@3/lib" CPPFLAGS="-I/usr/local/opt/openssl@3/include" MAKEFLAGS="-j$(sysctl -n hw.logicalcpu)" PATH=/usr/local/opt/ccache/libexec:$PATH
2022-12-27T11:14:51.7800170Z   CIBW_BEFORE_BUILD: pip install Cython; if [[ -f requirements.txt ]]; then pip install -r requirements.txt; fi
2022-12-27T11:14:51.7800460Z   MAKEFLAGS: -j$(sysctl -n hw.logicalcpu)
2022-12-27T11:14:51.7800630Z ##[endgroup]
2022-12-27T11:14:52.2846770Z Requirement already satisfied: cibuildwheel==2.11.3 in /Library/Frameworks/Python.framework/Versions/3.11/lib/python3.11/site-packages (2.11.3)
2022-12-27T11:14:52.3182760Z Requirement already satisfied: bashlex!=0.13 in /Library/Frameworks/Python.framework/Versions/3.11/lib/python3.11/site-packages (from cibuildwheel==2.11.3) (0.16)
2022-12-27T11:14:52.3189640Z Requirement already satisfied: bracex in /Library/Frameworks/Python.framework/Versions/3.11/lib/python3.11/site-packages (from cibuildwheel==2.11.3) (2.3.post1)
2022-12-27T11:14:52.3195900Z Requirement already satisfied: certifi in /Library/Frameworks/Python.framework/Versions/3.11/lib/python3.11/site-packages (from cibuildwheel==2.11.3) (2022.12.7)
2022-12-27T11:14:52.3202110Z Requirement already satisfied: filelock in /Library/Frameworks/Python.framework/Versions/3.11/lib/python3.11/site-packages (from cibuildwheel==2.11.3) (3.8.2)
2022-12-27T11:14:52.3211060Z Requirement already satisfied: packaging>=20.9 in /Library/Frameworks/Python.framework/Versions/3.11/lib/python3.11/site-packages (from cibuildwheel==2.11.3) (22.0)
2022-12-27T11:14:52.3218910Z Requirement already satisfied: platformdirs in /Library/Frameworks/Python.framework/Versions/3.11/lib/python3.11/site-packages (from cibuildwheel==2.11.3) (2.6.0)
2022-12-27T11:14:52.5477900Z 
2022-12-27T11:14:52.5478350Z      _ _       _ _   _       _           _
2022-12-27T11:14:52.5479160Z  ___|_| |_ _ _|_| |_| |_ _ _| |_ ___ ___| |
2022-12-27T11:14:52.5480300Z |  _| | . | | | | | . | | | |   | -_| -_| |
2022-12-27T11:14:52.5480790Z |___|_|___|___|_|_|___|_____|_|_|___|___|_|
2022-12-27T11:14:52.5481010Z 
2022-12-27T11:14:52.5481190Z cibuildwheel version 2.11.3
2022-12-27T11:14:52.5481410Z 
2022-12-27T11:14:52.5481740Z Build options:
2022-12-27T11:14:52.5482170Z   platform: macos
2022-12-27T11:14:52.5580930Z   architectures: arm64[0m
2022-12-27T11:14:52.5581370Z   build_selector: 
2022-12-27T11:14:52.5583020Z     build_config: cp311-macosx_arm64
2022-12-27T11:14:52.5583540Z     skip_config: 
2022-12-27T11:14:52.5583820Z     requires_python: None
2022-12-27T11:14:52.5584170Z     prerelease_pythons: False[0m
2022-12-27T11:14:52.5584550Z   [38;5;244mcontainer_engine: docker[0m
2022-12-27T11:14:52.5585130Z   output_dir: /Users/runner/actions-runner/_work/python.build/python.build/build_lxml361311/wheelsout[0m
2022-12-27T11:14:52.5585800Z   package_dir: /Users/runner/actions-runner/_work/python.build/python.build/build_lxml361311/lxml-3.6.1[0m
2022-12-27T11:14:52.5586120Z   test_selector: 
2022-12-27T11:14:52.5586440Z     skip_config: *_arm64[0m
2022-12-27T11:14:52.5586770Z   [38;5;244mbefore_all: [0m
2022-12-27T11:14:52.5587240Z   before_build: pip install Cython; if [[ -f requirements.txt ]]; then pip install -r requirements.txt; fi[0m
2022-12-27T11:14:52.5587740Z   [38;5;244mbefore_test: [0m
2022-12-27T11:14:52.5588080Z   [38;5;244mbuild_frontend: pip[0m
2022-12-27T11:14:52.5588370Z   build_verbosity: 3[0m
2022-12-27T11:14:52.5588710Z   [38;5;244mconfig_settings: [0m
2022-12-27T11:14:52.5589130Z   [38;5;244mdependency_constraints: pinned[0m
2022-12-27T11:14:52.5589360Z   environment: 
2022-12-27T11:14:52.5589620Z     CFLAGS="-I/usr/local/opt/openssl@3/include"
2022-12-27T11:14:52.5589920Z     LDFLAGS="-L/usr/local/opt/openssl@3/lib"
2022-12-27T11:14:52.5590250Z     CPPFLAGS="-I/usr/local/opt/openssl@3/include"
2022-12-27T11:14:52.5590580Z     MAKEFLAGS="-j$(sysctl -n hw.logicalcpu)"
2022-12-27T11:14:52.5590900Z     PATH=/usr/local/opt/ccache/libexec:$PATH[0m
2022-12-27T11:14:52.5591210Z   [38;5;244mmanylinux_images: None[0m
2022-12-27T11:14:52.5591460Z   [38;5;244mmusllinux_images: None[0m
2022-12-27T11:14:52.5591850Z   [38;5;244mrepair_command: delocate-wheel --require-archs {delocate_archs} -w {dest_dir} -v {wheel}[0m
2022-12-27T11:14:52.5592220Z   [38;5;244mtest_command: [0m
2022-12-27T11:14:52.5592460Z   [38;5;244mtest_extras: [0m
2022-12-27T11:14:52.5592730Z   [38;5;244mtest_requires: [0m
2022-12-27T11:14:52.5592860Z 
2022-12-27T11:14:52.5593000Z Cache folder: /Users/runner/Library/Caches/cibuildwheel
2022-12-27T11:14:52.5595580Z 
2022-12-27T11:14:52.5596070Z Here we go!
2022-12-27T11:14:52.5596220Z 
2022-12-27T11:14:52.5637720Z 
2022-12-27T11:14:52.5638130Z [1m[34mBuilding cp311-macosx_arm64 wheel[0m
2022-12-27T11:14:52.5638500Z CPython 3.11 macOS arm64 - Apple Silicon
2022-12-27T11:14:52.5638680Z 
2022-12-27T11:14:52.5640830Z ##[group]Installing Python cp311...
2022-12-27T11:14:52.5641110Z 
2022-12-27T11:14:52.5641310Z + pkgutil --pkgs
2022-12-27T11:14:52.5744870Z ##[endgroup]
2022-12-27T11:14:52.5745830Z                                                               [32m✓ [0m0.01s
2022-12-27T11:14:52.5746340Z ##[group]Setting up build environment...
2022-12-27T11:14:52.5746510Z 
2022-12-27T11:14:52.5762960Z + /Library/Frameworks/Python.framework/Versions/3.11/bin/python -sS /Users/runner/Library/Caches/cibuildwheel/virtualenv-20.17.0.pyz --activators= --no-periodic-update --pip=22.3.1 --setuptools=65.6.3 --wheel=0.38.4 --symlink-app-data --python /Library/Frameworks/Python.framework/Versions/3.11/bin/python3 /private/var/folders/51/hd414ycd67n82196sw51xqtc0000gn/T/cibw-run-ykany2az/cp311-macosx_arm64/build/venv
2022-12-27T11:14:52.7645180Z created virtual environment CPython3.11.1.final.0-64 in 52ms
2022-12-27T11:14:52.7645980Z   creator CPython3Posix(dest=/private/var/folders/51/hd414ycd67n82196sw51xqtc0000gn/T/cibw-run-ykany2az/cp311-macosx_arm64/build/venv, clear=False, no_vcs_ignore=False, global=False)
2022-12-27T11:14:52.7646620Z   seeder FromAppData(download=False, pip=22.3.1, setuptools=65.6.3, wheel=0.38.4, via=symlink, app_data_dir=/Users/runner/Library/Application Support/virtualenv)
2022-12-27T11:14:52.7647110Z     added seed packages: pip==22.3.1, setuptools==65.6.3, wheel==0.38.4
2022-12-27T11:14:52.7788880Z + python -m pip install --upgrade pip -c /Library/Frameworks/Python.framework/Versions/3.11/lib/python3.11/site-packages/cibuildwheel/resources/constraints-python311.txt
2022-12-27T11:14:53.0484300Z Requirement already satisfied: pip in ./lib/python3.11/site-packages (22.3.1)
2022-12-27T11:14:53.1767280Z + which pip
2022-12-27T11:14:53.1786290Z /private/var/folders/51/hd414ycd67n82196sw51xqtc0000gn/T/cibw-run-ykany2az/cp311-macosx_arm64/build/venv/bin/pip
2022-12-27T11:14:53.1788350Z + pip --version
2022-12-27T11:14:53.3705560Z pip 22.3.1 from /private/var/folders/51/hd414ycd67n82196sw51xqtc0000gn/T/cibw-run-ykany2az/cp311-macosx_arm64/build/venv/lib/python3.11/site-packages/pip (python 3.11)
2022-12-27T11:14:53.3962070Z + which pip
2022-12-27T11:14:53.3988250Z + which python
2022-12-27T11:14:53.4006890Z /private/var/folders/51/hd414ycd67n82196sw51xqtc0000gn/T/cibw-run-ykany2az/cp311-macosx_arm64/build/venv/bin/python
2022-12-27T11:14:53.4009100Z + python --version
2022-12-27T11:14:53.4070620Z Python 3.11.1
2022-12-27T11:14:53.4073850Z + which python
2022-12-27T11:14:53.4125350Z ##[endgroup]
2022-12-27T11:14:53.4125950Z                                                               [32m✓ [0m0.84s
2022-12-27T11:14:53.4126550Z ##[group]Installing build tools...
2022-12-27T11:14:53.4126740Z 
2022-12-27T11:14:53.4127240Z + pip install --upgrade setuptools wheel delocate -c /Library/Frameworks/Python.framework/Versions/3.11/lib/python3.11/site-packages/cibuildwheel/resources/constraints-python311.txt
2022-12-27T11:14:53.6788820Z Requirement already satisfied: setuptools in /private/var/folders/51/hd414ycd67n82196sw51xqtc0000gn/T/cibw-run-ykany2az/cp311-macosx_arm64/build/venv/lib/python3.11/site-packages (65.6.3)
2022-12-27T11:14:53.8507350Z Requirement already satisfied: wheel in /private/var/folders/51/hd414ycd67n82196sw51xqtc0000gn/T/cibw-run-ykany2az/cp311-macosx_arm64/build/venv/lib/python3.11/site-packages (0.38.4)
2022-12-27T11:14:53.8967360Z Collecting delocate
2022-12-27T11:14:53.8989240Z   Using cached delocate-0.10.3-py3-none-any.whl (142 kB)
2022-12-27T11:14:53.9251640Z Collecting packaging>=20.9
2022-12-27T11:14:53.9270270Z   Using cached packaging-21.3-py3-none-any.whl (40 kB)
2022-12-27T11:14:53.9415170Z Collecting typing-extensions
2022-12-27T11:14:53.9433050Z   Using cached typing_extensions-4.4.0-py3-none-any.whl (26 kB)
2022-12-27T11:14:53.9725570Z Collecting pyparsing!=3.0.5,>=2.0.2
2022-12-27T11:14:53.9743420Z   Using cached pyparsing-3.0.9-py3-none-any.whl (98 kB)
2022-12-27T11:14:54.0289750Z Installing collected packages: typing-extensions, pyparsing, packaging, delocate
2022-12-27T11:14:54.1597350Z Successfully installed delocate-0.10.3 packaging-21.3 pyparsing-3.0.9 typing-extensions-4.4.0
2022-12-27T11:14:54.2092880Z ##[endgroup]
2022-12-27T11:14:54.2093720Z                                                               [32m✓ [0m0.80s
2022-12-27T11:14:54.2094240Z ##[group]Running before_build...
2022-12-27T11:14:54.2094420Z 
2022-12-27T11:14:54.2099410Z + pip install Cython; if [[ -f requirements.txt ]]; then pip install -r requirements.txt; fi
2022-12-27T11:14:54.7834340Z Collecting Cython
2022-12-27T11:14:54.7881080Z   Using cached Cython-0.29.32-py2.py3-none-any.whl (986 kB)
2022-12-27T11:14:54.8291440Z Installing collected packages: Cython
2022-12-27T11:14:55.2416340Z Successfully installed Cython-0.29.32
2022-12-27T11:14:55.5553100Z Requirement already satisfied: Cython>=0.20 in /private/var/folders/51/hd414ycd67n82196sw51xqtc0000gn/T/cibw-run-ykany2az/cp311-macosx_arm64/build/venv/lib/python3.11/site-packages (from -r requirements.txt (line 1)) (0.29.32)
2022-12-27T11:14:55.6264700Z ##[endgroup]
2022-12-27T11:14:55.6265570Z                                                               [32m✓ [0m1.42s
2022-12-27T11:14:55.6266030Z ##[group]Building wheel...
2022-12-27T11:14:55.6266170Z 
2022-12-27T11:14:55.6269310Z + python -m pip wheel /Users/runner/actions-runner/_work/python.build/python.build/build_lxml361311/lxml-3.6.1 --wheel-dir=/private/var/folders/51/hd414ycd67n82196sw51xqtc0000gn/T/cibw-run-ykany2az/cp311-macosx_arm64/built_wheel --no-deps -vvv
2022-12-27T11:14:55.8680050Z Created temporary directory: /private/var/folders/51/hd414ycd67n82196sw51xqtc0000gn/T/pip-ephem-wheel-cache-_orbmrgr
2022-12-27T11:14:55.8683380Z Created temporary directory: /private/var/folders/51/hd414ycd67n82196sw51xqtc0000gn/T/pip-build-tracker-jajqfadb
2022-12-27T11:14:55.8684800Z Initialized build tracking at /private/var/folders/51/hd414ycd67n82196sw51xqtc0000gn/T/pip-build-tracker-jajqfadb
2022-12-27T11:14:55.8686080Z Created build tracker: /private/var/folders/51/hd414ycd67n82196sw51xqtc0000gn/T/pip-build-tracker-jajqfadb
2022-12-27T11:14:55.8687410Z Entered build tracker: /private/var/folders/51/hd414ycd67n82196sw51xqtc0000gn/T/pip-build-tracker-jajqfadb
2022-12-27T11:14:55.8690570Z Created temporary directory: /private/var/folders/51/hd414ycd67n82196sw51xqtc0000gn/T/pip-wheel-d_2j1evw
2022-12-27T11:14:55.8694960Z Created temporary directory: /private/var/folders/51/hd414ycd67n82196sw51xqtc0000gn/T/pip-ephem-wheel-cache-rl0sj7no
2022-12-27T11:14:55.8764540Z Processing /Users/runner/actions-runner/_work/python.build/python.build/build_lxml361311/lxml-3.6.1
2022-12-27T11:14:55.8768630Z   Added file:///Users/runner/actions-runner/_work/python.build/python.build/build_lxml361311/lxml-3.6.1 to build tracker '/private/var/folders/51/hd414ycd67n82196sw51xqtc0000gn/T/pip-build-tracker-jajqfadb'
2022-12-27T11:14:55.8771260Z   Running setup.py (path:/Users/runner/actions-runner/_work/python.build/python.build/build_lxml361311/lxml-3.6.1/setup.py) egg_info for package from file:///Users/runner/actions-runner/_work/python.build/python.build/build_lxml361311/lxml-3.6.1
2022-12-27T11:14:55.8773940Z   Created temporary directory: /private/var/folders/51/hd414ycd67n82196sw51xqtc0000gn/T/pip-pip-egg-info-bcf57e__
2022-12-27T11:14:55.8775040Z   Preparing metadata (setup.py): started
2022-12-27T11:14:55.8776490Z   Running command python setup.py egg_info
2022-12-27T11:14:56.1381810Z   Building lxml version 3.6.1.
2022-12-27T11:14:56.1382230Z   Building without Cython.
2022-12-27T11:14:56.1383520Z   Using build configuration of libxslt 1.1.29
2022-12-27T11:14:56.1384770Z   Building against libxml2/libxslt in the following directory: /Library/Developer/CommandLineTools/SDKs/MacOSX12.1.sdk/usr/lib
2022-12-27T11:14:56.1386090Z   running egg_info
2022-12-27T11:14:56.1387760Z   creating /private/var/folders/51/hd414ycd67n82196sw51xqtc0000gn/T/pip-pip-egg-info-bcf57e__/lxml.egg-info
2022-12-27T11:14:56.1388690Z   writing /private/var/folders/51/hd414ycd67n82196sw51xqtc0000gn/T/pip-pip-egg-info-bcf57e__/lxml.egg-info/PKG-INFO
2022-12-27T11:14:56.1391170Z   writing dependency_links to /private/var/folders/51/hd414ycd67n82196sw51xqtc0000gn/T/pip-pip-egg-info-bcf57e__/lxml.egg-info/dependency_links.txt
2022-12-27T11:14:56.1394120Z   writing requirements to /private/var/folders/51/hd414ycd67n82196sw51xqtc0000gn/T/pip-pip-egg-info-bcf57e__/lxml.egg-info/requires.txt
2022-12-27T11:14:56.1395420Z   writing top-level names to /private/var/folders/51/hd414ycd67n82196sw51xqtc0000gn/T/pip-pip-egg-info-bcf57e__/lxml.egg-info/top_level.txt
2022-12-27T11:14:56.1397140Z   writing manifest file '/private/var/folders/51/hd414ycd67n82196sw51xqtc0000gn/T/pip-pip-egg-info-bcf57e__/lxml.egg-info/SOURCES.txt'
2022-12-27T11:14:56.1476220Z   reading manifest file '/private/var/folders/51/hd414ycd67n82196sw51xqtc0000gn/T/pip-pip-egg-info-bcf57e__/lxml.egg-info/SOURCES.txt'
2022-12-27T11:14:56.1479300Z   reading manifest template 'MANIFEST.in'
2022-12-27T11:14:56.2339020Z   adding license file 'LICENSES.txt'
2022-12-27T11:14:56.2392850Z   writing manifest file '/private/var/folders/51/hd414ycd67n82196sw51xqtc0000gn/T/pip-pip-egg-info-bcf57e__/lxml.egg-info/SOURCES.txt'
2022-12-27T11:14:56.2659220Z   Preparing metadata (setup.py): finished with status 'done'
2022-12-27T11:14:56.2681180Z   Source in /Users/runner/actions-runner/_work/python.build/python.build/build_lxml361311/lxml-3.6.1 has version 3.6.1, which satisfies requirement lxml==3.6.1 from file:///Users/runner/actions-runner/_work/python.build/python.build/build_lxml361311/lxml-3.6.1
2022-12-27T11:14:56.2684570Z   Removed lxml==3.6.1 from file:///Users/runner/actions-runner/_work/python.build/python.build/build_lxml361311/lxml-3.6.1 from build tracker '/private/var/folders/51/hd414ycd67n82196sw51xqtc0000gn/T/pip-build-tracker-jajqfadb'
2022-12-27T11:14:56.2699910Z Created temporary directory: /private/var/folders/51/hd414ycd67n82196sw51xqtc0000gn/T/pip-unpack-n1m8x502
2022-12-27T11:14:56.2701820Z Building wheels for collected packages: lxml
2022-12-27T11:14:56.2708070Z   Created temporary directory: /private/var/folders/51/hd414ycd67n82196sw51xqtc0000gn/T/pip-wheel-2_aimejr
2022-12-27T11:14:56.2817390Z   Building wheel for lxml (setup.py): started
2022-12-27T11:14:56.2819010Z   Destination directory: /private/var/folders/51/hd414ycd67n82196sw51xqtc0000gn/T/pip-wheel-2_aimejr
2022-12-27T11:14:56.2819980Z   Running command python setup.py bdist_wheel
2022-12-27T11:14:56.4163240Z   Building lxml version 3.6.1.
2022-12-27T11:14:56.4163910Z   Building without Cython.
2022-12-27T11:14:56.4296280Z   Using build configuration of libxslt 1.1.29
2022-12-27T11:14:56.5191470Z   Building against libxml2/libxslt in the following directory: /Library/Developer/CommandLineTools/SDKs/MacOSX12.1.sdk/usr/lib
2022-12-27T11:14:56.5422710Z   running bdist_wheel
2022-12-27T11:14:56.5458830Z   running build
2022-12-27T11:14:56.5460450Z   running build_py
2022-12-27T11:14:56.5478060Z   creating build
2022-12-27T11:14:56.5479550Z   creating build/lib.macosx-11.0-arm64-cpython-311
2022-12-27T11:14:56.5480730Z   creating build/lib.macosx-11.0-arm64-cpython-311/lxml
2022-12-27T11:14:56.5482380Z   copying src/lxml/_elementpath.py -> build/lib.macosx-11.0-arm64-cpython-311/lxml
2022-12-27T11:14:56.5484760Z   copying src/lxml/sax.py -> build/lib.macosx-11.0-arm64-cpython-311/lxml
2022-12-27T11:14:56.5489420Z   copying src/lxml/pyclasslookup.py -> build/lib.macosx-11.0-arm64-cpython-311/lxml
2022-12-27T11:14:56.5490760Z   copying src/lxml/__init__.py -> build/lib.macosx-11.0-arm64-cpython-311/lxml
2022-12-27T11:14:56.5492490Z   copying src/lxml/builder.py -> build/lib.macosx-11.0-arm64-cpython-311/lxml
2022-12-27T11:14:56.5495140Z   copying src/lxml/doctestcompare.py -> build/lib.macosx-11.0-arm64-cpython-311/lxml
2022-12-27T11:14:56.5497590Z   copying src/lxml/usedoctest.py -> build/lib.macosx-11.0-arm64-cpython-311/lxml
2022-12-27T11:14:56.5500200Z   copying src/lxml/cssselect.py -> build/lib.macosx-11.0-arm64-cpython-311/lxml
2022-12-27T11:14:56.5501760Z   copying src/lxml/ElementInclude.py -> build/lib.macosx-11.0-arm64-cpython-311/lxml
2022-12-27T11:14:56.5506090Z   creating build/lib.macosx-11.0-arm64-cpython-311/lxml/includes
2022-12-27T11:14:56.5507480Z   copying src/lxml/includes/__init__.py -> build/lib.macosx-11.0-arm64-cpython-311/lxml/includes
2022-12-27T11:14:56.5512000Z   creating build/lib.macosx-11.0-arm64-cpython-311/lxml/html
2022-12-27T11:14:56.5513180Z   copying src/lxml/html/soupparser.py -> build/lib.macosx-11.0-arm64-cpython-311/lxml/html
2022-12-27T11:14:56.5516370Z   copying src/lxml/html/defs.py -> build/lib.macosx-11.0-arm64-cpython-311/lxml/html
2022-12-27T11:14:56.5517720Z   copying src/lxml/html/_setmixin.py -> build/lib.macosx-11.0-arm64-cpython-311/lxml/html
2022-12-27T11:14:56.5520220Z   copying src/lxml/html/clean.py -> build/lib.macosx-11.0-arm64-cpython-311/lxml/html
2022-12-27T11:14:56.5522580Z   copying src/lxml/html/_diffcommand.py -> build/lib.macosx-11.0-arm64-cpython-311/lxml/html
2022-12-27T11:14:56.5524650Z   copying src/lxml/html/html5parser.py -> build/lib.macosx-11.0-arm64-cpython-311/lxml/html
2022-12-27T11:14:56.5527290Z   copying src/lxml/html/__init__.py -> build/lib.macosx-11.0-arm64-cpython-311/lxml/html
2022-12-27T11:14:56.5530270Z   copying src/lxml/html/formfill.py -> build/lib.macosx-11.0-arm64-cpython-311/lxml/html
2022-12-27T11:14:56.5532150Z   copying src/lxml/html/builder.py -> build/lib.macosx-11.0-arm64-cpython-311/lxml/html
2022-12-27T11:14:56.5534850Z   copying src/lxml/html/ElementSoup.py -> build/lib.macosx-11.0-arm64-cpython-311/lxml/html
2022-12-27T11:14:56.5537620Z   copying src/lxml/html/_html5builder.py -> build/lib.macosx-11.0-arm64-cpython-311/lxml/html
2022-12-27T11:14:56.5539550Z   copying src/lxml/html/usedoctest.py -> build/lib.macosx-11.0-arm64-cpython-311/lxml/html
2022-12-27T11:14:56.5541630Z   copying src/lxml/html/diff.py -> build/lib.macosx-11.0-arm64-cpython-311/lxml/html
2022-12-27T11:14:56.5545550Z   creating build/lib.macosx-11.0-arm64-cpython-311/lxml/isoschematron
2022-12-27T11:14:56.5546960Z   copying src/lxml/isoschematron/__init__.py -> build/lib.macosx-11.0-arm64-cpython-311/lxml/isoschematron
2022-12-27T11:14:56.5566540Z   copying src/lxml/lxml.etree.h -> build/lib.macosx-11.0-arm64-cpython-311/lxml
2022-12-27T11:14:56.5569750Z   copying src/lxml/lxml.etree_api.h -> build/lib.macosx-11.0-arm64-cpython-311/lxml
2022-12-27T11:14:56.5573720Z   copying src/lxml/includes/xmlerror.pxd -> build/lib.macosx-11.0-arm64-cpython-311/lxml/includes
2022-12-27T11:14:56.5576500Z   copying src/lxml/includes/c14n.pxd -> build/lib.macosx-11.0-arm64-cpython-311/lxml/includes
2022-12-27T11:14:56.5578880Z   copying src/lxml/includes/xmlschema.pxd -> build/lib.macosx-11.0-arm64-cpython-311/lxml/includes
2022-12-27T11:14:56.5581200Z   copying src/lxml/includes/schematron.pxd -> build/lib.macosx-11.0-arm64-cpython-311/lxml/includes
2022-12-27T11:14:56.5583580Z   copying src/lxml/includes/tree.pxd -> build/lib.macosx-11.0-arm64-cpython-311/lxml/includes
2022-12-27T11:14:56.5586820Z   copying src/lxml/includes/uri.pxd -> build/lib.macosx-11.0-arm64-cpython-311/lxml/includes
2022-12-27T11:14:56.5589370Z   copying src/lxml/includes/etreepublic.pxd -> build/lib.macosx-11.0-arm64-cpython-311/lxml/includes
2022-12-27T11:14:56.5591800Z   copying src/lxml/includes/xpath.pxd -> build/lib.macosx-11.0-arm64-cpython-311/lxml/includes
2022-12-27T11:14:56.5594580Z   copying src/lxml/includes/htmlparser.pxd -> build/lib.macosx-11.0-arm64-cpython-311/lxml/includes
2022-12-27T11:14:56.5596920Z   copying src/lxml/includes/xslt.pxd -> build/lib.macosx-11.0-arm64-cpython-311/lxml/includes
2022-12-27T11:14:56.5599650Z   copying src/lxml/includes/config.pxd -> build/lib.macosx-11.0-arm64-cpython-311/lxml/includes
2022-12-27T11:14:56.5602180Z   copying src/lxml/includes/xmlparser.pxd -> build/lib.macosx-11.0-arm64-cpython-311/lxml/includes
2022-12-27T11:14:56.5604670Z   copying src/lxml/includes/xinclude.pxd -> build/lib.macosx-11.0-arm64-cpython-311/lxml/includes
2022-12-27T11:14:56.5607510Z   copying src/lxml/includes/dtdvalid.pxd -> build/lib.macosx-11.0-arm64-cpython-311/lxml/includes
2022-12-27T11:14:56.5610300Z   copying src/lxml/includes/relaxng.pxd -> build/lib.macosx-11.0-arm64-cpython-311/lxml/includes
2022-12-27T11:14:56.5612700Z   copying src/lxml/includes/lxml-version.h -> build/lib.macosx-11.0-arm64-cpython-311/lxml/includes
2022-12-27T11:14:56.5615420Z   copying src/lxml/includes/etree_defs.h -> build/lib.macosx-11.0-arm64-cpython-311/lxml/includes
2022-12-27T11:14:56.5617890Z   creating build/lib.macosx-11.0-arm64-cpython-311/lxml/isoschematron/resources
2022-12-27T11:14:56.5619010Z   creating build/lib.macosx-11.0-arm64-cpython-311/lxml/isoschematron/resources/rng
2022-12-27T11:14:56.5620220Z   copying src/lxml/isoschematron/resources/rng/iso-schematron.rng -> build/lib.macosx-11.0-arm64-cpython-311/lxml/isoschematron/resources/rng
2022-12-27T11:14:56.5622770Z   creating build/lib.macosx-11.0-arm64-cpython-311/lxml/isoschematron/resources/xsl
2022-12-27T11:14:56.5624110Z   copying src/lxml/isoschematron/resources/xsl/XSD2Schtrn.xsl -> build/lib.macosx-11.0-arm64-cpython-311/lxml/isoschematron/resources/xsl
2022-12-27T11:14:56.5626600Z   copying src/lxml/isoschematron/resources/xsl/RNG2Schtrn.xsl -> build/lib.macosx-11.0-arm64-cpython-311/lxml/isoschematron/resources/xsl
2022-12-27T11:14:56.5629700Z   creating build/lib.macosx-11.0-arm64-cpython-311/lxml/isoschematron/resources/xsl/iso-schematron-xslt1
2022-12-27T11:14:56.5630930Z   copying src/lxml/isoschematron/resources/xsl/iso-schematron-xslt1/iso_abstract_expand.xsl -> build/lib.macosx-11.0-arm64-cpython-311/lxml/isoschematron/resources/xsl/iso-schematron-xslt1
2022-12-27T11:14:56.5633290Z   copying src/lxml/isoschematron/resources/xsl/iso-schematron-xslt1/iso_dsdl_include.xsl -> build/lib.macosx-11.0-arm64-cpython-311/lxml/isoschematron/resources/xsl/iso-schematron-xslt1
2022-12-27T11:14:56.5635850Z   copying src/lxml/isoschematron/resources/xsl/iso-schematron-xslt1/iso_schematron_skeleton_for_xslt1.xsl -> build/lib.macosx-11.0-arm64-cpython-311/lxml/isoschematron/resources/xsl/iso-schematron-xslt1
2022-12-27T11:14:56.5639320Z   copying src/lxml/isoschematron/resources/xsl/iso-schematron-xslt1/iso_svrl_for_xslt1.xsl -> build/lib.macosx-11.0-arm64-cpython-311/lxml/isoschematron/resources/xsl/iso-schematron-xslt1
2022-12-27T11:14:56.5642640Z   copying src/lxml/isoschematron/resources/xsl/iso-schematron-xslt1/iso_schematron_message.xsl -> build/lib.macosx-11.0-arm64-cpython-311/lxml/isoschematron/resources/xsl/iso-schematron-xslt1
2022-12-27T11:14:56.5645050Z   copying src/lxml/isoschematron/resources/xsl/iso-schematron-xslt1/readme.txt -> build/lib.macosx-11.0-arm64-cpython-311/lxml/isoschematron/resources/xsl/iso-schematron-xslt1
2022-12-27T11:14:56.5655460Z   running build_ext
2022-12-27T11:14:56.5683260Z   building 'lxml.etree' extension
2022-12-27T11:14:56.5684490Z   creating build/temp.macosx-11.0-arm64-cpython-311
2022-12-27T11:14:56.5685820Z   creating build/temp.macosx-11.0-arm64-cpython-311/src
2022-12-27T11:14:56.5687490Z   creating build/temp.macosx-11.0-arm64-cpython-311/src/lxml
2022-12-27T11:14:56.5689740Z   clang -Wsign-compare -Wunreachable-code -fno-common -dynamic -DNDEBUG -g -fwrapv -O3 -Wall -g -I/usr/local/opt/openssl@3/include -I/usr/local/opt/openssl@3/include -arch arm64 -I/Library/Developer/CommandLineTools/SDKs/MacOSX12.1.sdk/usr/include -Isrc/lxml/includes -I/private/var/folders/51/hd414ycd67n82196sw51xqtc0000gn/T/cibw-run-ykany2az/cp311-macosx_arm64/build/venv/include -I/Library/Frameworks/Python.framework/Versions/3.11/include/python3.11 -c src/lxml/lxml.etree.c -o build/temp.macosx-11.0-arm64-cpython-311/src/lxml/lxml.etree.o -w -flat_namespace
2022-12-27T11:14:56.6615640Z   src/lxml/lxml.etree.c:4322:23: error: expression is not assignable
2022-12-27T11:14:56.6616460Z           Py_SIZE(list) = len+1;
2022-12-27T11:14:56.6682960Z           ~~~~~~~~~~~~~ ^
2022-12-27T11:14:56.6683720Z   src/lxml/lxml.etree.c:4378:23: error: expression is not assignable
2022-12-27T11:14:56.6683990Z           Py_SIZE(list) = len+1;
2022-12-27T11:14:56.6684150Z           ~~~~~~~~~~~~~ ^
2022-12-27T11:14:57.1899940Z   src/lxml/lxml.etree.c:198039:5: error: expression is not assignable
2022-12-27T11:14:57.1901380Z       ++Py_REFCNT(o);
2022-12-27T11:14:57.1902240Z       ^ ~~~~~~~~~~~~
2022-12-27T11:14:57.1904000Z   src/lxml/lxml.etree.c:198041:5: error: expression is not assignable
2022-12-27T11:14:57.1904770Z       --Py_REFCNT(o);
2022-12-27T11:14:57.1906190Z       ^ ~~~~~~~~~~~~
2022-12-27T11:14:57.1935690Z   src/lxml/lxml.etree.c:199014:5: error: expression is not assignable
2022-12-27T11:14:57.1936650Z       ++Py_REFCNT(o);
2022-12-27T11:14:57.1937980Z       ^ ~~~~~~~~~~~~
2022-12-27T11:14:57.1939680Z   src/lxml/lxml.etree.c:199016:5: error: expression is not assignable
2022-12-27T11:14:57.1940560Z       --Py_REFCNT(o);
2022-12-27T11:14:57.1941310Z       ^ ~~~~~~~~~~~~
2022-12-27T11:14:57.1949230Z   src/lxml/lxml.etree.c:199324:5: error: expression is not assignable
2022-12-27T11:14:57.1950130Z       ++Py_REFCNT(o);
2022-12-27T11:14:57.1951690Z       ^ ~~~~~~~~~~~~
2022-12-27T11:14:57.1952570Z   src/lxml/lxml.etree.c:199326:5: error: expression is not assignable
2022-12-27T11:14:57.1953750Z       --Py_REFCNT(o);
2022-12-27T11:14:57.1954590Z       ^ ~~~~~~~~~~~~
2022-12-27T11:14:57.2006550Z   src/lxml/lxml.etree.c:200884:5: error: expression is not assignable
2022-12-27T11:14:57.2007640Z       ++Py_REFCNT(o);
2022-12-27T11:14:57.2009100Z       ^ ~~~~~~~~~~~~
2022-12-27T11:14:57.2010390Z   src/lxml/lxml.etree.c:200886:5: error: expression is not assignable
2022-12-27T11:14:57.2011480Z       --Py_REFCNT(o);
2022-12-27T11:14:57.2012200Z       ^ ~~~~~~~~~~~~
2022-12-27T11:14:57.2143230Z   src/lxml/lxml.etree.c:204759:5: error: expression is not assignable
2022-12-27T11:14:57.2143980Z       ++Py_REFCNT(o);
2022-12-27T11:14:57.2145660Z       ^ ~~~~~~~~~~~~
2022-12-27T11:14:57.2146820Z   src/lxml/lxml.etree.c:204761:5: error: expression is not assignable
2022-12-27T11:14:57.2148300Z       --Py_REFCNT(o);
2022-12-27T11:14:57.2149280Z       ^ ~~~~~~~~~~~~
2022-12-27T11:14:57.2161850Z   src/lxml/lxml.etree.c:205115:5: error: expression is not assignable
2022-12-27T11:14:57.2163110Z       ++Py_REFCNT(o);
2022-12-27T11:14:57.2164280Z       ^ ~~~~~~~~~~~~
2022-12-27T11:14:57.2165500Z   src/lxml/lxml.etree.c:205117:5: error: expression is not assignable
2022-12-27T11:14:57.2166970Z       --Py_REFCNT(o);
2022-12-27T11:14:57.2168360Z       ^ ~~~~~~~~~~~~
2022-12-27T11:14:57.2172510Z   src/lxml/lxml.etree.c:205348:5: error: expression is not assignable
2022-12-27T11:14:57.2173830Z       ++Py_REFCNT(o);
2022-12-27T11:14:57.2174760Z       ^ ~~~~~~~~~~~~
2022-12-27T11:14:57.2176060Z   src/lxml/lxml.etree.c:205350:5: error: expression is not assignable
2022-12-27T11:14:57.2177100Z       --Py_REFCNT(o);
2022-12-27T11:14:57.2178080Z       ^ ~~~~~~~~~~~~
2022-12-27T11:14:57.2179310Z   src/lxml/lxml.etree.c:205459:5: error: expression is not assignable
2022-12-27T11:14:57.2180140Z       ++Py_REFCNT(o);
2022-12-27T11:14:57.2181150Z       ^ ~~~~~~~~~~~~
2022-12-27T11:14:57.2182150Z   src/lxml/lxml.etree.c:205461:5: error: expression is not assignable
2022-12-27T11:14:57.2183110Z       --Py_REFCNT(o);
2022-12-27T11:14:57.2183940Z       ^ ~~~~~~~~~~~~
2022-12-27T11:14:57.2252260Z   src/lxml/lxml.etree.c:207083:5: error: expression is not assignable
2022-12-27T11:14:57.2253390Z       ++Py_REFCNT(o);
2022-12-27T11:14:57.2254820Z       ^ ~~~~~~~~~~~~
2022-12-27T11:14:57.2256250Z   fatal error: too many errors emitted, stopping now [-ferror-limit=]
2022-12-27T11:14:57.3287210Z   20 errors generated.
2022-12-27T11:14:57.3329770Z   Compile failed: command '/usr/bin/clang' failed with exit code 1
2022-12-27T11:14:57.4022930Z   creating var
2022-12-27T11:14:57.4023350Z   creating var/folders
2022-12-27T11:14:57.4024950Z   creating var/folders/51
2022-12-27T11:14:57.4026450Z   creating var/folders/51/hd414ycd67n82196sw51xqtc0000gn
2022-12-27T11:14:57.4027650Z   creating var/folders/51/hd414ycd67n82196sw51xqtc0000gn/T
2022-12-27T11:14:57.4029720Z   cc -arch arm64 -I/Library/Developer/CommandLineTools/SDKs/MacOSX12.1.sdk/usr/include -I/usr/include/libxml2 -c /var/folders/51/hd414ycd67n82196sw51xqtc0000gn/T/xmlXPathInit_j6bu455.c -o var/folders/51/hd414ycd67n82196sw51xqtc0000gn/T/xmlXPathInit_j6bu455.o
2022-12-27T11:14:57.4448060Z   cc -arch arm64 var/folders/51/hd414ycd67n82196sw51xqtc0000gn/T/xmlXPathInit_j6bu455.o -L/Library/Developer/CommandLineTools/SDKs/MacOSX12.1.sdk/usr/lib -lxml2 -o a.out
2022-12-27T11:14:57.4835010Z   error: command '/usr/bin/clang' failed with exit code 1
2022-12-27T11:14:57.5164870Z   error: subprocess-exited-with-error
2022-12-27T11:14:57.5165250Z   
2022-12-27T11:14:57.5165850Z   × python setup.py bdist_wheel did not run successfully.
2022-12-27T11:14:57.5166150Z   │ exit code: 1
2022-12-27T11:14:57.5166430Z   ╰─> See above for output.
2022-12-27T11:14:57.5166600Z   
2022-12-27T11:14:57.5166850Z   note: This error originates from a subprocess, and is likely not a problem with pip.
2022-12-27T11:14:57.5171610Z   full command: /private/var/folders/51/hd414ycd67n82196sw51xqtc0000gn/T/cibw-run-ykany2az/cp311-macosx_arm64/build/venv/bin/python -u -c '
2022-12-27T11:14:57.5172500Z   exec(compile('"'"''"'"''"'"'
2022-12-27T11:14:57.5172890Z   # This is <pip-setuptools-caller> -- a caller that pip uses to run setup.py
2022-12-27T11:14:57.5173140Z   #
2022-12-27T11:14:57.5173520Z   # - It imports setuptools before invoking setup.py, to enable projects that directly
2022-12-27T11:14:57.5173850Z   #   import from `distutils.core` to work with newer packaging standards.
2022-12-27T11:14:57.5174460Z   # - It provides a clear error message when setuptools is not installed.
2022-12-27T11:14:57.5177310Z   # - It sets `sys.argv[0]` to the underlying `setup.py`, when invoking `setup.py` so
2022-12-27T11:14:57.5178090Z   #   setuptools doesn'"'"'t think the script is `-c`. This avoids the following warning:
2022-12-27T11:14:57.5178670Z   #     manifest_maker: standard file '"'"'-c'"'"' not found".
2022-12-27T11:14:57.5179330Z   # - It generates a shim setup.py, for handling setup.cfg-only projects.
2022-12-27T11:14:57.5179750Z   import os, sys, tokenize
2022-12-27T11:14:57.5180040Z   
2022-12-27T11:14:57.5180290Z   try:
2022-12-27T11:14:57.5180580Z       import setuptools
2022-12-27T11:14:57.5180810Z   except ImportError as error:
2022-12-27T11:14:57.5181070Z       print(
2022-12-27T11:14:57.5181460Z           "ERROR: Can not execute `setup.py` since setuptools is not available in "
2022-12-27T11:14:57.5181820Z           "the build environment.",
2022-12-27T11:14:57.5182070Z           file=sys.stderr,
2022-12-27T11:14:57.5182310Z       )
2022-12-27T11:14:57.5182560Z       sys.exit(1)
2022-12-27T11:14:57.5182770Z   
2022-12-27T11:14:57.5183010Z   __file__ = %r
2022-12-27T11:14:57.5183270Z   sys.argv[0] = __file__
2022-12-27T11:14:57.5183490Z   
2022-12-27T11:14:57.5183780Z   if os.path.exists(__file__):
2022-12-27T11:14:57.5184040Z       filename = __file__
2022-12-27T11:14:57.5184300Z       with tokenize.open(__file__) as f:
2022-12-27T11:14:57.5184600Z           setup_py_code = f.read()
2022-12-27T11:14:57.5184890Z   else:
2022-12-27T11:14:57.5185290Z       filename = "<auto-generated setuptools caller>"
2022-12-27T11:14:57.5185820Z   Building wheel for lxml (setup.py): finished with status 'error'
2022-12-27T11:14:57.5186320Z   Running setup.py clean for lxml
2022-12-27T11:14:57.5186650Z       setup_py_code = "from setuptools import setup; setup()"
2022-12-27T11:14:57.5186900Z   
2022-12-27T11:14:57.5187150Z   exec(compile(setup_py_code, filename, "exec"))
2022-12-27T11:14:57.5188190Z   '"'"''"'"''"'"' % ('"'"'/Users/runner/actions-runner/_work/python.build/python.build/build_lxml361311/lxml-3.6.1/setup.py'"'"',), "<pip-setuptools-caller>", "exec"))' bdist_wheel -d /private/var/folders/51/hd414ycd67n82196sw51xqtc0000gn/T/pip-wheel-2_aimejr
2022-12-27T11:14:57.5189020Z   cwd: /Users/runner/actions-runner/_work/python.build/python.build/build_lxml361311/lxml-3.6.1/
2022-12-27T11:14:57.5189710Z   ERROR: Failed building wheel for lxml
2022-12-27T11:14:57.5189940Z   Running command python setup.py clean
2022-12-27T11:14:57.6532090Z   Building lxml version 3.6.1.
2022-12-27T11:14:57.6533390Z   Building without Cython.
2022-12-27T11:14:57.6664260Z   Using build configuration of libxslt 1.1.29
2022-12-27T11:14:57.7565190Z   Building against libxml2/libxslt in the following directory: /Library/Developer/CommandLineTools/SDKs/MacOSX12.1.sdk/usr/lib
2022-12-27T11:14:57.7701810Z   running clean
2022-12-27T11:14:57.7732760Z   removing 'build/temp.macosx-11.0-arm64-cpython-311' (and everything under it)
2022-12-27T11:14:57.7737230Z   removing 'build/lib.macosx-11.0-arm64-cpython-311' (and everything under it)
2022-12-27T11:14:57.7779610Z   'build/bdist.macosx-11.0-arm64' does not exist -- can't clean it
2022-12-27T11:14:57.7781270Z   'build/scripts-3.11' does not exist -- can't clean it
2022-12-27T11:14:57.7782480Z   removing 'build'
2022-12-27T11:14:57.8047380Z Failed to build lxml
2022-12-27T11:14:57.8051430Z ERROR: Failed to build one or more wheels
2022-12-27T11:14:57.8063500Z Exception information:
2022-12-27T11:14:57.8063880Z Traceback (most recent call last):
2022-12-27T11:14:57.8071020Z   File "/private/var/folders/51/hd414ycd67n82196sw51xqtc0000gn/T/cibw-run-ykany2az/cp311-macosx_arm64/build/venv/lib/python3.11/site-packages/pip/_internal/cli/base_command.py", line 160, in exc_logging_wrapper
2022-12-27T11:14:57.8071480Z     status = run_func(*args)
2022-12-27T11:14:57.8071720Z              ^^^^^^^^^^^^^^^
2022-12-27T11:14:57.8072390Z   File "/private/var/folders/51/hd414ycd67n82196sw51xqtc0000gn/T/cibw-run-ykany2az/cp311-macosx_arm64/build/venv/lib/python3.11/site-packages/pip/_internal/cli/req_command.py", line 247, in wrapper
2022-12-27T11:14:57.8072770Z     return func(self, options, args)
2022-12-27T11:14:57.8073360Z            ^^^^^^^^^^^^^^^^^^^^^^^^^
2022-12-27T11:14:57.8073940Z   File "/private/var/folders/51/hd414ycd67n82196sw51xqtc0000gn/T/cibw-run-ykany2az/cp311-macosx_arm64/build/venv/lib/python3.11/site-packages/pip/_internal/commands/wheel.py", line 201, in run
2022-12-27T11:14:57.8074360Z     raise CommandError("Failed to build one or more wheels")
2022-12-27T11:14:57.8074640Z pip._internal.exceptions.CommandError: Failed to build one or more wheels
2022-12-27T11:14:57.8075080Z Removed build tracker: '/private/var/folders/51/hd414ycd67n82196sw51xqtc0000gn/T/pip-build-tracker-jajqfadb'
2022-12-27T11:14:57.8509370Z ##[endgroup]
2022-12-27T11:14:57.8529810Z ##[error]Command ['python', '-m', 'pip', 'wheel', '/Users/runner/actions-runner/_work/python.build/python.build/build_lxml361311/lxml-3.6.1', '--wheel-dir=/private/var/folders/51/hd414ycd67n82196sw51xqtc0000gn/T/cibw-run-ykany2az/cp311-macosx_arm64/built_wheel', '--no-deps', '-vvv'] failed with code 1. None
2022-12-27T11:14:57.8535250Z 
2022-12-27T11:14:57.8535500Z                                                               [31m✕ [0m2.22s
2022-12-27T11:14:57.8996040Z ##[error]Process completed with exit code 1.
2022-12-27T11:14:57.9024750Z ##[group]Run rm -rf build_lxml361311 wheelsout
2022-12-27T11:14:57.9024930Z [36;1mrm -rf build_lxml361311 wheelsout[0m
2022-12-27T11:14:57.9040560Z shell: /bin/bash -e {0}
2022-12-27T11:14:57.9040670Z env:
2022-12-27T11:14:57.9040820Z   pythonLocation: /Users/runner/hostedtoolcache/Python/3.11.1/x64
2022-12-27T11:14:57.9041020Z   PKG_CONFIG_PATH: /Users/runner/hostedtoolcache/Python/3.11.1/x64/lib/pkgconfig
2022-12-27T11:14:57.9041200Z   Python_ROOT_DIR: /Users/runner/hostedtoolcache/Python/3.11.1/x64
2022-12-27T11:14:57.9041370Z   Python2_ROOT_DIR: /Users/runner/hostedtoolcache/Python/3.11.1/x64
2022-12-27T11:14:57.9041530Z   Python3_ROOT_DIR: /Users/runner/hostedtoolcache/Python/3.11.1/x64
2022-12-27T11:14:57.9041670Z ##[endgroup]
2022-12-27T11:14:57.9578000Z Cleaning up orphan processes
