2022-12-27T08:54:25.0035354Z Requested labels: self-hosted, macOS, X64
2022-12-27T08:54:25.0035439Z Job defined at: kilnbuild/python.build/.github/workflows/mac_arm_build.yml@refs/heads/main
2022-12-27T08:54:25.0035463Z Waiting for a runner to pick up this job...
2022-12-27T11:29:48.9906316Z Job is about to start running on the runner: k1 (organization)
2022-12-27T11:29:51.9643740Z Current runner version: '2.300.2'
2022-12-27T11:29:51.9648510Z Runner name: 'k1'
2022-12-27T11:29:51.9648740Z Runner group name: 'Default'
2022-12-27T11:29:51.9649150Z Machine name: 'k1'
2022-12-27T11:29:51.9650580Z ##[group]GITHUB_TOKEN Permissions
2022-12-27T11:29:51.9651000Z Actions: write
2022-12-27T11:29:51.9651140Z Checks: write
2022-12-27T11:29:51.9651270Z Contents: write
2022-12-27T11:29:51.9651400Z Deployments: write
2022-12-27T11:29:51.9651540Z Discussions: write
2022-12-27T11:29:51.9651680Z Issues: write
2022-12-27T11:29:51.9651800Z Metadata: read
2022-12-27T11:29:51.9651930Z Packages: write
2022-12-27T11:29:51.9652070Z Pages: write
2022-12-27T11:29:51.9652190Z PullRequests: write
2022-12-27T11:29:51.9652360Z RepositoryProjects: write
2022-12-27T11:29:51.9652520Z SecurityEvents: write
2022-12-27T11:29:51.9652660Z Statuses: write
2022-12-27T11:29:51.9652780Z ##[endgroup]
2022-12-27T11:29:51.9655340Z Secret source: Actions
2022-12-27T11:29:51.9655650Z Prepare workflow directory
2022-12-27T11:29:52.0297420Z Prepare all required actions
2022-12-27T11:29:52.0415630Z Getting action download info
2022-12-27T11:29:52.4822620Z Download action repository 'actions/setup-python@v4' (SHA:5ccb29d8773c3f3f653e1705f474dfaa8a06a912)
2022-12-27T11:29:54.2409300Z Download action repository 'actions/upload-artifact@v3' (SHA:83fd05a356d7e2593de66fc9913b3002723633cb)
2022-12-27T11:29:55.5632110Z ##[group]Run echo '{
2022-12-27T11:29:55.5632350Z [36;1mecho '{[0m
2022-12-27T11:29:55.5632470Z [36;1m  "package_name": "lxml",[0m
2022-12-27T11:29:55.5632740Z [36;1m  "package_url": "https://files.pythonhosted.org/packages/ca/72/d14a53fcd587b0704658a188f46d28ba6412d5cb2c3f6553208944831950/lxml-2.2alpha1.tar.gz",[0m
2022-12-27T11:29:55.5632960Z [36;1m  "package_version": "2.2alpha1",[0m
2022-12-27T11:29:55.5633090Z [36;1m  "python_version": "3.9",[0m
2022-12-27T11:29:55.5633260Z [36;1m  "use_ccache": "true"[0m
2022-12-27T11:29:55.5633420Z [36;1m}'[0m
2022-12-27T11:29:55.5648690Z shell: /bin/bash -e {0}
2022-12-27T11:29:55.5648880Z ##[endgroup]
2022-12-27T11:29:55.5872690Z {
2022-12-27T11:29:55.5874180Z   "package_name": "lxml",
2022-12-27T11:29:55.5875000Z   "package_url": "https://files.pythonhosted.org/packages/ca/72/d14a53fcd587b0704658a188f46d28ba6412d5cb2c3f6553208944831950/lxml-2.2alpha1.tar.gz",
2022-12-27T11:29:55.5875290Z   "package_version": "2.2alpha1",
2022-12-27T11:29:55.5875600Z   "python_version": "3.9",
2022-12-27T11:29:55.5875760Z   "use_ccache": "true"
2022-12-27T11:29:55.5875920Z }
2022-12-27T11:29:55.6094340Z ##[group]Run actions/setup-python@v4
2022-12-27T11:29:55.6094760Z with:
2022-12-27T11:29:55.6094920Z   python-version: 3.9
2022-12-27T11:29:55.6095110Z   check-latest: false
2022-12-27T11:29:55.6095390Z   token: ***
2022-12-27T11:29:55.6095570Z   update-environment: true
2022-12-27T11:29:55.6095770Z ##[endgroup]
2022-12-27T11:29:55.7353170Z ##[group]Installed versions
2022-12-27T11:29:55.7390280Z Successfully set up CPython (3.9.16)
2022-12-27T11:29:55.7391480Z ##[endgroup]
2022-12-27T11:29:55.7538300Z ##[group]Run if [ "true" == "true" ]
2022-12-27T11:29:55.7538600Z [36;1mif [ "true" == "true" ][0m
2022-12-27T11:29:55.7538870Z [36;1mthen[0m
2022-12-27T11:29:55.7539100Z [36;1m  echo "CCACHE_PATH_PREPEND=/usr/local/opt/ccache/libexec" >> $GITHUB_OUTPUT[0m
2022-12-27T11:29:55.7539290Z [36;1melse[0m
2022-12-27T11:29:55.7539480Z [36;1m  echo "CCACHE_PATH_PREPEND=" >> $GITHUB_OUTPUT[0m
2022-12-27T11:29:55.7540000Z [36;1mfi[0m
2022-12-27T11:29:55.7556590Z shell: /bin/bash -e {0}
2022-12-27T11:29:55.7556760Z env:
2022-12-27T11:29:55.7556990Z   pythonLocation: /Users/runner/hostedtoolcache/Python/3.9.16/x64
2022-12-27T11:29:55.7557350Z   PKG_CONFIG_PATH: /Users/runner/hostedtoolcache/Python/3.9.16/x64/lib/pkgconfig
2022-12-27T11:29:55.7557580Z   Python_ROOT_DIR: /Users/runner/hostedtoolcache/Python/3.9.16/x64
2022-12-27T11:29:55.7557880Z   Python2_ROOT_DIR: /Users/runner/hostedtoolcache/Python/3.9.16/x64
2022-12-27T11:29:55.7558170Z   Python3_ROOT_DIR: /Users/runner/hostedtoolcache/Python/3.9.16/x64
2022-12-27T11:29:55.7558700Z ##[endgroup]
2022-12-27T11:29:55.7680710Z ##[group]Run echo "BUILD_NAME=$(echo lxml_2.2alpha1_3.9 | tr -dc '[:alnum:]\n\r' | tr '[:upper:]' '[:lower:]')" >> $GITHUB_OUTPUT
2022-12-27T11:29:55.7681430Z [36;1mecho "BUILD_NAME=$(echo lxml_2.2alpha1_3.9 | tr -dc '[:alnum:]\n\r' | tr '[:upper:]' '[:lower:]')" >> $GITHUB_OUTPUT[0m
2022-12-27T11:29:55.7699550Z shell: /bin/bash -e {0}
2022-12-27T11:29:55.7699830Z env:
2022-12-27T11:29:55.7700020Z   pythonLocation: /Users/runner/hostedtoolcache/Python/3.9.16/x64
2022-12-27T11:29:55.7700380Z   PKG_CONFIG_PATH: /Users/runner/hostedtoolcache/Python/3.9.16/x64/lib/pkgconfig
2022-12-27T11:29:55.7700850Z   Python_ROOT_DIR: /Users/runner/hostedtoolcache/Python/3.9.16/x64
2022-12-27T11:29:55.7701080Z   Python2_ROOT_DIR: /Users/runner/hostedtoolcache/Python/3.9.16/x64
2022-12-27T11:29:55.7701400Z   Python3_ROOT_DIR: /Users/runner/hostedtoolcache/Python/3.9.16/x64
2022-12-27T11:29:55.7701610Z ##[endgroup]
2022-12-27T11:29:55.7869990Z ##[group]Run echo "PYTHON_NO_DOTS=$(echo 3.9 | tr -dc '[:alnum:]\n\r' | tr '[:upper:]' '[:lower:]')" >> $GITHUB_OUTPUT
2022-12-27T11:29:55.7870480Z [36;1mecho "PYTHON_NO_DOTS=$(echo 3.9 | tr -dc '[:alnum:]\n\r' | tr '[:upper:]' '[:lower:]')" >> $GITHUB_OUTPUT[0m
2022-12-27T11:29:55.7884470Z shell: /bin/bash -e {0}
2022-12-27T11:29:55.7884630Z env:
2022-12-27T11:29:55.7884840Z   pythonLocation: /Users/runner/hostedtoolcache/Python/3.9.16/x64
2022-12-27T11:29:55.7885160Z   PKG_CONFIG_PATH: /Users/runner/hostedtoolcache/Python/3.9.16/x64/lib/pkgconfig
2022-12-27T11:29:55.7885380Z   Python_ROOT_DIR: /Users/runner/hostedtoolcache/Python/3.9.16/x64
2022-12-27T11:29:55.7885630Z   Python2_ROOT_DIR: /Users/runner/hostedtoolcache/Python/3.9.16/x64
2022-12-27T11:29:55.7885870Z   Python3_ROOT_DIR: /Users/runner/hostedtoolcache/Python/3.9.16/x64
2022-12-27T11:29:55.7886070Z ##[endgroup]
2022-12-27T11:29:55.7996480Z ##[group]Run rm -rf build_lxml22alpha139
2022-12-27T11:29:55.7996860Z [36;1mrm -rf build_lxml22alpha139[0m
2022-12-27T11:29:55.7997100Z [36;1mmkdir build_lxml22alpha139[0m
2022-12-27T11:29:55.7997260Z [36;1mcd build_lxml22alpha139[0m
2022-12-27T11:29:55.7997630Z [36;1m/usr/local/bin/wget --quiet https://files.pythonhosted.org/packages/ca/72/d14a53fcd587b0704658a188f46d28ba6412d5cb2c3f6553208944831950/lxml-2.2alpha1.tar.gz[0m
2022-12-27T11:29:55.7997990Z [36;1mtar xf *.tar.gz[0m
2022-12-27T11:29:55.7998220Z [36;1mcd *[0m
2022-12-27T11:29:55.7998440Z [36;1mpython -m pip install cibuildwheel==2.11.3[0m
2022-12-27T11:29:55.7998740Z [36;1mpython -m cibuildwheel --output-dir ../wheelsout[0m
2022-12-27T11:29:55.8014640Z shell: /bin/bash -e {0}
2022-12-27T11:29:55.8014820Z env:
2022-12-27T11:29:55.8015050Z   pythonLocation: /Users/runner/hostedtoolcache/Python/3.9.16/x64
2022-12-27T11:29:55.8015450Z   PKG_CONFIG_PATH: /Users/runner/hostedtoolcache/Python/3.9.16/x64/lib/pkgconfig
2022-12-27T11:29:55.8015690Z   Python_ROOT_DIR: /Users/runner/hostedtoolcache/Python/3.9.16/x64
2022-12-27T11:29:55.8015950Z   Python2_ROOT_DIR: /Users/runner/hostedtoolcache/Python/3.9.16/x64
2022-12-27T11:29:55.8016220Z   Python3_ROOT_DIR: /Users/runner/hostedtoolcache/Python/3.9.16/x64
2022-12-27T11:29:55.8016490Z   CIBW_ARCHS_MACOS: arm64
2022-12-27T11:29:55.8016660Z   CIBW_TEST_SKIP: *_arm64
2022-12-27T11:29:55.8016840Z   CIBW_BUILD: cp39-macosx_arm64
2022-12-27T11:29:55.8017030Z   CIBW_BUILD_FRONTEND: pip
2022-12-27T11:29:55.8017170Z   CIBW_BUILD_VERBOSITY: 3
2022-12-27T11:29:55.8017520Z   CIBW_ENVIRONMENT_MACOS:  CFLAGS="-I/usr/local/opt/openssl@3/include" LDFLAGS="-L/usr/local/opt/openssl@3/lib" CPPFLAGS="-I/usr/local/opt/openssl@3/include" MAKEFLAGS="-j$(sysctl -n hw.logicalcpu)" PATH=/usr/local/opt/ccache/libexec:$PATH
2022-12-27T11:29:55.8017940Z   CIBW_BEFORE_BUILD: pip install Cython; if [[ -f requirements.txt ]]; then pip install -r requirements.txt; fi
2022-12-27T11:29:55.8018180Z   MAKEFLAGS: -j$(sysctl -n hw.logicalcpu)
2022-12-27T11:29:55.8018340Z ##[endgroup]
2022-12-27T11:29:56.2819130Z Requirement already satisfied: cibuildwheel==2.11.3 in /Users/runner/hostedtoolcache/Python/3.9.16/x64/lib/python3.9/site-packages (2.11.3)
2022-12-27T11:29:56.3083830Z Requirement already satisfied: packaging>=20.9 in /Users/runner/hostedtoolcache/Python/3.9.16/x64/lib/python3.9/site-packages (from cibuildwheel==2.11.3) (22.0)
2022-12-27T11:29:56.3086820Z Requirement already satisfied: bracex in /Users/runner/hostedtoolcache/Python/3.9.16/x64/lib/python3.9/site-packages (from cibuildwheel==2.11.3) (2.3.post1)
2022-12-27T11:29:56.3091630Z Requirement already satisfied: bashlex!=0.13 in /Users/runner/hostedtoolcache/Python/3.9.16/x64/lib/python3.9/site-packages (from cibuildwheel==2.11.3) (0.16)
2022-12-27T11:29:56.3095100Z Requirement already satisfied: filelock in /Users/runner/hostedtoolcache/Python/3.9.16/x64/lib/python3.9/site-packages (from cibuildwheel==2.11.3) (3.8.2)
2022-12-27T11:29:56.3098850Z Requirement already satisfied: certifi in /Users/runner/hostedtoolcache/Python/3.9.16/x64/lib/python3.9/site-packages (from cibuildwheel==2.11.3) (2022.12.7)
2022-12-27T11:29:56.3105080Z Requirement already satisfied: tomli in /Users/runner/hostedtoolcache/Python/3.9.16/x64/lib/python3.9/site-packages (from cibuildwheel==2.11.3) (2.0.1)
2022-12-27T11:29:56.3113260Z Requirement already satisfied: typing-extensions>=4.1.0 in /Users/runner/hostedtoolcache/Python/3.9.16/x64/lib/python3.9/site-packages (from cibuildwheel==2.11.3) (4.4.0)
2022-12-27T11:29:56.3116380Z Requirement already satisfied: platformdirs in /Users/runner/hostedtoolcache/Python/3.9.16/x64/lib/python3.9/site-packages (from cibuildwheel==2.11.3) (2.6.0)
2022-12-27T11:29:56.4825490Z 
2022-12-27T11:29:56.4825980Z      _ _       _ _   _       _           _
2022-12-27T11:29:56.4826810Z  ___|_| |_ _ _|_| |_| |_ _ _| |_ ___ ___| |
2022-12-27T11:29:56.4827460Z |  _| | . | | | | | . | | | |   | -_| -_| |
2022-12-27T11:29:56.4828300Z |___|_|___|___|_|_|___|_____|_|_|___|___|_|
2022-12-27T11:29:56.4828480Z 
2022-12-27T11:29:56.4828620Z cibuildwheel version 2.11.3
2022-12-27T11:29:56.4828780Z 
2022-12-27T11:29:56.4828970Z Build options:
2022-12-27T11:29:56.4829340Z   platform: macos
2022-12-27T11:29:56.4887480Z   architectures: arm64[0m
2022-12-27T11:29:56.4887760Z   build_selector: 
2022-12-27T11:29:56.4888280Z     build_config: cp39-macosx_arm64
2022-12-27T11:29:56.4888890Z     skip_config: 
2022-12-27T11:29:56.4889150Z     requires_python: None
2022-12-27T11:29:56.4889480Z     prerelease_pythons: False[0m
2022-12-27T11:29:56.4889880Z   [38;5;244mcontainer_engine: docker[0m
2022-12-27T11:29:56.4890380Z   output_dir: /Users/runner/actions-runner/_work/python.build/python.build/build_lxml22alpha139/wheelsout[0m
2022-12-27T11:29:56.4891030Z   package_dir: /Users/runner/actions-runner/_work/python.build/python.build/build_lxml22alpha139/lxml-2.2alpha1[0m
2022-12-27T11:29:56.4891400Z   test_selector: 
2022-12-27T11:29:56.4891690Z     skip_config: *_arm64[0m
2022-12-27T11:29:56.4892010Z   [38;5;244mbefore_all: [0m
2022-12-27T11:29:56.4892530Z   before_build: pip install Cython; if [[ -f requirements.txt ]]; then pip install -r requirements.txt; fi[0m
2022-12-27T11:29:56.4892890Z   [38;5;244mbefore_test: [0m
2022-12-27T11:29:56.4893220Z   [38;5;244mbuild_frontend: pip[0m
2022-12-27T11:29:56.4893530Z   build_verbosity: 3[0m
2022-12-27T11:29:56.4893810Z   [38;5;244mconfig_settings: [0m
2022-12-27T11:29:56.4894210Z   [38;5;244mdependency_constraints: pinned[0m
2022-12-27T11:29:56.4894480Z   environment: 
2022-12-27T11:29:56.4894830Z     CFLAGS="-I/usr/local/opt/openssl@3/include"
2022-12-27T11:29:56.4895150Z     LDFLAGS="-L/usr/local/opt/openssl@3/lib"
2022-12-27T11:29:56.4895520Z     CPPFLAGS="-I/usr/local/opt/openssl@3/include"
2022-12-27T11:29:56.4895960Z     MAKEFLAGS="-j$(sysctl -n hw.logicalcpu)"
2022-12-27T11:29:56.4896260Z     PATH=/usr/local/opt/ccache/libexec:$PATH[0m
2022-12-27T11:29:56.4896560Z   [38;5;244mmanylinux_images: None[0m
2022-12-27T11:29:56.4896850Z   [38;5;244mmusllinux_images: None[0m
2022-12-27T11:29:56.4897230Z   [38;5;244mrepair_command: delocate-wheel --require-archs {delocate_archs} -w {dest_dir} -v {wheel}[0m
2022-12-27T11:29:56.4897900Z   [38;5;244mtest_command: [0m
2022-12-27T11:29:56.4898220Z   [38;5;244mtest_extras: [0m
2022-12-27T11:29:56.4898450Z   [38;5;244mtest_requires: [0m
2022-12-27T11:29:56.4898580Z 
2022-12-27T11:29:56.4898720Z Cache folder: /Users/runner/Library/Caches/cibuildwheel
2022-12-27T11:29:56.4904590Z 
2022-12-27T11:29:56.4904910Z Here we go!
2022-12-27T11:29:56.4905050Z 
2022-12-27T11:29:56.5026630Z 
2022-12-27T11:29:56.5027250Z [1m[34mBuilding cp39-macosx_arm64 wheel[0m
2022-12-27T11:29:56.5027650Z CPython 3.9 macOS arm64 - Apple Silicon
2022-12-27T11:29:56.5027810Z 
2022-12-27T11:29:56.5029850Z ##[group]Installing Python cp39...
2022-12-27T11:29:56.5030010Z 
2022-12-27T11:29:56.5030290Z + pkgutil --pkgs
2022-12-27T11:29:56.5138270Z ##[endgroup]
2022-12-27T11:29:56.5139110Z                                                               [32mâœ“ [0m0.01s
2022-12-27T11:29:56.5139540Z ##[group]Setting up build environment...
2022-12-27T11:29:56.5139830Z 
2022-12-27T11:29:56.5158120Z + /Users/runner/hostedtoolcache/Python/3.9.16/x64/bin/python -sS /Users/runner/Library/Caches/cibuildwheel/virtualenv-20.17.0.pyz --activators= --no-periodic-update --pip=22.3.1 --setuptools=65.6.3 --wheel=0.38.4 --symlink-app-data --python /Library/Frameworks/Python.framework/Versions/3.9/bin/python3 /private/var/folders/51/hd414ycd67n82196sw51xqtc0000gn/T/cibw-run-ll39iggg/cp39-macosx_arm64/build/venv
2022-12-27T11:29:56.7066640Z created virtual environment CPython3.9.13.final.0-64 in 53ms
2022-12-27T11:29:56.7067350Z   creator CPython3Posix(dest=/private/var/folders/51/hd414ycd67n82196sw51xqtc0000gn/T/cibw-run-ll39iggg/cp39-macosx_arm64/build/venv, clear=False, no_vcs_ignore=False, global=False)
2022-12-27T11:29:56.7068190Z   seeder FromAppData(download=False, pip=22.3.1, setuptools=65.6.3, wheel=0.38.4, via=symlink, app_data_dir=/Users/runner/Library/Application Support/virtualenv)
2022-12-27T11:29:56.7068570Z     added seed packages: pip==22.3.1, setuptools==65.6.3, wheel==0.38.4
2022-12-27T11:29:56.7186240Z + python -m pip install --upgrade pip -c /Users/runner/hostedtoolcache/Python/3.9.16/x64/lib/python3.9/site-packages/cibuildwheel/resources/constraints-python39.txt
2022-12-27T11:29:57.0129620Z Requirement already satisfied: pip in ./lib/python3.9/site-packages (22.3.1)
2022-12-27T11:29:57.1565100Z + which pip
2022-12-27T11:29:57.1583910Z /private/var/folders/51/hd414ycd67n82196sw51xqtc0000gn/T/cibw-run-ll39iggg/cp39-macosx_arm64/build/venv/bin/pip
2022-12-27T11:29:57.1586120Z + pip --version
2022-12-27T11:29:57.3772290Z pip 22.3.1 from /private/var/folders/51/hd414ycd67n82196sw51xqtc0000gn/T/cibw-run-ll39iggg/cp39-macosx_arm64/build/venv/lib/python3.9/site-packages/pip (python 3.9)
2022-12-27T11:29:57.4013720Z + which pip
2022-12-27T11:29:57.4042260Z + which python
2022-12-27T11:29:57.4061730Z /private/var/folders/51/hd414ycd67n82196sw51xqtc0000gn/T/cibw-run-ll39iggg/cp39-macosx_arm64/build/venv/bin/python
2022-12-27T11:29:57.4063640Z + python --version
2022-12-27T11:29:57.4113050Z Python 3.9.13
2022-12-27T11:29:57.4116130Z + which python
2022-12-27T11:29:57.4173660Z ##[endgroup]
2022-12-27T11:29:57.4174300Z                                                               [32mâœ“ [0m0.90s
2022-12-27T11:29:57.4174940Z ##[group]Installing build tools...
2022-12-27T11:29:57.4175120Z 
2022-12-27T11:29:57.4175590Z + pip install --upgrade setuptools wheel delocate -c /Users/runner/hostedtoolcache/Python/3.9.16/x64/lib/python3.9/site-packages/cibuildwheel/resources/constraints-python39.txt
2022-12-27T11:29:57.7192710Z Requirement already satisfied: setuptools in /private/var/folders/51/hd414ycd67n82196sw51xqtc0000gn/T/cibw-run-ll39iggg/cp39-macosx_arm64/build/venv/lib/python3.9/site-packages (65.6.3)
2022-12-27T11:29:57.9475080Z Requirement already satisfied: wheel in /private/var/folders/51/hd414ycd67n82196sw51xqtc0000gn/T/cibw-run-ll39iggg/cp39-macosx_arm64/build/venv/lib/python3.9/site-packages (0.38.4)
2022-12-27T11:29:58.0037620Z Collecting delocate
2022-12-27T11:29:58.0062230Z   Using cached delocate-0.10.3-py3-none-any.whl (142 kB)
2022-12-27T11:29:58.0387850Z Collecting packaging>=20.9
2022-12-27T11:29:58.0410030Z   Using cached packaging-21.3-py3-none-any.whl (40 kB)
2022-12-27T11:29:58.0596660Z Collecting typing-extensions
2022-12-27T11:29:58.0620140Z   Using cached typing_extensions-4.4.0-py3-none-any.whl (26 kB)
2022-12-27T11:29:58.1018430Z Collecting pyparsing!=3.0.5,>=2.0.2
2022-12-27T11:29:58.1039890Z   Using cached pyparsing-3.0.9-py3-none-any.whl (98 kB)
2022-12-27T11:29:58.1402770Z Installing collected packages: typing-extensions, pyparsing, packaging, delocate
2022-12-27T11:29:58.2823460Z Successfully installed delocate-0.10.3 packaging-21.3 pyparsing-3.0.9 typing-extensions-4.4.0
2022-12-27T11:29:58.3305510Z ##[endgroup]
2022-12-27T11:29:58.3306340Z                                                               [32mâœ“ [0m0.91s
2022-12-27T11:29:58.3306820Z ##[group]Running before_build...
2022-12-27T11:29:58.3306970Z 
2022-12-27T11:29:58.3312380Z + pip install Cython; if [[ -f requirements.txt ]]; then pip install -r requirements.txt; fi
2022-12-27T11:29:59.0196680Z Collecting Cython
2022-12-27T11:29:59.0244750Z   Using cached Cython-0.29.32-py2.py3-none-any.whl (986 kB)
2022-12-27T11:29:59.0732360Z Installing collected packages: Cython
2022-12-27T11:29:59.5380050Z Successfully installed Cython-0.29.32
2022-12-27T11:29:59.5814350Z ##[endgroup]
2022-12-27T11:29:59.5815120Z                                                               [32mâœ“ [0m1.25s
2022-12-27T11:29:59.5815660Z ##[group]Building wheel...
2022-12-27T11:29:59.5815820Z 
2022-12-27T11:29:59.5820440Z + python -m pip wheel /Users/runner/actions-runner/_work/python.build/python.build/build_lxml22alpha139/lxml-2.2alpha1 --wheel-dir=/private/var/folders/51/hd414ycd67n82196sw51xqtc0000gn/T/cibw-run-ll39iggg/cp39-macosx_arm64/built_wheel --no-deps -vvv
2022-12-27T11:29:59.8581720Z Created temporary directory: /private/var/folders/51/hd414ycd67n82196sw51xqtc0000gn/T/pip-ephem-wheel-cache-hym7adix
2022-12-27T11:29:59.8586340Z Created temporary directory: /private/var/folders/51/hd414ycd67n82196sw51xqtc0000gn/T/pip-build-tracker-xtispk9q
2022-12-27T11:29:59.8587900Z Initialized build tracking at /private/var/folders/51/hd414ycd67n82196sw51xqtc0000gn/T/pip-build-tracker-xtispk9q
2022-12-27T11:29:59.8589950Z Created build tracker: /private/var/folders/51/hd414ycd67n82196sw51xqtc0000gn/T/pip-build-tracker-xtispk9q
2022-12-27T11:29:59.8591620Z Entered build tracker: /private/var/folders/51/hd414ycd67n82196sw51xqtc0000gn/T/pip-build-tracker-xtispk9q
2022-12-27T11:29:59.8595080Z Created temporary directory: /private/var/folders/51/hd414ycd67n82196sw51xqtc0000gn/T/pip-wheel-ov37vxdn
2022-12-27T11:29:59.8601720Z Created temporary directory: /private/var/folders/51/hd414ycd67n82196sw51xqtc0000gn/T/pip-ephem-wheel-cache-k95qbif5
2022-12-27T11:29:59.8776310Z Processing /Users/runner/actions-runner/_work/python.build/python.build/build_lxml22alpha139/lxml-2.2alpha1
2022-12-27T11:29:59.8781680Z   Added file:///Users/runner/actions-runner/_work/python.build/python.build/build_lxml22alpha139/lxml-2.2alpha1 to build tracker '/private/var/folders/51/hd414ycd67n82196sw51xqtc0000gn/T/pip-build-tracker-xtispk9q'
2022-12-27T11:29:59.8785330Z   Running setup.py (path:/Users/runner/actions-runner/_work/python.build/python.build/build_lxml22alpha139/lxml-2.2alpha1/setup.py) egg_info for package from file:///Users/runner/actions-runner/_work/python.build/python.build/build_lxml22alpha139/lxml-2.2alpha1
2022-12-27T11:29:59.8788330Z   Created temporary directory: /private/var/folders/51/hd414ycd67n82196sw51xqtc0000gn/T/pip-pip-egg-info-bmzko_46
2022-12-27T11:29:59.8789780Z   Preparing metadata (setup.py): started
2022-12-27T11:29:59.8791690Z   Running command python setup.py egg_info
2022-12-27T11:30:00.2420350Z   /private/var/folders/51/hd414ycd67n82196sw51xqtc0000gn/T/cibw-run-ll39iggg/cp39-macosx_arm64/build/venv/lib/python3.9/site-packages/setuptools/dist.py:529: UserWarning: Normalizing '2.2alpha1' to '2.2a1'
2022-12-27T11:30:00.2421710Z     warnings.warn(tmpl.format(**locals()))
2022-12-27T11:30:00.2476200Z   Building lxml version 2.2.alpha1.
2022-12-27T11:30:00.2477670Z   Building with Cython 0.29.32.
2022-12-27T11:30:00.2479410Z   Using build configuration of libxslt 1.1.29
2022-12-27T11:30:00.2481280Z   Building against libxml2/libxslt in the following directory: /Library/Developer/CommandLineTools/SDKs/MacOSX12.1.sdk/usr/lib
2022-12-27T11:30:00.2482530Z   running egg_info
2022-12-27T11:30:00.2484940Z   creating /private/var/folders/51/hd414ycd67n82196sw51xqtc0000gn/T/pip-pip-egg-info-bmzko_46/lxml.egg-info
2022-12-27T11:30:00.2495210Z   writing /private/var/folders/51/hd414ycd67n82196sw51xqtc0000gn/T/pip-pip-egg-info-bmzko_46/lxml.egg-info/PKG-INFO
2022-12-27T11:30:00.2499880Z   writing dependency_links to /private/var/folders/51/hd414ycd67n82196sw51xqtc0000gn/T/pip-pip-egg-info-bmzko_46/lxml.egg-info/dependency_links.txt
2022-12-27T11:30:00.2503790Z   writing top-level names to /private/var/folders/51/hd414ycd67n82196sw51xqtc0000gn/T/pip-pip-egg-info-bmzko_46/lxml.egg-info/top_level.txt
2022-12-27T11:30:00.2506220Z   writing manifest file '/private/var/folders/51/hd414ycd67n82196sw51xqtc0000gn/T/pip-pip-egg-info-bmzko_46/lxml.egg-info/SOURCES.txt'
2022-12-27T11:30:00.2565340Z   reading manifest file '/private/var/folders/51/hd414ycd67n82196sw51xqtc0000gn/T/pip-pip-egg-info-bmzko_46/lxml.egg-info/SOURCES.txt'
2022-12-27T11:30:00.2567290Z   reading manifest template 'MANIFEST.in'
2022-12-27T11:30:00.3406630Z   adding license file 'LICENSES.txt'
2022-12-27T11:30:00.3467850Z   writing manifest file '/private/var/folders/51/hd414ycd67n82196sw51xqtc0000gn/T/pip-pip-egg-info-bmzko_46/lxml.egg-info/SOURCES.txt'
2022-12-27T11:30:00.3716580Z   Preparing metadata (setup.py): finished with status 'done'
2022-12-27T11:30:00.3740490Z   Source in /Users/runner/actions-runner/_work/python.build/python.build/build_lxml22alpha139/lxml-2.2alpha1 has version 2.2a1, which satisfies requirement lxml==2.2a1 from file:///Users/runner/actions-runner/_work/python.build/python.build/build_lxml22alpha139/lxml-2.2alpha1
2022-12-27T11:30:00.3743350Z   Removed lxml==2.2a1 from file:///Users/runner/actions-runner/_work/python.build/python.build/build_lxml22alpha139/lxml-2.2alpha1 from build tracker '/private/var/folders/51/hd414ycd67n82196sw51xqtc0000gn/T/pip-build-tracker-xtispk9q'
2022-12-27T11:30:00.3759450Z Created temporary directory: /private/var/folders/51/hd414ycd67n82196sw51xqtc0000gn/T/pip-unpack-tf055w6a
2022-12-27T11:30:00.3761560Z Building wheels for collected packages: lxml
2022-12-27T11:30:00.3768100Z   Created temporary directory: /private/var/folders/51/hd414ycd67n82196sw51xqtc0000gn/T/pip-wheel-9quua6mv
2022-12-27T11:30:00.3769850Z   Building wheel for lxml (setup.py): started
2022-12-27T11:30:00.3771590Z   Destination directory: /private/var/folders/51/hd414ycd67n82196sw51xqtc0000gn/T/pip-wheel-9quua6mv
2022-12-27T11:30:00.3772780Z   Running command python setup.py bdist_wheel
2022-12-27T11:30:00.6144270Z   Building lxml version 2.2.alpha1.
2022-12-27T11:30:00.6145120Z   Building with Cython 0.29.32.
2022-12-27T11:30:00.6274420Z   Using build configuration of libxslt 1.1.29
2022-12-27T11:30:00.7239640Z   Building against libxml2/libxslt in the following directory: /Library/Developer/CommandLineTools/SDKs/MacOSX12.1.sdk/usr/lib
2022-12-27T11:30:00.7342550Z   /private/var/folders/51/hd414ycd67n82196sw51xqtc0000gn/T/cibw-run-ll39iggg/cp39-macosx_arm64/build/venv/lib/python3.9/site-packages/setuptools/dist.py:529: UserWarning: Normalizing '2.2alpha1' to '2.2a1'
2022-12-27T11:30:00.7344090Z     warnings.warn(tmpl.format(**locals()))
2022-12-27T11:30:00.7472860Z   running bdist_wheel
2022-12-27T11:30:00.7515070Z   running build
2022-12-27T11:30:00.7517090Z   running build_py
2022-12-27T11:30:00.7538240Z   creating build
2022-12-27T11:30:00.7540340Z   creating build/lib.macosx-11.0-arm64-cpython-39
2022-12-27T11:30:00.7542240Z   creating build/lib.macosx-11.0-arm64-cpython-39/lxml
2022-12-27T11:30:00.7544170Z   copying src/lxml/_elementpath.py -> build/lib.macosx-11.0-arm64-cpython-39/lxml
2022-12-27T11:30:00.7546150Z   copying src/lxml/sax.py -> build/lib.macosx-11.0-arm64-cpython-39/lxml
2022-12-27T11:30:00.7548230Z   copying src/lxml/pyclasslookup.py -> build/lib.macosx-11.0-arm64-cpython-39/lxml
2022-12-27T11:30:00.7550260Z   copying src/lxml/__init__.py -> build/lib.macosx-11.0-arm64-cpython-39/lxml
2022-12-27T11:30:00.7552960Z   copying src/lxml/builder.py -> build/lib.macosx-11.0-arm64-cpython-39/lxml
2022-12-27T11:30:00.7555210Z   copying src/lxml/doctestcompare.py -> build/lib.macosx-11.0-arm64-cpython-39/lxml
2022-12-27T11:30:00.7558130Z   copying src/lxml/usedoctest.py -> build/lib.macosx-11.0-arm64-cpython-39/lxml
2022-12-27T11:30:00.7560090Z   copying src/lxml/cssselect.py -> build/lib.macosx-11.0-arm64-cpython-39/lxml
2022-12-27T11:30:00.7563270Z   copying src/lxml/ElementInclude.py -> build/lib.macosx-11.0-arm64-cpython-39/lxml
2022-12-27T11:30:00.7570840Z   creating build/lib.macosx-11.0-arm64-cpython-39/lxml/html
2022-12-27T11:30:00.7572530Z   copying src/lxml/html/soupparser.py -> build/lib.macosx-11.0-arm64-cpython-39/lxml/html
2022-12-27T11:30:00.7574580Z   copying src/lxml/html/defs.py -> build/lib.macosx-11.0-arm64-cpython-39/lxml/html
2022-12-27T11:30:00.7578060Z   copying src/lxml/html/_setmixin.py -> build/lib.macosx-11.0-arm64-cpython-39/lxml/html
2022-12-27T11:30:00.7580170Z   copying src/lxml/html/clean.py -> build/lib.macosx-11.0-arm64-cpython-39/lxml/html
2022-12-27T11:30:00.7583090Z   copying src/lxml/html/_diffcommand.py -> build/lib.macosx-11.0-arm64-cpython-39/lxml/html
2022-12-27T11:30:00.7585060Z   copying src/lxml/html/html5parser.py -> build/lib.macosx-11.0-arm64-cpython-39/lxml/html
2022-12-27T11:30:00.7587690Z   copying src/lxml/html/__init__.py -> build/lib.macosx-11.0-arm64-cpython-39/lxml/html
2022-12-27T11:30:00.7591160Z   copying src/lxml/html/formfill.py -> build/lib.macosx-11.0-arm64-cpython-39/lxml/html
2022-12-27T11:30:00.7593320Z   copying src/lxml/html/builder.py -> build/lib.macosx-11.0-arm64-cpython-39/lxml/html
2022-12-27T11:30:00.7595730Z   copying src/lxml/html/ElementSoup.py -> build/lib.macosx-11.0-arm64-cpython-39/lxml/html
2022-12-27T11:30:00.7598470Z   copying src/lxml/html/_html5builder.py -> build/lib.macosx-11.0-arm64-cpython-39/lxml/html
2022-12-27T11:30:00.7600860Z   copying src/lxml/html/usedoctest.py -> build/lib.macosx-11.0-arm64-cpython-39/lxml/html
2022-12-27T11:30:00.7603360Z   copying src/lxml/html/diff.py -> build/lib.macosx-11.0-arm64-cpython-39/lxml/html
2022-12-27T11:30:00.7606660Z   copying src/lxml/html/_dictmixin.py -> build/lib.macosx-11.0-arm64-cpython-39/lxml/html
2022-12-27T11:30:00.7617290Z   running build_ext
2022-12-27T11:30:00.8029400Z   skipping 'src/lxml/lxml.etree.c' Cython extension (up-to-date)
2022-12-27T11:30:00.8032670Z   skipping 'src/lxml/lxml.objectify.c' Cython extension (up-to-date)
2022-12-27T11:30:00.8034960Z   building 'lxml.etree' extension
2022-12-27T11:30:00.8036940Z   creating build/temp.macosx-11.0-arm64-cpython-39
2022-12-27T11:30:00.8038570Z   creating build/temp.macosx-11.0-arm64-cpython-39/src
2022-12-27T11:30:00.8040510Z   creating build/temp.macosx-11.0-arm64-cpython-39/src/lxml
2022-12-27T11:30:00.8042760Z   gcc -Wno-unused-result -Wsign-compare -Wunreachable-code -fno-common -dynamic -DNDEBUG -g -fwrapv -O3 -Wall -g -I/usr/local/opt/openssl@3/include -I/usr/local/opt/openssl@3/include -arch arm64 -I/Library/Developer/CommandLineTools/SDKs/MacOSX12.1.sdk/usr/include -I/private/var/folders/51/hd414ycd67n82196sw51xqtc0000gn/T/cibw-run-ll39iggg/cp39-macosx_arm64/build/venv/include -I/Library/Frameworks/Python.framework/Versions/3.9/include/python3.9 -c src/lxml/lxml.etree.c -o build/temp.macosx-11.0-arm64-cpython-39/src/lxml/lxml.etree.o -w -flat_namespace
2022-12-27T11:30:01.2932770Z   src/lxml/lxml.etree.c:127413:21: error: no member named 'exc_type' in 'struct _ts'
2022-12-27T11:30:01.2934700Z       *type = tstate->exc_type;
2022-12-27T11:30:01.2936490Z               ~~~~~~  ^
2022-12-27T11:30:01.2939110Z   src/lxml/lxml.etree.c:127414:22: error: no member named 'exc_value' in 'struct _ts'; did you mean 'curexc_value'?
2022-12-27T11:30:01.2940060Z       *value = tstate->exc_value;
2022-12-27T11:30:01.2941370Z                        ^~~~~~~~~
2022-12-27T11:30:01.2942510Z                        curexc_value
2022-12-27T11:30:01.2944300Z   /Library/Frameworks/Python.framework/Versions/3.9/include/python3.9/cpython/pystate.h:78:15: note: 'curexc_value' declared here
2022-12-27T11:30:01.2945330Z       PyObject *curexc_value;
2022-12-27T11:30:01.2946780Z                 ^
2022-12-27T11:30:01.2948260Z   src/lxml/lxml.etree.c:127415:19: error: no member named 'exc_traceback' in 'struct _ts'; did you mean 'curexc_traceback'?
2022-12-27T11:30:01.2949550Z       *tb = tstate->exc_traceback;
2022-12-27T11:30:01.2950940Z                     ^~~~~~~~~~~~~
2022-12-27T11:30:01.2952240Z                     curexc_traceback
2022-12-27T11:30:01.2953730Z   /Library/Frameworks/Python.framework/Versions/3.9/include/python3.9/cpython/pystate.h:79:15: note: 'curexc_traceback' declared here
2022-12-27T11:30:01.2954960Z       PyObject *curexc_traceback;
2022-12-27T11:30:01.2956270Z                 ^
2022-12-27T11:30:01.2957720Z   src/lxml/lxml.etree.c:127424:24: error: no member named 'exc_type' in 'struct _ts'
2022-12-27T11:30:01.2959150Z       tmp_type = tstate->exc_type;
2022-12-27T11:30:01.2960460Z                  ~~~~~~  ^
2022-12-27T11:30:01.2962020Z   src/lxml/lxml.etree.c:127425:25: error: no member named 'exc_value' in 'struct _ts'; did you mean 'curexc_value'?
2022-12-27T11:30:01.2963200Z       tmp_value = tstate->exc_value;
2022-12-27T11:30:01.2964480Z                           ^~~~~~~~~
2022-12-27T11:30:01.2965900Z                           curexc_value
2022-12-27T11:30:01.2967580Z   /Library/Frameworks/Python.framework/Versions/3.9/include/python3.9/cpython/pystate.h:78:15: note: 'curexc_value' declared here
2022-12-27T11:30:01.2969010Z       PyObject *curexc_value;
2022-12-27T11:30:01.3033650Z                 ^
2022-12-27T11:30:01.3034620Z   src/lxml/lxml.etree.c:127426:22: error: no member named 'exc_traceback' in 'struct _ts'; did you mean 'curexc_traceback'?
2022-12-27T11:30:01.3035590Z       tmp_tb = tstate->exc_traceback;
2022-12-27T11:30:01.3036330Z                        ^~~~~~~~~~~~~
2022-12-27T11:30:01.3036730Z                        curexc_traceback
2022-12-27T11:30:01.3037810Z   /Library/Frameworks/Python.framework/Versions/3.9/include/python3.9/cpython/pystate.h:79:15: note: 'curexc_traceback' declared here
2022-12-27T11:30:01.3039020Z       PyObject *curexc_traceback;
2022-12-27T11:30:01.3039320Z                 ^
2022-12-27T11:30:01.3039810Z   src/lxml/lxml.etree.c:127427:13: error: no member named 'exc_type' in 'struct _ts'
2022-12-27T11:30:01.3040150Z       tstate->exc_type = type;
2022-12-27T11:30:01.3040400Z       ~~~~~~  ^
2022-12-27T11:30:01.3040920Z   src/lxml/lxml.etree.c:127428:13: error: no member named 'exc_value' in 'struct _ts'; did you mean 'curexc_value'?
2022-12-27T11:30:01.3041300Z       tstate->exc_value = value;
2022-12-27T11:30:01.3041580Z               ^~~~~~~~~
2022-12-27T11:30:01.3041920Z               curexc_value
2022-12-27T11:30:01.3042500Z   /Library/Frameworks/Python.framework/Versions/3.9/include/python3.9/cpython/pystate.h:78:15: note: 'curexc_value' declared here
2022-12-27T11:30:01.3042920Z       PyObject *curexc_value;
2022-12-27T11:30:01.3043200Z                 ^
2022-12-27T11:30:01.3043670Z   src/lxml/lxml.etree.c:127429:13: error: no member named 'exc_traceback' in 'struct _ts'; did you mean 'curexc_traceback'?
2022-12-27T11:30:01.3044190Z       tstate->exc_traceback = tb;
2022-12-27T11:30:01.3044490Z               ^~~~~~~~~~~~~
2022-12-27T11:30:01.3044780Z               curexc_traceback
2022-12-27T11:30:01.3045300Z   /Library/Frameworks/Python.framework/Versions/3.9/include/python3.9/cpython/pystate.h:79:15: note: 'curexc_traceback' declared here
2022-12-27T11:30:01.3045730Z       PyObject *curexc_traceback;
2022-12-27T11:30:01.3046040Z                 ^
2022-12-27T11:30:01.3046430Z   src/lxml/lxml.etree.c:127506:24: error: no member named 'exc_type' in 'struct _ts'
2022-12-27T11:30:01.3047200Z       tmp_type = tstate->exc_type;
2022-12-27T11:30:01.3047470Z                  ~~~~~~  ^
2022-12-27T11:30:01.3047960Z   src/lxml/lxml.etree.c:127507:25: error: no member named 'exc_value' in 'struct _ts'; did you mean 'curexc_value'?
2022-12-27T11:30:01.3048350Z       tmp_value = tstate->exc_value;
2022-12-27T11:30:01.3048590Z                           ^~~~~~~~~
2022-12-27T11:30:01.3049260Z                           curexc_value
2022-12-27T11:30:01.3049690Z   /Library/Frameworks/Python.framework/Versions/3.9/include/python3.9/cpython/pystate.h:78:15: note: 'curexc_value' declared here
2022-12-27T11:30:01.3049960Z       PyObject *curexc_value;
2022-12-27T11:30:01.3050140Z                 ^
2022-12-27T11:30:01.3050440Z   src/lxml/lxml.etree.c:127508:22: error: no member named 'exc_traceback' in 'struct _ts'; did you mean 'curexc_traceback'?
2022-12-27T11:30:01.3051010Z       tmp_tb = tstate->exc_traceback;
2022-12-27T11:30:01.3051210Z                        ^~~~~~~~~~~~~
2022-12-27T11:30:01.3051410Z                        curexc_traceback
2022-12-27T11:30:01.3052240Z   /Library/Frameworks/Python.framework/Versions/3.9/include/python3.9/cpython/pystate.h:79:15: note: 'curexc_traceback' declared here
2022-12-27T11:30:01.3052500Z       PyObject *curexc_traceback;
2022-12-27T11:30:01.3052690Z                 ^
2022-12-27T11:30:01.3052970Z   src/lxml/lxml.etree.c:127509:13: error: no member named 'exc_type' in 'struct _ts'
2022-12-27T11:30:01.3053210Z       tstate->exc_type = *type;
2022-12-27T11:30:01.3053400Z       ~~~~~~  ^
2022-12-27T11:30:01.3053710Z   src/lxml/lxml.etree.c:127510:13: error: no member named 'exc_value' in 'struct _ts'; did you mean 'curexc_value'?
2022-12-27T11:30:01.3054010Z       tstate->exc_value = *value;
2022-12-27T11:30:01.3054160Z               ^~~~~~~~~
2022-12-27T11:30:01.3054530Z               curexc_value
2022-12-27T11:30:01.3055210Z   /Library/Frameworks/Python.framework/Versions/3.9/include/python3.9/cpython/pystate.h:78:15: note: 'curexc_value' declared here
2022-12-27T11:30:01.3055440Z       PyObject *curexc_value;
2022-12-27T11:30:01.3055630Z                 ^
2022-12-27T11:30:01.3055970Z   src/lxml/lxml.etree.c:127511:13: error: no member named 'exc_traceback' in 'struct _ts'; did you mean 'curexc_traceback'?
2022-12-27T11:30:01.3056240Z       tstate->exc_traceback = *tb;
2022-12-27T11:30:01.3056430Z               ^~~~~~~~~~~~~
2022-12-27T11:30:01.3056620Z               curexc_traceback
2022-12-27T11:30:01.3056940Z   /Library/Frameworks/Python.framework/Versions/3.9/include/python3.9/cpython/pystate.h:79:15: note: 'curexc_traceback' declared here
2022-12-27T11:30:01.3057170Z       PyObject *curexc_traceback;
2022-12-27T11:30:01.3057350Z                 ^
2022-12-27T11:30:01.3057540Z   15 errors generated.
2022-12-27T11:30:01.3058510Z   error: command '/usr/bin/gcc' failed with exit code 1
2022-12-27T11:30:01.3382450Z   error: subprocess-exited-with-error
2022-12-27T11:30:01.3382730Z   
2022-12-27T11:30:01.3383050Z   Ã— python setup.py bdist_wheel did not run successfully.
2022-12-27T11:30:01.3383510Z   â”‚ exit code: 1
2022-12-27T11:30:01.3383790Z   â•°â”€> See above for output.
2022-12-27T11:30:01.3384000Z   
2022-12-27T11:30:01.3384230Z   note: This error originates from a subprocess, and is likely not a problem with pip.
2022-12-27T11:30:01.3390580Z   full command: /private/var/folders/51/hd414ycd67n82196sw51xqtc0000gn/T/cibw-run-ll39iggg/cp39-macosx_arm64/build/venv/bin/python -u -c '
2022-12-27T11:30:01.3391010Z   exec(compile('"'"''"'"''"'"'
2022-12-27T11:30:01.3391350Z   # This is <pip-setuptools-caller> -- a caller that pip uses to run setup.py
2022-12-27T11:30:01.3391590Z   #
2022-12-27T11:30:01.3391920Z   # - It imports setuptools before invoking setup.py, to enable projects that directly
2022-12-27T11:30:01.3392250Z   #   import from `distutils.core` to work with newer packaging standards.
2022-12-27T11:30:01.3392590Z   # - It provides a clear error message when setuptools is not installed.
2022-12-27T11:30:01.3392930Z   # - It sets `sys.argv[0]` to the underlying `setup.py`, when invoking `setup.py` so
2022-12-27T11:30:01.3393810Z   #   setuptools doesn'"'"'t think the script is `-c`. This avoids the following warning:
2022-12-27T11:30:01.3394160Z   #     manifest_maker: standard file '"'"'-c'"'"' not found".
2022-12-27T11:30:01.3394480Z   # - It generates a shim setup.py, for handling setup.cfg-only projects.
2022-12-27T11:30:01.3394730Z   import os, sys, tokenize
2022-12-27T11:30:01.3394940Z   
2022-12-27T11:30:01.3395080Z   try:
2022-12-27T11:30:01.3395260Z       import setuptools
2022-12-27T11:30:01.3395480Z   except ImportError as error:
2022-12-27T11:30:01.3395650Z       print(
2022-12-27T11:30:01.3395910Z           "ERROR: Can not execute `setup.py` since setuptools is not available in "
2022-12-27T11:30:01.3396190Z           "the build environment.",
2022-12-27T11:30:01.3396390Z           file=sys.stderr,
2022-12-27T11:30:01.3396550Z       )
2022-12-27T11:30:01.3396740Z       sys.exit(1)
2022-12-27T11:30:01.3396920Z   
2022-12-27T11:30:01.3397070Z   __file__ = %r
2022-12-27T11:30:01.3397270Z   sys.argv[0] = __file__
2022-12-27T11:30:01.3397450Z   
2022-12-27T11:30:01.3397620Z   if os.path.exists(__file__):
2022-12-27T11:30:01.3397840Z       filename = __file__
2022-12-27T11:30:01.3398060Z       with tokenize.open(__file__) as f:
2022-12-27T11:30:01.3398260Z           setup_py_code = f.read()
2022-12-27T11:30:01.3398450Z   else:
2022-12-27T11:30:01.3398740Z       filename = "<auto-generated setuptools caller>"
2022-12-27T11:30:01.3399040Z       setup_py_code = "from setuptools import setup; setup()"
2022-12-27T11:30:01.3399230Z   
2022-12-27T11:30:01.3399450Z   exec(compile(setup_py_code, filename, "exec"))
2022-12-27T11:30:01.3400320Z   '"'"''"'"''"'"' % ('"'"'/Users/runner/actions-runner/_work/python.build/python.build/build_lxml22alpha139/lxml-2.2alpha1/setup.py'"'"',), "<pip-setuptools-caller>", "exec"))' bdist_wheel -d /private/var/folders/51/hd414ycd67n82196sw51xqtc0000gn/T/pip-wheel-9quua6mv
2022-12-27T11:30:01.3401040Z   cwd: /Users/runner/actions-runner/_work/python.build/python.build/build_lxml22alpha139/lxml-2.2alpha1/
2022-12-27T11:30:01.3401440Z   Building wheel for lxml (setup.py): finished with status 'error'
2022-12-27T11:30:01.3401720Z   ERROR: Failed building wheel for lxml
2022-12-27T11:30:01.3401970Z   Running command python setup.py clean
2022-12-27T11:30:01.3402190Z   Running setup.py clean for lxml
2022-12-27T11:30:01.5838330Z   Building lxml version 2.2.alpha1.
2022-12-27T11:30:01.5841370Z   Building with Cython 0.29.32.
2022-12-27T11:30:01.5969130Z   Using build configuration of libxslt 1.1.29
2022-12-27T11:30:01.6928440Z   Building against libxml2/libxslt in the following directory: /Library/Developer/CommandLineTools/SDKs/MacOSX12.1.sdk/usr/lib
2022-12-27T11:30:01.7030550Z   /private/var/folders/51/hd414ycd67n82196sw51xqtc0000gn/T/cibw-run-ll39iggg/cp39-macosx_arm64/build/venv/lib/python3.9/site-packages/setuptools/dist.py:529: UserWarning: Normalizing '2.2alpha1' to '2.2a1'
2022-12-27T11:30:01.7031800Z     warnings.warn(tmpl.format(**locals()))
2022-12-27T11:30:01.7066540Z   running clean
2022-12-27T11:30:01.7093470Z   removing 'build/temp.macosx-11.0-arm64-cpython-39' (and everything under it)
2022-12-27T11:30:01.7097860Z   removing 'build/lib.macosx-11.0-arm64-cpython-39' (and everything under it)
2022-12-27T11:30:01.7117710Z   'build/bdist.macosx-11.0-arm64' does not exist -- can't clean it
2022-12-27T11:30:01.7119220Z   'build/scripts-3.9' does not exist -- can't clean it
2022-12-27T11:30:01.7120610Z   removing 'build'
2022-12-27T11:30:01.7371730Z Failed to build lxml
2022-12-27T11:30:01.7376460Z ERROR: Failed to build one or more wheels
2022-12-27T11:30:01.7385790Z Exception information:
2022-12-27T11:30:01.7386040Z Traceback (most recent call last):
2022-12-27T11:30:01.7392430Z   File "/private/var/folders/51/hd414ycd67n82196sw51xqtc0000gn/T/cibw-run-ll39iggg/cp39-macosx_arm64/build/venv/lib/python3.9/site-packages/pip/_internal/cli/base_command.py", line 160, in exc_logging_wrapper
2022-12-27T11:30:01.7393090Z     status = run_func(*args)
2022-12-27T11:30:01.7393610Z   File "/private/var/folders/51/hd414ycd67n82196sw51xqtc0000gn/T/cibw-run-ll39iggg/cp39-macosx_arm64/build/venv/lib/python3.9/site-packages/pip/_internal/cli/req_command.py", line 247, in wrapper
2022-12-27T11:30:01.7393940Z     return func(self, options, args)
2022-12-27T11:30:01.7394390Z   File "/private/var/folders/51/hd414ycd67n82196sw51xqtc0000gn/T/cibw-run-ll39iggg/cp39-macosx_arm64/build/venv/lib/python3.9/site-packages/pip/_internal/commands/wheel.py", line 201, in run
2022-12-27T11:30:01.7394760Z     raise CommandError("Failed to build one or more wheels")
2022-12-27T11:30:01.7395030Z pip._internal.exceptions.CommandError: Failed to build one or more wheels
2022-12-27T11:30:01.7395420Z Removed build tracker: '/private/var/folders/51/hd414ycd67n82196sw51xqtc0000gn/T/pip-build-tracker-xtispk9q'
2022-12-27T11:30:01.7809980Z ##[endgroup]
2022-12-27T11:30:01.7833540Z ##[error]Command ['python', '-m', 'pip', 'wheel', '/Users/runner/actions-runner/_work/python.build/python.build/build_lxml22alpha139/lxml-2.2alpha1', '--wheel-dir=/private/var/folders/51/hd414ycd67n82196sw51xqtc0000gn/T/cibw-run-ll39iggg/cp39-macosx_arm64/built_wheel', '--no-deps', '-vvv'] failed with code 1. None
2022-12-27T11:30:01.7839720Z 
2022-12-27T11:30:01.7839970Z                                                               [31mâœ• [0m2.20s
2022-12-27T11:30:01.8240670Z ##[error]Process completed with exit code 1.
2022-12-27T11:30:01.8271670Z ##[group]Run rm -rf build_lxml22alpha139 wheelsout
2022-12-27T11:30:01.8271860Z [36;1mrm -rf build_lxml22alpha139 wheelsout[0m
2022-12-27T11:30:01.8286300Z shell: /bin/bash -e {0}
2022-12-27T11:30:01.8286410Z env:
2022-12-27T11:30:01.8286570Z   pythonLocation: /Users/runner/hostedtoolcache/Python/3.9.16/x64
2022-12-27T11:30:01.8286760Z   PKG_CONFIG_PATH: /Users/runner/hostedtoolcache/Python/3.9.16/x64/lib/pkgconfig
2022-12-27T11:30:01.8286950Z   Python_ROOT_DIR: /Users/runner/hostedtoolcache/Python/3.9.16/x64
2022-12-27T11:30:01.8287130Z   Python2_ROOT_DIR: /Users/runner/hostedtoolcache/Python/3.9.16/x64
2022-12-27T11:30:01.8287300Z   Python3_ROOT_DIR: /Users/runner/hostedtoolcache/Python/3.9.16/x64
2022-12-27T11:30:01.8287430Z ##[endgroup]
2022-12-27T11:30:01.8812430Z Cleaning up orphan processes
