2022-12-27T08:50:21.7487762Z Requested labels: self-hosted, macOS, X64
2022-12-27T08:50:21.7487855Z Job defined at: kilnbuild/python.build/.github/workflows/mac_arm_build.yml@refs/heads/main
2022-12-27T08:50:21.7487881Z Waiting for a runner to pick up this job...
2022-12-27T11:19:27.5803485Z Job is about to start running on the runner: k2 (organization)
2022-12-27T11:19:30.0078190Z Current runner version: '2.300.2'
2022-12-27T11:19:30.0083140Z Runner name: 'k2'
2022-12-27T11:19:30.0083380Z Runner group name: 'Default'
2022-12-27T11:19:30.0083830Z Machine name: 'k2'
2022-12-27T11:19:30.0085250Z ##[group]GITHUB_TOKEN Permissions
2022-12-27T11:19:30.0085660Z Actions: write
2022-12-27T11:19:30.0085790Z Checks: write
2022-12-27T11:19:30.0085920Z Contents: write
2022-12-27T11:19:30.0086040Z Deployments: write
2022-12-27T11:19:30.0086180Z Discussions: write
2022-12-27T11:19:30.0086310Z Issues: write
2022-12-27T11:19:30.0086420Z Metadata: read
2022-12-27T11:19:30.0086550Z Packages: write
2022-12-27T11:19:30.0086690Z Pages: write
2022-12-27T11:19:30.0086820Z PullRequests: write
2022-12-27T11:19:30.0086980Z RepositoryProjects: write
2022-12-27T11:19:30.0087130Z SecurityEvents: write
2022-12-27T11:19:30.0087260Z Statuses: write
2022-12-27T11:19:30.0087390Z ##[endgroup]
2022-12-27T11:19:30.0089740Z Secret source: Actions
2022-12-27T11:19:30.0090050Z Prepare workflow directory
2022-12-27T11:19:30.0727080Z Prepare all required actions
2022-12-27T11:19:30.0853370Z Getting action download info
2022-12-27T11:19:30.5535410Z Download action repository 'actions/setup-python@v4' (SHA:5ccb29d8773c3f3f653e1705f474dfaa8a06a912)
2022-12-27T11:19:32.2842730Z Download action repository 'actions/upload-artifact@v3' (SHA:83fd05a356d7e2593de66fc9913b3002723633cb)
2022-12-27T11:19:33.5979280Z ##[group]Run echo '{
2022-12-27T11:19:33.5979580Z [36;1mecho '{[0m
2022-12-27T11:19:33.5979710Z [36;1m  "package_name": "lxml",[0m
2022-12-27T11:19:33.5979990Z [36;1m  "package_url": "https://files.pythonhosted.org/packages/bb/64/536e4cea563fdd24ae21b160ff44c1b35010c2949b1a77a3c17fff1ae2d7/lxml-1.0.2.tar.gz",[0m
2022-12-27T11:19:33.5980210Z [36;1m  "package_version": "1.0.2",[0m
2022-12-27T11:19:33.5980340Z [36;1m  "python_version": "3.7",[0m
2022-12-27T11:19:33.5980520Z [36;1m  "use_ccache": "true"[0m
2022-12-27T11:19:33.5980640Z [36;1m}'[0m
2022-12-27T11:19:33.5996160Z shell: /bin/bash -e {0}
2022-12-27T11:19:33.5996420Z ##[endgroup]
2022-12-27T11:19:33.6214210Z {
2022-12-27T11:19:33.6215490Z   "package_name": "lxml",
2022-12-27T11:19:33.6216210Z   "package_url": "https://files.pythonhosted.org/packages/bb/64/536e4cea563fdd24ae21b160ff44c1b35010c2949b1a77a3c17fff1ae2d7/lxml-1.0.2.tar.gz",
2022-12-27T11:19:33.6216460Z   "package_version": "1.0.2",
2022-12-27T11:19:33.6216680Z   "python_version": "3.7",
2022-12-27T11:19:33.6216870Z   "use_ccache": "true"
2022-12-27T11:19:33.6217040Z }
2022-12-27T11:19:33.6425100Z ##[group]Run actions/setup-python@v4
2022-12-27T11:19:33.6425360Z with:
2022-12-27T11:19:33.6425540Z   python-version: 3.7
2022-12-27T11:19:33.6425710Z   check-latest: false
2022-12-27T11:19:33.6426060Z   token: ***
2022-12-27T11:19:33.6426240Z   update-environment: true
2022-12-27T11:19:33.6426390Z ##[endgroup]
2022-12-27T11:19:33.7686370Z ##[group]Installed versions
2022-12-27T11:19:33.7795410Z Successfully set up CPython (3.7.15)
2022-12-27T11:19:33.7796390Z ##[endgroup]
2022-12-27T11:19:33.7939710Z ##[group]Run if [ "true" == "true" ]
2022-12-27T11:19:33.7940060Z [36;1mif [ "true" == "true" ][0m
2022-12-27T11:19:33.7940250Z [36;1mthen[0m
2022-12-27T11:19:33.7940440Z [36;1m  echo "CCACHE_PATH_PREPEND=/usr/local/opt/ccache/libexec" >> $GITHUB_OUTPUT[0m
2022-12-27T11:19:33.7940730Z [36;1melse[0m
2022-12-27T11:19:33.7940920Z [36;1m  echo "CCACHE_PATH_PREPEND=" >> $GITHUB_OUTPUT[0m
2022-12-27T11:19:33.7941160Z [36;1mfi[0m
2022-12-27T11:19:33.7958020Z shell: /bin/bash -e {0}
2022-12-27T11:19:33.7958230Z env:
2022-12-27T11:19:33.7958450Z   pythonLocation: /Users/runner/hostedtoolcache/Python/3.7.15/x64
2022-12-27T11:19:33.7958690Z   PKG_CONFIG_PATH: /Users/runner/hostedtoolcache/Python/3.7.15/x64/lib/pkgconfig
2022-12-27T11:19:33.7958940Z   Python_ROOT_DIR: /Users/runner/hostedtoolcache/Python/3.7.15/x64
2022-12-27T11:19:33.7959260Z   Python2_ROOT_DIR: /Users/runner/hostedtoolcache/Python/3.7.15/x64
2022-12-27T11:19:33.7959520Z   Python3_ROOT_DIR: /Users/runner/hostedtoolcache/Python/3.7.15/x64
2022-12-27T11:19:33.7959990Z ##[endgroup]
2022-12-27T11:19:33.8070030Z ##[group]Run echo "BUILD_NAME=$(echo lxml_1.0.2_3.7 | tr -dc '[:alnum:]\n\r' | tr '[:upper:]' '[:lower:]')" >> $GITHUB_OUTPUT
2022-12-27T11:19:33.8070850Z [36;1mecho "BUILD_NAME=$(echo lxml_1.0.2_3.7 | tr -dc '[:alnum:]\n\r' | tr '[:upper:]' '[:lower:]')" >> $GITHUB_OUTPUT[0m
2022-12-27T11:19:33.8085400Z shell: /bin/bash -e {0}
2022-12-27T11:19:33.8085590Z env:
2022-12-27T11:19:33.8085810Z   pythonLocation: /Users/runner/hostedtoolcache/Python/3.7.15/x64
2022-12-27T11:19:33.8086050Z   PKG_CONFIG_PATH: /Users/runner/hostedtoolcache/Python/3.7.15/x64/lib/pkgconfig
2022-12-27T11:19:33.8086400Z   Python_ROOT_DIR: /Users/runner/hostedtoolcache/Python/3.7.15/x64
2022-12-27T11:19:33.8086650Z   Python2_ROOT_DIR: /Users/runner/hostedtoolcache/Python/3.7.15/x64
2022-12-27T11:19:33.8086890Z   Python3_ROOT_DIR: /Users/runner/hostedtoolcache/Python/3.7.15/x64
2022-12-27T11:19:33.8087050Z ##[endgroup]
2022-12-27T11:19:33.8246680Z ##[group]Run echo "PYTHON_NO_DOTS=$(echo 3.7 | tr -dc '[:alnum:]\n\r' | tr '[:upper:]' '[:lower:]')" >> $GITHUB_OUTPUT
2022-12-27T11:19:33.8247140Z [36;1mecho "PYTHON_NO_DOTS=$(echo 3.7 | tr -dc '[:alnum:]\n\r' | tr '[:upper:]' '[:lower:]')" >> $GITHUB_OUTPUT[0m
2022-12-27T11:19:33.8260960Z shell: /bin/bash -e {0}
2022-12-27T11:19:33.8261110Z env:
2022-12-27T11:19:33.8261320Z   pythonLocation: /Users/runner/hostedtoolcache/Python/3.7.15/x64
2022-12-27T11:19:33.8261590Z   PKG_CONFIG_PATH: /Users/runner/hostedtoolcache/Python/3.7.15/x64/lib/pkgconfig
2022-12-27T11:19:33.8261810Z   Python_ROOT_DIR: /Users/runner/hostedtoolcache/Python/3.7.15/x64
2022-12-27T11:19:33.8262090Z   Python2_ROOT_DIR: /Users/runner/hostedtoolcache/Python/3.7.15/x64
2022-12-27T11:19:33.8262330Z   Python3_ROOT_DIR: /Users/runner/hostedtoolcache/Python/3.7.15/x64
2022-12-27T11:19:33.8262540Z ##[endgroup]
2022-12-27T11:19:33.8379280Z ##[group]Run rm -rf build_lxml10237
2022-12-27T11:19:33.8379660Z [36;1mrm -rf build_lxml10237[0m
2022-12-27T11:19:33.8379840Z [36;1mmkdir build_lxml10237[0m
2022-12-27T11:19:33.8380020Z [36;1mcd build_lxml10237[0m
2022-12-27T11:19:33.8380360Z [36;1m/usr/local/bin/wget --quiet https://files.pythonhosted.org/packages/bb/64/536e4cea563fdd24ae21b160ff44c1b35010c2949b1a77a3c17fff1ae2d7/lxml-1.0.2.tar.gz[0m
2022-12-27T11:19:33.8380670Z [36;1mtar xf *.tar.gz[0m
2022-12-27T11:19:33.8380830Z [36;1mcd *[0m
2022-12-27T11:19:33.8380990Z [36;1mpython -m pip install cibuildwheel==2.11.3[0m
2022-12-27T11:19:33.8381190Z [36;1mpython -m cibuildwheel --output-dir ../wheelsout[0m
2022-12-27T11:19:33.8394550Z shell: /bin/bash -e {0}
2022-12-27T11:19:33.8394700Z env:
2022-12-27T11:19:33.8394910Z   pythonLocation: /Users/runner/hostedtoolcache/Python/3.7.15/x64
2022-12-27T11:19:33.8395160Z   PKG_CONFIG_PATH: /Users/runner/hostedtoolcache/Python/3.7.15/x64/lib/pkgconfig
2022-12-27T11:19:33.8395470Z   Python_ROOT_DIR: /Users/runner/hostedtoolcache/Python/3.7.15/x64
2022-12-27T11:19:33.8395700Z   Python2_ROOT_DIR: /Users/runner/hostedtoolcache/Python/3.7.15/x64
2022-12-27T11:19:33.8395940Z   Python3_ROOT_DIR: /Users/runner/hostedtoolcache/Python/3.7.15/x64
2022-12-27T11:19:33.8396140Z   CIBW_ARCHS_MACOS: arm64
2022-12-27T11:19:33.8396290Z   CIBW_TEST_SKIP: *_arm64
2022-12-27T11:19:33.8396510Z   CIBW_BUILD: cp37-macosx_arm64
2022-12-27T11:19:33.8396710Z   CIBW_BUILD_FRONTEND: pip
2022-12-27T11:19:33.8396850Z   CIBW_BUILD_VERBOSITY: 3
2022-12-27T11:19:33.8397170Z   CIBW_ENVIRONMENT_MACOS:  CFLAGS="-I/usr/local/opt/openssl@3/include" LDFLAGS="-L/usr/local/opt/openssl@3/lib" CPPFLAGS="-I/usr/local/opt/openssl@3/include" MAKEFLAGS="-j$(sysctl -n hw.logicalcpu)" PATH=/usr/local/opt/ccache/libexec:$PATH
2022-12-27T11:19:33.8397590Z   CIBW_BEFORE_BUILD: pip install Cython; if [[ -f requirements.txt ]]; then pip install -r requirements.txt; fi
2022-12-27T11:19:33.8397900Z   MAKEFLAGS: -j$(sysctl -n hw.logicalcpu)
2022-12-27T11:19:33.8398060Z ##[endgroup]
2022-12-27T11:19:34.1827380Z Requirement already satisfied: cibuildwheel==2.11.3 in /Users/runner/hostedtoolcache/Python/3.7.15/x64/lib/python3.7/site-packages (2.11.3)
2022-12-27T11:19:34.2124060Z Requirement already satisfied: bracex in /Users/runner/hostedtoolcache/Python/3.7.15/x64/lib/python3.7/site-packages (from cibuildwheel==2.11.3) (2.3.post1)
2022-12-27T11:19:34.2127200Z Requirement already satisfied: filelock in /Users/runner/hostedtoolcache/Python/3.7.15/x64/lib/python3.7/site-packages (from cibuildwheel==2.11.3) (3.8.2)
2022-12-27T11:19:34.2136300Z Requirement already satisfied: typing-extensions>=4.1.0 in /Users/runner/hostedtoolcache/Python/3.7.15/x64/lib/python3.7/site-packages (from cibuildwheel==2.11.3) (4.4.0)
2022-12-27T11:19:34.2140360Z Requirement already satisfied: platformdirs in /Users/runner/hostedtoolcache/Python/3.7.15/x64/lib/python3.7/site-packages (from cibuildwheel==2.11.3) (2.6.0)
2022-12-27T11:19:34.2145420Z Requirement already satisfied: bashlex!=0.13 in /Users/runner/hostedtoolcache/Python/3.7.15/x64/lib/python3.7/site-packages (from cibuildwheel==2.11.3) (0.16)
2022-12-27T11:19:34.2153030Z Requirement already satisfied: tomli in /Users/runner/hostedtoolcache/Python/3.7.15/x64/lib/python3.7/site-packages (from cibuildwheel==2.11.3) (2.0.1)
2022-12-27T11:19:34.2156420Z Requirement already satisfied: certifi in /Users/runner/hostedtoolcache/Python/3.7.15/x64/lib/python3.7/site-packages (from cibuildwheel==2.11.3) (2022.12.7)
2022-12-27T11:19:34.2161480Z Requirement already satisfied: packaging>=20.9 in /Users/runner/hostedtoolcache/Python/3.7.15/x64/lib/python3.7/site-packages (from cibuildwheel==2.11.3) (22.0)
2022-12-27T11:19:34.3850140Z 
2022-12-27T11:19:34.3850390Z      _ _       _ _   _       _           _
2022-12-27T11:19:34.3851020Z  ___|_| |_ _ _|_| |_| |_ _ _| |_ ___ ___| |
2022-12-27T11:19:34.3852150Z |  _| | . | | | | | . | | | |   | -_| -_| |
2022-12-27T11:19:34.3852460Z |___|_|___|___|_|_|___|_____|_|_|___|___|_|
2022-12-27T11:19:34.3853270Z 
2022-12-27T11:19:34.3853490Z cibuildwheel version 2.11.3
2022-12-27T11:19:34.3853720Z 
2022-12-27T11:19:34.3853860Z Build options:
2022-12-27T11:19:34.3854150Z   platform: macos
2022-12-27T11:19:34.3945410Z   architectures: arm64[0m
2022-12-27T11:19:34.3945750Z   build_selector: 
2022-12-27T11:19:34.3946180Z     build_config: cp37-macosx_arm64
2022-12-27T11:19:34.3946840Z     skip_config: 
2022-12-27T11:19:34.3947480Z     requires_python: None
2022-12-27T11:19:34.3947890Z     prerelease_pythons: False[0m
2022-12-27T11:19:34.3948300Z   [38;5;244mcontainer_engine: docker[0m
2022-12-27T11:19:34.3948830Z   output_dir: /Users/runner/actions-runner/_work/python.build/python.build/build_lxml10237/wheelsout[0m
2022-12-27T11:19:34.3949600Z   package_dir: /Users/runner/actions-runner/_work/python.build/python.build/build_lxml10237/lxml-1.0.2[0m
2022-12-27T11:19:34.3949990Z   test_selector: 
2022-12-27T11:19:34.3950760Z cibuildwheel: No build identifiers selected: BuildSelector(build_config='cp37-macosx_arm64', skip_config='', requires_python=None, prerelease_pythons=False)
2022-12-27T11:19:34.3951250Z     skip_config: *_arm64[0m
2022-12-27T11:19:34.3951610Z   [38;5;244mbefore_all: [0m
2022-12-27T11:19:34.3952250Z   before_build: pip install Cython; if [[ -f requirements.txt ]]; then pip install -r requirements.txt; fi[0m
2022-12-27T11:19:34.3952720Z   [38;5;244mbefore_test: [0m
2022-12-27T11:19:34.3953120Z   [38;5;244mbuild_frontend: pip[0m
2022-12-27T11:19:34.3953420Z   build_verbosity: 3[0m
2022-12-27T11:19:34.3953810Z   [38;5;244mconfig_settings: [0m
2022-12-27T11:19:34.3954100Z   [38;5;244mdependency_constraints: pinned[0m
2022-12-27T11:19:34.3954330Z   environment: 
2022-12-27T11:19:34.3954620Z     CFLAGS="-I/usr/local/opt/openssl@3/include"
2022-12-27T11:19:34.3954890Z     LDFLAGS="-L/usr/local/opt/openssl@3/lib"
2022-12-27T11:19:34.3955290Z     CPPFLAGS="-I/usr/local/opt/openssl@3/include"
2022-12-27T11:19:34.3955620Z     MAKEFLAGS="-j$(sysctl -n hw.logicalcpu)"
2022-12-27T11:19:34.3955910Z     PATH=/usr/local/opt/ccache/libexec:$PATH[0m
2022-12-27T11:19:34.3956210Z   [38;5;244mmanylinux_images: None[0m
2022-12-27T11:19:34.3956800Z   [38;5;244mmusllinux_images: None[0m
2022-12-27T11:19:34.3957260Z   [38;5;244mrepair_command: delocate-wheel --require-archs {delocate_archs} -w {dest_dir} -v {wheel}[0m
2022-12-27T11:19:34.3957650Z   [38;5;244mtest_command: [0m
2022-12-27T11:19:34.3957920Z   [38;5;244mtest_extras: [0m
2022-12-27T11:19:34.3958180Z   [38;5;244mtest_requires: [0m
2022-12-27T11:19:34.3958280Z 
2022-12-27T11:19:34.3958410Z Cache folder: /Users/runner/Library/Caches/cibuildwheel
2022-12-27T11:19:34.3958650Z 
2022-12-27T11:19:34.3958730Z Here we go!
2022-12-27T11:19:34.3958850Z 
2022-12-27T11:19:34.4100020Z ##[error]Process completed with exit code 3.
2022-12-27T11:19:34.4136000Z ##[group]Run rm -rf build_lxml10237 wheelsout
2022-12-27T11:19:34.4136220Z [36;1mrm -rf build_lxml10237 wheelsout[0m
2022-12-27T11:19:34.4150920Z shell: /bin/bash -e {0}
2022-12-27T11:19:34.4151100Z env:
2022-12-27T11:19:34.4151280Z   pythonLocation: /Users/runner/hostedtoolcache/Python/3.7.15/x64
2022-12-27T11:19:34.4151540Z   PKG_CONFIG_PATH: /Users/runner/hostedtoolcache/Python/3.7.15/x64/lib/pkgconfig
2022-12-27T11:19:34.4151850Z   Python_ROOT_DIR: /Users/runner/hostedtoolcache/Python/3.7.15/x64
2022-12-27T11:19:34.4152100Z   Python2_ROOT_DIR: /Users/runner/hostedtoolcache/Python/3.7.15/x64
2022-12-27T11:19:34.4152300Z   Python3_ROOT_DIR: /Users/runner/hostedtoolcache/Python/3.7.15/x64
2022-12-27T11:19:34.4152480Z ##[endgroup]
2022-12-27T11:19:34.4407630Z Cleaning up orphan processes
