2022-12-27T08:58:31.9969362Z Requested labels: self-hosted, macOS, X64
2022-12-27T08:58:31.9969520Z Job defined at: kilnbuild/python.build/.github/workflows/mac_arm_build.yml@refs/heads/main
2022-12-27T08:58:31.9969558Z Waiting for a runner to pick up this job...
2022-12-27T11:44:33.6238200Z Job is about to start running on the runner: s1 (organization)
2022-12-27T11:44:37.2231370Z Current runner version: '2.300.2'
2022-12-27T11:44:37.2236290Z Runner name: 's1'
2022-12-27T11:44:37.2236540Z Runner group name: 'Default'
2022-12-27T11:44:37.2236980Z Machine name: 's1'
2022-12-27T11:44:37.2238490Z ##[group]GITHUB_TOKEN Permissions
2022-12-27T11:44:37.2238920Z Actions: write
2022-12-27T11:44:37.2239060Z Checks: write
2022-12-27T11:44:37.2239200Z Contents: write
2022-12-27T11:44:37.2239330Z Deployments: write
2022-12-27T11:44:37.2239480Z Discussions: write
2022-12-27T11:44:37.2239610Z Issues: write
2022-12-27T11:44:37.2239740Z Metadata: read
2022-12-27T11:44:37.2239870Z Packages: write
2022-12-27T11:44:37.2240000Z Pages: write
2022-12-27T11:44:37.2240140Z PullRequests: write
2022-12-27T11:44:37.2240360Z RepositoryProjects: write
2022-12-27T11:44:37.2240530Z SecurityEvents: write
2022-12-27T11:44:37.2240670Z Statuses: write
2022-12-27T11:44:37.2240810Z ##[endgroup]
2022-12-27T11:44:37.2243290Z Secret source: Actions
2022-12-27T11:44:37.2243610Z Prepare workflow directory
2022-12-27T11:44:37.2918690Z Prepare all required actions
2022-12-27T11:44:37.3043230Z Getting action download info
2022-12-27T11:44:37.7763410Z Download action repository 'actions/setup-python@v4' (SHA:5ccb29d8773c3f3f653e1705f474dfaa8a06a912)
2022-12-27T11:44:39.6249580Z Download action repository 'actions/upload-artifact@v3' (SHA:83fd05a356d7e2593de66fc9913b3002723633cb)
2022-12-27T11:44:40.9484040Z ##[group]Run echo '{
2022-12-27T11:44:40.9484410Z [36;1mecho '{[0m
2022-12-27T11:44:40.9484620Z [36;1m  "package_name": "lxml",[0m
2022-12-27T11:44:40.9484870Z [36;1m  "package_url": "https://files.pythonhosted.org/packages/65/6f/d070609b415f4a24bf36b7deb94bfd791e8d023c0dbf4233659af53fe0ab/lxml-4.3.2.tar.gz",[0m
2022-12-27T11:44:40.9485120Z [36;1m  "package_version": "4.3.2",[0m
2022-12-27T11:44:40.9485280Z [36;1m  "python_version": "3.10",[0m
2022-12-27T11:44:40.9485420Z [36;1m  "use_ccache": "true"[0m
2022-12-27T11:44:40.9485530Z [36;1m}'[0m
2022-12-27T11:44:40.9501260Z shell: /bin/bash -e {0}
2022-12-27T11:44:40.9501420Z ##[endgroup]
2022-12-27T11:44:40.9722690Z {
2022-12-27T11:44:40.9724100Z   "package_name": "lxml",
2022-12-27T11:44:40.9724700Z   "package_url": "https://files.pythonhosted.org/packages/65/6f/d070609b415f4a24bf36b7deb94bfd791e8d023c0dbf4233659af53fe0ab/lxml-4.3.2.tar.gz",
2022-12-27T11:44:40.9725000Z   "package_version": "4.3.2",
2022-12-27T11:44:40.9725230Z   "python_version": "3.10",
2022-12-27T11:44:40.9725420Z   "use_ccache": "true"
2022-12-27T11:44:40.9725580Z }
2022-12-27T11:44:40.9941580Z ##[group]Run actions/setup-python@v4
2022-12-27T11:44:40.9941860Z with:
2022-12-27T11:44:40.9942040Z   python-version: 3.10
2022-12-27T11:44:40.9942250Z   check-latest: false
2022-12-27T11:44:40.9942550Z   token: ***
2022-12-27T11:44:40.9942730Z   update-environment: true
2022-12-27T11:44:40.9942920Z ##[endgroup]
2022-12-27T11:44:41.1197830Z ##[group]Installed versions
2022-12-27T11:44:41.1240150Z Successfully set up CPython (3.10.9)
2022-12-27T11:44:41.1240830Z ##[endgroup]
2022-12-27T11:44:41.1390250Z ##[group]Run if [ "true" == "true" ]
2022-12-27T11:44:41.1390620Z [36;1mif [ "true" == "true" ][0m
2022-12-27T11:44:41.1390810Z [36;1mthen[0m
2022-12-27T11:44:41.1391000Z [36;1m  echo "CCACHE_PATH_PREPEND=/usr/local/opt/ccache/libexec" >> $GITHUB_OUTPUT[0m
2022-12-27T11:44:41.1391210Z [36;1melse[0m
2022-12-27T11:44:41.1391400Z [36;1m  echo "CCACHE_PATH_PREPEND=" >> $GITHUB_OUTPUT[0m
2022-12-27T11:44:41.1391600Z [36;1mfi[0m
2022-12-27T11:44:41.1408590Z shell: /bin/bash -e {0}
2022-12-27T11:44:41.1408810Z env:
2022-12-27T11:44:41.1409260Z   pythonLocation: /Users/runner/hostedtoolcache/Python/3.10.9/x64
2022-12-27T11:44:41.1409510Z   PKG_CONFIG_PATH: /Users/runner/hostedtoolcache/Python/3.10.9/x64/lib/pkgconfig
2022-12-27T11:44:41.1409770Z   Python_ROOT_DIR: /Users/runner/hostedtoolcache/Python/3.10.9/x64
2022-12-27T11:44:41.1410010Z   Python2_ROOT_DIR: /Users/runner/hostedtoolcache/Python/3.10.9/x64
2022-12-27T11:44:41.1410270Z   Python3_ROOT_DIR: /Users/runner/hostedtoolcache/Python/3.10.9/x64
2022-12-27T11:44:41.1411000Z ##[endgroup]
2022-12-27T11:44:41.1518380Z ##[group]Run echo "BUILD_NAME=$(echo lxml_4.3.2_3.10 | tr -dc '[:alnum:]\n\r' | tr '[:upper:]' '[:lower:]')" >> $GITHUB_OUTPUT
2022-12-27T11:44:41.1518830Z [36;1mecho "BUILD_NAME=$(echo lxml_4.3.2_3.10 | tr -dc '[:alnum:]\n\r' | tr '[:upper:]' '[:lower:]')" >> $GITHUB_OUTPUT[0m
2022-12-27T11:44:41.1532880Z shell: /bin/bash -e {0}
2022-12-27T11:44:41.1533130Z env:
2022-12-27T11:44:41.1533350Z   pythonLocation: /Users/runner/hostedtoolcache/Python/3.10.9/x64
2022-12-27T11:44:41.1533620Z   PKG_CONFIG_PATH: /Users/runner/hostedtoolcache/Python/3.10.9/x64/lib/pkgconfig
2022-12-27T11:44:41.1533850Z   Python_ROOT_DIR: /Users/runner/hostedtoolcache/Python/3.10.9/x64
2022-12-27T11:44:41.1534090Z   Python2_ROOT_DIR: /Users/runner/hostedtoolcache/Python/3.10.9/x64
2022-12-27T11:44:41.1534390Z   Python3_ROOT_DIR: /Users/runner/hostedtoolcache/Python/3.10.9/x64
2022-12-27T11:44:41.1534560Z ##[endgroup]
2022-12-27T11:44:41.1680890Z ##[group]Run echo "PYTHON_NO_DOTS=$(echo 3.10 | tr -dc '[:alnum:]\n\r' | tr '[:upper:]' '[:lower:]')" >> $GITHUB_OUTPUT
2022-12-27T11:44:41.1681300Z [36;1mecho "PYTHON_NO_DOTS=$(echo 3.10 | tr -dc '[:alnum:]\n\r' | tr '[:upper:]' '[:lower:]')" >> $GITHUB_OUTPUT[0m
2022-12-27T11:44:41.1695180Z shell: /bin/bash -e {0}
2022-12-27T11:44:41.1695340Z env:
2022-12-27T11:44:41.1695520Z   pythonLocation: /Users/runner/hostedtoolcache/Python/3.10.9/x64
2022-12-27T11:44:41.1696210Z   PKG_CONFIG_PATH: /Users/runner/hostedtoolcache/Python/3.10.9/x64/lib/pkgconfig
2022-12-27T11:44:41.1696440Z   Python_ROOT_DIR: /Users/runner/hostedtoolcache/Python/3.10.9/x64
2022-12-27T11:44:41.1696680Z   Python2_ROOT_DIR: /Users/runner/hostedtoolcache/Python/3.10.9/x64
2022-12-27T11:44:41.1696900Z   Python3_ROOT_DIR: /Users/runner/hostedtoolcache/Python/3.10.9/x64
2022-12-27T11:44:41.1697110Z ##[endgroup]
2022-12-27T11:44:41.1808560Z ##[group]Run rm -rf build_lxml432310
2022-12-27T11:44:41.1808910Z [36;1mrm -rf build_lxml432310[0m
2022-12-27T11:44:41.1809090Z [36;1mmkdir build_lxml432310[0m
2022-12-27T11:44:41.1809340Z [36;1mcd build_lxml432310[0m
2022-12-27T11:44:41.1809660Z [36;1m/usr/local/bin/wget --quiet https://files.pythonhosted.org/packages/65/6f/d070609b415f4a24bf36b7deb94bfd791e8d023c0dbf4233659af53fe0ab/lxml-4.3.2.tar.gz[0m
2022-12-27T11:44:41.1809940Z [36;1mtar xf *.tar.gz[0m
2022-12-27T11:44:41.1810080Z [36;1mcd *[0m
2022-12-27T11:44:41.1810300Z [36;1mpython -m pip install cibuildwheel==2.11.3[0m
2022-12-27T11:44:41.1810530Z [36;1mpython -m cibuildwheel --output-dir ../wheelsout[0m
2022-12-27T11:44:41.1824970Z shell: /bin/bash -e {0}
2022-12-27T11:44:41.1825180Z env:
2022-12-27T11:44:41.1825460Z   pythonLocation: /Users/runner/hostedtoolcache/Python/3.10.9/x64
2022-12-27T11:44:41.1825720Z   PKG_CONFIG_PATH: /Users/runner/hostedtoolcache/Python/3.10.9/x64/lib/pkgconfig
2022-12-27T11:44:41.1826010Z   Python_ROOT_DIR: /Users/runner/hostedtoolcache/Python/3.10.9/x64
2022-12-27T11:44:41.1826220Z   Python2_ROOT_DIR: /Users/runner/hostedtoolcache/Python/3.10.9/x64
2022-12-27T11:44:41.1826490Z   Python3_ROOT_DIR: /Users/runner/hostedtoolcache/Python/3.10.9/x64
2022-12-27T11:44:41.1826690Z   CIBW_ARCHS_MACOS: arm64
2022-12-27T11:44:41.1826840Z   CIBW_TEST_SKIP: *_arm64
2022-12-27T11:44:41.1827020Z   CIBW_BUILD: cp310-macosx_arm64
2022-12-27T11:44:41.1827200Z   CIBW_BUILD_FRONTEND: pip
2022-12-27T11:44:41.1827400Z   CIBW_BUILD_VERBOSITY: 3
2022-12-27T11:44:41.1827690Z   CIBW_ENVIRONMENT_MACOS:  CFLAGS="-I/usr/local/opt/openssl@3/include" LDFLAGS="-L/usr/local/opt/openssl@3/lib" CPPFLAGS="-I/usr/local/opt/openssl@3/include" MAKEFLAGS="-j$(sysctl -n hw.logicalcpu)" PATH=/usr/local/opt/ccache/libexec:$PATH
2022-12-27T11:44:41.1828060Z   CIBW_BEFORE_BUILD: pip install Cython; if [[ -f requirements.txt ]]; then pip install -r requirements.txt; fi
2022-12-27T11:44:41.1828310Z   MAKEFLAGS: -j$(sysctl -n hw.logicalcpu)
2022-12-27T11:44:41.1828520Z ##[endgroup]
2022-12-27T11:44:41.7084800Z Requirement already satisfied: cibuildwheel==2.11.3 in /Users/runner/hostedtoolcache/Python/3.10.9/x64/lib/python3.10/site-packages (2.11.3)
2022-12-27T11:44:41.7344870Z Requirement already satisfied: tomli in /Users/runner/hostedtoolcache/Python/3.10.9/x64/lib/python3.10/site-packages (from cibuildwheel==2.11.3) (2.0.1)
2022-12-27T11:44:41.7348270Z Requirement already satisfied: filelock in /Users/runner/hostedtoolcache/Python/3.10.9/x64/lib/python3.10/site-packages (from cibuildwheel==2.11.3) (3.8.2)
2022-12-27T11:44:41.7358050Z Requirement already satisfied: typing-extensions>=4.1.0 in /Users/runner/hostedtoolcache/Python/3.10.9/x64/lib/python3.10/site-packages (from cibuildwheel==2.11.3) (4.4.0)
2022-12-27T11:44:41.7363190Z Requirement already satisfied: bashlex!=0.13 in /Users/runner/hostedtoolcache/Python/3.10.9/x64/lib/python3.10/site-packages (from cibuildwheel==2.11.3) (0.16)
2022-12-27T11:44:41.7366930Z Requirement already satisfied: bracex in /Users/runner/hostedtoolcache/Python/3.10.9/x64/lib/python3.10/site-packages (from cibuildwheel==2.11.3) (2.3.post1)
2022-12-27T11:44:41.7371890Z Requirement already satisfied: packaging>=20.9 in /Users/runner/hostedtoolcache/Python/3.10.9/x64/lib/python3.10/site-packages (from cibuildwheel==2.11.3) (22.0)
2022-12-27T11:44:41.7375330Z Requirement already satisfied: platformdirs in /Users/runner/hostedtoolcache/Python/3.10.9/x64/lib/python3.10/site-packages (from cibuildwheel==2.11.3) (2.6.0)
2022-12-27T11:44:41.7378730Z Requirement already satisfied: certifi in /Users/runner/hostedtoolcache/Python/3.10.9/x64/lib/python3.10/site-packages (from cibuildwheel==2.11.3) (2022.12.7)
2022-12-27T11:44:41.9244630Z 
2022-12-27T11:44:41.9245130Z      _ _       _ _   _       _           _
2022-12-27T11:44:41.9245630Z  ___|_| |_ _ _|_| |_| |_ _ _| |_ ___ ___| |
2022-12-27T11:44:41.9246480Z |  _| | . | | | | | . | | | |   | -_| -_| |
2022-12-27T11:44:41.9247380Z |___|_|___|___|_|_|___|_____|_|_|___|___|_|
2022-12-27T11:44:41.9247640Z 
2022-12-27T11:44:41.9247750Z cibuildwheel version 2.11.3
2022-12-27T11:44:41.9247890Z 
2022-12-27T11:44:41.9248010Z Build options:
2022-12-27T11:44:41.9248250Z   platform: macos
2022-12-27T11:44:41.9362160Z   architectures: arm64[0m
2022-12-27T11:44:41.9362950Z   build_selector: 
2022-12-27T11:44:41.9363490Z     build_config: cp310-macosx_arm64
2022-12-27T11:44:41.9363800Z     skip_config: 
2022-12-27T11:44:41.9364150Z     requires_python: None
2022-12-27T11:44:41.9364840Z     prerelease_pythons: False[0m
2022-12-27T11:44:41.9365300Z   [38;5;244mcontainer_engine: docker[0m
2022-12-27T11:44:41.9366010Z   output_dir: /Users/runner/actions-runner/_work/python.build/python.build/build_lxml432310/wheelsout[0m
2022-12-27T11:44:41.9367010Z   package_dir: /Users/runner/actions-runner/_work/python.build/python.build/build_lxml432310/lxml-4.3.2[0m
2022-12-27T11:44:41.9367470Z   test_selector: 
2022-12-27T11:44:41.9367870Z     skip_config: *_arm64[0m
2022-12-27T11:44:41.9368320Z   [38;5;244mbefore_all: [0m
2022-12-27T11:44:41.9369130Z   before_build: pip install Cython; if [[ -f requirements.txt ]]; then pip install -r requirements.txt; fi[0m
2022-12-27T11:44:41.9369650Z   [38;5;244mbefore_test: [0m
2022-12-27T11:44:41.9370110Z   [38;5;244mbuild_frontend: pip[0m
2022-12-27T11:44:41.9370550Z   build_verbosity: 3[0m
2022-12-27T11:44:41.9370930Z   [38;5;244mconfig_settings: [0m
2022-12-27T11:44:41.9371610Z   [38;5;244mdependency_constraints: pinned[0m
2022-12-27T11:44:41.9371970Z   environment: 
2022-12-27T11:44:41.9372380Z     CFLAGS="-I/usr/local/opt/openssl@3/include"
2022-12-27T11:44:41.9372750Z     LDFLAGS="-L/usr/local/opt/openssl@3/lib"
2022-12-27T11:44:41.9373170Z     CPPFLAGS="-I/usr/local/opt/openssl@3/include"
2022-12-27T11:44:41.9373760Z     MAKEFLAGS="-j$(sysctl -n hw.logicalcpu)"
2022-12-27T11:44:41.9374140Z     PATH=/usr/local/opt/ccache/libexec:$PATH[0m
2022-12-27T11:44:41.9374530Z   [38;5;244mmanylinux_images: None[0m
2022-12-27T11:44:41.9374890Z   [38;5;244mmusllinux_images: None[0m
2022-12-27T11:44:41.9375400Z   [38;5;244mrepair_command: delocate-wheel --require-archs {delocate_archs} -w {dest_dir} -v {wheel}[0m
2022-12-27T11:44:41.9376390Z   [38;5;244mtest_command: [0m
2022-12-27T11:44:41.9376650Z   [38;5;244mtest_extras: [0m
2022-12-27T11:44:41.9376850Z   [38;5;244mtest_requires: [0m
2022-12-27T11:44:41.9376960Z 
2022-12-27T11:44:41.9377080Z Cache folder: /Users/runner/Library/Caches/cibuildwheel
2022-12-27T11:44:41.9385970Z 
2022-12-27T11:44:41.9386270Z Here we go!
2022-12-27T11:44:41.9386410Z 
2022-12-27T11:44:41.9444290Z 
2022-12-27T11:44:41.9444710Z [1m[34mBuilding cp310-macosx_arm64 wheel[0m
2022-12-27T11:44:41.9445080Z CPython 3.10 macOS arm64 - Apple Silicon
2022-12-27T11:44:41.9445190Z 
2022-12-27T11:44:41.9447730Z ##[group]Installing Python cp310...
2022-12-27T11:44:41.9447910Z 
2022-12-27T11:44:41.9448190Z + pkgutil --pkgs
2022-12-27T11:44:41.9547510Z ##[endgroup]
2022-12-27T11:44:41.9548450Z                                                               [32m✓ [0m0.01s
2022-12-27T11:44:41.9548980Z ##[group]Setting up build environment...
2022-12-27T11:44:41.9549200Z 
2022-12-27T11:44:41.9568920Z + /Users/runner/hostedtoolcache/Python/3.10.9/x64/bin/python -sS /Users/runner/Library/Caches/cibuildwheel/virtualenv-20.17.0.pyz --activators= --no-periodic-update --pip=22.3.1 --setuptools=65.6.3 --wheel=0.38.4 --symlink-app-data --python /Library/Frameworks/Python.framework/Versions/3.10/bin/python3 /private/var/folders/51/hd414ycd67n82196sw51xqtc0000gn/T/cibw-run-lk3dlrt7/cp310-macosx_arm64/build/venv
2022-12-27T11:44:42.1466940Z created virtual environment CPython3.10.8.final.0-64 in 48ms
2022-12-27T11:44:42.1467500Z   creator CPython3Posix(dest=/private/var/folders/51/hd414ycd67n82196sw51xqtc0000gn/T/cibw-run-lk3dlrt7/cp310-macosx_arm64/build/venv, clear=False, no_vcs_ignore=False, global=False)
2022-12-27T11:44:42.1468220Z   seeder FromAppData(download=False, pip=22.3.1, setuptools=65.6.3, wheel=0.38.4, via=symlink, app_data_dir=/Users/runner/Library/Application Support/virtualenv)
2022-12-27T11:44:42.1468670Z     added seed packages: pip==22.3.1, setuptools==65.6.3, wheel==0.38.4
2022-12-27T11:44:42.1584730Z + python -m pip install --upgrade pip -c /Users/runner/hostedtoolcache/Python/3.10.9/x64/lib/python3.10/site-packages/cibuildwheel/resources/constraints-python310.txt
2022-12-27T11:44:42.4386550Z Requirement already satisfied: pip in ./lib/python3.10/site-packages (22.3.1)
2022-12-27T11:44:42.5648800Z + which pip
2022-12-27T11:44:42.5665470Z /private/var/folders/51/hd414ycd67n82196sw51xqtc0000gn/T/cibw-run-lk3dlrt7/cp310-macosx_arm64/build/venv/bin/pip
2022-12-27T11:44:42.5667720Z + pip --version
2022-12-27T11:44:42.7735770Z pip 22.3.1 from /private/var/folders/51/hd414ycd67n82196sw51xqtc0000gn/T/cibw-run-lk3dlrt7/cp310-macosx_arm64/build/venv/lib/python3.10/site-packages/pip (python 3.10)
2022-12-27T11:44:42.7961060Z + which pip
2022-12-27T11:44:42.7987060Z + which python
2022-12-27T11:44:42.8004920Z /private/var/folders/51/hd414ycd67n82196sw51xqtc0000gn/T/cibw-run-lk3dlrt7/cp310-macosx_arm64/build/venv/bin/python
2022-12-27T11:44:42.8006760Z + python --version
2022-12-27T11:44:42.8054130Z Python 3.10.8
2022-12-27T11:44:42.8056840Z + which python
2022-12-27T11:44:42.8108760Z ##[endgroup]
2022-12-27T11:44:42.8109370Z                                                               [32m✓ [0m0.86s
2022-12-27T11:44:42.8109850Z ##[group]Installing build tools...
2022-12-27T11:44:42.8110000Z 
2022-12-27T11:44:42.8110400Z + pip install --upgrade setuptools wheel delocate -c /Users/runner/hostedtoolcache/Python/3.10.9/x64/lib/python3.10/site-packages/cibuildwheel/resources/constraints-python310.txt
2022-12-27T11:44:43.0871650Z Requirement already satisfied: setuptools in /private/var/folders/51/hd414ycd67n82196sw51xqtc0000gn/T/cibw-run-lk3dlrt7/cp310-macosx_arm64/build/venv/lib/python3.10/site-packages (65.6.3)
2022-12-27T11:44:43.2846080Z Requirement already satisfied: wheel in /private/var/folders/51/hd414ycd67n82196sw51xqtc0000gn/T/cibw-run-lk3dlrt7/cp310-macosx_arm64/build/venv/lib/python3.10/site-packages (0.38.4)
2022-12-27T11:44:43.3255070Z Collecting delocate
2022-12-27T11:44:43.3278190Z   Using cached delocate-0.10.3-py3-none-any.whl (142 kB)
2022-12-27T11:44:43.3555130Z Collecting packaging>=20.9
2022-12-27T11:44:43.3574020Z   Using cached packaging-21.3-py3-none-any.whl (40 kB)
2022-12-27T11:44:43.3726580Z Collecting typing-extensions
2022-12-27T11:44:43.3744220Z   Using cached typing_extensions-4.4.0-py3-none-any.whl (26 kB)
2022-12-27T11:44:43.4066220Z Collecting pyparsing!=3.0.5,>=2.0.2
2022-12-27T11:44:43.4082860Z   Using cached pyparsing-3.0.9-py3-none-any.whl (98 kB)
2022-12-27T11:44:43.4412320Z Installing collected packages: typing-extensions, pyparsing, packaging, delocate
2022-12-27T11:44:43.5708560Z Successfully installed delocate-0.10.3 packaging-21.3 pyparsing-3.0.9 typing-extensions-4.4.0
2022-12-27T11:44:43.6132830Z ##[endgroup]
2022-12-27T11:44:43.6133440Z                                                               [32m✓ [0m0.80s
2022-12-27T11:44:43.6133880Z ##[group]Running before_build...
2022-12-27T11:44:43.6134090Z 
2022-12-27T11:44:43.6139770Z + pip install Cython; if [[ -f requirements.txt ]]; then pip install -r requirements.txt; fi
2022-12-27T11:44:44.2152960Z Collecting Cython
2022-12-27T11:44:44.2195580Z   Using cached Cython-0.29.32-py2.py3-none-any.whl (986 kB)
2022-12-27T11:44:44.2585120Z Installing collected packages: Cython
2022-12-27T11:44:44.6707390Z Successfully installed Cython-0.29.32
2022-12-27T11:44:44.9863930Z Requirement already satisfied: Cython>=0.29.1 in /private/var/folders/51/hd414ycd67n82196sw51xqtc0000gn/T/cibw-run-lk3dlrt7/cp310-macosx_arm64/build/venv/lib/python3.10/site-packages (from -r requirements.txt (line 1)) (0.29.32)
2022-12-27T11:44:45.0447990Z ##[endgroup]
2022-12-27T11:44:45.0448680Z                                                               [32m✓ [0m1.43s
2022-12-27T11:44:45.0449380Z ##[group]Building wheel...
2022-12-27T11:44:45.0449530Z 
2022-12-27T11:44:45.0454930Z + python -m pip wheel /Users/runner/actions-runner/_work/python.build/python.build/build_lxml432310/lxml-4.3.2 --wheel-dir=/private/var/folders/51/hd414ycd67n82196sw51xqtc0000gn/T/cibw-run-lk3dlrt7/cp310-macosx_arm64/built_wheel --no-deps -vvv
2022-12-27T11:44:45.3017770Z Created temporary directory: /private/var/folders/51/hd414ycd67n82196sw51xqtc0000gn/T/pip-ephem-wheel-cache-58f9_ehq
2022-12-27T11:44:45.3022520Z Created temporary directory: /private/var/folders/51/hd414ycd67n82196sw51xqtc0000gn/T/pip-build-tracker-po6o6e5c
2022-12-27T11:44:45.3024390Z Initialized build tracking at /private/var/folders/51/hd414ycd67n82196sw51xqtc0000gn/T/pip-build-tracker-po6o6e5c
2022-12-27T11:44:45.3025550Z Created build tracker: /private/var/folders/51/hd414ycd67n82196sw51xqtc0000gn/T/pip-build-tracker-po6o6e5c
2022-12-27T11:44:45.3027220Z Entered build tracker: /private/var/folders/51/hd414ycd67n82196sw51xqtc0000gn/T/pip-build-tracker-po6o6e5c
2022-12-27T11:44:45.3030450Z Created temporary directory: /private/var/folders/51/hd414ycd67n82196sw51xqtc0000gn/T/pip-wheel-kettr9ws
2022-12-27T11:44:45.3036590Z Created temporary directory: /private/var/folders/51/hd414ycd67n82196sw51xqtc0000gn/T/pip-ephem-wheel-cache-03chd0i1
2022-12-27T11:44:45.3179170Z Processing /Users/runner/actions-runner/_work/python.build/python.build/build_lxml432310/lxml-4.3.2
2022-12-27T11:44:45.3184550Z   Added file:///Users/runner/actions-runner/_work/python.build/python.build/build_lxml432310/lxml-4.3.2 to build tracker '/private/var/folders/51/hd414ycd67n82196sw51xqtc0000gn/T/pip-build-tracker-po6o6e5c'
2022-12-27T11:44:45.3187960Z   Running setup.py (path:/Users/runner/actions-runner/_work/python.build/python.build/build_lxml432310/lxml-4.3.2/setup.py) egg_info for package from file:///Users/runner/actions-runner/_work/python.build/python.build/build_lxml432310/lxml-4.3.2
2022-12-27T11:44:45.3191150Z   Created temporary directory: /private/var/folders/51/hd414ycd67n82196sw51xqtc0000gn/T/pip-pip-egg-info-yovzxi7k
2022-12-27T11:44:45.3192760Z   Preparing metadata (setup.py): started
2022-12-27T11:44:45.3194670Z   Running command python setup.py egg_info
2022-12-27T11:44:45.6063240Z   Building lxml version 4.3.2.
2022-12-27T11:44:45.6064110Z   Building without Cython.
2022-12-27T11:44:45.6065830Z   Using build configuration of libxslt 1.1.29
2022-12-27T11:44:45.6067370Z   Building against libxml2/libxslt in the following directory: /Library/Developer/CommandLineTools/SDKs/MacOSX12.1.sdk/usr/lib
2022-12-27T11:44:45.6068410Z   running egg_info
2022-12-27T11:44:45.6070400Z   creating /private/var/folders/51/hd414ycd67n82196sw51xqtc0000gn/T/pip-pip-egg-info-yovzxi7k/lxml.egg-info
2022-12-27T11:44:45.6071560Z   writing /private/var/folders/51/hd414ycd67n82196sw51xqtc0000gn/T/pip-pip-egg-info-yovzxi7k/lxml.egg-info/PKG-INFO
2022-12-27T11:44:45.6072970Z   writing dependency_links to /private/var/folders/51/hd414ycd67n82196sw51xqtc0000gn/T/pip-pip-egg-info-yovzxi7k/lxml.egg-info/dependency_links.txt
2022-12-27T11:44:45.6075740Z   writing requirements to /private/var/folders/51/hd414ycd67n82196sw51xqtc0000gn/T/pip-pip-egg-info-yovzxi7k/lxml.egg-info/requires.txt
2022-12-27T11:44:45.6077320Z   writing top-level names to /private/var/folders/51/hd414ycd67n82196sw51xqtc0000gn/T/pip-pip-egg-info-yovzxi7k/lxml.egg-info/top_level.txt
2022-12-27T11:44:45.6078940Z   writing manifest file '/private/var/folders/51/hd414ycd67n82196sw51xqtc0000gn/T/pip-pip-egg-info-yovzxi7k/lxml.egg-info/SOURCES.txt'
2022-12-27T11:44:45.6173300Z   reading manifest file '/private/var/folders/51/hd414ycd67n82196sw51xqtc0000gn/T/pip-pip-egg-info-yovzxi7k/lxml.egg-info/SOURCES.txt'
2022-12-27T11:44:45.6175900Z   reading manifest template 'MANIFEST.in'
2022-12-27T11:44:45.7271070Z   adding license file 'LICENSES.txt'
2022-12-27T11:44:45.7339790Z   writing manifest file '/private/var/folders/51/hd414ycd67n82196sw51xqtc0000gn/T/pip-pip-egg-info-yovzxi7k/lxml.egg-info/SOURCES.txt'
2022-12-27T11:44:45.7591490Z   Preparing metadata (setup.py): finished with status 'done'
2022-12-27T11:44:45.7614190Z   Source in /Users/runner/actions-runner/_work/python.build/python.build/build_lxml432310/lxml-4.3.2 has version 4.3.2, which satisfies requirement lxml==4.3.2 from file:///Users/runner/actions-runner/_work/python.build/python.build/build_lxml432310/lxml-4.3.2
2022-12-27T11:44:45.7617180Z   Removed lxml==4.3.2 from file:///Users/runner/actions-runner/_work/python.build/python.build/build_lxml432310/lxml-4.3.2 from build tracker '/private/var/folders/51/hd414ycd67n82196sw51xqtc0000gn/T/pip-build-tracker-po6o6e5c'
2022-12-27T11:44:45.7633090Z Created temporary directory: /private/var/folders/51/hd414ycd67n82196sw51xqtc0000gn/T/pip-unpack-smd_r7dm
2022-12-27T11:44:45.7635350Z Building wheels for collected packages: lxml
2022-12-27T11:44:45.7642200Z   Created temporary directory: /private/var/folders/51/hd414ycd67n82196sw51xqtc0000gn/T/pip-wheel-adinypmd
2022-12-27T11:44:45.7643800Z   Building wheel for lxml (setup.py): started
2022-12-27T11:44:45.7645420Z   Destination directory: /private/var/folders/51/hd414ycd67n82196sw51xqtc0000gn/T/pip-wheel-adinypmd
2022-12-27T11:44:45.7646740Z   Running command python setup.py bdist_wheel
2022-12-27T11:44:45.9147180Z   Building lxml version 4.3.2.
2022-12-27T11:44:45.9148890Z   Building without Cython.
2022-12-27T11:44:45.9281550Z   Using build configuration of libxslt 1.1.29
2022-12-27T11:44:46.0338690Z   Building against libxml2/libxslt in the following directory: /Library/Developer/CommandLineTools/SDKs/MacOSX12.1.sdk/usr/lib
2022-12-27T11:44:46.0587890Z   running bdist_wheel
2022-12-27T11:44:46.0625190Z   running build
2022-12-27T11:44:46.0627120Z   running build_py
2022-12-27T11:44:46.0646500Z   creating build
2022-12-27T11:44:46.0648610Z   creating build/lib.macosx-11.0-arm64-cpython-310
2022-12-27T11:44:46.0650290Z   creating build/lib.macosx-11.0-arm64-cpython-310/lxml
2022-12-27T11:44:46.0651900Z   copying src/lxml/_elementpath.py -> build/lib.macosx-11.0-arm64-cpython-310/lxml
2022-12-27T11:44:46.0653520Z   copying src/lxml/sax.py -> build/lib.macosx-11.0-arm64-cpython-310/lxml
2022-12-27T11:44:46.0657180Z   copying src/lxml/pyclasslookup.py -> build/lib.macosx-11.0-arm64-cpython-310/lxml
2022-12-27T11:44:46.0659500Z   copying src/lxml/__init__.py -> build/lib.macosx-11.0-arm64-cpython-310/lxml
2022-12-27T11:44:46.0661320Z   copying src/lxml/builder.py -> build/lib.macosx-11.0-arm64-cpython-310/lxml
2022-12-27T11:44:46.0664490Z   copying src/lxml/doctestcompare.py -> build/lib.macosx-11.0-arm64-cpython-310/lxml
2022-12-27T11:44:46.0666810Z   copying src/lxml/usedoctest.py -> build/lib.macosx-11.0-arm64-cpython-310/lxml
2022-12-27T11:44:46.0669750Z   copying src/lxml/cssselect.py -> build/lib.macosx-11.0-arm64-cpython-310/lxml
2022-12-27T11:44:46.0672710Z   copying src/lxml/ElementInclude.py -> build/lib.macosx-11.0-arm64-cpython-310/lxml
2022-12-27T11:44:46.0676870Z   creating build/lib.macosx-11.0-arm64-cpython-310/lxml/includes
2022-12-27T11:44:46.0678550Z   copying src/lxml/includes/__init__.py -> build/lib.macosx-11.0-arm64-cpython-310/lxml/includes
2022-12-27T11:44:46.0685160Z   creating build/lib.macosx-11.0-arm64-cpython-310/lxml/html
2022-12-27T11:44:46.0686670Z   copying src/lxml/html/soupparser.py -> build/lib.macosx-11.0-arm64-cpython-310/lxml/html
2022-12-27T11:44:46.0689230Z   copying src/lxml/html/defs.py -> build/lib.macosx-11.0-arm64-cpython-310/lxml/html
2022-12-27T11:44:46.0692060Z   copying src/lxml/html/_setmixin.py -> build/lib.macosx-11.0-arm64-cpython-310/lxml/html
2022-12-27T11:44:46.0694230Z   copying src/lxml/html/clean.py -> build/lib.macosx-11.0-arm64-cpython-310/lxml/html
2022-12-27T11:44:46.0696880Z   copying src/lxml/html/_diffcommand.py -> build/lib.macosx-11.0-arm64-cpython-310/lxml/html
2022-12-27T11:44:46.0699910Z   copying src/lxml/html/html5parser.py -> build/lib.macosx-11.0-arm64-cpython-310/lxml/html
2022-12-27T11:44:46.0702260Z   copying src/lxml/html/__init__.py -> build/lib.macosx-11.0-arm64-cpython-310/lxml/html
2022-12-27T11:44:46.0705340Z   copying src/lxml/html/formfill.py -> build/lib.macosx-11.0-arm64-cpython-310/lxml/html
2022-12-27T11:44:46.0708180Z   copying src/lxml/html/builder.py -> build/lib.macosx-11.0-arm64-cpython-310/lxml/html
2022-12-27T11:44:46.0710340Z   copying src/lxml/html/ElementSoup.py -> build/lib.macosx-11.0-arm64-cpython-310/lxml/html
2022-12-27T11:44:46.0712950Z   copying src/lxml/html/_html5builder.py -> build/lib.macosx-11.0-arm64-cpython-310/lxml/html
2022-12-27T11:44:46.0716050Z   copying src/lxml/html/usedoctest.py -> build/lib.macosx-11.0-arm64-cpython-310/lxml/html
2022-12-27T11:44:46.0718140Z   copying src/lxml/html/diff.py -> build/lib.macosx-11.0-arm64-cpython-310/lxml/html
2022-12-27T11:44:46.0722700Z   creating build/lib.macosx-11.0-arm64-cpython-310/lxml/isoschematron
2022-12-27T11:44:46.0724610Z   copying src/lxml/isoschematron/__init__.py -> build/lib.macosx-11.0-arm64-cpython-310/lxml/isoschematron
2022-12-27T11:44:46.0750390Z   copying src/lxml/etree.h -> build/lib.macosx-11.0-arm64-cpython-310/lxml
2022-12-27T11:44:46.0754620Z   copying src/lxml/etree_api.h -> build/lib.macosx-11.0-arm64-cpython-310/lxml
2022-12-27T11:44:46.0758530Z   copying src/lxml/lxml.etree.h -> build/lib.macosx-11.0-arm64-cpython-310/lxml
2022-12-27T11:44:46.0762160Z   copying src/lxml/lxml.etree_api.h -> build/lib.macosx-11.0-arm64-cpython-310/lxml
2022-12-27T11:44:46.0765500Z   copying src/lxml/includes/xmlerror.pxd -> build/lib.macosx-11.0-arm64-cpython-310/lxml/includes
2022-12-27T11:44:46.0769110Z   copying src/lxml/includes/c14n.pxd -> build/lib.macosx-11.0-arm64-cpython-310/lxml/includes
2022-12-27T11:44:46.0771910Z   copying src/lxml/includes/xmlschema.pxd -> build/lib.macosx-11.0-arm64-cpython-310/lxml/includes
2022-12-27T11:44:46.0775390Z   copying src/lxml/includes/__init__.pxd -> build/lib.macosx-11.0-arm64-cpython-310/lxml/includes
2022-12-27T11:44:46.0777850Z   copying src/lxml/includes/schematron.pxd -> build/lib.macosx-11.0-arm64-cpython-310/lxml/includes
2022-12-27T11:44:46.0781040Z   copying src/lxml/includes/tree.pxd -> build/lib.macosx-11.0-arm64-cpython-310/lxml/includes
2022-12-27T11:44:46.0784360Z   copying src/lxml/includes/uri.pxd -> build/lib.macosx-11.0-arm64-cpython-310/lxml/includes
2022-12-27T11:44:46.0786830Z   copying src/lxml/includes/etreepublic.pxd -> build/lib.macosx-11.0-arm64-cpython-310/lxml/includes
2022-12-27T11:44:46.0789860Z   copying src/lxml/includes/xpath.pxd -> build/lib.macosx-11.0-arm64-cpython-310/lxml/includes
2022-12-27T11:44:46.0792760Z   copying src/lxml/includes/htmlparser.pxd -> build/lib.macosx-11.0-arm64-cpython-310/lxml/includes
2022-12-27T11:44:46.0795730Z   copying src/lxml/includes/xslt.pxd -> build/lib.macosx-11.0-arm64-cpython-310/lxml/includes
2022-12-27T11:44:46.0798470Z   copying src/lxml/includes/config.pxd -> build/lib.macosx-11.0-arm64-cpython-310/lxml/includes
2022-12-27T11:44:46.0801660Z   copying src/lxml/includes/xmlparser.pxd -> build/lib.macosx-11.0-arm64-cpython-310/lxml/includes
2022-12-27T11:44:46.0804680Z   copying src/lxml/includes/xinclude.pxd -> build/lib.macosx-11.0-arm64-cpython-310/lxml/includes
2022-12-27T11:44:46.0807420Z   copying src/lxml/includes/dtdvalid.pxd -> build/lib.macosx-11.0-arm64-cpython-310/lxml/includes
2022-12-27T11:44:46.0810290Z   copying src/lxml/includes/relaxng.pxd -> build/lib.macosx-11.0-arm64-cpython-310/lxml/includes
2022-12-27T11:44:46.0813360Z   copying src/lxml/includes/lxml-version.h -> build/lib.macosx-11.0-arm64-cpython-310/lxml/includes
2022-12-27T11:44:46.0816470Z   copying src/lxml/includes/etree_defs.h -> build/lib.macosx-11.0-arm64-cpython-310/lxml/includes
2022-12-27T11:44:46.0819520Z   creating build/lib.macosx-11.0-arm64-cpython-310/lxml/isoschematron/resources
2022-12-27T11:44:46.0821330Z   creating build/lib.macosx-11.0-arm64-cpython-310/lxml/isoschematron/resources/rng
2022-12-27T11:44:46.0823060Z   copying src/lxml/isoschematron/resources/rng/iso-schematron.rng -> build/lib.macosx-11.0-arm64-cpython-310/lxml/isoschematron/resources/rng
2022-12-27T11:44:46.0825480Z   creating build/lib.macosx-11.0-arm64-cpython-310/lxml/isoschematron/resources/xsl
2022-12-27T11:44:46.0827550Z   copying src/lxml/isoschematron/resources/xsl/XSD2Schtrn.xsl -> build/lib.macosx-11.0-arm64-cpython-310/lxml/isoschematron/resources/xsl
2022-12-27T11:44:46.0829690Z   copying src/lxml/isoschematron/resources/xsl/RNG2Schtrn.xsl -> build/lib.macosx-11.0-arm64-cpython-310/lxml/isoschematron/resources/xsl
2022-12-27T11:44:46.0832980Z   creating build/lib.macosx-11.0-arm64-cpython-310/lxml/isoschematron/resources/xsl/iso-schematron-xslt1
2022-12-27T11:44:46.0834750Z   copying src/lxml/isoschematron/resources/xsl/iso-schematron-xslt1/iso_abstract_expand.xsl -> build/lib.macosx-11.0-arm64-cpython-310/lxml/isoschematron/resources/xsl/iso-schematron-xslt1
2022-12-27T11:44:46.0837140Z   copying src/lxml/isoschematron/resources/xsl/iso-schematron-xslt1/iso_dsdl_include.xsl -> build/lib.macosx-11.0-arm64-cpython-310/lxml/isoschematron/resources/xsl/iso-schematron-xslt1
2022-12-27T11:44:46.0840850Z   copying src/lxml/isoschematron/resources/xsl/iso-schematron-xslt1/iso_schematron_skeleton_for_xslt1.xsl -> build/lib.macosx-11.0-arm64-cpython-310/lxml/isoschematron/resources/xsl/iso-schematron-xslt1
2022-12-27T11:44:46.0844630Z   copying src/lxml/isoschematron/resources/xsl/iso-schematron-xslt1/iso_svrl_for_xslt1.xsl -> build/lib.macosx-11.0-arm64-cpython-310/lxml/isoschematron/resources/xsl/iso-schematron-xslt1
2022-12-27T11:44:46.0847770Z   copying src/lxml/isoschematron/resources/xsl/iso-schematron-xslt1/iso_schematron_message.xsl -> build/lib.macosx-11.0-arm64-cpython-310/lxml/isoschematron/resources/xsl/iso-schematron-xslt1
2022-12-27T11:44:46.0850930Z   copying src/lxml/isoschematron/resources/xsl/iso-schematron-xslt1/readme.txt -> build/lib.macosx-11.0-arm64-cpython-310/lxml/isoschematron/resources/xsl/iso-schematron-xslt1
2022-12-27T11:44:46.0864450Z   running build_ext
2022-12-27T11:44:46.0896610Z   building 'lxml.etree' extension
2022-12-27T11:44:46.0898400Z   creating build/temp.macosx-11.0-arm64-cpython-310
2022-12-27T11:44:46.0900160Z   creating build/temp.macosx-11.0-arm64-cpython-310/src
2022-12-27T11:44:46.0901760Z   creating build/temp.macosx-11.0-arm64-cpython-310/src/lxml
2022-12-27T11:44:46.0904130Z   clang -Wno-unused-result -Wsign-compare -Wunreachable-code -fno-common -dynamic -DNDEBUG -g -fwrapv -O3 -Wall -g -I/usr/local/opt/openssl@3/include -I/usr/local/opt/openssl@3/include -arch arm64 -DCYTHON_CLINE_IN_TRACEBACK=0 -I/Library/Developer/CommandLineTools/SDKs/MacOSX12.1.sdk/usr/include -Isrc -Isrc/lxml/includes -I/private/var/folders/51/hd414ycd67n82196sw51xqtc0000gn/T/cibw-run-lk3dlrt7/cp310-macosx_arm64/build/venv/include -I/Library/Frameworks/Python.framework/Versions/3.10/include/python3.10 -c src/lxml/etree.c -o build/temp.macosx-11.0-arm64-cpython-310/src/lxml/etree.o -w -flat_namespace
2022-12-27T11:44:46.8548980Z   src/lxml/etree.c:209338:5: error: expression is not assignable
2022-12-27T11:44:46.8550510Z       ++Py_REFCNT(o);
2022-12-27T11:44:46.8552310Z       ^ ~~~~~~~~~~~~
2022-12-27T11:44:46.8554190Z   src/lxml/etree.c:209340:5: error: expression is not assignable
2022-12-27T11:44:46.8556240Z       --Py_REFCNT(o);
2022-12-27T11:44:46.8557060Z       ^ ~~~~~~~~~~~~
2022-12-27T11:44:46.8585590Z   src/lxml/etree.c:210313:5: error: expression is not assignable
2022-12-27T11:44:46.8587270Z       ++Py_REFCNT(o);
2022-12-27T11:44:46.8588850Z       ^ ~~~~~~~~~~~~
2022-12-27T11:44:46.8590530Z   src/lxml/etree.c:210315:5: error: expression is not assignable
2022-12-27T11:44:46.8592100Z       --Py_REFCNT(o);
2022-12-27T11:44:46.8593750Z       ^ ~~~~~~~~~~~~
2022-12-27T11:44:46.8600790Z   src/lxml/etree.c:210624:5: error: expression is not assignable
2022-12-27T11:44:46.8602280Z       ++Py_REFCNT(o);
2022-12-27T11:44:46.8603550Z       ^ ~~~~~~~~~~~~
2022-12-27T11:44:46.8605000Z   src/lxml/etree.c:210626:5: error: expression is not assignable
2022-12-27T11:44:46.8606360Z       --Py_REFCNT(o);
2022-12-27T11:44:46.8607750Z       ^ ~~~~~~~~~~~~
2022-12-27T11:44:46.8663680Z   src/lxml/etree.c:212190:5: error: expression is not assignable
2022-12-27T11:44:46.8729070Z       ++Py_REFCNT(o);
2022-12-27T11:44:46.8729310Z       ^ ~~~~~~~~~~~~
2022-12-27T11:44:46.8730220Z   src/lxml/etree.c:212192:5: error: expression is not assignable
2022-12-27T11:44:46.8730620Z       --Py_REFCNT(o);
2022-12-27T11:44:46.8730840Z       ^ ~~~~~~~~~~~~
2022-12-27T11:44:46.8804070Z   src/lxml/etree.c:216290:5: error: expression is not assignable
2022-12-27T11:44:46.8805810Z       ++Py_REFCNT(o);
2022-12-27T11:44:46.8807360Z       ^ ~~~~~~~~~~~~
2022-12-27T11:44:46.8808890Z   src/lxml/etree.c:216292:5: error: expression is not assignable
2022-12-27T11:44:46.8810100Z       --Py_REFCNT(o);
2022-12-27T11:44:46.8811410Z       ^ ~~~~~~~~~~~~
2022-12-27T11:44:46.8816920Z   src/lxml/etree.c:216533:5: error: expression is not assignable
2022-12-27T11:44:46.8818320Z       ++Py_REFCNT(o);
2022-12-27T11:44:46.8819750Z       ^ ~~~~~~~~~~~~
2022-12-27T11:44:46.8821110Z   src/lxml/etree.c:216535:5: error: expression is not assignable
2022-12-27T11:44:46.8822460Z       --Py_REFCNT(o);
2022-12-27T11:44:46.8823710Z       ^ ~~~~~~~~~~~~
2022-12-27T11:44:46.8899980Z   src/lxml/etree.c:218331:5: error: expression is not assignable
2022-12-27T11:44:46.8901640Z       ++Py_REFCNT(o);
2022-12-27T11:44:46.8903160Z       ^ ~~~~~~~~~~~~
2022-12-27T11:44:46.8904930Z   src/lxml/etree.c:218333:5: error: expression is not assignable
2022-12-27T11:44:46.8906530Z       --Py_REFCNT(o);
2022-12-27T11:44:46.8907840Z       ^ ~~~~~~~~~~~~
2022-12-27T11:44:46.9000550Z   src/lxml/etree.c:220443:5: error: expression is not assignable
2022-12-27T11:44:46.9002060Z       ++Py_REFCNT(o);
2022-12-27T11:44:46.9003790Z       ^ ~~~~~~~~~~~~
2022-12-27T11:44:46.9005520Z   src/lxml/etree.c:220445:5: error: expression is not assignable
2022-12-27T11:44:46.9007070Z       --Py_REFCNT(o);
2022-12-27T11:44:46.9008350Z       ^ ~~~~~~~~~~~~
2022-12-27T11:44:46.9017020Z   src/lxml/etree.c:220747:5: error: expression is not assignable
2022-12-27T11:44:46.9018350Z       ++Py_REFCNT(o);
2022-12-27T11:44:46.9019480Z       ^ ~~~~~~~~~~~~
2022-12-27T11:44:46.9021150Z   src/lxml/etree.c:220749:5: error: expression is not assignable
2022-12-27T11:44:46.9022490Z       --Py_REFCNT(o);
2022-12-27T11:44:46.9023680Z       ^ ~~~~~~~~~~~~
2022-12-27T11:44:46.9036640Z   src/lxml/etree.c:221302:5: error: expression is not assignable
2022-12-27T11:44:46.9038280Z       ++Py_REFCNT(o);
2022-12-27T11:44:46.9039820Z       ^ ~~~~~~~~~~~~
2022-12-27T11:44:46.9041790Z   fatal error: too many errors emitted, stopping now [-ferror-limit=]
2022-12-27T11:44:47.0716560Z   20 errors generated.
2022-12-27T11:44:47.0760580Z   Compile failed: command '/usr/bin/clang' failed with exit code 1
2022-12-27T11:44:47.1427510Z   creating var
2022-12-27T11:44:47.1428270Z   creating var/folders
2022-12-27T11:44:47.1429930Z   creating var/folders/51
2022-12-27T11:44:47.1431580Z   creating var/folders/51/hd414ycd67n82196sw51xqtc0000gn
2022-12-27T11:44:47.1433080Z   creating var/folders/51/hd414ycd67n82196sw51xqtc0000gn/T
2022-12-27T11:44:47.1435170Z   cc -arch arm64 -I/Library/Developer/CommandLineTools/SDKs/MacOSX12.1.sdk/usr/include -I/usr/include/libxml2 -c /var/folders/51/hd414ycd67n82196sw51xqtc0000gn/T/xmlXPathInit3lb1lh5j.c -o var/folders/51/hd414ycd67n82196sw51xqtc0000gn/T/xmlXPathInit3lb1lh5j.o
2022-12-27T11:44:47.1867090Z   cc -arch arm64 var/folders/51/hd414ycd67n82196sw51xqtc0000gn/T/xmlXPathInit3lb1lh5j.o -L/Library/Developer/CommandLineTools/SDKs/MacOSX12.1.sdk/usr/lib -lxml2 -o a.out
2022-12-27T11:44:47.2267750Z   error: command '/usr/bin/clang' failed with exit code 1
2022-12-27T11:44:47.2581310Z   error: subprocess-exited-with-error
2022-12-27T11:44:47.2581670Z   
2022-12-27T11:44:47.2582190Z   × python setup.py bdist_wheel did not run successfully.
2022-12-27T11:44:47.2582680Z   │ exit code: 1
2022-12-27T11:44:47.2582940Z   ╰─> See above for output.
2022-12-27T11:44:47.2583170Z   
2022-12-27T11:44:47.2583460Z   note: This error originates from a subprocess, and is likely not a problem with pip.
2022-12-27T11:44:47.2589810Z   full command: /private/var/folders/51/hd414ycd67n82196sw51xqtc0000gn/T/cibw-run-lk3dlrt7/cp310-macosx_arm64/build/venv/bin/python -u -c '
2022-12-27T11:44:47.2591100Z   exec(compile('"'"''"'"''"'"'
2022-12-27T11:44:47.2591740Z   # This is <pip-setuptools-caller> -- a caller that pip uses to run setup.py
2022-12-27T11:44:47.2592090Z   #
2022-12-27T11:44:47.2592560Z   # - It imports setuptools before invoking setup.py, to enable projects that directly
2022-12-27T11:44:47.2593090Z   #   import from `distutils.core` to work with newer packaging standards.
2022-12-27T11:44:47.2593610Z   # - It provides a clear error message when setuptools is not installed.
2022-12-27T11:44:47.2594110Z   # - It sets `sys.argv[0]` to the underlying `setup.py`, when invoking `setup.py` so
2022-12-27T11:44:47.2594670Z   #   setuptools doesn'"'"'t think the script is `-c`. This avoids the following warning:
2022-12-27T11:44:47.2595130Z   #     manifest_maker: standard file '"'"'-c'"'"' not found".
2022-12-27T11:44:47.2595600Z   # - It generates a shim setup.py, for handling setup.cfg-only projects.
2022-12-27T11:44:47.2595900Z   import os, sys, tokenize
2022-12-27T11:44:47.2596160Z   
2022-12-27T11:44:47.2596380Z   try:
2022-12-27T11:44:47.2596580Z       import setuptools
2022-12-27T11:44:47.2596850Z   except ImportError as error:
2022-12-27T11:44:47.2597110Z       print(
2022-12-27T11:44:47.2597450Z           "ERROR: Can not execute `setup.py` since setuptools is not available in "
2022-12-27T11:44:47.2597750Z           "the build environment.",
2022-12-27T11:44:47.2598020Z           file=sys.stderr,
2022-12-27T11:44:47.2598270Z       )
2022-12-27T11:44:47.2598460Z       sys.exit(1)
2022-12-27T11:44:47.2598900Z   
2022-12-27T11:44:47.2599140Z   __file__ = %r
2022-12-27T11:44:47.2599360Z   sys.argv[0] = __file__
2022-12-27T11:44:47.2599600Z   
2022-12-27T11:44:47.2599860Z   if os.path.exists(__file__):
2022-12-27T11:44:47.2600100Z       filename = __file__
2022-12-27T11:44:47.2600330Z       with tokenize.open(__file__) as f:
2022-12-27T11:44:47.2600690Z           setup_py_code = f.read()
2022-12-27T11:44:47.2600910Z   else:
2022-12-27T11:44:47.2601320Z       filename = "<auto-generated setuptools caller>"
2022-12-27T11:44:47.2601620Z       setup_py_code = "from setuptools import setup; setup()"
2022-12-27T11:44:47.2601860Z   
2022-12-27T11:44:47.2602490Z   exec(compile(setup_py_code, filename, "exec"))
2022-12-27T11:44:47.2603300Z   '"'"''"'"''"'"' % ('"'"'/Users/runner/actions-runner/_work/python.build/python.build/build_lxml432310/lxml-4.3.2/setup.py'"'"',), "<pip-setuptools-caller>", "exec"))' bdist_wheel -d /private/var/folders/51/hd414ycd67n82196sw51xqtc0000gn/T/pip-wheel-adinypmd
2022-12-27T11:44:47.2604020Z   cwd: /Users/runner/actions-runner/_work/python.build/python.build/build_lxml432310/lxml-4.3.2/
2022-12-27T11:44:47.2604480Z   Building wheel for lxml (setup.py): finished with status 'error'
2022-12-27T11:44:47.2604790Z   ERROR: Failed building wheel for lxml
2022-12-27T11:44:47.2605100Z   Running command python setup.py clean
2022-12-27T11:44:47.2605360Z   Running setup.py clean for lxml
2022-12-27T11:44:47.4119890Z   Building lxml version 4.3.2.
2022-12-27T11:44:47.4121000Z   Building without Cython.
2022-12-27T11:44:47.4254330Z   Using build configuration of libxslt 1.1.29
2022-12-27T11:44:47.5283960Z   Building against libxml2/libxslt in the following directory: /Library/Developer/CommandLineTools/SDKs/MacOSX12.1.sdk/usr/lib
2022-12-27T11:44:47.5438270Z   running clean
2022-12-27T11:44:47.5465030Z   removing 'build/temp.macosx-11.0-arm64-cpython-310' (and everything under it)
2022-12-27T11:44:47.5468470Z   removing 'build/lib.macosx-11.0-arm64-cpython-310' (and everything under it)
2022-12-27T11:44:47.5521130Z   'build/bdist.macosx-11.0-arm64' does not exist -- can't clean it
2022-12-27T11:44:47.5523120Z   'build/scripts-3.10' does not exist -- can't clean it
2022-12-27T11:44:47.5524900Z   removing 'build'
2022-12-27T11:44:47.5752230Z Failed to build lxml
2022-12-27T11:44:47.5755910Z ERROR: Failed to build one or more wheels
2022-12-27T11:44:47.5765220Z Exception information:
2022-12-27T11:44:47.5765540Z Traceback (most recent call last):
2022-12-27T11:44:47.5773960Z   File "/private/var/folders/51/hd414ycd67n82196sw51xqtc0000gn/T/cibw-run-lk3dlrt7/cp310-macosx_arm64/build/venv/lib/python3.10/site-packages/pip/_internal/cli/base_command.py", line 160, in exc_logging_wrapper
2022-12-27T11:44:47.5774350Z     status = run_func(*args)
2022-12-27T11:44:47.5774900Z   File "/private/var/folders/51/hd414ycd67n82196sw51xqtc0000gn/T/cibw-run-lk3dlrt7/cp310-macosx_arm64/build/venv/lib/python3.10/site-packages/pip/_internal/cli/req_command.py", line 247, in wrapper
2022-12-27T11:44:47.5775230Z     return func(self, options, args)
2022-12-27T11:44:47.5775640Z   File "/private/var/folders/51/hd414ycd67n82196sw51xqtc0000gn/T/cibw-run-lk3dlrt7/cp310-macosx_arm64/build/venv/lib/python3.10/site-packages/pip/_internal/commands/wheel.py", line 201, in run
2022-12-27T11:44:47.5775980Z     raise CommandError("Failed to build one or more wheels")
2022-12-27T11:44:47.5776200Z pip._internal.exceptions.CommandError: Failed to build one or more wheels
2022-12-27T11:44:47.5776650Z Removed build tracker: '/private/var/folders/51/hd414ycd67n82196sw51xqtc0000gn/T/pip-build-tracker-po6o6e5c'
2022-12-27T11:44:47.6159440Z ##[endgroup]
2022-12-27T11:44:47.6183550Z ##[error]Command ['python', '-m', 'pip', 'wheel', '/Users/runner/actions-runner/_work/python.build/python.build/build_lxml432310/lxml-4.3.2', '--wheel-dir=/private/var/folders/51/hd414ycd67n82196sw51xqtc0000gn/T/cibw-run-lk3dlrt7/cp310-macosx_arm64/built_wheel', '--no-deps', '-vvv'] failed with code 1. None
2022-12-27T11:44:47.6189790Z 
2022-12-27T11:44:47.6190110Z                                                               [31m✕ [0m2.57s
2022-12-27T11:44:47.6620230Z ##[error]Process completed with exit code 1.
2022-12-27T11:44:47.6651070Z ##[group]Run rm -rf build_lxml432310 wheelsout
2022-12-27T11:44:47.6651260Z [36;1mrm -rf build_lxml432310 wheelsout[0m
2022-12-27T11:44:47.6666180Z shell: /bin/bash -e {0}
2022-12-27T11:44:47.6666300Z env:
2022-12-27T11:44:47.6666440Z   pythonLocation: /Users/runner/hostedtoolcache/Python/3.10.9/x64
2022-12-27T11:44:47.6666630Z   PKG_CONFIG_PATH: /Users/runner/hostedtoolcache/Python/3.10.9/x64/lib/pkgconfig
2022-12-27T11:44:47.6666820Z   Python_ROOT_DIR: /Users/runner/hostedtoolcache/Python/3.10.9/x64
2022-12-27T11:44:47.6667170Z   Python2_ROOT_DIR: /Users/runner/hostedtoolcache/Python/3.10.9/x64
2022-12-27T11:44:47.6667340Z   Python3_ROOT_DIR: /Users/runner/hostedtoolcache/Python/3.10.9/x64
2022-12-27T11:44:47.6667480Z ##[endgroup]
2022-12-27T11:44:47.7239830Z Cleaning up orphan processes
