2022-12-27T08:57:30.7523519Z Requested labels: self-hosted, macOS, X64
2022-12-27T08:57:30.7523595Z Job defined at: kilnbuild/python.build/.github/workflows/mac_arm_build.yml@refs/heads/main
2022-12-27T08:57:30.7523621Z Waiting for a runner to pick up this job...
2022-12-27T11:39:28.4331435Z Job is about to start running on the runner: k2 (organization)
2022-12-27T11:39:30.2000330Z Current runner version: '2.300.2'
2022-12-27T11:39:30.2005190Z Runner name: 'k2'
2022-12-27T11:39:30.2005430Z Runner group name: 'Default'
2022-12-27T11:39:30.2005880Z Machine name: 'k2'
2022-12-27T11:39:30.2007330Z ##[group]GITHUB_TOKEN Permissions
2022-12-27T11:39:30.2007730Z Actions: write
2022-12-27T11:39:30.2007870Z Checks: write
2022-12-27T11:39:30.2008000Z Contents: write
2022-12-27T11:39:30.2008130Z Deployments: write
2022-12-27T11:39:30.2008280Z Discussions: write
2022-12-27T11:39:30.2008410Z Issues: write
2022-12-27T11:39:30.2008540Z Metadata: read
2022-12-27T11:39:30.2008670Z Packages: write
2022-12-27T11:39:30.2008800Z Pages: write
2022-12-27T11:39:30.2008930Z PullRequests: write
2022-12-27T11:39:30.2009100Z RepositoryProjects: write
2022-12-27T11:39:30.2009260Z SecurityEvents: write
2022-12-27T11:39:30.2009400Z Statuses: write
2022-12-27T11:39:30.2009530Z ##[endgroup]
2022-12-27T11:39:30.2011970Z Secret source: Actions
2022-12-27T11:39:30.2012280Z Prepare workflow directory
2022-12-27T11:39:30.2663350Z Prepare all required actions
2022-12-27T11:39:30.2780490Z Getting action download info
2022-12-27T11:39:30.7100050Z Download action repository 'actions/setup-python@v4' (SHA:5ccb29d8773c3f3f653e1705f474dfaa8a06a912)
2022-12-27T11:39:32.7471640Z Download action repository 'actions/upload-artifact@v3' (SHA:83fd05a356d7e2593de66fc9913b3002723633cb)
2022-12-27T11:39:34.0717480Z ##[group]Run echo '{
2022-12-27T11:39:34.0717770Z [36;1mecho '{[0m
2022-12-27T11:39:34.0717890Z [36;1m  "package_name": "lxml",[0m
2022-12-27T11:39:34.0718160Z [36;1m  "package_url": "https://files.pythonhosted.org/packages/03/71/80c7c41db34991446f2d79f1316b8c0a5a52ad8c22d931775c20e087bddb/lxml-3.3.0beta5.tar.gz",[0m
2022-12-27T11:39:34.0718420Z [36;1m  "package_version": "3.3.0beta5",[0m
2022-12-27T11:39:34.0718600Z [36;1m  "python_version": "3.8",[0m
2022-12-27T11:39:34.0718740Z [36;1m  "use_ccache": "true"[0m
2022-12-27T11:39:34.0718870Z [36;1m}'[0m
2022-12-27T11:39:34.0734130Z shell: /bin/bash -e {0}
2022-12-27T11:39:34.0734330Z ##[endgroup]
2022-12-27T11:39:34.0945390Z {
2022-12-27T11:39:34.0946800Z   "package_name": "lxml",
2022-12-27T11:39:34.0947430Z   "package_url": "https://files.pythonhosted.org/packages/03/71/80c7c41db34991446f2d79f1316b8c0a5a52ad8c22d931775c20e087bddb/lxml-3.3.0beta5.tar.gz",
2022-12-27T11:39:34.0947750Z   "package_version": "3.3.0beta5",
2022-12-27T11:39:34.0947950Z   "python_version": "3.8",
2022-12-27T11:39:34.0948140Z   "use_ccache": "true"
2022-12-27T11:39:34.0948260Z }
2022-12-27T11:39:34.1152260Z ##[group]Run actions/setup-python@v4
2022-12-27T11:39:34.1152520Z with:
2022-12-27T11:39:34.1152690Z   python-version: 3.8
2022-12-27T11:39:34.1152840Z   check-latest: false
2022-12-27T11:39:34.1153170Z   token: ***
2022-12-27T11:39:34.1153350Z   update-environment: true
2022-12-27T11:39:34.1153500Z ##[endgroup]
2022-12-27T11:39:34.2366510Z ##[group]Installed versions
2022-12-27T11:39:34.2478280Z Successfully set up CPython (3.8.15)
2022-12-27T11:39:34.2478900Z ##[endgroup]
2022-12-27T11:39:34.2620630Z ##[group]Run if [ "true" == "true" ]
2022-12-27T11:39:34.2620990Z [36;1mif [ "true" == "true" ][0m
2022-12-27T11:39:34.2621210Z [36;1mthen[0m
2022-12-27T11:39:34.2621400Z [36;1m  echo "CCACHE_PATH_PREPEND=/usr/local/opt/ccache/libexec" >> $GITHUB_OUTPUT[0m
2022-12-27T11:39:34.2621700Z [36;1melse[0m
2022-12-27T11:39:34.2621890Z [36;1m  echo "CCACHE_PATH_PREPEND=" >> $GITHUB_OUTPUT[0m
2022-12-27T11:39:34.2622050Z [36;1mfi[0m
2022-12-27T11:39:34.2638490Z shell: /bin/bash -e {0}
2022-12-27T11:39:34.2638700Z env:
2022-12-27T11:39:34.2638890Z   pythonLocation: /Users/runner/hostedtoolcache/Python/3.8.15/x64
2022-12-27T11:39:34.2639160Z   PKG_CONFIG_PATH: /Users/runner/hostedtoolcache/Python/3.8.15/x64/lib/pkgconfig
2022-12-27T11:39:34.2639410Z   Python_ROOT_DIR: /Users/runner/hostedtoolcache/Python/3.8.15/x64
2022-12-27T11:39:34.2639730Z   Python2_ROOT_DIR: /Users/runner/hostedtoolcache/Python/3.8.15/x64
2022-12-27T11:39:34.2640000Z   Python3_ROOT_DIR: /Users/runner/hostedtoolcache/Python/3.8.15/x64
2022-12-27T11:39:34.2640560Z ##[endgroup]
2022-12-27T11:39:34.2747780Z ##[group]Run echo "BUILD_NAME=$(echo lxml_3.3.0beta5_3.8 | tr -dc '[:alnum:]\n\r' | tr '[:upper:]' '[:lower:]')" >> $GITHUB_OUTPUT
2022-12-27T11:39:34.2748220Z [36;1mecho "BUILD_NAME=$(echo lxml_3.3.0beta5_3.8 | tr -dc '[:alnum:]\n\r' | tr '[:upper:]' '[:lower:]')" >> $GITHUB_OUTPUT[0m
2022-12-27T11:39:34.2761830Z shell: /bin/bash -e {0}
2022-12-27T11:39:34.2762030Z env:
2022-12-27T11:39:34.2762210Z   pythonLocation: /Users/runner/hostedtoolcache/Python/3.8.15/x64
2022-12-27T11:39:34.2803350Z   PKG_CONFIG_PATH: /Users/runner/hostedtoolcache/Python/3.8.15/x64/lib/pkgconfig
2022-12-27T11:39:34.2803640Z   Python_ROOT_DIR: /Users/runner/hostedtoolcache/Python/3.8.15/x64
2022-12-27T11:39:34.2803830Z   Python2_ROOT_DIR: /Users/runner/hostedtoolcache/Python/3.8.15/x64
2022-12-27T11:39:34.2804010Z   Python3_ROOT_DIR: /Users/runner/hostedtoolcache/Python/3.8.15/x64
2022-12-27T11:39:34.2804140Z ##[endgroup]
2022-12-27T11:39:34.2906950Z ##[group]Run echo "PYTHON_NO_DOTS=$(echo 3.8 | tr -dc '[:alnum:]\n\r' | tr '[:upper:]' '[:lower:]')" >> $GITHUB_OUTPUT
2022-12-27T11:39:34.2907390Z [36;1mecho "PYTHON_NO_DOTS=$(echo 3.8 | tr -dc '[:alnum:]\n\r' | tr '[:upper:]' '[:lower:]')" >> $GITHUB_OUTPUT[0m
2022-12-27T11:39:34.2921070Z shell: /bin/bash -e {0}
2022-12-27T11:39:34.2921210Z env:
2022-12-27T11:39:34.2921420Z   pythonLocation: /Users/runner/hostedtoolcache/Python/3.8.15/x64
2022-12-27T11:39:34.2921720Z   PKG_CONFIG_PATH: /Users/runner/hostedtoolcache/Python/3.8.15/x64/lib/pkgconfig
2022-12-27T11:39:34.2921930Z   Python_ROOT_DIR: /Users/runner/hostedtoolcache/Python/3.8.15/x64
2022-12-27T11:39:34.2922170Z   Python2_ROOT_DIR: /Users/runner/hostedtoolcache/Python/3.8.15/x64
2022-12-27T11:39:34.2922830Z   Python3_ROOT_DIR: /Users/runner/hostedtoolcache/Python/3.8.15/x64
2022-12-27T11:39:34.2923020Z ##[endgroup]
2022-12-27T11:39:34.3032590Z ##[group]Run rm -rf build_lxml330beta538
2022-12-27T11:39:34.3032970Z [36;1mrm -rf build_lxml330beta538[0m
2022-12-27T11:39:34.3033200Z [36;1mmkdir build_lxml330beta538[0m
2022-12-27T11:39:34.3033350Z [36;1mcd build_lxml330beta538[0m
2022-12-27T11:39:34.3033680Z [36;1m/usr/local/bin/wget --quiet https://files.pythonhosted.org/packages/03/71/80c7c41db34991446f2d79f1316b8c0a5a52ad8c22d931775c20e087bddb/lxml-3.3.0beta5.tar.gz[0m
2022-12-27T11:39:34.3033960Z [36;1mtar xf *.tar.gz[0m
2022-12-27T11:39:34.3034120Z [36;1mcd *[0m
2022-12-27T11:39:34.3034280Z [36;1mpython -m pip install cibuildwheel==2.11.3[0m
2022-12-27T11:39:34.3034500Z [36;1mpython -m cibuildwheel --output-dir ../wheelsout[0m
2022-12-27T11:39:34.3047870Z shell: /bin/bash -e {0}
2022-12-27T11:39:34.3048010Z env:
2022-12-27T11:39:34.3048220Z   pythonLocation: /Users/runner/hostedtoolcache/Python/3.8.15/x64
2022-12-27T11:39:34.3048560Z   PKG_CONFIG_PATH: /Users/runner/hostedtoolcache/Python/3.8.15/x64/lib/pkgconfig
2022-12-27T11:39:34.3048810Z   Python_ROOT_DIR: /Users/runner/hostedtoolcache/Python/3.8.15/x64
2022-12-27T11:39:34.3049010Z   Python2_ROOT_DIR: /Users/runner/hostedtoolcache/Python/3.8.15/x64
2022-12-27T11:39:34.3049240Z   Python3_ROOT_DIR: /Users/runner/hostedtoolcache/Python/3.8.15/x64
2022-12-27T11:39:34.3049480Z   CIBW_ARCHS_MACOS: arm64
2022-12-27T11:39:34.3049620Z   CIBW_TEST_SKIP: *_arm64
2022-12-27T11:39:34.3049810Z   CIBW_BUILD: cp38-macosx_arm64
2022-12-27T11:39:34.3049990Z   CIBW_BUILD_FRONTEND: pip
2022-12-27T11:39:34.3050150Z   CIBW_BUILD_VERBOSITY: 3
2022-12-27T11:39:34.3050490Z   CIBW_ENVIRONMENT_MACOS:  CFLAGS="-I/usr/local/opt/openssl@3/include" LDFLAGS="-L/usr/local/opt/openssl@3/lib" CPPFLAGS="-I/usr/local/opt/openssl@3/include" MAKEFLAGS="-j$(sysctl -n hw.logicalcpu)" PATH=/usr/local/opt/ccache/libexec:$PATH
2022-12-27T11:39:34.3050860Z   CIBW_BEFORE_BUILD: pip install Cython; if [[ -f requirements.txt ]]; then pip install -r requirements.txt; fi
2022-12-27T11:39:34.3051110Z   MAKEFLAGS: -j$(sysctl -n hw.logicalcpu)
2022-12-27T11:39:34.3051260Z ##[endgroup]
2022-12-27T11:39:34.7962890Z Requirement already satisfied: cibuildwheel==2.11.3 in /Users/runner/hostedtoolcache/Python/3.8.15/x64/lib/python3.8/site-packages (2.11.3)
2022-12-27T11:39:34.8313980Z Requirement already satisfied: tomli in /Users/runner/hostedtoolcache/Python/3.8.15/x64/lib/python3.8/site-packages (from cibuildwheel==2.11.3) (2.0.1)
2022-12-27T11:39:34.8318940Z Requirement already satisfied: bashlex!=0.13 in /Users/runner/hostedtoolcache/Python/3.8.15/x64/lib/python3.8/site-packages (from cibuildwheel==2.11.3) (0.16)
2022-12-27T11:39:34.8321990Z Requirement already satisfied: certifi in /Users/runner/hostedtoolcache/Python/3.8.15/x64/lib/python3.8/site-packages (from cibuildwheel==2.11.3) (2022.12.7)
2022-12-27T11:39:34.8325290Z Requirement already satisfied: platformdirs in /Users/runner/hostedtoolcache/Python/3.8.15/x64/lib/python3.8/site-packages (from cibuildwheel==2.11.3) (2.6.0)
2022-12-27T11:39:34.8330580Z Requirement already satisfied: packaging>=20.9 in /Users/runner/hostedtoolcache/Python/3.8.15/x64/lib/python3.8/site-packages (from cibuildwheel==2.11.3) (22.0)
2022-12-27T11:39:34.8333700Z Requirement already satisfied: bracex in /Users/runner/hostedtoolcache/Python/3.8.15/x64/lib/python3.8/site-packages (from cibuildwheel==2.11.3) (2.3.post1)
2022-12-27T11:39:34.8343370Z Requirement already satisfied: typing-extensions>=4.1.0 in /Users/runner/hostedtoolcache/Python/3.8.15/x64/lib/python3.8/site-packages (from cibuildwheel==2.11.3) (4.4.0)
2022-12-27T11:39:34.8346760Z Requirement already satisfied: filelock in /Users/runner/hostedtoolcache/Python/3.8.15/x64/lib/python3.8/site-packages (from cibuildwheel==2.11.3) (3.8.2)
2022-12-27T11:39:35.0123040Z 
2022-12-27T11:39:35.0123210Z      _ _       _ _   _       _           _
2022-12-27T11:39:35.0123550Z  ___|_| |_ _ _|_| |_| |_ _ _| |_ ___ ___| |
2022-12-27T11:39:35.0124350Z |  _| | . | | | | | . | | | |   | -_| -_| |
2022-12-27T11:39:35.0125360Z |___|_|___|___|_|_|___|_____|_|_|___|___|_|
2022-12-27T11:39:35.0125490Z 
2022-12-27T11:39:35.0125640Z cibuildwheel version 2.11.3
2022-12-27T11:39:35.0125810Z 
2022-12-27T11:39:35.0125920Z Build options:
2022-12-27T11:39:35.0126150Z   platform: macos
2022-12-27T11:39:35.0257540Z   architectures: arm64[0m
2022-12-27T11:39:35.0258220Z   build_selector: 
2022-12-27T11:39:35.0259040Z     build_config: cp38-macosx_arm64
2022-12-27T11:39:35.0259590Z     skip_config: 
2022-12-27T11:39:35.0259870Z     requires_python: None
2022-12-27T11:39:35.0260340Z     prerelease_pythons: False[0m
2022-12-27T11:39:35.0260640Z   [38;5;244mcontainer_engine: docker[0m
2022-12-27T11:39:35.0261050Z   output_dir: /Users/runner/actions-runner/_work/python.build/python.build/build_lxml330beta538/wheelsout[0m
2022-12-27T11:39:35.0261560Z   package_dir: /Users/runner/actions-runner/_work/python.build/python.build/build_lxml330beta538/lxml-3.3.0beta5[0m
2022-12-27T11:39:35.0261840Z   test_selector: 
2022-12-27T11:39:35.0262070Z     skip_config: *_arm64[0m
2022-12-27T11:39:35.0262330Z   [38;5;244mbefore_all: [0m
2022-12-27T11:39:35.0262750Z   before_build: pip install Cython; if [[ -f requirements.txt ]]; then pip install -r requirements.txt; fi[0m
2022-12-27T11:39:35.0263080Z   [38;5;244mbefore_test: [0m
2022-12-27T11:39:35.0263300Z   [38;5;244mbuild_frontend: pip[0m
2022-12-27T11:39:35.0263540Z   build_verbosity: 3[0m
2022-12-27T11:39:35.0263800Z   [38;5;244mconfig_settings: [0m
2022-12-27T11:39:35.0264080Z   [38;5;244mdependency_constraints: pinned[0m
2022-12-27T11:39:35.0264300Z   environment: 
2022-12-27T11:39:35.0264590Z     CFLAGS="-I/usr/local/opt/openssl@3/include"
2022-12-27T11:39:35.0264850Z     LDFLAGS="-L/usr/local/opt/openssl@3/lib"
2022-12-27T11:39:35.0265140Z     CPPFLAGS="-I/usr/local/opt/openssl@3/include"
2022-12-27T11:39:35.0265480Z     MAKEFLAGS="-j$(sysctl -n hw.logicalcpu)"
2022-12-27T11:39:35.0265750Z     PATH=/usr/local/opt/ccache/libexec:$PATH[0m
2022-12-27T11:39:35.0266030Z   [38;5;244mmanylinux_images: None[0m
2022-12-27T11:39:35.0266290Z   [38;5;244mmusllinux_images: None[0m
2022-12-27T11:39:35.0266700Z   [38;5;244mrepair_command: delocate-wheel --require-archs {delocate_archs} -w {dest_dir} -v {wheel}[0m
2022-12-27T11:39:35.0267280Z   [38;5;244mtest_command: [0m
2022-12-27T11:39:35.0267530Z   [38;5;244mtest_extras: [0m
2022-12-27T11:39:35.0267770Z   [38;5;244mtest_requires: [0m
2022-12-27T11:39:35.0267860Z 
2022-12-27T11:39:35.0267980Z Cache folder: /Users/runner/Library/Caches/cibuildwheel
2022-12-27T11:39:35.0275290Z 
2022-12-27T11:39:35.0275700Z Here we go!
2022-12-27T11:39:35.0275850Z 
2022-12-27T11:39:35.0401710Z 
2022-12-27T11:39:35.0402180Z [1m[34mBuilding cp38-macosx_arm64 wheel[0m
2022-12-27T11:39:35.0402590Z CPython 3.8 macOS arm64 - Apple Silicon
2022-12-27T11:39:35.0402750Z 
2022-12-27T11:39:35.0406110Z ##[group]Installing Python cp38...
2022-12-27T11:39:35.0406330Z 
2022-12-27T11:39:35.0407290Z + pkgutil --pkgs
2022-12-27T11:39:35.0513500Z ##[endgroup]
2022-12-27T11:39:35.0514450Z                                                               [32mâœ“ [0m0.01s
2022-12-27T11:39:35.0514980Z ##[group]Setting up build environment...
2022-12-27T11:39:35.0515550Z 
2022-12-27T11:39:35.0534350Z + /Users/runner/hostedtoolcache/Python/3.8.15/x64/bin/python -sS /Users/runner/Library/Caches/cibuildwheel/virtualenv-20.17.0.pyz --activators= --no-periodic-update --pip=22.3.1 --setuptools=65.6.3 --wheel=0.38.4 --symlink-app-data --python /Library/Frameworks/Python.framework/Versions/3.8/bin/python3 /private/var/folders/51/hd414ycd67n82196sw51xqtc0000gn/T/cibw-run-cgsa0cxi/cp38-macosx_arm64/build/venv
2022-12-27T11:39:35.2491300Z created virtual environment CPython3.8.10.final.0-64 in 48ms
2022-12-27T11:39:35.2492170Z   creator CPython3Posix(dest=/private/var/folders/51/hd414ycd67n82196sw51xqtc0000gn/T/cibw-run-cgsa0cxi/cp38-macosx_arm64/build/venv, clear=False, no_vcs_ignore=False, global=False)
2022-12-27T11:39:35.2492970Z   seeder FromAppData(download=False, pip=22.3.1, setuptools=65.6.3, wheel=0.38.4, via=symlink, app_data_dir=/Users/runner/Library/Application Support/virtualenv)
2022-12-27T11:39:35.2493370Z     added seed packages: pip==22.3.1, setuptools==65.6.3, wheel==0.38.4
2022-12-27T11:39:35.2628410Z + python -m pip install --upgrade pip -c /Users/runner/hostedtoolcache/Python/3.8.15/x64/lib/python3.8/site-packages/cibuildwheel/resources/constraints-python38.txt
2022-12-27T11:39:35.5678430Z Requirement already satisfied: pip in ./lib/python3.8/site-packages (22.3.1)
2022-12-27T11:39:35.7068050Z + which pip
2022-12-27T11:39:35.7089380Z /private/var/folders/51/hd414ycd67n82196sw51xqtc0000gn/T/cibw-run-cgsa0cxi/cp38-macosx_arm64/build/venv/bin/pip
2022-12-27T11:39:35.7091530Z + pip --version
2022-12-27T11:39:35.9317570Z pip 22.3.1 from /private/var/folders/51/hd414ycd67n82196sw51xqtc0000gn/T/cibw-run-cgsa0cxi/cp38-macosx_arm64/build/venv/lib/python3.8/site-packages/pip (python 3.8)
2022-12-27T11:39:35.9530120Z + which pip
2022-12-27T11:39:35.9557640Z + which python
2022-12-27T11:39:35.9576100Z /private/var/folders/51/hd414ycd67n82196sw51xqtc0000gn/T/cibw-run-cgsa0cxi/cp38-macosx_arm64/build/venv/bin/python
2022-12-27T11:39:35.9578390Z + python --version
2022-12-27T11:39:35.9625950Z Python 3.8.10
2022-12-27T11:39:35.9629110Z + which python
2022-12-27T11:39:35.9688090Z ##[endgroup]
2022-12-27T11:39:35.9688640Z                                                               [32mâœ“ [0m0.92s
2022-12-27T11:39:35.9689390Z ##[group]Installing build tools...
2022-12-27T11:39:35.9689560Z 
2022-12-27T11:39:35.9690070Z + pip install --upgrade setuptools wheel delocate -c /Users/runner/hostedtoolcache/Python/3.8.15/x64/lib/python3.8/site-packages/cibuildwheel/resources/constraints-python38.txt
2022-12-27T11:39:36.2729040Z Requirement already satisfied: setuptools in /private/var/folders/51/hd414ycd67n82196sw51xqtc0000gn/T/cibw-run-cgsa0cxi/cp38-macosx_arm64/build/venv/lib/python3.8/site-packages (65.6.3)
2022-12-27T11:39:36.5000210Z Requirement already satisfied: wheel in /private/var/folders/51/hd414ycd67n82196sw51xqtc0000gn/T/cibw-run-cgsa0cxi/cp38-macosx_arm64/build/venv/lib/python3.8/site-packages (0.38.4)
2022-12-27T11:39:36.5525700Z Collecting delocate
2022-12-27T11:39:36.5553100Z   Using cached delocate-0.10.3-py3-none-any.whl (142 kB)
2022-12-27T11:39:36.5862760Z Collecting packaging>=20.9
2022-12-27T11:39:36.5885000Z   Using cached packaging-21.3-py3-none-any.whl (40 kB)
2022-12-27T11:39:36.6058240Z Collecting typing-extensions
2022-12-27T11:39:36.6079320Z   Using cached typing_extensions-4.4.0-py3-none-any.whl (26 kB)
2022-12-27T11:39:36.6428710Z Collecting pyparsing!=3.0.5,>=2.0.2
2022-12-27T11:39:36.6452020Z   Using cached pyparsing-3.0.9-py3-none-any.whl (98 kB)
2022-12-27T11:39:36.6814270Z Installing collected packages: typing-extensions, pyparsing, packaging, delocate
2022-12-27T11:39:36.8144660Z Successfully installed delocate-0.10.3 packaging-21.3 pyparsing-3.0.9 typing-extensions-4.4.0
2022-12-27T11:39:36.8591160Z ##[endgroup]
2022-12-27T11:39:36.8591800Z                                                               [32mâœ“ [0m0.89s
2022-12-27T11:39:36.8592340Z ##[group]Running before_build...
2022-12-27T11:39:36.8592510Z 
2022-12-27T11:39:36.8599040Z + pip install Cython; if [[ -f requirements.txt ]]; then pip install -r requirements.txt; fi
2022-12-27T11:39:37.5396890Z Collecting Cython
2022-12-27T11:39:37.5449500Z   Using cached Cython-0.29.32-py2.py3-none-any.whl (986 kB)
2022-12-27T11:39:37.5924020Z Installing collected packages: Cython
2022-12-27T11:39:38.0188230Z Successfully installed Cython-0.29.32
2022-12-27T11:39:38.0630170Z ##[endgroup]
2022-12-27T11:39:38.0630960Z                                                               [32mâœ“ [0m1.20s
2022-12-27T11:39:38.0631700Z ##[group]Building wheel...
2022-12-27T11:39:38.0631840Z 
2022-12-27T11:39:38.0637000Z + python -m pip wheel /Users/runner/actions-runner/_work/python.build/python.build/build_lxml330beta538/lxml-3.3.0beta5 --wheel-dir=/private/var/folders/51/hd414ycd67n82196sw51xqtc0000gn/T/cibw-run-cgsa0cxi/cp38-macosx_arm64/built_wheel --no-deps -vvv
2022-12-27T11:39:38.3426270Z Created temporary directory: /private/var/folders/51/hd414ycd67n82196sw51xqtc0000gn/T/pip-ephem-wheel-cache-_s4p5dzt
2022-12-27T11:39:38.3431550Z Created temporary directory: /private/var/folders/51/hd414ycd67n82196sw51xqtc0000gn/T/pip-build-tracker-ptwog3pc
2022-12-27T11:39:38.3433210Z Initialized build tracking at /private/var/folders/51/hd414ycd67n82196sw51xqtc0000gn/T/pip-build-tracker-ptwog3pc
2022-12-27T11:39:38.3434770Z Created build tracker: /private/var/folders/51/hd414ycd67n82196sw51xqtc0000gn/T/pip-build-tracker-ptwog3pc
2022-12-27T11:39:38.3436170Z Entered build tracker: /private/var/folders/51/hd414ycd67n82196sw51xqtc0000gn/T/pip-build-tracker-ptwog3pc
2022-12-27T11:39:38.3439650Z Created temporary directory: /private/var/folders/51/hd414ycd67n82196sw51xqtc0000gn/T/pip-wheel-9lf3p1z4
2022-12-27T11:39:38.3445810Z Created temporary directory: /private/var/folders/51/hd414ycd67n82196sw51xqtc0000gn/T/pip-ephem-wheel-cache-amac2o6q
2022-12-27T11:39:38.3525120Z Processing /Users/runner/actions-runner/_work/python.build/python.build/build_lxml330beta538/lxml-3.3.0beta5
2022-12-27T11:39:38.3529950Z   Added file:///Users/runner/actions-runner/_work/python.build/python.build/build_lxml330beta538/lxml-3.3.0beta5 to build tracker '/private/var/folders/51/hd414ycd67n82196sw51xqtc0000gn/T/pip-build-tracker-ptwog3pc'
2022-12-27T11:39:38.3533740Z   Running setup.py (path:/Users/runner/actions-runner/_work/python.build/python.build/build_lxml330beta538/lxml-3.3.0beta5/setup.py) egg_info for package from file:///Users/runner/actions-runner/_work/python.build/python.build/build_lxml330beta538/lxml-3.3.0beta5
2022-12-27T11:39:38.3536520Z   Created temporary directory: /private/var/folders/51/hd414ycd67n82196sw51xqtc0000gn/T/pip-pip-egg-info-dxhdcn25
2022-12-27T11:39:38.3537940Z   Preparing metadata (setup.py): started
2022-12-27T11:39:38.3539900Z   Running command python setup.py egg_info
2022-12-27T11:39:38.7145720Z   Building lxml version 3.3.0.beta5.
2022-12-27T11:39:38.7146820Z   Building without Cython.
2022-12-27T11:39:38.7148480Z   Using build configuration of libxslt 1.1.29
2022-12-27T11:39:38.7150360Z   Building against libxml2/libxslt in the following directory: /Library/Developer/CommandLineTools/SDKs/MacOSX12.1.sdk/usr/lib
2022-12-27T11:39:38.7151400Z   running egg_info
2022-12-27T11:39:38.7154580Z   creating /private/var/folders/51/hd414ycd67n82196sw51xqtc0000gn/T/pip-pip-egg-info-dxhdcn25/lxml.egg-info
2022-12-27T11:39:38.7155650Z   writing /private/var/folders/51/hd414ycd67n82196sw51xqtc0000gn/T/pip-pip-egg-info-dxhdcn25/lxml.egg-info/PKG-INFO
2022-12-27T11:39:38.7159970Z   writing dependency_links to /private/var/folders/51/hd414ycd67n82196sw51xqtc0000gn/T/pip-pip-egg-info-dxhdcn25/lxml.egg-info/dependency_links.txt
2022-12-27T11:39:38.7163950Z   writing top-level names to /private/var/folders/51/hd414ycd67n82196sw51xqtc0000gn/T/pip-pip-egg-info-dxhdcn25/lxml.egg-info/top_level.txt
2022-12-27T11:39:38.7168570Z   writing manifest file '/private/var/folders/51/hd414ycd67n82196sw51xqtc0000gn/T/pip-pip-egg-info-dxhdcn25/lxml.egg-info/SOURCES.txt'
2022-12-27T11:39:38.7254430Z   reading manifest file '/private/var/folders/51/hd414ycd67n82196sw51xqtc0000gn/T/pip-pip-egg-info-dxhdcn25/lxml.egg-info/SOURCES.txt'
2022-12-27T11:39:38.7256410Z   reading manifest template 'MANIFEST.in'
2022-12-27T11:39:38.8432120Z   adding license file 'LICENSES.txt'
2022-12-27T11:39:38.8496760Z   writing manifest file '/private/var/folders/51/hd414ycd67n82196sw51xqtc0000gn/T/pip-pip-egg-info-dxhdcn25/lxml.egg-info/SOURCES.txt'
2022-12-27T11:39:38.8499170Z   /private/var/folders/51/hd414ycd67n82196sw51xqtc0000gn/T/cibw-run-cgsa0cxi/cp38-macosx_arm64/build/venv/lib/python3.8/site-packages/setuptools/_distutils/dist.py:265: UserWarning: Unknown distribution option: 'bugtrack_url'
2022-12-27T11:39:38.8500340Z     warnings.warn(msg)
2022-12-27T11:39:38.8503240Z   /private/var/folders/51/hd414ycd67n82196sw51xqtc0000gn/T/cibw-run-cgsa0cxi/cp38-macosx_arm64/build/venv/lib/python3.8/site-packages/setuptools/dist.py:529: UserWarning: Normalizing '3.3.0beta5' to '3.3.0b5'
2022-12-27T11:39:38.8503850Z     warnings.warn(tmpl.format(**locals()))
2022-12-27T11:39:38.8747430Z   Preparing metadata (setup.py): finished with status 'done'
2022-12-27T11:39:38.8774060Z   Source in /Users/runner/actions-runner/_work/python.build/python.build/build_lxml330beta538/lxml-3.3.0beta5 has version 3.3.0b5, which satisfies requirement lxml==3.3.0b5 from file:///Users/runner/actions-runner/_work/python.build/python.build/build_lxml330beta538/lxml-3.3.0beta5
2022-12-27T11:39:38.8777560Z   Removed lxml==3.3.0b5 from file:///Users/runner/actions-runner/_work/python.build/python.build/build_lxml330beta538/lxml-3.3.0beta5 from build tracker '/private/var/folders/51/hd414ycd67n82196sw51xqtc0000gn/T/pip-build-tracker-ptwog3pc'
2022-12-27T11:39:38.8902160Z Created temporary directory: /private/var/folders/51/hd414ycd67n82196sw51xqtc0000gn/T/pip-unpack-0mfdjwi0
2022-12-27T11:39:38.8904060Z Building wheels for collected packages: lxml
2022-12-27T11:39:38.8910520Z   Created temporary directory: /private/var/folders/51/hd414ycd67n82196sw51xqtc0000gn/T/pip-wheel-1nlegmh9
2022-12-27T11:39:38.8912100Z   Building wheel for lxml (setup.py): started
2022-12-27T11:39:38.8914140Z   Destination directory: /private/var/folders/51/hd414ycd67n82196sw51xqtc0000gn/T/pip-wheel-1nlegmh9
2022-12-27T11:39:38.8915600Z   Running command python setup.py bdist_wheel
2022-12-27T11:39:39.1337400Z   Building lxml version 3.3.0.beta5.
2022-12-27T11:39:39.1338960Z   Building without Cython.
2022-12-27T11:39:39.1467190Z   Using build configuration of libxslt 1.1.29
2022-12-27T11:39:39.2429040Z   Building against libxml2/libxslt in the following directory: /Library/Developer/CommandLineTools/SDKs/MacOSX12.1.sdk/usr/lib
2022-12-27T11:39:39.2512340Z   /private/var/folders/51/hd414ycd67n82196sw51xqtc0000gn/T/cibw-run-cgsa0cxi/cp38-macosx_arm64/build/venv/lib/python3.8/site-packages/setuptools/_distutils/dist.py:265: UserWarning: Unknown distribution option: 'bugtrack_url'
2022-12-27T11:39:39.2513630Z     warnings.warn(msg)
2022-12-27T11:39:39.2538470Z   /private/var/folders/51/hd414ycd67n82196sw51xqtc0000gn/T/cibw-run-cgsa0cxi/cp38-macosx_arm64/build/venv/lib/python3.8/site-packages/setuptools/dist.py:529: UserWarning: Normalizing '3.3.0beta5' to '3.3.0b5'
2022-12-27T11:39:39.2539880Z     warnings.warn(tmpl.format(**locals()))
2022-12-27T11:39:39.2681080Z   running bdist_wheel
2022-12-27T11:39:39.2722110Z   running build
2022-12-27T11:39:39.2724330Z   running build_py
2022-12-27T11:39:39.2744410Z   creating build
2022-12-27T11:39:39.2746570Z   creating build/lib.macosx-11.0-arm64-cpython-38
2022-12-27T11:39:39.2748610Z   creating build/lib.macosx-11.0-arm64-cpython-38/lxml
2022-12-27T11:39:39.2750300Z   copying src/lxml/_elementpath.py -> build/lib.macosx-11.0-arm64-cpython-38/lxml
2022-12-27T11:39:39.2752060Z   copying src/lxml/sax.py -> build/lib.macosx-11.0-arm64-cpython-38/lxml
2022-12-27T11:39:39.2753670Z   copying src/lxml/pyclasslookup.py -> build/lib.macosx-11.0-arm64-cpython-38/lxml
2022-12-27T11:39:39.2759270Z   copying src/lxml/__init__.py -> build/lib.macosx-11.0-arm64-cpython-38/lxml
2022-12-27T11:39:39.2761840Z   copying src/lxml/builder.py -> build/lib.macosx-11.0-arm64-cpython-38/lxml
2022-12-27T11:39:39.2764170Z   copying src/lxml/doctestcompare.py -> build/lib.macosx-11.0-arm64-cpython-38/lxml
2022-12-27T11:39:39.2766270Z   copying src/lxml/usedoctest.py -> build/lib.macosx-11.0-arm64-cpython-38/lxml
2022-12-27T11:39:39.2768190Z   copying src/lxml/cssselect.py -> build/lib.macosx-11.0-arm64-cpython-38/lxml
2022-12-27T11:39:39.2769850Z   copying src/lxml/ElementInclude.py -> build/lib.macosx-11.0-arm64-cpython-38/lxml
2022-12-27T11:39:39.2774110Z   creating build/lib.macosx-11.0-arm64-cpython-38/lxml/includes
2022-12-27T11:39:39.2775750Z   copying src/lxml/includes/__init__.py -> build/lib.macosx-11.0-arm64-cpython-38/lxml/includes
2022-12-27T11:39:39.2782080Z   creating build/lib.macosx-11.0-arm64-cpython-38/lxml/html
2022-12-27T11:39:39.2784450Z   copying src/lxml/html/soupparser.py -> build/lib.macosx-11.0-arm64-cpython-38/lxml/html
2022-12-27T11:39:39.2786910Z   copying src/lxml/html/defs.py -> build/lib.macosx-11.0-arm64-cpython-38/lxml/html
2022-12-27T11:39:39.2788720Z   copying src/lxml/html/_setmixin.py -> build/lib.macosx-11.0-arm64-cpython-38/lxml/html
2022-12-27T11:39:39.2792260Z   copying src/lxml/html/clean.py -> build/lib.macosx-11.0-arm64-cpython-38/lxml/html
2022-12-27T11:39:39.2794220Z   copying src/lxml/html/_diffcommand.py -> build/lib.macosx-11.0-arm64-cpython-38/lxml/html
2022-12-27T11:39:39.2796720Z   copying src/lxml/html/html5parser.py -> build/lib.macosx-11.0-arm64-cpython-38/lxml/html
2022-12-27T11:39:39.2799940Z   copying src/lxml/html/__init__.py -> build/lib.macosx-11.0-arm64-cpython-38/lxml/html
2022-12-27T11:39:39.2802450Z   copying src/lxml/html/formfill.py -> build/lib.macosx-11.0-arm64-cpython-38/lxml/html
2022-12-27T11:39:39.2804980Z   copying src/lxml/html/builder.py -> build/lib.macosx-11.0-arm64-cpython-38/lxml/html
2022-12-27T11:39:39.2807370Z   copying src/lxml/html/ElementSoup.py -> build/lib.macosx-11.0-arm64-cpython-38/lxml/html
2022-12-27T11:39:39.2809890Z   copying src/lxml/html/_html5builder.py -> build/lib.macosx-11.0-arm64-cpython-38/lxml/html
2022-12-27T11:39:39.2812300Z   copying src/lxml/html/usedoctest.py -> build/lib.macosx-11.0-arm64-cpython-38/lxml/html
2022-12-27T11:39:39.2815530Z   copying src/lxml/html/diff.py -> build/lib.macosx-11.0-arm64-cpython-38/lxml/html
2022-12-27T11:39:39.2819630Z   creating build/lib.macosx-11.0-arm64-cpython-38/lxml/isoschematron
2022-12-27T11:39:39.2821380Z   copying src/lxml/isoschematron/__init__.py -> build/lib.macosx-11.0-arm64-cpython-38/lxml/isoschematron
2022-12-27T11:39:39.2844950Z   copying src/lxml/lxml.etree.h -> build/lib.macosx-11.0-arm64-cpython-38/lxml
2022-12-27T11:39:39.2848660Z   copying src/lxml/lxml.etree_api.h -> build/lib.macosx-11.0-arm64-cpython-38/lxml
2022-12-27T11:39:39.2852320Z   copying src/lxml/includes/xmlerror.pxd -> build/lib.macosx-11.0-arm64-cpython-38/lxml/includes
2022-12-27T11:39:39.2855560Z   copying src/lxml/includes/c14n.pxd -> build/lib.macosx-11.0-arm64-cpython-38/lxml/includes
2022-12-27T11:39:39.2858760Z   copying src/lxml/includes/xmlschema.pxd -> build/lib.macosx-11.0-arm64-cpython-38/lxml/includes
2022-12-27T11:39:39.2861830Z   copying src/lxml/includes/schematron.pxd -> build/lib.macosx-11.0-arm64-cpython-38/lxml/includes
2022-12-27T11:39:39.2864030Z   copying src/lxml/includes/tree.pxd -> build/lib.macosx-11.0-arm64-cpython-38/lxml/includes
2022-12-27T11:39:39.2867410Z   copying src/lxml/includes/uri.pxd -> build/lib.macosx-11.0-arm64-cpython-38/lxml/includes
2022-12-27T11:39:39.2870100Z   copying src/lxml/includes/etreepublic.pxd -> build/lib.macosx-11.0-arm64-cpython-38/lxml/includes
2022-12-27T11:39:39.2873330Z   copying src/lxml/includes/xpath.pxd -> build/lib.macosx-11.0-arm64-cpython-38/lxml/includes
2022-12-27T11:39:39.2875520Z   copying src/lxml/includes/htmlparser.pxd -> build/lib.macosx-11.0-arm64-cpython-38/lxml/includes
2022-12-27T11:39:39.2878520Z   copying src/lxml/includes/xslt.pxd -> build/lib.macosx-11.0-arm64-cpython-38/lxml/includes
2022-12-27T11:39:39.2881370Z   copying src/lxml/includes/config.pxd -> build/lib.macosx-11.0-arm64-cpython-38/lxml/includes
2022-12-27T11:39:39.2884010Z   copying src/lxml/includes/xmlparser.pxd -> build/lib.macosx-11.0-arm64-cpython-38/lxml/includes
2022-12-27T11:39:39.2886890Z   copying src/lxml/includes/xinclude.pxd -> build/lib.macosx-11.0-arm64-cpython-38/lxml/includes
2022-12-27T11:39:39.2889560Z   copying src/lxml/includes/dtdvalid.pxd -> build/lib.macosx-11.0-arm64-cpython-38/lxml/includes
2022-12-27T11:39:39.2892480Z   copying src/lxml/includes/relaxng.pxd -> build/lib.macosx-11.0-arm64-cpython-38/lxml/includes
2022-12-27T11:39:39.2895340Z   copying src/lxml/includes/lxml-version.h -> build/lib.macosx-11.0-arm64-cpython-38/lxml/includes
2022-12-27T11:39:39.2898010Z   copying src/lxml/includes/etree_defs.h -> build/lib.macosx-11.0-arm64-cpython-38/lxml/includes
2022-12-27T11:39:39.2902290Z   creating build/lib.macosx-11.0-arm64-cpython-38/lxml/isoschematron/resources
2022-12-27T11:39:39.2903880Z   creating build/lib.macosx-11.0-arm64-cpython-38/lxml/isoschematron/resources/rng
2022-12-27T11:39:39.2905970Z   copying src/lxml/isoschematron/resources/rng/iso-schematron.rng -> build/lib.macosx-11.0-arm64-cpython-38/lxml/isoschematron/resources/rng
2022-12-27T11:39:39.2907410Z   creating build/lib.macosx-11.0-arm64-cpython-38/lxml/isoschematron/resources/xsl
2022-12-27T11:39:39.2909260Z   copying src/lxml/isoschematron/resources/xsl/XSD2Schtrn.xsl -> build/lib.macosx-11.0-arm64-cpython-38/lxml/isoschematron/resources/xsl
2022-12-27T11:39:39.2910890Z   copying src/lxml/isoschematron/resources/xsl/RNG2Schtrn.xsl -> build/lib.macosx-11.0-arm64-cpython-38/lxml/isoschematron/resources/xsl
2022-12-27T11:39:39.2914460Z   creating build/lib.macosx-11.0-arm64-cpython-38/lxml/isoschematron/resources/xsl/iso-schematron-xslt1
2022-12-27T11:39:39.2916810Z   copying src/lxml/isoschematron/resources/xsl/iso-schematron-xslt1/iso_abstract_expand.xsl -> build/lib.macosx-11.0-arm64-cpython-38/lxml/isoschematron/resources/xsl/iso-schematron-xslt1
2022-12-27T11:39:39.2918470Z   copying src/lxml/isoschematron/resources/xsl/iso-schematron-xslt1/iso_dsdl_include.xsl -> build/lib.macosx-11.0-arm64-cpython-38/lxml/isoschematron/resources/xsl/iso-schematron-xslt1
2022-12-27T11:39:39.2921710Z   copying src/lxml/isoschematron/resources/xsl/iso-schematron-xslt1/iso_schematron_skeleton_for_xslt1.xsl -> build/lib.macosx-11.0-arm64-cpython-38/lxml/isoschematron/resources/xsl/iso-schematron-xslt1
2022-12-27T11:39:39.2925230Z   copying src/lxml/isoschematron/resources/xsl/iso-schematron-xslt1/iso_svrl_for_xslt1.xsl -> build/lib.macosx-11.0-arm64-cpython-38/lxml/isoschematron/resources/xsl/iso-schematron-xslt1
2022-12-27T11:39:39.2928690Z   copying src/lxml/isoschematron/resources/xsl/iso-schematron-xslt1/iso_schematron_message.xsl -> build/lib.macosx-11.0-arm64-cpython-38/lxml/isoschematron/resources/xsl/iso-schematron-xslt1
2022-12-27T11:39:39.2931290Z   copying src/lxml/isoschematron/resources/xsl/iso-schematron-xslt1/readme.txt -> build/lib.macosx-11.0-arm64-cpython-38/lxml/isoschematron/resources/xsl/iso-schematron-xslt1
2022-12-27T11:39:39.2944660Z   running build_ext
2022-12-27T11:39:39.3346140Z   building 'lxml.etree' extension
2022-12-27T11:39:39.3347790Z   creating build/temp.macosx-11.0-arm64-cpython-38
2022-12-27T11:39:39.3349320Z   creating build/temp.macosx-11.0-arm64-cpython-38/src
2022-12-27T11:39:39.3350840Z   creating build/temp.macosx-11.0-arm64-cpython-38/src/lxml
2022-12-27T11:39:39.3421720Z   gcc -Wno-unused-result -Wsign-compare -Wunreachable-code -fno-common -dynamic -DNDEBUG -g -fwrapv -O3 -Wall -g -I/usr/local/opt/openssl@3/include -I/usr/local/opt/openssl@3/include -arch arm64 -I/Library/Developer/CommandLineTools/SDKs/MacOSX12.1.sdk/usr/include -I/Users/runner/actions-runner/_work/python.build/python.build/build_lxml330beta538/lxml-3.3.0beta5/src/lxml/includes -I/private/var/folders/51/hd414ycd67n82196sw51xqtc0000gn/T/cibw-run-cgsa0cxi/cp38-macosx_arm64/build/venv/include -I/Library/Frameworks/Python.framework/Versions/3.8/include/python3.8 -c src/lxml/lxml.etree.c -o build/temp.macosx-11.0-arm64-cpython-38/src/lxml/lxml.etree.o -w -flat_namespace
2022-12-27T11:39:40.1289530Z   src/lxml/lxml.etree.c:194129:21: error: no member named 'exc_type' in 'struct _ts'
2022-12-27T11:39:40.1290680Z       *type = tstate->exc_type;
2022-12-27T11:39:40.1291870Z               ~~~~~~  ^
2022-12-27T11:39:40.1294090Z   src/lxml/lxml.etree.c:194130:22: error: no member named 'exc_value' in 'struct _ts'; did you mean 'curexc_value'?
2022-12-27T11:39:40.1294770Z       *value = tstate->exc_value;
2022-12-27T11:39:40.1296500Z                        ^~~~~~~~~
2022-12-27T11:39:40.1297580Z                        curexc_value
2022-12-27T11:39:40.1299410Z   /Library/Frameworks/Python.framework/Versions/3.8/include/python3.8/cpython/pystate.h:80:15: note: 'curexc_value' declared here
2022-12-27T11:39:40.1300400Z       PyObject *curexc_value;
2022-12-27T11:39:40.1302450Z                 ^
2022-12-27T11:39:40.1303650Z   src/lxml/lxml.etree.c:194131:19: error: no member named 'exc_traceback' in 'struct _ts'; did you mean 'curexc_traceback'?
2022-12-27T11:39:40.1304780Z       *tb = tstate->exc_traceback;
2022-12-27T11:39:40.1305920Z                     ^~~~~~~~~~~~~
2022-12-27T11:39:40.1307160Z                     curexc_traceback
2022-12-27T11:39:40.1308880Z   /Library/Frameworks/Python.framework/Versions/3.8/include/python3.8/cpython/pystate.h:81:15: note: 'curexc_traceback' declared here
2022-12-27T11:39:40.1309820Z       PyObject *curexc_traceback;
2022-12-27T11:39:40.1311220Z                 ^
2022-12-27T11:39:40.1312740Z   src/lxml/lxml.etree.c:194143:24: error: no member named 'exc_type' in 'struct _ts'
2022-12-27T11:39:40.1313960Z       tmp_type = tstate->exc_type;
2022-12-27T11:39:40.1315130Z                  ~~~~~~  ^
2022-12-27T11:39:40.1316800Z   src/lxml/lxml.etree.c:194144:25: error: no member named 'exc_value' in 'struct _ts'; did you mean 'curexc_value'?
2022-12-27T11:39:40.1317930Z       tmp_value = tstate->exc_value;
2022-12-27T11:39:40.1319210Z                           ^~~~~~~~~
2022-12-27T11:39:40.1320490Z                           curexc_value
2022-12-27T11:39:40.1322240Z   /Library/Frameworks/Python.framework/Versions/3.8/include/python3.8/cpython/pystate.h:80:15: note: 'curexc_value' declared here
2022-12-27T11:39:40.1323280Z       PyObject *curexc_value;
2022-12-27T11:39:40.1324620Z                 ^
2022-12-27T11:39:40.1326390Z   src/lxml/lxml.etree.c:194145:22: error: no member named 'exc_traceback' in 'struct _ts'; did you mean 'curexc_traceback'?
2022-12-27T11:39:40.1327720Z       tmp_tb = tstate->exc_traceback;
2022-12-27T11:39:40.1328890Z                        ^~~~~~~~~~~~~
2022-12-27T11:39:40.1330350Z                        curexc_traceback
2022-12-27T11:39:40.1331980Z   /Library/Frameworks/Python.framework/Versions/3.8/include/python3.8/cpython/pystate.h:81:15: note: 'curexc_traceback' declared here
2022-12-27T11:39:40.1333130Z       PyObject *curexc_traceback;
2022-12-27T11:39:40.1334410Z                 ^
2022-12-27T11:39:40.1335870Z   src/lxml/lxml.etree.c:194146:13: error: no member named 'exc_type' in 'struct _ts'
2022-12-27T11:39:40.1337280Z       tstate->exc_type = type;
2022-12-27T11:39:40.1338410Z       ~~~~~~  ^
2022-12-27T11:39:40.1339980Z   src/lxml/lxml.etree.c:194147:13: error: no member named 'exc_value' in 'struct _ts'; did you mean 'curexc_value'?
2022-12-27T11:39:40.1341270Z       tstate->exc_value = value;
2022-12-27T11:39:40.1342490Z               ^~~~~~~~~
2022-12-27T11:39:40.1343830Z               curexc_value
2022-12-27T11:39:40.1345370Z   /Library/Frameworks/Python.framework/Versions/3.8/include/python3.8/cpython/pystate.h:80:15: note: 'curexc_value' declared here
2022-12-27T11:39:40.1346550Z       PyObject *curexc_value;
2022-12-27T11:39:40.1347830Z                 ^
2022-12-27T11:39:40.1349460Z   src/lxml/lxml.etree.c:194148:13: error: no member named 'exc_traceback' in 'struct _ts'; did you mean 'curexc_traceback'?
2022-12-27T11:39:40.1350610Z       tstate->exc_traceback = tb;
2022-12-27T11:39:40.1351890Z               ^~~~~~~~~~~~~
2022-12-27T11:39:40.1353270Z               curexc_traceback
2022-12-27T11:39:40.1354950Z   /Library/Frameworks/Python.framework/Versions/3.8/include/python3.8/cpython/pystate.h:81:15: note: 'curexc_traceback' declared here
2022-12-27T11:39:40.1356060Z       PyObject *curexc_traceback;
2022-12-27T11:39:40.1357390Z                 ^
2022-12-27T11:39:40.1358900Z   src/lxml/lxml.etree.c:194191:24: error: no member named 'exc_type' in 'struct _ts'
2022-12-27T11:39:40.1360210Z       tmp_type = tstate->exc_type;
2022-12-27T11:39:40.1361440Z                  ~~~~~~  ^
2022-12-27T11:39:40.1363090Z   src/lxml/lxml.etree.c:194192:25: error: no member named 'exc_value' in 'struct _ts'; did you mean 'curexc_value'?
2022-12-27T11:39:40.1364270Z       tmp_value = tstate->exc_value;
2022-12-27T11:39:40.1365540Z                           ^~~~~~~~~
2022-12-27T11:39:40.1366800Z                           curexc_value
2022-12-27T11:39:40.1369040Z   /Library/Frameworks/Python.framework/Versions/3.8/include/python3.8/cpython/pystate.h:80:15: note: 'curexc_value' declared here
2022-12-27T11:39:40.1369710Z       PyObject *curexc_value;
2022-12-27T11:39:40.1371840Z                 ^
2022-12-27T11:39:40.1373640Z   src/lxml/lxml.etree.c:194193:22: error: no member named 'exc_traceback' in 'struct _ts'; did you mean 'curexc_traceback'?
2022-12-27T11:39:40.1374840Z       tmp_tb = tstate->exc_traceback;
2022-12-27T11:39:40.1376050Z                        ^~~~~~~~~~~~~
2022-12-27T11:39:40.1377400Z                        curexc_traceback
2022-12-27T11:39:40.1379060Z   /Library/Frameworks/Python.framework/Versions/3.8/include/python3.8/cpython/pystate.h:81:15: note: 'curexc_traceback' declared here
2022-12-27T11:39:40.1380150Z       PyObject *curexc_traceback;
2022-12-27T11:39:40.1381530Z                 ^
2022-12-27T11:39:40.1383040Z   src/lxml/lxml.etree.c:194194:13: error: no member named 'exc_type' in 'struct _ts'
2022-12-27T11:39:40.1384460Z       tstate->exc_type = local_type;
2022-12-27T11:39:40.1385660Z       ~~~~~~  ^
2022-12-27T11:39:40.1387320Z   src/lxml/lxml.etree.c:194195:13: error: no member named 'exc_value' in 'struct _ts'; did you mean 'curexc_value'?
2022-12-27T11:39:40.1388560Z       tstate->exc_value = local_value;
2022-12-27T11:39:40.1389810Z               ^~~~~~~~~
2022-12-27T11:39:40.1391030Z               curexc_value
2022-12-27T11:39:40.1392720Z   /Library/Frameworks/Python.framework/Versions/3.8/include/python3.8/cpython/pystate.h:80:15: note: 'curexc_value' declared here
2022-12-27T11:39:40.1393770Z       PyObject *curexc_value;
2022-12-27T11:39:40.1395100Z                 ^
2022-12-27T11:39:40.1396670Z   src/lxml/lxml.etree.c:194196:13: error: no member named 'exc_traceback' in 'struct _ts'; did you mean 'curexc_traceback'?
2022-12-27T11:39:40.1398040Z       tstate->exc_traceback = local_tb;
2022-12-27T11:39:40.1399290Z               ^~~~~~~~~~~~~
2022-12-27T11:39:40.1400700Z               curexc_traceback
2022-12-27T11:39:40.1402280Z   /Library/Frameworks/Python.framework/Versions/3.8/include/python3.8/cpython/pystate.h:81:15: note: 'curexc_traceback' declared here
2022-12-27T11:39:40.1403500Z       PyObject *curexc_traceback;
2022-12-27T11:39:40.1404770Z                 ^
2022-12-27T11:39:40.1406370Z   src/lxml/lxml.etree.c:194395:24: error: no member named 'exc_type' in 'struct _ts'
2022-12-27T11:39:40.1407630Z       tmp_type = tstate->exc_type;
2022-12-27T11:39:40.1408930Z                  ~~~~~~  ^
2022-12-27T11:39:40.1410410Z   src/lxml/lxml.etree.c:194396:25: error: no member named 'exc_value' in 'struct _ts'; did you mean 'curexc_value'?
2022-12-27T11:39:40.1411630Z       tmp_value = tstate->exc_value;
2022-12-27T11:39:40.1412890Z                           ^~~~~~~~~
2022-12-27T11:39:40.1414190Z                           curexc_value
2022-12-27T11:39:40.1415810Z   /Library/Frameworks/Python.framework/Versions/3.8/include/python3.8/cpython/pystate.h:80:15: note: 'curexc_value' declared here
2022-12-27T11:39:40.1417010Z       PyObject *curexc_value;
2022-12-27T11:39:40.1418250Z                 ^
2022-12-27T11:39:40.1419910Z   src/lxml/lxml.etree.c:194397:22: error: no member named 'exc_traceback' in 'struct _ts'; did you mean 'curexc_traceback'?
2022-12-27T11:39:40.1421040Z       tmp_tb = tstate->exc_traceback;
2022-12-27T11:39:40.1422310Z                        ^~~~~~~~~~~~~
2022-12-27T11:39:40.1423670Z                        curexc_traceback
2022-12-27T11:39:40.1425330Z   /Library/Frameworks/Python.framework/Versions/3.8/include/python3.8/cpython/pystate.h:81:15: note: 'curexc_traceback' declared here
2022-12-27T11:39:40.1426490Z       PyObject *curexc_traceback;
2022-12-27T11:39:40.1427680Z                 ^
2022-12-27T11:39:40.1429370Z   src/lxml/lxml.etree.c:194398:13: error: no member named 'exc_type' in 'struct _ts'
2022-12-27T11:39:40.1430510Z       tstate->exc_type = *type;
2022-12-27T11:39:40.1431780Z       ~~~~~~  ^
2022-12-27T11:39:40.1433420Z   fatal error: too many errors emitted, stopping now [-ferror-limit=]
2022-12-27T11:39:40.1487240Z   20 errors generated.
2022-12-27T11:39:40.1534640Z   error: command '/usr/bin/gcc' failed with exit code 1
2022-12-27T11:39:40.1863640Z   error: subprocess-exited-with-error
2022-12-27T11:39:40.1864040Z   
2022-12-27T11:39:40.1864520Z   Ã— python setup.py bdist_wheel did not run successfully.
2022-12-27T11:39:40.1864830Z   â”‚ exit code: 1
2022-12-27T11:39:40.1865070Z   â•°â”€> See above for output.
2022-12-27T11:39:40.1865340Z   
2022-12-27T11:39:40.1865640Z   note: This error originates from a subprocess, and is likely not a problem with pip.
2022-12-27T11:39:40.1873220Z   full command: /private/var/folders/51/hd414ycd67n82196sw51xqtc0000gn/T/cibw-run-cgsa0cxi/cp38-macosx_arm64/build/venv/bin/python -u -c '
2022-12-27T11:39:40.1874350Z   exec(compile('"'"''"'"''"'"'
2022-12-27T11:39:40.1875540Z   # This is <pip-setuptools-caller> -- a caller that pip uses to run setup.py
2022-12-27T11:39:40.1875970Z   #
2022-12-27T11:39:40.1876400Z   # - It imports setuptools before invoking setup.py, to enable projects that directly
2022-12-27T11:39:40.1876900Z   #   import from `distutils.core` to work with newer packaging standards.
2022-12-27T11:39:40.1877490Z   # - It provides a clear error message when setuptools is not installed.
2022-12-27T11:39:40.1878030Z   # - It sets `sys.argv[0]` to the underlying `setup.py`, when invoking `setup.py` so
2022-12-27T11:39:40.1878580Z   #   setuptools doesn'"'"'t think the script is `-c`. This avoids the following warning:
2022-12-27T11:39:40.1879200Z   #     manifest_maker: standard file '"'"'-c'"'"' not found".
2022-12-27T11:39:40.1880040Z   # - It generates a shim setup.py, for handling setup.cfg-only projects.
2022-12-27T11:39:40.1880630Z   import os, sys, tokenize
2022-12-27T11:39:40.1880940Z   
2022-12-27T11:39:40.1881210Z   try:
2022-12-27T11:39:40.1881450Z       import setuptools
2022-12-27T11:39:40.1881790Z   except ImportError as error:
2022-12-27T11:39:40.1882100Z       print(
2022-12-27T11:39:40.1882460Z           "ERROR: Can not execute `setup.py` since setuptools is not available in "
2022-12-27T11:39:40.1882800Z           "the build environment.",
2022-12-27T11:39:40.1883130Z           file=sys.stderr,
2022-12-27T11:39:40.1883980Z       )
2022-12-27T11:39:40.1884200Z       sys.exit(1)
2022-12-27T11:39:40.1884700Z   
2022-12-27T11:39:40.1884950Z   __file__ = %r
2022-12-27T11:39:40.1885200Z   sys.argv[0] = __file__
2022-12-27T11:39:40.1885560Z   
2022-12-27T11:39:40.1886120Z   if os.path.exists(__file__):
2022-12-27T11:39:40.1886390Z       filename = __file__
2022-12-27T11:39:40.1886710Z       with tokenize.open(__file__) as f:
2022-12-27T11:39:40.1887010Z           setup_py_code = f.read()
2022-12-27T11:39:40.1887260Z   else:
2022-12-27T11:39:40.1887690Z       filename = "<auto-generated setuptools caller>"
2022-12-27T11:39:40.1888040Z       setup_py_code = "from setuptools import setup; setup()"
2022-12-27T11:39:40.1888290Z   
2022-12-27T11:39:40.1888570Z   exec(compile(setup_py_code, filename, "exec"))
2022-12-27T11:39:40.1889380Z   '"'"''"'"''"'"' % ('"'"'/Users/runner/actions-runner/_work/python.build/python.build/build_lxml330beta538/lxml-3.3.0beta5/setup.py'"'"',), "<pip-setuptools-caller>", "exec"))' bdist_wheel -d /private/var/folders/51/hd414ycd67n82196sw51xqtc0000gn/T/pip-wheel-1nlegmh9
2022-12-27T11:39:40.1889970Z   cwd: /Users/runner/actions-runner/_work/python.build/python.build/build_lxml330beta538/lxml-3.3.0beta5/
2022-12-27T11:39:40.1890230Z   ERROR: Failed building wheel for lxml
2022-12-27T11:39:40.1890590Z   Building wheel for lxml (setup.py): finished with status 'error'
2022-12-27T11:39:40.1890910Z   Running command python setup.py clean
2022-12-27T11:39:40.1891150Z   Running setup.py clean for lxml
2022-12-27T11:39:40.4127700Z   Building lxml version 3.3.0.beta5.
2022-12-27T11:39:40.4129120Z   Building without Cython.
2022-12-27T11:39:40.4254660Z   Using build configuration of libxslt 1.1.29
2022-12-27T11:39:40.5205470Z   Building against libxml2/libxslt in the following directory: /Library/Developer/CommandLineTools/SDKs/MacOSX12.1.sdk/usr/lib
2022-12-27T11:39:40.5280590Z   /private/var/folders/51/hd414ycd67n82196sw51xqtc0000gn/T/cibw-run-cgsa0cxi/cp38-macosx_arm64/build/venv/lib/python3.8/site-packages/setuptools/_distutils/dist.py:265: UserWarning: Unknown distribution option: 'bugtrack_url'
2022-12-27T11:39:40.5281590Z     warnings.warn(msg)
2022-12-27T11:39:40.5306160Z   /private/var/folders/51/hd414ycd67n82196sw51xqtc0000gn/T/cibw-run-cgsa0cxi/cp38-macosx_arm64/build/venv/lib/python3.8/site-packages/setuptools/dist.py:529: UserWarning: Normalizing '3.3.0beta5' to '3.3.0b5'
2022-12-27T11:39:40.5307290Z     warnings.warn(tmpl.format(**locals()))
2022-12-27T11:39:40.5342680Z   running clean
2022-12-27T11:39:40.5370830Z   removing 'build/temp.macosx-11.0-arm64-cpython-38' (and everything under it)
2022-12-27T11:39:40.5374240Z   removing 'build/lib.macosx-11.0-arm64-cpython-38' (and everything under it)
2022-12-27T11:39:40.5424380Z   'build/bdist.macosx-11.0-arm64' does not exist -- can't clean it
2022-12-27T11:39:40.5426260Z   'build/scripts-3.8' does not exist -- can't clean it
2022-12-27T11:39:40.5427830Z   removing 'build'
2022-12-27T11:39:40.5670950Z Failed to build lxml
2022-12-27T11:39:40.5675860Z ERROR: Failed to build one or more wheels
2022-12-27T11:39:40.5685970Z Exception information:
2022-12-27T11:39:40.5686190Z Traceback (most recent call last):
2022-12-27T11:39:40.5695420Z   File "/private/var/folders/51/hd414ycd67n82196sw51xqtc0000gn/T/cibw-run-cgsa0cxi/cp38-macosx_arm64/build/venv/lib/python3.8/site-packages/pip/_internal/cli/base_command.py", line 160, in exc_logging_wrapper
2022-12-27T11:39:40.5695910Z     status = run_func(*args)
2022-12-27T11:39:40.5696630Z   File "/private/var/folders/51/hd414ycd67n82196sw51xqtc0000gn/T/cibw-run-cgsa0cxi/cp38-macosx_arm64/build/venv/lib/python3.8/site-packages/pip/_internal/cli/req_command.py", line 247, in wrapper
2022-12-27T11:39:40.5697040Z     return func(self, options, args)
2022-12-27T11:39:40.5697650Z   File "/private/var/folders/51/hd414ycd67n82196sw51xqtc0000gn/T/cibw-run-cgsa0cxi/cp38-macosx_arm64/build/venv/lib/python3.8/site-packages/pip/_internal/commands/wheel.py", line 201, in run
2022-12-27T11:39:40.5698500Z     raise CommandError("Failed to build one or more wheels")
2022-12-27T11:39:40.5698820Z pip._internal.exceptions.CommandError: Failed to build one or more wheels
2022-12-27T11:39:40.5699250Z Removed build tracker: '/private/var/folders/51/hd414ycd67n82196sw51xqtc0000gn/T/pip-build-tracker-ptwog3pc'
2022-12-27T11:39:40.6075730Z ##[endgroup]
2022-12-27T11:39:40.6076410Z                                                               [31mâœ• [0m2.54s
2022-12-27T11:39:40.6435570Z ##[error]Command ['python', '-m', 'pip', 'wheel', '/Users/runner/actions-runner/_work/python.build/python.build/build_lxml330beta538/lxml-3.3.0beta5', '--wheel-dir=/private/var/folders/51/hd414ycd67n82196sw51xqtc0000gn/T/cibw-run-cgsa0cxi/cp38-macosx_arm64/built_wheel', '--no-deps', '-vvv'] failed with code 1. None
2022-12-27T11:39:40.6441900Z 
2022-12-27T11:39:40.6559650Z ##[error]Process completed with exit code 1.
2022-12-27T11:39:40.6591960Z ##[group]Run rm -rf build_lxml330beta538 wheelsout
2022-12-27T11:39:40.6592150Z [36;1mrm -rf build_lxml330beta538 wheelsout[0m
2022-12-27T11:39:40.6606630Z shell: /bin/bash -e {0}
2022-12-27T11:39:40.6606740Z env:
2022-12-27T11:39:40.6606890Z   pythonLocation: /Users/runner/hostedtoolcache/Python/3.8.15/x64
2022-12-27T11:39:40.6607080Z   PKG_CONFIG_PATH: /Users/runner/hostedtoolcache/Python/3.8.15/x64/lib/pkgconfig
2022-12-27T11:39:40.6607260Z   Python_ROOT_DIR: /Users/runner/hostedtoolcache/Python/3.8.15/x64
2022-12-27T11:39:40.6607440Z   Python2_ROOT_DIR: /Users/runner/hostedtoolcache/Python/3.8.15/x64
2022-12-27T11:39:40.6607610Z   Python3_ROOT_DIR: /Users/runner/hostedtoolcache/Python/3.8.15/x64
2022-12-27T11:39:40.6607750Z ##[endgroup]
2022-12-27T11:39:40.7146940Z Cleaning up orphan processes
