2022-12-27T07:29:37.6544374Z Requested labels: self-hosted, macOS, X64
2022-12-27T07:29:37.6544451Z Job defined at: kilnbuild/python.build/.github/workflows/mac_arm_build.yml@refs/heads/main
2022-12-27T07:29:37.6544476Z Waiting for a runner to pick up this job...
2022-12-27T10:59:08.1888324Z Job is about to start running on the runner: k2 (organization)
2022-12-27T10:59:11.4540050Z Current runner version: '2.300.2'
2022-12-27T10:59:11.4544890Z Runner name: 'k2'
2022-12-27T10:59:11.4545130Z Runner group name: 'Default'
2022-12-27T10:59:11.4545600Z Machine name: 'k2'
2022-12-27T10:59:11.4547050Z ##[group]GITHUB_TOKEN Permissions
2022-12-27T10:59:11.4547450Z Actions: write
2022-12-27T10:59:11.4547590Z Checks: write
2022-12-27T10:59:11.4547720Z Contents: write
2022-12-27T10:59:11.4547850Z Deployments: write
2022-12-27T10:59:11.4547980Z Discussions: write
2022-12-27T10:59:11.4548110Z Issues: write
2022-12-27T10:59:11.4548230Z Metadata: read
2022-12-27T10:59:11.4548360Z Packages: write
2022-12-27T10:59:11.4548490Z Pages: write
2022-12-27T10:59:11.4548620Z PullRequests: write
2022-12-27T10:59:11.4548790Z RepositoryProjects: write
2022-12-27T10:59:11.4548940Z SecurityEvents: write
2022-12-27T10:59:11.4549080Z Statuses: write
2022-12-27T10:59:11.4549210Z ##[endgroup]
2022-12-27T10:59:11.4551820Z Secret source: Actions
2022-12-27T10:59:11.4552130Z Prepare workflow directory
2022-12-27T10:59:11.5205370Z Prepare all required actions
2022-12-27T10:59:11.5329160Z Getting action download info
2022-12-27T10:59:11.9796530Z Download action repository 'actions/setup-python@v4' (SHA:5ccb29d8773c3f3f653e1705f474dfaa8a06a912)
2022-12-27T10:59:13.7731670Z Download action repository 'actions/upload-artifact@v3' (SHA:83fd05a356d7e2593de66fc9913b3002723633cb)
2022-12-27T10:59:15.0976190Z ##[group]Run echo '{
2022-12-27T10:59:15.0976490Z [36;1mecho '{[0m
2022-12-27T10:59:15.0976750Z [36;1m  "environment_variables": "GRPC_PYTHON_BUILD_WITH_CYTHON=1 GRPC_BUILD_WITH_BORING_SSL_ASM='' GRPC_PYTHON_BUILD_SYSTEM_OPENSSL=TRUE",[0m
2022-12-27T10:59:15.0977030Z [36;1m  "package_name": "grpcio-tools",[0m
2022-12-27T10:59:15.0977310Z [36;1m  "package_url": "https://files.pythonhosted.org/packages/a4/b5/0876f9285f4fb5ea51b385dd804cc8517ec92042741986e636307acb8865/grpcio-tools-1.47.2.tar.gz",[0m
2022-12-27T10:59:15.0977570Z [36;1m  "package_version": "1.47.2",[0m
2022-12-27T10:59:15.0977700Z [36;1m  "python_version": "3.7",[0m
2022-12-27T10:59:15.0977820Z [36;1m  "use_ccache": "true"[0m
2022-12-27T10:59:15.0977950Z [36;1m}'[0m
2022-12-27T10:59:15.0993420Z shell: /bin/bash -e {0}
2022-12-27T10:59:15.0993620Z ##[endgroup]
2022-12-27T10:59:15.1218400Z {
2022-12-27T10:59:15.1219910Z   "environment_variables": "GRPC_PYTHON_BUILD_WITH_CYTHON=1 GRPC_BUILD_WITH_BORING_SSL_ASM= GRPC_PYTHON_BUILD_SYSTEM_OPENSSL=TRUE",
2022-12-27T10:59:15.1220430Z   "package_name": "grpcio-tools",
2022-12-27T10:59:15.1220890Z   "package_url": "https://files.pythonhosted.org/packages/a4/b5/0876f9285f4fb5ea51b385dd804cc8517ec92042741986e636307acb8865/grpcio-tools-1.47.2.tar.gz",
2022-12-27T10:59:15.1221170Z   "package_version": "1.47.2",
2022-12-27T10:59:15.1221330Z   "python_version": "3.7",
2022-12-27T10:59:15.1221520Z   "use_ccache": "true"
2022-12-27T10:59:15.1221680Z }
2022-12-27T10:59:15.1433750Z ##[group]Run actions/setup-python@v4
2022-12-27T10:59:15.1434000Z with:
2022-12-27T10:59:15.1434150Z   python-version: 3.7
2022-12-27T10:59:15.1434350Z   check-latest: false
2022-12-27T10:59:15.1434640Z   token: ***
2022-12-27T10:59:15.1434880Z   update-environment: true
2022-12-27T10:59:15.1435040Z ##[endgroup]
2022-12-27T10:59:15.2691310Z ##[group]Installed versions
2022-12-27T10:59:15.2794930Z Successfully set up CPython (3.7.15)
2022-12-27T10:59:15.2796110Z ##[endgroup]
2022-12-27T10:59:15.2940470Z ##[group]Run if [ "true" == "true" ]
2022-12-27T10:59:15.2940810Z [36;1mif [ "true" == "true" ][0m
2022-12-27T10:59:15.2940970Z [36;1mthen[0m
2022-12-27T10:59:15.2941190Z [36;1m  echo "CCACHE_PATH_PREPEND=/usr/local/opt/ccache/libexec" >> $GITHUB_OUTPUT[0m
2022-12-27T10:59:15.2941690Z [36;1melse[0m
2022-12-27T10:59:15.2941960Z [36;1m  echo "CCACHE_PATH_PREPEND=" >> $GITHUB_OUTPUT[0m
2022-12-27T10:59:15.2942120Z [36;1mfi[0m
2022-12-27T10:59:15.2958860Z shell: /bin/bash -e {0}
2022-12-27T10:59:15.2959070Z env:
2022-12-27T10:59:15.2959350Z   pythonLocation: /Users/runner/hostedtoolcache/Python/3.7.15/x64
2022-12-27T10:59:15.2959630Z   PKG_CONFIG_PATH: /Users/runner/hostedtoolcache/Python/3.7.15/x64/lib/pkgconfig
2022-12-27T10:59:15.2960300Z   Python_ROOT_DIR: /Users/runner/hostedtoolcache/Python/3.7.15/x64
2022-12-27T10:59:15.2960560Z   Python2_ROOT_DIR: /Users/runner/hostedtoolcache/Python/3.7.15/x64
2022-12-27T10:59:15.2960910Z   Python3_ROOT_DIR: /Users/runner/hostedtoolcache/Python/3.7.15/x64
2022-12-27T10:59:15.2961130Z ##[endgroup]
2022-12-27T10:59:15.3071950Z ##[group]Run echo "BUILD_NAME=$(echo grpcio-tools_1.47.2_3.7 | tr -dc '[:alnum:]\n\r' | tr '[:upper:]' '[:lower:]')" >> $GITHUB_OUTPUT
2022-12-27T10:59:15.3072450Z [36;1mecho "BUILD_NAME=$(echo grpcio-tools_1.47.2_3.7 | tr -dc '[:alnum:]\n\r' | tr '[:upper:]' '[:lower:]')" >> $GITHUB_OUTPUT[0m
2022-12-27T10:59:15.3087080Z shell: /bin/bash -e {0}
2022-12-27T10:59:15.3087350Z env:
2022-12-27T10:59:15.3087570Z   pythonLocation: /Users/runner/hostedtoolcache/Python/3.7.15/x64
2022-12-27T10:59:15.3087810Z   PKG_CONFIG_PATH: /Users/runner/hostedtoolcache/Python/3.7.15/x64/lib/pkgconfig
2022-12-27T10:59:15.3088120Z   Python_ROOT_DIR: /Users/runner/hostedtoolcache/Python/3.7.15/x64
2022-12-27T10:59:15.3088410Z   Python2_ROOT_DIR: /Users/runner/hostedtoolcache/Python/3.7.15/x64
2022-12-27T10:59:15.3088660Z   Python3_ROOT_DIR: /Users/runner/hostedtoolcache/Python/3.7.15/x64
2022-12-27T10:59:15.3088820Z ##[endgroup]
2022-12-27T10:59:15.3242410Z ##[group]Run echo "PYTHON_NO_DOTS=$(echo 3.7 | tr -dc '[:alnum:]\n\r' | tr '[:upper:]' '[:lower:]')" >> $GITHUB_OUTPUT
2022-12-27T10:59:15.3242820Z [36;1mecho "PYTHON_NO_DOTS=$(echo 3.7 | tr -dc '[:alnum:]\n\r' | tr '[:upper:]' '[:lower:]')" >> $GITHUB_OUTPUT[0m
2022-12-27T10:59:15.3256360Z shell: /bin/bash -e {0}
2022-12-27T10:59:15.3256560Z env:
2022-12-27T10:59:15.3256780Z   pythonLocation: /Users/runner/hostedtoolcache/Python/3.7.15/x64
2022-12-27T10:59:15.3257050Z   PKG_CONFIG_PATH: /Users/runner/hostedtoolcache/Python/3.7.15/x64/lib/pkgconfig
2022-12-27T10:59:15.3257260Z   Python_ROOT_DIR: /Users/runner/hostedtoolcache/Python/3.7.15/x64
2022-12-27T10:59:15.3257560Z   Python2_ROOT_DIR: /Users/runner/hostedtoolcache/Python/3.7.15/x64
2022-12-27T10:59:15.3257780Z   Python3_ROOT_DIR: /Users/runner/hostedtoolcache/Python/3.7.15/x64
2022-12-27T10:59:15.3257950Z ##[endgroup]
2022-12-27T10:59:15.3379050Z ##[group]Run rm -rf build_grpciotools147237
2022-12-27T10:59:15.3379470Z [36;1mrm -rf build_grpciotools147237[0m
2022-12-27T10:59:15.3379690Z [36;1mmkdir build_grpciotools147237[0m
2022-12-27T10:59:15.3379920Z [36;1mcd build_grpciotools147237[0m
2022-12-27T10:59:15.3380190Z [36;1m/usr/local/bin/wget --quiet https://files.pythonhosted.org/packages/a4/b5/0876f9285f4fb5ea51b385dd804cc8517ec92042741986e636307acb8865/grpcio-tools-1.47.2.tar.gz[0m
2022-12-27T10:59:15.3380540Z [36;1mtar xf *.tar.gz[0m
2022-12-27T10:59:15.3380730Z [36;1mcd *[0m
2022-12-27T10:59:15.3380900Z [36;1mpython -m pip install cibuildwheel==2.11.3[0m
2022-12-27T10:59:15.3381130Z [36;1mpython -m cibuildwheel --output-dir ../wheelsout[0m
2022-12-27T10:59:15.3395250Z shell: /bin/bash -e {0}
2022-12-27T10:59:15.3395500Z env:
2022-12-27T10:59:15.3395680Z   pythonLocation: /Users/runner/hostedtoolcache/Python/3.7.15/x64
2022-12-27T10:59:15.3395990Z   PKG_CONFIG_PATH: /Users/runner/hostedtoolcache/Python/3.7.15/x64/lib/pkgconfig
2022-12-27T10:59:15.3396310Z   Python_ROOT_DIR: /Users/runner/hostedtoolcache/Python/3.7.15/x64
2022-12-27T10:59:15.3396560Z   Python2_ROOT_DIR: /Users/runner/hostedtoolcache/Python/3.7.15/x64
2022-12-27T10:59:15.3396800Z   Python3_ROOT_DIR: /Users/runner/hostedtoolcache/Python/3.7.15/x64
2022-12-27T10:59:15.3396980Z   CIBW_ARCHS_MACOS: arm64
2022-12-27T10:59:15.3397210Z   CIBW_TEST_SKIP: *_arm64
2022-12-27T10:59:15.3397400Z   CIBW_BUILD: cp37-macosx_arm64
2022-12-27T10:59:15.3397560Z   CIBW_BUILD_FRONTEND: pip
2022-12-27T10:59:15.3397740Z   CIBW_BUILD_VERBOSITY: 3
2022-12-27T10:59:15.3398140Z   CIBW_ENVIRONMENT_MACOS: GRPC_PYTHON_BUILD_WITH_CYTHON=1 GRPC_BUILD_WITH_BORING_SSL_ASM='' GRPC_PYTHON_BUILD_SYSTEM_OPENSSL=TRUE CFLAGS="-I/usr/local/opt/openssl@3/include" LDFLAGS="-L/usr/local/opt/openssl@3/lib" CPPFLAGS="-I/usr/local/opt/openssl@3/include" MAKEFLAGS="-j$(sysctl -n hw.logicalcpu)" PATH=/usr/local/opt/ccache/libexec:$PATH
2022-12-27T10:59:15.3398810Z   CIBW_BEFORE_BUILD: pip install Cython; if [[ -f requirements.txt ]]; then pip install -r requirements.txt; fi
2022-12-27T10:59:15.3399030Z   MAKEFLAGS: -j$(sysctl -n hw.logicalcpu)
2022-12-27T10:59:15.3399230Z ##[endgroup]
2022-12-27T10:59:15.8650470Z Requirement already satisfied: cibuildwheel==2.11.3 in /Users/runner/hostedtoolcache/Python/3.7.15/x64/lib/python3.7/site-packages (2.11.3)
2022-12-27T10:59:15.8937160Z Requirement already satisfied: bracex in /Users/runner/hostedtoolcache/Python/3.7.15/x64/lib/python3.7/site-packages (from cibuildwheel==2.11.3) (2.3.post1)
2022-12-27T10:59:15.8940260Z Requirement already satisfied: filelock in /Users/runner/hostedtoolcache/Python/3.7.15/x64/lib/python3.7/site-packages (from cibuildwheel==2.11.3) (3.8.2)
2022-12-27T10:59:15.8949470Z Requirement already satisfied: typing-extensions>=4.1.0 in /Users/runner/hostedtoolcache/Python/3.7.15/x64/lib/python3.7/site-packages (from cibuildwheel==2.11.3) (4.4.0)
2022-12-27T10:59:15.8955200Z Requirement already satisfied: packaging>=20.9 in /Users/runner/hostedtoolcache/Python/3.7.15/x64/lib/python3.7/site-packages (from cibuildwheel==2.11.3) (22.0)
2022-12-27T10:59:15.8962320Z Requirement already satisfied: tomli in /Users/runner/hostedtoolcache/Python/3.7.15/x64/lib/python3.7/site-packages (from cibuildwheel==2.11.3) (2.0.1)
2022-12-27T10:59:15.8967470Z Requirement already satisfied: bashlex!=0.13 in /Users/runner/hostedtoolcache/Python/3.7.15/x64/lib/python3.7/site-packages (from cibuildwheel==2.11.3) (0.16)
2022-12-27T10:59:15.8970830Z Requirement already satisfied: platformdirs in /Users/runner/hostedtoolcache/Python/3.7.15/x64/lib/python3.7/site-packages (from cibuildwheel==2.11.3) (2.6.0)
2022-12-27T10:59:15.8974150Z Requirement already satisfied: certifi in /Users/runner/hostedtoolcache/Python/3.7.15/x64/lib/python3.7/site-packages (from cibuildwheel==2.11.3) (2022.12.7)
2022-12-27T10:59:16.0726690Z 
2022-12-27T10:59:16.0727070Z      _ _       _ _   _       _           _
2022-12-27T10:59:16.0727320Z  ___|_| |_ _ _|_| |_| |_ _ _| |_ ___ ___| |
2022-12-27T10:59:16.0728540Z |  _| | . | | | | | . | | | |   | -_| -_| |
2022-12-27T10:59:16.0728890Z |___|_|___|___|_|_|___|_____|_|_|___|___|_|
2022-12-27T10:59:16.0729030Z 
2022-12-27T10:59:16.0729150Z cibuildwheel version 2.11.3
2022-12-27T10:59:16.0729300Z 
2022-12-27T10:59:16.0729430Z Build options:
2022-12-27T10:59:16.0729670Z   platform: macos
2022-12-27T10:59:16.0941090Z   architectures: arm64[0m
2022-12-27T10:59:16.0941480Z   build_selector: 
2022-12-27T10:59:16.0941820Z     build_config: cp37-macosx_arm64
2022-12-27T10:59:16.0942220Z     skip_config: 
2022-12-27T10:59:16.0942510Z     requires_python: >=3.6
2022-12-27T10:59:16.0942920Z     prerelease_pythons: False[0m
2022-12-27T10:59:16.0943820Z   [38;5;244mcontainer_engine: docker[0m
2022-12-27T10:59:16.0944260Z   output_dir: /Users/runner/actions-runner/_work/python.build/python.build/build_grpciotools147237/wheelsout[0m
2022-12-27T10:59:16.0944850Z   package_dir: /Users/runner/actions-runner/_work/python.build/python.build/build_grpciotools147237/grpcio-tools-1.47.2[0m
2022-12-27T10:59:16.0945200Z   test_selector: 
2022-12-27T10:59:16.0945630Z     skip_config: *_arm64[0m
2022-12-27T10:59:16.0946320Z cibuildwheel: No build identifiers selected: BuildSelector(build_config='cp37-macosx_arm64', skip_config='', requires_python=<SpecifierSet('>=3.6')>, prerelease_pythons=False)
2022-12-27T10:59:16.0946730Z   [38;5;244mbefore_all: [0m
2022-12-27T10:59:16.0947170Z   before_build: pip install Cython; if [[ -f requirements.txt ]]; then pip install -r requirements.txt; fi[0m
2022-12-27T10:59:16.0947600Z   [38;5;244mbefore_test: [0m
2022-12-27T10:59:16.0947870Z   [38;5;244mbuild_frontend: pip[0m
2022-12-27T10:59:16.0948170Z   build_verbosity: 3[0m
2022-12-27T10:59:16.0948480Z   [38;5;244mconfig_settings: [0m
2022-12-27T10:59:16.0949070Z   [38;5;244mdependency_constraints: pinned[0m
2022-12-27T10:59:16.0949350Z   environment: 
2022-12-27T10:59:16.0949580Z     GRPC_PYTHON_BUILD_WITH_CYTHON=1
2022-12-27T10:59:16.0949860Z     GRPC_BUILD_WITH_BORING_SSL_ASM=''
2022-12-27T10:59:16.0950070Z     GRPC_PYTHON_BUILD_SYSTEM_OPENSSL=TRUE
2022-12-27T10:59:16.0950390Z     CFLAGS="-I/usr/local/opt/openssl@3/include"
2022-12-27T10:59:16.0950740Z     LDFLAGS="-L/usr/local/opt/openssl@3/lib"
2022-12-27T10:59:16.0951040Z     CPPFLAGS="-I/usr/local/opt/openssl@3/include"
2022-12-27T10:59:16.0951350Z     MAKEFLAGS="-j$(sysctl -n hw.logicalcpu)"
2022-12-27T10:59:16.0951670Z     PATH=/usr/local/opt/ccache/libexec:$PATH[0m
2022-12-27T10:59:16.0951940Z   [38;5;244mmanylinux_images: None[0m
2022-12-27T10:59:16.0952280Z   [38;5;244mmusllinux_images: None[0m
2022-12-27T10:59:16.0952680Z   [38;5;244mrepair_command: delocate-wheel --require-archs {delocate_archs} -w {dest_dir} -v {wheel}[0m
2022-12-27T10:59:16.0952990Z   [38;5;244mtest_command: [0m
2022-12-27T10:59:16.0953260Z   [38;5;244mtest_extras: [0m
2022-12-27T10:59:16.0953570Z   [38;5;244mtest_requires: [0m
2022-12-27T10:59:16.0953710Z 
2022-12-27T10:59:16.0953840Z Cache folder: /Users/runner/Library/Caches/cibuildwheel
2022-12-27T10:59:16.0953970Z 
2022-12-27T10:59:16.0954060Z Here we go!
2022-12-27T10:59:16.0954180Z 
2022-12-27T10:59:16.1080500Z ##[error]Process completed with exit code 3.
2022-12-27T10:59:16.1118130Z ##[group]Run rm -rf build_grpciotools147237 wheelsout
2022-12-27T10:59:16.1118390Z [36;1mrm -rf build_grpciotools147237 wheelsout[0m
2022-12-27T10:59:16.1133840Z shell: /bin/bash -e {0}
2022-12-27T10:59:16.1134080Z env:
2022-12-27T10:59:16.1134280Z   pythonLocation: /Users/runner/hostedtoolcache/Python/3.7.15/x64
2022-12-27T10:59:16.1134510Z   PKG_CONFIG_PATH: /Users/runner/hostedtoolcache/Python/3.7.15/x64/lib/pkgconfig
2022-12-27T10:59:16.1134770Z   Python_ROOT_DIR: /Users/runner/hostedtoolcache/Python/3.7.15/x64
2022-12-27T10:59:16.1135060Z   Python2_ROOT_DIR: /Users/runner/hostedtoolcache/Python/3.7.15/x64
2022-12-27T10:59:16.1135320Z   Python3_ROOT_DIR: /Users/runner/hostedtoolcache/Python/3.7.15/x64
2022-12-27T10:59:16.1135490Z ##[endgroup]
2022-12-27T10:59:16.1743800Z Cleaning up orphan processes
