2022-12-27T08:47:12.5744190Z Requested labels: self-hosted, macOS, X64
2022-12-27T08:47:12.5744337Z Job defined at: kilnbuild/python.build/.github/workflows/mac_arm_build.yml@refs/heads/main
2022-12-27T08:47:12.5744373Z Waiting for a runner to pick up this job...
2022-12-27T11:08:19.6270504Z Job is about to start running on the runner: k1 (organization)
2022-12-27T11:08:22.7532260Z Current runner version: '2.300.2'
2022-12-27T11:08:22.7538020Z Runner name: 'k1'
2022-12-27T11:08:22.7538300Z Runner group name: 'Default'
2022-12-27T11:08:22.7538790Z Machine name: 'k1'
2022-12-27T11:08:22.7540300Z ##[group]GITHUB_TOKEN Permissions
2022-12-27T11:08:22.7540740Z Actions: write
2022-12-27T11:08:22.7540880Z Checks: write
2022-12-27T11:08:22.7541010Z Contents: write
2022-12-27T11:08:22.7541150Z Deployments: write
2022-12-27T11:08:22.7541290Z Discussions: write
2022-12-27T11:08:22.7541420Z Issues: write
2022-12-27T11:08:22.7541540Z Metadata: read
2022-12-27T11:08:22.7541680Z Packages: write
2022-12-27T11:08:22.7541810Z Pages: write
2022-12-27T11:08:22.7541940Z PullRequests: write
2022-12-27T11:08:22.7542100Z RepositoryProjects: write
2022-12-27T11:08:22.7542260Z SecurityEvents: write
2022-12-27T11:08:22.7542400Z Statuses: write
2022-12-27T11:08:22.7542530Z ##[endgroup]
2022-12-27T11:08:22.7544990Z Secret source: Actions
2022-12-27T11:08:22.7545320Z Prepare workflow directory
2022-12-27T11:08:22.8205270Z Prepare all required actions
2022-12-27T11:08:22.8363420Z Getting action download info
2022-12-27T11:08:24.0384190Z Download action repository 'actions/setup-python@v4' (SHA:5ccb29d8773c3f3f653e1705f474dfaa8a06a912)
2022-12-27T11:08:26.8448500Z Download action repository 'actions/upload-artifact@v3' (SHA:83fd05a356d7e2593de66fc9913b3002723633cb)
2022-12-27T11:08:28.1900260Z ##[group]Run echo '{
2022-12-27T11:08:28.1900540Z [36;1mecho '{[0m
2022-12-27T11:08:28.1900660Z [36;1m  "package_name": "lxml",[0m
2022-12-27T11:08:28.1900890Z [36;1m  "package_url": "https://files.pythonhosted.org/packages/46/1e/0083e30b444049a20aa04f07559eece0696d046750719ae2dbb4714db74d/lxml-3.3.4.tar.gz",[0m
2022-12-27T11:08:28.1901100Z [36;1m  "package_version": "3.3.4",[0m
2022-12-27T11:08:28.1901210Z [36;1m  "python_version": "3.10",[0m
2022-12-27T11:08:28.1901330Z [36;1m  "use_ccache": "true"[0m
2022-12-27T11:08:28.1901430Z [36;1m}'[0m
2022-12-27T11:08:28.1917030Z shell: /bin/bash -e {0}
2022-12-27T11:08:28.1917170Z ##[endgroup]
2022-12-27T11:08:28.2136570Z {
2022-12-27T11:08:28.2137830Z   "package_name": "lxml",
2022-12-27T11:08:28.2138470Z   "package_url": "https://files.pythonhosted.org/packages/46/1e/0083e30b444049a20aa04f07559eece0696d046750719ae2dbb4714db74d/lxml-3.3.4.tar.gz",
2022-12-27T11:08:28.2138750Z   "package_version": "3.3.4",
2022-12-27T11:08:28.2139030Z   "python_version": "3.10",
2022-12-27T11:08:28.2139190Z   "use_ccache": "true"
2022-12-27T11:08:28.2139350Z }
2022-12-27T11:08:28.2346620Z ##[group]Run actions/setup-python@v4
2022-12-27T11:08:28.2346950Z with:
2022-12-27T11:08:28.2347090Z   python-version: 3.10
2022-12-27T11:08:28.2347290Z   check-latest: false
2022-12-27T11:08:28.2347590Z   token: ***
2022-12-27T11:08:28.2347760Z   update-environment: true
2022-12-27T11:08:28.2348000Z ##[endgroup]
2022-12-27T11:08:28.3575880Z ##[group]Installed versions
2022-12-27T11:08:28.3679230Z Successfully set up CPython (3.10.9)
2022-12-27T11:08:28.3680900Z ##[endgroup]
2022-12-27T11:08:28.3824830Z ##[group]Run if [ "true" == "true" ]
2022-12-27T11:08:28.3825180Z [36;1mif [ "true" == "true" ][0m
2022-12-27T11:08:28.3825330Z [36;1mthen[0m
2022-12-27T11:08:28.3825730Z [36;1m  echo "CCACHE_PATH_PREPEND=/usr/local/opt/ccache/libexec" >> $GITHUB_OUTPUT[0m
2022-12-27T11:08:28.3825950Z [36;1melse[0m
2022-12-27T11:08:28.3826190Z [36;1m  echo "CCACHE_PATH_PREPEND=" >> $GITHUB_OUTPUT[0m
2022-12-27T11:08:28.3826860Z [36;1mfi[0m
2022-12-27T11:08:28.3844320Z shell: /bin/bash -e {0}
2022-12-27T11:08:28.3844540Z env:
2022-12-27T11:08:28.3844720Z   pythonLocation: /Users/runner/hostedtoolcache/Python/3.10.9/x64
2022-12-27T11:08:28.3845080Z   PKG_CONFIG_PATH: /Users/runner/hostedtoolcache/Python/3.10.9/x64/lib/pkgconfig
2022-12-27T11:08:28.3845350Z   Python_ROOT_DIR: /Users/runner/hostedtoolcache/Python/3.10.9/x64
2022-12-27T11:08:28.3845560Z   Python2_ROOT_DIR: /Users/runner/hostedtoolcache/Python/3.10.9/x64
2022-12-27T11:08:28.3846080Z   Python3_ROOT_DIR: /Users/runner/hostedtoolcache/Python/3.10.9/x64
2022-12-27T11:08:28.3846620Z ##[endgroup]
2022-12-27T11:08:28.3954880Z ##[group]Run echo "BUILD_NAME=$(echo lxml_3.3.4_3.10 | tr -dc '[:alnum:]\n\r' | tr '[:upper:]' '[:lower:]')" >> $GITHUB_OUTPUT
2022-12-27T11:08:28.3955330Z [36;1mecho "BUILD_NAME=$(echo lxml_3.3.4_3.10 | tr -dc '[:alnum:]\n\r' | tr '[:upper:]' '[:lower:]')" >> $GITHUB_OUTPUT[0m
2022-12-27T11:08:28.3968760Z shell: /bin/bash -e {0}
2022-12-27T11:08:28.3968950Z env:
2022-12-27T11:08:28.4009860Z   pythonLocation: /Users/runner/hostedtoolcache/Python/3.10.9/x64
2022-12-27T11:08:28.4010170Z   PKG_CONFIG_PATH: /Users/runner/hostedtoolcache/Python/3.10.9/x64/lib/pkgconfig
2022-12-27T11:08:28.4010410Z   Python_ROOT_DIR: /Users/runner/hostedtoolcache/Python/3.10.9/x64
2022-12-27T11:08:28.4010640Z   Python2_ROOT_DIR: /Users/runner/hostedtoolcache/Python/3.10.9/x64
2022-12-27T11:08:28.4010810Z   Python3_ROOT_DIR: /Users/runner/hostedtoolcache/Python/3.10.9/x64
2022-12-27T11:08:28.4010950Z ##[endgroup]
2022-12-27T11:08:28.4123920Z ##[group]Run echo "PYTHON_NO_DOTS=$(echo 3.10 | tr -dc '[:alnum:]\n\r' | tr '[:upper:]' '[:lower:]')" >> $GITHUB_OUTPUT
2022-12-27T11:08:28.4124370Z [36;1mecho "PYTHON_NO_DOTS=$(echo 3.10 | tr -dc '[:alnum:]\n\r' | tr '[:upper:]' '[:lower:]')" >> $GITHUB_OUTPUT[0m
2022-12-27T11:08:28.4138560Z shell: /bin/bash -e {0}
2022-12-27T11:08:28.4138700Z env:
2022-12-27T11:08:28.4138890Z   pythonLocation: /Users/runner/hostedtoolcache/Python/3.10.9/x64
2022-12-27T11:08:28.4139140Z   PKG_CONFIG_PATH: /Users/runner/hostedtoolcache/Python/3.10.9/x64/lib/pkgconfig
2022-12-27T11:08:28.4139350Z   Python_ROOT_DIR: /Users/runner/hostedtoolcache/Python/3.10.9/x64
2022-12-27T11:08:28.4139630Z   Python2_ROOT_DIR: /Users/runner/hostedtoolcache/Python/3.10.9/x64
2022-12-27T11:08:28.4139850Z   Python3_ROOT_DIR: /Users/runner/hostedtoolcache/Python/3.10.9/x64
2022-12-27T11:08:28.4140030Z ##[endgroup]
2022-12-27T11:08:28.4265900Z ##[group]Run rm -rf build_lxml334310
2022-12-27T11:08:28.4266210Z [36;1mrm -rf build_lxml334310[0m
2022-12-27T11:08:28.4266360Z [36;1mmkdir build_lxml334310[0m
2022-12-27T11:08:28.4266710Z [36;1mcd build_lxml334310[0m
2022-12-27T11:08:28.4267010Z [36;1m/usr/local/bin/wget --quiet https://files.pythonhosted.org/packages/46/1e/0083e30b444049a20aa04f07559eece0696d046750719ae2dbb4714db74d/lxml-3.3.4.tar.gz[0m
2022-12-27T11:08:28.4267290Z [36;1mtar xf *.tar.gz[0m
2022-12-27T11:08:28.4267420Z [36;1mcd *[0m
2022-12-27T11:08:28.4267600Z [36;1mpython -m pip install cibuildwheel==2.11.3[0m
2022-12-27T11:08:28.4267800Z [36;1mpython -m cibuildwheel --output-dir ../wheelsout[0m
2022-12-27T11:08:28.4281260Z shell: /bin/bash -e {0}
2022-12-27T11:08:28.4281400Z env:
2022-12-27T11:08:28.4281590Z   pythonLocation: /Users/runner/hostedtoolcache/Python/3.10.9/x64
2022-12-27T11:08:28.4281830Z   PKG_CONFIG_PATH: /Users/runner/hostedtoolcache/Python/3.10.9/x64/lib/pkgconfig
2022-12-27T11:08:28.4282130Z   Python_ROOT_DIR: /Users/runner/hostedtoolcache/Python/3.10.9/x64
2022-12-27T11:08:28.4282330Z   Python2_ROOT_DIR: /Users/runner/hostedtoolcache/Python/3.10.9/x64
2022-12-27T11:08:28.4282550Z   Python3_ROOT_DIR: /Users/runner/hostedtoolcache/Python/3.10.9/x64
2022-12-27T11:08:28.4282740Z   CIBW_ARCHS_MACOS: arm64
2022-12-27T11:08:28.4282940Z   CIBW_TEST_SKIP: *_arm64
2022-12-27T11:08:28.4283080Z   CIBW_BUILD: cp310-macosx_arm64
2022-12-27T11:08:28.4283250Z   CIBW_BUILD_FRONTEND: pip
2022-12-27T11:08:28.4283410Z   CIBW_BUILD_VERBOSITY: 3
2022-12-27T11:08:28.4283680Z   CIBW_ENVIRONMENT_MACOS:  CFLAGS="-I/usr/local/opt/openssl@3/include" LDFLAGS="-L/usr/local/opt/openssl@3/lib" CPPFLAGS="-I/usr/local/opt/openssl@3/include" MAKEFLAGS="-j$(sysctl -n hw.logicalcpu)" PATH=/usr/local/opt/ccache/libexec:$PATH
2022-12-27T11:08:28.4284060Z   CIBW_BEFORE_BUILD: pip install Cython; if [[ -f requirements.txt ]]; then pip install -r requirements.txt; fi
2022-12-27T11:08:28.4284300Z   MAKEFLAGS: -j$(sysctl -n hw.logicalcpu)
2022-12-27T11:08:28.4284480Z ##[endgroup]
2022-12-27T11:08:28.9401180Z Requirement already satisfied: cibuildwheel==2.11.3 in /Users/runner/hostedtoolcache/Python/3.10.9/x64/lib/python3.10/site-packages (2.11.3)
2022-12-27T11:08:28.9652620Z Requirement already satisfied: typing-extensions>=4.1.0 in /Users/runner/hostedtoolcache/Python/3.10.9/x64/lib/python3.10/site-packages (from cibuildwheel==2.11.3) (4.4.0)
2022-12-27T11:08:28.9656410Z Requirement already satisfied: certifi in /Users/runner/hostedtoolcache/Python/3.10.9/x64/lib/python3.10/site-packages (from cibuildwheel==2.11.3) (2022.12.7)
2022-12-27T11:08:28.9661150Z Requirement already satisfied: bashlex!=0.13 in /Users/runner/hostedtoolcache/Python/3.10.9/x64/lib/python3.10/site-packages (from cibuildwheel==2.11.3) (0.16)
2022-12-27T11:08:28.9664380Z Requirement already satisfied: bracex in /Users/runner/hostedtoolcache/Python/3.10.9/x64/lib/python3.10/site-packages (from cibuildwheel==2.11.3) (2.3.post1)
2022-12-27T11:08:28.9667500Z Requirement already satisfied: filelock in /Users/runner/hostedtoolcache/Python/3.10.9/x64/lib/python3.10/site-packages (from cibuildwheel==2.11.3) (3.8.2)
2022-12-27T11:08:28.9672920Z Requirement already satisfied: tomli in /Users/runner/hostedtoolcache/Python/3.10.9/x64/lib/python3.10/site-packages (from cibuildwheel==2.11.3) (2.0.1)
2022-12-27T11:08:28.9676280Z Requirement already satisfied: platformdirs in /Users/runner/hostedtoolcache/Python/3.10.9/x64/lib/python3.10/site-packages (from cibuildwheel==2.11.3) (2.6.0)
2022-12-27T11:08:28.9681020Z Requirement already satisfied: packaging>=20.9 in /Users/runner/hostedtoolcache/Python/3.10.9/x64/lib/python3.10/site-packages (from cibuildwheel==2.11.3) (22.0)
2022-12-27T11:08:29.1518600Z 
2022-12-27T11:08:29.1518840Z      _ _       _ _   _       _           _
2022-12-27T11:08:29.1519490Z  ___|_| |_ _ _|_| |_| |_ _ _| |_ ___ ___| |
2022-12-27T11:08:29.1520650Z |  _| | . | | | | | . | | | |   | -_| -_| |
2022-12-27T11:08:29.1521420Z |___|_|___|___|_|_|___|_____|_|_|___|___|_|
2022-12-27T11:08:29.1521610Z 
2022-12-27T11:08:29.1521740Z cibuildwheel version 2.11.3
2022-12-27T11:08:29.1521980Z 
2022-12-27T11:08:29.1522170Z Build options:
2022-12-27T11:08:29.1522420Z   platform: macos
2022-12-27T11:08:29.1624420Z   architectures: arm64[0m
2022-12-27T11:08:29.1624760Z   build_selector: 
2022-12-27T11:08:29.1625190Z     build_config: cp310-macosx_arm64
2022-12-27T11:08:29.1625870Z     skip_config: 
2022-12-27T11:08:29.1626160Z     requires_python: None
2022-12-27T11:08:29.1626560Z     prerelease_pythons: False[0m
2022-12-27T11:08:29.1626920Z   [38;5;244mcontainer_engine: docker[0m
2022-12-27T11:08:29.1627490Z   output_dir: /Users/runner/actions-runner/_work/python.build/python.build/build_lxml334310/wheelsout[0m
2022-12-27T11:08:29.1628270Z   package_dir: /Users/runner/actions-runner/_work/python.build/python.build/build_lxml334310/lxml-3.3.4[0m
2022-12-27T11:08:29.1628630Z   test_selector: 
2022-12-27T11:08:29.1629000Z     skip_config: *_arm64[0m
2022-12-27T11:08:29.1629370Z   [38;5;244mbefore_all: [0m
2022-12-27T11:08:29.1629870Z   before_build: pip install Cython; if [[ -f requirements.txt ]]; then pip install -r requirements.txt; fi[0m
2022-12-27T11:08:29.1630450Z   [38;5;244mbefore_test: [0m
2022-12-27T11:08:29.1630810Z   [38;5;244mbuild_frontend: pip[0m
2022-12-27T11:08:29.1631160Z   build_verbosity: 3[0m
2022-12-27T11:08:29.1631490Z   [38;5;244mconfig_settings: [0m
2022-12-27T11:08:29.1631980Z   [38;5;244mdependency_constraints: pinned[0m
2022-12-27T11:08:29.1632280Z   environment: 
2022-12-27T11:08:29.1632690Z     CFLAGS="-I/usr/local/opt/openssl@3/include"
2022-12-27T11:08:29.1633110Z     LDFLAGS="-L/usr/local/opt/openssl@3/lib"
2022-12-27T11:08:29.1633540Z     CPPFLAGS="-I/usr/local/opt/openssl@3/include"
2022-12-27T11:08:29.1633970Z     MAKEFLAGS="-j$(sysctl -n hw.logicalcpu)"
2022-12-27T11:08:29.1634290Z     PATH=/usr/local/opt/ccache/libexec:$PATH[0m
2022-12-27T11:08:29.1634580Z   [38;5;244mmanylinux_images: None[0m
2022-12-27T11:08:29.1634800Z   [38;5;244mmusllinux_images: None[0m
2022-12-27T11:08:29.1635180Z   [38;5;244mrepair_command: delocate-wheel --require-archs {delocate_archs} -w {dest_dir} -v {wheel}[0m
2022-12-27T11:08:29.1635940Z   [38;5;244mtest_command: [0m
2022-12-27T11:08:29.1636190Z   [38;5;244mtest_extras: [0m
2022-12-27T11:08:29.1636400Z   [38;5;244mtest_requires: [0m
2022-12-27T11:08:29.1636520Z 
2022-12-27T11:08:29.1636640Z Cache folder: /Users/runner/Library/Caches/cibuildwheel
2022-12-27T11:08:29.1642330Z 
2022-12-27T11:08:29.1642740Z Here we go!
2022-12-27T11:08:29.1642930Z 
2022-12-27T11:08:29.1765920Z 
2022-12-27T11:08:29.1766370Z [1m[34mBuilding cp310-macosx_arm64 wheel[0m
2022-12-27T11:08:29.1766780Z CPython 3.10 macOS arm64 - Apple Silicon
2022-12-27T11:08:29.1766980Z 
2022-12-27T11:08:29.1769430Z ##[group]Installing Python cp310...
2022-12-27T11:08:29.1769640Z 
2022-12-27T11:08:29.1769840Z + pkgutil --pkgs
2022-12-27T11:08:29.1875960Z ##[endgroup]
2022-12-27T11:08:29.1876710Z                                                               [32m✓ [0m0.01s
2022-12-27T11:08:29.1877200Z ##[group]Setting up build environment...
2022-12-27T11:08:29.1877340Z 
2022-12-27T11:08:29.1897110Z + /Users/runner/hostedtoolcache/Python/3.10.9/x64/bin/python -sS /Users/runner/Library/Caches/cibuildwheel/virtualenv-20.17.0.pyz --activators= --no-periodic-update --pip=22.3.1 --setuptools=65.6.3 --wheel=0.38.4 --symlink-app-data --python /Library/Frameworks/Python.framework/Versions/3.10/bin/python3 /private/var/folders/51/hd414ycd67n82196sw51xqtc0000gn/T/cibw-run-_e25536j/cp310-macosx_arm64/build/venv
2022-12-27T11:08:29.3827750Z created virtual environment CPython3.10.8.final.0-64 in 55ms
2022-12-27T11:08:29.3828390Z   creator CPython3Posix(dest=/private/var/folders/51/hd414ycd67n82196sw51xqtc0000gn/T/cibw-run-_e25536j/cp310-macosx_arm64/build/venv, clear=False, no_vcs_ignore=False, global=False)
2022-12-27T11:08:29.3829220Z   seeder FromAppData(download=False, pip=22.3.1, setuptools=65.6.3, wheel=0.38.4, via=symlink, app_data_dir=/Users/runner/Library/Application Support/virtualenv)
2022-12-27T11:08:29.3829640Z     added seed packages: pip==22.3.1, setuptools==65.6.3, wheel==0.38.4
2022-12-27T11:08:29.3954880Z + python -m pip install --upgrade pip -c /Users/runner/hostedtoolcache/Python/3.10.9/x64/lib/python3.10/site-packages/cibuildwheel/resources/constraints-python310.txt
2022-12-27T11:08:29.6670940Z Requirement already satisfied: pip in ./lib/python3.10/site-packages (22.3.1)
2022-12-27T11:08:29.7955600Z + which pip
2022-12-27T11:08:29.7974440Z /private/var/folders/51/hd414ycd67n82196sw51xqtc0000gn/T/cibw-run-_e25536j/cp310-macosx_arm64/build/venv/bin/pip
2022-12-27T11:08:29.7976780Z + pip --version
2022-12-27T11:08:29.9908070Z pip 22.3.1 from /private/var/folders/51/hd414ycd67n82196sw51xqtc0000gn/T/cibw-run-_e25536j/cp310-macosx_arm64/build/venv/lib/python3.10/site-packages/pip (python 3.10)
2022-12-27T11:08:30.0163980Z + which pip
2022-12-27T11:08:30.0192370Z + which python
2022-12-27T11:08:30.0212420Z /private/var/folders/51/hd414ycd67n82196sw51xqtc0000gn/T/cibw-run-_e25536j/cp310-macosx_arm64/build/venv/bin/python
2022-12-27T11:08:30.0215320Z + python --version
2022-12-27T11:08:30.0266660Z Python 3.10.8
2022-12-27T11:08:30.0270080Z + which python
2022-12-27T11:08:30.0328640Z ##[endgroup]
2022-12-27T11:08:30.0329190Z                                                               [32m✓ [0m0.85s
2022-12-27T11:08:30.0329680Z ##[group]Installing build tools...
2022-12-27T11:08:30.0329860Z 
2022-12-27T11:08:30.0330400Z + pip install --upgrade setuptools wheel delocate -c /Users/runner/hostedtoolcache/Python/3.10.9/x64/lib/python3.10/site-packages/cibuildwheel/resources/constraints-python310.txt
2022-12-27T11:08:30.3061700Z Requirement already satisfied: setuptools in /private/var/folders/51/hd414ycd67n82196sw51xqtc0000gn/T/cibw-run-_e25536j/cp310-macosx_arm64/build/venv/lib/python3.10/site-packages (65.6.3)
2022-12-27T11:08:30.4936360Z Requirement already satisfied: wheel in /private/var/folders/51/hd414ycd67n82196sw51xqtc0000gn/T/cibw-run-_e25536j/cp310-macosx_arm64/build/venv/lib/python3.10/site-packages (0.38.4)
2022-12-27T11:08:30.5414360Z Collecting delocate
2022-12-27T11:08:30.5437100Z   Using cached delocate-0.10.3-py3-none-any.whl (142 kB)
2022-12-27T11:08:30.5639650Z Collecting typing-extensions
2022-12-27T11:08:30.5658700Z   Using cached typing_extensions-4.4.0-py3-none-any.whl (26 kB)
2022-12-27T11:08:30.5883110Z Collecting packaging>=20.9
2022-12-27T11:08:30.5902950Z   Using cached packaging-21.3-py3-none-any.whl (40 kB)
2022-12-27T11:08:30.6243740Z Collecting pyparsing!=3.0.5,>=2.0.2
2022-12-27T11:08:30.6261640Z   Using cached pyparsing-3.0.9-py3-none-any.whl (98 kB)
2022-12-27T11:08:30.6586460Z Installing collected packages: typing-extensions, pyparsing, packaging, delocate
2022-12-27T11:08:30.7814240Z Successfully installed delocate-0.10.3 packaging-21.3 pyparsing-3.0.9 typing-extensions-4.4.0
2022-12-27T11:08:30.8269270Z ##[endgroup]
2022-12-27T11:08:30.8269910Z                                                               [32m✓ [0m0.79s
2022-12-27T11:08:30.8270360Z ##[group]Running before_build...
2022-12-27T11:08:30.8270520Z 
2022-12-27T11:08:30.8276320Z + pip install Cython; if [[ -f requirements.txt ]]; then pip install -r requirements.txt; fi
2022-12-27T11:08:31.4144910Z Collecting Cython
2022-12-27T11:08:31.4186920Z   Using cached Cython-0.29.32-py2.py3-none-any.whl (986 kB)
2022-12-27T11:08:31.4561010Z Installing collected packages: Cython
2022-12-27T11:08:31.8335140Z Successfully installed Cython-0.29.32
2022-12-27T11:08:32.1425290Z Requirement already satisfied: Cython>=0.20 in /private/var/folders/51/hd414ycd67n82196sw51xqtc0000gn/T/cibw-run-_e25536j/cp310-macosx_arm64/build/venv/lib/python3.10/site-packages (from -r requirements.txt (line 1)) (0.29.32)
2022-12-27T11:08:32.2071930Z ##[endgroup]
2022-12-27T11:08:32.2072570Z                                                               [32m✓ [0m1.38s
2022-12-27T11:08:32.2073020Z ##[group]Building wheel...
2022-12-27T11:08:32.2073250Z 
2022-12-27T11:08:32.2078270Z + python -m pip wheel /Users/runner/actions-runner/_work/python.build/python.build/build_lxml334310/lxml-3.3.4 --wheel-dir=/private/var/folders/51/hd414ycd67n82196sw51xqtc0000gn/T/cibw-run-_e25536j/cp310-macosx_arm64/built_wheel --no-deps -vvv
2022-12-27T11:08:32.4481400Z Created temporary directory: /private/var/folders/51/hd414ycd67n82196sw51xqtc0000gn/T/pip-ephem-wheel-cache-3zcnhnf2
2022-12-27T11:08:32.4486180Z Created temporary directory: /private/var/folders/51/hd414ycd67n82196sw51xqtc0000gn/T/pip-build-tracker-c2rndgvu
2022-12-27T11:08:32.4487660Z Initialized build tracking at /private/var/folders/51/hd414ycd67n82196sw51xqtc0000gn/T/pip-build-tracker-c2rndgvu
2022-12-27T11:08:32.4489160Z Created build tracker: /private/var/folders/51/hd414ycd67n82196sw51xqtc0000gn/T/pip-build-tracker-c2rndgvu
2022-12-27T11:08:32.4490430Z Entered build tracker: /private/var/folders/51/hd414ycd67n82196sw51xqtc0000gn/T/pip-build-tracker-c2rndgvu
2022-12-27T11:08:32.4493660Z Created temporary directory: /private/var/folders/51/hd414ycd67n82196sw51xqtc0000gn/T/pip-wheel-nxc1bknh
2022-12-27T11:08:32.4499430Z Created temporary directory: /private/var/folders/51/hd414ycd67n82196sw51xqtc0000gn/T/pip-ephem-wheel-cache-o2lpb_4z
2022-12-27T11:08:32.4645260Z Processing /Users/runner/actions-runner/_work/python.build/python.build/build_lxml334310/lxml-3.3.4
2022-12-27T11:08:32.4649960Z   Added file:///Users/runner/actions-runner/_work/python.build/python.build/build_lxml334310/lxml-3.3.4 to build tracker '/private/var/folders/51/hd414ycd67n82196sw51xqtc0000gn/T/pip-build-tracker-c2rndgvu'
2022-12-27T11:08:32.4653890Z   Running setup.py (path:/Users/runner/actions-runner/_work/python.build/python.build/build_lxml334310/lxml-3.3.4/setup.py) egg_info for package from file:///Users/runner/actions-runner/_work/python.build/python.build/build_lxml334310/lxml-3.3.4
2022-12-27T11:08:32.4656890Z   Created temporary directory: /private/var/folders/51/hd414ycd67n82196sw51xqtc0000gn/T/pip-pip-egg-info-oksxksv1
2022-12-27T11:08:32.4657800Z   Preparing metadata (setup.py): started
2022-12-27T11:08:32.4659590Z   Running command python setup.py egg_info
2022-12-27T11:08:32.7714170Z   /private/var/folders/51/hd414ycd67n82196sw51xqtc0000gn/T/cibw-run-_e25536j/cp310-macosx_arm64/build/venv/lib/python3.10/site-packages/setuptools/_distutils/dist.py:265: UserWarning: Unknown distribution option: 'bugtrack_url'
2022-12-27T11:08:32.7715130Z     warnings.warn(msg)
2022-12-27T11:08:32.7821270Z   Building lxml version 3.3.4.
2022-12-27T11:08:32.7822110Z   Building without Cython.
2022-12-27T11:08:32.7823550Z   Using build configuration of libxslt 1.1.29
2022-12-27T11:08:32.7825040Z   Building against libxml2/libxslt in the following directory: /Library/Developer/CommandLineTools/SDKs/MacOSX12.1.sdk/usr/lib
2022-12-27T11:08:32.7826210Z   running egg_info
2022-12-27T11:08:32.7827940Z   creating /private/var/folders/51/hd414ycd67n82196sw51xqtc0000gn/T/pip-pip-egg-info-oksxksv1/lxml.egg-info
2022-12-27T11:08:32.7835070Z   writing /private/var/folders/51/hd414ycd67n82196sw51xqtc0000gn/T/pip-pip-egg-info-oksxksv1/lxml.egg-info/PKG-INFO
2022-12-27T11:08:32.7839400Z   writing dependency_links to /private/var/folders/51/hd414ycd67n82196sw51xqtc0000gn/T/pip-pip-egg-info-oksxksv1/lxml.egg-info/dependency_links.txt
2022-12-27T11:08:32.7842570Z   writing requirements to /private/var/folders/51/hd414ycd67n82196sw51xqtc0000gn/T/pip-pip-egg-info-oksxksv1/lxml.egg-info/requires.txt
2022-12-27T11:08:32.7843920Z   writing top-level names to /private/var/folders/51/hd414ycd67n82196sw51xqtc0000gn/T/pip-pip-egg-info-oksxksv1/lxml.egg-info/top_level.txt
2022-12-27T11:08:32.7846710Z   writing manifest file '/private/var/folders/51/hd414ycd67n82196sw51xqtc0000gn/T/pip-pip-egg-info-oksxksv1/lxml.egg-info/SOURCES.txt'
2022-12-27T11:08:32.7915960Z   reading manifest file '/private/var/folders/51/hd414ycd67n82196sw51xqtc0000gn/T/pip-pip-egg-info-oksxksv1/lxml.egg-info/SOURCES.txt'
2022-12-27T11:08:32.7918350Z   reading manifest template 'MANIFEST.in'
2022-12-27T11:08:32.8820260Z   adding license file 'LICENSES.txt'
2022-12-27T11:08:32.8878490Z   writing manifest file '/private/var/folders/51/hd414ycd67n82196sw51xqtc0000gn/T/pip-pip-egg-info-oksxksv1/lxml.egg-info/SOURCES.txt'
2022-12-27T11:08:32.9113260Z   Preparing metadata (setup.py): finished with status 'done'
2022-12-27T11:08:32.9135170Z   Source in /Users/runner/actions-runner/_work/python.build/python.build/build_lxml334310/lxml-3.3.4 has version 3.3.4, which satisfies requirement lxml==3.3.4 from file:///Users/runner/actions-runner/_work/python.build/python.build/build_lxml334310/lxml-3.3.4
2022-12-27T11:08:32.9138640Z   Removed lxml==3.3.4 from file:///Users/runner/actions-runner/_work/python.build/python.build/build_lxml334310/lxml-3.3.4 from build tracker '/private/var/folders/51/hd414ycd67n82196sw51xqtc0000gn/T/pip-build-tracker-c2rndgvu'
2022-12-27T11:08:32.9154810Z Created temporary directory: /private/var/folders/51/hd414ycd67n82196sw51xqtc0000gn/T/pip-unpack-767xbunv
2022-12-27T11:08:32.9156910Z Building wheels for collected packages: lxml
2022-12-27T11:08:32.9163850Z   Created temporary directory: /private/var/folders/51/hd414ycd67n82196sw51xqtc0000gn/T/pip-wheel-kz8uw65h
2022-12-27T11:08:32.9165290Z   Building wheel for lxml (setup.py): started
2022-12-27T11:08:32.9167020Z   Destination directory: /private/var/folders/51/hd414ycd67n82196sw51xqtc0000gn/T/pip-wheel-kz8uw65h
2022-12-27T11:08:32.9168420Z   Running command python setup.py bdist_wheel
2022-12-27T11:08:33.1132760Z   Building lxml version 3.3.4.
2022-12-27T11:08:33.1134620Z   Building without Cython.
2022-12-27T11:08:33.1263560Z   Using build configuration of libxslt 1.1.29
2022-12-27T11:08:33.2219820Z   Building against libxml2/libxslt in the following directory: /Library/Developer/CommandLineTools/SDKs/MacOSX12.1.sdk/usr/lib
2022-12-27T11:08:33.2289000Z   /private/var/folders/51/hd414ycd67n82196sw51xqtc0000gn/T/cibw-run-_e25536j/cp310-macosx_arm64/build/venv/lib/python3.10/site-packages/setuptools/_distutils/dist.py:265: UserWarning: Unknown distribution option: 'bugtrack_url'
2022-12-27T11:08:33.2290350Z     warnings.warn(msg)
2022-12-27T11:08:33.2459390Z   running bdist_wheel
2022-12-27T11:08:33.2493560Z   running build
2022-12-27T11:08:33.2495440Z   running build_py
2022-12-27T11:08:33.2512300Z   creating build
2022-12-27T11:08:33.2514450Z   creating build/lib.macosx-11.0-arm64-cpython-310
2022-12-27T11:08:33.2515730Z   creating build/lib.macosx-11.0-arm64-cpython-310/lxml
2022-12-27T11:08:33.2517760Z   copying src/lxml/_elementpath.py -> build/lib.macosx-11.0-arm64-cpython-310/lxml
2022-12-27T11:08:33.2519550Z   copying src/lxml/sax.py -> build/lib.macosx-11.0-arm64-cpython-310/lxml
2022-12-27T11:08:33.2522040Z   copying src/lxml/pyclasslookup.py -> build/lib.macosx-11.0-arm64-cpython-310/lxml
2022-12-27T11:08:33.2524620Z   copying src/lxml/__init__.py -> build/lib.macosx-11.0-arm64-cpython-310/lxml
2022-12-27T11:08:33.2526360Z   copying src/lxml/builder.py -> build/lib.macosx-11.0-arm64-cpython-310/lxml
2022-12-27T11:08:33.2528950Z   copying src/lxml/doctestcompare.py -> build/lib.macosx-11.0-arm64-cpython-310/lxml
2022-12-27T11:08:33.2533540Z   copying src/lxml/usedoctest.py -> build/lib.macosx-11.0-arm64-cpython-310/lxml
2022-12-27T11:08:33.2535220Z   copying src/lxml/cssselect.py -> build/lib.macosx-11.0-arm64-cpython-310/lxml
2022-12-27T11:08:33.2536640Z   copying src/lxml/ElementInclude.py -> build/lib.macosx-11.0-arm64-cpython-310/lxml
2022-12-27T11:08:33.2540310Z   creating build/lib.macosx-11.0-arm64-cpython-310/lxml/includes
2022-12-27T11:08:33.2541790Z   copying src/lxml/includes/__init__.py -> build/lib.macosx-11.0-arm64-cpython-310/lxml/includes
2022-12-27T11:08:33.2547500Z   creating build/lib.macosx-11.0-arm64-cpython-310/lxml/html
2022-12-27T11:08:33.2549080Z   copying src/lxml/html/soupparser.py -> build/lib.macosx-11.0-arm64-cpython-310/lxml/html
2022-12-27T11:08:33.2551760Z   copying src/lxml/html/defs.py -> build/lib.macosx-11.0-arm64-cpython-310/lxml/html
2022-12-27T11:08:33.2554110Z   copying src/lxml/html/_setmixin.py -> build/lib.macosx-11.0-arm64-cpython-310/lxml/html
2022-12-27T11:08:33.2556610Z   copying src/lxml/html/clean.py -> build/lib.macosx-11.0-arm64-cpython-310/lxml/html
2022-12-27T11:08:33.2559140Z   copying src/lxml/html/_diffcommand.py -> build/lib.macosx-11.0-arm64-cpython-310/lxml/html
2022-12-27T11:08:33.2561380Z   copying src/lxml/html/html5parser.py -> build/lib.macosx-11.0-arm64-cpython-310/lxml/html
2022-12-27T11:08:33.2563760Z   copying src/lxml/html/__init__.py -> build/lib.macosx-11.0-arm64-cpython-310/lxml/html
2022-12-27T11:08:33.2566550Z   copying src/lxml/html/formfill.py -> build/lib.macosx-11.0-arm64-cpython-310/lxml/html
2022-12-27T11:08:33.2568920Z   copying src/lxml/html/builder.py -> build/lib.macosx-11.0-arm64-cpython-310/lxml/html
2022-12-27T11:08:33.2571260Z   copying src/lxml/html/ElementSoup.py -> build/lib.macosx-11.0-arm64-cpython-310/lxml/html
2022-12-27T11:08:33.2573230Z   copying src/lxml/html/_html5builder.py -> build/lib.macosx-11.0-arm64-cpython-310/lxml/html
2022-12-27T11:08:33.2576080Z   copying src/lxml/html/usedoctest.py -> build/lib.macosx-11.0-arm64-cpython-310/lxml/html
2022-12-27T11:08:33.2578680Z   copying src/lxml/html/diff.py -> build/lib.macosx-11.0-arm64-cpython-310/lxml/html
2022-12-27T11:08:33.2582640Z   creating build/lib.macosx-11.0-arm64-cpython-310/lxml/isoschematron
2022-12-27T11:08:33.2584620Z   copying src/lxml/isoschematron/__init__.py -> build/lib.macosx-11.0-arm64-cpython-310/lxml/isoschematron
2022-12-27T11:08:33.2606410Z   copying src/lxml/lxml.etree.h -> build/lib.macosx-11.0-arm64-cpython-310/lxml
2022-12-27T11:08:33.2609490Z   copying src/lxml/lxml.etree_api.h -> build/lib.macosx-11.0-arm64-cpython-310/lxml
2022-12-27T11:08:33.2612760Z   copying src/lxml/includes/xmlerror.pxd -> build/lib.macosx-11.0-arm64-cpython-310/lxml/includes
2022-12-27T11:08:33.2616790Z   copying src/lxml/includes/c14n.pxd -> build/lib.macosx-11.0-arm64-cpython-310/lxml/includes
2022-12-27T11:08:33.2619350Z   copying src/lxml/includes/xmlschema.pxd -> build/lib.macosx-11.0-arm64-cpython-310/lxml/includes
2022-12-27T11:08:33.2621190Z   copying src/lxml/includes/schematron.pxd -> build/lib.macosx-11.0-arm64-cpython-310/lxml/includes
2022-12-27T11:08:33.2624790Z   copying src/lxml/includes/tree.pxd -> build/lib.macosx-11.0-arm64-cpython-310/lxml/includes
2022-12-27T11:08:33.2627220Z   copying src/lxml/includes/uri.pxd -> build/lib.macosx-11.0-arm64-cpython-310/lxml/includes
2022-12-27T11:08:33.2630090Z   copying src/lxml/includes/etreepublic.pxd -> build/lib.macosx-11.0-arm64-cpython-310/lxml/includes
2022-12-27T11:08:33.2632680Z   copying src/lxml/includes/xpath.pxd -> build/lib.macosx-11.0-arm64-cpython-310/lxml/includes
2022-12-27T11:08:33.2635290Z   copying src/lxml/includes/htmlparser.pxd -> build/lib.macosx-11.0-arm64-cpython-310/lxml/includes
2022-12-27T11:08:33.2638000Z   copying src/lxml/includes/xslt.pxd -> build/lib.macosx-11.0-arm64-cpython-310/lxml/includes
2022-12-27T11:08:33.2640540Z   copying src/lxml/includes/config.pxd -> build/lib.macosx-11.0-arm64-cpython-310/lxml/includes
2022-12-27T11:08:33.2643350Z   copying src/lxml/includes/xmlparser.pxd -> build/lib.macosx-11.0-arm64-cpython-310/lxml/includes
2022-12-27T11:08:33.2646080Z   copying src/lxml/includes/xinclude.pxd -> build/lib.macosx-11.0-arm64-cpython-310/lxml/includes
2022-12-27T11:08:33.2648720Z   copying src/lxml/includes/dtdvalid.pxd -> build/lib.macosx-11.0-arm64-cpython-310/lxml/includes
2022-12-27T11:08:33.2651460Z   copying src/lxml/includes/relaxng.pxd -> build/lib.macosx-11.0-arm64-cpython-310/lxml/includes
2022-12-27T11:08:33.2654070Z   copying src/lxml/includes/lxml-version.h -> build/lib.macosx-11.0-arm64-cpython-310/lxml/includes
2022-12-27T11:08:33.2656500Z   copying src/lxml/includes/etree_defs.h -> build/lib.macosx-11.0-arm64-cpython-310/lxml/includes
2022-12-27T11:08:33.2660000Z   creating build/lib.macosx-11.0-arm64-cpython-310/lxml/isoschematron/resources
2022-12-27T11:08:33.2661340Z   creating build/lib.macosx-11.0-arm64-cpython-310/lxml/isoschematron/resources/rng
2022-12-27T11:08:33.2663500Z   copying src/lxml/isoschematron/resources/rng/iso-schematron.rng -> build/lib.macosx-11.0-arm64-cpython-310/lxml/isoschematron/resources/rng
2022-12-27T11:08:33.2664740Z   creating build/lib.macosx-11.0-arm64-cpython-310/lxml/isoschematron/resources/xsl
2022-12-27T11:08:33.2666370Z   copying src/lxml/isoschematron/resources/xsl/XSD2Schtrn.xsl -> build/lib.macosx-11.0-arm64-cpython-310/lxml/isoschematron/resources/xsl
2022-12-27T11:08:33.2669290Z   copying src/lxml/isoschematron/resources/xsl/RNG2Schtrn.xsl -> build/lib.macosx-11.0-arm64-cpython-310/lxml/isoschematron/resources/xsl
2022-12-27T11:08:33.2671640Z   creating build/lib.macosx-11.0-arm64-cpython-310/lxml/isoschematron/resources/xsl/iso-schematron-xslt1
2022-12-27T11:08:33.2742920Z   copying src/lxml/isoschematron/resources/xsl/iso-schematron-xslt1/iso_abstract_expand.xsl -> build/lib.macosx-11.0-arm64-cpython-310/lxml/isoschematron/resources/xsl/iso-schematron-xslt1
2022-12-27T11:08:33.2743580Z   copying src/lxml/isoschematron/resources/xsl/iso-schematron-xslt1/iso_dsdl_include.xsl -> build/lib.macosx-11.0-arm64-cpython-310/lxml/isoschematron/resources/xsl/iso-schematron-xslt1
2022-12-27T11:08:33.2744200Z   copying src/lxml/isoschematron/resources/xsl/iso-schematron-xslt1/iso_schematron_skeleton_for_xslt1.xsl -> build/lib.macosx-11.0-arm64-cpython-310/lxml/isoschematron/resources/xsl/iso-schematron-xslt1
2022-12-27T11:08:33.2744720Z   copying src/lxml/isoschematron/resources/xsl/iso-schematron-xslt1/iso_svrl_for_xslt1.xsl -> build/lib.macosx-11.0-arm64-cpython-310/lxml/isoschematron/resources/xsl/iso-schematron-xslt1
2022-12-27T11:08:33.2745180Z   copying src/lxml/isoschematron/resources/xsl/iso-schematron-xslt1/iso_schematron_message.xsl -> build/lib.macosx-11.0-arm64-cpython-310/lxml/isoschematron/resources/xsl/iso-schematron-xslt1
2022-12-27T11:08:33.2745650Z   copying src/lxml/isoschematron/resources/xsl/iso-schematron-xslt1/readme.txt -> build/lib.macosx-11.0-arm64-cpython-310/lxml/isoschematron/resources/xsl/iso-schematron-xslt1
2022-12-27T11:08:33.2746070Z   running build_ext
2022-12-27T11:08:33.2811740Z   building 'lxml.etree' extension
2022-12-27T11:08:33.2813450Z   creating build/temp.macosx-11.0-arm64-cpython-310
2022-12-27T11:08:33.2815020Z   creating build/temp.macosx-11.0-arm64-cpython-310/src
2022-12-27T11:08:33.2816340Z   creating build/temp.macosx-11.0-arm64-cpython-310/src/lxml
2022-12-27T11:08:33.2819190Z   clang -Wno-unused-result -Wsign-compare -Wunreachable-code -fno-common -dynamic -DNDEBUG -g -fwrapv -O3 -Wall -g -I/usr/local/opt/openssl@3/include -I/usr/local/opt/openssl@3/include -arch arm64 -I/Library/Developer/CommandLineTools/SDKs/MacOSX12.1.sdk/usr/include -I/Users/runner/actions-runner/_work/python.build/python.build/build_lxml334310/lxml-3.3.4/src/lxml/includes -I/private/var/folders/51/hd414ycd67n82196sw51xqtc0000gn/T/cibw-run-_e25536j/cp310-macosx_arm64/build/venv/include -I/Library/Frameworks/Python.framework/Versions/3.10/include/python3.10 -c src/lxml/lxml.etree.c -o build/temp.macosx-11.0-arm64-cpython-310/src/lxml/lxml.etree.o -w -flat_namespace
2022-12-27T11:08:33.8546600Z   src/lxml/lxml.etree.c:174187:5: error: expression is not assignable
2022-12-27T11:08:33.8547860Z       ++Py_REFCNT(o);
2022-12-27T11:08:33.8549780Z       ^ ~~~~~~~~~~~~
2022-12-27T11:08:33.8551540Z   src/lxml/lxml.etree.c:174189:5: error: expression is not assignable
2022-12-27T11:08:33.8552840Z       --Py_REFCNT(o);
2022-12-27T11:08:33.8554670Z       ^ ~~~~~~~~~~~~
2022-12-27T11:08:33.8555900Z   src/lxml/lxml.etree.c:174305:5: error: expression is not assignable
2022-12-27T11:08:33.8557140Z       ++Py_REFCNT(o);
2022-12-27T11:08:33.8558230Z       ^ ~~~~~~~~~~~~
2022-12-27T11:08:33.8559520Z   src/lxml/lxml.etree.c:174307:5: error: expression is not assignable
2022-12-27T11:08:33.8560680Z       --Py_REFCNT(o);
2022-12-27T11:08:33.8561800Z       ^ ~~~~~~~~~~~~
2022-12-27T11:08:33.8581140Z   src/lxml/lxml.etree.c:174931:5: error: expression is not assignable
2022-12-27T11:08:33.8583170Z       ++Py_REFCNT(o);
2022-12-27T11:08:33.8584480Z       ^ ~~~~~~~~~~~~
2022-12-27T11:08:33.8586660Z   src/lxml/lxml.etree.c:174933:5: error: expression is not assignable
2022-12-27T11:08:33.8587660Z       --Py_REFCNT(o);
2022-12-27T11:08:33.8589010Z       ^ ~~~~~~~~~~~~
2022-12-27T11:08:33.8667080Z   src/lxml/lxml.etree.c:177194:5: error: expression is not assignable
2022-12-27T11:08:33.8668740Z       ++Py_REFCNT(o);
2022-12-27T11:08:33.8670620Z       ^ ~~~~~~~~~~~~
2022-12-27T11:08:33.8673400Z   src/lxml/lxml.etree.c:177196:5: error: expression is not assignable
2022-12-27T11:08:33.8675640Z       --Py_REFCNT(o);
2022-12-27T11:08:33.8676830Z       ^ ~~~~~~~~~~~~
2022-12-27T11:08:33.8806380Z   src/lxml/lxml.etree.c:181103:5: error: expression is not assignable
2022-12-27T11:08:33.8807800Z       ++Py_REFCNT(o);
2022-12-27T11:08:33.8809220Z       ^ ~~~~~~~~~~~~
2022-12-27T11:08:33.8810740Z   src/lxml/lxml.etree.c:181105:5: error: expression is not assignable
2022-12-27T11:08:33.8812170Z       --Py_REFCNT(o);
2022-12-27T11:08:33.8813530Z       ^ ~~~~~~~~~~~~
2022-12-27T11:08:33.8823770Z   src/lxml/lxml.etree.c:181462:5: error: expression is not assignable
2022-12-27T11:08:33.8825060Z       ++Py_REFCNT(o);
2022-12-27T11:08:33.8826090Z       ^ ~~~~~~~~~~~~
2022-12-27T11:08:33.8827390Z   src/lxml/lxml.etree.c:181464:5: error: expression is not assignable
2022-12-27T11:08:33.8828480Z       --Py_REFCNT(o);
2022-12-27T11:08:33.8829560Z       ^ ~~~~~~~~~~~~
2022-12-27T11:08:33.8833950Z   src/lxml/lxml.etree.c:181695:5: error: expression is not assignable
2022-12-27T11:08:33.8835180Z       ++Py_REFCNT(o);
2022-12-27T11:08:33.8836350Z       ^ ~~~~~~~~~~~~
2022-12-27T11:08:33.8837550Z   src/lxml/lxml.etree.c:181697:5: error: expression is not assignable
2022-12-27T11:08:33.8838650Z       --Py_REFCNT(o);
2022-12-27T11:08:33.8839770Z       ^ ~~~~~~~~~~~~
2022-12-27T11:08:33.8841050Z   src/lxml/lxml.etree.c:181789:5: error: expression is not assignable
2022-12-27T11:08:33.8842120Z       ++Py_REFCNT(o);
2022-12-27T11:08:33.8843240Z       ^ ~~~~~~~~~~~~
2022-12-27T11:08:33.8844510Z   src/lxml/lxml.etree.c:181791:5: error: expression is not assignable
2022-12-27T11:08:33.8845670Z       --Py_REFCNT(o);
2022-12-27T11:08:33.8846900Z       ^ ~~~~~~~~~~~~
2022-12-27T11:08:33.8897510Z   src/lxml/lxml.etree.c:183182:5: error: expression is not assignable
2022-12-27T11:08:33.8899120Z       ++Py_REFCNT(o);
2022-12-27T11:08:33.8900600Z       ^ ~~~~~~~~~~~~
2022-12-27T11:08:33.8902200Z   src/lxml/lxml.etree.c:183184:5: error: expression is not assignable
2022-12-27T11:08:33.8903630Z       --Py_REFCNT(o);
2022-12-27T11:08:33.8904920Z       ^ ~~~~~~~~~~~~
2022-12-27T11:08:33.8964930Z   src/lxml/lxml.etree.c:184509:5: error: expression is not assignable
2022-12-27T11:08:33.8966470Z       ++Py_REFCNT(o);
2022-12-27T11:08:33.8967940Z       ^ ~~~~~~~~~~~~
2022-12-27T11:08:33.8969740Z   fatal error: too many errors emitted, stopping now [-ferror-limit=]
2022-12-27T11:08:33.9749590Z   20 errors generated.
2022-12-27T11:08:33.9792210Z   error: command '/usr/bin/clang' failed with exit code 1
2022-12-27T11:08:34.0139840Z   error: subprocess-exited-with-error
2022-12-27T11:08:34.0140150Z   
2022-12-27T11:08:34.0140600Z   × python setup.py bdist_wheel did not run successfully.
2022-12-27T11:08:34.0140890Z   │ exit code: 1
2022-12-27T11:08:34.0141190Z   ╰─> See above for output.
2022-12-27T11:08:34.0141380Z   
2022-12-27T11:08:34.0141610Z   note: This error originates from a subprocess, and is likely not a problem with pip.
2022-12-27T11:08:34.0147530Z   full command: /private/var/folders/51/hd414ycd67n82196sw51xqtc0000gn/T/cibw-run-_e25536j/cp310-macosx_arm64/build/venv/bin/python -u -c '
2022-12-27T11:08:34.0148360Z   exec(compile('"'"''"'"''"'"'
2022-12-27T11:08:34.0149260Z   # This is <pip-setuptools-caller> -- a caller that pip uses to run setup.py
2022-12-27T11:08:34.0149490Z   #
2022-12-27T11:08:34.0149820Z   # - It imports setuptools before invoking setup.py, to enable projects that directly
2022-12-27T11:08:34.0150220Z   #   import from `distutils.core` to work with newer packaging standards.
2022-12-27T11:08:34.0151120Z   # - It provides a clear error message when setuptools is not installed.
2022-12-27T11:08:34.0151570Z   # - It sets `sys.argv[0]` to the underlying `setup.py`, when invoking `setup.py` so
2022-12-27T11:08:34.0152050Z   #   setuptools doesn'"'"'t think the script is `-c`. This avoids the following warning:
2022-12-27T11:08:34.0152520Z   #     manifest_maker: standard file '"'"'-c'"'"' not found".
2022-12-27T11:08:34.0152880Z   # - It generates a shim setup.py, for handling setup.cfg-only projects.
2022-12-27T11:08:34.0153290Z   import os, sys, tokenize
2022-12-27T11:08:34.0153530Z   
2022-12-27T11:08:34.0153690Z   try:
2022-12-27T11:08:34.0153920Z       import setuptools
2022-12-27T11:08:34.0154140Z   except ImportError as error:
2022-12-27T11:08:34.0154530Z       print(
2022-12-27T11:08:34.0154790Z           "ERROR: Can not execute `setup.py` since setuptools is not available in "
2022-12-27T11:08:34.0155100Z           "the build environment.",
2022-12-27T11:08:34.0155500Z   Building wheel for lxml (setup.py): finished with status 'error'
2022-12-27T11:08:34.0155760Z           file=sys.stderr,
2022-12-27T11:08:34.0155970Z       )
2022-12-27T11:08:34.0156170Z       sys.exit(1)
2022-12-27T11:08:34.0156300Z   
2022-12-27T11:08:34.0156510Z   __file__ = %r
2022-12-27T11:08:34.0156730Z   sys.argv[0] = __file__
2022-12-27T11:08:34.0156890Z   
2022-12-27T11:08:34.0157080Z   if os.path.exists(__file__):
2022-12-27T11:08:34.0157310Z       filename = __file__
2022-12-27T11:08:34.0157530Z   Running setup.py clean for lxml
2022-12-27T11:08:34.0157800Z       with tokenize.open(__file__) as f:
2022-12-27T11:08:34.0158040Z           setup_py_code = f.read()
2022-12-27T11:08:34.0158230Z   else:
2022-12-27T11:08:34.0158520Z       filename = "<auto-generated setuptools caller>"
2022-12-27T11:08:34.0158830Z       setup_py_code = "from setuptools import setup; setup()"
2022-12-27T11:08:34.0159080Z   
2022-12-27T11:08:34.0159270Z   exec(compile(setup_py_code, filename, "exec"))
2022-12-27T11:08:34.0159980Z   '"'"''"'"''"'"' % ('"'"'/Users/runner/actions-runner/_work/python.build/python.build/build_lxml334310/lxml-3.3.4/setup.py'"'"',), "<pip-setuptools-caller>", "exec"))' bdist_wheel -d /private/var/folders/51/hd414ycd67n82196sw51xqtc0000gn/T/pip-wheel-kz8uw65h
2022-12-27T11:08:34.0160860Z   cwd: /Users/runner/actions-runner/_work/python.build/python.build/build_lxml334310/lxml-3.3.4/
2022-12-27T11:08:34.0161190Z   ERROR: Failed building wheel for lxml
2022-12-27T11:08:34.0161430Z   Running command python setup.py clean
2022-12-27T11:08:34.2131040Z   Building lxml version 3.3.4.
2022-12-27T11:08:34.2132530Z   Building without Cython.
2022-12-27T11:08:34.2264450Z   Using build configuration of libxslt 1.1.29
2022-12-27T11:08:34.3179920Z   Building against libxml2/libxslt in the following directory: /Library/Developer/CommandLineTools/SDKs/MacOSX12.1.sdk/usr/lib
2022-12-27T11:08:34.3245790Z   /private/var/folders/51/hd414ycd67n82196sw51xqtc0000gn/T/cibw-run-_e25536j/cp310-macosx_arm64/build/venv/lib/python3.10/site-packages/setuptools/_distutils/dist.py:265: UserWarning: Unknown distribution option: 'bugtrack_url'
2022-12-27T11:08:34.3246850Z     warnings.warn(msg)
2022-12-27T11:08:34.3331100Z   running clean
2022-12-27T11:08:34.3353430Z   removing 'build/temp.macosx-11.0-arm64-cpython-310' (and everything under it)
2022-12-27T11:08:34.3356900Z   removing 'build/lib.macosx-11.0-arm64-cpython-310' (and everything under it)
2022-12-27T11:08:34.3403360Z   'build/bdist.macosx-11.0-arm64' does not exist -- can't clean it
2022-12-27T11:08:34.3405030Z   'build/scripts-3.10' does not exist -- can't clean it
2022-12-27T11:08:34.3406080Z   removing 'build'
2022-12-27T11:08:34.3657720Z Failed to build lxml
2022-12-27T11:08:34.3661380Z ERROR: Failed to build one or more wheels
2022-12-27T11:08:34.3670180Z Exception information:
2022-12-27T11:08:34.3670430Z Traceback (most recent call last):
2022-12-27T11:08:34.3677040Z   File "/private/var/folders/51/hd414ycd67n82196sw51xqtc0000gn/T/cibw-run-_e25536j/cp310-macosx_arm64/build/venv/lib/python3.10/site-packages/pip/_internal/cli/base_command.py", line 160, in exc_logging_wrapper
2022-12-27T11:08:34.3677560Z     status = run_func(*args)
2022-12-27T11:08:34.3678200Z   File "/private/var/folders/51/hd414ycd67n82196sw51xqtc0000gn/T/cibw-run-_e25536j/cp310-macosx_arm64/build/venv/lib/python3.10/site-packages/pip/_internal/cli/req_command.py", line 247, in wrapper
2022-12-27T11:08:34.3678580Z     return func(self, options, args)
2022-12-27T11:08:34.3679090Z   File "/private/var/folders/51/hd414ycd67n82196sw51xqtc0000gn/T/cibw-run-_e25536j/cp310-macosx_arm64/build/venv/lib/python3.10/site-packages/pip/_internal/commands/wheel.py", line 201, in run
2022-12-27T11:08:34.3679490Z     raise CommandError("Failed to build one or more wheels")
2022-12-27T11:08:34.3679850Z pip._internal.exceptions.CommandError: Failed to build one or more wheels
2022-12-27T11:08:34.3680320Z Removed build tracker: '/private/var/folders/51/hd414ycd67n82196sw51xqtc0000gn/T/pip-build-tracker-c2rndgvu'
2022-12-27T11:08:34.4085280Z ##[endgroup]
2022-12-27T11:08:34.4109460Z ##[error]Command ['python', '-m', 'pip', 'wheel', '/Users/runner/actions-runner/_work/python.build/python.build/build_lxml334310/lxml-3.3.4', '--wheel-dir=/private/var/folders/51/hd414ycd67n82196sw51xqtc0000gn/T/cibw-run-_e25536j/cp310-macosx_arm64/built_wheel', '--no-deps', '-vvv'] failed with code 1. None
2022-12-27T11:08:34.4115620Z                                                               [31m✕ [0m2.20s
2022-12-27T11:08:34.4115760Z 
2022-12-27T11:08:34.4551520Z ##[error]Process completed with exit code 1.
2022-12-27T11:08:34.4580000Z ##[group]Run rm -rf build_lxml334310 wheelsout
2022-12-27T11:08:34.4580170Z [36;1mrm -rf build_lxml334310 wheelsout[0m
2022-12-27T11:08:34.4594200Z shell: /bin/bash -e {0}
2022-12-27T11:08:34.4594310Z env:
2022-12-27T11:08:34.4594530Z   pythonLocation: /Users/runner/hostedtoolcache/Python/3.10.9/x64
2022-12-27T11:08:34.4594740Z   PKG_CONFIG_PATH: /Users/runner/hostedtoolcache/Python/3.10.9/x64/lib/pkgconfig
2022-12-27T11:08:34.4594940Z   Python_ROOT_DIR: /Users/runner/hostedtoolcache/Python/3.10.9/x64
2022-12-27T11:08:34.4595110Z   Python2_ROOT_DIR: /Users/runner/hostedtoolcache/Python/3.10.9/x64
2022-12-27T11:08:34.4595270Z   Python3_ROOT_DIR: /Users/runner/hostedtoolcache/Python/3.10.9/x64
2022-12-27T11:08:34.4595560Z ##[endgroup]
2022-12-27T11:08:34.5109390Z Cleaning up orphan processes
