2022-12-27T08:50:25.7968486Z Requested labels: self-hosted, macOS, X64
2022-12-27T08:50:25.7968571Z Job defined at: kilnbuild/python.build/.github/workflows/mac_arm_build.yml@refs/heads/main
2022-12-27T08:50:25.7968598Z Waiting for a runner to pick up this job...
2022-12-27T11:20:52.0666272Z Job is about to start running on the runner: kr2 (organization)
2022-12-27T11:20:58.9779760Z Current runner version: '2.300.2'
2022-12-27T11:20:58.9787690Z Runner name: 'kr2'
2022-12-27T11:20:58.9788090Z Runner group name: 'Default'
2022-12-27T11:20:58.9788950Z Machine name: 'kr2'
2022-12-27T11:20:58.9791540Z ##[group]GITHUB_TOKEN Permissions
2022-12-27T11:20:58.9792240Z Actions: write
2022-12-27T11:20:58.9792500Z Checks: write
2022-12-27T11:20:58.9792760Z Contents: write
2022-12-27T11:20:58.9793010Z Deployments: write
2022-12-27T11:20:58.9793280Z Discussions: write
2022-12-27T11:20:58.9793540Z Issues: write
2022-12-27T11:20:58.9793780Z Metadata: read
2022-12-27T11:20:58.9794040Z Packages: write
2022-12-27T11:20:58.9794300Z Pages: write
2022-12-27T11:20:58.9794550Z PullRequests: write
2022-12-27T11:20:58.9794860Z RepositoryProjects: write
2022-12-27T11:20:58.9795160Z SecurityEvents: write
2022-12-27T11:20:58.9795420Z Statuses: write
2022-12-27T11:20:58.9795700Z ##[endgroup]
2022-12-27T11:20:58.9799560Z Secret source: Actions
2022-12-27T11:20:58.9800080Z Prepare workflow directory
2022-12-27T11:20:59.0936410Z Prepare all required actions
2022-12-27T11:20:59.1140370Z Getting action download info
2022-12-27T11:20:59.5416090Z Download action repository 'actions/setup-python@v4' (SHA:5ccb29d8773c3f3f653e1705f474dfaa8a06a912)
2022-12-27T11:21:01.4256540Z Download action repository 'actions/upload-artifact@v3' (SHA:83fd05a356d7e2593de66fc9913b3002723633cb)
2022-12-27T11:21:02.8883200Z ##[group]Run echo '{
2022-12-27T11:21:02.8883610Z [36;1mecho '{[0m
2022-12-27T11:21:02.8883800Z [36;1m  "package_name": "lxml",[0m
2022-12-27T11:21:02.8884220Z [36;1m  "package_url": "https://files.pythonhosted.org/packages/94/c5/9ac3a75b3e879f0be6717cae4308dd768be66d348e14ed94c56f0c368fc1/lxml-1.2.tar.gz",[0m
2022-12-27T11:21:02.8884570Z [36;1m  "package_version": "1.2",[0m
2022-12-27T11:21:02.8884770Z [36;1m  "python_version": "3.9",[0m
2022-12-27T11:21:02.8885130Z [36;1m  "use_ccache": "true"[0m
2022-12-27T11:21:02.8885380Z [36;1m}'[0m
2022-12-27T11:21:02.8913440Z shell: /bin/bash -e {0}
2022-12-27T11:21:02.8913670Z ##[endgroup]
2022-12-27T11:21:02.9321700Z {
2022-12-27T11:21:02.9325320Z   "package_name": "lxml",
2022-12-27T11:21:02.9326520Z   "package_url": "https://files.pythonhosted.org/packages/94/c5/9ac3a75b3e879f0be6717cae4308dd768be66d348e14ed94c56f0c368fc1/lxml-1.2.tar.gz",
2022-12-27T11:21:02.9327230Z   "package_version": "1.2",
2022-12-27T11:21:02.9327740Z   "python_version": "3.9",
2022-12-27T11:21:02.9328060Z   "use_ccache": "true"
2022-12-27T11:21:02.9328480Z }
2022-12-27T11:21:02.9711230Z ##[group]Run actions/setup-python@v4
2022-12-27T11:21:02.9711690Z with:
2022-12-27T11:21:02.9712010Z   python-version: 3.9
2022-12-27T11:21:02.9712370Z   check-latest: false
2022-12-27T11:21:02.9712910Z   token: ***
2022-12-27T11:21:02.9713230Z   update-environment: true
2022-12-27T11:21:02.9713500Z ##[endgroup]
2022-12-27T11:21:03.1962210Z ##[group]Installed versions
2022-12-27T11:21:03.2003890Z Successfully set up CPython (3.9.16)
2022-12-27T11:21:03.2004930Z ##[endgroup]
2022-12-27T11:21:03.2229430Z ##[group]Run if [ "true" == "true" ]
2022-12-27T11:21:03.2230000Z [36;1mif [ "true" == "true" ][0m
2022-12-27T11:21:03.2230340Z [36;1mthen[0m
2022-12-27T11:21:03.2230650Z [36;1m  echo "CCACHE_PATH_PREPEND=/usr/local/opt/ccache/libexec" >> $GITHUB_OUTPUT[0m
2022-12-27T11:21:03.2231130Z [36;1melse[0m
2022-12-27T11:21:03.2231500Z [36;1m  echo "CCACHE_PATH_PREPEND=" >> $GITHUB_OUTPUT[0m
2022-12-27T11:21:03.2231780Z [36;1mfi[0m
2022-12-27T11:21:03.2260810Z shell: /bin/bash -e {0}
2022-12-27T11:21:03.2261290Z env:
2022-12-27T11:21:03.2261610Z   pythonLocation: /Users/runner/hostedtoolcache/Python/3.9.16/x64
2022-12-27T11:21:03.2262070Z   PKG_CONFIG_PATH: /Users/runner/hostedtoolcache/Python/3.9.16/x64/lib/pkgconfig
2022-12-27T11:21:03.2262530Z   Python_ROOT_DIR: /Users/runner/hostedtoolcache/Python/3.9.16/x64
2022-12-27T11:21:03.2263050Z   Python2_ROOT_DIR: /Users/runner/hostedtoolcache/Python/3.9.16/x64
2022-12-27T11:21:03.2263550Z   Python3_ROOT_DIR: /Users/runner/hostedtoolcache/Python/3.9.16/x64
2022-12-27T11:21:03.2264450Z ##[endgroup]
2022-12-27T11:21:03.2538960Z ##[group]Run echo "BUILD_NAME=$(echo lxml_1.2_3.9 | tr -dc '[:alnum:]\n\r' | tr '[:upper:]' '[:lower:]')" >> $GITHUB_OUTPUT
2022-12-27T11:21:03.2539640Z [36;1mecho "BUILD_NAME=$(echo lxml_1.2_3.9 | tr -dc '[:alnum:]\n\r' | tr '[:upper:]' '[:lower:]')" >> $GITHUB_OUTPUT[0m
2022-12-27T11:21:03.2566340Z shell: /bin/bash -e {0}
2022-12-27T11:21:03.2566670Z env:
2022-12-27T11:21:03.2567030Z   pythonLocation: /Users/runner/hostedtoolcache/Python/3.9.16/x64
2022-12-27T11:21:03.2567510Z   PKG_CONFIG_PATH: /Users/runner/hostedtoolcache/Python/3.9.16/x64/lib/pkgconfig
2022-12-27T11:21:03.2567960Z   Python_ROOT_DIR: /Users/runner/hostedtoolcache/Python/3.9.16/x64
2022-12-27T11:21:03.2568390Z   Python2_ROOT_DIR: /Users/runner/hostedtoolcache/Python/3.9.16/x64
2022-12-27T11:21:03.2568820Z   Python3_ROOT_DIR: /Users/runner/hostedtoolcache/Python/3.9.16/x64
2022-12-27T11:21:03.2569120Z ##[endgroup]
2022-12-27T11:21:03.2801570Z ##[group]Run echo "PYTHON_NO_DOTS=$(echo 3.9 | tr -dc '[:alnum:]\n\r' | tr '[:upper:]' '[:lower:]')" >> $GITHUB_OUTPUT
2022-12-27T11:21:03.2802250Z [36;1mecho "PYTHON_NO_DOTS=$(echo 3.9 | tr -dc '[:alnum:]\n\r' | tr '[:upper:]' '[:lower:]')" >> $GITHUB_OUTPUT[0m
2022-12-27T11:21:03.2828050Z shell: /bin/bash -e {0}
2022-12-27T11:21:03.2828380Z env:
2022-12-27T11:21:03.2828740Z   pythonLocation: /Users/runner/hostedtoolcache/Python/3.9.16/x64
2022-12-27T11:21:03.2830170Z   PKG_CONFIG_PATH: /Users/runner/hostedtoolcache/Python/3.9.16/x64/lib/pkgconfig
2022-12-27T11:21:03.2830550Z   Python_ROOT_DIR: /Users/runner/hostedtoolcache/Python/3.9.16/x64
2022-12-27T11:21:03.2830970Z   Python2_ROOT_DIR: /Users/runner/hostedtoolcache/Python/3.9.16/x64
2022-12-27T11:21:03.2831390Z   Python3_ROOT_DIR: /Users/runner/hostedtoolcache/Python/3.9.16/x64
2022-12-27T11:21:03.2831680Z ##[endgroup]
2022-12-27T11:21:03.3110490Z ##[group]Run rm -rf build_lxml1239
2022-12-27T11:21:03.3111070Z [36;1mrm -rf build_lxml1239[0m
2022-12-27T11:21:03.3111420Z [36;1mmkdir build_lxml1239[0m
2022-12-27T11:21:03.3111760Z [36;1mcd build_lxml1239[0m
2022-12-27T11:21:03.3112370Z [36;1m/usr/local/bin/wget --quiet https://files.pythonhosted.org/packages/94/c5/9ac3a75b3e879f0be6717cae4308dd768be66d348e14ed94c56f0c368fc1/lxml-1.2.tar.gz[0m
2022-12-27T11:21:03.3112870Z [36;1mtar xf *.tar.gz[0m
2022-12-27T11:21:03.3113180Z [36;1mcd *[0m
2022-12-27T11:21:03.3113470Z [36;1mpython -m pip install cibuildwheel==2.11.3[0m
2022-12-27T11:21:03.3113960Z [36;1mpython -m cibuildwheel --output-dir ../wheelsout[0m
2022-12-27T11:21:03.3142310Z shell: /bin/bash -e {0}
2022-12-27T11:21:03.3142590Z env:
2022-12-27T11:21:03.3143000Z   pythonLocation: /Users/runner/hostedtoolcache/Python/3.9.16/x64
2022-12-27T11:21:03.3143580Z   PKG_CONFIG_PATH: /Users/runner/hostedtoolcache/Python/3.9.16/x64/lib/pkgconfig
2022-12-27T11:21:03.3144100Z   Python_ROOT_DIR: /Users/runner/hostedtoolcache/Python/3.9.16/x64
2022-12-27T11:21:03.3144570Z   Python2_ROOT_DIR: /Users/runner/hostedtoolcache/Python/3.9.16/x64
2022-12-27T11:21:03.3145050Z   Python3_ROOT_DIR: /Users/runner/hostedtoolcache/Python/3.9.16/x64
2022-12-27T11:21:03.3145540Z   CIBW_ARCHS_MACOS: arm64
2022-12-27T11:21:03.3145830Z   CIBW_TEST_SKIP: *_arm64
2022-12-27T11:21:03.3146200Z   CIBW_BUILD: cp39-macosx_arm64
2022-12-27T11:21:03.3146580Z   CIBW_BUILD_FRONTEND: pip
2022-12-27T11:21:03.3146930Z   CIBW_BUILD_VERBOSITY: 3
2022-12-27T11:21:03.3147620Z   CIBW_ENVIRONMENT_MACOS:  CFLAGS="-I/usr/local/opt/openssl@3/include" LDFLAGS="-L/usr/local/opt/openssl@3/lib" CPPFLAGS="-I/usr/local/opt/openssl@3/include" MAKEFLAGS="-j$(sysctl -n hw.logicalcpu)" PATH=/usr/local/opt/ccache/libexec:$PATH
2022-12-27T11:21:03.3148350Z   CIBW_BEFORE_BUILD: pip install Cython; if [[ -f requirements.txt ]]; then pip install -r requirements.txt; fi
2022-12-27T11:21:03.3148840Z   MAKEFLAGS: -j$(sysctl -n hw.logicalcpu)
2022-12-27T11:21:03.3149140Z ##[endgroup]
2022-12-27T11:21:03.9408100Z Requirement already satisfied: cibuildwheel==2.11.3 in /Users/runner/hostedtoolcache/Python/3.9.16/x64/lib/python3.9/site-packages (2.11.3)
2022-12-27T11:21:03.9826050Z Requirement already satisfied: tomli in /Users/runner/hostedtoolcache/Python/3.9.16/x64/lib/python3.9/site-packages (from cibuildwheel==2.11.3) (2.0.1)
2022-12-27T11:21:03.9832120Z Requirement already satisfied: packaging>=20.9 in /Users/runner/hostedtoolcache/Python/3.9.16/x64/lib/python3.9/site-packages (from cibuildwheel==2.11.3) (22.0)
2022-12-27T11:21:03.9836750Z Requirement already satisfied: filelock in /Users/runner/hostedtoolcache/Python/3.9.16/x64/lib/python3.9/site-packages (from cibuildwheel==2.11.3) (3.8.2)
2022-12-27T11:21:03.9853260Z Requirement already satisfied: typing-extensions>=4.1.0 in /Users/runner/hostedtoolcache/Python/3.9.16/x64/lib/python3.9/site-packages (from cibuildwheel==2.11.3) (4.4.0)
2022-12-27T11:21:03.9858080Z Requirement already satisfied: platformdirs in /Users/runner/hostedtoolcache/Python/3.9.16/x64/lib/python3.9/site-packages (from cibuildwheel==2.11.3) (2.6.0)
2022-12-27T11:21:03.9863410Z Requirement already satisfied: certifi in /Users/runner/hostedtoolcache/Python/3.9.16/x64/lib/python3.9/site-packages (from cibuildwheel==2.11.3) (2022.12.7)
2022-12-27T11:21:03.9867210Z Requirement already satisfied: bracex in /Users/runner/hostedtoolcache/Python/3.9.16/x64/lib/python3.9/site-packages (from cibuildwheel==2.11.3) (2.3.post1)
2022-12-27T11:21:03.9875650Z Requirement already satisfied: bashlex!=0.13 in /Users/runner/hostedtoolcache/Python/3.9.16/x64/lib/python3.9/site-packages (from cibuildwheel==2.11.3) (0.16)
2022-12-27T11:21:04.3029270Z 
2022-12-27T11:21:04.3030510Z      _ _       _ _   _       _           _
2022-12-27T11:21:04.3031790Z  ___|_| |_ _ _|_| |_| |_ _ _| |_ ___ ___| |
2022-12-27T11:21:04.3033300Z |  _| | . | | | | | . | | | |   | -_| -_| |
2022-12-27T11:21:04.3034100Z |___|_|___|___|_|_|___|_____|_|_|___|___|_|
2022-12-27T11:21:04.3036760Z 
2022-12-27T11:21:04.3037040Z cibuildwheel version 2.11.3
2022-12-27T11:21:04.3037180Z 
2022-12-27T11:21:04.3037360Z Build options:
2022-12-27T11:21:04.3037810Z   platform: macos
2022-12-27T11:21:04.3088810Z   architectures: arm64[0m
2022-12-27T11:21:04.3089580Z   build_selector: 
2022-12-27T11:21:04.3090430Z     build_config: cp39-macosx_arm64
2022-12-27T11:21:04.3090970Z     skip_config: 
2022-12-27T11:21:04.3091370Z     requires_python: None
2022-12-27T11:21:04.3092190Z     prerelease_pythons: False[0m
2022-12-27T11:21:04.3094880Z   [38;5;244mcontainer_engine: docker[0m
2022-12-27T11:21:04.3096050Z   output_dir: /Users/runner/actions-runner/_work/python.build/python.build/build_lxml1239/wheelsout[0m
2022-12-27T11:21:04.3097180Z   package_dir: /Users/runner/actions-runner/_work/python.build/python.build/build_lxml1239/lxml-1.2[0m
2022-12-27T11:21:04.3098140Z   test_selector: 
2022-12-27T11:21:04.3099710Z     skip_config: *_arm64[0m
2022-12-27T11:21:04.3100350Z   [38;5;244mbefore_all: [0m
2022-12-27T11:21:04.3101350Z   before_build: pip install Cython; if [[ -f requirements.txt ]]; then pip install -r requirements.txt; fi[0m
2022-12-27T11:21:04.3102310Z   [38;5;244mbefore_test: [0m
2022-12-27T11:21:04.3102930Z   [38;5;244mbuild_frontend: pip[0m
2022-12-27T11:21:04.3104140Z   build_verbosity: 3[0m
2022-12-27T11:21:04.3104870Z   [38;5;244mconfig_settings: [0m
2022-12-27T11:21:04.3105570Z   [38;5;244mdependency_constraints: pinned[0m
2022-12-27T11:21:04.3106180Z   environment: 
2022-12-27T11:21:04.3107350Z     CFLAGS="-I/usr/local/opt/openssl@3/include"
2022-12-27T11:21:04.3108200Z     LDFLAGS="-L/usr/local/opt/openssl@3/lib"
2022-12-27T11:21:04.3108940Z     CPPFLAGS="-I/usr/local/opt/openssl@3/include"
2022-12-27T11:21:04.3109750Z     MAKEFLAGS="-j$(sysctl -n hw.logicalcpu)"
2022-12-27T11:21:04.3110610Z     PATH=/usr/local/opt/ccache/libexec:$PATH[0m
2022-12-27T11:21:04.3111500Z   [38;5;244mmanylinux_images: None[0m
2022-12-27T11:21:04.3112280Z   [38;5;244mmusllinux_images: None[0m
2022-12-27T11:21:04.3113230Z   [38;5;244mrepair_command: delocate-wheel --require-archs {delocate_archs} -w {dest_dir} -v {wheel}[0m
2022-12-27T11:21:04.3113940Z   [38;5;244mtest_command: [0m
2022-12-27T11:21:04.3115890Z   [38;5;244mtest_extras: [0m
2022-12-27T11:21:04.3116990Z   [38;5;244mtest_requires: [0m
2022-12-27T11:21:04.3117340Z 
2022-12-27T11:21:04.3117790Z Cache folder: /Users/runner/Library/Caches/cibuildwheel
2022-12-27T11:21:04.3118780Z 
2022-12-27T11:21:04.3119170Z Here we go!
2022-12-27T11:21:04.3119500Z 
2022-12-27T11:21:04.3226190Z 
2022-12-27T11:21:04.3228250Z [1m[34mBuilding cp39-macosx_arm64 wheel[0m
2022-12-27T11:21:04.3229560Z CPython 3.9 macOS arm64 - Apple Silicon
2022-12-27T11:21:04.3229970Z 
2022-12-27T11:21:04.3231460Z ##[group]Installing Python cp39...
2022-12-27T11:21:04.3231900Z 
2022-12-27T11:21:04.3232330Z + pkgutil --pkgs
2022-12-27T11:21:04.3433800Z ##[endgroup]
2022-12-27T11:21:04.3435890Z                                                               [32m✓ [0m0.02s
2022-12-27T11:21:04.3436810Z ##[group]Setting up build environment...
2022-12-27T11:21:04.3437060Z 
2022-12-27T11:21:04.3467300Z + /Users/runner/hostedtoolcache/Python/3.9.16/x64/bin/python -sS /Users/runner/Library/Caches/cibuildwheel/virtualenv-20.17.0.pyz --activators= --no-periodic-update --pip=22.3.1 --setuptools=65.6.3 --wheel=0.38.4 --symlink-app-data --python /Library/Frameworks/Python.framework/Versions/3.9/bin/python3 /private/var/folders/51/hd414ycd67n82196sw51xqtc0000gn/T/cibw-run-aww5bjzr/cp39-macosx_arm64/build/venv
2022-12-27T11:21:04.6584070Z created virtual environment CPython3.9.13.final.0-64 in 80ms
2022-12-27T11:21:04.6586380Z   creator CPython3Posix(dest=/private/var/folders/51/hd414ycd67n82196sw51xqtc0000gn/T/cibw-run-aww5bjzr/cp39-macosx_arm64/build/venv, clear=False, no_vcs_ignore=False, global=False)
2022-12-27T11:21:04.6588440Z   seeder FromAppData(download=False, pip=22.3.1, setuptools=65.6.3, wheel=0.38.4, via=symlink, app_data_dir=/Users/runner/Library/Application Support/virtualenv)
2022-12-27T11:21:04.6589570Z     added seed packages: pip==22.3.1, setuptools==65.6.3, wheel==0.38.4
2022-12-27T11:21:04.6818210Z + python -m pip install --upgrade pip -c /Users/runner/hostedtoolcache/Python/3.9.16/x64/lib/python3.9/site-packages/cibuildwheel/resources/constraints-python39.txt
2022-12-27T11:21:05.1963720Z Requirement already satisfied: pip in ./lib/python3.9/site-packages (22.3.1)
2022-12-27T11:21:05.4651770Z + which pip
2022-12-27T11:21:05.4694390Z /private/var/folders/51/hd414ycd67n82196sw51xqtc0000gn/T/cibw-run-aww5bjzr/cp39-macosx_arm64/build/venv/bin/pip
2022-12-27T11:21:05.4700770Z + pip --version
2022-12-27T11:21:05.8375410Z pip 22.3.1 from /private/var/folders/51/hd414ycd67n82196sw51xqtc0000gn/T/cibw-run-aww5bjzr/cp39-macosx_arm64/build/venv/lib/python3.9/site-packages/pip (python 3.9)
2022-12-27T11:21:05.8832390Z + which pip
2022-12-27T11:21:05.8896190Z + which python
2022-12-27T11:21:05.8949980Z /private/var/folders/51/hd414ycd67n82196sw51xqtc0000gn/T/cibw-run-aww5bjzr/cp39-macosx_arm64/build/venv/bin/python
2022-12-27T11:21:05.8960840Z + python --version
2022-12-27T11:21:05.9052900Z Python 3.9.13
2022-12-27T11:21:05.9058070Z + which python
2022-12-27T11:21:05.9186240Z ##[endgroup]
2022-12-27T11:21:05.9187480Z                                                               [32m✓ [0m1.58s
2022-12-27T11:21:05.9188270Z ##[group]Installing build tools...
2022-12-27T11:21:05.9188500Z 
2022-12-27T11:21:05.9189070Z + pip install --upgrade setuptools wheel delocate -c /Users/runner/hostedtoolcache/Python/3.9.16/x64/lib/python3.9/site-packages/cibuildwheel/resources/constraints-python39.txt
2022-12-27T11:21:06.4348040Z Requirement already satisfied: setuptools in /private/var/folders/51/hd414ycd67n82196sw51xqtc0000gn/T/cibw-run-aww5bjzr/cp39-macosx_arm64/build/venv/lib/python3.9/site-packages (65.6.3)
2022-12-27T11:21:06.8547920Z Requirement already satisfied: wheel in /private/var/folders/51/hd414ycd67n82196sw51xqtc0000gn/T/cibw-run-aww5bjzr/cp39-macosx_arm64/build/venv/lib/python3.9/site-packages (0.38.4)
2022-12-27T11:21:06.9551960Z Collecting delocate
2022-12-27T11:21:06.9611170Z   Using cached delocate-0.10.3-py3-none-any.whl (142 kB)
2022-12-27T11:21:07.0041020Z Collecting typing-extensions
2022-12-27T11:21:07.0101220Z   Using cached typing_extensions-4.4.0-py3-none-any.whl (26 kB)
2022-12-27T11:21:07.0607560Z Collecting packaging>=20.9
2022-12-27T11:21:07.0670030Z   Using cached packaging-21.3-py3-none-any.whl (40 kB)
2022-12-27T11:21:07.1390360Z Collecting pyparsing!=3.0.5,>=2.0.2
2022-12-27T11:21:07.1440900Z   Using cached pyparsing-3.0.9-py3-none-any.whl (98 kB)
2022-12-27T11:21:07.2140470Z Installing collected packages: typing-extensions, pyparsing, packaging, delocate
2022-12-27T11:21:07.4759490Z Successfully installed delocate-0.10.3 packaging-21.3 pyparsing-3.0.9 typing-extensions-4.4.0
2022-12-27T11:21:07.5929510Z ##[endgroup]
2022-12-27T11:21:07.5930460Z                                                               [32m✓ [0m1.67s
2022-12-27T11:21:07.5931110Z ##[group]Running before_build...
2022-12-27T11:21:07.5931250Z 
2022-12-27T11:21:07.5942470Z + pip install Cython; if [[ -f requirements.txt ]]; then pip install -r requirements.txt; fi
2022-12-27T11:21:08.8357430Z Collecting Cython
2022-12-27T11:21:08.8475130Z   Using cached Cython-0.29.32-py2.py3-none-any.whl (986 kB)
2022-12-27T11:21:08.9308940Z Installing collected packages: Cython
2022-12-27T11:21:09.7510520Z Successfully installed Cython-0.29.32
2022-12-27T11:21:09.8566860Z ##[endgroup]
2022-12-27T11:21:09.8568200Z                                                               [32m✓ [0m2.26s
2022-12-27T11:21:09.8569370Z ##[group]Building wheel...
2022-12-27T11:21:09.8569750Z 
2022-12-27T11:21:09.8588570Z + python -m pip wheel /Users/runner/actions-runner/_work/python.build/python.build/build_lxml1239/lxml-1.2 --wheel-dir=/private/var/folders/51/hd414ycd67n82196sw51xqtc0000gn/T/cibw-run-aww5bjzr/cp39-macosx_arm64/built_wheel --no-deps -vvv
2022-12-27T11:21:10.3114390Z Created temporary directory: /private/var/folders/51/hd414ycd67n82196sw51xqtc0000gn/T/pip-ephem-wheel-cache-09po3_oi
2022-12-27T11:21:10.3120630Z Created temporary directory: /private/var/folders/51/hd414ycd67n82196sw51xqtc0000gn/T/pip-build-tracker-i49_7n3i
2022-12-27T11:21:10.3123750Z Initialized build tracking at /private/var/folders/51/hd414ycd67n82196sw51xqtc0000gn/T/pip-build-tracker-i49_7n3i
2022-12-27T11:21:10.3125770Z Created build tracker: /private/var/folders/51/hd414ycd67n82196sw51xqtc0000gn/T/pip-build-tracker-i49_7n3i
2022-12-27T11:21:10.3128890Z Entered build tracker: /private/var/folders/51/hd414ycd67n82196sw51xqtc0000gn/T/pip-build-tracker-i49_7n3i
2022-12-27T11:21:10.3133960Z Created temporary directory: /private/var/folders/51/hd414ycd67n82196sw51xqtc0000gn/T/pip-wheel-9i9zw1pe
2022-12-27T11:21:10.3145730Z Created temporary directory: /private/var/folders/51/hd414ycd67n82196sw51xqtc0000gn/T/pip-ephem-wheel-cache-1u9ho13a
2022-12-27T11:21:10.3494900Z Processing /Users/runner/actions-runner/_work/python.build/python.build/build_lxml1239/lxml-1.2
2022-12-27T11:21:10.3502350Z   Added file:///Users/runner/actions-runner/_work/python.build/python.build/build_lxml1239/lxml-1.2 to build tracker '/private/var/folders/51/hd414ycd67n82196sw51xqtc0000gn/T/pip-build-tracker-i49_7n3i'
2022-12-27T11:21:10.3507730Z   Running setup.py (path:/Users/runner/actions-runner/_work/python.build/python.build/build_lxml1239/lxml-1.2/setup.py) egg_info for package from file:///Users/runner/actions-runner/_work/python.build/python.build/build_lxml1239/lxml-1.2
2022-12-27T11:21:10.3513670Z   Created temporary directory: /private/var/folders/51/hd414ycd67n82196sw51xqtc0000gn/T/pip-pip-egg-info-1b90qte_
2022-12-27T11:21:10.3516660Z   Preparing metadata (setup.py): started
2022-12-27T11:21:10.3519400Z   Running command python setup.py egg_info
2022-12-27T11:21:10.6123640Z   Traceback (most recent call last):
2022-12-27T11:21:10.6143480Z     File "<string>", line 2, in <module>
2022-12-27T11:21:10.6145050Z     File "<pip-setuptools-caller>", line 34, in <module>
2022-12-27T11:21:10.6146400Z     File "/Users/runner/actions-runner/_work/python.build/python.build/build_lxml1239/lxml-1.2/setup.py", line 25
2022-12-27T11:21:10.6147330Z       print "Building lxml version", svn_version
2022-12-27T11:21:10.6148690Z             ^
2022-12-27T11:21:10.6149930Z   SyntaxError: Missing parentheses in call to 'print'. Did you mean print("Building lxml version", svn_version)?
2022-12-27T11:21:10.6547210Z   error: subprocess-exited-with-error
2022-12-27T11:21:10.6547970Z   
2022-12-27T11:21:10.6548800Z   × python setup.py egg_info did not run successfully.
2022-12-27T11:21:10.6549630Z   │ exit code: 1
2022-12-27T11:21:10.6551320Z   ╰─> See above for output.
2022-12-27T11:21:10.6551990Z   
2022-12-27T11:21:10.6552660Z   note: This error originates from a subprocess, and is likely not a problem with pip.
2022-12-27T11:21:10.6566840Z   full command: /private/var/folders/51/hd414ycd67n82196sw51xqtc0000gn/T/cibw-run-aww5bjzr/cp39-macosx_arm64/build/venv/bin/python -c '
2022-12-27T11:21:10.6568600Z   exec(compile('"'"''"'"''"'"'
2022-12-27T11:21:10.6574180Z   # This is <pip-setuptools-caller> -- a caller that pip uses to run setup.py
2022-12-27T11:21:10.6575290Z   #
2022-12-27T11:21:10.6576790Z   # - It imports setuptools before invoking setup.py, to enable projects that directly
2022-12-27T11:21:10.6578470Z   #   import from `distutils.core` to work with newer packaging standards.
2022-12-27T11:21:10.6580510Z   # - It provides a clear error message when setuptools is not installed.
2022-12-27T11:21:10.6582230Z   # - It sets `sys.argv[0]` to the underlying `setup.py`, when invoking `setup.py` so
2022-12-27T11:21:10.6584000Z   #   setuptools doesn'"'"'t think the script is `-c`. This avoids the following warning:
2022-12-27T11:21:10.6585480Z   #     manifest_maker: standard file '"'"'-c'"'"' not found".
2022-12-27T11:21:10.6586430Z   # - It generates a shim setup.py, for handling setup.cfg-only projects.
2022-12-27T11:21:10.6587460Z   import os, sys, tokenize
2022-12-27T11:21:10.6588100Z   
2022-12-27T11:21:10.6589360Z   try:
2022-12-27T11:21:10.6589920Z       import setuptools
2022-12-27T11:21:10.6591030Z   except ImportError as error:
2022-12-27T11:21:10.6591770Z       print(
2022-12-27T11:21:10.6592450Z           "ERROR: Can not execute `setup.py` since setuptools is not available in "
2022-12-27T11:21:10.6593490Z           "the build environment.",
2022-12-27T11:21:10.6594380Z           file=sys.stderr,
2022-12-27T11:21:10.6595090Z       )
2022-12-27T11:21:10.6595690Z       sys.exit(1)
2022-12-27T11:21:10.6596300Z   
2022-12-27T11:21:10.6596770Z   __file__ = %r
2022-12-27T11:21:10.6597420Z   sys.argv[0] = __file__
2022-12-27T11:21:10.6598190Z   
2022-12-27T11:21:10.6598690Z   if os.path.exists(__file__):
2022-12-27T11:21:10.6599490Z       filename = __file__
2022-12-27T11:21:10.6600200Z       with tokenize.open(__file__) as f:
2022-12-27T11:21:10.6600790Z           setup_py_code = f.read()
2022-12-27T11:21:10.6602130Z   else:
2022-12-27T11:21:10.6603160Z       filename = "<auto-generated setuptools caller>"
2022-12-27T11:21:10.6603880Z       setup_py_code = "from setuptools import setup; setup()"
2022-12-27T11:21:10.6604590Z   
2022-12-27T11:21:10.6605470Z   exec(compile(setup_py_code, filename, "exec"))
2022-12-27T11:21:10.6607210Z   '"'"''"'"''"'"' % ('"'"'/Users/runner/actions-runner/_work/python.build/python.build/build_lxml1239/lxml-1.2/setup.py'"'"',), "<pip-setuptools-caller>", "exec"))' egg_info --egg-base /private/var/folders/51/hd414ycd67n82196sw51xqtc0000gn/T/pip-pip-egg-info-1b90qte_
2022-12-27T11:21:10.6608660Z   cwd: /Users/runner/actions-runner/_work/python.build/python.build/build_lxml1239/lxml-1.2/
2022-12-27T11:21:10.6609790Z   Preparing metadata (setup.py): finished with status 'error'
2022-12-27T11:21:10.6610770Z error: metadata-generation-failed
2022-12-27T11:21:10.6611380Z 
2022-12-27T11:21:10.6612000Z × Encountered error while generating package metadata.
2022-12-27T11:21:10.6612770Z ╰─> See above for output.
2022-12-27T11:21:10.6613180Z 
2022-12-27T11:21:10.6613620Z note: This is an issue with the package mentioned above, not pip.
2022-12-27T11:21:10.6614420Z hint: See above for details.
2022-12-27T11:21:10.6640180Z Exception information:
2022-12-27T11:21:10.6642730Z Traceback (most recent call last):
2022-12-27T11:21:10.6645250Z   File "/private/var/folders/51/hd414ycd67n82196sw51xqtc0000gn/T/cibw-run-aww5bjzr/cp39-macosx_arm64/build/venv/lib/python3.9/site-packages/pip/_internal/operations/build/metadata_legacy.py", line 64, in generate_metadata
2022-12-27T11:21:10.6646170Z     call_subprocess(
2022-12-27T11:21:10.6647180Z   File "/private/var/folders/51/hd414ycd67n82196sw51xqtc0000gn/T/cibw-run-aww5bjzr/cp39-macosx_arm64/build/venv/lib/python3.9/site-packages/pip/_internal/utils/subprocess.py", line 224, in call_subprocess
2022-12-27T11:21:10.6647700Z     raise error
2022-12-27T11:21:10.6648220Z pip._internal.exceptions.InstallationSubprocessError: python setup.py egg_info exited with 1
2022-12-27T11:21:10.6648570Z 
2022-12-27T11:21:10.6648850Z The above exception was the direct cause of the following exception:
2022-12-27T11:21:10.6650620Z 
2022-12-27T11:21:10.6650970Z Traceback (most recent call last):
2022-12-27T11:21:10.6651880Z   File "/private/var/folders/51/hd414ycd67n82196sw51xqtc0000gn/T/cibw-run-aww5bjzr/cp39-macosx_arm64/build/venv/lib/python3.9/site-packages/pip/_internal/cli/base_command.py", line 160, in exc_logging_wrapper
2022-12-27T11:21:10.6652500Z     status = run_func(*args)
2022-12-27T11:21:10.6653360Z   File "/private/var/folders/51/hd414ycd67n82196sw51xqtc0000gn/T/cibw-run-aww5bjzr/cp39-macosx_arm64/build/venv/lib/python3.9/site-packages/pip/_internal/cli/req_command.py", line 247, in wrapper
2022-12-27T11:21:10.6653900Z     return func(self, options, args)
2022-12-27T11:21:10.6654860Z   File "/private/var/folders/51/hd414ycd67n82196sw51xqtc0000gn/T/cibw-run-aww5bjzr/cp39-macosx_arm64/build/venv/lib/python3.9/site-packages/pip/_internal/commands/wheel.py", line 170, in run
2022-12-27T11:21:10.6655950Z     requirement_set = resolver.resolve(reqs, check_supported_wheels=True)
2022-12-27T11:21:10.6783330Z   File "/private/var/folders/51/hd414ycd67n82196sw51xqtc0000gn/T/cibw-run-aww5bjzr/cp39-macosx_arm64/build/venv/lib/python3.9/site-packages/pip/_internal/resolution/resolvelib/resolver.py", line 73, in resolve
2022-12-27T11:21:10.6784260Z     collected = self.factory.collect_root_requirements(root_reqs)
2022-12-27T11:21:10.6785470Z   File "/private/var/folders/51/hd414ycd67n82196sw51xqtc0000gn/T/cibw-run-aww5bjzr/cp39-macosx_arm64/build/venv/lib/python3.9/site-packages/pip/_internal/resolution/resolvelib/factory.py", line 491, in collect_root_requirements
2022-12-27T11:21:10.6786050Z     req = self._make_requirement_from_install_req(
2022-12-27T11:21:10.6787080Z   File "/private/var/folders/51/hd414ycd67n82196sw51xqtc0000gn/T/cibw-run-aww5bjzr/cp39-macosx_arm64/build/venv/lib/python3.9/site-packages/pip/_internal/resolution/resolvelib/factory.py", line 453, in _make_requirement_from_install_req
2022-12-27T11:21:10.6787660Z     cand = self._make_candidate_from_link(
2022-12-27T11:21:10.6788460Z   File "/private/var/folders/51/hd414ycd67n82196sw51xqtc0000gn/T/cibw-run-aww5bjzr/cp39-macosx_arm64/build/venv/lib/python3.9/site-packages/pip/_internal/resolution/resolvelib/factory.py", line 206, in _make_candidate_from_link
2022-12-27T11:21:10.6788960Z     self._link_candidate_cache[link] = LinkCandidate(
2022-12-27T11:21:10.6789700Z   File "/private/var/folders/51/hd414ycd67n82196sw51xqtc0000gn/T/cibw-run-aww5bjzr/cp39-macosx_arm64/build/venv/lib/python3.9/site-packages/pip/_internal/resolution/resolvelib/candidates.py", line 297, in __init__
2022-12-27T11:21:10.6790220Z     super().__init__(
2022-12-27T11:21:10.6790880Z   File "/private/var/folders/51/hd414ycd67n82196sw51xqtc0000gn/T/cibw-run-aww5bjzr/cp39-macosx_arm64/build/venv/lib/python3.9/site-packages/pip/_internal/resolution/resolvelib/candidates.py", line 162, in __init__
2022-12-27T11:21:10.6791380Z     self.dist = self._prepare()
2022-12-27T11:21:10.6792000Z   File "/private/var/folders/51/hd414ycd67n82196sw51xqtc0000gn/T/cibw-run-aww5bjzr/cp39-macosx_arm64/build/venv/lib/python3.9/site-packages/pip/_internal/resolution/resolvelib/candidates.py", line 231, in _prepare
2022-12-27T11:21:10.6793340Z     dist = self._prepare_distribution()
2022-12-27T11:21:10.6794180Z   File "/private/var/folders/51/hd414ycd67n82196sw51xqtc0000gn/T/cibw-run-aww5bjzr/cp39-macosx_arm64/build/venv/lib/python3.9/site-packages/pip/_internal/resolution/resolvelib/candidates.py", line 308, in _prepare_distribution
2022-12-27T11:21:10.6794810Z     return preparer.prepare_linked_requirement(self._ireq, parallel_builds=True)
2022-12-27T11:21:10.6795630Z   File "/private/var/folders/51/hd414ycd67n82196sw51xqtc0000gn/T/cibw-run-aww5bjzr/cp39-macosx_arm64/build/venv/lib/python3.9/site-packages/pip/_internal/operations/prepare.py", line 491, in prepare_linked_requirement
2022-12-27T11:21:10.6796200Z     return self._prepare_linked_requirement(req, parallel_builds)
2022-12-27T11:21:10.6797120Z   File "/private/var/folders/51/hd414ycd67n82196sw51xqtc0000gn/T/cibw-run-aww5bjzr/cp39-macosx_arm64/build/venv/lib/python3.9/site-packages/pip/_internal/operations/prepare.py", line 577, in _prepare_linked_requirement
2022-12-27T11:21:10.6797630Z     dist = _get_prepared_distribution(
2022-12-27T11:21:10.6798390Z   File "/private/var/folders/51/hd414ycd67n82196sw51xqtc0000gn/T/cibw-run-aww5bjzr/cp39-macosx_arm64/build/venv/lib/python3.9/site-packages/pip/_internal/operations/prepare.py", line 69, in _get_prepared_distribution
2022-12-27T11:21:10.6798960Z     abstract_dist.prepare_distribution_metadata(
2022-12-27T11:21:10.6799930Z   File "/private/var/folders/51/hd414ycd67n82196sw51xqtc0000gn/T/cibw-run-aww5bjzr/cp39-macosx_arm64/build/venv/lib/python3.9/site-packages/pip/_internal/distributions/sdist.py", line 61, in prepare_distribution_metadata
2022-12-27T11:21:10.6800490Z     self.req.prepare_metadata()
2022-12-27T11:21:10.6801520Z   File "/private/var/folders/51/hd414ycd67n82196sw51xqtc0000gn/T/cibw-run-aww5bjzr/cp39-macosx_arm64/build/venv/lib/python3.9/site-packages/pip/_internal/req/req_install.py", line 541, in prepare_metadata
2022-12-27T11:21:10.6802110Z     self.metadata_directory = generate_metadata_legacy(
2022-12-27T11:21:10.6802920Z   File "/private/var/folders/51/hd414ycd67n82196sw51xqtc0000gn/T/cibw-run-aww5bjzr/cp39-macosx_arm64/build/venv/lib/python3.9/site-packages/pip/_internal/operations/build/metadata_legacy.py", line 71, in generate_metadata
2022-12-27T11:21:10.6803560Z     raise MetadataGenerationFailed(package_details=details) from error
2022-12-27T11:21:10.6804090Z pip._internal.exceptions.MetadataGenerationFailed: metadata generation failed
2022-12-27T11:21:10.6804810Z Removed file:///Users/runner/actions-runner/_work/python.build/python.build/build_lxml1239/lxml-1.2 from build tracker '/private/var/folders/51/hd414ycd67n82196sw51xqtc0000gn/T/pip-build-tracker-i49_7n3i'
2022-12-27T11:21:10.6805520Z Removed build tracker: '/private/var/folders/51/hd414ycd67n82196sw51xqtc0000gn/T/pip-build-tracker-i49_7n3i'
2022-12-27T11:21:10.7461190Z ##[endgroup]
2022-12-27T11:21:10.7497190Z ##[error]Command ['python', '-m', 'pip', 'wheel', '/Users/runner/actions-runner/_work/python.build/python.build/build_lxml1239/lxml-1.2', '--wheel-dir=/private/var/folders/51/hd414ycd67n82196sw51xqtc0000gn/T/cibw-run-aww5bjzr/cp39-macosx_arm64/built_wheel', '--no-deps', '-vvv'] failed with code 1. None
2022-12-27T11:21:10.7506500Z 
2022-12-27T11:21:10.7506950Z                                                               [31m✕ [0m0.89s
2022-12-27T11:21:10.8244140Z ##[error]Process completed with exit code 1.
2022-12-27T11:21:10.8297920Z ##[group]Run rm -rf build_lxml1239 wheelsout
2022-12-27T11:21:10.8298340Z [36;1mrm -rf build_lxml1239 wheelsout[0m
2022-12-27T11:21:10.8323730Z shell: /bin/bash -e {0}
2022-12-27T11:21:10.8323960Z env:
2022-12-27T11:21:10.8324310Z   pythonLocation: /Users/runner/hostedtoolcache/Python/3.9.16/x64
2022-12-27T11:21:10.8324740Z   PKG_CONFIG_PATH: /Users/runner/hostedtoolcache/Python/3.9.16/x64/lib/pkgconfig
2022-12-27T11:21:10.8325100Z   Python_ROOT_DIR: /Users/runner/hostedtoolcache/Python/3.9.16/x64
2022-12-27T11:21:10.8325510Z   Python2_ROOT_DIR: /Users/runner/hostedtoolcache/Python/3.9.16/x64
2022-12-27T11:21:10.8326190Z   Python3_ROOT_DIR: /Users/runner/hostedtoolcache/Python/3.9.16/x64
2022-12-27T11:21:10.8326520Z ##[endgroup]
2022-12-27T11:21:10.8898810Z Cleaning up orphan processes
