2022-12-27T01:55:03.1732583Z Requested labels: self-hosted, macOS, X64
2022-12-27T01:55:03.1732661Z Job defined at: kilnbuild/python.build/.github/workflows/mac_arm_build.yml@refs/heads/main
2022-12-27T01:55:03.1732696Z Waiting for a runner to pick up this job...
2022-12-27T02:23:39.0818429Z Job is about to start running on the runner: k1 (organization)
2022-12-27T02:23:45.1960650Z Current runner version: '2.300.2'
2022-12-27T02:23:45.1965480Z Runner name: 'k1'
2022-12-27T02:23:45.1965720Z Runner group name: 'Default'
2022-12-27T02:23:45.1966160Z Machine name: 'k1'
2022-12-27T02:23:45.1967640Z ##[group]GITHUB_TOKEN Permissions
2022-12-27T02:23:45.1968070Z Actions: write
2022-12-27T02:23:45.1968210Z Checks: write
2022-12-27T02:23:45.1968340Z Contents: write
2022-12-27T02:23:45.1968480Z Deployments: write
2022-12-27T02:23:45.1968620Z Discussions: write
2022-12-27T02:23:45.1968750Z Issues: write
2022-12-27T02:23:45.1968870Z Metadata: read
2022-12-27T02:23:45.1969010Z Packages: write
2022-12-27T02:23:45.1969140Z Pages: write
2022-12-27T02:23:45.1969280Z PullRequests: write
2022-12-27T02:23:45.1969440Z RepositoryProjects: write
2022-12-27T02:23:45.1969600Z SecurityEvents: write
2022-12-27T02:23:45.1969750Z Statuses: write
2022-12-27T02:23:45.1969870Z ##[endgroup]
2022-12-27T02:23:45.1972560Z Secret source: Actions
2022-12-27T02:23:45.1972880Z Prepare workflow directory
2022-12-27T02:23:45.2625710Z Prepare all required actions
2022-12-27T02:23:45.2748800Z Getting action download info
2022-12-27T02:23:45.7811230Z Download action repository 'actions/setup-python@v4' (SHA:5ccb29d8773c3f3f653e1705f474dfaa8a06a912)
2022-12-27T02:23:47.8329160Z Download action repository 'actions/upload-artifact@v3' (SHA:83fd05a356d7e2593de66fc9913b3002723633cb)
2022-12-27T02:23:49.1562260Z ##[group]Run echo '{
2022-12-27T02:23:49.1562550Z [36;1mecho '{[0m
2022-12-27T02:23:49.1562750Z [36;1m  "environment_variables": "GRPC_PYTHON_BUILD_WITH_CYTHON=1 GRPC_BUILD_WITH_BORING_SSL_ASM='' GRPC_PYTHON_BUILD_SYSTEM_OPENSSL=TRUE",[0m
2022-12-27T02:23:49.1562950Z [36;1m  "package_name": "grpcio",[0m
2022-12-27T02:23:49.1563220Z [36;1m  "package_url": "https://files.pythonhosted.org/packages/b5/2a/8f636fdac99314f784152ad93d7fb5dc35a78f0815bc4f9a6ca702b881e8/grpcio-0.4.0a4.tar.gz",[0m
2022-12-27T02:23:49.1563440Z [36;1m  "package_version": "0.4.0a4",[0m
2022-12-27T02:23:49.1563560Z [36;1m  "python_version": "3.8",[0m
2022-12-27T02:23:49.1563740Z [36;1m  "use_ccache": "true"[0m
2022-12-27T02:23:49.1563890Z [36;1m}'[0m
2022-12-27T02:23:49.1579010Z shell: /bin/bash -e {0}
2022-12-27T02:23:49.1579210Z ##[endgroup]
2022-12-27T02:23:49.1806770Z {
2022-12-27T02:23:49.1808850Z   "environment_variables": "GRPC_PYTHON_BUILD_WITH_CYTHON=1 GRPC_BUILD_WITH_BORING_SSL_ASM= GRPC_PYTHON_BUILD_SYSTEM_OPENSSL=TRUE",
2022-12-27T02:23:49.1809160Z   "package_name": "grpcio",
2022-12-27T02:23:49.1809840Z   "package_url": "https://files.pythonhosted.org/packages/b5/2a/8f636fdac99314f784152ad93d7fb5dc35a78f0815bc4f9a6ca702b881e8/grpcio-0.4.0a4.tar.gz",
2022-12-27T02:23:49.1810150Z   "package_version": "0.4.0a4",
2022-12-27T02:23:49.1810300Z   "python_version": "3.8",
2022-12-27T02:23:49.1810570Z   "use_ccache": "true"
2022-12-27T02:23:49.1810740Z }
2022-12-27T02:23:49.2025600Z ##[group]Run actions/setup-python@v4
2022-12-27T02:23:49.2025840Z with:
2022-12-27T02:23:49.2025980Z   python-version: 3.8
2022-12-27T02:23:49.2026230Z   check-latest: false
2022-12-27T02:23:49.2026570Z   token: ***
2022-12-27T02:23:49.2026740Z   update-environment: true
2022-12-27T02:23:49.2026900Z ##[endgroup]
2022-12-27T02:23:49.3234570Z ##[group]Installed versions
2022-12-27T02:23:49.3273420Z Successfully set up CPython (3.8.15)
2022-12-27T02:23:49.3274330Z ##[endgroup]
2022-12-27T02:23:49.3426630Z ##[group]Run if [ "true" == "true" ]
2022-12-27T02:23:49.3426890Z [36;1mif [ "true" == "true" ][0m
2022-12-27T02:23:49.3427090Z [36;1mthen[0m
2022-12-27T02:23:49.3427310Z [36;1m  echo "CCACHE_PATH_PREPEND=/usr/local/opt/ccache/libexec" >> $GITHUB_OUTPUT[0m
2022-12-27T02:23:49.3427570Z [36;1melse[0m
2022-12-27T02:23:49.3427760Z [36;1m  echo "CCACHE_PATH_PREPEND=" >> $GITHUB_OUTPUT[0m
2022-12-27T02:23:49.3427960Z [36;1mfi[0m
2022-12-27T02:23:49.3444330Z shell: /bin/bash -e {0}
2022-12-27T02:23:49.3444520Z env:
2022-12-27T02:23:49.3444770Z   pythonLocation: /Users/runner/hostedtoolcache/Python/3.8.15/x64
2022-12-27T02:23:49.3445050Z   PKG_CONFIG_PATH: /Users/runner/hostedtoolcache/Python/3.8.15/x64/lib/pkgconfig
2022-12-27T02:23:49.3445650Z   Python_ROOT_DIR: /Users/runner/hostedtoolcache/Python/3.8.15/x64
2022-12-27T02:23:49.3445970Z   Python2_ROOT_DIR: /Users/runner/hostedtoolcache/Python/3.8.15/x64
2022-12-27T02:23:49.3446250Z   Python3_ROOT_DIR: /Users/runner/hostedtoolcache/Python/3.8.15/x64
2022-12-27T02:23:49.3446420Z ##[endgroup]
2022-12-27T02:23:49.3558870Z ##[group]Run echo "BUILD_NAME=$(echo grpcio_0.4.0a4_3.8 | tr -dc '[:alnum:]\n\r' | tr '[:upper:]' '[:lower:]')" >> $GITHUB_OUTPUT
2022-12-27T02:23:49.3559250Z [36;1mecho "BUILD_NAME=$(echo grpcio_0.4.0a4_3.8 | tr -dc '[:alnum:]\n\r' | tr '[:upper:]' '[:lower:]')" >> $GITHUB_OUTPUT[0m
2022-12-27T02:23:49.3573600Z shell: /bin/bash -e {0}
2022-12-27T02:23:49.3616360Z env:
2022-12-27T02:23:49.3616570Z   pythonLocation: /Users/runner/hostedtoolcache/Python/3.8.15/x64
2022-12-27T02:23:49.3616830Z   PKG_CONFIG_PATH: /Users/runner/hostedtoolcache/Python/3.8.15/x64/lib/pkgconfig
2022-12-27T02:23:49.3617050Z   Python_ROOT_DIR: /Users/runner/hostedtoolcache/Python/3.8.15/x64
2022-12-27T02:23:49.3617340Z   Python2_ROOT_DIR: /Users/runner/hostedtoolcache/Python/3.8.15/x64
2022-12-27T02:23:49.3617580Z   Python3_ROOT_DIR: /Users/runner/hostedtoolcache/Python/3.8.15/x64
2022-12-27T02:23:49.3617770Z ##[endgroup]
2022-12-27T02:23:49.3734950Z ##[group]Run echo "PYTHON_NO_DOTS=$(echo 3.8 | tr -dc '[:alnum:]\n\r' | tr '[:upper:]' '[:lower:]')" >> $GITHUB_OUTPUT
2022-12-27T02:23:49.3735320Z [36;1mecho "PYTHON_NO_DOTS=$(echo 3.8 | tr -dc '[:alnum:]\n\r' | tr '[:upper:]' '[:lower:]')" >> $GITHUB_OUTPUT[0m
2022-12-27T02:23:49.3749150Z shell: /bin/bash -e {0}
2022-12-27T02:23:49.3749330Z env:
2022-12-27T02:23:49.3749580Z   pythonLocation: /Users/runner/hostedtoolcache/Python/3.8.15/x64
2022-12-27T02:23:49.3750300Z   PKG_CONFIG_PATH: /Users/runner/hostedtoolcache/Python/3.8.15/x64/lib/pkgconfig
2022-12-27T02:23:49.3750510Z   Python_ROOT_DIR: /Users/runner/hostedtoolcache/Python/3.8.15/x64
2022-12-27T02:23:49.3750740Z   Python2_ROOT_DIR: /Users/runner/hostedtoolcache/Python/3.8.15/x64
2022-12-27T02:23:49.3751070Z   Python3_ROOT_DIR: /Users/runner/hostedtoolcache/Python/3.8.15/x64
2022-12-27T02:23:49.3751260Z ##[endgroup]
2022-12-27T02:23:49.3874260Z ##[group]Run rm -rf build_grpcio040a438
2022-12-27T02:23:49.3874590Z [36;1mrm -rf build_grpcio040a438[0m
2022-12-27T02:23:49.3874780Z [36;1mmkdir build_grpcio040a438[0m
2022-12-27T02:23:49.3874960Z [36;1mcd build_grpcio040a438[0m
2022-12-27T02:23:49.3875300Z [36;1m/usr/local/bin/wget --quiet https://files.pythonhosted.org/packages/b5/2a/8f636fdac99314f784152ad93d7fb5dc35a78f0815bc4f9a6ca702b881e8/grpcio-0.4.0a4.tar.gz[0m
2022-12-27T02:23:49.3875590Z [36;1mtar xf *.tar.gz[0m
2022-12-27T02:23:49.3875750Z [36;1mcd grpcio-*/[0m
2022-12-27T02:23:49.3875980Z [36;1mpython -m pip install cibuildwheel==2.11.3[0m
2022-12-27T02:23:49.3876200Z [36;1mpython -m cibuildwheel --output-dir ../wheelsout[0m
2022-12-27T02:23:49.3889960Z shell: /bin/bash -e {0}
2022-12-27T02:23:49.3890230Z env:
2022-12-27T02:23:49.3890540Z   pythonLocation: /Users/runner/hostedtoolcache/Python/3.8.15/x64
2022-12-27T02:23:49.3890850Z   PKG_CONFIG_PATH: /Users/runner/hostedtoolcache/Python/3.8.15/x64/lib/pkgconfig
2022-12-27T02:23:49.3891130Z   Python_ROOT_DIR: /Users/runner/hostedtoolcache/Python/3.8.15/x64
2022-12-27T02:23:49.3891400Z   Python2_ROOT_DIR: /Users/runner/hostedtoolcache/Python/3.8.15/x64
2022-12-27T02:23:49.3891660Z   Python3_ROOT_DIR: /Users/runner/hostedtoolcache/Python/3.8.15/x64
2022-12-27T02:23:49.3891880Z   CIBW_ARCHS_MACOS: arm64
2022-12-27T02:23:49.3892050Z   CIBW_TEST_SKIP: *_arm64
2022-12-27T02:23:49.3892250Z   CIBW_BUILD: cp38-macosx_arm64
2022-12-27T02:23:49.3892480Z   CIBW_BUILD_FRONTEND: pip
2022-12-27T02:23:49.3892650Z   CIBW_BUILD_VERBOSITY: 3
2022-12-27T02:23:49.3893050Z   CIBW_ENVIRONMENT_MACOS: GRPC_PYTHON_BUILD_WITH_CYTHON=1 GRPC_BUILD_WITH_BORING_SSL_ASM='' GRPC_PYTHON_BUILD_SYSTEM_OPENSSL=TRUE CFLAGS="-I/usr/local/opt/openssl@3/include" LDFLAGS="-L/usr/local/opt/openssl@3/lib" CPPFLAGS="-I/usr/local/opt/openssl@3/include" MAKEFLAGS="-j$(sysctl -n hw.logicalcpu)" PATH=/usr/local/opt/ccache/libexec:$PATH
2022-12-27T02:23:49.3893690Z   CIBW_BEFORE_BUILD: pip install Cython; if [[ -f requirements.txt ]]; then pip install -r requirements.txt; fi
2022-12-27T02:23:49.3894000Z   MAKEFLAGS: -j$(sysctl -n hw.logicalcpu)
2022-12-27T02:23:49.3894210Z ##[endgroup]
2022-12-27T02:23:49.7189670Z Requirement already satisfied: cibuildwheel==2.11.3 in /Users/runner/hostedtoolcache/Python/3.8.15/x64/lib/python3.8/site-packages (2.11.3)
2022-12-27T02:23:49.7537930Z Requirement already satisfied: platformdirs in /Users/runner/hostedtoolcache/Python/3.8.15/x64/lib/python3.8/site-packages (from cibuildwheel==2.11.3) (2.6.0)
2022-12-27T02:23:49.7541240Z Requirement already satisfied: filelock in /Users/runner/hostedtoolcache/Python/3.8.15/x64/lib/python3.8/site-packages (from cibuildwheel==2.11.3) (3.8.2)
2022-12-27T02:23:49.7546090Z Requirement already satisfied: packaging>=20.9 in /Users/runner/hostedtoolcache/Python/3.8.15/x64/lib/python3.8/site-packages (from cibuildwheel==2.11.3) (22.0)
2022-12-27T02:23:49.7552280Z Requirement already satisfied: tomli in /Users/runner/hostedtoolcache/Python/3.8.15/x64/lib/python3.8/site-packages (from cibuildwheel==2.11.3) (2.0.1)
2022-12-27T02:23:49.7555290Z Requirement already satisfied: certifi in /Users/runner/hostedtoolcache/Python/3.8.15/x64/lib/python3.8/site-packages (from cibuildwheel==2.11.3) (2022.12.7)
2022-12-27T02:23:49.7564490Z Requirement already satisfied: typing-extensions>=4.1.0 in /Users/runner/hostedtoolcache/Python/3.8.15/x64/lib/python3.8/site-packages (from cibuildwheel==2.11.3) (4.4.0)
2022-12-27T02:23:49.7567910Z Requirement already satisfied: bracex in /Users/runner/hostedtoolcache/Python/3.8.15/x64/lib/python3.8/site-packages (from cibuildwheel==2.11.3) (2.3.post1)
2022-12-27T02:23:49.7572820Z Requirement already satisfied: bashlex!=0.13 in /Users/runner/hostedtoolcache/Python/3.8.15/x64/lib/python3.8/site-packages (from cibuildwheel==2.11.3) (0.16)
2022-12-27T02:23:49.9260480Z 
2022-12-27T02:23:49.9260880Z      _ _       _ _   _       _           _
2022-12-27T02:23:49.9261450Z  ___|_| |_ _ _|_| |_| |_ _ _| |_ ___ ___| |
2022-12-27T02:23:49.9262490Z |  _| | . | | | | | . | | | |   | -_| -_| |
2022-12-27T02:23:49.9262720Z |___|_|___|___|_|_|___|_____|_|_|___|___|_|
2022-12-27T02:23:49.9262830Z 
2022-12-27T02:23:49.9262920Z cibuildwheel version 2.11.3
2022-12-27T02:23:49.9263150Z 
2022-12-27T02:23:49.9263250Z Build options:
2022-12-27T02:23:49.9263390Z   platform: macos
2022-12-27T02:23:49.9350390Z   architectures: arm64[0m
2022-12-27T02:23:49.9351360Z   build_selector: 
2022-12-27T02:23:49.9352510Z     build_config: cp38-macosx_arm64
2022-12-27T02:23:49.9352930Z     skip_config: 
2022-12-27T02:23:49.9353250Z     requires_python: None
2022-12-27T02:23:49.9353630Z     prerelease_pythons: False[0m
2022-12-27T02:23:49.9354100Z   [38;5;244mcontainer_engine: docker[0m
2022-12-27T02:23:49.9354880Z   output_dir: /Users/runner/actions-runner/_work/python.build/python.build/build_grpcio040a438/wheelsout[0m
2022-12-27T02:23:49.9355660Z   package_dir: /Users/runner/actions-runner/_work/python.build/python.build/build_grpcio040a438/grpcio-0.4.0a4[0m
2022-12-27T02:23:49.9356060Z   test_selector: 
2022-12-27T02:23:49.9356460Z     skip_config: *_arm64[0m
2022-12-27T02:23:49.9356950Z   [38;5;244mbefore_all: [0m
2022-12-27T02:23:49.9357460Z   before_build: pip install Cython; if [[ -f requirements.txt ]]; then pip install -r requirements.txt; fi[0m
2022-12-27T02:23:49.9357930Z   [38;5;244mbefore_test: [0m
2022-12-27T02:23:49.9358280Z   [38;5;244mbuild_frontend: pip[0m
2022-12-27T02:23:49.9358630Z   build_verbosity: 3[0m
2022-12-27T02:23:49.9359040Z   [38;5;244mconfig_settings: [0m
2022-12-27T02:23:49.9359500Z   [38;5;244mdependency_constraints: pinned[0m
2022-12-27T02:23:49.9359800Z   environment: 
2022-12-27T02:23:49.9360120Z     GRPC_PYTHON_BUILD_WITH_CYTHON=1
2022-12-27T02:23:49.9360480Z     GRPC_BUILD_WITH_BORING_SSL_ASM=''
2022-12-27T02:23:49.9360880Z     GRPC_PYTHON_BUILD_SYSTEM_OPENSSL=TRUE
2022-12-27T02:23:49.9361580Z     CFLAGS="-I/usr/local/opt/openssl@3/include"
2022-12-27T02:23:49.9362000Z     LDFLAGS="-L/usr/local/opt/openssl@3/lib"
2022-12-27T02:23:49.9362420Z     CPPFLAGS="-I/usr/local/opt/openssl@3/include"
2022-12-27T02:23:49.9362800Z     MAKEFLAGS="-j$(sysctl -n hw.logicalcpu)"
2022-12-27T02:23:49.9363320Z     PATH=/usr/local/opt/ccache/libexec:$PATH[0m
2022-12-27T02:23:49.9363710Z   [38;5;244mmanylinux_images: None[0m
2022-12-27T02:23:49.9364050Z   [38;5;244mmusllinux_images: None[0m
2022-12-27T02:23:49.9364570Z   [38;5;244mrepair_command: delocate-wheel --require-archs {delocate_archs} -w {dest_dir} -v {wheel}[0m
2022-12-27T02:23:49.9365120Z   [38;5;244mtest_command: [0m
2022-12-27T02:23:49.9365470Z   [38;5;244mtest_extras: [0m
2022-12-27T02:23:49.9365780Z   [38;5;244mtest_requires: [0m
2022-12-27T02:23:49.9365940Z 
2022-12-27T02:23:49.9366120Z Cache folder: /Users/runner/Library/Caches/cibuildwheel
2022-12-27T02:23:49.9372380Z 
2022-12-27T02:23:49.9372740Z Here we go!
2022-12-27T02:23:49.9373020Z 
2022-12-27T02:23:49.9435370Z 
2022-12-27T02:23:49.9435800Z [1m[34mBuilding cp38-macosx_arm64 wheel[0m
2022-12-27T02:23:49.9436170Z CPython 3.8 macOS arm64 - Apple Silicon
2022-12-27T02:23:49.9436320Z 
2022-12-27T02:23:49.9439020Z ##[group]Installing Python cp38...
2022-12-27T02:23:49.9439280Z 
2022-12-27T02:23:49.9439680Z + pkgutil --pkgs
2022-12-27T02:23:49.9546150Z ##[endgroup]
2022-12-27T02:23:49.9547140Z                                                               [32mâœ“ [0m0.01s
2022-12-27T02:23:49.9547660Z ##[group]Setting up build environment...
2022-12-27T02:23:49.9547830Z 
2022-12-27T02:23:49.9568660Z + /Users/runner/hostedtoolcache/Python/3.8.15/x64/bin/python -sS /Users/runner/Library/Caches/cibuildwheel/virtualenv-20.17.0.pyz --activators= --no-periodic-update --pip=22.3.1 --setuptools=65.6.3 --wheel=0.38.4 --symlink-app-data --python /Library/Frameworks/Python.framework/Versions/3.8/bin/python3 /private/var/folders/51/hd414ycd67n82196sw51xqtc0000gn/T/cibw-run-9_vz0296/cp38-macosx_arm64/build/venv
2022-12-27T02:23:50.1522580Z created virtual environment CPython3.8.10.final.0-64 in 53ms
2022-12-27T02:23:50.1523710Z   creator CPython3Posix(dest=/private/var/folders/51/hd414ycd67n82196sw51xqtc0000gn/T/cibw-run-9_vz0296/cp38-macosx_arm64/build/venv, clear=False, no_vcs_ignore=False, global=False)
2022-12-27T02:23:50.1524340Z   seeder FromAppData(download=False, pip=22.3.1, setuptools=65.6.3, wheel=0.38.4, via=symlink, app_data_dir=/Users/runner/Library/Application Support/virtualenv)
2022-12-27T02:23:50.1524740Z     added seed packages: pip==22.3.1, setuptools==65.6.3, wheel==0.38.4
2022-12-27T02:23:50.1669060Z + python -m pip install --upgrade pip -c /Users/runner/hostedtoolcache/Python/3.8.15/x64/lib/python3.8/site-packages/cibuildwheel/resources/constraints-python38.txt
2022-12-27T02:23:50.4801350Z Requirement already satisfied: pip in ./lib/python3.8/site-packages (22.3.1)
2022-12-27T02:23:50.6184770Z + which pip
2022-12-27T02:23:50.6205360Z /private/var/folders/51/hd414ycd67n82196sw51xqtc0000gn/T/cibw-run-9_vz0296/cp38-macosx_arm64/build/venv/bin/pip
2022-12-27T02:23:50.6208200Z + pip --version
2022-12-27T02:23:50.8406060Z pip 22.3.1 from /private/var/folders/51/hd414ycd67n82196sw51xqtc0000gn/T/cibw-run-9_vz0296/cp38-macosx_arm64/build/venv/lib/python3.8/site-packages/pip (python 3.8)
2022-12-27T02:23:50.8645160Z + which pip
2022-12-27T02:23:50.8671980Z + which python
2022-12-27T02:23:50.8694260Z /private/var/folders/51/hd414ycd67n82196sw51xqtc0000gn/T/cibw-run-9_vz0296/cp38-macosx_arm64/build/venv/bin/python
2022-12-27T02:23:50.8696030Z + python --version
2022-12-27T02:23:50.8745810Z Python 3.8.10
2022-12-27T02:23:50.8749180Z + which python
2022-12-27T02:23:50.8806960Z ##[endgroup]
2022-12-27T02:23:50.8807590Z                                                               [32mâœ“ [0m0.93s
2022-12-27T02:23:50.8808080Z ##[group]Installing build tools...
2022-12-27T02:23:50.8808270Z 
2022-12-27T02:23:50.8808770Z + pip install --upgrade setuptools wheel delocate -c /Users/runner/hostedtoolcache/Python/3.8.15/x64/lib/python3.8/site-packages/cibuildwheel/resources/constraints-python38.txt
2022-12-27T02:23:51.1783230Z Requirement already satisfied: setuptools in /private/var/folders/51/hd414ycd67n82196sw51xqtc0000gn/T/cibw-run-9_vz0296/cp38-macosx_arm64/build/venv/lib/python3.8/site-packages (65.6.3)
2022-12-27T02:23:51.3996320Z Requirement already satisfied: wheel in /private/var/folders/51/hd414ycd67n82196sw51xqtc0000gn/T/cibw-run-9_vz0296/cp38-macosx_arm64/build/venv/lib/python3.8/site-packages (0.38.4)
2022-12-27T02:23:51.4804740Z Collecting delocate
2022-12-27T02:23:51.4831970Z   Using cached delocate-0.10.3-py3-none-any.whl (142 kB)
2022-12-27T02:23:51.5376990Z Collecting packaging>=20.9
2022-12-27T02:23:51.5400550Z   Using cached packaging-21.3-py3-none-any.whl (40 kB)
2022-12-27T02:23:51.5652110Z Collecting typing-extensions
2022-12-27T02:23:51.5674900Z   Using cached typing_extensions-4.4.0-py3-none-any.whl (26 kB)
2022-12-27T02:23:51.6244020Z Collecting pyparsing!=3.0.5,>=2.0.2
2022-12-27T02:23:51.6266310Z   Using cached pyparsing-3.0.9-py3-none-any.whl (98 kB)
2022-12-27T02:23:51.6633610Z Installing collected packages: typing-extensions, pyparsing, packaging, delocate
2022-12-27T02:23:51.7913360Z Successfully installed delocate-0.10.3 packaging-21.3 pyparsing-3.0.9 typing-extensions-4.4.0
2022-12-27T02:23:51.8326580Z ##[endgroup]
2022-12-27T02:23:51.8327150Z                                                               [32mâœ“ [0m0.95s
2022-12-27T02:23:51.8327620Z ##[group]Running before_build...
2022-12-27T02:23:51.8327790Z 
2022-12-27T02:23:51.8333990Z + pip install Cython; if [[ -f requirements.txt ]]; then pip install -r requirements.txt; fi
2022-12-27T02:23:52.5347440Z Collecting Cython
2022-12-27T02:23:52.5395180Z   Using cached Cython-0.29.32-py2.py3-none-any.whl (986 kB)
2022-12-27T02:23:52.5886040Z Installing collected packages: Cython
2022-12-27T02:23:52.9884340Z Successfully installed Cython-0.29.32
2022-12-27T02:23:53.0290890Z ##[endgroup]
2022-12-27T02:23:53.0291760Z                                                               [32mâœ“ [0m1.20s
2022-12-27T02:23:53.0292440Z ##[group]Building wheel...
2022-12-27T02:23:53.0293100Z 
2022-12-27T02:23:53.0296100Z + python -m pip wheel /Users/runner/actions-runner/_work/python.build/python.build/build_grpcio040a438/grpcio-0.4.0a4 --wheel-dir=/private/var/folders/51/hd414ycd67n82196sw51xqtc0000gn/T/cibw-run-9_vz0296/cp38-macosx_arm64/built_wheel --no-deps -vvv
2022-12-27T02:23:53.3074230Z Created temporary directory: /private/var/folders/51/hd414ycd67n82196sw51xqtc0000gn/T/pip-ephem-wheel-cache-t1wpd94i
2022-12-27T02:23:53.3078440Z Created temporary directory: /private/var/folders/51/hd414ycd67n82196sw51xqtc0000gn/T/pip-build-tracker-4_580s6p
2022-12-27T02:23:53.3080600Z Initialized build tracking at /private/var/folders/51/hd414ycd67n82196sw51xqtc0000gn/T/pip-build-tracker-4_580s6p
2022-12-27T02:23:53.3081710Z Created build tracker: /private/var/folders/51/hd414ycd67n82196sw51xqtc0000gn/T/pip-build-tracker-4_580s6p
2022-12-27T02:23:53.3083200Z Entered build tracker: /private/var/folders/51/hd414ycd67n82196sw51xqtc0000gn/T/pip-build-tracker-4_580s6p
2022-12-27T02:23:53.3086450Z Created temporary directory: /private/var/folders/51/hd414ycd67n82196sw51xqtc0000gn/T/pip-wheel-pejg1qnw
2022-12-27T02:23:53.3092750Z Created temporary directory: /private/var/folders/51/hd414ycd67n82196sw51xqtc0000gn/T/pip-ephem-wheel-cache-t19bjdtd
2022-12-27T02:23:53.3170260Z Processing /Users/runner/actions-runner/_work/python.build/python.build/build_grpcio040a438/grpcio-0.4.0a4
2022-12-27T02:23:53.3175610Z   Added file:///Users/runner/actions-runner/_work/python.build/python.build/build_grpcio040a438/grpcio-0.4.0a4 to build tracker '/private/var/folders/51/hd414ycd67n82196sw51xqtc0000gn/T/pip-build-tracker-4_580s6p'
2022-12-27T02:23:53.3178970Z   Running setup.py (path:/Users/runner/actions-runner/_work/python.build/python.build/build_grpcio040a438/grpcio-0.4.0a4/setup.py) egg_info for package from file:///Users/runner/actions-runner/_work/python.build/python.build/build_grpcio040a438/grpcio-0.4.0a4
2022-12-27T02:23:53.3182110Z   Created temporary directory: /private/var/folders/51/hd414ycd67n82196sw51xqtc0000gn/T/pip-pip-egg-info-2f2a8_d_
2022-12-27T02:23:53.3183440Z   Preparing metadata (setup.py): started
2022-12-27T02:23:53.3185270Z   Running command python setup.py egg_info
2022-12-27T02:23:53.4963440Z   running egg_info
2022-12-27T02:23:53.4966210Z   creating /private/var/folders/51/hd414ycd67n82196sw51xqtc0000gn/T/pip-pip-egg-info-2f2a8_d_/grpcio.egg-info
2022-12-27T02:23:53.4972950Z   writing /private/var/folders/51/hd414ycd67n82196sw51xqtc0000gn/T/pip-pip-egg-info-2f2a8_d_/grpcio.egg-info/PKG-INFO
2022-12-27T02:23:53.4976180Z   writing dependency_links to /private/var/folders/51/hd414ycd67n82196sw51xqtc0000gn/T/pip-pip-egg-info-2f2a8_d_/grpcio.egg-info/dependency_links.txt
2022-12-27T02:23:53.4979710Z   writing requirements to /private/var/folders/51/hd414ycd67n82196sw51xqtc0000gn/T/pip-pip-egg-info-2f2a8_d_/grpcio.egg-info/requires.txt
2022-12-27T02:23:53.4981510Z   writing top-level names to /private/var/folders/51/hd414ycd67n82196sw51xqtc0000gn/T/pip-pip-egg-info-2f2a8_d_/grpcio.egg-info/top_level.txt
2022-12-27T02:23:53.4986430Z   writing manifest file '/private/var/folders/51/hd414ycd67n82196sw51xqtc0000gn/T/pip-pip-egg-info-2f2a8_d_/grpcio.egg-info/SOURCES.txt'
2022-12-27T02:23:53.5935570Z   reading manifest file '/private/var/folders/51/hd414ycd67n82196sw51xqtc0000gn/T/pip-pip-egg-info-2f2a8_d_/grpcio.egg-info/SOURCES.txt'
2022-12-27T02:23:53.5936980Z   reading manifest template 'MANIFEST.in'
2022-12-27T02:23:53.5970920Z   writing manifest file '/private/var/folders/51/hd414ycd67n82196sw51xqtc0000gn/T/pip-pip-egg-info-2f2a8_d_/grpcio.egg-info/SOURCES.txt'
2022-12-27T02:23:53.6181150Z   Preparing metadata (setup.py): finished with status 'done'
2022-12-27T02:23:53.6206260Z   Source in /Users/runner/actions-runner/_work/python.build/python.build/build_grpcio040a438/grpcio-0.4.0a4 has version 0.4.0a4, which satisfies requirement grpcio==0.4.0a4 from file:///Users/runner/actions-runner/_work/python.build/python.build/build_grpcio040a438/grpcio-0.4.0a4
2022-12-27T02:23:53.6209950Z   Removed grpcio==0.4.0a4 from file:///Users/runner/actions-runner/_work/python.build/python.build/build_grpcio040a438/grpcio-0.4.0a4 from build tracker '/private/var/folders/51/hd414ycd67n82196sw51xqtc0000gn/T/pip-build-tracker-4_580s6p'
2022-12-27T02:23:53.6347570Z Created temporary directory: /private/var/folders/51/hd414ycd67n82196sw51xqtc0000gn/T/pip-unpack-advowqf_
2022-12-27T02:23:53.6349360Z Building wheels for collected packages: grpcio
2022-12-27T02:23:53.6356040Z   Created temporary directory: /private/var/folders/51/hd414ycd67n82196sw51xqtc0000gn/T/pip-wheel-do73kxom
2022-12-27T02:23:53.6357450Z   Building wheel for grpcio (setup.py): started
2022-12-27T02:23:53.6359690Z   Destination directory: /private/var/folders/51/hd414ycd67n82196sw51xqtc0000gn/T/pip-wheel-do73kxom
2022-12-27T02:23:53.6360610Z   Running command python setup.py bdist_wheel
2022-12-27T02:23:53.8175390Z   running bdist_wheel
2022-12-27T02:23:53.9025520Z   running build
2022-12-27T02:23:53.9027510Z   running build_py
2022-12-27T02:23:53.9045410Z   creating build
2022-12-27T02:23:53.9047430Z   creating build/lib.macosx-11.0-arm64-cpython-38
2022-12-27T02:23:53.9048770Z   creating build/lib.macosx-11.0-arm64-cpython-38/grpc
2022-12-27T02:23:53.9050360Z   copying grpc/__init__.py -> build/lib.macosx-11.0-arm64-cpython-38/grpc
2022-12-27T02:23:53.9057990Z   creating build/lib.macosx-11.0-arm64-cpython-38/grpc/_adapter
2022-12-27T02:23:53.9060090Z   copying grpc/_adapter/fore.py -> build/lib.macosx-11.0-arm64-cpython-38/grpc/_adapter
2022-12-27T02:23:53.9061720Z   copying grpc/_adapter/_event_invocation_synchronous_event_service_test.py -> build/lib.macosx-11.0-arm64-cpython-38/grpc/_adapter
2022-12-27T02:23:53.9064990Z   copying grpc/_adapter/_lonely_rear_link_test.py -> build/lib.macosx-11.0-arm64-cpython-38/grpc/_adapter
2022-12-27T02:23:53.9069520Z   copying grpc/_adapter/_face_test_case.py -> build/lib.macosx-11.0-arm64-cpython-38/grpc/_adapter
2022-12-27T02:23:53.9071640Z   copying grpc/_adapter/_future_invocation_asynchronous_event_service_test.py -> build/lib.macosx-11.0-arm64-cpython-38/grpc/_adapter
2022-12-27T02:23:53.9073090Z   copying grpc/_adapter/_common.py -> build/lib.macosx-11.0-arm64-cpython-38/grpc/_adapter
2022-12-27T02:23:53.9074690Z   copying grpc/_adapter/__init__.py -> build/lib.macosx-11.0-arm64-cpython-38/grpc/_adapter
2022-12-27T02:23:53.9077620Z   copying grpc/_adapter/_low.py -> build/lib.macosx-11.0-arm64-cpython-38/grpc/_adapter
2022-12-27T02:23:53.9080600Z   copying grpc/_adapter/_blocking_invocation_inline_service_test.py -> build/lib.macosx-11.0-arm64-cpython-38/grpc/_adapter
2022-12-27T02:23:53.9082540Z   copying grpc/_adapter/_test_links.py -> build/lib.macosx-11.0-arm64-cpython-38/grpc/_adapter
2022-12-27T02:23:53.9085180Z   copying grpc/_adapter/rear.py -> build/lib.macosx-11.0-arm64-cpython-38/grpc/_adapter
2022-12-27T02:23:53.9087580Z   copying grpc/_adapter/_proto_scenarios.py -> build/lib.macosx-11.0-arm64-cpython-38/grpc/_adapter
2022-12-27T02:23:53.9090350Z   copying grpc/_adapter/_low_test.py -> build/lib.macosx-11.0-arm64-cpython-38/grpc/_adapter
2022-12-27T02:23:53.9092960Z   copying grpc/_adapter/_datatypes.py -> build/lib.macosx-11.0-arm64-cpython-38/grpc/_adapter
2022-12-27T02:23:53.9095070Z   copying grpc/_adapter/_links_test.py -> build/lib.macosx-11.0-arm64-cpython-38/grpc/_adapter
2022-12-27T02:23:53.9098790Z   copying grpc/_adapter/_c_test.py -> build/lib.macosx-11.0-arm64-cpython-38/grpc/_adapter
2022-12-27T02:23:53.9103020Z   creating build/lib.macosx-11.0-arm64-cpython-38/grpc/_junkdrawer
2022-12-27T02:23:53.9105120Z   copying grpc/_junkdrawer/stock_pb2.py -> build/lib.macosx-11.0-arm64-cpython-38/grpc/_junkdrawer
2022-12-27T02:23:53.9107200Z   copying grpc/_junkdrawer/__init__.py -> build/lib.macosx-11.0-arm64-cpython-38/grpc/_junkdrawer
2022-12-27T02:23:53.9108830Z   copying grpc/_junkdrawer/math_pb2.py -> build/lib.macosx-11.0-arm64-cpython-38/grpc/_junkdrawer
2022-12-27T02:23:53.9112940Z   creating build/lib.macosx-11.0-arm64-cpython-38/grpc/early_adopter
2022-12-27T02:23:53.9114720Z   copying grpc/early_adopter/__init__.py -> build/lib.macosx-11.0-arm64-cpython-38/grpc/early_adopter
2022-12-27T02:23:53.9118070Z   copying grpc/early_adopter/implementations_test.py -> build/lib.macosx-11.0-arm64-cpython-38/grpc/early_adopter
2022-12-27T02:23:53.9120460Z   copying grpc/early_adopter/implementations.py -> build/lib.macosx-11.0-arm64-cpython-38/grpc/early_adopter
2022-12-27T02:23:53.9124960Z   creating build/lib.macosx-11.0-arm64-cpython-38/grpc/framework
2022-12-27T02:23:53.9127280Z   copying grpc/framework/__init__.py -> build/lib.macosx-11.0-arm64-cpython-38/grpc/framework
2022-12-27T02:23:53.9131010Z   creating build/lib.macosx-11.0-arm64-cpython-38/grpc/framework/alpha
2022-12-27T02:23:53.9133340Z   copying grpc/framework/alpha/interfaces.py -> build/lib.macosx-11.0-arm64-cpython-38/grpc/framework/alpha
2022-12-27T02:23:53.9135470Z   copying grpc/framework/alpha/_face_utilities.py -> build/lib.macosx-11.0-arm64-cpython-38/grpc/framework/alpha
2022-12-27T02:23:53.9137450Z   copying grpc/framework/alpha/__init__.py -> build/lib.macosx-11.0-arm64-cpython-38/grpc/framework/alpha
2022-12-27T02:23:53.9139830Z   copying grpc/framework/alpha/exceptions.py -> build/lib.macosx-11.0-arm64-cpython-38/grpc/framework/alpha
2022-12-27T02:23:53.9142990Z   copying grpc/framework/alpha/_reexport.py -> build/lib.macosx-11.0-arm64-cpython-38/grpc/framework/alpha
2022-12-27T02:23:53.9145070Z   copying grpc/framework/alpha/utilities.py -> build/lib.macosx-11.0-arm64-cpython-38/grpc/framework/alpha
2022-12-27T02:23:53.9154040Z   creating build/lib.macosx-11.0-arm64-cpython-38/grpc/framework/base
2022-12-27T02:23:53.9155630Z   copying grpc/framework/base/interfaces.py -> build/lib.macosx-11.0-arm64-cpython-38/grpc/framework/base
2022-12-27T02:23:53.9158040Z   copying grpc/framework/base/_constants.py -> build/lib.macosx-11.0-arm64-cpython-38/grpc/framework/base
2022-12-27T02:23:53.9161280Z   copying grpc/framework/base/_expiration.py -> build/lib.macosx-11.0-arm64-cpython-38/grpc/framework/base
2022-12-27T02:23:53.9163260Z   copying grpc/framework/base/_transmission.py -> build/lib.macosx-11.0-arm64-cpython-38/grpc/framework/base
2022-12-27T02:23:53.9166480Z   copying grpc/framework/base/_reception.py -> build/lib.macosx-11.0-arm64-cpython-38/grpc/framework/base
2022-12-27T02:23:53.9169070Z   copying grpc/framework/base/_ingestion.py -> build/lib.macosx-11.0-arm64-cpython-38/grpc/framework/base
2022-12-27T02:23:53.9172200Z   copying grpc/framework/base/util.py -> build/lib.macosx-11.0-arm64-cpython-38/grpc/framework/base
2022-12-27T02:23:53.9174630Z   copying grpc/framework/base/_termination.py -> build/lib.macosx-11.0-arm64-cpython-38/grpc/framework/base
2022-12-27T02:23:53.9176590Z   copying grpc/framework/base/null.py -> build/lib.macosx-11.0-arm64-cpython-38/grpc/framework/base
2022-12-27T02:23:53.9179460Z   copying grpc/framework/base/__init__.py -> build/lib.macosx-11.0-arm64-cpython-38/grpc/framework/base
2022-12-27T02:23:53.9181960Z   copying grpc/framework/base/_interfaces.py -> build/lib.macosx-11.0-arm64-cpython-38/grpc/framework/base
2022-12-27T02:23:53.9184760Z   copying grpc/framework/base/_context.py -> build/lib.macosx-11.0-arm64-cpython-38/grpc/framework/base
2022-12-27T02:23:53.9187840Z   copying grpc/framework/base/implementations_test.py -> build/lib.macosx-11.0-arm64-cpython-38/grpc/framework/base
2022-12-27T02:23:53.9189960Z   copying grpc/framework/base/interfaces_test_case.py -> build/lib.macosx-11.0-arm64-cpython-38/grpc/framework/base
2022-12-27T02:23:53.9193270Z   copying grpc/framework/base/exceptions.py -> build/lib.macosx-11.0-arm64-cpython-38/grpc/framework/base
2022-12-27T02:23:53.9195620Z   copying grpc/framework/base/_ends.py -> build/lib.macosx-11.0-arm64-cpython-38/grpc/framework/base
2022-12-27T02:23:53.9199090Z   copying grpc/framework/base/_emission.py -> build/lib.macosx-11.0-arm64-cpython-38/grpc/framework/base
2022-12-27T02:23:53.9201060Z   copying grpc/framework/base/implementations.py -> build/lib.macosx-11.0-arm64-cpython-38/grpc/framework/base
2022-12-27T02:23:53.9203840Z   copying grpc/framework/base/in_memory.py -> build/lib.macosx-11.0-arm64-cpython-38/grpc/framework/base
2022-12-27T02:23:53.9206250Z   copying grpc/framework/base/_cancellation.py -> build/lib.macosx-11.0-arm64-cpython-38/grpc/framework/base
2022-12-27T02:23:53.9210620Z   creating build/lib.macosx-11.0-arm64-cpython-38/grpc/framework/common
2022-12-27T02:23:53.9212390Z   copying grpc/framework/common/style.py -> build/lib.macosx-11.0-arm64-cpython-38/grpc/framework/common
2022-12-27T02:23:53.9214480Z   copying grpc/framework/common/cardinality.py -> build/lib.macosx-11.0-arm64-cpython-38/grpc/framework/common
2022-12-27T02:23:53.9217190Z   copying grpc/framework/common/__init__.py -> build/lib.macosx-11.0-arm64-cpython-38/grpc/framework/common
2022-12-27T02:23:53.9224210Z   creating build/lib.macosx-11.0-arm64-cpython-38/grpc/framework/face
2022-12-27T02:23:53.9225870Z   copying grpc/framework/face/_service.py -> build/lib.macosx-11.0-arm64-cpython-38/grpc/framework/face
2022-12-27T02:23:53.9228650Z   copying grpc/framework/face/interfaces.py -> build/lib.macosx-11.0-arm64-cpython-38/grpc/framework/face
2022-12-27T02:23:53.9232110Z   copying grpc/framework/face/_control.py -> build/lib.macosx-11.0-arm64-cpython-38/grpc/framework/face
2022-12-27T02:23:53.9234200Z   copying grpc/framework/face/blocking_invocation_inline_service_test.py -> build/lib.macosx-11.0-arm64-cpython-38/grpc/framework/face
2022-12-27T02:23:53.9236680Z   copying grpc/framework/face/__init__.py -> build/lib.macosx-11.0-arm64-cpython-38/grpc/framework/face
2022-12-27T02:23:53.9239600Z   copying grpc/framework/face/demonstration.py -> build/lib.macosx-11.0-arm64-cpython-38/grpc/framework/face
2022-12-27T02:23:53.9242330Z   copying grpc/framework/face/_calls.py -> build/lib.macosx-11.0-arm64-cpython-38/grpc/framework/face
2022-12-27T02:23:53.9244910Z   copying grpc/framework/face/exceptions.py -> build/lib.macosx-11.0-arm64-cpython-38/grpc/framework/face
2022-12-27T02:23:53.9247850Z   copying grpc/framework/face/utilities.py -> build/lib.macosx-11.0-arm64-cpython-38/grpc/framework/face
2022-12-27T02:23:53.9250000Z   copying grpc/framework/face/event_invocation_synchronous_event_service_test.py -> build/lib.macosx-11.0-arm64-cpython-38/grpc/framework/face
2022-12-27T02:23:53.9252920Z   copying grpc/framework/face/_test_case.py -> build/lib.macosx-11.0-arm64-cpython-38/grpc/framework/face
2022-12-27T02:23:53.9255520Z   copying grpc/framework/face/implementations.py -> build/lib.macosx-11.0-arm64-cpython-38/grpc/framework/face
2022-12-27T02:23:53.9257450Z   copying grpc/framework/face/future_invocation_asynchronous_event_service_test.py -> build/lib.macosx-11.0-arm64-cpython-38/grpc/framework/face
2022-12-27T02:23:53.9265310Z   creating build/lib.macosx-11.0-arm64-cpython-38/grpc/framework/face/testing
2022-12-27T02:23:53.9267060Z   copying grpc/framework/face/testing/callback.py -> build/lib.macosx-11.0-arm64-cpython-38/grpc/framework/face/testing
2022-12-27T02:23:53.9269130Z   copying grpc/framework/face/testing/digest.py -> build/lib.macosx-11.0-arm64-cpython-38/grpc/framework/face/testing
2022-12-27T02:23:53.9271780Z   copying grpc/framework/face/testing/interfaces.py -> build/lib.macosx-11.0-arm64-cpython-38/grpc/framework/face/testing
2022-12-27T02:23:53.9274290Z   copying grpc/framework/face/testing/stock_service.py -> build/lib.macosx-11.0-arm64-cpython-38/grpc/framework/face/testing
2022-12-27T02:23:53.9338720Z   copying grpc/framework/face/testing/service.py -> build/lib.macosx-11.0-arm64-cpython-38/grpc/framework/face/testing
2022-12-27T02:23:53.9339420Z   copying grpc/framework/face/testing/blocking_invocation_inline_service_test_case.py -> build/lib.macosx-11.0-arm64-cpython-38/grpc/framework/face/testing
2022-12-27T02:23:53.9340060Z   copying grpc/framework/face/testing/base_util.py -> build/lib.macosx-11.0-arm64-cpython-38/grpc/framework/face/testing
2022-12-27T02:23:53.9340790Z   copying grpc/framework/face/testing/control.py -> build/lib.macosx-11.0-arm64-cpython-38/grpc/framework/face/testing
2022-12-27T02:23:53.9341710Z   copying grpc/framework/face/testing/__init__.py -> build/lib.macosx-11.0-arm64-cpython-38/grpc/framework/face/testing
2022-12-27T02:23:53.9342320Z   copying grpc/framework/face/testing/coverage.py -> build/lib.macosx-11.0-arm64-cpython-38/grpc/framework/face/testing
2022-12-27T02:23:53.9343040Z   copying grpc/framework/face/testing/event_invocation_synchronous_event_service_test_case.py -> build/lib.macosx-11.0-arm64-cpython-38/grpc/framework/face/testing
2022-12-27T02:23:53.9343750Z   copying grpc/framework/face/testing/test_case.py -> build/lib.macosx-11.0-arm64-cpython-38/grpc/framework/face/testing
2022-12-27T02:23:53.9344290Z   copying grpc/framework/face/testing/serial.py -> build/lib.macosx-11.0-arm64-cpython-38/grpc/framework/face/testing
2022-12-27T02:23:53.9344780Z   copying grpc/framework/face/testing/future_invocation_asynchronous_event_service_test_case.py -> build/lib.macosx-11.0-arm64-cpython-38/grpc/framework/face/testing
2022-12-27T02:23:53.9345160Z   creating build/lib.macosx-11.0-arm64-cpython-38/grpc/framework/foundation
2022-12-27T02:23:53.9345530Z   copying grpc/framework/foundation/callable_util.py -> build/lib.macosx-11.0-arm64-cpython-38/grpc/framework/foundation
2022-12-27T02:23:53.9345890Z   copying grpc/framework/foundation/abandonment.py -> build/lib.macosx-11.0-arm64-cpython-38/grpc/framework/foundation
2022-12-27T02:23:53.9346270Z   copying grpc/framework/foundation/stream_testing.py -> build/lib.macosx-11.0-arm64-cpython-38/grpc/framework/foundation
2022-12-27T02:23:53.9346650Z   copying grpc/framework/foundation/__init__.py -> build/lib.macosx-11.0-arm64-cpython-38/grpc/framework/foundation
2022-12-27T02:23:53.9347010Z   copying grpc/framework/foundation/stream.py -> build/lib.macosx-11.0-arm64-cpython-38/grpc/framework/foundation
2022-12-27T02:23:53.9347350Z   copying grpc/framework/foundation/activated.py -> build/lib.macosx-11.0-arm64-cpython-38/grpc/framework/foundation
2022-12-27T02:23:53.9347940Z   copying grpc/framework/foundation/later.py -> build/lib.macosx-11.0-arm64-cpython-38/grpc/framework/foundation
2022-12-27T02:23:53.9348290Z   copying grpc/framework/foundation/_later_test.py -> build/lib.macosx-11.0-arm64-cpython-38/grpc/framework/foundation
2022-12-27T02:23:53.9348660Z   copying grpc/framework/foundation/_logging_pool_test.py -> build/lib.macosx-11.0-arm64-cpython-38/grpc/framework/foundation
2022-12-27T02:23:53.9348990Z   copying grpc/framework/foundation/stream_util.py -> build/lib.macosx-11.0-arm64-cpython-38/grpc/framework/foundation
2022-12-27T02:23:53.9349340Z   copying grpc/framework/foundation/future.py -> build/lib.macosx-11.0-arm64-cpython-38/grpc/framework/foundation
2022-12-27T02:23:53.9349660Z   copying grpc/framework/foundation/_timer_future.py -> build/lib.macosx-11.0-arm64-cpython-38/grpc/framework/foundation
2022-12-27T02:23:53.9350010Z   copying grpc/framework/foundation/logging_pool.py -> build/lib.macosx-11.0-arm64-cpython-38/grpc/framework/foundation
2022-12-27T02:23:53.9384320Z   running build_ext
2022-12-27T02:23:53.9671620Z   building 'grpc._adapter._c' extension
2022-12-27T02:23:53.9673130Z   creating build/temp.macosx-11.0-arm64-cpython-38
2022-12-27T02:23:53.9674680Z   creating build/temp.macosx-11.0-arm64-cpython-38/grpc
2022-12-27T02:23:53.9676130Z   creating build/temp.macosx-11.0-arm64-cpython-38/grpc/_adapter
2022-12-27T02:23:53.9678820Z   gcc -Wno-unused-result -Wsign-compare -Wunreachable-code -fno-common -dynamic -DNDEBUG -g -fwrapv -O3 -Wall -g -I/usr/local/opt/openssl@3/include -I/usr/local/opt/openssl@3/include -arch arm64 -I. -I/private/var/folders/51/hd414ycd67n82196sw51xqtc0000gn/T/cibw-run-9_vz0296/cp38-macosx_arm64/build/venv/include -I/Library/Frameworks/Python.framework/Versions/3.8/include/python3.8 -c grpc/_adapter/_c.c -o build/temp.macosx-11.0-arm64-cpython-38/grpc/_adapter/_c.o
2022-12-27T02:23:54.0285050Z   grpc/_adapter/_c.c:35:10: fatal error: 'grpc/grpc.h' file not found
2022-12-27T02:23:54.0286850Z   #include <grpc/grpc.h>
2022-12-27T02:23:54.0288380Z            ^~~~~~~~~~~~~
2022-12-27T02:23:54.0293290Z   1 error generated.
2022-12-27T02:23:54.0310620Z   error: command '/usr/bin/gcc' failed with exit code 1
2022-12-27T02:23:54.0616640Z   error: subprocess-exited-with-error
2022-12-27T02:23:54.0616990Z   
2022-12-27T02:23:54.0617510Z   Ã— python setup.py bdist_wheel did not run successfully.
2022-12-27T02:23:54.0617880Z   â”‚ exit code: 1
2022-12-27T02:23:54.0618170Z   â•°â”€> See above for output.
2022-12-27T02:23:54.0618410Z   
2022-12-27T02:23:54.0618730Z   note: This error originates from a subprocess, and is likely not a problem with pip.
2022-12-27T02:23:54.0625610Z   full command: /private/var/folders/51/hd414ycd67n82196sw51xqtc0000gn/T/cibw-run-9_vz0296/cp38-macosx_arm64/build/venv/bin/python -u -c '
2022-12-27T02:23:54.0626290Z   exec(compile('"'"''"'"''"'"'
2022-12-27T02:23:54.0627060Z   # This is <pip-setuptools-caller> -- a caller that pip uses to run setup.py
2022-12-27T02:23:54.0627460Z   #
2022-12-27T02:23:54.0628140Z   # - It imports setuptools before invoking setup.py, to enable projects that directly
2022-12-27T02:23:54.0628540Z   #   import from `distutils.core` to work with newer packaging standards.
2022-12-27T02:23:54.0629070Z   # - It provides a clear error message when setuptools is not installed.
2022-12-27T02:23:54.0629640Z   # - It sets `sys.argv[0]` to the underlying `setup.py`, when invoking `setup.py` so
2022-12-27T02:23:54.0630190Z   #   setuptools doesn'"'"'t think the script is `-c`. This avoids the following warning:
2022-12-27T02:23:54.0630740Z   #     manifest_maker: standard file '"'"'-c'"'"' not found".
2022-12-27T02:23:54.0631260Z   # - It generates a shim setup.py, for handling setup.cfg-only projects.
2022-12-27T02:23:54.0631610Z   import os, sys, tokenize
2022-12-27T02:23:54.0631870Z   
2022-12-27T02:23:54.0632160Z   try:
2022-12-27T02:23:54.0632350Z       import setuptools
2022-12-27T02:23:54.0632550Z   except ImportError as error:
2022-12-27T02:23:54.0633130Z       print(
2022-12-27T02:23:54.0633400Z           "ERROR: Can not execute `setup.py` since setuptools is not available in "
2022-12-27T02:23:54.0633650Z           "the build environment.",
2022-12-27T02:23:54.0633870Z           file=sys.stderr,
2022-12-27T02:23:54.0634080Z       )
2022-12-27T02:23:54.0634240Z       sys.exit(1)
2022-12-27T02:23:54.0634430Z   
2022-12-27T02:23:54.0634640Z   __file__ = %r
2022-12-27T02:23:54.0634780Z   sys.argv[0] = __file__
2022-12-27T02:23:54.0634970Z   
2022-12-27T02:23:54.0635170Z   if os.path.exists(__file__):
2022-12-27T02:23:54.0635350Z       filename = __file__
2022-12-27T02:23:54.0635570Z       with tokenize.open(__file__) as f:
2022-12-27T02:23:54.0635780Z           setup_py_code = f.read()
2022-12-27T02:23:54.0635950Z   else:
2022-12-27T02:23:54.0636250Z       filename = "<auto-generated setuptools caller>"
2022-12-27T02:23:54.0636530Z       setup_py_code = "from setuptools import setup; setup()"
2022-12-27T02:23:54.0636730Z   
2022-12-27T02:23:54.0636970Z   exec(compile(setup_py_code, filename, "exec"))
2022-12-27T02:23:54.0637530Z   '"'"''"'"''"'"' % ('"'"'/Users/runner/actions-runner/_work/python.build/python.build/build_grpcio040a438/grpcio-0.4.0a4/setup.py'"'"',), "<pip-setuptools-caller>", "exec"))' bdist_wheel -d /private/var/folders/51/hd414ycd67n82196sw51xqtc0000gn/T/pip-wheel-do73kxom
2022-12-27T02:23:54.0638000Z   cwd: /Users/runner/actions-runner/_work/python.build/python.build/build_grpcio040a438/grpcio-0.4.0a4/
2022-12-27T02:23:54.0638220Z   ERROR: Failed building wheel for grpcio
2022-12-27T02:23:54.0638480Z   Building wheel for grpcio (setup.py): finished with status 'error'
2022-12-27T02:23:54.0638710Z   Running command python setup.py clean
2022-12-27T02:23:54.0638890Z   Running setup.py clean for grpcio
2022-12-27T02:23:54.2365680Z   running clean
2022-12-27T02:23:54.2382250Z   removing 'build/temp.macosx-11.0-arm64-cpython-38' (and everything under it)
2022-12-27T02:23:54.2387760Z   removing 'build/lib.macosx-11.0-arm64-cpython-38' (and everything under it)
2022-12-27T02:23:54.2468630Z   'build/bdist.macosx-11.0-arm64' does not exist -- can't clean it
2022-12-27T02:23:54.2470450Z   'build/scripts-3.8' does not exist -- can't clean it
2022-12-27T02:23:54.2471590Z   removing 'build'
2022-12-27T02:23:54.2664080Z Failed to build grpcio
2022-12-27T02:23:54.2669320Z ERROR: Failed to build one or more wheels
2022-12-27T02:23:54.2678830Z Exception information:
2022-12-27T02:23:54.2679190Z Traceback (most recent call last):
2022-12-27T02:23:54.2686100Z   File "/private/var/folders/51/hd414ycd67n82196sw51xqtc0000gn/T/cibw-run-9_vz0296/cp38-macosx_arm64/build/venv/lib/python3.8/site-packages/pip/_internal/cli/base_command.py", line 160, in exc_logging_wrapper
2022-12-27T02:23:54.2686520Z     status = run_func(*args)
2022-12-27T02:23:54.2687100Z   File "/private/var/folders/51/hd414ycd67n82196sw51xqtc0000gn/T/cibw-run-9_vz0296/cp38-macosx_arm64/build/venv/lib/python3.8/site-packages/pip/_internal/cli/req_command.py", line 247, in wrapper
2022-12-27T02:23:54.2687450Z     return func(self, options, args)
2022-12-27T02:23:54.2688020Z   File "/private/var/folders/51/hd414ycd67n82196sw51xqtc0000gn/T/cibw-run-9_vz0296/cp38-macosx_arm64/build/venv/lib/python3.8/site-packages/pip/_internal/commands/wheel.py", line 201, in run
2022-12-27T02:23:54.2688410Z     raise CommandError("Failed to build one or more wheels")
2022-12-27T02:23:54.2688740Z pip._internal.exceptions.CommandError: Failed to build one or more wheels
2022-12-27T02:23:54.2689240Z Removed build tracker: '/private/var/folders/51/hd414ycd67n82196sw51xqtc0000gn/T/pip-build-tracker-4_580s6p'
2022-12-27T02:23:54.3069000Z ##[endgroup]
2022-12-27T02:23:54.3069710Z                                                               [31mâœ• [0m1.28s
2022-12-27T02:23:54.3418350Z ##[error]Command ['python', '-m', 'pip', 'wheel', '/Users/runner/actions-runner/_work/python.build/python.build/build_grpcio040a438/grpcio-0.4.0a4', '--wheel-dir=/private/var/folders/51/hd414ycd67n82196sw51xqtc0000gn/T/cibw-run-9_vz0296/cp38-macosx_arm64/built_wheel', '--no-deps', '-vvv'] failed with code 1. None
2022-12-27T02:23:54.3424840Z 
2022-12-27T02:23:54.3557370Z ##[error]Process completed with exit code 1.
2022-12-27T02:23:54.3590420Z ##[group]Run rm -rf build_grpcio040a438 wheelsout
2022-12-27T02:23:54.3590660Z [36;1mrm -rf build_grpcio040a438 wheelsout[0m
2022-12-27T02:23:54.3605490Z shell: /bin/bash -e {0}
2022-12-27T02:23:54.3605670Z env:
2022-12-27T02:23:54.3605860Z   pythonLocation: /Users/runner/hostedtoolcache/Python/3.8.15/x64
2022-12-27T02:23:54.3606080Z   PKG_CONFIG_PATH: /Users/runner/hostedtoolcache/Python/3.8.15/x64/lib/pkgconfig
2022-12-27T02:23:54.3606290Z   Python_ROOT_DIR: /Users/runner/hostedtoolcache/Python/3.8.15/x64
2022-12-27T02:23:54.3606490Z   Python2_ROOT_DIR: /Users/runner/hostedtoolcache/Python/3.8.15/x64
2022-12-27T02:23:54.3606680Z   Python3_ROOT_DIR: /Users/runner/hostedtoolcache/Python/3.8.15/x64
2022-12-27T02:23:54.3606840Z ##[endgroup]
2022-12-27T02:23:54.3867040Z Cleaning up orphan processes
