2022-12-27T01:50:57.9653371Z Requested labels: self-hosted, macOS, X64
2022-12-27T01:50:57.9653448Z Job defined at: kilnbuild/python.build/.github/workflows/mac_arm_build.yml@refs/heads/main
2022-12-27T01:50:57.9653481Z Waiting for a runner to pick up this job...
2022-12-27T01:55:33.3838405Z Job is about to start running on the runner: kr2 (organization)
2022-12-27T01:55:39.1413820Z Current runner version: '2.300.2'
2022-12-27T01:55:39.1421810Z Runner name: 'kr2'
2022-12-27T01:55:39.1422220Z Runner group name: 'Default'
2022-12-27T01:55:39.1423120Z Machine name: 'kr2'
2022-12-27T01:55:39.1425790Z ##[group]GITHUB_TOKEN Permissions
2022-12-27T01:55:39.1426520Z Actions: write
2022-12-27T01:55:39.1426770Z Checks: write
2022-12-27T01:55:39.1427030Z Contents: write
2022-12-27T01:55:39.1427300Z Deployments: write
2022-12-27T01:55:39.1427560Z Discussions: write
2022-12-27T01:55:39.1427820Z Issues: write
2022-12-27T01:55:39.1428080Z Metadata: read
2022-12-27T01:55:39.1428330Z Packages: write
2022-12-27T01:55:39.1428590Z Pages: write
2022-12-27T01:55:39.1428860Z PullRequests: write
2022-12-27T01:55:39.1429160Z RepositoryProjects: write
2022-12-27T01:55:39.1429460Z SecurityEvents: write
2022-12-27T01:55:39.1429740Z Statuses: write
2022-12-27T01:55:39.1429980Z ##[endgroup]
2022-12-27T01:55:39.1433790Z Secret source: Actions
2022-12-27T01:55:39.1434310Z Prepare workflow directory
2022-12-27T01:55:39.2546220Z Prepare all required actions
2022-12-27T01:55:39.2761900Z Getting action download info
2022-12-27T01:55:39.7222320Z Download action repository 'actions/setup-python@v4' (SHA:5ccb29d8773c3f3f653e1705f474dfaa8a06a912)
2022-12-27T01:55:41.1637080Z Download action repository 'actions/upload-artifact@v3' (SHA:83fd05a356d7e2593de66fc9913b3002723633cb)
2022-12-27T01:55:43.0891160Z ##[group]Run echo '{
2022-12-27T01:55:43.0891740Z [36;1mecho '{[0m
2022-12-27T01:55:43.0892100Z [36;1m  "environment_variables": "GRPC_PYTHON_BUILD_WITH_CYTHON=1 GRPC_BUILD_WITH_BORING_SSL_ASM='' GRPC_PYTHON_BUILD_SYSTEM_OPENSSL=TRUE",[0m
2022-12-27T01:55:43.0892560Z [36;1m  "package_name": "grpcio",[0m
2022-12-27T01:55:43.0893010Z [36;1m  "package_url": "https://files.pythonhosted.org/packages/a4/92/be89519c8328d78f88136a4b11951378a28525fd9606fc51c279fff48e5c/grpcio-1.14.2.tar.gz",[0m
2022-12-27T01:55:43.0893390Z [36;1m  "package_version": "1.14.2",[0m
2022-12-27T01:55:43.0893620Z [36;1m  "python_version": "3.11",[0m
2022-12-27T01:55:43.0893850Z [36;1m  "use_ccache": "true"[0m
2022-12-27T01:55:43.0894040Z [36;1m}'[0m
2022-12-27T01:55:43.0926940Z shell: /bin/bash -e {0}
2022-12-27T01:55:43.0927200Z ##[endgroup]
2022-12-27T01:55:43.1361180Z {
2022-12-27T01:55:43.1364060Z   "environment_variables": "GRPC_PYTHON_BUILD_WITH_CYTHON=1 GRPC_BUILD_WITH_BORING_SSL_ASM= GRPC_PYTHON_BUILD_SYSTEM_OPENSSL=TRUE",
2022-12-27T01:55:43.1364650Z   "package_name": "grpcio",
2022-12-27T01:55:43.1365810Z   "package_url": "https://files.pythonhosted.org/packages/a4/92/be89519c8328d78f88136a4b11951378a28525fd9606fc51c279fff48e5c/grpcio-1.14.2.tar.gz",
2022-12-27T01:55:43.1366450Z   "package_version": "1.14.2",
2022-12-27T01:55:43.1366760Z   "python_version": "3.11",
2022-12-27T01:55:43.1367120Z   "use_ccache": "true"
2022-12-27T01:55:43.1367450Z }
2022-12-27T01:55:43.1746770Z ##[group]Run actions/setup-python@v4
2022-12-27T01:55:43.1747260Z with:
2022-12-27T01:55:43.1747600Z   python-version: 3.11
2022-12-27T01:55:43.1747880Z   check-latest: false
2022-12-27T01:55:43.1748670Z   token: ***
2022-12-27T01:55:43.1749120Z   update-environment: true
2022-12-27T01:55:43.1749410Z ##[endgroup]
2022-12-27T01:55:43.4278030Z ##[group]Installed versions
2022-12-27T01:55:43.4369610Z Successfully set up CPython (3.11.1)
2022-12-27T01:55:43.4370940Z ##[endgroup]
2022-12-27T01:55:43.4666190Z ##[group]Run if [ "true" == "true" ]
2022-12-27T01:55:43.4667210Z [36;1mif [ "true" == "true" ][0m
2022-12-27T01:55:43.4667610Z [36;1mthen[0m
2022-12-27T01:55:43.4668150Z [36;1m  echo "CCACHE_PATH_PREPEND=/usr/local/opt/ccache/libexec" >> $GITHUB_OUTPUT[0m
2022-12-27T01:55:43.4668700Z [36;1melse[0m
2022-12-27T01:55:43.4669340Z [36;1m  echo "CCACHE_PATH_PREPEND=" >> $GITHUB_OUTPUT[0m
2022-12-27T01:55:43.4669720Z [36;1mfi[0m
2022-12-27T01:55:43.4710570Z shell: /bin/bash -e {0}
2022-12-27T01:55:43.4711080Z env:
2022-12-27T01:55:43.4711700Z   pythonLocation: /Users/runner/hostedtoolcache/Python/3.11.1/x64
2022-12-27T01:55:43.4712320Z   PKG_CONFIG_PATH: /Users/runner/hostedtoolcache/Python/3.11.1/x64/lib/pkgconfig
2022-12-27T01:55:43.4714000Z   Python_ROOT_DIR: /Users/runner/hostedtoolcache/Python/3.11.1/x64
2022-12-27T01:55:43.4714520Z   Python2_ROOT_DIR: /Users/runner/hostedtoolcache/Python/3.11.1/x64
2022-12-27T01:55:43.4715260Z   Python3_ROOT_DIR: /Users/runner/hostedtoolcache/Python/3.11.1/x64
2022-12-27T01:55:43.4715720Z ##[endgroup]
2022-12-27T01:55:43.5190420Z ##[group]Run echo "BUILD_NAME=$(echo grpcio_1.14.2_3.11 | tr -dc '[:alnum:]\n\r' | tr '[:upper:]' '[:lower:]')" >> $GITHUB_OUTPUT
2022-12-27T01:55:43.5191610Z [36;1mecho "BUILD_NAME=$(echo grpcio_1.14.2_3.11 | tr -dc '[:alnum:]\n\r' | tr '[:upper:]' '[:lower:]')" >> $GITHUB_OUTPUT[0m
2022-12-27T01:55:43.5248130Z shell: /bin/bash -e {0}
2022-12-27T01:55:43.5248880Z env:
2022-12-27T01:55:43.5249640Z   pythonLocation: /Users/runner/hostedtoolcache/Python/3.11.1/x64
2022-12-27T01:55:43.5250540Z   PKG_CONFIG_PATH: /Users/runner/hostedtoolcache/Python/3.11.1/x64/lib/pkgconfig
2022-12-27T01:55:43.5251270Z   Python_ROOT_DIR: /Users/runner/hostedtoolcache/Python/3.11.1/x64
2022-12-27T01:55:43.5252200Z   Python2_ROOT_DIR: /Users/runner/hostedtoolcache/Python/3.11.1/x64
2022-12-27T01:55:43.5253180Z   Python3_ROOT_DIR: /Users/runner/hostedtoolcache/Python/3.11.1/x64
2022-12-27T01:55:43.5253670Z ##[endgroup]
2022-12-27T01:55:43.5683930Z ##[group]Run echo "PYTHON_NO_DOTS=$(echo 3.11 | tr -dc '[:alnum:]\n\r' | tr '[:upper:]' '[:lower:]')" >> $GITHUB_OUTPUT
2022-12-27T01:55:43.5684950Z [36;1mecho "PYTHON_NO_DOTS=$(echo 3.11 | tr -dc '[:alnum:]\n\r' | tr '[:upper:]' '[:lower:]')" >> $GITHUB_OUTPUT[0m
2022-12-27T01:55:43.5725730Z shell: /bin/bash -e {0}
2022-12-27T01:55:43.5726180Z env:
2022-12-27T01:55:43.5726640Z   pythonLocation: /Users/runner/hostedtoolcache/Python/3.11.1/x64
2022-12-27T01:55:43.5727090Z   PKG_CONFIG_PATH: /Users/runner/hostedtoolcache/Python/3.11.1/x64/lib/pkgconfig
2022-12-27T01:55:43.5727850Z   Python_ROOT_DIR: /Users/runner/hostedtoolcache/Python/3.11.1/x64
2022-12-27T01:55:43.5728360Z   Python2_ROOT_DIR: /Users/runner/hostedtoolcache/Python/3.11.1/x64
2022-12-27T01:55:43.5730850Z   Python3_ROOT_DIR: /Users/runner/hostedtoolcache/Python/3.11.1/x64
2022-12-27T01:55:43.5731220Z ##[endgroup]
2022-12-27T01:55:43.6145430Z ##[group]Run rm -rf build_grpcio1142311
2022-12-27T01:55:43.6146580Z [36;1mrm -rf build_grpcio1142311[0m
2022-12-27T01:55:43.6147230Z [36;1mmkdir build_grpcio1142311[0m
2022-12-27T01:55:43.6147900Z [36;1mcd build_grpcio1142311[0m
2022-12-27T01:55:43.6148720Z [36;1m/usr/local/bin/wget --quiet https://files.pythonhosted.org/packages/a4/92/be89519c8328d78f88136a4b11951378a28525fd9606fc51c279fff48e5c/grpcio-1.14.2.tar.gz[0m
2022-12-27T01:55:43.6149760Z [36;1mtar xf *.tar.gz[0m
2022-12-27T01:55:43.6150340Z [36;1mcd grpcio-*/[0m
2022-12-27T01:55:43.6150970Z [36;1mpython -m pip install cibuildwheel==2.11.3[0m
2022-12-27T01:55:43.6151580Z [36;1mpython -m cibuildwheel --output-dir ../wheelsout[0m
2022-12-27T01:55:43.6204550Z shell: /bin/bash -e {0}
2022-12-27T01:55:43.6205020Z env:
2022-12-27T01:55:43.6205510Z   pythonLocation: /Users/runner/hostedtoolcache/Python/3.11.1/x64
2022-12-27T01:55:43.6206340Z   PKG_CONFIG_PATH: /Users/runner/hostedtoolcache/Python/3.11.1/x64/lib/pkgconfig
2022-12-27T01:55:43.6206900Z   Python_ROOT_DIR: /Users/runner/hostedtoolcache/Python/3.11.1/x64
2022-12-27T01:55:43.6207420Z   Python2_ROOT_DIR: /Users/runner/hostedtoolcache/Python/3.11.1/x64
2022-12-27T01:55:43.6207940Z   Python3_ROOT_DIR: /Users/runner/hostedtoolcache/Python/3.11.1/x64
2022-12-27T01:55:43.6208360Z   CIBW_ARCHS_MACOS: arm64
2022-12-27T01:55:43.6209150Z   CIBW_TEST_SKIP: *_arm64
2022-12-27T01:55:43.6209750Z   CIBW_BUILD: cp311-macosx_arm64
2022-12-27T01:55:43.6210270Z   CIBW_BUILD_FRONTEND: pip
2022-12-27T01:55:43.6210880Z   CIBW_BUILD_VERBOSITY: 3
2022-12-27T01:55:43.6212230Z   CIBW_ENVIRONMENT_MACOS: GRPC_PYTHON_BUILD_WITH_CYTHON=1 GRPC_BUILD_WITH_BORING_SSL_ASM='' GRPC_PYTHON_BUILD_SYSTEM_OPENSSL=TRUE CFLAGS="-I/usr/local/opt/openssl@3/include" LDFLAGS="-L/usr/local/opt/openssl@3/lib" CPPFLAGS="-I/usr/local/opt/openssl@3/include" MAKEFLAGS="-j$(sysctl -n hw.logicalcpu)" PATH=/usr/local/opt/ccache/libexec:$PATH
2022-12-27T01:55:43.6215000Z   CIBW_BEFORE_BUILD: pip install Cython; if [[ -f requirements.txt ]]; then pip install -r requirements.txt; fi
2022-12-27T01:55:43.6215800Z   MAKEFLAGS: -j$(sysctl -n hw.logicalcpu)
2022-12-27T01:55:43.6216360Z ##[endgroup]
2022-12-27T01:55:45.1605180Z Requirement already satisfied: cibuildwheel==2.11.3 in /Library/Frameworks/Python.framework/Versions/3.11/lib/python3.11/site-packages (2.11.3)
2022-12-27T01:55:45.2170540Z Requirement already satisfied: bashlex!=0.13 in /Library/Frameworks/Python.framework/Versions/3.11/lib/python3.11/site-packages (from cibuildwheel==2.11.3) (0.16)
2022-12-27T01:55:45.2178830Z Requirement already satisfied: bracex in /Library/Frameworks/Python.framework/Versions/3.11/lib/python3.11/site-packages (from cibuildwheel==2.11.3) (2.3.post1)
2022-12-27T01:55:45.2188030Z Requirement already satisfied: certifi in /Library/Frameworks/Python.framework/Versions/3.11/lib/python3.11/site-packages (from cibuildwheel==2.11.3) (2022.12.7)
2022-12-27T01:55:45.2197210Z Requirement already satisfied: filelock in /Library/Frameworks/Python.framework/Versions/3.11/lib/python3.11/site-packages (from cibuildwheel==2.11.3) (3.8.2)
2022-12-27T01:55:45.2209990Z Requirement already satisfied: packaging>=20.9 in /Library/Frameworks/Python.framework/Versions/3.11/lib/python3.11/site-packages (from cibuildwheel==2.11.3) (22.0)
2022-12-27T01:55:45.2221590Z Requirement already satisfied: platformdirs in /Library/Frameworks/Python.framework/Versions/3.11/lib/python3.11/site-packages (from cibuildwheel==2.11.3) (2.6.0)
2022-12-27T01:55:45.6634370Z 
2022-12-27T01:55:45.6635260Z      _ _       _ _   _       _           _
2022-12-27T01:55:45.6636030Z  ___|_| |_ _ _|_| |_| |_ _ _| |_ ___ ___| |
2022-12-27T01:55:45.6637600Z |  _| | . | | | | | . | | | |   | -_| -_| |
2022-12-27T01:55:45.6638470Z |___|_|___|___|_|_|___|_____|_|_|___|___|_|
2022-12-27T01:55:45.6638900Z 
2022-12-27T01:55:45.6639670Z cibuildwheel version 2.11.3
2022-12-27T01:55:45.6640070Z 
2022-12-27T01:55:45.6640240Z Build options:
2022-12-27T01:55:45.6640880Z   platform: macos
2022-12-27T01:55:45.6884400Z   architectures: arm64[0m
2022-12-27T01:55:45.6887790Z   build_selector: 
2022-12-27T01:55:45.6889970Z     build_config: cp311-macosx_arm64
2022-12-27T01:55:45.6891240Z     skip_config: 
2022-12-27T01:55:45.6892080Z     requires_python: None
2022-12-27T01:55:45.6892820Z     prerelease_pythons: False[0m
2022-12-27T01:55:45.6894400Z   [38;5;244mcontainer_engine: docker[0m
2022-12-27T01:55:45.6895250Z   output_dir: /Users/runner/actions-runner/_work/python.build/python.build/build_grpcio1142311/wheelsout[0m
2022-12-27T01:55:45.6896010Z   package_dir: /Users/runner/actions-runner/_work/python.build/python.build/build_grpcio1142311/grpcio-1.14.2[0m
2022-12-27T01:55:45.6896570Z   test_selector: 
2022-12-27T01:55:45.6897070Z     skip_config: *_arm64[0m
2022-12-27T01:55:45.6897980Z   [38;5;244mbefore_all: [0m
2022-12-27T01:55:45.6898610Z   before_build: pip install Cython; if [[ -f requirements.txt ]]; then pip install -r requirements.txt; fi[0m
2022-12-27T01:55:45.6899130Z   [38;5;244mbefore_test: [0m
2022-12-27T01:55:45.6899540Z   [38;5;244mbuild_frontend: pip[0m
2022-12-27T01:55:45.6899880Z   build_verbosity: 3[0m
2022-12-27T01:55:45.6900410Z   [38;5;244mconfig_settings: [0m
2022-12-27T01:55:45.6900870Z   [38;5;244mdependency_constraints: pinned[0m
2022-12-27T01:55:45.6901150Z   environment: 
2022-12-27T01:55:45.6901500Z     GRPC_PYTHON_BUILD_WITH_CYTHON=1
2022-12-27T01:55:45.6901990Z     GRPC_BUILD_WITH_BORING_SSL_ASM=''
2022-12-27T01:55:45.6902340Z     GRPC_PYTHON_BUILD_SYSTEM_OPENSSL=TRUE
2022-12-27T01:55:45.6902870Z     CFLAGS="-I/usr/local/opt/openssl@3/include"
2022-12-27T01:55:45.6903350Z     LDFLAGS="-L/usr/local/opt/openssl@3/lib"
2022-12-27T01:55:45.6903750Z     CPPFLAGS="-I/usr/local/opt/openssl@3/include"
2022-12-27T01:55:45.6904310Z     MAKEFLAGS="-j$(sysctl -n hw.logicalcpu)"
2022-12-27T01:55:45.6906110Z     PATH=/usr/local/opt/ccache/libexec:$PATH[0m
2022-12-27T01:55:45.6906990Z   [38;5;244mmanylinux_images: None[0m
2022-12-27T01:55:45.6907700Z   [38;5;244mmusllinux_images: None[0m
2022-12-27T01:55:45.6908790Z   [38;5;244mrepair_command: delocate-wheel --require-archs {delocate_archs} -w {dest_dir} -v {wheel}[0m
2022-12-27T01:55:45.6909900Z   [38;5;244mtest_command: [0m
2022-12-27T01:55:45.6910570Z   [38;5;244mtest_extras: [0m
2022-12-27T01:55:45.6911370Z   [38;5;244mtest_requires: [0m
2022-12-27T01:55:45.6911760Z 
2022-12-27T01:55:45.6912160Z Cache folder: /Users/runner/Library/Caches/cibuildwheel
2022-12-27T01:55:45.6914400Z 
2022-12-27T01:55:45.6915000Z Here we go!
2022-12-27T01:55:45.6915140Z 
2022-12-27T01:55:45.7029190Z 
2022-12-27T01:55:45.7030180Z [1m[34mBuilding cp311-macosx_arm64 wheel[0m
2022-12-27T01:55:45.7031070Z CPython 3.11 macOS arm64 - Apple Silicon
2022-12-27T01:55:45.7031410Z 
2022-12-27T01:55:45.7034400Z ##[group]Installing Python cp311...
2022-12-27T01:55:45.7034760Z 
2022-12-27T01:55:45.7036070Z + pkgutil --pkgs
2022-12-27T01:55:45.7241870Z ##[endgroup]
2022-12-27T01:55:45.7245590Z                                                               [32mâœ“ [0m0.02s
2022-12-27T01:55:45.7246310Z ##[group]Setting up build environment...
2022-12-27T01:55:45.7246470Z 
2022-12-27T01:55:45.7278010Z + /Library/Frameworks/Python.framework/Versions/3.11/bin/python -sS /Users/runner/Library/Caches/cibuildwheel/virtualenv-20.17.0.pyz --activators= --no-periodic-update --pip=22.3.1 --setuptools=65.6.3 --wheel=0.38.4 --symlink-app-data --python /Library/Frameworks/Python.framework/Versions/3.11/bin/python3 /private/var/folders/51/hd414ycd67n82196sw51xqtc0000gn/T/cibw-run-jzpwjbhs/cp311-macosx_arm64/build/venv
2022-12-27T01:55:46.0406180Z created virtual environment CPython3.11.1.final.0-64 in 79ms
2022-12-27T01:55:46.0407040Z   creator CPython3Posix(dest=/private/var/folders/51/hd414ycd67n82196sw51xqtc0000gn/T/cibw-run-jzpwjbhs/cp311-macosx_arm64/build/venv, clear=False, no_vcs_ignore=False, global=False)
2022-12-27T01:55:46.0408160Z   seeder FromAppData(download=False, pip=22.3.1, setuptools=65.6.3, wheel=0.38.4, via=symlink, app_data_dir=/Users/runner/Library/Application Support/virtualenv)
2022-12-27T01:55:46.0408860Z     added seed packages: pip==22.3.1, setuptools==65.6.3, wheel==0.38.4
2022-12-27T01:55:46.0711870Z + python -m pip install --upgrade pip -c /Library/Frameworks/Python.framework/Versions/3.11/lib/python3.11/site-packages/cibuildwheel/resources/constraints-python311.txt
2022-12-27T01:55:46.5107040Z Requirement already satisfied: pip in ./lib/python3.11/site-packages (22.3.1)
2022-12-27T01:55:46.7614120Z + which pip
2022-12-27T01:55:46.7661860Z /private/var/folders/51/hd414ycd67n82196sw51xqtc0000gn/T/cibw-run-jzpwjbhs/cp311-macosx_arm64/build/venv/bin/pip
2022-12-27T01:55:46.7667800Z + pip --version
2022-12-27T01:55:47.0901770Z pip 22.3.1 from /private/var/folders/51/hd414ycd67n82196sw51xqtc0000gn/T/cibw-run-jzpwjbhs/cp311-macosx_arm64/build/venv/lib/python3.11/site-packages/pip (python 3.11)
2022-12-27T01:55:47.1472850Z + which pip
2022-12-27T01:55:47.1524420Z + which python
2022-12-27T01:55:47.1567550Z /private/var/folders/51/hd414ycd67n82196sw51xqtc0000gn/T/cibw-run-jzpwjbhs/cp311-macosx_arm64/build/venv/bin/python
2022-12-27T01:55:47.1573980Z + python --version
2022-12-27T01:55:47.1680520Z Python 3.11.1
2022-12-27T01:55:47.1686740Z + which python
2022-12-27T01:55:47.1782530Z ##[endgroup]
2022-12-27T01:55:47.1784490Z                                                               [32mâœ“ [0m1.45s
2022-12-27T01:55:47.1785980Z ##[group]Installing build tools...
2022-12-27T01:55:47.1786550Z 
2022-12-27T01:55:47.1787970Z + pip install --upgrade setuptools wheel delocate -c /Library/Frameworks/Python.framework/Versions/3.11/lib/python3.11/site-packages/cibuildwheel/resources/constraints-python311.txt
2022-12-27T01:55:47.6242970Z Requirement already satisfied: setuptools in /private/var/folders/51/hd414ycd67n82196sw51xqtc0000gn/T/cibw-run-jzpwjbhs/cp311-macosx_arm64/build/venv/lib/python3.11/site-packages (65.6.3)
2022-12-27T01:55:47.8966310Z Requirement already satisfied: wheel in /private/var/folders/51/hd414ycd67n82196sw51xqtc0000gn/T/cibw-run-jzpwjbhs/cp311-macosx_arm64/build/venv/lib/python3.11/site-packages (0.38.4)
2022-12-27T01:55:47.9610710Z Collecting delocate
2022-12-27T01:55:47.9658760Z   Using cached delocate-0.10.3-py3-none-any.whl (142 kB)
2022-12-27T01:55:48.0060610Z Collecting packaging>=20.9
2022-12-27T01:55:48.0101730Z   Using cached packaging-21.3-py3-none-any.whl (40 kB)
2022-12-27T01:55:48.0330560Z Collecting typing-extensions
2022-12-27T01:55:48.0371740Z   Using cached typing_extensions-4.4.0-py3-none-any.whl (26 kB)
2022-12-27T01:55:48.0851240Z Collecting pyparsing!=3.0.5,>=2.0.2
2022-12-27T01:55:48.0901050Z   Using cached pyparsing-3.0.9-py3-none-any.whl (98 kB)
2022-12-27T01:55:48.1750700Z Installing collected packages: typing-extensions, pyparsing, packaging, delocate
2022-12-27T01:55:48.3813350Z Successfully installed delocate-0.10.3 packaging-21.3 pyparsing-3.0.9 typing-extensions-4.4.0
2022-12-27T01:55:48.5173540Z ##[endgroup]
2022-12-27T01:55:48.5175110Z                                                               [32mâœ“ [0m1.34s
2022-12-27T01:55:48.5176490Z ##[group]Running before_build...
2022-12-27T01:55:48.5177150Z 
2022-12-27T01:55:48.5179990Z + pip install Cython; if [[ -f requirements.txt ]]; then pip install -r requirements.txt; fi
2022-12-27T01:55:49.3971740Z Collecting Cython
2022-12-27T01:55:49.4054020Z   Using cached Cython-0.29.32-py2.py3-none-any.whl (986 kB)
2022-12-27T01:55:49.4821260Z Installing collected packages: Cython
2022-12-27T01:55:50.2270560Z Successfully installed Cython-0.29.32
2022-12-27T01:55:51.2961930Z Collecting coverage>=4.0
2022-12-27T01:55:51.3019830Z   Using cached coverage-7.0.1-cp311-cp311-macosx_10_9_x86_64.whl (188 kB)
2022-12-27T01:55:51.9366670Z Collecting cython==0.28.3
2022-12-27T01:55:51.9562460Z   Using cached Cython-0.28.3.tar.gz (1.9 MB)
2022-12-27T01:55:52.6369920Z   Preparing metadata (setup.py): started
2022-12-27T01:55:53.6456740Z   Preparing metadata (setup.py): finished with status 'error'
2022-12-27T01:55:53.6541630Z   error: subprocess-exited-with-error
2022-12-27T01:55:53.6543750Z   
2022-12-27T01:55:53.6545640Z   Ã— python setup.py egg_info did not run successfully.
2022-12-27T01:55:53.6546540Z   â”‚ exit code: 1
2022-12-27T01:55:53.6547390Z   â•°â”€> [56 lines of output]
2022-12-27T01:55:53.6548130Z       Unable to find pgen, not compiling formal grammar.
2022-12-27T01:55:53.6549900Z       running egg_info
2022-12-27T01:55:53.6551360Z       creating /private/var/folders/51/hd414ycd67n82196sw51xqtc0000gn/T/pip-pip-egg-info-4fsjz9_s/Cython.egg-info
2022-12-27T01:55:53.6553000Z       writing /private/var/folders/51/hd414ycd67n82196sw51xqtc0000gn/T/pip-pip-egg-info-4fsjz9_s/Cython.egg-info/PKG-INFO
2022-12-27T01:55:53.6554480Z       writing dependency_links to /private/var/folders/51/hd414ycd67n82196sw51xqtc0000gn/T/pip-pip-egg-info-4fsjz9_s/Cython.egg-info/dependency_links.txt
2022-12-27T01:55:53.6556410Z       writing entry points to /private/var/folders/51/hd414ycd67n82196sw51xqtc0000gn/T/pip-pip-egg-info-4fsjz9_s/Cython.egg-info/entry_points.txt
2022-12-27T01:55:53.6558530Z       writing top-level names to /private/var/folders/51/hd414ycd67n82196sw51xqtc0000gn/T/pip-pip-egg-info-4fsjz9_s/Cython.egg-info/top_level.txt
2022-12-27T01:55:53.6559810Z       writing manifest file '/private/var/folders/51/hd414ycd67n82196sw51xqtc0000gn/T/pip-pip-egg-info-4fsjz9_s/Cython.egg-info/SOURCES.txt'
2022-12-27T01:55:53.6560440Z       Traceback (most recent call last):
2022-12-27T01:55:53.6570380Z         File "<string>", line 2, in <module>
2022-12-27T01:55:53.6571190Z         File "<pip-setuptools-caller>", line 34, in <module>
2022-12-27T01:55:53.6572040Z         File "/private/var/folders/51/hd414ycd67n82196sw51xqtc0000gn/T/pip-install-v9139c51/cython_573ae07bc8c74de4ac8d54dbf69f2a61/setup.py", line 227, in <module>
2022-12-27T01:55:53.6572560Z           setup(
2022-12-27T01:55:53.6573380Z         File "/private/var/folders/51/hd414ycd67n82196sw51xqtc0000gn/T/cibw-run-jzpwjbhs/cp311-macosx_arm64/build/venv/lib/python3.11/site-packages/setuptools/__init__.py", line 87, in setup
2022-12-27T01:55:53.6574630Z           return distutils.core.setup(**attrs)
2022-12-27T01:55:53.6575230Z                  ^^^^^^^^^^^^^^^^^^^^^^^^^^^^^
2022-12-27T01:55:53.6576120Z         File "/private/var/folders/51/hd414ycd67n82196sw51xqtc0000gn/T/cibw-run-jzpwjbhs/cp311-macosx_arm64/build/venv/lib/python3.11/site-packages/setuptools/_distutils/core.py", line 185, in setup
2022-12-27T01:55:53.6576670Z           return run_commands(dist)
2022-12-27T01:55:53.6577090Z                  ^^^^^^^^^^^^^^^^^^
2022-12-27T01:55:53.6578060Z         File "/private/var/folders/51/hd414ycd67n82196sw51xqtc0000gn/T/cibw-run-jzpwjbhs/cp311-macosx_arm64/build/venv/lib/python3.11/site-packages/setuptools/_distutils/core.py", line 201, in run_commands
2022-12-27T01:55:53.6578720Z           dist.run_commands()
2022-12-27T01:55:53.6579610Z         File "/private/var/folders/51/hd414ycd67n82196sw51xqtc0000gn/T/cibw-run-jzpwjbhs/cp311-macosx_arm64/build/venv/lib/python3.11/site-packages/setuptools/_distutils/dist.py", line 969, in run_commands
2022-12-27T01:55:53.6580240Z           self.run_command(cmd)
2022-12-27T01:55:53.6581030Z         File "/private/var/folders/51/hd414ycd67n82196sw51xqtc0000gn/T/cibw-run-jzpwjbhs/cp311-macosx_arm64/build/venv/lib/python3.11/site-packages/setuptools/dist.py", line 1208, in run_command
2022-12-27T01:55:53.6581660Z           super().run_command(command)
2022-12-27T01:55:53.6582390Z         File "/private/var/folders/51/hd414ycd67n82196sw51xqtc0000gn/T/cibw-run-jzpwjbhs/cp311-macosx_arm64/build/venv/lib/python3.11/site-packages/setuptools/_distutils/dist.py", line 988, in run_command
2022-12-27T01:55:53.6583030Z           cmd_obj.run()
2022-12-27T01:55:53.6584030Z         File "/private/var/folders/51/hd414ycd67n82196sw51xqtc0000gn/T/cibw-run-jzpwjbhs/cp311-macosx_arm64/build/venv/lib/python3.11/site-packages/setuptools/command/egg_info.py", line 308, in run
2022-12-27T01:55:53.6584760Z           self.find_sources()
2022-12-27T01:55:53.6586050Z         File "/private/var/folders/51/hd414ycd67n82196sw51xqtc0000gn/T/cibw-run-jzpwjbhs/cp311-macosx_arm64/build/venv/lib/python3.11/site-packages/setuptools/command/egg_info.py", line 316, in find_sources
2022-12-27T01:55:53.6586560Z           mm.run()
2022-12-27T01:55:53.6587440Z         File "/private/var/folders/51/hd414ycd67n82196sw51xqtc0000gn/T/cibw-run-jzpwjbhs/cp311-macosx_arm64/build/venv/lib/python3.11/site-packages/setuptools/command/egg_info.py", line 560, in run
2022-12-27T01:55:53.6588170Z           self.add_defaults()
2022-12-27T01:55:53.6589100Z         File "/private/var/folders/51/hd414ycd67n82196sw51xqtc0000gn/T/cibw-run-jzpwjbhs/cp311-macosx_arm64/build/venv/lib/python3.11/site-packages/setuptools/command/egg_info.py", line 597, in add_defaults
2022-12-27T01:55:53.6589700Z           sdist.add_defaults(self)
2022-12-27T01:55:53.6590560Z         File "/private/var/folders/51/hd414ycd67n82196sw51xqtc0000gn/T/cibw-run-jzpwjbhs/cp311-macosx_arm64/build/venv/lib/python3.11/site-packages/setuptools/command/sdist.py", line 106, in add_defaults
2022-12-27T01:55:53.6591110Z           super().add_defaults()
2022-12-27T01:55:53.6592200Z         File "/private/var/folders/51/hd414ycd67n82196sw51xqtc0000gn/T/cibw-run-jzpwjbhs/cp311-macosx_arm64/build/venv/lib/python3.11/site-packages/setuptools/_distutils/command/sdist.py", line 252, in add_defaults
2022-12-27T01:55:53.6592840Z           self._add_defaults_ext()
2022-12-27T01:55:53.6593740Z         File "/private/var/folders/51/hd414ycd67n82196sw51xqtc0000gn/T/cibw-run-jzpwjbhs/cp311-macosx_arm64/build/venv/lib/python3.11/site-packages/setuptools/_distutils/command/sdist.py", line 336, in _add_defaults_ext
2022-12-27T01:55:53.6594500Z           build_ext = self.get_finalized_command('build_ext')
2022-12-27T01:55:53.6595060Z                       ^^^^^^^^^^^^^^^^^^^^^^^^^^^^^^^^^^^^^^^
2022-12-27T01:55:53.6596090Z         File "/private/var/folders/51/hd414ycd67n82196sw51xqtc0000gn/T/cibw-run-jzpwjbhs/cp311-macosx_arm64/build/venv/lib/python3.11/site-packages/setuptools/_distutils/cmd.py", line 305, in get_finalized_command
2022-12-27T01:55:53.6596990Z           cmd_obj.ensure_finalized()
2022-12-27T01:55:53.6597900Z         File "/private/var/folders/51/hd414ycd67n82196sw51xqtc0000gn/T/cibw-run-jzpwjbhs/cp311-macosx_arm64/build/venv/lib/python3.11/site-packages/setuptools/_distutils/cmd.py", line 111, in ensure_finalized
2022-12-27T01:55:53.6598540Z           self.finalize_options()
2022-12-27T01:55:53.6599800Z         File "/private/var/folders/51/hd414ycd67n82196sw51xqtc0000gn/T/pip-install-v9139c51/cython_573ae07bc8c74de4ac8d54dbf69f2a61/Cython/Distutils/build_ext.py", line 20, in finalize_options
2022-12-27T01:55:53.6600480Z           self.distribution.ext_modules[:] = cythonize(
2022-12-27T01:55:53.6600950Z                                              ^^^^^^^^^^
2022-12-27T01:55:53.6601820Z         File "/private/var/folders/51/hd414ycd67n82196sw51xqtc0000gn/T/pip-install-v9139c51/cython_573ae07bc8c74de4ac8d54dbf69f2a61/Cython/Build/Dependencies.py", line 890, in cythonize
2022-12-27T01:55:53.6602590Z           module_list, module_metadata = create_extension_list(
2022-12-27T01:55:53.6602960Z                                          ^^^^^^^^^^^^^^^^^^^^^^
2022-12-27T01:55:53.6603920Z         File "/private/var/folders/51/hd414ycd67n82196sw51xqtc0000gn/T/pip-install-v9139c51/cython_573ae07bc8c74de4ac8d54dbf69f2a61/Cython/Build/Dependencies.py", line 719, in create_extension_list
2022-12-27T01:55:53.6604640Z           elif isinstance(patterns, basestring) or not isinstance(patterns, collections.Iterable):
2022-12-27T01:55:53.6605160Z                                                                             ^^^^^^^^^^^^^^^^^^^^
2022-12-27T01:55:53.6605780Z       AttributeError: module 'collections' has no attribute 'Iterable'
2022-12-27T01:55:53.6606240Z       [end of output]
2022-12-27T01:55:53.6606620Z   
2022-12-27T01:55:53.6607010Z   note: This error originates from a subprocess, and is likely not a problem with pip.
2022-12-27T01:55:53.6607860Z error: metadata-generation-failed
2022-12-27T01:55:53.6608250Z 
2022-12-27T01:55:53.6608990Z Ã— Encountered error while generating package metadata.
2022-12-27T01:55:53.6609590Z â•°â”€> See above for output.
2022-12-27T01:55:53.6609850Z 
2022-12-27T01:55:53.6610100Z note: This is an issue with the package mentioned above, not pip.
2022-12-27T01:55:53.6610470Z hint: See above for details.
2022-12-27T01:55:54.0327280Z ##[error]Command pip install Cython; if [[ -f requirements.txt ]]; then pip install -r requirements.txt; fi failed with code 1. None
2022-12-27T01:55:54.0337900Z ##[endgroup]
2022-12-27T01:55:54.0338170Z 
2022-12-27T01:55:54.0338820Z                                                               [31mâœ• [0m5.51s
2022-12-27T01:55:54.1311880Z ##[error]Process completed with exit code 1.
2022-12-27T01:55:54.1510390Z ##[group]Run rm -rf build_grpcio1142311 wheelsout
2022-12-27T01:55:54.1510760Z [36;1mrm -rf build_grpcio1142311 wheelsout[0m
2022-12-27T01:55:54.1540930Z shell: /bin/bash -e {0}
2022-12-27T01:55:54.1541170Z env:
2022-12-27T01:55:54.1541540Z   pythonLocation: /Users/runner/hostedtoolcache/Python/3.11.1/x64
2022-12-27T01:55:54.1541980Z   PKG_CONFIG_PATH: /Users/runner/hostedtoolcache/Python/3.11.1/x64/lib/pkgconfig
2022-12-27T01:55:54.1542350Z   Python_ROOT_DIR: /Users/runner/hostedtoolcache/Python/3.11.1/x64
2022-12-27T01:55:54.1542770Z   Python2_ROOT_DIR: /Users/runner/hostedtoolcache/Python/3.11.1/x64
2022-12-27T01:55:54.1543190Z   Python3_ROOT_DIR: /Users/runner/hostedtoolcache/Python/3.11.1/x64
2022-12-27T01:55:54.1543540Z ##[endgroup]
2022-12-27T01:55:54.3909210Z Cleaning up orphan processes
