2022-12-27T08:51:24.5446949Z Requested labels: self-hosted, macOS, X64
2022-12-27T08:51:24.5447037Z Job defined at: kilnbuild/python.build/.github/workflows/mac_arm_build.yml@refs/heads/main
2022-12-27T08:51:24.5447062Z Waiting for a runner to pick up this job...
2022-12-27T11:22:32.7667143Z Job is about to start running on the runner: s1 (organization)
2022-12-27T11:22:35.6393290Z Current runner version: '2.300.2'
2022-12-27T11:22:35.6398300Z Runner name: 's1'
2022-12-27T11:22:35.6398560Z Runner group name: 'Default'
2022-12-27T11:22:35.6399000Z Machine name: 's1'
2022-12-27T11:22:35.6400540Z ##[group]GITHUB_TOKEN Permissions
2022-12-27T11:22:35.6400970Z Actions: write
2022-12-27T11:22:35.6401110Z Checks: write
2022-12-27T11:22:35.6401250Z Contents: write
2022-12-27T11:22:35.6401380Z Deployments: write
2022-12-27T11:22:35.6401530Z Discussions: write
2022-12-27T11:22:35.6401660Z Issues: write
2022-12-27T11:22:35.6401790Z Metadata: read
2022-12-27T11:22:35.6401920Z Packages: write
2022-12-27T11:22:35.6402060Z Pages: write
2022-12-27T11:22:35.6402190Z PullRequests: write
2022-12-27T11:22:35.6402360Z RepositoryProjects: write
2022-12-27T11:22:35.6402520Z SecurityEvents: write
2022-12-27T11:22:35.6402660Z Statuses: write
2022-12-27T11:22:35.6402800Z ##[endgroup]
2022-12-27T11:22:35.6405490Z Secret source: Actions
2022-12-27T11:22:35.6405820Z Prepare workflow directory
2022-12-27T11:22:35.7089500Z Prepare all required actions
2022-12-27T11:22:35.7213010Z Getting action download info
2022-12-27T11:22:36.1510180Z Download action repository 'actions/setup-python@v4' (SHA:5ccb29d8773c3f3f653e1705f474dfaa8a06a912)
2022-12-27T11:22:38.4799990Z Download action repository 'actions/upload-artifact@v3' (SHA:83fd05a356d7e2593de66fc9913b3002723633cb)
2022-12-27T11:22:40.3819380Z ##[group]Run echo '{
2022-12-27T11:22:40.3819680Z [36;1mecho '{[0m
2022-12-27T11:22:40.3819840Z [36;1m  "package_name": "lxml",[0m
2022-12-27T11:22:40.3820190Z [36;1m  "package_url": "https://files.pythonhosted.org/packages/96/83/6cc7426f8ef4aadc314d0cabc5dc2bf90a219414bcc478bbb17fc770daff/lxml-1.3.6.tar.gz",[0m
2022-12-27T11:22:40.3820460Z [36;1m  "package_version": "1.3.6",[0m
2022-12-27T11:22:40.3820590Z [36;1m  "python_version": "3.7",[0m
2022-12-27T11:22:40.3820730Z [36;1m  "use_ccache": "true"[0m
2022-12-27T11:22:40.3820840Z [36;1m}'[0m
2022-12-27T11:22:40.3836780Z shell: /bin/bash -e {0}
2022-12-27T11:22:40.3836970Z ##[endgroup]
2022-12-27T11:22:40.4056140Z {
2022-12-27T11:22:40.4057450Z   "package_name": "lxml",
2022-12-27T11:22:40.4058120Z   "package_url": "https://files.pythonhosted.org/packages/96/83/6cc7426f8ef4aadc314d0cabc5dc2bf90a219414bcc478bbb17fc770daff/lxml-1.3.6.tar.gz",
2022-12-27T11:22:40.4058420Z   "package_version": "1.3.6",
2022-12-27T11:22:40.4058620Z   "python_version": "3.7",
2022-12-27T11:22:40.4058820Z   "use_ccache": "true"
2022-12-27T11:22:40.4059020Z }
2022-12-27T11:22:40.4272910Z ##[group]Run actions/setup-python@v4
2022-12-27T11:22:40.4273200Z with:
2022-12-27T11:22:40.4273380Z   python-version: 3.7
2022-12-27T11:22:40.4273540Z   check-latest: false
2022-12-27T11:22:40.4273840Z   token: ***
2022-12-27T11:22:40.4274070Z   update-environment: true
2022-12-27T11:22:40.4274250Z ##[endgroup]
2022-12-27T11:22:40.5556620Z ##[group]Installed versions
2022-12-27T11:22:40.5599300Z Successfully set up CPython (3.7.15)
2022-12-27T11:22:40.5600420Z ##[endgroup]
2022-12-27T11:22:40.5752370Z ##[group]Run if [ "true" == "true" ]
2022-12-27T11:22:40.5752700Z [36;1mif [ "true" == "true" ][0m
2022-12-27T11:22:40.5752850Z [36;1mthen[0m
2022-12-27T11:22:40.5753120Z [36;1m  echo "CCACHE_PATH_PREPEND=/usr/local/opt/ccache/libexec" >> $GITHUB_OUTPUT[0m
2022-12-27T11:22:40.5753340Z [36;1melse[0m
2022-12-27T11:22:40.5753510Z [36;1m  echo "CCACHE_PATH_PREPEND=" >> $GITHUB_OUTPUT[0m
2022-12-27T11:22:40.5753700Z [36;1mfi[0m
2022-12-27T11:22:40.5770980Z shell: /bin/bash -e {0}
2022-12-27T11:22:40.5771190Z env:
2022-12-27T11:22:40.5771380Z   pythonLocation: /Users/runner/hostedtoolcache/Python/3.7.15/x64
2022-12-27T11:22:40.5771660Z   PKG_CONFIG_PATH: /Users/runner/hostedtoolcache/Python/3.7.15/x64/lib/pkgconfig
2022-12-27T11:22:40.5771960Z   Python_ROOT_DIR: /Users/runner/hostedtoolcache/Python/3.7.15/x64
2022-12-27T11:22:40.5772170Z   Python2_ROOT_DIR: /Users/runner/hostedtoolcache/Python/3.7.15/x64
2022-12-27T11:22:40.5772520Z   Python3_ROOT_DIR: /Users/runner/hostedtoolcache/Python/3.7.15/x64
2022-12-27T11:22:40.5773110Z ##[endgroup]
2022-12-27T11:22:40.5881820Z ##[group]Run echo "BUILD_NAME=$(echo lxml_1.3.6_3.7 | tr -dc '[:alnum:]\n\r' | tr '[:upper:]' '[:lower:]')" >> $GITHUB_OUTPUT
2022-12-27T11:22:40.5882240Z [36;1mecho "BUILD_NAME=$(echo lxml_1.3.6_3.7 | tr -dc '[:alnum:]\n\r' | tr '[:upper:]' '[:lower:]')" >> $GITHUB_OUTPUT[0m
2022-12-27T11:22:40.5896650Z shell: /bin/bash -e {0}
2022-12-27T11:22:40.5896810Z env:
2022-12-27T11:22:40.5897030Z   pythonLocation: /Users/runner/hostedtoolcache/Python/3.7.15/x64
2022-12-27T11:22:40.5897410Z   PKG_CONFIG_PATH: /Users/runner/hostedtoolcache/Python/3.7.15/x64/lib/pkgconfig
2022-12-27T11:22:40.5897680Z   Python_ROOT_DIR: /Users/runner/hostedtoolcache/Python/3.7.15/x64
2022-12-27T11:22:40.5897900Z   Python2_ROOT_DIR: /Users/runner/hostedtoolcache/Python/3.7.15/x64
2022-12-27T11:22:40.5898150Z   Python3_ROOT_DIR: /Users/runner/hostedtoolcache/Python/3.7.15/x64
2022-12-27T11:22:40.5898360Z ##[endgroup]
2022-12-27T11:22:40.6045800Z ##[group]Run echo "PYTHON_NO_DOTS=$(echo 3.7 | tr -dc '[:alnum:]\n\r' | tr '[:upper:]' '[:lower:]')" >> $GITHUB_OUTPUT
2022-12-27T11:22:40.6046240Z [36;1mecho "PYTHON_NO_DOTS=$(echo 3.7 | tr -dc '[:alnum:]\n\r' | tr '[:upper:]' '[:lower:]')" >> $GITHUB_OUTPUT[0m
2022-12-27T11:22:40.6060400Z shell: /bin/bash -e {0}
2022-12-27T11:22:40.6060560Z env:
2022-12-27T11:22:40.6060770Z   pythonLocation: /Users/runner/hostedtoolcache/Python/3.7.15/x64
2022-12-27T11:22:40.6061400Z   PKG_CONFIG_PATH: /Users/runner/hostedtoolcache/Python/3.7.15/x64/lib/pkgconfig
2022-12-27T11:22:40.6061630Z   Python_ROOT_DIR: /Users/runner/hostedtoolcache/Python/3.7.15/x64
2022-12-27T11:22:40.6061870Z   Python2_ROOT_DIR: /Users/runner/hostedtoolcache/Python/3.7.15/x64
2022-12-27T11:22:40.6062120Z   Python3_ROOT_DIR: /Users/runner/hostedtoolcache/Python/3.7.15/x64
2022-12-27T11:22:40.6062290Z ##[endgroup]
2022-12-27T11:22:40.6180070Z ##[group]Run rm -rf build_lxml13637
2022-12-27T11:22:40.6180510Z [36;1mrm -rf build_lxml13637[0m
2022-12-27T11:22:40.6180670Z [36;1mmkdir build_lxml13637[0m
2022-12-27T11:22:40.6180880Z [36;1mcd build_lxml13637[0m
2022-12-27T11:22:40.6181270Z [36;1m/usr/local/bin/wget --quiet https://files.pythonhosted.org/packages/96/83/6cc7426f8ef4aadc314d0cabc5dc2bf90a219414bcc478bbb17fc770daff/lxml-1.3.6.tar.gz[0m
2022-12-27T11:22:40.6181560Z [36;1mtar xf *.tar.gz[0m
2022-12-27T11:22:40.6181700Z [36;1mcd *[0m
2022-12-27T11:22:40.6181890Z [36;1mpython -m pip install cibuildwheel==2.11.3[0m
2022-12-27T11:22:40.6182110Z [36;1mpython -m cibuildwheel --output-dir ../wheelsout[0m
2022-12-27T11:22:40.6198120Z shell: /bin/bash -e {0}
2022-12-27T11:22:40.6198370Z env:
2022-12-27T11:22:40.6198580Z   pythonLocation: /Users/runner/hostedtoolcache/Python/3.7.15/x64
2022-12-27T11:22:40.6198850Z   PKG_CONFIG_PATH: /Users/runner/hostedtoolcache/Python/3.7.15/x64/lib/pkgconfig
2022-12-27T11:22:40.6199130Z   Python_ROOT_DIR: /Users/runner/hostedtoolcache/Python/3.7.15/x64
2022-12-27T11:22:40.6199390Z   Python2_ROOT_DIR: /Users/runner/hostedtoolcache/Python/3.7.15/x64
2022-12-27T11:22:40.6199630Z   Python3_ROOT_DIR: /Users/runner/hostedtoolcache/Python/3.7.15/x64
2022-12-27T11:22:40.6199840Z   CIBW_ARCHS_MACOS: arm64
2022-12-27T11:22:40.6199990Z   CIBW_TEST_SKIP: *_arm64
2022-12-27T11:22:40.6200170Z   CIBW_BUILD: cp37-macosx_arm64
2022-12-27T11:22:40.6200390Z   CIBW_BUILD_FRONTEND: pip
2022-12-27T11:22:40.6200570Z   CIBW_BUILD_VERBOSITY: 3
2022-12-27T11:22:40.6200870Z   CIBW_ENVIRONMENT_MACOS:  CFLAGS="-I/usr/local/opt/openssl@3/include" LDFLAGS="-L/usr/local/opt/openssl@3/lib" CPPFLAGS="-I/usr/local/opt/openssl@3/include" MAKEFLAGS="-j$(sysctl -n hw.logicalcpu)" PATH=/usr/local/opt/ccache/libexec:$PATH
2022-12-27T11:22:40.6201260Z   CIBW_BEFORE_BUILD: pip install Cython; if [[ -f requirements.txt ]]; then pip install -r requirements.txt; fi
2022-12-27T11:22:40.6201540Z   MAKEFLAGS: -j$(sysctl -n hw.logicalcpu)
2022-12-27T11:22:40.6201730Z ##[endgroup]
2022-12-27T11:22:41.0098860Z Requirement already satisfied: cibuildwheel==2.11.3 in /Users/runner/hostedtoolcache/Python/3.7.15/x64/lib/python3.7/site-packages (2.11.3)
2022-12-27T11:22:41.0394990Z Requirement already satisfied: bracex in /Users/runner/hostedtoolcache/Python/3.7.15/x64/lib/python3.7/site-packages (from cibuildwheel==2.11.3) (2.3.post1)
2022-12-27T11:22:41.0404200Z Requirement already satisfied: typing-extensions>=4.1.0 in /Users/runner/hostedtoolcache/Python/3.7.15/x64/lib/python3.7/site-packages (from cibuildwheel==2.11.3) (4.4.0)
2022-12-27T11:22:41.0407660Z Requirement already satisfied: certifi in /Users/runner/hostedtoolcache/Python/3.7.15/x64/lib/python3.7/site-packages (from cibuildwheel==2.11.3) (2022.12.7)
2022-12-27T11:22:41.0413300Z Requirement already satisfied: packaging>=20.9 in /Users/runner/hostedtoolcache/Python/3.7.15/x64/lib/python3.7/site-packages (from cibuildwheel==2.11.3) (22.0)
2022-12-27T11:22:41.0417870Z Requirement already satisfied: filelock in /Users/runner/hostedtoolcache/Python/3.7.15/x64/lib/python3.7/site-packages (from cibuildwheel==2.11.3) (3.8.2)
2022-12-27T11:22:41.0421230Z Requirement already satisfied: platformdirs in /Users/runner/hostedtoolcache/Python/3.7.15/x64/lib/python3.7/site-packages (from cibuildwheel==2.11.3) (2.6.0)
2022-12-27T11:22:41.0426670Z Requirement already satisfied: bashlex!=0.13 in /Users/runner/hostedtoolcache/Python/3.7.15/x64/lib/python3.7/site-packages (from cibuildwheel==2.11.3) (0.16)
2022-12-27T11:22:41.0432990Z Requirement already satisfied: tomli in /Users/runner/hostedtoolcache/Python/3.7.15/x64/lib/python3.7/site-packages (from cibuildwheel==2.11.3) (2.0.1)
2022-12-27T11:22:41.2059470Z 
2022-12-27T11:22:41.2059710Z      _ _       _ _   _       _           _
2022-12-27T11:22:41.2060450Z  ___|_| |_ _ _|_| |_| |_ _ _| |_ ___ ___| |
2022-12-27T11:22:41.2060930Z |  _| | . | | | | | . | | | |   | -_| -_| |
2022-12-27T11:22:41.2061130Z |___|_|___|___|_|_|___|_____|_|_|___|___|_|
2022-12-27T11:22:41.2061800Z 
2022-12-27T11:22:41.2062000Z cibuildwheel version 2.11.3
2022-12-27T11:22:41.2062150Z 
2022-12-27T11:22:41.2062260Z Build options:
2022-12-27T11:22:41.2062670Z   platform: macos
2022-12-27T11:22:41.2146920Z   architectures: arm64[0m
2022-12-27T11:22:41.2147300Z   build_selector: 
2022-12-27T11:22:41.2147920Z     build_config: cp37-macosx_arm64
2022-12-27T11:22:41.2148120Z     skip_config: 
2022-12-27T11:22:41.2148340Z     requires_python: None
2022-12-27T11:22:41.2148630Z     prerelease_pythons: False[0m
2022-12-27T11:22:41.2148900Z   [38;5;244mcontainer_engine: docker[0m
2022-12-27T11:22:41.2150320Z   output_dir: /Users/runner/actions-runner/_work/python.build/python.build/build_lxml13637/wheelsout[0m
2022-12-27T11:22:41.2151490Z cibuildwheel: No build identifiers selected: BuildSelector(build_config='cp37-macosx_arm64', skip_config='', requires_python=None, prerelease_pythons=False)
2022-12-27T11:22:41.2152700Z   package_dir: /Users/runner/actions-runner/_work/python.build/python.build/build_lxml13637/lxml-1.3.6[0m
2022-12-27T11:22:41.2153060Z   test_selector: 
2022-12-27T11:22:41.2153320Z     skip_config: *_arm64[0m
2022-12-27T11:22:41.2153790Z   [38;5;244mbefore_all: [0m
2022-12-27T11:22:41.2154200Z   before_build: pip install Cython; if [[ -f requirements.txt ]]; then pip install -r requirements.txt; fi[0m
2022-12-27T11:22:41.2154490Z   [38;5;244mbefore_test: [0m
2022-12-27T11:22:41.2154700Z   [38;5;244mbuild_frontend: pip[0m
2022-12-27T11:22:41.2155040Z   build_verbosity: 3[0m
2022-12-27T11:22:41.2155300Z   [38;5;244mconfig_settings: [0m
2022-12-27T11:22:41.2155530Z   [38;5;244mdependency_constraints: pinned[0m
2022-12-27T11:22:41.2155850Z   environment: 
2022-12-27T11:22:41.2156100Z     CFLAGS="-I/usr/local/opt/openssl@3/include"
2022-12-27T11:22:41.2156330Z     LDFLAGS="-L/usr/local/opt/openssl@3/lib"
2022-12-27T11:22:41.2156600Z     CPPFLAGS="-I/usr/local/opt/openssl@3/include"
2022-12-27T11:22:41.2156870Z     MAKEFLAGS="-j$(sysctl -n hw.logicalcpu)"
2022-12-27T11:22:41.2157250Z     PATH=/usr/local/opt/ccache/libexec:$PATH[0m
2022-12-27T11:22:41.2157480Z   [38;5;244mmanylinux_images: None[0m
2022-12-27T11:22:41.2158040Z   [38;5;244mmusllinux_images: None[0m
2022-12-27T11:22:41.2158370Z   [38;5;244mrepair_command: delocate-wheel --require-archs {delocate_archs} -w {dest_dir} -v {wheel}[0m
2022-12-27T11:22:41.2158620Z   [38;5;244mtest_command: [0m
2022-12-27T11:22:41.2158980Z   [38;5;244mtest_extras: [0m
2022-12-27T11:22:41.2159210Z   [38;5;244mtest_requires: [0m
2022-12-27T11:22:41.2159320Z 
2022-12-27T11:22:41.2159400Z Cache folder: /Users/runner/Library/Caches/cibuildwheel
2022-12-27T11:22:41.2159540Z 
2022-12-27T11:22:41.2159610Z Here we go!
2022-12-27T11:22:41.2159740Z 
2022-12-27T11:22:41.2273500Z ##[error]Process completed with exit code 3.
2022-12-27T11:22:41.2311980Z ##[group]Run rm -rf build_lxml13637 wheelsout
2022-12-27T11:22:41.2312210Z [36;1mrm -rf build_lxml13637 wheelsout[0m
2022-12-27T11:22:41.2327530Z shell: /bin/bash -e {0}
2022-12-27T11:22:41.2327780Z env:
2022-12-27T11:22:41.2327960Z   pythonLocation: /Users/runner/hostedtoolcache/Python/3.7.15/x64
2022-12-27T11:22:41.2328220Z   PKG_CONFIG_PATH: /Users/runner/hostedtoolcache/Python/3.7.15/x64/lib/pkgconfig
2022-12-27T11:22:41.2328490Z   Python_ROOT_DIR: /Users/runner/hostedtoolcache/Python/3.7.15/x64
2022-12-27T11:22:41.2328770Z   Python2_ROOT_DIR: /Users/runner/hostedtoolcache/Python/3.7.15/x64
2022-12-27T11:22:41.2328980Z   Python3_ROOT_DIR: /Users/runner/hostedtoolcache/Python/3.7.15/x64
2022-12-27T11:22:41.2329170Z ##[endgroup]
2022-12-27T11:22:41.2681420Z Cleaning up orphan processes
