2022-12-27T07:27:33.9322043Z Requested labels: self-hosted, macOS, X64
2022-12-27T07:27:33.9322129Z Job defined at: kilnbuild/python.build/.github/workflows/mac_arm_build.yml@refs/heads/main
2022-12-27T07:27:33.9322161Z Waiting for a runner to pick up this job...
2022-12-27T10:35:56.7865286Z Job is about to start running on the runner: s1 (organization)
2022-12-27T10:36:01.3044790Z Current runner version: '2.300.2'
2022-12-27T10:36:01.3049980Z Runner name: 's1'
2022-12-27T10:36:01.3050240Z Runner group name: 'Default'
2022-12-27T10:36:01.3050670Z Machine name: 's1'
2022-12-27T10:36:01.3052190Z ##[group]GITHUB_TOKEN Permissions
2022-12-27T10:36:01.3052620Z Actions: write
2022-12-27T10:36:01.3052760Z Checks: write
2022-12-27T10:36:01.3052900Z Contents: write
2022-12-27T10:36:01.3053040Z Deployments: write
2022-12-27T10:36:01.3053180Z Discussions: write
2022-12-27T10:36:01.3053320Z Issues: write
2022-12-27T10:36:01.3053460Z Metadata: read
2022-12-27T10:36:01.3053590Z Packages: write
2022-12-27T10:36:01.3053730Z Pages: write
2022-12-27T10:36:01.3053870Z PullRequests: write
2022-12-27T10:36:01.3054030Z RepositoryProjects: write
2022-12-27T10:36:01.3054190Z SecurityEvents: write
2022-12-27T10:36:01.3054340Z Statuses: write
2022-12-27T10:36:01.3054470Z ##[endgroup]
2022-12-27T10:36:01.3056970Z Secret source: Actions
2022-12-27T10:36:01.3057300Z Prepare workflow directory
2022-12-27T10:36:01.3718210Z Prepare all required actions
2022-12-27T10:36:01.3840600Z Getting action download info
2022-12-27T10:36:01.8685510Z Download action repository 'actions/setup-python@v4' (SHA:5ccb29d8773c3f3f653e1705f474dfaa8a06a912)
2022-12-27T10:36:04.1980520Z Download action repository 'actions/upload-artifact@v3' (SHA:83fd05a356d7e2593de66fc9913b3002723633cb)
2022-12-27T10:36:05.5914260Z ##[group]Run echo '{
2022-12-27T10:36:05.5914510Z [36;1mecho '{[0m
2022-12-27T10:36:05.5914710Z [36;1m  "environment_variables": "GRPC_PYTHON_BUILD_WITH_CYTHON=1 GRPC_BUILD_WITH_BORING_SSL_ASM='' GRPC_PYTHON_BUILD_SYSTEM_OPENSSL=TRUE",[0m
2022-12-27T10:36:05.5914960Z [36;1m  "package_name": "grpcio-tools",[0m
2022-12-27T10:36:05.5915310Z [36;1m  "package_url": "https://files.pythonhosted.org/packages/da/3c/bed275484f6cc262b5de6ceaae36798c60d7904cdd05dc79cc830b880687/grpcio-tools-1.30.0.tar.gz",[0m
2022-12-27T10:36:05.5915600Z [36;1m  "package_version": "1.30.0",[0m
2022-12-27T10:36:05.5915770Z [36;1m  "python_version": "3.7",[0m
2022-12-27T10:36:05.5915920Z [36;1m  "use_ccache": "true"[0m
2022-12-27T10:36:05.5916050Z [36;1m}'[0m
2022-12-27T10:36:05.5931770Z shell: /bin/bash -e {0}
2022-12-27T10:36:05.5931920Z ##[endgroup]
2022-12-27T10:36:05.6149130Z {
2022-12-27T10:36:05.6150630Z   "environment_variables": "GRPC_PYTHON_BUILD_WITH_CYTHON=1 GRPC_BUILD_WITH_BORING_SSL_ASM= GRPC_PYTHON_BUILD_SYSTEM_OPENSSL=TRUE",
2022-12-27T10:36:05.6151210Z   "package_name": "grpcio-tools",
2022-12-27T10:36:05.6151670Z   "package_url": "https://files.pythonhosted.org/packages/da/3c/bed275484f6cc262b5de6ceaae36798c60d7904cdd05dc79cc830b880687/grpcio-tools-1.30.0.tar.gz",
2022-12-27T10:36:05.6151970Z   "package_version": "1.30.0",
2022-12-27T10:36:05.6152150Z   "python_version": "3.7",
2022-12-27T10:36:05.6152300Z   "use_ccache": "true"
2022-12-27T10:36:05.6152460Z }
2022-12-27T10:36:05.6368030Z ##[group]Run actions/setup-python@v4
2022-12-27T10:36:05.6368310Z with:
2022-12-27T10:36:05.6368500Z   python-version: 3.7
2022-12-27T10:36:05.6368680Z   check-latest: false
2022-12-27T10:36:05.6368970Z   token: ***
2022-12-27T10:36:05.6369210Z   update-environment: true
2022-12-27T10:36:05.6369370Z ##[endgroup]
2022-12-27T10:36:05.7593080Z ##[group]Installed versions
2022-12-27T10:36:05.7637680Z Successfully set up CPython (3.7.15)
2022-12-27T10:36:05.7638300Z ##[endgroup]
2022-12-27T10:36:05.7783540Z ##[group]Run if [ "true" == "true" ]
2022-12-27T10:36:05.7783810Z [36;1mif [ "true" == "true" ][0m
2022-12-27T10:36:05.7784220Z [36;1mthen[0m
2022-12-27T10:36:05.7784420Z [36;1m  echo "CCACHE_PATH_PREPEND=/usr/local/opt/ccache/libexec" >> $GITHUB_OUTPUT[0m
2022-12-27T10:36:05.7784650Z [36;1melse[0m
2022-12-27T10:36:05.7784860Z [36;1m  echo "CCACHE_PATH_PREPEND=" >> $GITHUB_OUTPUT[0m
2022-12-27T10:36:05.7785130Z [36;1mfi[0m
2022-12-27T10:36:05.7802210Z shell: /bin/bash -e {0}
2022-12-27T10:36:05.7802440Z env:
2022-12-27T10:36:05.7802690Z   pythonLocation: /Users/runner/hostedtoolcache/Python/3.7.15/x64
2022-12-27T10:36:05.7803030Z   PKG_CONFIG_PATH: /Users/runner/hostedtoolcache/Python/3.7.15/x64/lib/pkgconfig
2022-12-27T10:36:05.7803670Z   Python_ROOT_DIR: /Users/runner/hostedtoolcache/Python/3.7.15/x64
2022-12-27T10:36:05.7803930Z   Python2_ROOT_DIR: /Users/runner/hostedtoolcache/Python/3.7.15/x64
2022-12-27T10:36:05.7804250Z   Python3_ROOT_DIR: /Users/runner/hostedtoolcache/Python/3.7.15/x64
2022-12-27T10:36:05.7804540Z ##[endgroup]
2022-12-27T10:36:05.7909670Z ##[group]Run echo "BUILD_NAME=$(echo grpcio-tools_1.30.0_3.7 | tr -dc '[:alnum:]\n\r' | tr '[:upper:]' '[:lower:]')" >> $GITHUB_OUTPUT
2022-12-27T10:36:05.7910260Z [36;1mecho "BUILD_NAME=$(echo grpcio-tools_1.30.0_3.7 | tr -dc '[:alnum:]\n\r' | tr '[:upper:]' '[:lower:]')" >> $GITHUB_OUTPUT[0m
2022-12-27T10:36:05.7924440Z shell: /bin/bash -e {0}
2022-12-27T10:36:05.7924650Z env:
2022-12-27T10:36:05.7924930Z   pythonLocation: /Users/runner/hostedtoolcache/Python/3.7.15/x64
2022-12-27T10:36:05.7925220Z   PKG_CONFIG_PATH: /Users/runner/hostedtoolcache/Python/3.7.15/x64/lib/pkgconfig
2022-12-27T10:36:05.7925520Z   Python_ROOT_DIR: /Users/runner/hostedtoolcache/Python/3.7.15/x64
2022-12-27T10:36:05.7925780Z   Python2_ROOT_DIR: /Users/runner/hostedtoolcache/Python/3.7.15/x64
2022-12-27T10:36:05.7925990Z   Python3_ROOT_DIR: /Users/runner/hostedtoolcache/Python/3.7.15/x64
2022-12-27T10:36:05.7926280Z ##[endgroup]
2022-12-27T10:36:05.8066460Z ##[group]Run echo "PYTHON_NO_DOTS=$(echo 3.7 | tr -dc '[:alnum:]\n\r' | tr '[:upper:]' '[:lower:]')" >> $GITHUB_OUTPUT
2022-12-27T10:36:05.8066880Z [36;1mecho "PYTHON_NO_DOTS=$(echo 3.7 | tr -dc '[:alnum:]\n\r' | tr '[:upper:]' '[:lower:]')" >> $GITHUB_OUTPUT[0m
2022-12-27T10:36:05.8081130Z shell: /bin/bash -e {0}
2022-12-27T10:36:05.8081280Z env:
2022-12-27T10:36:05.8081500Z   pythonLocation: /Users/runner/hostedtoolcache/Python/3.7.15/x64
2022-12-27T10:36:05.8081760Z   PKG_CONFIG_PATH: /Users/runner/hostedtoolcache/Python/3.7.15/x64/lib/pkgconfig
2022-12-27T10:36:05.8081980Z   Python_ROOT_DIR: /Users/runner/hostedtoolcache/Python/3.7.15/x64
2022-12-27T10:36:05.8082260Z   Python2_ROOT_DIR: /Users/runner/hostedtoolcache/Python/3.7.15/x64
2022-12-27T10:36:05.8082490Z   Python3_ROOT_DIR: /Users/runner/hostedtoolcache/Python/3.7.15/x64
2022-12-27T10:36:05.8082660Z ##[endgroup]
2022-12-27T10:36:05.8192350Z ##[group]Run rm -rf build_grpciotools130037
2022-12-27T10:36:05.8192660Z [36;1mrm -rf build_grpciotools130037[0m
2022-12-27T10:36:05.8192840Z [36;1mmkdir build_grpciotools130037[0m
2022-12-27T10:36:05.8193090Z [36;1mcd build_grpciotools130037[0m
2022-12-27T10:36:05.8193420Z [36;1m/usr/local/bin/wget --quiet https://files.pythonhosted.org/packages/da/3c/bed275484f6cc262b5de6ceaae36798c60d7904cdd05dc79cc830b880687/grpcio-tools-1.30.0.tar.gz[0m
2022-12-27T10:36:05.8193710Z [36;1mtar xf *.tar.gz[0m
2022-12-27T10:36:05.8193850Z [36;1mcd *[0m
2022-12-27T10:36:05.8194060Z [36;1mpython -m pip install cibuildwheel==2.11.3[0m
2022-12-27T10:36:05.8194280Z [36;1mpython -m cibuildwheel --output-dir ../wheelsout[0m
2022-12-27T10:36:05.8208390Z shell: /bin/bash -e {0}
2022-12-27T10:36:05.8208580Z env:
2022-12-27T10:36:05.8208840Z   pythonLocation: /Users/runner/hostedtoolcache/Python/3.7.15/x64
2022-12-27T10:36:05.8209140Z   PKG_CONFIG_PATH: /Users/runner/hostedtoolcache/Python/3.7.15/x64/lib/pkgconfig
2022-12-27T10:36:05.8209370Z   Python_ROOT_DIR: /Users/runner/hostedtoolcache/Python/3.7.15/x64
2022-12-27T10:36:05.8209660Z   Python2_ROOT_DIR: /Users/runner/hostedtoolcache/Python/3.7.15/x64
2022-12-27T10:36:05.8209930Z   Python3_ROOT_DIR: /Users/runner/hostedtoolcache/Python/3.7.15/x64
2022-12-27T10:36:05.8210100Z   CIBW_ARCHS_MACOS: arm64
2022-12-27T10:36:05.8210280Z   CIBW_TEST_SKIP: *_arm64
2022-12-27T10:36:05.8210450Z   CIBW_BUILD: cp37-macosx_arm64
2022-12-27T10:36:05.8210600Z   CIBW_BUILD_FRONTEND: pip
2022-12-27T10:36:05.8210810Z   CIBW_BUILD_VERBOSITY: 3
2022-12-27T10:36:05.8211180Z   CIBW_ENVIRONMENT_MACOS: GRPC_PYTHON_BUILD_WITH_CYTHON=1 GRPC_BUILD_WITH_BORING_SSL_ASM='' GRPC_PYTHON_BUILD_SYSTEM_OPENSSL=TRUE CFLAGS="-I/usr/local/opt/openssl@3/include" LDFLAGS="-L/usr/local/opt/openssl@3/lib" CPPFLAGS="-I/usr/local/opt/openssl@3/include" MAKEFLAGS="-j$(sysctl -n hw.logicalcpu)" PATH=/usr/local/opt/ccache/libexec:$PATH
2022-12-27T10:36:05.8211840Z   CIBW_BEFORE_BUILD: pip install Cython; if [[ -f requirements.txt ]]; then pip install -r requirements.txt; fi
2022-12-27T10:36:05.8212090Z   MAKEFLAGS: -j$(sysctl -n hw.logicalcpu)
2022-12-27T10:36:05.8212270Z ##[endgroup]
2022-12-27T10:36:06.3322170Z Requirement already satisfied: cibuildwheel==2.11.3 in /Users/runner/hostedtoolcache/Python/3.7.15/x64/lib/python3.7/site-packages (2.11.3)
2022-12-27T10:36:06.3630380Z Requirement already satisfied: bracex in /Users/runner/hostedtoolcache/Python/3.7.15/x64/lib/python3.7/site-packages (from cibuildwheel==2.11.3) (2.3.post1)
2022-12-27T10:36:06.3633940Z Requirement already satisfied: platformdirs in /Users/runner/hostedtoolcache/Python/3.7.15/x64/lib/python3.7/site-packages (from cibuildwheel==2.11.3) (2.6.0)
2022-12-27T10:36:06.3643780Z Requirement already satisfied: typing-extensions>=4.1.0 in /Users/runner/hostedtoolcache/Python/3.7.15/x64/lib/python3.7/site-packages (from cibuildwheel==2.11.3) (4.4.0)
2022-12-27T10:36:06.3647570Z Requirement already satisfied: filelock in /Users/runner/hostedtoolcache/Python/3.7.15/x64/lib/python3.7/site-packages (from cibuildwheel==2.11.3) (3.8.2)
2022-12-27T10:36:06.3655540Z Requirement already satisfied: tomli in /Users/runner/hostedtoolcache/Python/3.7.15/x64/lib/python3.7/site-packages (from cibuildwheel==2.11.3) (2.0.1)
2022-12-27T10:36:06.3659290Z Requirement already satisfied: certifi in /Users/runner/hostedtoolcache/Python/3.7.15/x64/lib/python3.7/site-packages (from cibuildwheel==2.11.3) (2022.12.7)
2022-12-27T10:36:06.3664750Z Requirement already satisfied: bashlex!=0.13 in /Users/runner/hostedtoolcache/Python/3.7.15/x64/lib/python3.7/site-packages (from cibuildwheel==2.11.3) (0.16)
2022-12-27T10:36:06.3670230Z Requirement already satisfied: packaging>=20.9 in /Users/runner/hostedtoolcache/Python/3.7.15/x64/lib/python3.7/site-packages (from cibuildwheel==2.11.3) (22.0)
2022-12-27T10:36:06.5397110Z 
2022-12-27T10:36:06.5397510Z      _ _       _ _   _       _           _
2022-12-27T10:36:06.5397850Z  ___|_| |_ _ _|_| |_| |_ _ _| |_ ___ ___| |
2022-12-27T10:36:06.5398950Z |  _| | . | | | | | . | | | |   | -_| -_| |
2022-12-27T10:36:06.5399360Z |___|_|___|___|_|_|___|_____|_|_|___|___|_|
2022-12-27T10:36:06.5399500Z 
2022-12-27T10:36:06.5399570Z cibuildwheel version 2.11.3
2022-12-27T10:36:06.5399710Z 
2022-12-27T10:36:06.5399920Z Build options:
2022-12-27T10:36:06.5400150Z   platform: macos
2022-12-27T10:36:06.5582360Z   architectures: arm64[0m
2022-12-27T10:36:06.5582590Z   build_selector: 
2022-12-27T10:36:06.5583220Z     build_config: cp37-macosx_arm64
2022-12-27T10:36:06.5584650Z     skip_config: 
2022-12-27T10:36:06.5584880Z     requires_python: None
2022-12-27T10:36:06.5585380Z     prerelease_pythons: False[0m
2022-12-27T10:36:06.5585750Z   [38;5;244mcontainer_engine: docker[0m
2022-12-27T10:36:06.5586140Z   output_dir: /Users/runner/actions-runner/_work/python.build/python.build/build_grpciotools130037/wheelsout[0m
2022-12-27T10:36:06.5586850Z   package_dir: /Users/runner/actions-runner/_work/python.build/python.build/build_grpciotools130037/grpcio-tools-1.30.0[0m
2022-12-27T10:36:06.5587180Z   test_selector: 
2022-12-27T10:36:06.5587780Z cibuildwheel: No build identifiers selected: BuildSelector(build_config='cp37-macosx_arm64', skip_config='', requires_python=None, prerelease_pythons=False)
2022-12-27T10:36:06.5588330Z     skip_config: *_arm64[0m
2022-12-27T10:36:06.5588550Z   [38;5;244mbefore_all: [0m
2022-12-27T10:36:06.5588860Z   before_build: pip install Cython; if [[ -f requirements.txt ]]; then pip install -r requirements.txt; fi[0m
2022-12-27T10:36:06.5589150Z   [38;5;244mbefore_test: [0m
2022-12-27T10:36:06.5589510Z   [38;5;244mbuild_frontend: pip[0m
2022-12-27T10:36:06.5589850Z   build_verbosity: 3[0m
2022-12-27T10:36:06.5590100Z   [38;5;244mconfig_settings: [0m
2022-12-27T10:36:06.5590360Z   [38;5;244mdependency_constraints: pinned[0m
2022-12-27T10:36:06.5590840Z   environment: 
2022-12-27T10:36:06.5591170Z     GRPC_PYTHON_BUILD_WITH_CYTHON=1
2022-12-27T10:36:06.5591410Z     GRPC_BUILD_WITH_BORING_SSL_ASM=''
2022-12-27T10:36:06.5591590Z     GRPC_PYTHON_BUILD_SYSTEM_OPENSSL=TRUE
2022-12-27T10:36:06.5591860Z     CFLAGS="-I/usr/local/opt/openssl@3/include"
2022-12-27T10:36:06.5592250Z     LDFLAGS="-L/usr/local/opt/openssl@3/lib"
2022-12-27T10:36:06.5592490Z     CPPFLAGS="-I/usr/local/opt/openssl@3/include"
2022-12-27T10:36:06.5592750Z     MAKEFLAGS="-j$(sysctl -n hw.logicalcpu)"
2022-12-27T10:36:06.5593020Z     PATH=/usr/local/opt/ccache/libexec:$PATH[0m
2022-12-27T10:36:06.5593290Z   [38;5;244mmanylinux_images: None[0m
2022-12-27T10:36:06.5593620Z   [38;5;244mmusllinux_images: None[0m
2022-12-27T10:36:06.5593950Z   [38;5;244mrepair_command: delocate-wheel --require-archs {delocate_archs} -w {dest_dir} -v {wheel}[0m
2022-12-27T10:36:06.5594230Z   [38;5;244mtest_command: [0m
2022-12-27T10:36:06.5594430Z   [38;5;244mtest_extras: [0m
2022-12-27T10:36:06.5594650Z   [38;5;244mtest_requires: [0m
2022-12-27T10:36:06.5594860Z 
2022-12-27T10:36:06.5594970Z Cache folder: /Users/runner/Library/Caches/cibuildwheel
2022-12-27T10:36:06.5595110Z 
2022-12-27T10:36:06.5595150Z Here we go!
2022-12-27T10:36:06.5595250Z 
2022-12-27T10:36:06.5712680Z ##[error]Process completed with exit code 3.
2022-12-27T10:36:06.5751790Z ##[group]Run rm -rf build_grpciotools130037 wheelsout
2022-12-27T10:36:06.5752090Z [36;1mrm -rf build_grpciotools130037 wheelsout[0m
2022-12-27T10:36:06.5767590Z shell: /bin/bash -e {0}
2022-12-27T10:36:06.5767770Z env:
2022-12-27T10:36:06.5767950Z   pythonLocation: /Users/runner/hostedtoolcache/Python/3.7.15/x64
2022-12-27T10:36:06.5768230Z   PKG_CONFIG_PATH: /Users/runner/hostedtoolcache/Python/3.7.15/x64/lib/pkgconfig
2022-12-27T10:36:06.5768550Z   Python_ROOT_DIR: /Users/runner/hostedtoolcache/Python/3.7.15/x64
2022-12-27T10:36:06.5768770Z   Python2_ROOT_DIR: /Users/runner/hostedtoolcache/Python/3.7.15/x64
2022-12-27T10:36:06.5769020Z   Python3_ROOT_DIR: /Users/runner/hostedtoolcache/Python/3.7.15/x64
2022-12-27T10:36:06.5769220Z ##[endgroup]
2022-12-27T10:36:06.6403700Z Cleaning up orphan processes
