2022-12-27T01:58:06.2444318Z Requested labels: self-hosted, macOS, X64
2022-12-27T01:58:06.2444392Z Job defined at: kilnbuild/python.build/.github/workflows/mac_arm_build.yml@refs/heads/main
2022-12-27T01:58:06.2444429Z Waiting for a runner to pick up this job...
2022-12-27T02:56:19.6535710Z Job is about to start running on the runner: kr2 (organization)
2022-12-27T02:56:25.5536730Z Current runner version: '2.300.2'
2022-12-27T02:56:25.5544780Z Runner name: 'kr2'
2022-12-27T02:56:25.5545200Z Runner group name: 'Default'
2022-12-27T02:56:25.5546110Z Machine name: 'kr2'
2022-12-27T02:56:25.5548870Z ##[group]GITHUB_TOKEN Permissions
2022-12-27T02:56:25.5549620Z Actions: write
2022-12-27T02:56:25.5549880Z Checks: write
2022-12-27T02:56:25.5550150Z Contents: write
2022-12-27T02:56:25.5550430Z Deployments: write
2022-12-27T02:56:25.5550740Z Discussions: write
2022-12-27T02:56:25.5551020Z Issues: write
2022-12-27T02:56:25.5551270Z Metadata: read
2022-12-27T02:56:25.5551510Z Packages: write
2022-12-27T02:56:25.5551770Z Pages: write
2022-12-27T02:56:25.5552030Z PullRequests: write
2022-12-27T02:56:25.5552330Z RepositoryProjects: write
2022-12-27T02:56:25.5552730Z SecurityEvents: write
2022-12-27T02:56:25.5553120Z Statuses: write
2022-12-27T02:56:25.5553480Z ##[endgroup]
2022-12-27T02:56:25.5557380Z Secret source: Actions
2022-12-27T02:56:25.5557880Z Prepare workflow directory
2022-12-27T02:56:25.6704680Z Prepare all required actions
2022-12-27T02:56:25.6914010Z Getting action download info
2022-12-27T02:56:26.1280590Z Download action repository 'actions/setup-python@v4' (SHA:5ccb29d8773c3f3f653e1705f474dfaa8a06a912)
2022-12-27T02:56:28.0448900Z Download action repository 'actions/upload-artifact@v3' (SHA:83fd05a356d7e2593de66fc9913b3002723633cb)
2022-12-27T02:56:29.4900380Z ##[group]Run echo '{
2022-12-27T02:56:29.4900940Z [36;1mecho '{[0m
2022-12-27T02:56:29.4901360Z [36;1m  "environment_variables": "GRPC_PYTHON_BUILD_WITH_CYTHON=1 GRPC_BUILD_WITH_BORING_SSL_ASM='' GRPC_PYTHON_BUILD_SYSTEM_OPENSSL=TRUE",[0m
2022-12-27T02:56:29.4901740Z [36;1m  "package_name": "grpcio",[0m
2022-12-27T02:56:29.4902240Z [36;1m  "package_url": "https://files.pythonhosted.org/packages/b7/ad/4a12e6533615396d45d8f278a25743f431c85b3c58cb07168d3a5d35b6f4/grpcio-1.8.1.tar.gz",[0m
2022-12-27T02:56:29.4902590Z [36;1m  "package_version": "1.8.1",[0m
2022-12-27T02:56:29.4902810Z [36;1m  "python_version": "3.9",[0m
2022-12-27T02:56:29.4903090Z [36;1m  "use_ccache": "true"[0m
2022-12-27T02:56:29.4903290Z [36;1m}'[0m
2022-12-27T02:56:29.4930940Z shell: /bin/bash -e {0}
2022-12-27T02:56:29.4931140Z ##[endgroup]
2022-12-27T02:56:29.5324530Z {
2022-12-27T02:56:29.5327540Z   "environment_variables": "GRPC_PYTHON_BUILD_WITH_CYTHON=1 GRPC_BUILD_WITH_BORING_SSL_ASM= GRPC_PYTHON_BUILD_SYSTEM_OPENSSL=TRUE",
2022-12-27T02:56:29.5328040Z   "package_name": "grpcio",
2022-12-27T02:56:29.5329460Z   "package_url": "https://files.pythonhosted.org/packages/b7/ad/4a12e6533615396d45d8f278a25743f431c85b3c58cb07168d3a5d35b6f4/grpcio-1.8.1.tar.gz",
2022-12-27T02:56:29.5329970Z   "package_version": "1.8.1",
2022-12-27T02:56:29.5330310Z   "python_version": "3.9",
2022-12-27T02:56:29.5330650Z   "use_ccache": "true"
2022-12-27T02:56:29.5330960Z }
2022-12-27T02:56:29.5676080Z ##[group]Run actions/setup-python@v4
2022-12-27T02:56:29.5676530Z with:
2022-12-27T02:56:29.5676870Z   python-version: 3.9
2022-12-27T02:56:29.5677190Z   check-latest: false
2022-12-27T02:56:29.5677840Z   token: ***
2022-12-27T02:56:29.5678170Z   update-environment: true
2022-12-27T02:56:29.5678450Z ##[endgroup]
2022-12-27T02:56:29.7838940Z ##[group]Installed versions
2022-12-27T02:56:29.7891220Z Successfully set up CPython (3.9.16)
2022-12-27T02:56:29.7894090Z ##[endgroup]
2022-12-27T02:56:29.8144950Z ##[group]Run if [ "true" == "true" ]
2022-12-27T02:56:29.8145410Z [36;1mif [ "true" == "true" ][0m
2022-12-27T02:56:29.8145890Z [36;1mthen[0m
2022-12-27T02:56:29.8146210Z [36;1m  echo "CCACHE_PATH_PREPEND=/usr/local/opt/ccache/libexec" >> $GITHUB_OUTPUT[0m
2022-12-27T02:56:29.8146620Z [36;1melse[0m
2022-12-27T02:56:29.8146990Z [36;1m  echo "CCACHE_PATH_PREPEND=" >> $GITHUB_OUTPUT[0m
2022-12-27T02:56:29.8147450Z [36;1mfi[0m
2022-12-27T02:56:29.8177180Z shell: /bin/bash -e {0}
2022-12-27T02:56:29.8177580Z env:
2022-12-27T02:56:29.8177970Z   pythonLocation: /Users/runner/hostedtoolcache/Python/3.9.16/x64
2022-12-27T02:56:29.8178480Z   PKG_CONFIG_PATH: /Users/runner/hostedtoolcache/Python/3.9.16/x64/lib/pkgconfig
2022-12-27T02:56:29.8179610Z   Python_ROOT_DIR: /Users/runner/hostedtoolcache/Python/3.9.16/x64
2022-12-27T02:56:29.8180550Z   Python2_ROOT_DIR: /Users/runner/hostedtoolcache/Python/3.9.16/x64
2022-12-27T02:56:29.8181020Z   Python3_ROOT_DIR: /Users/runner/hostedtoolcache/Python/3.9.16/x64
2022-12-27T02:56:29.8181500Z ##[endgroup]
2022-12-27T02:56:29.8477990Z ##[group]Run echo "BUILD_NAME=$(echo grpcio_1.8.1_3.9 | tr -dc '[:alnum:]\n\r' | tr '[:upper:]' '[:lower:]')" >> $GITHUB_OUTPUT
2022-12-27T02:56:29.8478570Z [36;1mecho "BUILD_NAME=$(echo grpcio_1.8.1_3.9 | tr -dc '[:alnum:]\n\r' | tr '[:upper:]' '[:lower:]')" >> $GITHUB_OUTPUT[0m
2022-12-27T02:56:29.8505630Z shell: /bin/bash -e {0}
2022-12-27T02:56:29.8505970Z env:
2022-12-27T02:56:29.8506330Z   pythonLocation: /Users/runner/hostedtoolcache/Python/3.9.16/x64
2022-12-27T02:56:29.8506810Z   PKG_CONFIG_PATH: /Users/runner/hostedtoolcache/Python/3.9.16/x64/lib/pkgconfig
2022-12-27T02:56:29.8507160Z   Python_ROOT_DIR: /Users/runner/hostedtoolcache/Python/3.9.16/x64
2022-12-27T02:56:29.8507690Z   Python2_ROOT_DIR: /Users/runner/hostedtoolcache/Python/3.9.16/x64
2022-12-27T02:56:29.8508120Z   Python3_ROOT_DIR: /Users/runner/hostedtoolcache/Python/3.9.16/x64
2022-12-27T02:56:29.8508420Z ##[endgroup]
2022-12-27T02:56:29.8745430Z ##[group]Run echo "PYTHON_NO_DOTS=$(echo 3.9 | tr -dc '[:alnum:]\n\r' | tr '[:upper:]' '[:lower:]')" >> $GITHUB_OUTPUT
2022-12-27T02:56:29.8746150Z [36;1mecho "PYTHON_NO_DOTS=$(echo 3.9 | tr -dc '[:alnum:]\n\r' | tr '[:upper:]' '[:lower:]')" >> $GITHUB_OUTPUT[0m
2022-12-27T02:56:29.8774070Z shell: /bin/bash -e {0}
2022-12-27T02:56:29.8774400Z env:
2022-12-27T02:56:29.8774710Z   pythonLocation: /Users/runner/hostedtoolcache/Python/3.9.16/x64
2022-12-27T02:56:29.8775150Z   PKG_CONFIG_PATH: /Users/runner/hostedtoolcache/Python/3.9.16/x64/lib/pkgconfig
2022-12-27T02:56:29.8775630Z   Python_ROOT_DIR: /Users/runner/hostedtoolcache/Python/3.9.16/x64
2022-12-27T02:56:29.8776150Z   Python2_ROOT_DIR: /Users/runner/hostedtoolcache/Python/3.9.16/x64
2022-12-27T02:56:29.8776590Z   Python3_ROOT_DIR: /Users/runner/hostedtoolcache/Python/3.9.16/x64
2022-12-27T02:56:29.8776950Z ##[endgroup]
2022-12-27T02:56:29.9032940Z ##[group]Run rm -rf build_grpcio18139
2022-12-27T02:56:29.9033480Z [36;1mrm -rf build_grpcio18139[0m
2022-12-27T02:56:29.9033810Z [36;1mmkdir build_grpcio18139[0m
2022-12-27T02:56:29.9034140Z [36;1mcd build_grpcio18139[0m
2022-12-27T02:56:29.9034600Z [36;1m/usr/local/bin/wget --quiet https://files.pythonhosted.org/packages/b7/ad/4a12e6533615396d45d8f278a25743f431c85b3c58cb07168d3a5d35b6f4/grpcio-1.8.1.tar.gz[0m
2022-12-27T02:56:29.9035140Z [36;1mtar xf *.tar.gz[0m
2022-12-27T02:56:29.9035470Z [36;1mcd grpcio-*/[0m
2022-12-27T02:56:29.9035820Z [36;1mpython -m pip install cibuildwheel==2.11.3[0m
2022-12-27T02:56:29.9036180Z [36;1mpython -m cibuildwheel --output-dir ../wheelsout[0m
2022-12-27T02:56:29.9062570Z shell: /bin/bash -e {0}
2022-12-27T02:56:29.9062880Z env:
2022-12-27T02:56:29.9063330Z   pythonLocation: /Users/runner/hostedtoolcache/Python/3.9.16/x64
2022-12-27T02:56:29.9063960Z   PKG_CONFIG_PATH: /Users/runner/hostedtoolcache/Python/3.9.16/x64/lib/pkgconfig
2022-12-27T02:56:29.9064340Z   Python_ROOT_DIR: /Users/runner/hostedtoolcache/Python/3.9.16/x64
2022-12-27T02:56:29.9064780Z   Python2_ROOT_DIR: /Users/runner/hostedtoolcache/Python/3.9.16/x64
2022-12-27T02:56:29.9065210Z   Python3_ROOT_DIR: /Users/runner/hostedtoolcache/Python/3.9.16/x64
2022-12-27T02:56:29.9065530Z   CIBW_ARCHS_MACOS: arm64
2022-12-27T02:56:29.9065930Z   CIBW_TEST_SKIP: *_arm64
2022-12-27T02:56:29.9066260Z   CIBW_BUILD: cp39-macosx_arm64
2022-12-27T02:56:29.9066530Z   CIBW_BUILD_FRONTEND: pip
2022-12-27T02:56:29.9066850Z   CIBW_BUILD_VERBOSITY: 3
2022-12-27T02:56:29.9067510Z   CIBW_ENVIRONMENT_MACOS: GRPC_PYTHON_BUILD_WITH_CYTHON=1 GRPC_BUILD_WITH_BORING_SSL_ASM='' GRPC_PYTHON_BUILD_SYSTEM_OPENSSL=TRUE CFLAGS="-I/usr/local/opt/openssl@3/include" LDFLAGS="-L/usr/local/opt/openssl@3/lib" CPPFLAGS="-I/usr/local/opt/openssl@3/include" MAKEFLAGS="-j$(sysctl -n hw.logicalcpu)" PATH=/usr/local/opt/ccache/libexec:$PATH
2022-12-27T02:56:29.9068620Z   CIBW_BEFORE_BUILD: pip install Cython; if [[ -f requirements.txt ]]; then pip install -r requirements.txt; fi
2022-12-27T02:56:29.9069610Z   MAKEFLAGS: -j$(sysctl -n hw.logicalcpu)
2022-12-27T02:56:29.9069890Z ##[endgroup]
2022-12-27T02:56:32.2073120Z Requirement already satisfied: cibuildwheel==2.11.3 in /Users/runner/hostedtoolcache/Python/3.9.16/x64/lib/python3.9/site-packages (2.11.3)
2022-12-27T02:56:32.2472650Z Requirement already satisfied: bashlex!=0.13 in /Users/runner/hostedtoolcache/Python/3.9.16/x64/lib/python3.9/site-packages (from cibuildwheel==2.11.3) (0.16)
2022-12-27T02:56:32.2476550Z Requirement already satisfied: certifi in /Users/runner/hostedtoolcache/Python/3.9.16/x64/lib/python3.9/site-packages (from cibuildwheel==2.11.3) (2022.12.7)
2022-12-27T02:56:32.2489450Z Requirement already satisfied: typing-extensions>=4.1.0 in /Users/runner/hostedtoolcache/Python/3.9.16/x64/lib/python3.9/site-packages (from cibuildwheel==2.11.3) (4.4.0)
2022-12-27T02:56:32.2494800Z Requirement already satisfied: bracex in /Users/runner/hostedtoolcache/Python/3.9.16/x64/lib/python3.9/site-packages (from cibuildwheel==2.11.3) (2.3.post1)
2022-12-27T02:56:32.2499130Z Requirement already satisfied: filelock in /Users/runner/hostedtoolcache/Python/3.9.16/x64/lib/python3.9/site-packages (from cibuildwheel==2.11.3) (3.8.2)
2022-12-27T02:56:32.2504880Z Requirement already satisfied: platformdirs in /Users/runner/hostedtoolcache/Python/3.9.16/x64/lib/python3.9/site-packages (from cibuildwheel==2.11.3) (2.6.0)
2022-12-27T02:56:32.2511030Z Requirement already satisfied: packaging>=20.9 in /Users/runner/hostedtoolcache/Python/3.9.16/x64/lib/python3.9/site-packages (from cibuildwheel==2.11.3) (22.0)
2022-12-27T02:56:32.2519970Z Requirement already satisfied: tomli in /Users/runner/hostedtoolcache/Python/3.9.16/x64/lib/python3.9/site-packages (from cibuildwheel==2.11.3) (2.0.1)
2022-12-27T02:56:32.5648580Z 
2022-12-27T02:56:32.5649770Z      _ _       _ _   _       _           _
2022-12-27T02:56:32.5650900Z  ___|_| |_ _ _|_| |_| |_ _ _| |_ ___ ___| |
2022-12-27T02:56:32.5653740Z |  _| | . | | | | | . | | | |   | -_| -_| |
2022-12-27T02:56:32.5654470Z |___|_|___|___|_|_|___|_____|_|_|___|___|_|
2022-12-27T02:56:32.5654780Z 
2022-12-27T02:56:32.5654970Z cibuildwheel version 2.11.3
2022-12-27T02:56:32.5655290Z 
2022-12-27T02:56:32.5655380Z Build options:
2022-12-27T02:56:32.5656140Z   platform: macos
2022-12-27T02:56:32.5900440Z   architectures: arm64[0m
2022-12-27T02:56:32.5901380Z   build_selector: 
2022-12-27T02:56:32.5903780Z     build_config: cp39-macosx_arm64
2022-12-27T02:56:32.5907250Z     skip_config: 
2022-12-27T02:56:32.5908420Z     requires_python: None
2022-12-27T02:56:32.5909950Z     prerelease_pythons: False[0m
2022-12-27T02:56:32.5911420Z   [38;5;244mcontainer_engine: docker[0m
2022-12-27T02:56:32.5912800Z   output_dir: /Users/runner/actions-runner/_work/python.build/python.build/build_grpcio18139/wheelsout[0m
2022-12-27T02:56:32.5914150Z   package_dir: /Users/runner/actions-runner/_work/python.build/python.build/build_grpcio18139/grpcio-1.8.1[0m
2022-12-27T02:56:32.5914760Z   test_selector: 
2022-12-27T02:56:32.5915550Z     skip_config: *_arm64[0m
2022-12-27T02:56:32.5916050Z   [38;5;244mbefore_all: [0m
2022-12-27T02:56:32.5916810Z   before_build: pip install Cython; if [[ -f requirements.txt ]]; then pip install -r requirements.txt; fi[0m
2022-12-27T02:56:32.5917510Z   [38;5;244mbefore_test: [0m
2022-12-27T02:56:32.5917940Z   [38;5;244mbuild_frontend: pip[0m
2022-12-27T02:56:32.5918280Z   build_verbosity: 3[0m
2022-12-27T02:56:32.5918680Z   [38;5;244mconfig_settings: [0m
2022-12-27T02:56:32.5919350Z   [38;5;244mdependency_constraints: pinned[0m
2022-12-27T02:56:32.5919650Z   environment: 
2022-12-27T02:56:32.5920000Z     GRPC_PYTHON_BUILD_WITH_CYTHON=1
2022-12-27T02:56:32.5920410Z     GRPC_BUILD_WITH_BORING_SSL_ASM=''
2022-12-27T02:56:32.5920720Z     GRPC_PYTHON_BUILD_SYSTEM_OPENSSL=TRUE
2022-12-27T02:56:32.5921990Z     CFLAGS="-I/usr/local/opt/openssl@3/include"
2022-12-27T02:56:32.5922510Z     LDFLAGS="-L/usr/local/opt/openssl@3/lib"
2022-12-27T02:56:32.5922950Z     CPPFLAGS="-I/usr/local/opt/openssl@3/include"
2022-12-27T02:56:32.5923540Z     MAKEFLAGS="-j$(sysctl -n hw.logicalcpu)"
2022-12-27T02:56:32.5924120Z     PATH=/usr/local/opt/ccache/libexec:$PATH[0m
2022-12-27T02:56:32.5924740Z   [38;5;244mmanylinux_images: None[0m
2022-12-27T02:56:32.5925090Z   [38;5;244mmusllinux_images: None[0m
2022-12-27T02:56:32.5925630Z   [38;5;244mrepair_command: delocate-wheel --require-archs {delocate_archs} -w {dest_dir} -v {wheel}[0m
2022-12-27T02:56:32.5926120Z   [38;5;244mtest_command: [0m
2022-12-27T02:56:32.5926440Z   [38;5;244mtest_extras: [0m
2022-12-27T02:56:32.5927020Z   [38;5;244mtest_requires: [0m
2022-12-27T02:56:32.5927230Z 
2022-12-27T02:56:32.5927420Z Cache folder: /Users/runner/Library/Caches/cibuildwheel
2022-12-27T02:56:32.5951490Z 
2022-12-27T02:56:32.5953260Z Here we go!
2022-12-27T02:56:32.5953680Z 
2022-12-27T02:56:32.6061520Z 
2022-12-27T02:56:32.6063040Z [1m[34mBuilding cp39-macosx_arm64 wheel[0m
2022-12-27T02:56:32.6064060Z CPython 3.9 macOS arm64 - Apple Silicon
2022-12-27T02:56:32.6064500Z 
2022-12-27T02:56:32.6067360Z ##[group]Installing Python cp39...
2022-12-27T02:56:32.6067820Z 
2022-12-27T02:56:32.6071660Z + pkgutil --pkgs
2022-12-27T02:56:32.6274740Z ##[endgroup]
2022-12-27T02:56:32.6277870Z                                                               [32m✓ [0m0.02s
2022-12-27T02:56:32.6279700Z ##[group]Setting up build environment...
2022-12-27T02:56:32.6280080Z 
2022-12-27T02:56:32.6310750Z + /Users/runner/hostedtoolcache/Python/3.9.16/x64/bin/python -sS /Users/runner/Library/Caches/cibuildwheel/virtualenv-20.17.0.pyz --activators= --no-periodic-update --pip=22.3.1 --setuptools=65.6.3 --wheel=0.38.4 --symlink-app-data --python /Library/Frameworks/Python.framework/Versions/3.9/bin/python3 /private/var/folders/51/hd414ycd67n82196sw51xqtc0000gn/T/cibw-run-mj8rgl1d/cp39-macosx_arm64/build/venv
2022-12-27T02:56:32.9278780Z created virtual environment CPython3.9.13.final.0-64 in 76ms
2022-12-27T02:56:32.9280140Z   creator CPython3Posix(dest=/private/var/folders/51/hd414ycd67n82196sw51xqtc0000gn/T/cibw-run-mj8rgl1d/cp39-macosx_arm64/build/venv, clear=False, no_vcs_ignore=False, global=False)
2022-12-27T02:56:32.9280890Z   seeder FromAppData(download=False, pip=22.3.1, setuptools=65.6.3, wheel=0.38.4, via=symlink, app_data_dir=/Users/runner/Library/Application Support/virtualenv)
2022-12-27T02:56:32.9281550Z     added seed packages: pip==22.3.1, setuptools==65.6.3, wheel==0.38.4
2022-12-27T02:56:32.9480310Z + python -m pip install --upgrade pip -c /Users/runner/hostedtoolcache/Python/3.9.16/x64/lib/python3.9/site-packages/cibuildwheel/resources/constraints-python39.txt
2022-12-27T02:56:33.4514550Z Requirement already satisfied: pip in ./lib/python3.9/site-packages (22.3.1)
2022-12-27T02:56:33.7254480Z + which pip
2022-12-27T02:56:33.7314960Z /private/var/folders/51/hd414ycd67n82196sw51xqtc0000gn/T/cibw-run-mj8rgl1d/cp39-macosx_arm64/build/venv/bin/pip
2022-12-27T02:56:33.7324810Z + pip --version
2022-12-27T02:56:34.1009100Z pip 22.3.1 from /private/var/folders/51/hd414ycd67n82196sw51xqtc0000gn/T/cibw-run-mj8rgl1d/cp39-macosx_arm64/build/venv/lib/python3.9/site-packages/pip (python 3.9)
2022-12-27T02:56:34.1460030Z + which pip
2022-12-27T02:56:34.1537230Z + which python
2022-12-27T02:56:34.1579920Z /private/var/folders/51/hd414ycd67n82196sw51xqtc0000gn/T/cibw-run-mj8rgl1d/cp39-macosx_arm64/build/venv/bin/python
2022-12-27T02:56:34.1583210Z + python --version
2022-12-27T02:56:34.1679300Z Python 3.9.13
2022-12-27T02:56:34.1685490Z + which python
2022-12-27T02:56:34.1779150Z ##[endgroup]
2022-12-27T02:56:34.1780000Z                                                               [32m✓ [0m1.55s
2022-12-27T02:56:34.1781070Z ##[group]Installing build tools...
2022-12-27T02:56:34.1781210Z 
2022-12-27T02:56:34.1781770Z + pip install --upgrade setuptools wheel delocate -c /Users/runner/hostedtoolcache/Python/3.9.16/x64/lib/python3.9/site-packages/cibuildwheel/resources/constraints-python39.txt
2022-12-27T02:56:34.6748730Z Requirement already satisfied: setuptools in /private/var/folders/51/hd414ycd67n82196sw51xqtc0000gn/T/cibw-run-mj8rgl1d/cp39-macosx_arm64/build/venv/lib/python3.9/site-packages (65.6.3)
2022-12-27T02:56:35.0877990Z Requirement already satisfied: wheel in /private/var/folders/51/hd414ycd67n82196sw51xqtc0000gn/T/cibw-run-mj8rgl1d/cp39-macosx_arm64/build/venv/lib/python3.9/site-packages (0.38.4)
2022-12-27T02:56:35.1781540Z Collecting delocate
2022-12-27T02:56:35.1848350Z   Using cached delocate-0.10.3-py3-none-any.whl (142 kB)
2022-12-27T02:56:35.2298610Z Collecting typing-extensions
2022-12-27T02:56:35.2358260Z   Using cached typing_extensions-4.4.0-py3-none-any.whl (26 kB)
2022-12-27T02:56:35.2904990Z Collecting packaging>=20.9
2022-12-27T02:56:35.2954060Z   Using cached packaging-21.3-py3-none-any.whl (40 kB)
2022-12-27T02:56:35.3737770Z Collecting pyparsing!=3.0.5,>=2.0.2
2022-12-27T02:56:35.3785840Z   Using cached pyparsing-3.0.9-py3-none-any.whl (98 kB)
2022-12-27T02:56:35.4449270Z Installing collected packages: typing-extensions, pyparsing, packaging, delocate
2022-12-27T02:56:35.6839320Z Successfully installed delocate-0.10.3 packaging-21.3 pyparsing-3.0.9 typing-extensions-4.4.0
2022-12-27T02:56:35.7858130Z ##[endgroup]
2022-12-27T02:56:35.7859450Z                                                               [32m✓ [0m1.61s
2022-12-27T02:56:35.7860490Z ##[group]Running before_build...
2022-12-27T02:56:35.7860800Z 
2022-12-27T02:56:35.7880640Z + pip install Cython; if [[ -f requirements.txt ]]; then pip install -r requirements.txt; fi
2022-12-27T02:56:37.0481700Z Collecting Cython
2022-12-27T02:56:37.0576020Z   Using cached Cython-0.29.32-py2.py3-none-any.whl (986 kB)
2022-12-27T02:56:37.1396230Z Installing collected packages: Cython
2022-12-27T02:56:37.9617210Z Successfully installed Cython-0.29.32
2022-12-27T02:56:39.3805360Z Collecting coverage>=4.0
2022-12-27T02:56:39.3867660Z   Using cached coverage-7.0.1-cp39-cp39-macosx_10_9_x86_64.whl (188 kB)
2022-12-27T02:56:39.4011580Z Requirement already satisfied: cython>=0.23 in /private/var/folders/51/hd414ycd67n82196sw51xqtc0000gn/T/cibw-run-mj8rgl1d/cp39-macosx_arm64/build/venv/lib/python3.9/site-packages (from -r requirements.txt (line 3)) (0.29.32)
2022-12-27T02:56:39.4281780Z Collecting enum34>=1.0.4
2022-12-27T02:56:39.4328470Z   Using cached enum34-1.1.10-py3-none-any.whl (11 kB)
2022-12-27T02:56:39.4642930Z Collecting futures>=2.2.0
2022-12-27T02:56:39.4645080Z   Using cached futures-3.0.5-py3-none-any.whl
2022-12-27T02:56:40.0664170Z Collecting protobuf>=3.5.0.post1
2022-12-27T02:56:40.0731280Z   Using cached protobuf-4.21.12-cp37-abi3-macosx_10_9_universal2.whl (486 kB)
2022-12-27T02:56:40.1112690Z Collecting six>=1.10
2022-12-27T02:56:40.1161970Z   Using cached six-1.16.0-py2.py3-none-any.whl (11 kB)
2022-12-27T02:56:40.1196350Z Requirement already satisfied: wheel>=0.29 in /private/var/folders/51/hd414ycd67n82196sw51xqtc0000gn/T/cibw-run-mj8rgl1d/cp39-macosx_arm64/build/venv/lib/python3.9/site-packages (from -r requirements.txt (line 8)) (0.38.4)
2022-12-27T02:56:40.1960620Z Installing collected packages: futures, enum34, six, protobuf, coverage
2022-12-27T02:56:40.7076230Z Successfully installed coverage-7.0.1 enum34-1.1.10 futures-3.0.5 protobuf-4.21.12 six-1.16.0
2022-12-27T02:56:40.8391680Z ##[endgroup]
2022-12-27T02:56:40.8393160Z                                                               [32m✓ [0m5.05s
2022-12-27T02:56:40.8394160Z ##[group]Building wheel...
2022-12-27T02:56:40.8394510Z 
2022-12-27T02:56:40.8400910Z + python -m pip wheel /Users/runner/actions-runner/_work/python.build/python.build/build_grpcio18139/grpcio-1.8.1 --wheel-dir=/private/var/folders/51/hd414ycd67n82196sw51xqtc0000gn/T/cibw-run-mj8rgl1d/cp39-macosx_arm64/built_wheel --no-deps -vvv
2022-12-27T02:56:41.3202800Z Created temporary directory: /private/var/folders/51/hd414ycd67n82196sw51xqtc0000gn/T/pip-ephem-wheel-cache-5dvyw1f5
2022-12-27T02:56:41.3208500Z Created temporary directory: /private/var/folders/51/hd414ycd67n82196sw51xqtc0000gn/T/pip-build-tracker-oj67wmlt
2022-12-27T02:56:41.3211510Z Initialized build tracking at /private/var/folders/51/hd414ycd67n82196sw51xqtc0000gn/T/pip-build-tracker-oj67wmlt
2022-12-27T02:56:41.3213270Z Created build tracker: /private/var/folders/51/hd414ycd67n82196sw51xqtc0000gn/T/pip-build-tracker-oj67wmlt
2022-12-27T02:56:41.3216150Z Entered build tracker: /private/var/folders/51/hd414ycd67n82196sw51xqtc0000gn/T/pip-build-tracker-oj67wmlt
2022-12-27T02:56:41.3223110Z Created temporary directory: /private/var/folders/51/hd414ycd67n82196sw51xqtc0000gn/T/pip-wheel-4twmg_ip
2022-12-27T02:56:41.3233690Z Created temporary directory: /private/var/folders/51/hd414ycd67n82196sw51xqtc0000gn/T/pip-ephem-wheel-cache-3clk46hw
2022-12-27T02:56:41.3540520Z Processing /Users/runner/actions-runner/_work/python.build/python.build/build_grpcio18139/grpcio-1.8.1
2022-12-27T02:56:41.3547020Z   Added file:///Users/runner/actions-runner/_work/python.build/python.build/build_grpcio18139/grpcio-1.8.1 to build tracker '/private/var/folders/51/hd414ycd67n82196sw51xqtc0000gn/T/pip-build-tracker-oj67wmlt'
2022-12-27T02:56:41.3552730Z   Running setup.py (path:/Users/runner/actions-runner/_work/python.build/python.build/build_grpcio18139/grpcio-1.8.1/setup.py) egg_info for package from file:///Users/runner/actions-runner/_work/python.build/python.build/build_grpcio18139/grpcio-1.8.1
2022-12-27T02:56:41.3559280Z   Created temporary directory: /private/var/folders/51/hd414ycd67n82196sw51xqtc0000gn/T/pip-pip-egg-info-b87pqr59
2022-12-27T02:56:41.3561730Z   Preparing metadata (setup.py): started
2022-12-27T02:56:41.3564610Z   Running command python setup.py egg_info
2022-12-27T02:56:42.1616430Z   /private/var/folders/51/hd414ycd67n82196sw51xqtc0000gn/T/cibw-run-mj8rgl1d/cp39-macosx_arm64/build/venv/lib/python3.9/site-packages/Cython/Compiler/Main.py:369: FutureWarning: Cython directive 'language_level' not set, using 2 for now (Py2). This will change in a later release! File: /Users/runner/actions-runner/_work/python.build/python.build/build_grpcio18139/grpcio-1.8.1/src/python/grpcio/grpc/_cython/cygrpc.pxd
2022-12-27T02:56:42.1619130Z     tree = Parsing.p_module(s, pxd, full_module_name)
2022-12-27T02:56:42.2875840Z   warning: src/python/grpcio/grpc/_cython/_cygrpc/grpc.pxi:136:13: 'GRPC_ARG_PRIMARY_USER_AGENT_STRING' redeclared
2022-12-27T02:56:44.2555170Z   Compiling src/python/grpcio/grpc/_cython/cygrpc.pyx because it depends on /private/var/folders/51/hd414ycd67n82196sw51xqtc0000gn/T/cibw-run-mj8rgl1d/cp39-macosx_arm64/build/venv/lib/python3.9/site-packages/Cython/Includes/libc/time.pxd.
2022-12-27T02:56:44.2561420Z   [1/1] Cythonizing src/python/grpcio/grpc/_cython/cygrpc.pyx
2022-12-27T02:56:44.2920050Z   running egg_info
2022-12-27T02:56:44.2928750Z   creating /private/var/folders/51/hd414ycd67n82196sw51xqtc0000gn/T/pip-pip-egg-info-b87pqr59/grpcio.egg-info
2022-12-27T02:56:44.2954840Z   writing /private/var/folders/51/hd414ycd67n82196sw51xqtc0000gn/T/pip-pip-egg-info-b87pqr59/grpcio.egg-info/PKG-INFO
2022-12-27T02:56:44.2967880Z   writing dependency_links to /private/var/folders/51/hd414ycd67n82196sw51xqtc0000gn/T/pip-pip-egg-info-b87pqr59/grpcio.egg-info/dependency_links.txt
2022-12-27T02:56:44.2973270Z   writing requirements to /private/var/folders/51/hd414ycd67n82196sw51xqtc0000gn/T/pip-pip-egg-info-b87pqr59/grpcio.egg-info/requires.txt
2022-12-27T02:56:44.2978820Z   writing top-level names to /private/var/folders/51/hd414ycd67n82196sw51xqtc0000gn/T/pip-pip-egg-info-b87pqr59/grpcio.egg-info/top_level.txt
2022-12-27T02:56:44.2984720Z   writing manifest file '/private/var/folders/51/hd414ycd67n82196sw51xqtc0000gn/T/pip-pip-egg-info-b87pqr59/grpcio.egg-info/SOURCES.txt'
2022-12-27T02:56:44.3088880Z   reading manifest file '/private/var/folders/51/hd414ycd67n82196sw51xqtc0000gn/T/pip-pip-egg-info-b87pqr59/grpcio.egg-info/SOURCES.txt'
2022-12-27T02:56:44.3090410Z   reading manifest template 'PYTHON-MANIFEST.in'
2022-12-27T02:56:44.3150280Z   warning: no files found matching '*.h' under directory 'src/python/grpcio/grpc'
2022-12-27T02:56:44.3289140Z   warning: no files found matching '*.python' under directory 'src/python/grpcio/grpc'
2022-12-27T02:56:44.3316300Z   warning: no previously-included files matching '*.so' found under directory 'src/python/grpcio/grpc/_cython'
2022-12-27T02:56:44.3318520Z   warning: no previously-included files matching '*.pyd' found under directory 'src/python/grpcio/grpc/_cython'
2022-12-27T02:56:44.4841210Z   warning: no files found matching 'src/python/grpcio/precompiled.py'
2022-12-27T02:56:44.5834790Z   writing manifest file '/private/var/folders/51/hd414ycd67n82196sw51xqtc0000gn/T/pip-pip-egg-info-b87pqr59/grpcio.egg-info/SOURCES.txt'
2022-12-27T02:56:44.7573090Z   Preparing metadata (setup.py): finished with status 'done'
2022-12-27T02:56:44.7616440Z   Source in /Users/runner/actions-runner/_work/python.build/python.build/build_grpcio18139/grpcio-1.8.1 has version 1.8.1, which satisfies requirement grpcio==1.8.1 from file:///Users/runner/actions-runner/_work/python.build/python.build/build_grpcio18139/grpcio-1.8.1
2022-12-27T02:56:44.7623590Z   Removed grpcio==1.8.1 from file:///Users/runner/actions-runner/_work/python.build/python.build/build_grpcio18139/grpcio-1.8.1 from build tracker '/private/var/folders/51/hd414ycd67n82196sw51xqtc0000gn/T/pip-build-tracker-oj67wmlt'
2022-12-27T02:56:44.7655040Z Created temporary directory: /private/var/folders/51/hd414ycd67n82196sw51xqtc0000gn/T/pip-unpack-0c5uveej
2022-12-27T02:56:44.7659810Z Building wheels for collected packages: grpcio
2022-12-27T02:56:44.7673270Z   Created temporary directory: /private/var/folders/51/hd414ycd67n82196sw51xqtc0000gn/T/pip-wheel-v8d01q5e
2022-12-27T02:56:44.7676820Z   Building wheel for grpcio (setup.py): started
2022-12-27T02:56:44.7680310Z   Destination directory: /private/var/folders/51/hd414ycd67n82196sw51xqtc0000gn/T/pip-wheel-v8d01q5e
2022-12-27T02:56:44.7684140Z   Running command python setup.py bdist_wheel
2022-12-27T02:56:45.5545620Z   running bdist_wheel
2022-12-27T02:56:45.5586970Z   running build
2022-12-27T02:56:45.5590730Z   running build_py
2022-12-27T02:56:45.5595340Z   running build_project_metadata
2022-12-27T02:56:45.5600050Z   creating python_build
2022-12-27T02:56:45.5603650Z   creating python_build/lib.macosx-11.0-arm64-cpython-39
2022-12-27T02:56:45.5606320Z   creating python_build/lib.macosx-11.0-arm64-cpython-39/grpc
2022-12-27T02:56:45.5610900Z   copying src/python/grpcio/grpc/_channel.py -> python_build/lib.macosx-11.0-arm64-cpython-39/grpc
2022-12-27T02:56:45.5614070Z   copying src/python/grpcio/grpc/_common.py -> python_build/lib.macosx-11.0-arm64-cpython-39/grpc
2022-12-27T02:56:45.5618400Z   copying src/python/grpcio/grpc/__init__.py -> python_build/lib.macosx-11.0-arm64-cpython-39/grpc
2022-12-27T02:56:45.5620880Z   copying src/python/grpcio/grpc/_utilities.py -> python_build/lib.macosx-11.0-arm64-cpython-39/grpc
2022-12-27T02:56:45.5631620Z   copying src/python/grpcio/grpc/_plugin_wrapping.py -> python_build/lib.macosx-11.0-arm64-cpython-39/grpc
2022-12-27T02:56:45.5633350Z   copying src/python/grpcio/grpc/_interceptor.py -> python_build/lib.macosx-11.0-arm64-cpython-39/grpc
2022-12-27T02:56:45.5636170Z   copying src/python/grpcio/grpc/_grpcio_metadata.py -> python_build/lib.macosx-11.0-arm64-cpython-39/grpc
2022-12-27T02:56:45.5639550Z   copying src/python/grpcio/grpc/_server.py -> python_build/lib.macosx-11.0-arm64-cpython-39/grpc
2022-12-27T02:56:45.5644660Z   copying src/python/grpcio/grpc/_auth.py -> python_build/lib.macosx-11.0-arm64-cpython-39/grpc
2022-12-27T02:56:45.5655150Z   creating python_build/lib.macosx-11.0-arm64-cpython-39/grpc/beta
2022-12-27T02:56:45.5661280Z   copying src/python/grpcio/grpc/beta/_server_adaptations.py -> python_build/lib.macosx-11.0-arm64-cpython-39/grpc/beta
2022-12-27T02:56:45.5663260Z   copying src/python/grpcio/grpc/beta/interfaces.py -> python_build/lib.macosx-11.0-arm64-cpython-39/grpc/beta
2022-12-27T02:56:45.5798930Z   copying src/python/grpcio/grpc/beta/_metadata.py -> python_build/lib.macosx-11.0-arm64-cpython-39/grpc/beta
2022-12-27T02:56:45.5802840Z   copying src/python/grpcio/grpc/beta/__init__.py -> python_build/lib.macosx-11.0-arm64-cpython-39/grpc/beta
2022-12-27T02:56:45.5805580Z   copying src/python/grpcio/grpc/beta/utilities.py -> python_build/lib.macosx-11.0-arm64-cpython-39/grpc/beta
2022-12-27T02:56:45.5808320Z   copying src/python/grpcio/grpc/beta/implementations.py -> python_build/lib.macosx-11.0-arm64-cpython-39/grpc/beta
2022-12-27T02:56:45.5809740Z   copying src/python/grpcio/grpc/beta/_client_adaptations.py -> python_build/lib.macosx-11.0-arm64-cpython-39/grpc/beta
2022-12-27T02:56:45.5810910Z   creating python_build/lib.macosx-11.0-arm64-cpython-39/grpc/framework
2022-12-27T02:56:45.5812120Z   copying src/python/grpcio/grpc/framework/__init__.py -> python_build/lib.macosx-11.0-arm64-cpython-39/grpc/framework
2022-12-27T02:56:45.5813470Z   creating python_build/lib.macosx-11.0-arm64-cpython-39/grpc/_cython
2022-12-27T02:56:45.5814540Z   copying src/python/grpcio/grpc/_cython/__init__.py -> python_build/lib.macosx-11.0-arm64-cpython-39/grpc/_cython
2022-12-27T02:56:45.5815740Z   creating python_build/lib.macosx-11.0-arm64-cpython-39/grpc/framework/foundation
2022-12-27T02:56:45.5817180Z   copying src/python/grpcio/grpc/framework/foundation/callable_util.py -> python_build/lib.macosx-11.0-arm64-cpython-39/grpc/framework/foundation
2022-12-27T02:56:45.5818630Z   copying src/python/grpcio/grpc/framework/foundation/abandonment.py -> python_build/lib.macosx-11.0-arm64-cpython-39/grpc/framework/foundation
2022-12-27T02:56:45.5819930Z   copying src/python/grpcio/grpc/framework/foundation/__init__.py -> python_build/lib.macosx-11.0-arm64-cpython-39/grpc/framework/foundation
2022-12-27T02:56:45.5821300Z   copying src/python/grpcio/grpc/framework/foundation/stream.py -> python_build/lib.macosx-11.0-arm64-cpython-39/grpc/framework/foundation
2022-12-27T02:56:45.5822660Z   copying src/python/grpcio/grpc/framework/foundation/stream_util.py -> python_build/lib.macosx-11.0-arm64-cpython-39/grpc/framework/foundation
2022-12-27T02:56:45.5824930Z   copying src/python/grpcio/grpc/framework/foundation/future.py -> python_build/lib.macosx-11.0-arm64-cpython-39/grpc/framework/foundation
2022-12-27T02:56:45.5826370Z   copying src/python/grpcio/grpc/framework/foundation/logging_pool.py -> python_build/lib.macosx-11.0-arm64-cpython-39/grpc/framework/foundation
2022-12-27T02:56:45.5827470Z   creating python_build/lib.macosx-11.0-arm64-cpython-39/grpc/framework/common
2022-12-27T02:56:45.5828410Z   copying src/python/grpcio/grpc/framework/common/style.py -> python_build/lib.macosx-11.0-arm64-cpython-39/grpc/framework/common
2022-12-27T02:56:45.5829300Z   copying src/python/grpcio/grpc/framework/common/cardinality.py -> python_build/lib.macosx-11.0-arm64-cpython-39/grpc/framework/common
2022-12-27T02:56:45.5829970Z   copying src/python/grpcio/grpc/framework/common/__init__.py -> python_build/lib.macosx-11.0-arm64-cpython-39/grpc/framework/common
2022-12-27T02:56:45.5830610Z   creating python_build/lib.macosx-11.0-arm64-cpython-39/grpc/framework/interfaces
2022-12-27T02:56:45.5831300Z   copying src/python/grpcio/grpc/framework/interfaces/__init__.py -> python_build/lib.macosx-11.0-arm64-cpython-39/grpc/framework/interfaces
2022-12-27T02:56:45.5831930Z   creating python_build/lib.macosx-11.0-arm64-cpython-39/grpc/framework/interfaces/face
2022-12-27T02:56:45.5832570Z   copying src/python/grpcio/grpc/framework/interfaces/face/__init__.py -> python_build/lib.macosx-11.0-arm64-cpython-39/grpc/framework/interfaces/face
2022-12-27T02:56:45.5833490Z   copying src/python/grpcio/grpc/framework/interfaces/face/utilities.py -> python_build/lib.macosx-11.0-arm64-cpython-39/grpc/framework/interfaces/face
2022-12-27T02:56:45.5834260Z   copying src/python/grpcio/grpc/framework/interfaces/face/face.py -> python_build/lib.macosx-11.0-arm64-cpython-39/grpc/framework/interfaces/face
2022-12-27T02:56:45.5834920Z   creating python_build/lib.macosx-11.0-arm64-cpython-39/grpc/framework/interfaces/base
2022-12-27T02:56:45.5835930Z   copying src/python/grpcio/grpc/framework/interfaces/base/__init__.py -> python_build/lib.macosx-11.0-arm64-cpython-39/grpc/framework/interfaces/base
2022-12-27T02:56:45.5836710Z   copying src/python/grpcio/grpc/framework/interfaces/base/utilities.py -> python_build/lib.macosx-11.0-arm64-cpython-39/grpc/framework/interfaces/base
2022-12-27T02:56:45.5837450Z   copying src/python/grpcio/grpc/framework/interfaces/base/base.py -> python_build/lib.macosx-11.0-arm64-cpython-39/grpc/framework/interfaces/base
2022-12-27T02:56:45.5838070Z   creating python_build/lib.macosx-11.0-arm64-cpython-39/grpc/_cython/_cygrpc
2022-12-27T02:56:45.5838650Z   copying src/python/grpcio/grpc/_cython/_cygrpc/__init__.py -> python_build/lib.macosx-11.0-arm64-cpython-39/grpc/_cython/_cygrpc
2022-12-27T02:56:45.5839260Z   creating python_build/lib.macosx-11.0-arm64-cpython-39/grpc/_cython/_credentials
2022-12-27T02:56:45.5840040Z   copying src/python/grpcio/grpc/_cython/_credentials/roots.pem -> python_build/lib.macosx-11.0-arm64-cpython-39/grpc/_cython/_credentials
2022-12-27T02:56:45.5877340Z   running build_ext
2022-12-27T02:56:53.6365270Z   b'[C]       Compiling third_party/cares/cares/ares__close_sockets.c\n[C]       Compiling third_party/cares/cares/ares__get_hostent.c\n[C]       Compiling third_party/cares/cares/ares__read_line.c\n[C]       Compiling third_party/cares/cares/ares__timeval.c\n[C]       Compiling third_party/cares/cares/ares_cancel.c\n[C]       Compiling third_party/cares/cares/ares_create_query.c\n[C]       Compiling third_party/cares/cares/ares_data.c\n[C]       Compiling third_party/cares/cares/ares_destroy.c\n[C]       Compiling third_party/cares/cares/ares_expand_name.c\n[C]       Compiling third_party/cares/cares/ares_expand_string.c\n[C]       Compiling third_party/cares/cares/ares_fds.c\n[C]       Compiling third_party/cares/cares/ares_free_hostent.c\n[C]       Compiling third_party/cares/cares/ares_free_string.c\n[C]       Compiling third_party/cares/cares/ares_getenv.c\n[C]       Compiling third_party/cares/cares/ares_gethostbyaddr.c\n[C]       Compiling third_party/cares/cares/ares_gethostbyname.c\n[C]       Compiling third_party/cares/cares/ares_getnameinfo.c\n[C]       Compiling third_party/cares/cares/ares_getopt.c\n[C]       Compiling third_party/cares/cares/ares_getsock.c\n[C]       Compiling third_party/cares/cares/ares_init.c\n[C]       Compiling third_party/cares/cares/ares_library_init.c\n[C]       Compiling third_party/cares/cares/ares_llist.c\n[C]       Compiling third_party/cares/cares/ares_mkquery.c\n[C]       Compiling third_party/cares/cares/ares_nowarn.c\n[C]       Compiling third_party/cares/cares/ares_options.c\n[C]       Compiling third_party/cares/cares/ares_parse_a_reply.c\n[C]       Compiling third_party/cares/cares/ares_parse_aaaa_reply.c\n[C]       Compiling third_party/cares/cares/ares_parse_mx_reply.c\n[C]       Compiling third_party/cares/cares/ares_parse_naptr_reply.c\n[C]       Compiling third_party/cares/cares/ares_parse_ns_reply.c\n[C]       Compiling third_party/cares/cares/ares_parse_ptr_reply.c\n[C]       Compiling third_party/cares/cares/ares_parse_soa_reply.c\n[C]       Compiling third_party/cares/cares/ares_parse_srv_reply.c\n[C]       Compiling third_party/cares/cares/ares_parse_txt_reply.c\n[C]       Compiling third_party/cares/cares/ares_platform.c\n[C]       Compiling third_party/cares/cares/ares_process.c\n[C]       Compiling third_party/cares/cares/ares_query.c\n[C]       Compiling third_party/cares/cares/ares_search.c\n[C]       Compiling third_party/cares/cares/ares_send.c\n[C]       Compiling third_party/cares/cares/ares_strcasecmp.c\n[C]       Compiling third_party/cares/cares/ares_strdup.c\n[C]       Compiling third_party/cares/cares/ares_strerror.c\n[C]       Compiling third_party/cares/cares/ares_timeout.c\n[C]       Compiling third_party/cares/cares/ares_version.c\n[C]       Compiling third_party/cares/cares/ares_writev.c\n[C]       Compiling third_party/cares/cares/bitncmp.c\n[C]       Compiling third_party/cares/cares/inet_net_pton.c\n[C]       Compiling third_party/cares/cares/inet_ntop.c\n[C]       Compiling third_party/cares/cares/windows_port.c\n[C]       Compiling third_party/zlib/adler32.c\n[C]       Compiling third_party/zlib/compress.c\n[C]       Compiling third_party/zlib/crc32.c\n[C]       Compiling third_party/zlib/gzread.c\n[C]       Compiling third_party/zlib/deflate.c\n[C]       Compiling third_party/zlib/gzclose.c\n[C]       Compiling third_party/zlib/gzlib.c\n[C]       Compiling third_party/zlib/gzwrite.c\n[C]       Compiling third_party/zlib/inffast.c\n[C]       Compiling third_party/zlib/infback.c\n[C]       Compiling third_party/zlib/inftrees.c\n[C]       Compiling third_party/zlib/inflate.c\n[C]       Compiling third_party/zlib/trees.c\n[C]       Compiling third_party/zlib/uncompr.c\n[C]       Compiling third_party/zlib/zutil.c\n[C]       Compiling src/boringssl/err_data.c\n[C]       Compiling third_party/boringssl/crypto/aes/aes.c\n[C]       Compiling third_party/boringssl/crypto/aes/key_wrap.c\n[C]       Compiling third_party/boringssl/crypto/aes/mode_wrappers.c\n[C]       Compiling third_party/boringssl/crypto/asn1/a_bitstr.c\n[C]       Compiling third_party/boringssl/crypto/asn1/a_bool.c\n[C]       Compiling third_party/boringssl/crypto/asn1/a_dup.c\n[C]       Compiling third_party/boringssl/crypto/asn1/a_d2i_fp.c\n[C]       Compiling third_party/boringssl/crypto/asn1/a_enum.c\n[C]       Compiling third_party/boringssl/crypto/asn1/a_gentm.c\n[C]       Compiling third_party/boringssl/crypto/asn1/a_int.c\n[C]       Compiling third_party/boringssl/crypto/asn1/a_i2d_fp.c\n[C]       Compiling third_party/boringssl/crypto/asn1/a_object.c\n[C]       Compiling third_party/boringssl/crypto/asn1/a_mbstr.c\n[C]       Compiling third_party/boringssl/crypto/asn1/a_octet.c\n[C]       Compiling third_party/boringssl/crypto/asn1/a_print.c\n'
2022-12-27T02:56:53.6677900Z   b"make: Circular /Users/runner/actions-runner/_work/python.build/python.build/build_grpcio18139/grpcio-1.8.1/libs/opt/libares.a <- /Users/runner/actions-runner/_work/python.build/python.build/build_grpcio18139/grpcio-1.8.1/libs/opt/libz.a dependency dropped.\nIn file included from src/boringssl/err_data.c:17:\nthird_party/boringssl/include/openssl/base.h:133:9: error: 'OPENSSL_VERSION_NUMBER' macro redefined [-Werror,-Wmacro-redefined]\n#define OPENSSL_VERSION_NUMBER 0x100020af\n        ^\n/usr/local/opt/openssl@3/include/openssl/opensslv.h:99:10: note: previous definition is here\n# define OPENSSL_VERSION_NUMBER          \\\n         ^\nIn file included from src/boringssl/err_data.c:18:\nIn file included from /usr/local/opt/openssl@3/include/openssl/err.h:21:\n/usr/local/opt/openssl@3/include/openssl/e_os2.h:183:11: error: 'OPENSSL_EXPORT' macro redefined [-Werror,-Wmacro-redefined]\n#  define OPENSSL_EXPORT extern\n          ^\nthird_party/boringssl/include/openssl/base.h:168:9: note: previous definition is here\n#define OPENSSL_EXPORT\n        ^\nIn file included from third_party/boringssl/crypto/aes/aes.c:54:\nIn file included from third_party/boringssl/include/openssl/cpu.h:64:\nthird_party/boringssl/include/openssl/base.h:133:9: error: 'OPENSSL_VERSION_NUMBER' macro redefined [-Werror,-Wmacro-redefined]\n#define OPENSSL_VERSION_NUMBER 0x100020af\n        ^\n/usr/local/opt/openssl@3/include/openssl/opensslv.h:99:10: note: previous definition is here\n# define OPENSSL_VERSION_NUMBER          \\\n         ^\nIn file included from third_party/boringssl/crypto/aes/mode_wrappers.c:53:\nIn file included from third_party/boringssl/crypto/aes/../modes/internal.h:52:\nthird_party/boringssl/include/openssl/base.h:133:9: error: 'OPENSSL_VERSION_NUMBER' macro redefined [-Werror,-Wmacro-redefined]\n#define OPENSSL_VERSION_NUMBER 0x100020af\n        ^\n/usr/local/opt/openssl@3/include/openssl/opensslv.h:99:10: note: previous definition is here\n# define OPENSSL_VERSION_NUMBER          \\\n         ^\nthird_party/boringssl/crypto/aes/aes.c:537:5: error: conflicting types for 'AES_set_encrypt_key'\nint AES_set_encrypt_key(const uint8_t *key, unsigned bits, AES_KEY *aeskey) {\n    ^\n/usr/local/opt/openssl@3/include/openssl/aes.h:51:5: note: previous declaration is here\nint AES_set_encrypt_key(const unsigned char *userKey, const int bits,\n    ^\nthird_party/boringssl/crypto/aes/aes.c:632:5: error: conflicting types for 'AES_set_decrypt_key'\nint AES_set_decrypt_key(const uint8_t *key, unsigned bits, AES_KEY *aeskey) {\n    ^\n/usr/local/opt/openssl@3/include/openssl/aes.h:54:5: note: previous declaration is here\nint AES_set_decrypt_key(const unsigned char *userKey, const int bits,\n    ^\nthird_party/boringssl/crypto/aes/aes.c:638:12: error: 'AES_set_encrypt_key' is deprecated [-Werror,-Wdeprecated-declarations]\n  status = AES_set_encrypt_key(key, bits, aeskey);\n           ^\n/usr/local/opt/openssl@3/include/openssl/aes.h:50:1: note: 'AES_set_encrypt_key' has been explicitly marked deprecated here\nOSSL_DEPRECATEDIN_3_0\n^\n/usr/local/opt/openssl@3/include/openssl/macros.h:182:49: note: expanded from macro 'OSSL_DEPRECATEDIN_3_0'\n#   define OSSL_DEPRECATEDIN_3_0                OSSL_DEPRECATED(3.0)\n                                                ^\n/usr/local/opt/openssl@3/include/openssl/macros.h:62:52: note: expanded from macro 'OSSL_DEPRECATED'\n#     define OSSL_DEPRECATED(since) __attribute__((deprecated))\n                                                   ^\nIn file included from src/boringssl/err_data.c:18:\nIn file included from /usr/local/opt/openssl@3/include/openssl/err.h:28:\nIn file included from /usr/local/opt/openssl@3/include/openssl/types.h:21:\n/usr/local/opt/openssl@3/include/openssl/safestack.h:264:15: error: redefinition of typedef 'OPENSSL_BLOCK' is a C11 feature [-Werror,-Wtypedef-redefinition]\ntypedef void *OPENSSL_BLOCK;\n              ^\nthird_party/boringssl/include/openssl/base.h:322:15: note: previous definition is here\ntypedef void *OPENSSL_BLOCK;\n              ^\nIn file included from src/boringssl/err_data.c:18:\nIn file included from /usr/local/opt/openssl@3/include/openssl/err.h:28:\n/usr/local/opt/openssl@3/include/openssl/types.h:45:31: error: redefinition of typedef 'ASN1_INTEGER' is a C11 feature [-Werror,-Wtypedef-redefinition]\ntypedef struct asn1_string_st ASN1_INTEGER;\n                              ^\nthird_party/boringssl/include/openssl/base.h:215:31:In file included from third_party/boringssl/crypto/aes/mode_wrappers.c:53:\nIn file included from third_party/boringssl/crypto/aes/../modes/internal.h:56:\nIn file included from third_party/boringssl/crypto/aes/../modes/../internal.h:112:\nthird_party/boringssl/include/openssl/ex_data.h note:: previous definition is here205:3: error: type name requires a specifier or qualifier\n  STACK_OF(void) *sk;\n  ^\n\ntypedef struct asn1_string_st ASN1_INTEGER;\n                              ^\nIn file included from src/boringssl/err_data.c:18:\nIn file included from /usr/local/opt/openssl@3/include/openssl/err.h:28:\n/usr/local/opt/openssl@3/include/openssl/types.h:46:31: error: redefinition of typedef 'ASN1_ENUMERATED' is a C11 feature [-Werror,-Wtypedef-redefinition]\ntypedef struct asn1_string_st ASN1_ENUMERATED;\n                              ^\nthird_party/boringssl/include/openssl/base.h:211:third_party/boringssl/include/openssl/ex_data.h:205:17: error: expected ';' at end of declaration list\n  STACK_OF(void) *sk;\n                ^\n                ;\n31: note: previous definition is here\ntypedef struct asn1_string_st ASN1_ENUMERATED;\n                              ^\nIn file included from src/boringssl/err_data.c:18:\nIn file included from /usr/local/opt/openssl@3/include/openssl/err.h:28:\n/usr/local/opt/openssl@3/include/openssl/types.h:47:31: error: redefinition of typedef 'ASN1_BIT_STRING' is a C11 feature [-Werror,-Wtypedef-redefinition]\ntypedef struct asn1_string_st ASN1_BIT_STRING;\n                              ^\nthird_party/boringssl/include/openssl/base.h:209:31: note: previous definition is here\ntypedef struct asn1_string_st ASN1_BIT_STRING;\n                              ^\nIn file included from src/boringssl/err_data.c:18:\nIn file included from /usr/local/opt/openssl@3/include/openssl/err.h:28:\n/usr/local/opt/openssl@3/include/openssl/types.h:48:31: error: redefinition of typedef 'ASN1_OCTET_STRING' is a C11 feature [-Werror,-Wtypedef-redefinition]\ntypedef struct asn1_string_st ASN1_OCTET_STRING;\n                              ^\nthird_party/boringssl/include/openssl/base.h:216:31: note: previous definition is here\ntypedef struct asn1_string_st ASN1_OCTET_STRING;\n                              ^\nIn file included from src/boringssl/err_data.c:18:\nIn file included from /usr/local/opt/openssl@3/include/openssl/err.h:28:\n/usr/local/opt/openssl@3/include/openssl/types.h:49:31: error: redefinition of typedef 'ASN1_PRINTABLESTRING' is a C11 feature [-Werror,-Wtypedef-redefinition]\ntypedef struct asn1_string_st ASN1_PRINTABLESTRING;\n                              ^\nthird_party/boringssl/include/openssl/base.h:217:31: note: previous definition is here\ntypedef struct asn1_string_st ASN1_PRINTABLESTRING;\n                              ^\nIn file included from src/boringssl/err_data.c:18:\nIn file included from /usr/local/opt/openssl@3/include/openssl/err.h:28:\n/usr/local/opt/openssl@3/include/openssl/types.h:50:31: error: redefinition of typedef 'ASN1_T61STRING' is a C11 feature [-Werror,-Wtypedef-redefinition]\ntypedef struct asn1_string_st ASN1_T61STRING;\n                              ^\nthird_party/boringssl/include/openssl/base.h:219:31: note: previous definition is here\ntypedef struct asn1_string_st ASN1_T61STRING;\n                              ^\nIn file included from src/boringssl/err_data.c:18:\nIn file included from /usr/local/opt/openssl@3/include/openssl/err.h:28:\n/usr/local/opt/openssl@3/include/openssl/types.h:51:31: error: redefinition of typedef 'ASN1_IA5STRING' is a C11 feature [-Werror,-Wtypedef-redefinition]\ntypedef struct asn1_string_st ASN1_IA5STRING;\n                              ^\nthird_party/boringssl/include/openssl/base.h:214:31: note: previous definition is here\ntypedef struct asn1_string_st ASN1_IA5STRING;\n                              ^\nIn file included from src/boringssl/err_data.c:18:\nIn file included from /usr/local/opt/openssl@3/include/openssl/err.h:28:\n/usr/local/opt/openssl@3/include/openssl/types.h:52:31: error: redefinition of typedef 'ASN1_GENERALSTRING' is a C11 feature [-Werror,-Wtypedef-redefinition]\ntypedef struct asn1_string_st ASN1_GENERALSTRING;\n                              ^\nthird_party/boringssl/include/openssl/base.h:213:31: note: previous definition is here\ntypedef struct asn1_string_st ASN1_GENERALSTRING;\n                              ^4\n errors generated.\nIn file included from src/boringssl/err_data.c:18:\nIn file included from /usr/local/opt/openssl@3/include/openssl/err.h:28:\n/usr/local/opt/openssl@3/include/openssl/types.h:53:31: error: redefinition of typedef 'ASN1_UNIVERSALSTRING' is a C11 feature [-Werror,-Wtypedef-redefinition]\ntypedef struct asn1_string_st ASN1_UNIVERSALSTRING;\n                              ^\nthird_party/boringssl/include/openssl/base.h:221:31: note: previous definition is here\ntypedef struct asn1_string_st ASN1_UNIVERSALSTRING;\n                              ^\nIn file included from src/boringssl/err_data.c:18:\nIn file included from /usr/local/opt/openssl@3/include/openssl/err.h:28:\n/usr/local/opt/openssl@3/include/openssl/types.h:54:31: error: redefinition of typedef 'ASN1_BMPSTRING' is a C11 feature [-Werror,-Wtypedef-redefinition]\ntypedef struct asn1_string_st ASN1_BMPSTRING;\n                              ^\nthird_party/boringssl/include/openssl/base.h:210:31: note: previous definition is here\ntypedef struct asn1_string_st ASN1_BMPSTRING;\n                              ^\nIn file included from src/boringssl/err_data.c:18:\nIn file included from /usr/local/opt/openssl@3/include/openssl/err.h:28:\n/usr/local/opt/openssl@3/include/openssl/types.h:55:31: error: redefinition of typedef 'ASN1_UTCTIME' is a C11 feature [-Werror,-Wtypedef-redefinition]\ntypedef struct asn1_string_st ASN1_UTCTIME;\n                              ^\nthird_party/boringssl/include/openssl/base.h:222:31: note: previous definition is here\ntypedef struct asn1_string_st ASN1_UTCTIME;\n                              ^\nIn file included from src/boringssl/err_data.c:18:\nIn file included from /usr/local/opt/openssl@3/include/openssl/err.h:28:\n/usr/local/opt/openssl@3/include/openssl/types.h:56:31: error: redefinition of typedef 'ASN1_TIME' is a C11 feature [-Werror,-Wtypedef-redefinition]\ntypedef struct asn1_string_st ASN1_TIME;\n                              ^\nthird_party/boringssl/include/openssl/base.h:220:31: note: previous definition is here\ntypedef struct asn1_string_st ASN1_TIME;\n                              ^\nIn file included from src/boringssl/err_data.c:18:\nIn file included from /usr/local/opt/openssl@3/include/openssl/err.h:28:\n/usr/local/opt/openssl@3/include/openssl/types.h:57:31: error: redefinition of typedef 'ASN1_GENERALIZEDTIME' is a C11 feature [-Werror,-Wtypedef-redefinition]\ntypedef struct asn1_string_st ASN1_GENERALIZEDTIME;\n                              ^\nthird_party/boringssl/include/openssl/base.h:212:31: note: previous definition is here\ntypedef struct asn1_string_st ASN1_GENERALIZEDTIME;\n                              ^\nIn file included from src/boringssl/err_data.c:18:\nIn file included from /usr/local/opt/openssl@3/include/openssl/err.h:28:\n/usr/local/opt/openssl@3/include/openssl/types.h:58:31: error: redefinition of typedef 'ASN1_VISIBLESTRING' is a C11 feature [-Werror,-Wtypedef-redefinition]\ntypedef struct asn1_string_st ASN1_VISIBLESTRING;\n                              ^\nthird_party/boringssl/include/openssl/base.h:224:31: note: previous definition is here\ntypedef struct asn1_string_st ASN1_VISIBLESTRING;\n                              ^\nIn file included from src/boringssl/err_data.c:18:\nIn file included from /usr/local/opt/openssl@3/include/openssl/err.h:28:\n/usr/local/opt/openssl@3/include/openssl/types.h:59:31: error: redefinition of typedef 'ASN1_UTF8STRING' is a C11 feature [-Werror,-Wtypedef-redefinition]\ntypedef struct asn1_string_st ASN1_UTF8STRING;\n                              ^\nthird_party/boringssl/include/openssl/base.h:223:31: note: previous definition is here\ntypedef struct asn1_string_st ASN1_UTF8STRING;\n                              ^\nIn file included from src/boringssl/err_data.c:18:\nIn file included from /usr/local/opt/openssl@3/include/openssl/err.h:28:\n/usr/local/opt/openssl@3/include/openssl/types.h:60:31: error: redefinition of typedef 'ASN1_STRING' is a C11 feature [-Werror,-Wtypedef-redefinition]\ntypedef struct asn1_string_st ASN1_STRING;\n                              ^\nthird_party/boringssl/include/openssl/base.h:218:31: note: previous definition is here\ntypedef struct asn1_string_st ASN1_STRING;\n                              ^\nfatal error: too many errors emitted, stopping now [-ferror-limit=]\nmake: *** [/Users/runner/actions-runner/_work/python.build/python.build/build_grpcio18139/grpcio-1.8.1/objs/opt/third_party/boringssl/crypto/aes/aes.o] Error 1\nmake: *** Waiting for unfinished jobs....\nIn file included from third_party/boringssl/crypto/aes/mode_wrappers.c:53:\nIn file included from third_party/boringssl/crypto/aes/../modes/internal.h:56:\nthird_party/boringssl/crypto/aes/../modes/../internal.h:481:3: error: type name requires a specifier or qualifier\n  STACK_OF(CRYPTO_EX_DATA_FUNCS) *meth;\n  ^\nthird_party/boringssl/crypto/aes/../modes/../internal.h:481:33: error: expected ';' at end of declaration list\n  STACK_OF(CRYPTO_EX_DATA_FUNCS) *meth;\n                                ^\n                                ;\nthird_party/boringssl/crypto/aes/mode_wrappers.c:60:37: error: 'AES_encrypt' is deprecated [-Werror,-Wdeprecated-declarations]\n                        (block128_f)AES_encrypt);\n                                    ^\n/usr/local/opt/openssl@3/include/openssl/aes.h:56:1: note: 'AES_encrypt' has been explicitly marked deprecated here\nOSSL_DEPRECATEDIN_3_0\n^\n/usr/local/opt/openssl@3/include/openssl/macros.h:182:49: note: expanded from macro 'OSSL_DEPRECATEDIN_3_0'\n#   define OSSL_DEPRECATEDIN_3_0                OSSL_DEPRECATED(3.0)\n                                                ^\n/usr/local/opt/openssl@3/include/openssl/macros.h:62:52: note: expanded from macro 'OSSL_DEPRECATED'\n#     define OSSL_DEPRECATED(since) __attribute__((deprecated))\n                                                   ^\n6 errors generated.\nmake: *** [/Users/runner/actions-runner/_work/python.build/python.build/build_grpcio18139/grpcio-1.8.1/objs/opt/third_party/boringssl/crypto/aes/mode_wrappers.o] Error 1\n20 errors generated.\nIn file included from third_party/boringssl/crypto/aes/key_wrap.c:54:\nIn file included from third_party/boringssl/include/openssl/mem.h:60:\nthird_party/boringssl/include/openssl/base.h:133:9: error: 'OPENSSL_VERSION_NUMBER' macro redefined [-Werror,-Wmacro-redefined]\n#define OPENSSL_VERSION_NUMBER 0x100020af\n        ^\n/usr/local/opt/openssl@3/include/openssl/opensslv.h:99:10: note: previous definition is here\n# define OPENSSL_VERSION_NUMBER          \\\n         ^\nmake: *** [/Users/runner/actions-runner/_work/python.build/python.build/build_grpcio18139/grpcio-1.8.1/objs/opt/src/boringssl/err_data.o] Error 1\nIn file included from third_party/boringssl/crypto/aes/key_wrap.c:56:\nIn file included from third_party/boringssl/crypto/aes/../internal.h:112:\nthird_party/boringssl/include/openssl/ex_data.h:205:3: error: type name requires a specifier or qualifier\n  STACK_OF(void) *sk;\n  ^\nthird_party/boringssl/include/openssl/ex_data.h:205:17: error: expected ';' at end of declaration list\n  STACK_OF(void) *sk;\n                ^\n                ;\nIn file included from third_party/boringssl/crypto/aes/key_wrap.c:56:\nthird_party/boringssl/crypto/aes/../internal.h:481:3: error: type name requires a specifier or qualifier\n  STACK_OF(CRYPTO_EX_DATA_FUNCS) *meth;\n  ^\nthird_party/boringssl/crypto/aes/../internal.h:481:33: error: expected ';' at end of declaration list\n  STACK_OF(CRYPTO_EX_DATA_FUNCS) *meth;\n                                ^\n                                ;\nthird_party/boringssl/crypto/aes/key_wrap.c:66:5: error: conflicting types for 'AES_wrap_key'\nint AES_wrap_key(const AES_KEY *key, const uint8_t *iv, uint8_t *out,\n    ^\n/usr/local/opt/openssl@3/include/openssl/aes.h:97:5: note: previous declaration is here\nint AES_wrap_key(AES_KEY *key, const unsigned char *iv,\n    ^\nthird_party/boringssl/crypto/aes/key_wrap.c:87:7: error: 'AES_encrypt' is deprecated [-Werror,-Wdeprecated-declarations]\n      AES_encrypt(A, A, key);\n      ^\n/usr/local/opt/openssl@3/include/openssl/aes.h:56:1: note: 'AES_encrypt' has been explicitly marked deprecated here\nOSSL_DEPRECATEDIN_3_0\n^\n/usr/local/opt/openssl@3/include/openssl/macros.h:182:49: note: expanded from macro 'OSSL_DEPRECATEDIN_3_0'\n#   define OSSL_DEPRECATEDIN_3_0                OSSL_DEPRECATED(3.0)\n                                                ^\n/usr/local/opt/openssl@3/include/openssl/macros.h:62:52: note: expanded from macro 'OSSL_DEPRECATED'\n#     define OSSL_DEPRECATED(since) __attribute__((deprecated))\n                                                   ^\nthird_party/boringssl/crypto/aes/key_wrap.c:102:5: error: conflicting types for 'AES_unwrap_key'\nint AES_unwrap_key(const AES_KEY *key, const uint8_t *iv, uint8_t *out,\n    ^\n/usr/local/opt/openssl@3/include/openssl/aes.h:101:5: note: previous declaration is here\nint AES_unwrap_key(AES_KEY *key, const unsigned char *iv,\n    ^\nthird_party/boringssl/crypto/aes/key_wrap.c:128:7: error: 'AES_decrypt' is deprecated [-Werror,-Wdeprecated-declarations]\n      AES_decrypt(A, A, key);\n      ^\n/usr/local/opt/openssl@3/include/openssl/aes.h:59:1: note: 'AES_decrypt' has been explicitly marked deprecated here\nOSSL_DEPRECATEDIN_3_0\n^\n/usr/local/opt/openssl@3/include/openssl/macros.h:182:49: note: expanded from macro 'OSSL_DEPRECATEDIN_3_0'\n#   define OSSL_DEPRECATEDIN_3_0                OSSL_DEPRECATED(3.0)\n                                                ^\n/usr/local/opt/openssl@3/include/openssl/macros.h:62:52: note: expanded from macro 'OSSL_DEPRECATED'\n#     define OSSL_DEPRECATED(since) __attribute__((deprecated))\n                                                   ^\n9 errors generated.\nmake: *** [/Users/runner/actions-runner/_work/python.build/python.build/build_grpcio18139/grpcio-1.8.1/objs/opt/third_party/boringssl/crypto/aes/key_wrap.o] Error 1\nIn file included from third_party/boringssl/crypto/asn1/a_bool.c:60:\nIn file included from third_party/boringssl/include/openssl/mem.h:60:\nthird_party/boringssl/include/openssl/base.h:133:9: error: 'OPENSSL_VERSION_NUMBER' macro redefined [-Werror,-Wmacro-redefined]\n#define OPENSSL_VERSION_NUMBER 0x100020af\n        ^\n/usr/local/opt/openssl@3/include/openssl/opensslv.h:99:10: note: previous definition is here\n# define OPENSSL_VERSION_NUMBER          \\\n         ^\nIn file included from third_party/boringssl/crypto/asn1/a_bool.c:60:\nIn file included from third_party/boringssl/include/openssl/mem.h:60:\nthird_party/boringssl/include/openssl/base.h:168:9: error: 'OPENSSL_EXPORT' macro redefined [-Werror,-Wmacro-redefined]\n#define OPENSSL_EXPORT\n        ^\n/usr/local/opt/openssl@3/include/openssl/e_os2.h:183:11: note: previous definition is here\n#  define OPENSSL_EXPORT extern\n          ^\nIn file included from third_party/boringssl/crypto/asn1/a_bool.c:60:\nIn file included from third_party/boringssl/include/openssl/mem.h:60:\nthird_party/boringssl/include/openssl/base.h:202:13: error: typedef redefinition with different types ('int' vs 'struct crypto_threadid_st')\ntypedef int CRYPTO_THREADID;\n            ^\n/usr/local/opt/openssl@3/include/openssl/crypto.h:308:3: note: previous definition is here\n} CRYPTO_THREADID;\n  ^\nIn file included from third_party/boringssl/crypto/asn1/a_bool.c:60:\nIn file included from third_party/boringssl/include/openssl/mem.h:60:\nthird_party/boringssl/include/openssl/base.h:204:13: error: redefinition of typedef 'ASN1_BOOLEAN' is a C11 feature [-Werror,-Wtypedef-redefinition]\ntypedef int ASN1_BOOLEAN;\n            ^\n/usr/local/opt/openssl@3/include/openssl/types.h:61:13: note: previous definition is here\ntypedef int ASN1_BOOLEAN;\n            ^\nIn file included from third_party/boringssl/crypto/asn1/a_bool.c:60:\nIn file included from third_party/boringssl/include/openssl/mem.h:60:\nthird_party/boringssl/include/openssl/base.h:205:13: error: redefinition of typedef 'ASN1_NULL' is a C11 feature [-Werror,-Wtypedef-redefinition]\ntypedef int ASN1_NULL;\n            ^\n/usr/local/opt/openssl@3/include/openssl/types.h:62:13: note: previous definition is here\ntypedef int ASN1_NULL;\n            ^\nIn file included from third_party/boringssl/crypto/asn1/a_bool.c:60:\nIn file included from third_party/boringssl/include/openssl/mem.h:60:\nthird_party/boringssl/include/openssl/base.h:206:29: error: redefinition of typedef 'ASN1_ITEM' is a C11 feature [-Werror,-Wtypedef-redefinition]\ntypedef struct ASN1_ITEM_st ASN1_ITEM;\n                            ^\n/usr/local/opt/openssl@3/include/openssl/types.h:69:29: note: previous definition is here\ntypedef struct ASN1_ITEM_st ASN1_ITEM;\n                            ^\nIn file included from third_party/boringssl/crypto/asn1/a_bool.c:60:\nIn file included from third_party/boringssl/include/openssl/mem.h:60:\nthird_party/boringssl/include/openssl/base.h:207:31: error: redefinition of typedef 'ASN1_OBJECT' is a C11 feature [-Werror,-Wtypedef-redefinition]\ntypedef struct asn1_object_st ASN1_OBJECT;\n                              ^\n/usr/local/opt/openssl@3/include/openssl/types.h:66:31: note: previous definition is here\ntypedef struct asn1_object_st ASN1_OBJECT;\n                              ^\nIn file included from third_party/boringssl/crypto/asn1/a_bool.c:60:\nIn file included from third_party/boringssl/include/openssl/mem.h:60:\nthird_party/boringssl/include/openssl/base.h:208:29: error: redefinition of typedef 'ASN1_PCTX' is a C11 feature [-Werror,-Wtypedef-redefinition]\ntypedef struct asn1_pctx_st ASN1_PCTX;\n                            ^\n/usr/local/opt/openssl@3/include/openssl/types.h:70:29: note: previous definition is here\ntypedef struct asn1_pctx_st ASN1_PCTX;\n                            ^\nIn file included from third_party/boringssl/crypto/asn1/a_bool.c:60:\nIn file included from third_party/boringssl/include/openssl/mem.h:60:\nthird_party/boringssl/include/openssl/base.h:209:31: error: redefinition of typedef 'ASN1_BIT_STRING' is a C11 feature [-Werror,-Wtypedef-redefinition]\ntypedef struct asn1_string_st ASN1_BIT_STRING;\n                              ^\n/usr/local/opt/openssl@3/include/openssl/types.h:47:31: note: previous definition is here\ntypedef struct asn1_string_st ASN1_BIT_STRING;\n                              ^\nIn file included from third_party/boringssl/crypto/asn1/a_bool.c:60:\nIn file included from third_party/boringssl/include/openssl/mem.h:60:\nthird_party/boringssl/include/openssl/base.h:210:31: error: redefinition of typedef 'ASN1_BMPSTRING' is a C11 feature [-Werror,-Wtypedef-redefinition]\ntypedef struct asn1_string_st ASN1_BMPSTRING;\n                              ^\n/usr/local/opt/openssl@3/include/openssl/types.h:54:31: note: previous definition is here\ntypedef struct asn1_string_st ASN1_BMPSTRING;\n                              ^\nIn file included from third_party/boringssl/crypto/asn1/a_bool.c:60:\nIn file included from third_party/boringssl/include/openssl/mem.h:60:\nthird_party/boringssl/include/openssl/base.h:211:31: error: redefinition of typedef 'ASN1_ENUMERATED' is a C11 feature [-Werror,-Wtypedef-redefinition]\ntypedef struct asn1_string_st ASN1_ENUMERATED;\n                              ^\n/usr/local/opt/openssl@3/include/openssl/types.h:46:31: note: previous definition is here\ntypedef struct asn1_string_st ASN1_ENUMERATED;\n                              ^\nIn file included from third_party/boringssl/crypto/asn1/a_bool.c:60:\nIn file included from third_party/boringssl/include/openssl/mem.h:60:\nthird_party/boringssl/include/openssl/base.h:212:31: error: redefinition of typedef 'ASN1_GENERALIZEDTIME' is a C11 feature [-Werror,-Wtypedef-redefinition]\ntypedef struct asn1_string_st ASN1_GENERALIZEDTIME;\n                              ^\n/usr/local/opt/openssl@3/include/openssl/types.h:57:31: note: previous definition is here\ntypedef struct asn1_string_st ASN1_GENERALIZEDTIME;\n                              ^\nIn file included from third_party/boringssl/crypto/asn1/a_bool.c:60:\nIn file included from third_party/boringssl/include/openssl/mem.h:60:\nthird_party/boringssl/include/openssl/base.h:213:31: error: redefinition of typedef 'ASN1_GENERALSTRING' is a C11 feature [-Werror,-Wtypedef-redefinition]\ntypedef struct asn1_string_st ASN1_GENERALSTRING;\n                              ^\n/usr/local/opt/openssl@3/include/openssl/types.h:52:31: note: previous definition is here\ntypedef struct asn1_string_st ASN1_GENERALSTRING;\n                              ^\nIn file included from third_party/boringssl/crypto/asn1/a_bool.c:60:\nIn file included from third_party/boringssl/include/openssl/mem.h:60:\nthird_party/boringssl/include/openssl/base.h:214:31: error: redefinition of typedef 'ASN1_IA5STRING' is a C11 feature [-Werror,-Wtypedef-redefinition]\ntypedef struct asn1_string_st ASN1_IA5STRING;\n                              ^\n/usr/local/opt/openssl@3/include/openssl/types.h:51:31: note: previous definition is here\ntypedef struct asn1_string_st ASN1_IA5STRING;\n                              ^\nIn file included from third_party/boringssl/crypto/asn1/a_bool.c:60:\nIn file included from third_party/boringssl/include/openssl/mem.h:60:\nthird_party/boringssl/include/openssl/base.h:215:31: error: redefinition of typedef 'ASN1_INTEGER' is a C11 feature [-Werror,-Wtypedef-redefinition]\ntypedef struct asn1_string_st ASN1_INTEGER;\n                              ^\n/usr/local/opt/openssl@3/include/openssl/types.h:45:31: note: previous definition is here\ntypedef struct asn1_string_st ASN1_INTEGER;\n                              ^\nIn file included from third_party/boringssl/crypto/asn1/a_bool.c:60:\nIn file included from third_party/boringssl/include/openssl/mem.h:60:\nthird_party/boringssl/include/openssl/base.h:216:31: error: redefinition of typedef 'ASN1_OCTET_STRING' is a C11 feature [-Werror,-Wtypedef-redefinition]\ntypedef struct asn1_string_st ASN1_OCTET_STRING;\n                              ^\n/usr/local/opt/openssl@3/include/openssl/types.h:48:31: note: previous definition is here\ntypedef struct asn1_string_st ASN1_OCTET_STRING;\n                              ^\nIn file included from third_party/boringssl/crypto/asn1/a_bool.c:60:\nIn file included from third_party/boringssl/include/openssl/mem.h:60:\nthird_party/boringssl/include/openssl/base.h:217:31: error: redefinition of typedef 'ASN1_PRINTABLESTRING' is a C11 feature [-Werror,-Wtypedef-redefinition]\ntypedef struct asn1_string_st ASN1_PRINTABLESTRING;\n                              ^\n/usr/local/opt/openssl@3/include/openssl/types.h:49:31: note: previous definition is here\ntypedef struct asn1_string_st ASN1_PRINTABLESTRING;\n                              ^\nIn file included from third_party/boringssl/crypto/asn1/a_bool.c:60:\nIn file included from third_party/boringssl/include/openssl/mem.h:60:\nthird_party/boringssl/include/openssl/base.h:218:31: error: redefinition of typedef 'ASN1_STRING' is a C11 feature [-Werror,-Wtypedef-redefinition]\ntypedef struct asn1_string_st ASN1_STRING;\n                              ^\n/usr/local/opt/openssl@3/include/openssl/types.h:60:31: note: previous definition is here\ntypedef struct asn1_string_st ASN1_STRING;\n                              ^\nIn file included from third_party/boringssl/crypto/asn1/a_bool.c:60:\nIn file included from third_party/boringssl/include/openssl/mem.h:60:\nthird_party/boringssl/include/openssl/base.h:219:31: error: redefinition of typedef 'ASN1_T61STRING' is a C11 feature [-Werror,-Wtypedef-redefinition]\ntypedef struct asn1_string_st ASN1_T61STRING;\n                              ^\n/usr/local/opt/openssl@3/include/openssl/types.h:50:31: note: previous definition is here\ntypedef struct asn1_string_st ASN1_T61STRING;\n                              ^\nfatal error: too many errors emitted, stopping now [-ferror-limit=]\nIn file included from third_party/boringssl/crypto/asn1/a_object.c:63:\nIn file included from third_party/boringssl/include/openssl/mem.h:60:\nthird_party/boringssl/include/openssl/base.h:133:9: error: 'OPENSSL_VERSION_NUMBER' macro redefined [-Werror,-Wmacro-redefined]\n#define OPENSSL_VERSION_NUMBER 0x100020af\n        ^\n/usr/local/opt/openssl@3/include/openssl/opensslv.h:99:10: note: previous definition is here\n# define OPENSSL_VERSION_NUMBER          \\\n         ^\nIn file included from third_party/boringssl/crypto/asn1/a_object.c:63:\nIn file included from third_party/boringssl/include/openssl/mem.h:60:\nthird_party/boringssl/include/openssl/base.h:168:9: error: 'OPENSSL_EXPORT' macro redefined [-Werror,-Wmacro-redefined]\n#define OPENSSL_EXPORT\n        ^\n/usr/local/opt/openssl@3/include/openssl/e_os2.h:183:11: note: previous definition is here\n#  define OPENSSL_EXPORT extern\n          ^\nIn file included from third_party/boringssl/crypto/asn1/a_object.c:63:\nIn file included from third_party/boringssl/include/openssl/mem.h:60:\nthird_party/boringssl/include/openssl/base.h:202:13: error: typedef redefinition with different types ('int' vs 'struct crypto_threadid_st')\ntypedef int CRYPTO_THREADID;\n            ^\n/usr/local/opt/openssl@3/include/openssl/crypto.h:308:3: note: previous definition is here\n} CRYPTO_THREADID;\n  ^\nIn file included from third_party/boringssl/crypto/asn1/a_object.c:63:\nIn file included from third_party/boringssl/include/openssl/mem.h:60:\nthird_party/boringssl/include/openssl/base.h:204:13: error: redefinition of typedef 'ASN1_BOOLEAN' is a C11 feature [-Werror,-Wtypedef-redefinition]\ntypedef int ASN1_BOOLEAN;\n            ^\n/usr/local/opt/openssl@3/include/openssl/types.h:61:13: note: previous definition is here\ntypedef int ASN1_BOOLEAN;\n            ^\nIn file included from third_party/boringssl/crypto/asn1/a_object.c:63:\nIn file included from third_party/boringssl/include/openssl/mem.h:60:\nthird_party/boringssl/include/openssl/base.h:205:13: error: redefinition of typedef 'ASN1_NULL' is a C11 feature [-Werror,-Wtypedef-redefinition]\ntypedef int ASN1_NULL;\n            ^\n/usr/local/opt/openssl@3/include/openssl/types.h:62:13: note: previous definition is here\ntypedef int ASN1_NULL;\n            ^\nIn file included from third_party/boringssl/crypto/asn1/a_mbstr.c:62:\nIn file included from third_party/boringssl/include/openssl/mem.h:In file included from 60third_party/boringssl/crypto/asn1/a_object.c:63:\nIn file included from third_party/boringssl/include/openssl/mem.h:60:\nthird_party/boringssl/include/openssl/base.h:\nthird_party/boringssl/include/openssl/base.h:133:9: error: 'OPENSSL_VERSION_NUMBER' macro redefined [-Werror,-Wmacro-redefined]\n:#define OPENSSL_VERSION_NUMBER 0x100020af206:29: error: redefinition of typedef 'ASN1_ITEM' is a C11 feature [-Werror,-Wtypedef-redefinition]\n\n        ^\n/usr/local/opt/openssl@3/include/openssl/opensslv.h:99:10: note: previous definition is here\n# define OPENSSL_VERSION_NUMBER          \\\n         ^\nIn file included from third_party/boringssl/crypto/asn1/a_mbstr.c:62:\ntypedef struct ASN1_ITEM_st ASN1_ITEM;In file included from \nthird_party/boringssl/include/openssl/mem.h                            ^\n:60:\nthird_party/boringssl/include/openssl/base.h:168:9: /usr/local/opt/openssl@3/include/openssl/types.herror:69:: 29'OPENSSL_EXPORT' macro redefined [-Werror,-Wmacro-redefined]:\n note#define OPENSSL_EXPORT: 20 errors generatedprevious definition is here\n.\ntypedef struct ASN1_ITEM_st ASN1_ITEM;\n                            ^\n\n        ^\nIn file included from third_party/boringssl/crypto/asn1/a_object.c:63:\nIn file included from /usr/local/opt/openssl@3/include/openssl/e_os2.h:183:third_party/boringssl/include/openssl/mem.h11: note: previous definition is here\n:60:\n#  define OPENSSL_EXPORT externthird_party/boringssl/include/openssl/base.h\n:          ^207\n:31: error: redefinition of typedef 'ASN1_OBJECT' is a C11 feature [-Werror,-Wtypedef-redefinition]\ntypedef struct asn1_object_st ASN1_OBJECT;\n                              ^\n/usr/local/opt/openssl@3/include/openssl/types.h:66:31: note: previous definition is here\ntypedef struct asn1_object_st ASN1_OBJECT;\n                              ^\nIn file included from third_party/boringssl/crypto/asn1/a_object.c:63:\nIn file included from third_party/boringssl/crypto/asn1/a_mbstr.c:In file included from third_party/boringssl/include/openssl/mem.h:6062:\nIn file included from third_party/boringssl/include/openssl/mem.h:60:\n:\nthird_party/boringssl/include/openssl/base.h:202third_party/boringssl/include/openssl/base.h::13208:29: error: redefinition of typedef 'ASN1_PCTX' is a C11 feature [-Werror,-Wtypedef-redefinition]\ntypedef struct asn1_pctx_st ASN1_PCTX;:\n                             ^error\n: typedef redefinition with different types ('int' vs 'struct crypto_threadid_st')/usr/local/opt/openssl@3/include/openssl/types.h\n:70:29:typedef int CRYPTO_THREADID; \nIn file included from note: previous definition is here\nthird_party/boringssl/crypto/asn1/a_d2i_fp.ctypedef struct asn1_pctx_st ASN1_PCTX;            ^:\n61:\nIn file included from third_party/boringssl/include/openssl/buf.h:\n                            ^\n60:\nIn file included from third_party/boringssl/crypto/asn1/a_object.c:63:\nIn file included from third_party/boringssl/include/openssl/mem.h:60third_party/boringssl/include/openssl/base.h:\nthird_party/boringssl/include/openssl/base.h:209:31:/usr/local/opt/openssl@3/include/openssl/crypto.h:308::3:  noteerror: : previous definition is hereredefinition of typedef 'ASN1_BIT_STRING' is a C11 feature [-Werror,-Wtypedef-redefinition]\n\n133:} CRYPTO_THREADID;\n9typedef struct asn1_string_st ASN1_BIT_STRING;:\n                               ^error:   ^\n/usr/local/opt/openssl@3/include/openssl/types.h:47:'OPENSSL_VERSION_NUMBER' macro redefined [-Werror,-Wmacro-redefined]31: \n\nnote: previous definition is here\nIn file included from third_party/boringssl/crypto/asn1/a_mbstr.c:typedef struct asn1_string_st ASN1_BIT_STRING;62\n:\n                              ^In file included from \nthird_party/boringssl/include/openssl/mem.h:60:\nthird_party/boringssl/include/openssl/base.h:204In file included from :third_party/boringssl/crypto/asn1/a_object.c13: #define OPENSSL_VERSION_NUMBER 0x100020aferror: \nredefinition of typedef 'ASN1_BOOLEAN' is a C11 feature [-Werror,-Wtypedef-redefinition]\n        ^\n/usr/local/opt/openssl@3/include/openssl/opensslv.h:99:10: note: previous definition is here\ntypedef int ASN1_BOOLEAN;:63:\n\n# define OPENSSL_VERSION_NUMBER          \\\n         ^\n            ^\nIn file included from third_party/boringssl/include/openssl/mem.h:In file included from 60/usr/local/opt/openssl@3/include/openssl/types.h::\nIn file included from third_party/boringssl/crypto/asn1/a_d2i_fp.cthird_party/boringssl/crypto/asn1/a_gentm.cthird_party/boringssl/include/openssl/base.h::210::616163::\n13In file included from 31third_party/boringssl/include/openssl/mem.h:60:\n:\nthird_party/boringssl/include/openssl/base.h:In file included from :third_party/boringssl/crypto/asn1/a_dup.c : :133note60: errorprevious definition is here: \nIn file included from :\n:third_party/boringssl/include/openssl/buf.htypedef int ASN1_BOOLEAN;:\n60            ^:\n9third_party/boringssl/include/openssl/base.h:: \n168error:In file included from 9In file included from : redefinition of typedef 'ASN1_BMPSTRING' is a C11 feature [-Werror,-Wtypedef-redefinition]'OPENSSL_VERSION_NUMBER' macro redefined [-Werror,-Wmacro-redefined]third_party/boringssl/crypto/asn1/a_mbstr.c\n:62:\nthird_party/boringssl/include/openssl/mem.hIn file included from :third_party/boringssl/include/openssl/mem.h:6060:\n:\nthird_party/boringssl/include/openssl/base.h:third_party/boringssl/include/openssl/base.h:133:9::  errorerror#define OPENSSL_VERSION_NUMBER 0x100020af: \n'OPENSSL_EXPORT' macro redefined [-Werror,-Wmacro-redefined]\n\n        ^\n#define OPENSSL_EXPORT205\n        ^: :13: error'OPENSSL_VERSION_NUMBER' macro redefined [-Werror,-Wmacro-redefined]\n\n/usr/local/opt/openssl@3/include/openssl/e_os2.h:183:typedef struct asn1_string_st ASN1_BMPSTRING;: \nredefinition of typedef 'ASN1_NULL' is a C11 feature [-Werror,-Wtypedef-redefinition]                              ^\n\n11/usr/local/opt/openssl@3/include/openssl/opensslv.h/usr/local/opt/openssl@3/include/openssl/types.h::typedef int ASN1_NULL;\n            ^\n54#define OPENSSL_VERSION_NUMBER 0x100020af:\n/usr/local/opt/openssl@3/include/openssl/types.h31::          ^note: note\n: :62previous definition is here:/usr/local/opt/openssl@3/include/openssl/opensslv.h9913::previous definition is here99\n:\n:10: note:  previous definition is here\nnote#  define OPENSSL_EXPORT extern10typedef struct asn1_string_st ASN1_BMPSTRING;\n:                              ^\n \nnote: # define OPENSSL_VERSION_NUMBER          \\\n         ^: previous definition is here\nprevious definition is hereIn file included from \nthird_party/boringssl/crypto/asn1/a_object.c:63:\nIn file included from third_party/boringssl/include/openssl/mem.h:60:\nthird_party/boringssl/include/openssl/base.h:211:31typedef int ASN1_NULL;: \nerror:             ^# define OPENSSL_VERSION_NUMBER          \\          ^\n\nredefinition of typedef 'ASN1_ENUMERATED' is a C11 feature [-Werror,-Wtypedef-redefinition]\n\n         ^\nIn file included from third_party/boringssl/crypto/asn1/a_gentm.c:63:\nIn file included from third_party/boringssl/include/openssl/mem.h:\n60In file included from :\nthird_party/boringssl/crypto/asn1/a_dup.c:third_party/boringssl/include/openssl/base.h60::\n168In file included from :third_party/boringssl/include/openssl/mem.h9: error: 'OPENSSL_EXPORT' macro redefined [-Werror,-Wmacro-redefined]\nIn file included from third_party/boringssl/crypto/asn1/a_mbstr.c:62:\n#define OPENSSL_EXPORTIn file included from \n        ^\nIn file included from third_party/boringssl/include/openssl/mem.htypedef struct asn1_string_st ASN1_ENUMERATED;:\n60                              ^:\nthird_party/boringssl/crypto/asn1/a_d2i_fp.c:61:\n:\nIn file included from 60third_party/boringssl/include/openssl/buf.h:\n/usr/local/opt/openssl@3/include/openssl/types.hthird_party/boringssl/include/openssl/base.h/usr/local/opt/openssl@3/include/openssl/e_os2.h:third_party/boringssl/include/openssl/base.h:::18346::31:168:9206: :60:\nthird_party/boringssl/include/openssl/base.h:202:: error: 'OPENSSL_EXPORT' macro redefined [-Werror,-Wmacro-redefined]29:13 :error\nnote: previous definition is here\n#define OPENSSL_EXPORT\n        ^\n /usr/local/opt/openssl@3/include/openssl/e_os2.h:error183: :11typedef struct asn1_string_st ASN1_ENUMERATED;: 11: :typedef redefinition with different types ('int' vs 'struct crypto_threadid_st')redefinition of typedef 'ASN1_ITEM' is a C11 feature [-Werror,-Wtypedef-redefinition]\n\n\n                               ^\nnote: noteprevious definition is here\n: previous definition is here\n#  define OPENSSL_EXPORT externIn file included from third_party/boringssl/crypto/asn1/a_object.ctypedef int CRYPTO_THREADID;\n\n            ^typedef struct ASN1_ITEM_st ASN1_ITEM;\n          ^\n:63:\n#  define OPENSSL_EXPORT externIn file included from \nthird_party/boringssl/include/openssl/mem.h:60:\nthird_party/boringssl/include/openssl/base.h\n:212:                            ^\n          ^\n31/usr/local/opt/openssl@3/include/openssl/crypto.h/usr/local/opt/openssl@3/include/openssl/types.h::308 :3error:: redefinition of typedef 'ASN1_GENERALIZEDTIME' is a C11 feature [-Werror,-Wtypedef-redefinition] note: :\nprevious definition is here\n69:29} CRYPTO_THREADID;:\n   ^noteIn file included from In file included from third_party/boringssl/crypto/asn1/a_dup.cthird_party/boringssl/crypto/asn1/a_gentm.c:typedef struct asn1_string_st ASN1_GENERALIZEDTIME;60: :\nIn file included from previous definition is here\n                              ^\nthird_party/boringssl/include/openssl/mem.h:\n/usr/local/opt/openssl@3/include/openssl/types.h60::\n57third_party/boringssl/include/openssl/base.h:202\n:13: error: In file included from third_party/boringssl/crypto/asn1/a_d2i_fp.c:61:\nIn file included from typedef struct ASN1_ITEM_st ASN1_ITEM;typedef redefinition with different types ('int' vs 'struct crypto_threadid_st')\n:                            ^\n31third_party/boringssl/include/openssl/buf.h: :note60:\n\n: previous definition is herethird_party/boringssl/include/openssl/base.h:\n204:13typedef int CRYPTO_THREADID;:\n             ^error: In file included from redefinition of typedef 'ASN1_BOOLEAN' is a C11 feature [-Werror,-Wtypedef-redefinition]typedef struct asn1_string_st ASN1_GENERALIZEDTIME;third_party/boringssl/crypto/asn1/a_mbstr.c\n:62\n:\n\n                              ^\nIn file included from typedef int ASN1_BOOLEAN;:63:\nIn file included from third_party/boringssl/include/openssl/mem.h:60:\nthird_party/boringssl/include/openssl/base.h:202In file included from :third_party/boringssl/crypto/asn1/a_object.c13::63 :\nerrorIn file included from : \n/usr/local/opt/openssl@3/include/openssl/crypto.htypedef redefinition with different types ('int' vs 'struct crypto_threadid_st')third_party/boringssl/include/openssl/mem.h            ^:\nthird_party/boringssl/include/openssl/mem.h308:3: \nnote: previous definition is here\n:typedef int CRYPTO_THREADID;\n            ^/usr/local/opt/openssl@3/include/openssl/types.h:} CRYPTO_THREADID;\n60  ^:\n\nthird_party/boringssl/include/openssl/base.h:207:61:13: note: previous definition is here\nIn file included from third_party/boringssl/crypto/asn1/a_dup.c:60:\nIn file included from third_party/boringssl/include/openssl/mem.h:60:\nthird_party/boringssl/include/openssl/base.h:typedef int ASN1_BOOLEAN;\n60204:\n:13third_party/boringssl/include/openssl/base.h:: 213error: :redefinition of typedef 'ASN1_BOOLEAN' is a C11 feature [-Werror,-Wtypedef-redefinition]\n31: error: redefinition of typedef 'ASN1_OBJECT' is a C11 feature [-Werror,-Wtypedef-redefinition]\ntypedef int ASN1_BOOLEAN;            ^\n\n            ^\ntypedef struct asn1_object_st ASN1_OBJECT;\n                              ^\nIn file included from /usr/local/opt/openssl@3/include/openssl/types.hthird_party/boringssl/crypto/asn1/a_d2i_fp.c::6661::\n31In file included from third_party/boringssl/include/openssl/buf.h/usr/local/opt/openssl@3/include/openssl/types.h::6061:\n:third_party/boringssl/include/openssl/base.h13:\n:31: error : redefinition of typedef 'ASN1_GENERALSTRING' is a C11 feature [-Werror,-Wtypedef-redefinition]note\n: :previous definition is here\n: notemake: typedef int ASN1_BOOLEAN;: *** [/Users/runner/actions-runner/_work/python.build/python.build/build_grpcio18139/grpcio-1.8.1/objs/opt/third_party/boringssl/crypto/asn1/a_bool.o] Error 1previous definition is here205\n\n            ^:\n13: \ntypedef struct asn1_string_st ASN1_GENERALSTRING;/usr/local/opt/openssl@3/include/openssl/crypto.herrorIn file included from :\n308:3: third_party/boringssl/crypto/asn1/a_dup.credefinition of typedef 'ASN1_NULL' is a C11 feature [-Werror,-Wtypedef-redefinition]::                              ^typedef struct asn1_object_st ASN1_OBJECT;\n\n                              ^\n60 \nnote:\n: previous definition is here\nIn file included from /usr/local/opt/openssl@3/include/openssl/types.hthird_party/boringssl/include/openssl/mem.h} CRYPTO_THREADID;typedef int ASN1_NULL;:\n            ^In file included from :third_party/boringssl/crypto/asn1/a_mbstr.c6052::62\n\n:\n  ^\nthird_party/boringssl/include/openssl/base.h31/usr/local/opt/openssl@3/include/openssl/types.h:::\n:In file included from third_party/boringssl/include/openssl/mem.h :205:13: errornote: : redefinition of typedef 'ASN1_NULL' is a C11 feature [-Werror,-Wtypedef-redefinition]\nIn file included from 62typedef int ASN1_NULL;60third_party/boringssl/crypto/asn1/a_gentm.c\n            ^previous definition is here:\n63:\nIn file included from third_party/boringssl/include/openssl/mem.h:60\ntypedef struct asn1_string_st ASN1_GENERALSTRING;\n                              ^\n:\n/usr/local/opt/openssl@3/include/openssl/types.h:62:third_party/boringssl/include/openssl/base.h13:208::: note: 13previous definition is here:\n note: typedef int ASN1_NULL;previous definition is here\nIn file included from \nthird_party/boringssl/crypto/asn1/a_object.c:2963:\n:typedef int ASN1_NULL; \nerror            ^            ^\n\nIn file included from third_party/boringssl/include/openssl/mem.h:60:\nthird_party/boringssl/include/openssl/base.h:214:31: error: redefinition of typedef 'ASN1_PCTX' is a C11 feature [-Werror,-Wtypedef-redefinition]\nIn file included from third_party/boringssl/crypto/asn1/a_dup.c:typedef struct asn1_pctx_st ASN1_PCTX;60\n:\n                            ^In file included from \nthird_party/boringssl/include/openssl/mem.h:60:\nthird_party/boringssl/include/openssl/base.h/usr/local/opt/openssl@3/include/openssl/types.h::70206: :In file included from 29redefinition of typedef 'ASN1_IA5STRING' is a C11 feature [-Werror,-Wtypedef-redefinition]: \nerror: redefinition of typedef 'ASN1_ITEM' is a C11 feature [-Werror,-Wtypedef-redefinition]third_party/boringssl/crypto/asn1/a_d2i_fp.c\n:::\n29typedef struct asn1_string_st ASN1_IA5STRING;\n                              ^\ntypedef struct ASN1_ITEM_st ASN1_ITEM;/usr/local/opt/openssl@3/include/openssl/types.h:61:third_party/boringssl/include/openssl/base.h\n::\n204 :51In file included from note: 13third_party/boringssl/include/openssl/buf.h                            ^::6031:: previous definition is herenote\n: \ntypedef struct asn1_pctx_st ASN1_PCTX;\n:\n error: previous definition is hereredefinition of typedef 'ASN1_BOOLEAN' is a C11 feature [-Werror,-Wtypedef-redefinition]                            ^\n\n\n/usr/local/opt/openssl@3/include/openssl/types.h:third_party/boringssl/include/openssl/base.h:typedef struct asn1_string_st ASN1_IA5STRING;\n                              ^206:2969::29:typedef int ASN1_BOOLEAN;In file included from  third_party/boringssl/crypto/asn1/a_mbstr.cerror:\n : noteredefinition of typedef 'ASN1_ITEM' is a C11 feature [-Werror,-Wtypedef-redefinition]: \nprevious definition is here\nIn file included from third_party/boringssl/crypto/asn1/a_object.c:63:\nIn file included from third_party/boringssl/include/openssl/mem.h:60:\nthird_party/boringssl/include/openssl/base.h:215:31: error: redefinition of typedef 'ASN1_INTEGER' is a C11 feature [-Werror,-Wtypedef-redefinition]\ntypedef struct ASN1_ITEM_st ASN1_ITEM;\n                            ^\ntypedef struct ASN1_ITEM_st ASN1_ITEM;typedef struct asn1_string_st ASN1_INTEGER;\n\n/usr/local/opt/openssl@3/include/openssl/types.h                              ^                            ^:\n62\n/usr/local/opt/openssl@3/include/openssl/types.h:\n:In file included from 45:third_party/boringssl/include/openssl/mem.h31\n69::6029            ^:\n:third_party/boringssl/include/openssl/base.h In file included from :\nthird_party/boringssl/crypto/asn1/a_dup.cnote:: : 60209:previous definition is here31:\n noteerror/usr/local/opt/openssl@3/include/openssl/types.h: :61:\nprevious definition is here\n: In file included from redefinition of typedef 'ASN1_BIT_STRING' is a C11 feature [-Werror,-Wtypedef-redefinition]\nthird_party/boringssl/include/openssl/mem.h:60:\ntypedef struct ASN1_ITEM_st ASN1_ITEM;\n                            ^\n:13: note: third_party/boringssl/include/openssl/base.hprevious definition is here:typedef struct asn1_string_st ASN1_BIT_STRING;\ntypedef struct asn1_string_st ASN1_INTEGER;                              ^\n\n                              ^\n\n207/usr/local/opt/openssl@3/include/openssl/types.h:47::3131:: note : error: In file included from redefinition of typedef 'ASN1_OBJECT' is a C11 feature [-Werror,-Wtypedef-redefinition]In file included from previous definition is here\nthird_party/boringssl/crypto/asn1/a_object.ctypedef int ASN1_BOOLEAN;\ntypedef struct asn1_string_st ASN1_BIT_STRING;\n            ^\nthird_party/boringssl/crypto/asn1/a_d2i_fp.c:61:\nIn file included from third_party/boringssl/include/openssl/buf.h:60:\nthird_party/boringssl/include/openssl/base.h:typedef struct asn1_object_st ASN1_OBJECT;207\n:                              ^In file included from \nthird_party/boringssl/crypto/asn1/a_gentm.c31::63/usr/local/opt/openssl@3/include/openssl/types.h:\n:In file included from :63 66errorthird_party/boringssl/include/openssl/mem.h:\n:\n                              ^In file included from \nthird_party/boringssl/include/openssl/mem.h: :redefinition of typedef 'ASN1_OBJECT' is a C11 feature [-Werror,-Wtypedef-redefinition]\n31: note: previous definition is here\ntypedef struct asn1_object_st ASN1_OBJECT;In file included from \nthird_party/boringssl/crypto/asn1/a_mbstr.c                              ^:typedef struct asn1_object_st ASN1_OBJECT;62\n:\n:In file included from                               ^third_party/boringssl/include/openssl/mem.h60\n\n::\n60:\nthird_party/boringssl/include/openssl/base.h:/usr/local/opt/openssl@3/include/openssl/types.hthird_party/boringssl/include/openssl/base.h:60210::\n31:third_party/boringssl/include/openssl/base.h:66216In file included from :205third_party/boringssl/crypto/asn1/a_dup.c ::13:31 :error: :redefinition of typedef 'ASN1_NULL' is a C11 feature [-Werror,-Wtypedef-redefinition]error31: :redefinition of typedef 'ASN1_BMPSTRING' is a C11 feature [-Werror,-Wtypedef-redefinition]60\n:\n In file included from error: third_party/boringssl/include/openssl/mem.h:redefinition of typedef 'ASN1_OCTET_STRING' is a C11 feature [-Werror,-Wtypedef-redefinition]60\n:\nthird_party/boringssl/include/openssl/base.h:208:29: typedef struct asn1_string_st ASN1_OCTET_STRING;\n\n:typedef struct asn1_string_st ASN1_BMPSTRING; note: errorprevious definition is here                              ^\n: \nredefinition of typedef 'ASN1_PCTX' is a C11 feature [-Werror,-Wtypedef-redefinition]\n\n                              ^\ntypedef struct asn1_object_st ASN1_OBJECT;\n                              ^\n/usr/local/opt/openssl@3/include/openssl/types.h:/usr/local/opt/openssl@3/include/openssl/types.h:typedef int ASN1_NULL;48typedef struct asn1_pctx_st ASN1_PCTX;\n\n            ^                            ^54\n::31:31 :/usr/local/opt/openssl@3/include/openssl/types.hIn file included from notethird_party/boringssl/crypto/asn1/a_d2i_fp.c: :previous definition is here61\n:\n In file included from notethird_party/boringssl/include/openssl/buf.h:\n60:: previous definition is here\n/usr/local/opt/openssl@3/include/openssl/types.h:\n:62:third_party/boringssl/include/openssl/base.h13typedef struct asn1_string_st ASN1_OCTET_STRING;typedef struct asn1_string_st ASN1_BMPSTRING;\n\n                              ^\n                              ^70::\n29 :note : note: previous definition is hereprevious definition is here\nIn file included from \n:typedef int ASN1_NULL;208third_party/boringssl/crypto/asn1/a_object.cIn file included from typedef struct asn1_pctx_st ASN1_PCTX;\n                            ^third_party/boringssl/crypto/asn1/a_mbstr.c\n::29In file included from :63:\nthird_party/boringssl/crypto/asn1/a_dup.c62::\n \nerror:             ^redefinition of typedef 'ASN1_PCTX' is a C11 feature [-Werror,-Wtypedef-redefinition]\n:60typedef struct asn1_pctx_st ASN1_PCTX;\n\n                            ^\n/usr/local/opt/openssl@3/include/openssl/types.h:70:29: note:\nIn file included from In file included from third_party/boringssl/include/openssl/mem.hIn file included from : third_party/boringssl/include/openssl/mem.h:60previous definition is hereIn file included from :third_party/boringssl/crypto/asn1/a_gentm.c60::\nthird_party/boringssl/include/openssl/mem.hthird_party/boringssl/include/openssl/base.h::21160:\n:\n\nthird_party/boringssl/include/openssl/base.h:63typedef struct asn1_pctx_st ASN1_PCTX;31:\nthird_party/boringssl/include/openssl/base.h:\n In file included from :error::                             ^redefinition of typedef 'ASN1_ENUMERATED' is a C11 feature [-Werror,-Wtypedef-redefinition]209217\nthird_party/boringssl/include/openssl/mem.htypedef struct asn1_string_st ASN1_ENUMERATED;::\n                              ^\n31:: 31error:\n/usr/local/opt/openssl@3/include/openssl/types.h:46:31 : errornote: : 60redefinition of typedef 'ASN1_BIT_STRING' is a C11 feature [-Werror,-Wtypedef-redefinition]redefinition of typedef 'ASN1_PRINTABLESTRING' is a C11 feature [-Werror,-Wtypedef-redefinition]\nIn file included from : \nthird_party/boringssl/crypto/asn1/a_d2i_fp.c:previous definition is here\ntypedef struct asn1_string_st ASN1_BIT_STRING;typedef struct asn1_string_st ASN1_ENUMERATED;\n                              ^:\n\n61third_party/boringssl/include/openssl/base.h:                              ^:\n\n\nIn file included from third_party/boringssl/include/openssl/buf.h:60:\nthird_party/boringssl/include/openssl/base.h/usr/local/opt/openssl@3/include/openssl/types.h206::29:209In file included from :typedef struct asn1_string_st ASN1_PRINTABLESTRING;:\n 47third_party/boringssl/crypto/asn1/a_mbstr.c::error31: :                              ^31\n62: /usr/local/opt/openssl@3/include/openssl/types.h note:error: :\nIn file included from 49: third_party/boringssl/include/openssl/mem.h:redefinition of typedef 'ASN1_BIT_STRING' is a C11 feature [-Werror,-Wtypedef-redefinition]\nprevious definition is hereredefinition of typedef 'ASN1_ITEM' is a C11 feature [-Werror,-Wtypedef-redefinition]\n\ntypedef struct asn1_string_st ASN1_BIT_STRING;\n                              ^\n/usr/local/opt/openssl@3/include/openssl/types.h:47:typedef struct asn1_string_st ASN1_BIT_STRING;31\n:typedef struct ASN1_ITEM_st ASN1_ITEM;\n31                            ^:\n note:                               ^previous definition is here\n\n:60:\ntypedef struct asn1_string_st ASN1_BIT_STRING;third_party/boringssl/include/openssl/base.h\n:                              ^212\n :31note:: In file included from  third_party/boringssl/crypto/asn1/a_dup.cerror:: 60redefinition of typedef 'ASN1_GENERALIZEDTIME' is a C11 feature [-Werror,-Wtypedef-redefinition]In file included from :\nthird_party/boringssl/crypto/asn1/a_d2i_fp.cIn file included from :third_party/boringssl/include/openssl/mem.h\n:60:\nthird_party/boringssl/include/openssl/base.h61/usr/local/opt/openssl@3/include/openssl/types.h::69210typedef struct asn1_string_st ASN1_GENERALIZEDTIME;::2931:previous definition is here:\n\n:  noteerror: : previous definition is here\nredefinition of typedef 'ASN1_BMPSTRING' is a C11 feature [-Werror,-Wtypedef-redefinition]\nIn file included from \ntypedef struct ASN1_ITEM_st ASN1_ITEM;third_party/boringssl/include/openssl/buf.h\n:                            ^60\n                              ^typedef struct asn1_string_st ASN1_PRINTABLESTRING;\nIn file included from In file included from third_party/boringssl/crypto/asn1/a_gentm.ctypedef struct asn1_string_st ASN1_BMPSTRING;third_party/boringssl/crypto/asn1/a_i2d_fp.c\n:\n\nthird_party/boringssl/include/openssl/base.h                              ^                              ^:\n/usr/local/opt/openssl@3/include/openssl/types.h::57210:63:31\n:\nIn file included from :third_party/boringssl/include/openssl/mem.h: 60note:\n: /usr/local/opt/openssl@3/include/openssl/types.hprevious definition is here:\n:31In file included from : third_party/boringssl/crypto/asn1/a_object.ctypedef struct asn1_string_st ASN1_GENERALIZEDTIME;54\nerror:: :31redefinition of typedef 'ASN1_BMPSTRING' is a C11 feature [-Werror,-Wtypedef-redefinition]:\n63 :\nnoteIn file included from third_party/boringssl/include/openssl/mem.h:                              ^60\n:\nthird_party/boringssl/include/openssl/base.h:218:31: third_party/boringssl/include/openssl/base.htypedef struct asn1_string_st ASN1_BMPSTRING;::207previous definition is hereIn file included from : \nerror31                              ^:\n \nthird_party/boringssl/crypto/asn1/a_mbstr.c60/usr/local/opt/openssl@3/include/openssl/types.h:: 54:31redefinition of typedef 'ASN1_STRING' is a C11 feature [-Werror,-Wtypedef-redefinition]:\n note: previous definition is here\ntypedef struct asn1_string_st ASN1_BMPSTRING;\n                              ^:62:\ntypedef struct asn1_string_st ASN1_STRING;typedef struct asn1_string_st ASN1_BMPSTRING;\n                              ^error\n\n\n                              ^\n/usr/local/opt/openssl@3/include/openssl/types.h:60:31: noteIn file included from third_party/boringssl/crypto/asn1/a_dup.c:60: :\nIn file included from In file included from previous definition is here\nIn file included from : redefinition of typedef 'ASN1_OBJECT' is a C11 feature [-Werror,-Wtypedef-redefinition]third_party/boringssl/include/openssl/mem.h\n:60:\nthird_party/boringssl/include/openssl/base.h:213typedef struct asn1_object_st ASN1_OBJECT;:\n31                              ^\ntypedef struct asn1_string_st ASN1_STRING;/usr/local/opt/openssl@3/include/openssl/types.hthird_party/boringssl/include/openssl/mem.h::third_party/boringssl/crypto/asn1/a_d2i_fp.c60:\n:\nthird_party/boringssl/include/openssl/base.h61::\n211                              ^ \n:\nerror:: In file included from 31::redefinition of typedef 'ASN1_GENERALSTRING' is a C11 feature [-Werror,-Wtypedef-redefinition] 66:error31: : In file included from note: \nprevious definition is here\nredefinition of typedef 'ASN1_ENUMERATED' is a C11 feature [-Werror,-Wtypedef-redefinition]\ntypedef struct asn1_string_st ASN1_ENUMERATED;In file included from \ntypedef struct asn1_object_st ASN1_OBJECT;third_party/boringssl/crypto/asn1/a_object.cthird_party/boringssl/include/openssl/mem.h                              ^typedef struct asn1_string_st ASN1_GENERALSTRING;\n\n:/usr/local/opt/openssl@3/include/openssl/types.h:6346third_party/boringssl/include/openssl/buf.h                              ^\n:\n:In file included from 31third_party/boringssl/include/openssl/mem.h:: 60::\n60third_party/boringssl/include/openssl/base.h:\n:\n219                              ^/usr/local/opt/openssl@3/include/openssl/types.h\n:note52: :previous definition is here31\n: noteIn file included from : third_party/boringssl/crypto/asn1/a_gentm.c:63:\nIn file included from third_party/boringssl/include/openssl/base.hthird_party/boringssl/include/openssl/mem.h:60:\nthird_party/boringssl/include/openssl/base.h:typedef struct asn1_string_st ASN1_ENUMERATED;previous definition is here\n:                              ^:20831::60\n:\n211:31: third_party/boringssl/include/openssl/base.herror:: 133redefinition of typedef 'ASN1_ENUMERATED' is a C11 feature [-Werror,-Wtypedef-redefinition]typedef struct asn1_string_st ASN1_GENERALSTRING;\n:\n error: 29redefinition of typedef 'ASN1_T61STRING' is a C11 feature [-Werror,-Wtypedef-redefinition]:\ntypedef struct asn1_string_st ASN1_ENUMERATED;9\n\n                              ^typedef struct asn1_string_st ASN1_T61STRING;                              ^\n                              ^\n:\n error: redefinition of typedef 'ASN1_PCTX' is a C11 feature [-Werror,-Wtypedef-redefinition]\n/usr/local/opt/openssl@3/include/openssl/types.h:46:31: note: typedef struct asn1_pctx_st ASN1_PCTX;In file included from \n\nthird_party/boringssl/crypto/asn1/a_mbstr.c                            ^:/usr/local/opt/openssl@3/include/openssl/types.h :error50previous definition is hereIn file included from \nthird_party/boringssl/crypto/asn1/a_dup.c:/usr/local/opt/openssl@3/include/openssl/types.h:\n6231:\n::In file included from  70typedef struct asn1_string_st ASN1_ENUMERATED;: ::'OPENSSL_VERSION_NUMBER' macro redefined [-Werror,-Wmacro-redefined]\n\n60:\nnoteIn file included from : third_party/boringssl/include/openssl/mem.hprevious definition is here:\n60third_party/boringssl/include/openssl/mem.h:60:\n29#define OPENSSL_VERSION_NUMBER 0x100020afthird_party/boringssl/include/openssl/base.h\n: note                              ^: :previous definition is here212typedef struct asn1_string_st ASN1_T61STRING;\n\n:\n:third_party/boringssl/include/openssl/base.h31:214                              ^:\n31: : errorIn file included from : third_party/boringssl/crypto/asn1/a_d2i_fp.cfatal errorredefinition of typedef 'ASN1_GENERALIZEDTIME' is a C11 feature [-Werror,-Wtypedef-redefinition]: errortoo many errors emitted, stopping now [-ferror-limit=]\n\n: redefinition of typedef 'ASN1_IA5STRING' is a C11 feature [-Werror,-Wtypedef-redefinition]\n\ntypedef struct asn1_string_st ASN1_GENERALIZEDTIME;typedef struct asn1_string_st ASN1_IA5STRING;\n                              ^:\n\n61                              ^:\n\n/usr/local/opt/openssl@3/include/openssl/types.htypedef struct asn1_pctx_st ASN1_PCTX;/usr/local/opt/openssl@3/include/openssl/types.hIn file included from :\n:                            ^        ^third_party/boringssl/include/openssl/buf.h\n:60:\nthird_party/boringssl/include/openssl/base.h:212/usr/local/opt/openssl@3/include/openssl/opensslv.h::3199:: 10error::  note: previous definition is here57\n:31: note: # define OPENSSL_VERSION_NUMBER          \\previous definition is here\n\n         ^\n51:In file included from 31third_party/boringssl/crypto/asn1/a_i2d_fp.c:: 60note:\ntypedef struct asn1_string_st ASN1_GENERALIZEDTIME;In file included from \nthird_party/boringssl/include/openssl/mem.h: :\n60previous definition is here:\n\nthird_party/boringssl/include/openssl/base.h:168:9: errortypedef struct asn1_string_st ASN1_IA5STRING;: \n'OPENSSL_EXPORT' macro redefined [-Werror,-Wmacro-redefined]                              ^\n\n#define OPENSSL_EXPORT\n        ^In file included from third_party/boringssl/crypto/asn1/a_gentm.c:                              ^\n\nredefinition of typedef 'ASN1_GENERALIZEDTIME' is a C11 feature [-Werror,-Wtypedef-redefinition]\nIn file included from third_party/boringssl/crypto/asn1/a_mbstr.c:62:\nIn file included from third_party/boringssl/include/openssl/mem.htypedef struct asn1_string_st ASN1_GENERALIZEDTIME;:60:\n63third_party/boringssl/include/openssl/base.h::\n215In file included from :\n31                              ^:/usr/local/opt/openssl@3/include/openssl/e_os2.hIn file included from third_party/boringssl/include/openssl/mem.h:third_party/boringssl/crypto/asn1/a_dup.c60: :\nerror183: :/usr/local/opt/openssl@3/include/openssl/types.h60::\n57third_party/boringssl/include/openssl/base.h:\nredefinition of typedef 'ASN1_INTEGER' is a C11 feature [-Werror,-Wtypedef-redefinition]:\n1131::  notenote: : previous definition is hereprevious definition is heretypedef struct asn1_string_st ASN1_INTEGER;\n\n\n                              ^\n/usr/local/opt/openssl@3/include/openssl/types.h#  define OPENSSL_EXPORT extern\nIn file included from           ^:typedef struct asn1_string_st ASN1_GENERALIZEDTIME;\n45::20931::31 :note : previous definition is here\nthird_party/boringssl/include/openssl/mem.h:60:\nthird_party/boringssl/include/openssl/base.h:typedef struct asn1_string_st ASN1_INTEGER;213\n:                              ^31\nerror                              ^: \nredefinition of typedef 'ASN1_BIT_STRING' is a C11 feature [-Werror,-Wtypedef-redefinition]\ntypedef struct asn1_string_st ASN1_BIT_STRING;\nIn file included from third_party/boringssl/crypto/asn1/a_d2i_fp.c:: 61error                              ^\n\n/usr/local/opt/openssl@3/include/openssl/types.h:47:31: note: previous definition is here\nIn file included from typedef struct asn1_string_st ASN1_BIT_STRING;\n                              ^: \nredefinition of typedef 'ASN1_GENERALSTRING' is a C11 feature [-Werror,-Wtypedef-redefinition]\nIn file included from third_party/boringssl/crypto/asn1/a_gentm.c:63:\nIn file included from In file included from third_party/boringssl/crypto/asn1/a_i2d_fp.cthird_party/boringssl/include/openssl/mem.h::6060:\n:\nIn file included from third_party/boringssl/include/openssl/base.hthird_party/boringssl/include/openssl/mem.h::21060::\n31In file included from :third_party/boringssl/crypto/asn1/a_mbstr.c third_party/boringssl/include/openssl/buf.herror:typedef struct asn1_string_st ASN1_GENERALSTRING;60: \nredefinition of typedef 'ASN1_BMPSTRING' is a C11 feature [-Werror,-Wtypedef-redefinition]:\n\nthird_party/boringssl/include/openssl/base.h::\ntypedef struct asn1_string_st ASN1_BMPSTRING;\n                              ^\n:third_party/boringssl/include/openssl/base.h:62202:\n/usr/local/opt/openssl@3/include/openssl/types.hIn file included from                               ^third_party/boringssl/include/openssl/mem.h::21352:1331::: error60 :error31: : typedef redefinition with different types ('int' vs 'struct crypto_threadid_st'): \nredefinition of typedef 'ASN1_GENERALSTRING' is a C11 feature [-Werror,-Wtypedef-redefinition]\nnote:\n: \nprevious definition is herethird_party/boringssl/include/openssl/base.h\n:216:/usr/local/opt/openssl@3/include/openssl/types.htypedef struct asn1_string_st ASN1_GENERALSTRING;typedef int CRYPTO_THREADID;31typedef struct asn1_string_st ASN1_GENERALSTRING;\n\n\n                              ^\n            ^\n                              ^:\n54:31: note: errorIn file included from : /usr/local/opt/openssl@3/include/openssl/types.hredefinition of typedef 'ASN1_OCTET_STRING' is a C11 feature [-Werror,-Wtypedef-redefinition]/usr/local/opt/openssl@3/include/openssl/crypto.hthird_party/boringssl/crypto/asn1/a_dup.c:\n: :previous definition is here52:31::60 :\nnoteIn file included from \nthird_party/boringssl/include/openssl/mem.h:60:\nthird_party/boringssl/include/openssl/base.h:214:: typedef struct asn1_string_st ASN1_BMPSTRING;previous definition is here\n\n                              ^\ntypedef struct asn1_string_st ASN1_GENERALSTRING;\n                              ^\n31: 308typedef struct asn1_string_st ASN1_OCTET_STRING;:In file included from \nerror                              ^: redefinition of typedef 'ASN1_IA5STRING' is a C11 feature [-Werror,-Wtypedef-redefinition]\nIn file included from third_party/boringssl/crypto/asn1/a_gentm.c\nthird_party/boringssl/crypto/asn1/a_d2i_fp.c::61:\n63In file included from :\n3In file included from /usr/local/opt/openssl@3/include/openssl/types.hthird_party/boringssl/include/openssl/mem.h:48third_party/boringssl/include/openssl/buf.h: note: In file included from :typedef struct asn1_string_st ASN1_IA5STRING;:previous definition is here\n31                              ^:: 60note: third_party/boringssl/crypto/asn1/a_int.cprevious definition is here\n\n:\n60/usr/local/opt/openssl@3/include/openssl/types.h:\n\nthird_party/boringssl/include/openssl/base.h:211:31: typedef struct asn1_string_st ASN1_OCTET_STRING;error} CRYPTO_THREADID;: \n:third_party/boringssl/include/openssl/base.h  ^51\n:\n31:                              ^\n:214:31: error: redefinition of typedef 'ASN1_IA5STRING' is a C11 feature [-Werror,-Wtypedef-redefinition]\nIn file included from  note: previous definition is hereIn file included from \nthird_party/boringssl/crypto/asn1/a_mbstr.ctypedef struct asn1_string_st ASN1_IA5STRING;:\n62                              ^:\n\nIn file included from third_party/boringssl/include/openssl/mem.h/usr/local/opt/openssl@3/include/openssl/types.h::60:\nthird_party/boringssl/include/openssl/base.hredefinition of typedef 'ASN1_ENUMERATED' is a C11 feature [-Werror,-Wtypedef-redefinition]:\n217:5131::31 :error :: 62typedef struct asn1_string_st ASN1_ENUMERATED;\nthird_party/boringssl/crypto/asn1/a_i2d_fp.c                              ^note\n: /usr/local/opt/openssl@3/include/openssl/types.htypedef struct asn1_string_st ASN1_IA5STRING;previous definition is hereredefinition of typedef 'ASN1_PRINTABLESTRING' is a C11 feature [-Werror,-Wtypedef-redefinition]\n::\n46:31:In file included from  note: previous definition is here\n\n\ntypedef struct asn1_string_st ASN1_PRINTABLESTRING;\n                              ^                              ^third_party/boringssl/include/openssl/mem.h:60typedef struct asn1_string_st ASN1_IA5STRING;typedef struct asn1_string_st ASN1_ENUMERATED;\n\n                              ^:\n:\nthird_party/boringssl/include/openssl/base.h:\n133In file included from :third_party/boringssl/crypto/asn1/a_dup.c9::60 \nerror                              ^\n:\nIn file included from In file included from : 60In file included from third_party/boringssl/include/openssl/mem.h:\n'OPENSSL_VERSION_NUMBER' macro redefined [-Werror,-Wmacro-redefined]:/usr/local/opt/openssl@3/include/openssl/types.hthird_party/boringssl/crypto/asn1/a_d2i_fp.c::49:6160:\n\nIn file included from third_party/boringssl/include/openssl/buf.h:31: 60note:\n: third_party/boringssl/include/openssl/base.h:previous definition is here\n:\nthird_party/boringssl/include/openssl/base.h:215:31: error: redefinition of typedef 'ASN1_INTEGER' is a C11 feature [-Werror,-Wtypedef-redefinition]\ntypedef struct asn1_string_st ASN1_INTEGER;\n#define OPENSSL_VERSION_NUMBER 0x100020af\n215                              ^:typedef struct asn1_string_st ASN1_PRINTABLESTRING;third_party/boringssl/crypto/asn1/a_gentm.c\nIn file included from         ^31third_party/boringssl/include/openssl/mem.h:\n/usr/local/opt/openssl@3/include/openssl/types.h:63 error: \n/usr/local/opt/openssl@3/include/openssl/opensslv.h:redefinition of typedef 'ASN1_INTEGER' is a C11 feature [-Werror,-Wtypedef-redefinition]                              ^45\n:::3160\n:\n:third_party/boringssl/include/openssl/base.h :note204: In file included from previous definition is herethird_party/boringssl/crypto/asn1/a_mbstr.c\n99::\n::In file included from 62third_party/boringssl/include/openssl/mem.h10::60 :\nnotethird_party/boringssl/include/openssl/base.h: ::\ntypedef struct asn1_string_st ASN1_INTEGER;In file included from \ntypedef struct asn1_string_st ASN1_INTEGER;third_party/boringssl/include/openssl/mem.h13:previous definition is here212:                              ^:31\n: \n\nerror In file included from third_party/boringssl/crypto/asn1/a_dup.c: :60                              ^60:\nerror: \n# define OPENSSL_VERSION_NUMBER          \\redefinition of typedef 'ASN1_GENERALIZEDTIME' is a C11 feature [-Werror,-Wtypedef-redefinition]\n\n:\n         ^redefinition of typedef 'ASN1_BOOLEAN' is a C11 feature [-Werror,-Wtypedef-redefinition]/usr/local/opt/openssl@3/include/openssl/types.h\n:45:third_party/boringssl/include/openssl/base.hIn file included from :typedef struct asn1_string_st ASN1_GENERALIZEDTIME;218third_party/boringssl/include/openssl/mem.h::31\n\nIn file included from                               ^31\n:third_party/boringssl/crypto/asn1/a_int.c::  typedef int ASN1_BOOLEAN;6062\n:\n/usr/local/opt/openssl@3/include/openssl/types.h:\nthird_party/boringssl/include/openssl/base.hnote            ^: previous definition is here\nerror:: In file included from 57typedef struct asn1_string_st ASN1_INTEGER;third_party/boringssl/include/openssl/mem.h\n:redefinition of typedef 'ASN1_STRING' is a C11 feature [-Werror,-Wtypedef-redefinition]:60:\n216:/usr/local/opt/openssl@3/include/openssl/types.h:61\n\n                              ^third_party/boringssl/include/openssl/base.h\n::16813::9 :note : errorprevious definition is here: :In file included from 31'OPENSSL_EXPORT' macro redefined [-Werror,-Wmacro-redefined]31typedef struct asn1_string_st ASN1_STRING;\n\n                              ^:#define OPENSSL_EXPORTthird_party/boringssl/crypto/asn1/a_d2i_fp.c\n\n::        ^\n note: previous definition is here\ntypedef struct asn1_string_st ASN1_GENERALIZEDTIME;\n                              ^\ntypedef int ASN1_BOOLEAN;\n            ^\nIn file included from third_party/boringssl/crypto/asn1/a_gentm.c:63:\nIn file included from third_party/boringssl/include/openssl/mem.h:In file included from 60third_party/boringssl/crypto/asn1/a_i2d_fp.c:\n:third_party/boringssl/include/openssl/base.h60:213:31 :61:\n/usr/local/opt/openssl@3/include/openssl/types.h\nerror:\n /usr/local/opt/openssl@3/include/openssl/e_os2.hIn file included from : :redefinition of typedef 'ASN1_OCTET_STRING' is a C11 feature [-Werror,-Wtypedef-redefinition]\nIn file included from error60: third_party/boringssl/include/openssl/buf.h:redefinition of typedef 'ASN1_GENERALSTRING' is a C11 feature [-Werror,-Wtypedef-redefinition]31\n::typedef struct asn1_string_st ASN1_OCTET_STRING;183\n: 11note: note: previous definition is here\n                              ^:\n60:\n/usr/local/opt/openssl@3/include/openssl/types.hthird_party/boringssl/include/openssl/base.h::48typedef struct asn1_string_st ASN1_GENERALSTRING;:31\n#  define OPENSSL_EXPORT extern                              ^216:third_party/boringssl/include/openssl/mem.h :note: \nprevious definition is here:\n31: :previous definition is here\n error:           ^\n\ntypedef struct asn1_string_st ASN1_OCTET_STRING;redefinition of typedef 'ASN1_OCTET_STRING' is a C11 feature [-Werror,-Wtypedef-redefinition]\n60                              ^:\n\n/usr/local/opt/openssl@3/include/openssl/types.hthird_party/boringssl/include/openssl/base.h::52205::3113:: typedef struct asn1_string_st ASN1_STRING;\nIn file included from \nthird_party/boringssl/crypto/asn1/a_dup.c:60:\n                              ^\n noteIn file included from errorthird_party/boringssl/include/openssl/mem.h: :60typedef struct asn1_string_st ASN1_OCTET_STRING;:\n\nthird_party/boringssl/include/openssl/base.h:                              ^In file included from \nthird_party/boringssl/crypto/asn1/a_mbstr.c: previous definition is here217\n:31:: errorIn file included from redefinition of typedef 'ASN1_NULL' is a C11 feature [-Werror,-Wtypedef-redefinition]third_party/boringssl/crypto/asn1/a_int.c:\n6262:\nIn file included from typedef struct asn1_string_st ASN1_GENERALSTRING;: \n:\n                              ^In file included from \ntypedef int ASN1_NULL;third_party/boringssl/include/openssl/mem.h\n:            ^\nredefinition of typedef 'ASN1_PRINTABLESTRING' is a C11 feature [-Werror,-Wtypedef-redefinition]third_party/boringssl/include/openssl/mem.h\n:60:\nthird_party/boringssl/include/openssl/base.h/usr/local/opt/openssl@3/include/openssl/types.h::202In file included from :third_party/boringssl/crypto/asn1/a_gentm.c13::63 :\n60errortypedef struct asn1_string_st ASN1_PRINTABLESTRING;/usr/local/opt/openssl@3/include/openssl/types.h: ::\n62third_party/boringssl/include/openssl/base.h::48219:In file included from 13typedef redefinition with different types ('int' vs 'struct crypto_threadid_st')\n:\n31:                               ^typedef int CRYPTO_THREADID;31\n            ^:\n \nnote: previous definition is here\n/usr/local/opt/openssl@3/include/openssl/types.h:49:31: typedef struct asn1_string_st ASN1_OCTET_STRING;\n                              ^\nerror: redefinition of typedef 'ASN1_T61STRING' is a C11 feature [-Werror,-Wtypedef-redefinition]\n/usr/local/opt/openssl@3/include/openssl/crypto.h:308:3note: : noteIn file included from : :previous definition is hereprevious definition is heretypedef struct asn1_string_st ASN1_T61STRING;\n\nthird_party/boringssl/include/openssl/mem.h                              ^third_party/boringssl/crypto/asn1/a_d2i_fp.c\n::6061:\n\nthird_party/boringssl/include/openssl/base.htypedef struct asn1_string_st ASN1_PRINTABLESTRING;/usr/local/opt/openssl@3/include/openssl/types.h\n} CRYPTO_THREADID;:\n\n::                              ^50\n:31  ^:\n noteIn file included from : previous definition is herethird_party/boringssl/include/openssl/buf.h\n214:31In file included from third_party/boringssl/crypto/asn1/a_int.c::In file included from :62typedef struct asn1_string_st ASN1_T61STRING; \nerror60:  redefinition of typedef 'ASN1_IA5STRING' is a C11 feature [-Werror,-Wtypedef-redefinition]\nnote: previous definition is here\nthird_party/boringssl/crypto/asn1/a_dup.c::\n60typedef int ASN1_NULL;:\n\nthird_party/boringssl/include/openssl/base.h            ^                              ^\n\nIn file included from typedef struct asn1_string_st ASN1_IA5STRING;third_party/boringssl/include/openssl/mem.h\n:                              ^60\n:\nthird_party/boringssl/include/openssl/base.h:\nIn file included from /usr/local/opt/openssl@3/include/openssl/types.hthird_party/boringssl/include/openssl/mem.hfatal error::51: 60too many errors emitted, stopping now [-ferror-limit=]In file included from :31:\n:::third_party/boringssl/include/openssl/base.h:\n204 217note:: 218:31:: error31: :redefinition of typedef 'ASN1_STRING' is a C11 feature [-Werror,-Wtypedef-redefinition] \nerror: redefinition of typedef 'ASN1_PRINTABLESTRING' is a C11 feature [-Werror,-Wtypedef-redefinition]\ntypedef struct asn1_string_st ASN1_STRING;typedef struct asn1_string_st ASN1_PRINTABLESTRING;\n13previous definition is here\n\n:                              ^                              ^\n\n error/usr/local/opt/openssl@3/include/openssl/types.h: :/usr/local/opt/openssl@3/include/openssl/types.htypedef struct asn1_string_st ASN1_IA5STRING;:third_party/boringssl/crypto/asn1/a_i2d_fp.c\n:                              ^60\n49:\n:In file included from 31third_party/boringssl/include/openssl/mem.h60redefinition of typedef 'ASN1_BOOLEAN' is a C11 feature [-Werror,-Wtypedef-redefinition]\n:In file included from  third_party/boringssl/crypto/asn1/a_gentm.c:note: ::60:\ntypedef int ASN1_BOOLEAN;63:\nIn file included from previous definition is herethird_party/boringssl/include/openssl/mem.h\n31: note: \ntypedef struct asn1_string_st ASN1_PRINTABLESTRING;\nthird_party/boringssl/include/openssl/base.h                              ^previous definition is here:            ^\n\n\n60:\nthird_party/boringssl/include/openssl/base.h:215:31: error: /usr/local/opt/openssl@3/include/openssl/types.htypedef struct asn1_string_st ASN1_STRING;:\nredefinition of typedef 'ASN1_INTEGER' is a C11 feature [-Werror,-Wtypedef-redefinition]:\n                              ^61\nIn file included from 206third_party/boringssl/crypto/asn1/a_d2i_fp.c::61typedef struct asn1_string_st ASN1_INTEGER;\n:\n                              ^In file included from \nthird_party/boringssl/crypto/asn1/a_dup.c::60/usr/local/opt/openssl@3/include/openssl/types.hIn file included from :29third_party/boringssl/include/openssl/buf.h:: 60error:\n: :\nredefinition of typedef 'ASN1_ITEM' is a C11 feature [-Werror,-Wtypedef-redefinition]\nIn file included from 13:third_party/boringssl/include/openssl/mem.h :note60third_party/boringssl/include/openssl/base.h:\n:third_party/boringssl/include/openssl/base.h218::21931::3145:: : previous definition is here\ntypedef struct ASN1_ITEM_st ASN1_ITEM; errorerror: : redefinition of typedef 'ASN1_STRING' is a C11 feature [-Werror,-Wtypedef-redefinition]\n31: note: previous definition is here\ntypedef struct asn1_string_st ASN1_STRING;typedef int ASN1_BOOLEAN;\n\n            ^                              ^\n\n\n/usr/local/opt/openssl@3/include/openssl/types.h                            ^redefinition of typedef 'ASN1_T61STRING' is a C11 feature [-Werror,-Wtypedef-redefinition]\ntypedef struct asn1_string_st ASN1_INTEGER;In file included from \nthird_party/boringssl/crypto/asn1/a_int.c:                              ^62\ntypedef struct asn1_string_st ASN1_T61STRING;\n:                              ^\n60:31: /usr/local/opt/openssl@3/include/openssl/types.hnote:: 50previous definition is here:\n31In file included from :third_party/boringssl/crypto/asn1/a_gentm.c :\ntypedef struct asn1_string_st ASN1_STRING;\nIn file included from                               ^\nnote: previous definition is here\n\nthird_party/boringssl/include/openssl/mem.h:60:\nthird_party/boringssl/include/openssl/base.h:205:13:typedef struct asn1_string_st ASN1_T61STRING; \nerror                              ^: \nredefinition of typedef 'ASN1_NULL' is a C11 feature [-Werror,-Wtypedef-redefinition]\nIn file included from third_party/boringssl/crypto/asn1/a_d2i_fp.c::61:\ntypedef int ASN1_NULL;63In file included from third_party/boringssl/include/openssl/buf.h/usr/local/opt/openssl@3/include/openssl/types.h:fatal error:6069:\nIn file included from \nthird_party/boringssl/include/openssl/mem.h            ^::\n: third_party/boringssl/include/openssl/base.h\n60too many errors emitted, stopping now [-ferror-limit=]:\n\n:third_party/boringssl/include/openssl/base.h219:31/usr/local/opt/openssl@3/include/openssl/types.h::216::31:  errorerror: : redefinition of typedef 'ASN1_OCTET_STRING' is a C11 feature [-Werror,-Wtypedef-redefinition]redefinition of typedef 'ASN1_T61STRING' is a C11 feature [-Werror,-Wtypedef-redefinition]\n62\n:13:typedef struct asn1_string_st ASN1_OCTET_STRING;typedef struct asn1_string_st ASN1_T61STRING;29\n                              ^:\n note/usr/local/opt/openssl@3/include/openssl/types.h: :previous definition is here\n50:                              ^31\n: note: /usr/local/opt/openssl@3/include/openssl/types.hprevious definition is here:\n48\n:31:typedef struct asn1_string_st ASN1_T61STRING;typedef int ASN1_NULL;\n\n                              ^\nIn file included from  note: third_party/boringssl/crypto/asn1/a_octet.cprevious definition is here:\n60:\n            ^\n: note: In file included from previous definition is here\nthird_party/boringssl/include/openssl/mem.htypedef struct asn1_string_st ASN1_OCTET_STRING;:In file included from 60typedef struct ASN1_ITEM_st ASN1_ITEM;:\nfatal error\n:                             ^too many errors emitted, stopping now [-ferror-limit=]\n\n                              ^\nthird_party/boringssl/include/openssl/base.hIn file included from :133:third_party/boringssl/crypto/asn1/a_gentm.c9::63 :\nIn file included from third_party/boringssl/include/openssl/mem.h:60third_party/boringssl/crypto/asn1/a_int.c:error: 62:\n:\nthird_party/boringssl/include/openssl/base.h\n:217:31: error: redefinition of typedef 'ASN1_PRINTABLESTRING' is a C11 feature [-Werror,-Wtypedef-redefinition]\ntypedef struct asn1_string_st ASN1_PRINTABLESTRING;\n                              ^\n'OPENSSL_VERSION_NUMBER' macro redefined [-Werror,-Wmacro-redefined]In file included from In file included from third_party/boringssl/crypto/asn1/a_i2d_fp.c:third_party/boringssl/include/openssl/mem.h60::\n60In file included from third_party/boringssl/include/openssl/mem.h\n/usr/local/opt/openssl@3/include/openssl/types.h:49:31: note: previous definition is here\n:\ntypedef struct asn1_string_st ASN1_PRINTABLESTRING;\nthird_party/boringssl/include/openssl/base.h                              ^:\n:20660:\nthird_party/boringssl/include/openssl/base.h#define OPENSSL_VERSION_NUMBER 0x100020af:\nIn file included from         ^:\n20729:31::  errorerror: : redefinition of typedef 'ASN1_ITEM' is a C11 feature [-Werror,-Wtypedef-redefinition]/usr/local/opt/openssl@3/include/openssl/opensslv.hredefinition of typedef 'ASN1_OBJECT' is a C11 feature [-Werror,-Wtypedef-redefinition]:99:\n10: note: previous definition is here\ntypedef struct asn1_object_st ASN1_OBJECT;\n                              ^\n/usr/local/opt/openssl@3/include/openssl/types.h# define OPENSSL_VERSION_NUMBER          \\\n         ^\n\nthird_party/boringssl/crypto/asn1/a_gentm.c:typedef struct ASN1_ITEM_st ASN1_ITEM;In file included from 63:\nIn file included from third_party/boringssl/include/openssl/mem.h:third_party/boringssl/crypto/asn1/a_octet.c:\n60:\nIn file included from 60third_party/boringssl/include/openssl/mem.h:\n:third_party/boringssl/include/openssl/base.h60::\n218:third_party/boringssl/include/openssl/base.h31::168 :error9: :redefinition of typedef 'ASN1_STRING' is a C11 feature [-Werror,-Wtypedef-redefinition] \nerror: 'OPENSSL_EXPORT' macro redefined [-Werror,-Wmacro-redefined]\ntypedef struct asn1_string_st ASN1_STRING;\n                              ^#define OPENSSL_EXPORT\n\n:/usr/local/opt/openssl@3/include/openssl/types.h:60        ^:\n                            ^\n/usr/local/opt/openssl@3/include/openssl/e_os2.h:183:/usr/local/opt/openssl@3/include/openssl/types.h11::69: 29note: previous definition is here\n:6631::31:  notenote: : previous definition is here\n#  define OPENSSL_EXPORT extern \nnote:           ^\nprevious definition is heretypedef struct asn1_object_st ASN1_OBJECT;\nprevious definition is here\n\ntypedef struct asn1_string_st ASN1_STRING;\ntypedef struct ASN1_ITEM_st ASN1_ITEM;                              ^                              ^\n\nIn file included from third_party/boringssl/crypto/asn1/a_gentm.cIn file included from :third_party/boringssl/crypto/asn1/a_i2d_fp.c63::\n60In file included from :\nIn file included from third_party/boringssl/include/openssl/mem.h:60third_party/boringssl/include/openssl/mem.h:\n:third_party/boringssl/include/openssl/base.h:60208:\nthird_party/boringssl/include/openssl/base.h:219\n:31:                            ^ \nerror: redefinition of typedef 'ASN1_T61STRING' is a C11 feature [-Werror,-Wtypedef-redefinition]\n:29:typedef struct asn1_string_st ASN1_T61STRING; errorIn file included from third_party/boringssl/crypto/asn1/a_octet.c\nIn file included from                               ^third_party/boringssl/crypto/asn1/a_int.c\n:62:\nIn file included from third_party/boringssl/include/openssl/mem.h/usr/local/opt/openssl@3/include/openssl/types.h:60:\nthird_party/boringssl/include/openssl/base.h:::6050:\n:31: noteIn file included from : previous definition is here\n207:typedef struct asn1_string_st ASN1_T61STRING;\n                              ^third_party/boringssl/include/openssl/mem.h\n:60:\nthird_party/boringssl/include/openssl/base.h:202:fatal error13:31 :error : errortypedef redefinition with different types ('int' vs 'struct crypto_threadid_st'): : too many errors emitted, stopping now [-ferror-limit=]\nredefinition of typedef 'ASN1_PCTX' is a C11 feature [-Werror,-Wtypedef-redefinition]\ntypedef struct asn1_pctx_st ASN1_PCTX;\n                            ^\n\ntypedef int CRYPTO_THREADID;\n            ^\n: redefinition of typedef 'ASN1_OBJECT' is a C11 feature [-Werror,-Wtypedef-redefinition]\ntypedef struct asn1_object_st ASN1_OBJECT;\n                              ^\n/usr/local/opt/openssl@3/include/openssl/crypto.h:308:3/usr/local/opt/openssl@3/include/openssl/types.h/usr/local/opt/openssl@3/include/openssl/types.h:: 70note:: 29:previous definition is here \nnote: previous definition is here\n} CRYPTO_THREADID;\n  ^\ntypedef struct asn1_pctx_st ASN1_PCTX;\n                            ^\nIn file included from third_party/boringssl/crypto/asn1/a_octet.c:60In file included from :\nthird_party/boringssl/crypto/asn1/a_i2d_fp.cIn file included from ::66:31: note: previous definition is here\ntypedef struct asn1_object_st ASN1_OBJECT;\n                              ^\nIn file included from third_party/boringssl/crypto/asn1/a_int.c:62:\nIn file included from third_party/boringssl/include/openssl/mem.hthird_party/boringssl/include/openssl/mem.h:60:\nthird_party/boringssl/include/openssl/base.h:204:13: :error: 60:\nthird_party/boringssl/include/openssl/base.h60::\n208In file included from :third_party/boringssl/include/openssl/mem.h:60redefinition of typedef 'ASN1_BOOLEAN' is a C11 feature [-Werror,-Wtypedef-redefinition]:\n\n29: errortypedef int ASN1_BOOLEAN;: \nredefinition of typedef 'ASN1_PCTX' is a C11 feature [-Werror,-Wtypedef-redefinition]\nthird_party/boringssl/include/openssl/base.h:209:31typedef struct asn1_pctx_st ASN1_PCTX;:\n                             ^error\n/usr/local/opt/openssl@3/include/openssl/types.h:70:: 29:redefinition of typedef 'ASN1_BIT_STRING' is a C11 feature [-Werror,-Wtypedef-redefinition] \nnote: 20 errors generated.\ntypedef struct asn1_string_st ASN1_BIT_STRING;\n                              ^\n/usr/local/opt/openssl@3/include/openssl/types.h:47:31: note: previous definition is here\ntypedef struct asn1_string_st ASN1_BIT_STRING;\n                              ^\n            ^In file included from \nthird_party/boringssl/crypto/asn1/a_i2d_fp.c:60:\nIn file included from third_party/boringssl/include/openssl/mem.h:60:\nthird_party/boringssl/include/openssl/base.h:210previous definition is here\n/usr/local/opt/openssl@3/include/openssl/types.h:61:13: note: previous definition is here\ntypedef struct asn1_pctx_st ASN1_PCTX;\n                            ^\ntypedef int ASN1_BOOLEAN;\n            ^\nIn file included from In file included from third_party/boringssl/crypto/asn1/a_octet.cthird_party/boringssl/crypto/asn1/a_int.c::6062:\n:\nIn file included from In file included from third_party/boringssl/include/openssl/mem.hthird_party/boringssl/include/openssl/mem.h::6060:\n:\nthird_party/boringssl/include/openssl/base.hthird_party/boringssl/include/openssl/base.h::205209::1331::  error: redefinition of typedef 'ASN1_BIT_STRING' is a C11 feature [-Werror,-Wtypedef-redefinition]error: redefinition of typedef 'ASN1_NULL' is a C11 feature [-Werror,-Wtypedef-redefinition]\ntypedef int ASN1_NULL;\n\n            ^\n/usr/local/opt/openssl@3/include/openssl/types.h:62:13: typedef struct asn1_string_st ASN1_BIT_STRING;\n                              ^:31:note: 20previous definition is here error\ns\n generated.\ntypedef int ASN1_NULL; /usr/local/opt/openssl@3/include/openssl/types.herror: \nredefinition of typedef 'ASN1_BMPSTRING' is a C11 feature [-Werror,-Wtypedef-redefinition]            ^\n\ntypedef struct asn1_string_st ASN1_BMPSTRING;\n                              ^\n/usr/local/opt/openssl@3/include/openssl/types.h:54:31:47:31: note: previous definition is here\ntypedef struct asn1_string_st ASN1_BIT_STRING;In file included from third_party/boringssl/crypto/asn1/a_octet.c\n:                              ^60\n:\nIn file included from third_party/boringssl/include/openssl/mem.h:60:\nthird_party/boringssl/include/openssl/base.h:206In file included from :third_party/boringssl/crypto/asn1/a_int.c:62:\nIn file included from third_party/boringssl/include/openssl/mem.h:60: note:\n: third_party/boringssl/include/openssl/base.h:previous definition is here210\n29: error: redefinition of typedef 'ASN1_ITEM' is a C11 feature [-Werror,-Wtypedef-redefinition]\n:typedef struct asn1_string_st ASN1_BMPSTRING;typedef struct ASN1_ITEM_st ASN1_ITEM;31\n:                            ^ \nerror: redefinition of typedef 'ASN1_BMPSTRING' is a C11 feature [-Werror,-Wtypedef-redefinition]\n/usr/local/opt/openssl@3/include/openssl/types.h:69:29:\n                              ^\ntypedef struct asn1_string_st ASN1_BMPSTRING;\n                              ^\nIn file included from third_party/boringssl/crypto/asn1/a_i2d_fp.c/usr/local/opt/openssl@3/include/openssl/types.h::5460::\n31In file included from :third_party/boringssl/include/openssl/mem.h :note60: :\nprevious definition is here\n note: typedef struct asn1_string_st ASN1_BMPSTRING;previous definition is here\n\n                              ^\nthird_party/boringssl/include/openssl/base.h:211:In file included from third_party/boringssl/crypto/asn1/a_int.ctypedef struct ASN1_ITEM_st ASN1_ITEM;:\n62                            ^:\n\nIn file included from third_party/boringssl/include/openssl/mem.h:60:\nthird_party/boringssl/include/openssl/base.h:211:31In file included from :third_party/boringssl/crypto/asn1/a_octet.c :error60: :\nredefinition of typedef 'ASN1_ENUMERATED' is a C11 feature [-Werror,-Wtypedef-redefinition]In file included from \nthird_party/boringssl/include/openssl/mem.h:60:\nthird_party/boringssl/include/openssl/base.h:207:31:typedef struct asn1_string_st ASN1_ENUMERATED;31: \nerror                              ^\n /usr/local/opt/openssl@3/include/openssl/types.h:error46: :31: redefinition of typedef 'ASN1_OBJECT' is a C11 feature [-Werror,-Wtypedef-redefinition]:\n note: previous definition is here\ntypedef struct asn1_string_st ASN1_ENUMERATED;\ntypedef struct asn1_object_st ASN1_OBJECT;                              ^\nredefinition of typedef 'ASN1_ENUMERATED' is a C11 feature [-Werror,-Wtypedef-redefinition]\ntypedef struct asn1_string_st ASN1_ENUMERATED;\n                              ^\n/usr/local/opt/openssl@3/include/openssl/types.h:46:In file included from third_party/boringssl/crypto/asn1/a_i2d_fp.c\n:                              ^60\n:\nIn file included from third_party/boringssl/include/openssl/mem.h/usr/local/opt/openssl@3/include/openssl/types.h::6660::\n31third_party/boringssl/include/openssl/base.h:: 212note:: 31previous definition is here:\n error31: :redefinition of typedef 'ASN1_GENERALIZEDTIME' is a C11 feature [-Werror,-Wtypedef-redefinition]\ntypedef struct asn1_object_st ASN1_OBJECT;\n                              ^\ntypedef struct asn1_string_st ASN1_GENERALIZEDTIME;\n                              ^\nIn file included from /usr/local/opt/openssl@3/include/openssl/types.hthird_party/boringssl/crypto/asn1/a_octet.c::5760::\n31In file included from :third_party/boringssl/include/openssl/mem.h :note60:\nthird_party/boringssl/include/openssl/base.h: note: : previous definition is hereprevious definition is here\n\ntypedef struct asn1_string_st ASN1_GENERALIZEDTIME;\n                              ^typedef struct asn1_string_st ASN1_ENUMERATED;\n208                              ^\n\nIn file included from third_party/boringssl/crypto/asn1/a_i2d_fp.c:60In file included from :third_party/boringssl/crypto/asn1/a_int.c:6229: error:\nIn file included from :\nthird_party/boringssl/include/openssl/mem.hIn file included from :60third_party/boringssl/include/openssl/mem.h: :redefinition of typedef 'ASN1_PCTX' is a C11 feature [-Werror,-Wtypedef-redefinition]\n60:\nthird_party/boringssl/include/openssl/base.h:212:31: error: typedef struct asn1_pctx_st ASN1_PCTX;redefinition of typedef 'ASN1_GENERALIZEDTIME' is a C11 feature [-Werror,-Wtypedef-redefinition]\n\n                            ^\n/usr/local/opt/openssl@3/include/openssl/types.h:70:29: note: previous definition is here\ntypedef struct asn1_string_st ASN1_GENERALIZEDTIME;\n                              ^\n/usr/local/opt/openssl@3/include/openssl/types.h:typedef struct asn1_pctx_st ASN1_PCTX;57:31::\n notethird_party/boringssl/include/openssl/base.h: :213:31previous definition is here\n                            ^\n\nIn file included from third_party/boringssl/crypto/asn1/a_octet.c:60typedef struct asn1_string_st ASN1_GENERALIZEDTIME;:\n: error: redefinition of typedef 'ASN1_GENERALSTRING' is a C11 feature [-Werror,-Wtypedef-redefinition]\ntypedef struct asn1_string_st ASN1_GENERALSTRING;In file included from \n                              ^third_party/boringssl/include/openssl/mem.h\n:60:\n/usr/local/opt/openssl@3/include/openssl/types.hthird_party/boringssl/include/openssl/base.h::52209:\n31:                               ^note\n: :previous definition is here\n31: error: redefinition of typedef 'ASN1_BIT_STRING' is a C11 feature [-Werror,-Wtypedef-redefinition]\ntypedef struct asn1_string_st ASN1_GENERALSTRING;\ntypedef struct asn1_string_st ASN1_BIT_STRING;                              ^\n\n                              ^In file included from third_party/boringssl/crypto/asn1/a_int.c:62\n:\nIn file included from third_party/boringssl/include/openssl/mem.h:In file included from 60third_party/boringssl/crypto/asn1/a_i2d_fp.c:\n:third_party/boringssl/include/openssl/base.h:213:31/usr/local/opt/openssl@3/include/openssl/types.h::47:31:60 note: :\nprevious definition is hereIn file included from \nthird_party/boringssl/include/openssl/mem.h:60:\nthird_party/boringssl/include/openssl/base.h:214:31: error: redefinition of typedef 'ASN1_IA5STRING' is a C11 feature [-Werror,-Wtypedef-redefinition]typedef struct asn1_string_st ASN1_BIT_STRING;\n\n                              ^\n In file included from errorthird_party/boringssl/crypto/asn1/a_octet.c: :60redefinition of typedef 'ASN1_GENERALSTRING' is a C11 feature [-Werror,-Wtypedef-redefinition]:\n\nIn file included from third_party/boringssl/include/openssl/mem.h:typedef struct asn1_string_st ASN1_IA5STRING;60\n:\n                              ^third_party/boringssl/include/openssl/base.h\n:210:31: /usr/local/opt/openssl@3/include/openssl/types.herrortypedef struct asn1_string_st ASN1_GENERALSTRING;\n                              ^\n/usr/local/opt/openssl@3/include/openssl/types.h:52:31: note: previous definition is here\n: redefinition of typedef 'ASN1_BMPSTRING' is a C11 feature [-Werror,-Wtypedef-redefinition]typedef struct asn1_string_st ASN1_GENERALSTRING;\n:\n51:31: note: previous definition is here                              ^\n\nIn file included from typedef struct asn1_string_st ASN1_IA5STRING;third_party/boringssl/crypto/asn1/a_int.c\n:                              ^62typedef struct asn1_string_st ASN1_BMPSTRING;:\n\nIn file included from 20 error\n                              ^\ns generated.\n/usr/local/opt/openssl@3/include/openssl/types.h:54:third_party/boringssl/include/openssl/mem.h:60:\nthird_party/boringssl/include/openssl/base.h31In file included from third_party/boringssl/crypto/asn1/a_i2d_fp.c:60:\nIn file included from third_party/boringssl/include/openssl/mem.h: note::: previous definition is here60:\n\nthird_party/boringssl/include/openssl/base.h:215:31: error: redefinition of typedef 'ASN1_INTEGER' is a C11 feature [-Werror,-Wtypedef-redefinition]\n20 errors generated.\ntypedef struct asn1_string_st ASN1_BMPSTRING;\n                              ^\n214In file included from :typedef struct asn1_string_st ASN1_INTEGER;31\n:                              ^ \nerror: redefinition of typedef 'ASN1_IA5STRING' is a C11 feature [-Werror,-Wtypedef-redefinition]\n/usr/local/opt/openssl@3/include/openssl/types.h:45:31:typedef struct asn1_string_st ASN1_IA5STRING; \nnote                              ^: \nprevious definition is here\n/usr/local/opt/openssl@3/include/openssl/types.h:51:31: note: typedef struct asn1_string_st ASN1_INTEGER;previous definition is here\n                              ^\nthird_party/boringssl/crypto/asn1/a_octet.c:60:\nIn file included from third_party/boringssl/include/openssl/mem.h:60:\n\nIn file included from third_party/boringssl/crypto/asn1/a_i2d_fp.ctypedef struct asn1_string_st ASN1_IA5STRING;\n:                              ^60third_party/boringssl/include/openssl/base.h:\n:In file included from third_party/boringssl/include/openssl/mem.h211:31:\n:60 :\nerrorthird_party/boringssl/include/openssl/base.h: :216redefinition of typedef 'ASN1_ENUMERATED' is a C11 feature [-Werror,-Wtypedef-redefinition]:\n31: error: redefinition of typedef 'ASN1_OCTET_STRING' is a C11 feature [-Werror,-Wtypedef-redefinition]\ntypedef struct asn1_string_st ASN1_ENUMERATED;\ntypedef struct asn1_string_st ASN1_OCTET_STRING;                              ^\n\n                              ^/usr/local/opt/openssl@3/include/openssl/types.h\n:46In file included from :31third_party/boringssl/crypto/asn1/a_int.c:: 62note:\n: In file included from previous definition is herethird_party/boringssl/include/openssl/mem.h\ntypedef struct asn1_string_st ASN1_ENUMERATED;\n                              ^\n:60:\nthird_party/boringssl/include/openssl/base.h:215:31: error: redefinition of typedef 'ASN1_INTEGER' is a C11 feature [-Werror,-Wtypedef-redefinition]\n/usr/local/opt/openssl@3/include/openssl/types.h:48:31: typedef struct asn1_string_st ASN1_INTEGER;note\n:                               ^previous definition is here\n\n/usr/local/opt/openssl@3/include/openssl/types.h:45In file included from :31: note: previous definition is here\ntypedef struct asn1_string_st ASN1_OCTET_STRING;\n                              ^\ntypedef struct asn1_string_st ASN1_INTEGER;\n                              ^\nIn file included from third_party/boringssl/crypto/asn1/a_int.c:62:\nIn file included from third_party/boringssl/include/openssl/mem.h:In file included from 60:\nthird_party/boringssl/include/openssl/base.h:third_party/boringssl/crypto/asn1/a_octet.c216:31third_party/boringssl/crypto/asn1/a_i2d_fp.c:: error60: :\nIn file included from third_party/boringssl/include/openssl/mem.h::60:\n60third_party/boringssl/include/openssl/base.h:\nredefinition of typedef 'ASN1_OCTET_STRING' is a C11 feature [-Werror,-Wtypedef-redefinition]\nIn file included from :217:third_party/boringssl/include/openssl/mem.h31::typedef struct asn1_string_st ASN1_OCTET_STRING; \nerror                              ^: \n60/usr/local/opt/openssl@3/include/openssl/types.h:\n:48third_party/boringssl/include/openssl/base.h:212:31: redefinition of typedef 'ASN1_PRINTABLESTRING' is a C11 feature [-Werror,-Wtypedef-redefinition]error\n:31: note: previous definition is here\ntypedef struct asn1_string_st ASN1_PRINTABLESTRING;\n                              ^\n/usr/local/opt/openssl@3/include/openssl/types.h:49:31: typedef struct asn1_string_st ASN1_OCTET_STRING;note\n:                               ^previous definition is here\n: redefinition of typedef 'ASN1_GENERALIZEDTIME' is a C11 feature [-Werror,-Wtypedef-redefinition]\nIn file included from third_party/boringssl/crypto/asn1/a_int.c:\n62:\nIn file included from third_party/boringssl/include/openssl/mem.htypedef struct asn1_string_st ASN1_GENERALIZEDTIME;:60\n:\nthird_party/boringssl/include/openssl/base.h                              ^:\n217:31/usr/local/opt/openssl@3/include/openssl/types.h:: 57error: redefinition of typedef 'ASN1_PRINTABLESTRING' is a C11 feature [-Werror,-Wtypedef-redefinition]\ntypedef struct asn1_string_st ASN1_PRINTABLESTRING;\n                              ^:\n/usr/local/opt/openssl@3/include/openssl/types.h31::49 :note: previous definition is here\nmake: *** [/Users/runner/actions-runner/_work/python.build/python.build/build_grpcio18139/grpcio-1.8.1/objs/opt/third_party/boringssl/crypto/asn1/a_dup.o] Error 1typedef struct asn1_string_st ASN1_GENERALIZEDTIME;\n\n                              ^\ntypedef struct asn1_string_st ASN1_PRINTABLESTRING;\n                              ^\n31: note: In file included from previous definition is herethird_party/boringssl/crypto/asn1/a_octet.cIn file included from \nthird_party/boringssl/crypto/asn1/a_i2d_fp.c::60:\nIn file included from third_party/boringssl/include/openssl/mem.h:60:\nthird_party/boringssl/include/openssl/base.h:218:31: error: redefinition of typedef 'ASN1_STRING' is a C11 feature [-Werror,-Wtypedef-redefinition]\ntypedef struct asn1_string_st ASN1_STRING;\n                              ^\ntypedef struct asn1_string_st ASN1_PRINTABLESTRING;\n                              ^60/usr/local/opt/openssl@3/include/openssl/types.h:\n:In file included from third_party/boringssl/include/openssl/mem.h60::6031:\n:third_party/boringssl/include/openssl/base.h:213:\n31: error:  note: previous definition is hereIn file included from \nthird_party/boringssl/crypto/asn1/a_int.c:62:\nIn file included from third_party/boringssl/include/openssl/mem.h:60typedef struct asn1_string_st ASN1_STRING;:\n\nthird_party/boringssl/include/openssl/base.h                              ^redefinition of typedef 'ASN1_GENERALSTRING' is a C11 feature [-Werror,-Wtypedef-redefinition]\n\n:typedef struct asn1_string_st ASN1_GENERALSTRING;\n218:31: In file included from errorthird_party/boringssl/crypto/asn1/a_i2d_fp.c: :redefinition of typedef 'ASN1_STRING' is a C11 feature [-Werror,-Wtypedef-redefinition]60\n                              ^\n:\n/usr/local/opt/openssl@3/include/openssl/types.h:typedef struct asn1_string_st ASN1_STRING;52\n:                              ^In file included from 31\n: /usr/local/opt/openssl@3/include/openssl/types.h:60:31note:third_party/boringssl/include/openssl/mem.h:: 60:\nthird_party/boringssl/include/openssl/base.h:219 :31previous definition is here\ntypedef struct asn1_string_st ASN1_GENERALSTRING;\n                              ^\nnote: :previous definition is here\n In file included from third_party/boringssl/crypto/asn1/a_octet.c:60:\nIn file included from third_party/boringssl/include/openssl/mem.h:60:\nthird_party/boringssl/include/openssl/base.h:typedef struct asn1_string_st ASN1_STRING;214:31: errorerror: redefinition of typedef 'ASN1_T61STRING' is a C11 feature [-Werror,-Wtypedef-redefinition]: \n                              ^\n\nIn file included from third_party/boringssl/crypto/asn1/a_int.credefinition of typedef 'ASN1_IA5STRING' is a C11 feature [-Werror,-Wtypedef-redefinition]:6220typedef struct asn1_string_st ASN1_T61STRING;\n errors\n generated                              ^:\n\n.\n/usr/local/opt/openssl@3/include/openssl/types.h:50:31: notetypedef struct asn1_string_st ASN1_IA5STRING;\n                              ^\nIn file included from /usr/local/opt/openssl@3/include/openssl/types.h:51third_party/boringssl/include/openssl/mem.h::31: note: previous definition is here\n: 60:\ntypedef struct asn1_string_st ASN1_IA5STRING;previous definition is here\n\n                              ^\nthird_party/boringssl/include/openssl/base.h:219:31: error: redefinition of typedef 'ASN1_T61STRING' is a C11 feature [-Werror,-Wtypedef-redefinition]\ntypedef struct asn1_string_st ASN1_T61STRING;\n                              ^\ntypedef struct asn1_string_st ASN1_T61STRING;\n                              ^\n/usr/local/opt/openssl@3/include/openssl/types.h:50:In file included from third_party/boringssl/crypto/asn1/a_octet.c:fatal error6031: :too many errors emitted, stopping now [-ferror-limit=]\n:\nIn file included from third_party/boringssl/include/openssl/mem.h:60:\nthird_party/boringssl/include/openssl/base.h:215:31: error: redefinition of typedef 'ASN1_INTEGER' is a C11 feature [-Werror,-Wtypedef-redefinition] note: previous definition is here\ntypedef struct asn1_string_st ASN1_T61STRING;\n                              ^\nfatal error: too many errors emitted, stopping now [-ferror-limit=]\n\ntypedef struct asn1_string_st ASN1_INTEGER;\n                              ^\n/usr/local/opt/openssl@3/include/openssl/types.h:45:31: note: previous definition is here\ntypedef struct asn1_string_st ASN1_INTEGER;\n                              ^\nIn file included from third_party/boringssl/crypto/asn1/a_octet.c:60:\nIn file included from third_party/boringssl/include/openssl/mem.h:60:\nthird_party/boringssl/include/openssl/base.h:216:31: error: redefinition of typedef 'ASN1_OCTET_STRING' is a C11 feature [-Werror,-Wtypedef-redefinition]\ntypedef struct asn1_string_st ASN1_OCTET_STRING;\n                              ^\n/usr/local/opt/openssl@3/include/openssl/types.h:48:31: note: previous definition is here\ntypedef struct asn1_string_st ASN1_OCTET_STRING;\n                              ^\nIn file included from third_party/boringssl/crypto/asn1/a_octet.c:60:\nIn file included from third_party/boringssl/include/openssl/mem.h:60:\nthird_party/boringssl/include/openssl/base.h:217:31: error: redefinition of typedef 'ASN1_PRINTABLESTRING' is a C11 feature [-Werror,-Wtypedef-redefinition]\nmake: *** [/Users/runner/actions-runner/_work/python.build/python.build/build_grpcio18139/grpcio-1.8.1/objs/opt/third_party/boringssl/crypto/asn1/a_mbstr.o] Error 1\ntypedef struct asn1_string_st ASN1_PRINTABLESTRING;\n                              ^\n/usr/local/opt/openssl@3/include/openssl/types.h:49:31: note: previous definition is here\ntypedef struct asn1_string_st ASN1_PRINTABLESTRING;\n                              ^\nIn file included from third_party/boringssl/crypto/asn1/a_octet.c:60:\nIn file included from third_party/boringssl/include/openssl/mem.h:60:\nthird_party/boringssl/include/openssl/base.h:218:31: error: redefinition of typedef 'ASN1_STRING' is a C11 feature [-Werror,-Wtypedef-redefinition]\ntypedef struct asn1_string_st ASN1_STRING;\n                              ^\n/usr/local/opt/openssl@3/include/openssl/types.h:60:31: In file included from notethird_party/boringssl/crypto/asn1/a_enum.c: :previous definition is here62\n:\nIn file included from third_party/boringssl/include/openssl/mem.h:60:\nthird_party/boringssl/include/openssl/base.h:typedef struct asn1_string_st ASN1_STRING;133\n:                              ^9\n: error: 'OPENSSL_VERSION_NUMBER' macro redefined [-Werror,-Wmacro-redefined]\nIn file included from third_party/boringssl/crypto/asn1/a_octet.c:60:\nIn file included from third_party/boringssl/include/openssl/mem.h:60:\nthird_party/boringssl/include/openssl/base.h:219#define OPENSSL_VERSION_NUMBER 0x100020af:\n31        ^:\n error: redefinition of typedef 'ASN1_T61STRING' is a C11 feature [-Werror,-Wtypedef-redefinition]\n/usr/local/opt/openssl@3/include/openssl/opensslv.h:99:10: note: previous definition is heretypedef struct asn1_string_st ASN1_T61STRING;\n\n                              ^\n/usr/local/opt/openssl@3/include/openssl/types.h# define OPENSSL_VERSION_NUMBER          \\:\n50         ^:\n31: note: In file included from third_party/boringssl/crypto/asn1/a_enum.c:62:\nIn file included from third_party/boringssl/include/openssl/mem.h:60previous definition is here:\nthird_party/boringssl/include/openssl/base.h:168:9\n:typedef struct asn1_string_st ASN1_T61STRING; \nerror                              ^: \n'OPENSSL_EXPORT' macro redefined [-Werror,-Wmacro-redefined]\n#define OPENSSL_EXPORT\n        ^\nfatal error: too many errors emitted, stopping now [-ferror-limit=]\n/usr/local/opt/openssl@3/include/openssl/e_os2.h:183:11: note: previous definition is here\n#  define OPENSSL_EXPORT extern\n          ^\nIn file included from third_party/boringssl/crypto/asn1/a_enum.c:62:\nIn file included from third_party/boringssl/include/openssl/mem.h:60:\nthird_party/boringssl/include/openssl/base.h:202:13: error: typedef redefinition with different types ('int' vs 'struct crypto_threadid_st')\ntypedef int CRYPTO_THREADID;\n            ^\n/usr/local/opt/openssl@3/include/openssl/crypto.h:308:3: note: previous definition is here\n} CRYPTO_THREADID;\n  ^\nIn file included from third_party/boringssl/crypto/asn1/a_enum.c:62:\nIn file included from third_party/boringssl/include/openssl/mem.h:60:\nthird_party/boringssl/include/openssl/base.h:204:13: error: redefinition of typedef 'ASN1_BOOLEAN' is a C11 feature [-Werror,-Wtypedef-redefinition]\ntypedef int ASN1_BOOLEAN;\n            ^\n/usr/local/opt/openssl@3/include/openssl/types.h:61:13: note: previous definition is here\ntypedef int ASN1_BOOLEAN;\n            ^\nIn file included from third_party/boringssl/crypto/asn1/a_enum.c:62:\nIn file included from third_party/boringssl/include/openssl/mem.h:60:\nthird_party/boringssl/include/openssl/base.h:205:13: error: redefinition of typedef 'ASN1_NULL' is a C11 feature [-Werror,-Wtypedef-redefinition]\ntypedef int ASN1_NULL;\n            ^\n/usr/local/opt/openssl@3/include/openssl/types.h:62:13: note: previous definition is here\ntypedef int ASN1_NULL;\n            ^\nIn file included from third_party/boringssl/crypto/asn1/a_enum.c:62:\nIn file included from third_party/boringssl/include/openssl/mem.h:60:\nthird_party/boringssl/include/openssl/base.h:206:29: error: redefinition of typedef 'ASN1_ITEM' is a C11 feature [-Werror,-Wtypedef-redefinition]make: \n*** [/Users/runner/actions-runner/_work/python.build/python.build/build_grpcio18139/grpcio-1.8.1/objs/opt/third_party/boringssl/crypto/asn1/a_object.o] Error 1\ntypedef struct ASN1_ITEM_st ASN1_ITEM;\n                            ^\nmake: /usr/local/opt/openssl@3/include/openssl/types.h*** [/Users/runner/actions-runner/_work/python.build/python.build/build_grpcio18139/grpcio-1.8.1/objs/opt/third_party/boringssl/crypto/asn1/a_gentm.o] Error 1\n:69:29:20  errornote: previous definition is here\ns generated.\ntypedef struct ASN1_ITEM_st ASN1_ITEM;\n                            ^\nIn file included from third_party/boringssl/crypto/asn1/a_enum.c:62:\nIn file included from third_party/boringssl/include/openssl/mem.h:60:\nthird_party/boringssl/include/openssl/base.h:207:31: error: redefinition of typedef 'ASN1_OBJECT' is a C11 feature [-Werror,-Wtypedef-redefinition]\ntypedef struct asn1_object_st ASN1_OBJECT;\n                              ^\n/usr/local/opt/openssl@3/include/openssl/types.h:66:31: note: previous definition is here\ntypedef struct asn1_object_st ASN1_OBJECT;\n                              ^\nIn file included from third_party/boringssl/crypto/asn1/a_enum.c:62:\nIn file included from third_party/boringssl/include/openssl/mem.h:60:\nthird_party/boringssl/include/openssl/base.h:208:29: error: redefinition of typedef 'ASN1_PCTX' is a C11 feature [-Werror,-Wtypedef-redefinition]\ntypedef struct asn1_pctx_st ASN1_PCTX;\n                            ^\n/usr/local/opt/openssl@3/include/openssl/types.h:70:29: note: previous definition is here\ntypedef struct asn1_pctx_st ASN1_PCTX;\n                            ^\nIn file included from third_party/boringssl/crypto/asn1/a_enum.c:62:\nIn file included from third_party/boringssl/include/openssl/mem.h:60:\nthird_party/boringssl/include/openssl/base.h:209:20 errors generated31.\n: error: redefinition of typedef 'ASN1_BIT_STRING' is a C11 feature [-Werror,-Wtypedef-redefinition]\ntypedef struct asn1_string_st ASN1_BIT_STRING;\n                              ^\n/usr/local/opt/openssl@3/include/openssl/types.h:47:31: note: previous definition is here\ntypedef struct asn1_string_st ASN1_BIT_STRING;\n                              ^\nIn file included from third_party/boringssl/crypto/asn1/a_enum.c:62:\nIn file included from third_party/boringssl/include/openssl/mem.h:60:\nthird_party/boringssl/include/openssl/base.h:210:31: error: redefinition of typedef 'ASN1_BMPSTRING' is a C11 feature [-Werror,-Wtypedef-redefinition]\ntypedef struct asn1_string_st ASN1_BMPSTRING;\n                              ^\n/usr/local/opt/openssl@3/include/openssl/types.h:54:31: note: previous definition is here\ntypedef struct asn1_string_st ASN1_BMPSTRING;\n                              ^\nIn file included from third_party/boringssl/crypto/asn1/a_enum.c:62:\nIn file included from third_party/boringssl/include/openssl/mem.h:60:\nthird_party/boringssl/include/openssl/base.h:211:31: error: redefinition of typedef 'ASN1_ENUMERATED' is a C11 feature [-Werror,-Wtypedef-redefinition]\ntypedef struct asn1_string_st ASN1_ENUMERATED;\n                              ^\n/usr/local/opt/openssl@3/include/openssl/types.h:46:31: note: previous definition is here\ntypedef struct asn1_string_st ASN1_ENUMERATED;\n                              ^\nIn file included from third_party/boringssl/crypto/asn1/a_enum.c:62:\nIn file included from third_party/boringssl/include/openssl/mem.h:60:\nthird_party/boringssl/include/openssl/base.h:212:31: error: redefinition of typedef 'ASN1_GENERALIZEDTIME' is a C11 feature [-Werror,-Wtypedef-redefinition]\ntypedef struct asn1_string_st ASN1_GENERALIZEDTIME;\n                              ^\n/usr/local/opt/openssl@3/include/openssl/types.h:57:31: note: previous definition is here\ntypedef struct asn1_string_st ASN1_GENERALIZEDTIME;\n                              ^\nIn file included from third_party/boringssl/crypto/asn1/a_enum.c:62:\nIn file included from third_party/boringssl/include/openssl/mem.h:60:\nthird_party/boringssl/include/openssl/base.h:213:31: error: redefinition of typedef 'ASN1_GENERALSTRING' is a C11 feature [-Werror,-Wtypedef-redefinition]\ntypedef struct asn1_string_st ASN1_GENERALSTRING;\n                              ^\n/usr/local/opt/openssl@3/include/openssl/types.h:52:31: note: previous definition is here\ntypedef struct asn1_string_st ASN1_GENERALSTRING;\n                              ^\nIn file included from third_party/boringssl/crypto/asn1/a_enum.c:62:\nIn file included from third_party/boringssl/include/openssl/mem.h:60:\nthird_party/boringssl/include/openssl/base.h:214:31: error: redefinition of typedef 'ASN1_IA5STRING' is a C11 feature [-Werror,-Wtypedef-redefinition]\ntypedef struct asn1_string_st ASN1_IA5STRING;\n                              ^\n/usr/local/opt/openssl@3/include/openssl/types.h:51:31: note: previous definition is here\ntypedef struct asn1_string_st ASN1_IA5STRING;\n                              ^\nIn file included from third_party/boringssl/crypto/asn1/a_enum.c:62:\nIn file included from third_party/boringssl/include/openssl/mem.h:60:\nthird_party/boringssl/include/openssl/base.h:215:31: error: redefinition of typedef 'ASN1_INTEGER' is a C11 feature [-Werror,-Wtypedef-redefinition]\ntypedef struct asn1_string_st ASN1_INTEGER;\n                              ^\n/usr/local/opt/openssl@3/include/openssl/types.h:45:31: note: previous definition is here\ntypedef struct asn1_string_st ASN1_INTEGER;\n                              ^\nIn file included from third_party/boringssl/crypto/asn1/a_enum.c:62:\nIn file included from third_party/boringssl/include/openssl/mem.h:60:\nthird_party/boringssl/include/openssl/base.h:216:31: error: redefinition of typedef 'ASN1_OCTET_STRING' is a C11 feature [-Werror,-Wtypedef-redefinition]\ntypedef struct asn1_string_st ASN1_OCTET_STRING;\n                              ^\n/usr/local/opt/openssl@3/include/openssl/types.h:48:31: note: previous definition is here\ntypedef struct asn1_string_st ASN1_OCTET_STRING;\n                              ^\nIn file included from third_party/boringssl/crypto/asn1/a_enum.c:62:\nIn file included from third_party/boringssl/include/openssl/mem.h:60:\nthird_party/boringssl/include/openssl/base.h:217:31: error: redefinition of typedef 'ASN1_PRINTABLESTRING' is a C11 feature [-Werror,-Wtypedef-redefinition]\ntypedef struct asn1_string_st ASN1_PRINTABLESTRING;\n                              ^\n/usr/local/opt/openssl@3/include/openssl/types.h:49:31: note: previous definition is here\ntypedef struct asn1_string_st ASN1_PRINTABLESTRING;\n                              ^\nIn file included from third_party/boringssl/crypto/asn1/a_enum.c:62:\nIn file included from third_party/boringssl/include/openssl/mem.h:60:\nthird_party/boringssl/include/openssl/base.h:218:31: error: redefinition of typedef 'ASN1_STRING' is a C11 feature [-Werror,-Wtypedef-redefinition]\ntypedef struct asn1_string_st ASN1_STRING;\n                              ^\n/usr/local/opt/openssl@3/include/openssl/types.h:60:31: note: previous definition is here\ntypedef struct asn1_string_st ASN1_STRING;\n                              ^\nIn file included from third_party/boringssl/crypto/asn1/a_enum.c:62:\nIn file included from third_party/boringssl/include/openssl/mem.h:60:\nthird_party/boringssl/include/openssl/base.h:219:31: error: redefinition of typedef 'ASN1_T61STRING' is a C11 feature [-Werror,-Wtypedef-redefinition]\ntypedef struct asn1_string_st ASN1_T61STRING;\n                              ^\n/usr/local/opt/openssl@3/include/openssl/types.h:50:31: note: previous definition is here\ntypedef struct asn1_string_st ASN1_T61STRING;\n                              ^\nfatal error: too many errors emitted, stopping now [-ferror-limit=]\nmake: *** [/Users/runner/actions-runner/_work/python.build/python.build/build_grpcio18139/grpcio-1.8.1/objs/opt/third_party/boringssl/crypto/asn1/a_d2i_fp.o] Error 1\n20 errors generated.\nmake: *** [/Users/runner/actions-runner/_work/python.build/python.build/build_grpcio18139/grpcio-1.8.1/objs/opt/third_party/boringssl/crypto/asn1/a_i2d_fp.o] Error 1\nIn file included from third_party/boringssl/crypto/asn1/a_bitstr.c:62:\nIn file included from third_party/boringssl/include/openssl/mem.h:60:\nthird_party/boringssl/include/openssl/base.h:133:9: error: 'OPENSSL_VERSION_NUMBER' macro redefined [-Werror,-Wmacro-redefined]\n#define OPENSSL_VERSION_NUMBER 0x100020af\n        ^\n/usr/local/opt/openssl@3/include/openssl/opensslv.h:99:10: note: previous definition is here\n# define OPENSSL_VERSION_NUMBER          \\\n         ^\nIn file included from third_party/boringssl/crypto/asn1/a_bitstr.c:62:\nIn file included from third_party/boringssl/include/openssl/mem.h:60:\nthird_party/boringssl/include/openssl/base.h:168:9: error: 'OPENSSL_EXPORT' macro redefined [-Werror,-Wmacro-redefined]\n#define OPENSSL_EXPORT\n        ^\n/usr/local/opt/openssl@3/include/openssl/e_os2.h:183:11: note: previous definition is here\nmake: *** [/Users/runner/actions-runner/_work/python.build/python.build/build_grpcio18139/grpcio-1.8.1/objs/opt/third_party/boringssl/crypto/asn1/a_octet.o] Error 1#  define OPENSSL_EXPORT extern\n\n          ^\nIn file included from third_party/boringssl/crypto/asn1/a_bitstr.c:62:\nIn file included from third_party/boringssl/include/openssl/mem.h:60:\nthird_party/boringssl/include/openssl/base.h:202:13: error: typedef redefinition with different types ('int' vs 'struct crypto_threadid_st')\ntypedef int CRYPTO_THREADID;\n            ^\n/usr/local/opt/openssl@3/include/openssl/crypto.h:308:3: note: previous definition is here\n} CRYPTO_THREADID;\n  ^\nIn file included from third_party/boringssl/crypto/asn1/a_bitstr.c:62:\nIn file included from third_party/boringssl/include/openssl/mem.h:60:\nthird_party/boringssl/include/openssl/base.h:204:13: error: redefinition of typedef 'ASN1_BOOLEAN' is a C11 feature [-Werror,-Wtypedef-redefinition]\ntypedef int ASN1_BOOLEAN;\n            ^\n/usr/local/opt/openssl@3/include/openssl/types.h:61:13: note: previous definition is here\ntypedef int ASN1_BOOLEAN;\n            ^\nIn file included from third_party/boringssl/crypto/asn1/a_bitstr.c:62:\nIn file included from third_party/boringssl/include/openssl/mem.h:60:\nthird_party/boringssl/include/openssl/base.h:205:13: error: redefinition of typedef 'ASN1_NULL' is a C11 feature [-Werror,-Wtypedef-redefinition]\ntypedef int ASN1_NULL;\n            ^\n/usr/local/opt/openssl@3/include/openssl/types.h:62:13: note: previous definition is here\ntypedef int ASN1_NULL;\n            ^\nIn file included from third_party/boringssl/crypto/asn1/a_bitstr.c:62:\nIn file included from third_party/boringssl/include/openssl/mem.h:60:\nthird_party/boringssl/include/openssl/base.h:206:29: error: redefinition of typedef 'ASN1_ITEM' is a C11 feature [-Werror,-Wtypedef-redefinition]\ntypedef struct ASN1_ITEM_st ASN1_ITEM;\n                            ^\n/usr/local/opt/openssl@3/include/openssl/types.h:69:29: note: previous definition is here\ntypedef struct ASN1_ITEM_st ASN1_ITEM;\n                            ^\nIn file included from third_party/boringssl/crypto/asn1/a_bitstr.c:62:\nIn file included from third_party/boringssl/include/openssl/mem.h:60:\nthird_party/boringssl/include/openssl/base.h:207:31: error: redefinition of typedef 'ASN1_OBJECT' is a C11 feature [-Werror,-Wtypedef-redefinition]\ntypedef struct asn1_object_st ASN1_OBJECT;\n                              ^\n/usr/local/opt/openssl@3/include/openssl/types.h:66:31: note: previous definition is here\ntypedef struct asn1_object_st ASN1_OBJECT;\n                              ^\nIn file included from third_party/boringssl/crypto/asn1/a_bitstr.c:62:\nIn file included from third_party/boringssl/include/openssl/mem.h:60:\nthird_party/boringssl/include/openssl/base.h:208:29: error: redefinition of typedef 'ASN1_PCTX' is a C11 feature [-Werror,-Wtypedef-redefinition]\ntypedef struct asn1_pctx_st ASN1_PCTX;\n                            ^\n/usr/local/opt/openssl@3/include/openssl/types.h:70:29: note: previous definition is here\ntypedef struct asn1_pctx_st ASN1_PCTX;\n                            ^\nIn file included from third_party/boringssl/crypto/asn1/a_bitstr.c:62:\nIn file included from third_party/boringssl/include/openssl/mem.h:60:\nthird_party/boringssl/include/openssl/base.h:209:31: error: redefinition of typedef 'ASN1_BIT_STRING' is a C11 feature [-Werror,-Wtypedef-redefinition]\ntypedef struct asn1_string_st ASN1_BIT_STRING;\n                              ^\n/usr/local/opt/openssl@3/include/openssl/types.h:47:31: note: previous definition is here\ntypedef struct asn1_string_st ASN1_BIT_STRING;\n                              ^\nIn file included from third_party/boringssl/crypto/asn1/a_bitstr.c:62:\nIn file included from third_party/boringssl/include/openssl/mem.h:60:\nthird_party/boringssl/include/openssl/base.h:210:31: error: redefinition of typedef 'ASN1_BMPSTRING' is a C11 feature [-Werror,-Wtypedef-redefinition]\ntypedef struct asn1_string_st ASN1_BMPSTRING;\n                              ^\n/usr/local/opt/openssl@3/include/openssl/types.h:2054 errors generated.\n:31: note: previous definition is here\ntypedef struct asn1_string_st ASN1_BMPSTRING;\n                              ^\nIn file included from third_party/boringssl/crypto/asn1/a_bitstr.c:62:\nIn file included from third_party/boringssl/include/openssl/mem.h:60:\nthird_party/boringssl/include/openssl/base.h:211:31: error: redefinition of typedef 'ASN1_ENUMERATED' is a C11 feature [-Werror,-Wtypedef-redefinition]\ntypedef struct asn1_string_st ASN1_ENUMERATED;\n                              ^\n/usr/local/opt/openssl@3/include/openssl/types.h:46:31: note: previous definition is here\ntypedef struct asn1_string_st ASN1_ENUMERATED;\n                              ^\nIn file included from third_party/boringssl/crypto/asn1/a_bitstr.c:62:\nIn file included from third_party/boringssl/include/openssl/mem.h:60:\nthird_party/boringssl/include/openssl/base.h:212:31: error: redefinition of typedef 'ASN1_GENERALIZEDTIME' is a C11 feature [-Werror,-Wtypedef-redefinition]\ntypedef struct asn1_string_st ASN1_GENERALIZEDTIME;\n                              ^\n/usr/local/opt/openssl@3/include/openssl/types.h:57:31: note: previous definition is here\ntypedef struct asn1_string_st ASN1_GENERALIZEDTIME;\n                              ^\nIn file included from third_party/boringssl/crypto/asn1/a_bitstr.c:62:\nIn file included from third_party/boringssl/include/openssl/mem.h:60:\nthird_party/boringssl/include/openssl/base.h:213:31: error: redefinition of typedef 'ASN1_GENERALSTRING' is a C11 feature [-Werror,-Wtypedef-redefinition]\ntypedef struct asn1_string_st ASN1_GENERALSTRING;\n                              ^\n/usr/local/opt/openssl@3/include/openssl/types.h:52:31: note: previous definition is here\ntypedef struct asn1_string_st ASN1_GENERALSTRING;\n                              ^\nIn file included from third_party/boringssl/crypto/asn1/a_bitstr.c:62:\nIn file included from third_party/boringssl/include/openssl/mem.h:60:\nthird_party/boringssl/include/openssl/base.h:214:31: error: redefinition of typedef 'ASN1_IA5STRING' is a C11 feature [-Werror,-Wtypedef-redefinition]\ntypedef struct asn1_string_st ASN1_IA5STRING;\n                              ^\n/usr/local/opt/openssl@3/include/openssl/types.h:51:31: note: previous definition is here\ntypedef struct asn1_string_st ASN1_IA5STRING;\n                              ^\nIn file included from third_party/boringssl/crypto/asn1/a_bitstr.c:62:\nIn file included from third_party/boringssl/include/openssl/mem.h:60:\nthird_party/boringssl/include/openssl/base.h:215:31: error: redefinition of typedef 'ASN1_INTEGER' is a C11 feature [-Werror,-Wtypedef-redefinition]\ntypedef struct asn1_string_st ASN1_INTEGER;\n                              ^\n/usr/local/opt/openssl@3/include/openssl/types.h:45:31: note: previous definition is here\ntypedef struct asn1_string_st ASN1_INTEGER;\n                              ^\nIn file included from third_party/boringssl/crypto/asn1/a_bitstr.c:62:\nIn file included from third_party/boringssl/include/openssl/mem.h:60:\nthird_party/boringssl/include/openssl/base.h:216:31: error: redefinition of typedef 'ASN1_OCTET_STRING' is a C11 feature [-Werror,-Wtypedef-redefinition]\ntypedef struct asn1_string_st ASN1_OCTET_STRING;\n                              ^\n/usr/local/opt/openssl@3/include/openssl/types.h:48:31: note: previous definition is here\ntypedef struct asn1_string_st ASN1_OCTET_STRING;\n                              ^\nIn file included from third_party/boringssl/crypto/asn1/a_bitstr.c:62:\nIn file included from third_party/boringssl/include/openssl/mem.h:60:\nthird_party/boringssl/include/openssl/base.h:217:31: error: redefinition of typedef 'ASN1_PRINTABLESTRING' is a C11 feature [-Werror,-Wtypedef-redefinition]\ntypedef struct asn1_string_st ASN1_PRINTABLESTRING;\n                              ^\n/usr/local/opt/openssl@3/include/openssl/types.h:49:31: note: previous definition is here\ntypedef struct asn1_string_st ASN1_PRINTABLESTRING;\n                              ^\nIn file included from third_party/boringssl/crypto/asn1/a_bitstr.c:62:\nIn file included from third_party/boringssl/include/openssl/mem.h:60:\nthird_party/boringssl/include/openssl/base.h:218:31: error: redefinition of typedef 'ASN1_STRING' is a C11 feature [-Werror,-Wtypedef-redefinition]\ntypedef struct asn1_string_st ASN1_STRING;\nmake:                               ^\n*** [/Users/runner/actions-runner/_work/python.build/python.build/build_grpcio18139/grpcio-1.8.1/objs/opt/third_party/boringssl/crypto/asn1/a_int.o] Error 1\n/usr/local/opt/openssl@3/include/openssl/types.h:60:31: note: previous definition is here\ntypedef struct asn1_string_st ASN1_STRING;\n                              ^\nIn file included from third_party/boringssl/crypto/asn1/a_bitstr.c:62:\nIn file included from third_party/boringssl/include/openssl/mem.h:60:\nthird_party/boringssl/include/openssl/base.h:219:31: error: redefinition of typedef 'ASN1_T61STRING' is a C11 feature [-Werror,-Wtypedef-redefinition]\ntypedef struct asn1_string_st ASN1_T61STRING;\n                              ^\n/usr/local/opt/openssl@3/include/openssl/types.h:50:31: note: previous definition is here\ntypedef struct asn1_string_st ASN1_T61STRING;\n                              ^\nfatal error: too many errors emitted, stopping now [-ferror-limit=]\nmake: *** [/Users/runner/actions-runner/_work/python.build/python.build/build_grpcio18139/grpcio-1.8.1/objs/opt/third_party/boringssl/crypto/asn1/a_enum.o] Error 1\n20 errors generated.\nmake: *** [/Users/runner/actions-runner/_work/python.build/python.build/build_grpcio18139/grpcio-1.8.1/objs/opt/third_party/boringssl/crypto/asn1/a_bitstr.o] Error 1\nIn file included from third_party/boringssl/crypto/asn1/a_print.c:60:\nIn file included from third_party/boringssl/include/openssl/mem.h:60:\nthird_party/boringssl/include/openssl/base.h:133:9: error: 'OPENSSL_VERSION_NUMBER' macro redefined [-Werror,-Wmacro-redefined]\n#define OPENSSL_VERSION_NUMBER 0x100020af\n        ^\n/usr/local/opt/openssl@3/include/openssl/opensslv.h:99:10: note: previous definition is here\n# define OPENSSL_VERSION_NUMBER          \\\n         ^\nIn file included from third_party/boringssl/crypto/asn1/a_print.c:60:\nIn file included from third_party/boringssl/include/openssl/mem.h:60:\nthird_party/boringssl/include/openssl/base.h:168:9: error: 'OPENSSL_EXPORT' macro redefined [-Werror,-Wmacro-redefined]\n#define OPENSSL_EXPORT\n        ^\n/usr/local/opt/openssl@3/include/openssl/e_os2.h:183:11: note: previous definition is here\n#  define OPENSSL_EXPORT extern\n          ^\nIn file included from third_party/boringssl/crypto/asn1/a_print.c:60:\nIn file included from third_party/boringssl/include/openssl/mem.h:60:\nthird_party/boringssl/include/openssl/base.h:202:13: error: typedef redefinition with different types ('int' vs 'struct crypto_threadid_st')\ntypedef int CRYPTO_THREADID;\n            ^\n/usr/local/opt/openssl@3/include/openssl/crypto.h:308:3: note: previous definition is here\n} CRYPTO_THREADID;\n  ^\nIn file included from third_party/boringssl/crypto/asn1/a_print.c:60:\nIn file included from third_party/boringssl/include/openssl/mem.h:60:\nthird_party/boringssl/include/openssl/base.h:204:13: error: redefinition of typedef 'ASN1_BOOLEAN' is a C11 feature [-Werror,-Wtypedef-redefinition]\ntypedef int ASN1_BOOLEAN;\n            ^\n/usr/local/opt/openssl@3/include/openssl/types.h:61:13: note: previous definition is here\ntypedef int ASN1_BOOLEAN;\n            ^\nIn file included from third_party/boringssl/crypto/asn1/a_print.c:60:\nIn file included from third_party/boringssl/include/openssl/mem.h:60:\nthird_party/boringssl/include/openssl/base.h:205:13: error: redefinition of typedef 'ASN1_NULL' is a C11 feature [-Werror,-Wtypedef-redefinition]\ntypedef int ASN1_NULL;\n            ^\n/usr/local/opt/openssl@3/include/openssl/types.h:62:13: note: previous definition is here\ntypedef int ASN1_NULL;\n            ^\nIn file included from third_party/boringssl/crypto/asn1/a_print.c:60:\nIn file included from third_party/boringssl/include/openssl/mem.h:60:\nthird_party/boringssl/include/openssl/base.h:206:29: error: redefinition of typedef 'ASN1_ITEM' is a C11 feature [-Werror,-Wtypedef-redefinition]\ntypedef struct ASN1_ITEM_st ASN1_ITEM;\n                            ^\n/usr/local/opt/openssl@3/include/openssl/types.h:69:29: note: previous definition is here\ntypedef struct ASN1_ITEM_st ASN1_ITEM;\n                            ^\nIn file included from third_party/boringssl/crypto/asn1/a_print.c:60:\nIn file included from third_party/boringssl/include/openssl/mem.h:60:\nthird_party/boringssl/include/openssl/base.h:207:31: error: redefinition of typedef 'ASN1_OBJECT' is a C11 feature [-Werror,-Wtypedef-redefinition]\ntypedef struct asn1_object_st ASN1_OBJECT;\n                              ^\n/usr/local/opt/openssl@3/include/openssl/types.h:66:31: note: previous definition is here\ntypedef struct asn1_object_st ASN1_OBJECT;\n                              ^\nIn file included from third_party/boringssl/crypto/asn1/a_print.c:60:\nIn file included from third_party/boringssl/include/openssl/mem.h:60:\nthird_party/boringssl/include/openssl/base.h:208:29: error: redefinition of typedef 'ASN1_PCTX' is a C11 feature [-Werror,-Wtypedef-redefinition]\ntypedef struct asn1_pctx_st ASN1_PCTX;\n                            ^\n/usr/local/opt/openssl@3/include/openssl/types.h:70:29: note: previous definition is here\ntypedef struct asn1_pctx_st ASN1_PCTX;\n                            ^\nIn file included from third_party/boringssl/crypto/asn1/a_print.c:60:\nIn file included from third_party/boringssl/include/openssl/mem.h:60:\nthird_party/boringssl/include/openssl/base.h:209:31: error: redefinition of typedef 'ASN1_BIT_STRING' is a C11 feature [-Werror,-Wtypedef-redefinition]\ntypedef struct asn1_string_st ASN1_BIT_STRING;\n                              ^\n/usr/local/opt/openssl@3/include/openssl/types.h:47:31: note: previous definition is here\ntypedef struct asn1_string_st ASN1_BIT_STRING;\n                              ^\nIn file included from third_party/boringssl/crypto/asn1/a_print.c:60:\nIn file included from third_party/boringssl/include/openssl/mem.h:60:\nthird_party/boringssl/include/openssl/base.h:210:31: error: redefinition of typedef 'ASN1_BMPSTRING' is a C11 feature [-Werror,-Wtypedef-redefinition]\ntypedef struct asn1_string_st ASN1_BMPSTRING;\n                              ^\n/usr/local/opt/openssl@3/include/openssl/types.h:54:31: note: previous definition is here\ntypedef struct asn1_string_st ASN1_BMPSTRING;\n                              ^\nIn file included from third_party/boringssl/crypto/asn1/a_print.c:60:\nIn file included from third_party/boringssl/include/openssl/mem.h:60:\nthird_party/boringssl/include/openssl/base.h:211:31: error: redefinition of typedef 'ASN1_ENUMERATED' is a C11 feature [-Werror,-Wtypedef-redefinition]\ntypedef struct asn1_string_st ASN1_ENUMERATED;\n                              ^\n/usr/local/opt/openssl@3/include/openssl/types.h:46:31: note: previous definition is here\ntypedef struct asn1_string_st ASN1_ENUMERATED;\n                              ^\nIn file included from third_party/boringssl/crypto/asn1/a_print.c:60:\nIn file included from third_party/boringssl/include/openssl/mem.h:60:\nthird_party/boringssl/include/openssl/base.h:212:31: error: redefinition of typedef 'ASN1_GENERALIZEDTIME' is a C11 feature [-Werror,-Wtypedef-redefinition]\ntypedef struct asn1_string_st ASN1_GENERALIZEDTIME;\n                              ^\n/usr/local/opt/openssl@3/include/openssl/types.h:57:31: note: previous definition is here\ntypedef struct asn1_string_st ASN1_GENERALIZEDTIME;\n                              ^\nIn file included from third_party/boringssl/crypto/asn1/a_print.c:60:\nIn file included from third_party/boringssl/include/openssl/mem.h:60:\nthird_party/boringssl/include/openssl/base.h:213:31: error: redefinition of typedef 'ASN1_GENERALSTRING' is a C11 feature [-Werror,-Wtypedef-redefinition]\ntypedef struct asn1_string_st ASN1_GENERALSTRING;\n                              ^\n/usr/local/opt/openssl@3/include/openssl/types.h:52:31: note: previous definition is here\ntypedef struct asn1_string_st ASN1_GENERALSTRING;\n                              ^\nIn file included from third_party/boringssl/crypto/asn1/a_print.c:60:\nIn file included from third_party/boringssl/include/openssl/mem.h:60:\nthird_party/boringssl/include/openssl/base.h:214:31: error: redefinition of typedef 'ASN1_IA5STRING' is a C11 feature [-Werror,-Wtypedef-redefinition]\ntypedef struct asn1_string_st ASN1_IA5STRING;\n                              ^\n/usr/local/opt/openssl@3/include/openssl/types.h:51:31: note: previous definition is here\ntypedef struct asn1_string_st ASN1_IA5STRING;\n                              ^\nIn file included from third_party/boringssl/crypto/asn1/a_print.c:60:\nIn file included from third_party/boringssl/include/openssl/mem.h:60:\nthird_party/boringssl/include/openssl/base.h:215:31: error: redefinition of typedef 'ASN1_INTEGER' is a C11 feature [-Werror,-Wtypedef-redefinition]\ntypedef struct asn1_string_st ASN1_INTEGER;\n                              ^\n/usr/local/opt/openssl@3/include/openssl/types.h:45:31: note: previous definition is here\ntypedef struct asn1_string_st ASN1_INTEGER;\n                              ^\nIn file included from third_party/boringssl/crypto/asn1/a_print.c:60:\nIn file included from third_party/boringssl/include/openssl/mem.h:60:\nthird_party/boringssl/include/openssl/base.h:216:31: error: redefinition of typedef 'ASN1_OCTET_STRING' is a C11 feature [-Werror,-Wtypedef-redefinition]\ntypedef struct asn1_string_st ASN1_OCTET_STRING;\n                              ^\n/usr/local/opt/openssl@3/include/openssl/types.h:48:31: note: previous definition is here\ntypedef struct asn1_string_st ASN1_OCTET_STRING;\n                              ^\nIn file included from third_party/boringssl/crypto/asn1/a_print.c:60:\nIn file included from third_party/boringssl/include/openssl/mem.h:60:\nthird_party/boringssl/include/openssl/base.h:217:31: error: redefinition of typedef 'ASN1_PRINTABLESTRING' is a C11 feature [-Werror,-Wtypedef-redefinition]\ntypedef struct asn1_string_st ASN1_PRINTABLESTRING;\n                              ^\n/usr/local/opt/openssl@3/include/openssl/types.h:49:31: note: previous definition is here\ntypedef struct asn1_string_st ASN1_PRINTABLESTRING;\n                              ^\nIn file included from third_party/boringssl/crypto/asn1/a_print.c:60:\nIn file included from third_party/boringssl/include/openssl/mem.h:60:\nthird_party/boringssl/include/openssl/base.h:218:31: error: redefinition of typedef 'ASN1_STRING' is a C11 feature [-Werror,-Wtypedef-redefinition]\ntypedef struct asn1_string_st ASN1_STRING;\n                              ^\n/usr/local/opt/openssl@3/include/openssl/types.h:60:31: note: previous definition is here\ntypedef struct asn1_string_st ASN1_STRING;\n                              ^\nIn file included from third_party/boringssl/crypto/asn1/a_print.c:60:\nIn file included from third_party/boringssl/include/openssl/mem.h:60:\nthird_party/boringssl/include/openssl/base.h:219:31: error: redefinition of typedef 'ASN1_T61STRING' is a C11 feature [-Werror,-Wtypedef-redefinition]\ntypedef struct asn1_string_st ASN1_T61STRING;\n                              ^\n/usr/local/opt/openssl@3/include/openssl/types.h:50:31: note: previous definition is here\ntypedef struct asn1_string_st ASN1_T61STRING;\n                              ^\nfatal error: too many errors emitted, stopping now [-ferror-limit=]\n20 errors generated.\nmake: *** [/Users/runner/actions-runner/_work/python.build/python.build/build_grpcio18139/grpcio-1.8.1/objs/opt/third_party/boringssl/crypto/asn1/a_print.o] Error 1\n"
2022-12-27T02:56:53.6822060Z   Traceback (most recent call last):
2022-12-27T02:56:53.6833370Z     File "<string>", line 2, in <module>
2022-12-27T02:56:53.6834200Z     File "<pip-setuptools-caller>", line 34, in <module>
2022-12-27T02:56:53.6834920Z     File "/Users/runner/actions-runner/_work/python.build/python.build/build_grpcio18139/grpcio-1.8.1/setup.py", line 293, in <module>
2022-12-27T02:56:53.6835400Z       setuptools.setup(
2022-12-27T02:56:53.6836240Z     File "/private/var/folders/51/hd414ycd67n82196sw51xqtc0000gn/T/cibw-run-mj8rgl1d/cp39-macosx_arm64/build/venv/lib/python3.9/site-packages/setuptools/__init__.py", line 87, in setup
2022-12-27T02:56:53.6836710Z       return distutils.core.setup(**attrs)
2022-12-27T02:56:53.6837780Z     File "/private/var/folders/51/hd414ycd67n82196sw51xqtc0000gn/T/cibw-run-mj8rgl1d/cp39-macosx_arm64/build/venv/lib/python3.9/site-packages/setuptools/_distutils/core.py", line 185, in setup
2022-12-27T02:56:53.6838310Z       return run_commands(dist)
2022-12-27T02:56:53.6839090Z     File "/private/var/folders/51/hd414ycd67n82196sw51xqtc0000gn/T/cibw-run-mj8rgl1d/cp39-macosx_arm64/build/venv/lib/python3.9/site-packages/setuptools/_distutils/core.py", line 201, in run_commands
2022-12-27T02:56:53.6839620Z       dist.run_commands()
2022-12-27T02:56:53.6840390Z     File "/private/var/folders/51/hd414ycd67n82196sw51xqtc0000gn/T/cibw-run-mj8rgl1d/cp39-macosx_arm64/build/venv/lib/python3.9/site-packages/setuptools/_distutils/dist.py", line 969, in run_commands
2022-12-27T02:56:53.6840970Z       self.run_command(cmd)
2022-12-27T02:56:53.6841640Z     File "/private/var/folders/51/hd414ycd67n82196sw51xqtc0000gn/T/cibw-run-mj8rgl1d/cp39-macosx_arm64/build/venv/lib/python3.9/site-packages/setuptools/dist.py", line 1208, in run_command
2022-12-27T02:56:53.6842150Z       super().run_command(command)
2022-12-27T02:56:53.6842860Z     File "/private/var/folders/51/hd414ycd67n82196sw51xqtc0000gn/T/cibw-run-mj8rgl1d/cp39-macosx_arm64/build/venv/lib/python3.9/site-packages/setuptools/_distutils/dist.py", line 988, in run_command
2022-12-27T02:56:53.6843280Z       cmd_obj.run()
2022-12-27T02:56:53.6843920Z     File "/private/var/folders/51/hd414ycd67n82196sw51xqtc0000gn/T/cibw-run-mj8rgl1d/cp39-macosx_arm64/build/venv/lib/python3.9/site-packages/wheel/bdist_wheel.py", line 325, in run
2022-12-27T02:56:53.6844500Z       self.run_command("build")
2022-12-27T02:56:53.6845210Z     File "/private/var/folders/51/hd414ycd67n82196sw51xqtc0000gn/T/cibw-run-mj8rgl1d/cp39-macosx_arm64/build/venv/lib/python3.9/site-packages/setuptools/_distutils/cmd.py", line 318, in run_command
2022-12-27T02:56:53.6845730Z       self.distribution.run_command(command)
2022-12-27T02:56:53.6846450Z     File "/private/var/folders/51/hd414ycd67n82196sw51xqtc0000gn/T/cibw-run-mj8rgl1d/cp39-macosx_arm64/build/venv/lib/python3.9/site-packages/setuptools/dist.py", line 1208, in run_command
2022-12-27T02:56:53.6847060Z       super().run_command(command)
2022-12-27T02:56:53.6847900Z     File "/private/var/folders/51/hd414ycd67n82196sw51xqtc0000gn/T/cibw-run-mj8rgl1d/cp39-macosx_arm64/build/venv/lib/python3.9/site-packages/setuptools/_distutils/dist.py", line 988, in run_command
2022-12-27T02:56:53.6848370Z       cmd_obj.run()
2022-12-27T02:56:53.6849070Z     File "/private/var/folders/51/hd414ycd67n82196sw51xqtc0000gn/T/cibw-run-mj8rgl1d/cp39-macosx_arm64/build/venv/lib/python3.9/site-packages/setuptools/_distutils/command/build.py", line 132, in run
2022-12-27T02:56:53.6849570Z       self.run_command(cmd_name)
2022-12-27T02:56:53.6850350Z     File "/private/var/folders/51/hd414ycd67n82196sw51xqtc0000gn/T/cibw-run-mj8rgl1d/cp39-macosx_arm64/build/venv/lib/python3.9/site-packages/setuptools/_distutils/cmd.py", line 318, in run_command
2022-12-27T02:56:53.6850860Z       self.distribution.run_command(command)
2022-12-27T02:56:53.6851580Z     File "/private/var/folders/51/hd414ycd67n82196sw51xqtc0000gn/T/cibw-run-mj8rgl1d/cp39-macosx_arm64/build/venv/lib/python3.9/site-packages/setuptools/dist.py", line 1208, in run_command
2022-12-27T02:56:53.6852040Z       super().run_command(command)
2022-12-27T02:56:53.6852840Z     File "/private/var/folders/51/hd414ycd67n82196sw51xqtc0000gn/T/cibw-run-mj8rgl1d/cp39-macosx_arm64/build/venv/lib/python3.9/site-packages/setuptools/_distutils/dist.py", line 988, in run_command
2022-12-27T02:56:53.6853250Z       cmd_obj.run()
2022-12-27T02:56:53.6853930Z     File "/private/var/folders/51/hd414ycd67n82196sw51xqtc0000gn/T/cibw-run-mj8rgl1d/cp39-macosx_arm64/build/venv/lib/python3.9/site-packages/setuptools/command/build_ext.py", line 84, in run
2022-12-27T02:56:53.6854410Z       _build_ext.run(self)
2022-12-27T02:56:53.6855090Z     File "/private/var/folders/51/hd414ycd67n82196sw51xqtc0000gn/T/cibw-run-mj8rgl1d/cp39-macosx_arm64/build/venv/lib/python3.9/site-packages/Cython/Distutils/old_build_ext.py", line 186, in run
2022-12-27T02:56:53.6855880Z       _build_ext.build_ext.run(self)
2022-12-27T02:56:53.6856600Z     File "/private/var/folders/51/hd414ycd67n82196sw51xqtc0000gn/T/cibw-run-mj8rgl1d/cp39-macosx_arm64/build/venv/lib/python3.9/site-packages/setuptools/_distutils/command/build_ext.py", line 346, in run
2022-12-27T02:56:53.6857040Z       self.build_extensions()
2022-12-27T02:56:53.6857700Z     File "/Users/runner/actions-runner/_work/python.build/python.build/build_grpcio18139/grpcio-1.8.1/src/python/grpcio/commands.py", line 276, in build_extensions
2022-12-27T02:56:53.6858220Z       raise Exception("make command failed!")
2022-12-27T02:56:53.6858550Z   Exception: make command failed!
2022-12-27T02:56:53.7477550Z   error: subprocess-exited-with-error
2022-12-27T02:56:53.7478120Z   
2022-12-27T02:56:53.7478960Z   × python setup.py bdist_wheel did not run successfully.
2022-12-27T02:56:53.7479850Z   │ exit code: 1
2022-12-27T02:56:53.7480640Z   ╰─> See above for output.
2022-12-27T02:56:53.7481110Z   
2022-12-27T02:56:53.7481860Z   note: This error originates from a subprocess, and is likely not a problem with pip.
2022-12-27T02:56:53.7491800Z   full command: /private/var/folders/51/hd414ycd67n82196sw51xqtc0000gn/T/cibw-run-mj8rgl1d/cp39-macosx_arm64/build/venv/bin/python -u -c '
2022-12-27T02:56:53.7492340Z   exec(compile('"'"''"'"''"'"'
2022-12-27T02:56:53.7492780Z   # This is <pip-setuptools-caller> -- a caller that pip uses to run setup.py
2022-12-27T02:56:53.7493210Z   #
2022-12-27T02:56:53.7493650Z   # - It imports setuptools before invoking setup.py, to enable projects that directly
2022-12-27T02:56:53.7494060Z   #   import from `distutils.core` to work with newer packaging standards.
2022-12-27T02:56:53.7494530Z   # - It provides a clear error message when setuptools is not installed.
2022-12-27T02:56:53.7494970Z   # - It sets `sys.argv[0]` to the underlying `setup.py`, when invoking `setup.py` so
2022-12-27T02:56:53.7495560Z   #   setuptools doesn'"'"'t think the script is `-c`. This avoids the following warning:
2022-12-27T02:56:53.7496640Z   #     manifest_maker: standard file '"'"'-c'"'"' not found".
2022-12-27T02:56:53.7497280Z   # - It generates a shim setup.py, for handling setup.cfg-only projects.
2022-12-27T02:56:53.7497760Z   import os, sys, tokenize
2022-12-27T02:56:53.7498050Z   
2022-12-27T02:56:53.7498300Z   try:
2022-12-27T02:56:53.7498630Z       import setuptools
2022-12-27T02:56:53.7500610Z   except ImportError as error:
2022-12-27T02:56:53.7500940Z       print(
2022-12-27T02:56:53.7501420Z           "ERROR: Can not execute `setup.py` since setuptools is not available in "
2022-12-27T02:56:53.7502180Z           "the build environment.",
2022-12-27T02:56:53.7502450Z           file=sys.stderr,
2022-12-27T02:56:53.7502770Z       )
2022-12-27T02:56:53.7503100Z       sys.exit(1)
2022-12-27T02:56:53.7503340Z   
2022-12-27T02:56:53.7503650Z   __file__ = %r
2022-12-27T02:56:53.7503960Z   sys.argv[0] = __file__
2022-12-27T02:56:53.7504220Z   
2022-12-27T02:56:53.7504450Z   if os.path.exists(__file__):
2022-12-27T02:56:53.7504780Z       filename = __file__
2022-12-27T02:56:53.7505060Z       with tokenize.open(__file__) as f:
2022-12-27T02:56:53.7505400Z           setup_py_code = f.read()
2022-12-27T02:56:53.7505640Z   else:
2022-12-27T02:56:53.7506050Z       filename = "<auto-generated setuptools caller>"
2022-12-27T02:56:53.7506530Z       setup_py_code = "from setuptools import setup; setup()"
2022-12-27T02:56:53.7506880Z   
2022-12-27T02:56:53.7507230Z   exec(compile(setup_py_code, filename, "exec"))
2022-12-27T02:56:53.7507990Z   '"'"''"'"''"'"' % ('"'"'/Users/runner/actions-runner/_work/python.build/python.build/build_grpcio18139/grpcio-1.8.1/setup.py'"'"',), "<pip-setuptools-caller>", "exec"))' bdist_wheel -d /private/var/folders/51/hd414ycd67n82196sw51xqtc0000gn/T/pip-wheel-v8d01q5e
2022-12-27T02:56:53.7509180Z   cwd: /Users/runner/actions-runner/_work/python.build/python.build/build_grpcio18139/grpcio-1.8.1/
2022-12-27T02:56:53.7510210Z   Building wheel for grpcio (setup.py): finished with status 'error'
2022-12-27T02:56:53.7510660Z   Running setup.py clean for grpcio
2022-12-27T02:56:53.7523390Z   ERROR: Failed building wheel for grpcio
2022-12-27T02:56:53.7525120Z   Running command python setup.py clean
2022-12-27T02:56:54.5254190Z   running clean
2022-12-27T02:56:54.5281520Z   removing 'python_build/lib.macosx-11.0-arm64-cpython-39' (and everything under it)
2022-12-27T02:56:54.5353100Z   'python_build/bdist.macosx-11.0-arm64' does not exist -- can't clean it
2022-12-27T02:56:54.5356940Z   'python_build/scripts-3.9' does not exist -- can't clean it
2022-12-27T02:56:54.5362330Z   removing 'python_build'
2022-12-27T02:56:54.6072400Z Failed to build grpcio
2022-12-27T02:56:54.6080500Z ERROR: Failed to build one or more wheels
2022-12-27T02:56:54.6096570Z Exception information:
2022-12-27T02:56:54.6097010Z Traceback (most recent call last):
2022-12-27T02:56:54.6098180Z   File "/private/var/folders/51/hd414ycd67n82196sw51xqtc0000gn/T/cibw-run-mj8rgl1d/cp39-macosx_arm64/build/venv/lib/python3.9/site-packages/pip/_internal/cli/base_command.py", line 160, in exc_logging_wrapper
2022-12-27T02:56:54.6098700Z     status = run_func(*args)
2022-12-27T02:56:54.6100210Z   File "/private/var/folders/51/hd414ycd67n82196sw51xqtc0000gn/T/cibw-run-mj8rgl1d/cp39-macosx_arm64/build/venv/lib/python3.9/site-packages/pip/_internal/cli/req_command.py", line 247, in wrapper
2022-12-27T02:56:54.6100740Z     return func(self, options, args)
2022-12-27T02:56:54.6101510Z   File "/private/var/folders/51/hd414ycd67n82196sw51xqtc0000gn/T/cibw-run-mj8rgl1d/cp39-macosx_arm64/build/venv/lib/python3.9/site-packages/pip/_internal/commands/wheel.py", line 201, in run
2022-12-27T02:56:54.6102200Z     raise CommandError("Failed to build one or more wheels")
2022-12-27T02:56:54.6102790Z pip._internal.exceptions.CommandError: Failed to build one or more wheels
2022-12-27T02:56:54.6103460Z Removed build tracker: '/private/var/folders/51/hd414ycd67n82196sw51xqtc0000gn/T/pip-build-tracker-oj67wmlt'
2022-12-27T02:56:54.6949390Z ##[endgroup]
2022-12-27T02:56:54.6986860Z ##[error]Command ['python', '-m', 'pip', 'wheel', '/Users/runner/actions-runner/_work/python.build/python.build/build_grpcio18139/grpcio-1.8.1', '--wheel-dir=/private/var/folders/51/hd414ycd67n82196sw51xqtc0000gn/T/cibw-run-mj8rgl1d/cp39-macosx_arm64/built_wheel', '--no-deps', '-vvv'] failed with code 1. None
2022-12-27T02:56:54.6995840Z 
2022-12-27T02:56:54.6996340Z                                                              [31m✕ [0m13.86s
2022-12-27T02:56:54.8048380Z ##[error]Process completed with exit code 1.
2022-12-27T02:56:54.8104030Z ##[group]Run rm -rf build_grpcio18139 wheelsout
2022-12-27T02:56:54.8104330Z [36;1mrm -rf build_grpcio18139 wheelsout[0m
2022-12-27T02:56:54.8130740Z shell: /bin/bash -e {0}
2022-12-27T02:56:54.8130920Z env:
2022-12-27T02:56:54.8131140Z   pythonLocation: /Users/runner/hostedtoolcache/Python/3.9.16/x64
2022-12-27T02:56:54.8131440Z   PKG_CONFIG_PATH: /Users/runner/hostedtoolcache/Python/3.9.16/x64/lib/pkgconfig
2022-12-27T02:56:54.8131750Z   Python_ROOT_DIR: /Users/runner/hostedtoolcache/Python/3.9.16/x64
2022-12-27T02:56:54.8132040Z   Python2_ROOT_DIR: /Users/runner/hostedtoolcache/Python/3.9.16/x64
2022-12-27T02:56:54.8132320Z   Python3_ROOT_DIR: /Users/runner/hostedtoolcache/Python/3.9.16/x64
2022-12-27T02:56:54.8132540Z ##[endgroup]
2022-12-27T02:56:55.3484680Z Cleaning up orphan processes
