2022-12-27T07:26:33.8647077Z Requested labels: self-hosted, macOS, X64
2022-12-27T07:26:33.8647187Z Job defined at: kilnbuild/python.build/.github/workflows/mac_arm_build.yml@refs/heads/main
2022-12-27T07:26:33.8647220Z Waiting for a runner to pick up this job...
2022-12-27T10:08:29.0558881Z Job is about to start running on the runner: s1 (organization)
2022-12-27T10:08:31.8172730Z Current runner version: '2.300.2'
2022-12-27T10:08:31.8177750Z Runner name: 's1'
2022-12-27T10:08:31.8178010Z Runner group name: 'Default'
2022-12-27T10:08:31.8178510Z Machine name: 's1'
2022-12-27T10:08:31.8180100Z ##[group]GITHUB_TOKEN Permissions
2022-12-27T10:08:31.8180520Z Actions: write
2022-12-27T10:08:31.8180670Z Checks: write
2022-12-27T10:08:31.8180810Z Contents: write
2022-12-27T10:08:31.8180940Z Deployments: write
2022-12-27T10:08:31.8181090Z Discussions: write
2022-12-27T10:08:31.8181220Z Issues: write
2022-12-27T10:08:31.8181350Z Metadata: read
2022-12-27T10:08:31.8181480Z Packages: write
2022-12-27T10:08:31.8181620Z Pages: write
2022-12-27T10:08:31.8181760Z PullRequests: write
2022-12-27T10:08:31.8181920Z RepositoryProjects: write
2022-12-27T10:08:31.8182090Z SecurityEvents: write
2022-12-27T10:08:31.8182230Z Statuses: write
2022-12-27T10:08:31.8182370Z ##[endgroup]
2022-12-27T10:08:31.8185090Z Secret source: Actions
2022-12-27T10:08:31.8185420Z Prepare workflow directory
2022-12-27T10:08:31.8864740Z Prepare all required actions
2022-12-27T10:08:31.8983600Z Getting action download info
2022-12-27T10:08:32.3525890Z Download action repository 'actions/setup-python@v4' (SHA:5ccb29d8773c3f3f653e1705f474dfaa8a06a912)
2022-12-27T10:08:34.1334600Z Download action repository 'actions/upload-artifact@v3' (SHA:83fd05a356d7e2593de66fc9913b3002723633cb)
2022-12-27T10:08:35.4569240Z ##[group]Run echo '{
2022-12-27T10:08:35.4569540Z [36;1mecho '{[0m
2022-12-27T10:08:35.4569820Z [36;1m  "environment_variables": "GRPC_PYTHON_BUILD_WITH_CYTHON=1 GRPC_BUILD_WITH_BORING_SSL_ASM='' GRPC_PYTHON_BUILD_SYSTEM_OPENSSL=TRUE",[0m
2022-12-27T10:08:35.4570020Z [36;1m  "package_name": "grpcio-tools",[0m
2022-12-27T10:08:35.4570280Z [36;1m  "package_url": "https://files.pythonhosted.org/packages/d4/61/868e3fa5408cf071066b4a368d72fc751d84f424812b88e74edc02862e76/grpcio-tools-1.24.0.tar.gz",[0m
2022-12-27T10:08:35.4570500Z [36;1m  "package_version": "1.24.0",[0m
2022-12-27T10:08:35.4570650Z [36;1m  "python_version": "3.7",[0m
2022-12-27T10:08:35.4570780Z [36;1m  "use_ccache": "true"[0m
2022-12-27T10:08:35.4570880Z [36;1m}'[0m
2022-12-27T10:08:35.4586460Z shell: /bin/bash -e {0}
2022-12-27T10:08:35.4586600Z ##[endgroup]
2022-12-27T10:08:35.4798610Z {
2022-12-27T10:08:35.4800190Z   "environment_variables": "GRPC_PYTHON_BUILD_WITH_CYTHON=1 GRPC_BUILD_WITH_BORING_SSL_ASM= GRPC_PYTHON_BUILD_SYSTEM_OPENSSL=TRUE",
2022-12-27T10:08:35.4800850Z   "package_name": "grpcio-tools",
2022-12-27T10:08:35.4801240Z   "package_url": "https://files.pythonhosted.org/packages/d4/61/868e3fa5408cf071066b4a368d72fc751d84f424812b88e74edc02862e76/grpcio-tools-1.24.0.tar.gz",
2022-12-27T10:08:35.4801540Z   "package_version": "1.24.0",
2022-12-27T10:08:35.4801760Z   "python_version": "3.7",
2022-12-27T10:08:35.4801920Z   "use_ccache": "true"
2022-12-27T10:08:35.4802080Z }
2022-12-27T10:08:35.5015800Z ##[group]Run actions/setup-python@v4
2022-12-27T10:08:35.5016060Z with:
2022-12-27T10:08:35.5016250Z   python-version: 3.7
2022-12-27T10:08:35.5016500Z   check-latest: false
2022-12-27T10:08:35.5016790Z   token: ***
2022-12-27T10:08:35.5016980Z   update-environment: true
2022-12-27T10:08:35.5017170Z ##[endgroup]
2022-12-27T10:08:35.6237270Z ##[group]Installed versions
2022-12-27T10:08:35.6282840Z Successfully set up CPython (3.7.15)
2022-12-27T10:08:35.6283870Z ##[endgroup]
2022-12-27T10:08:35.6431520Z ##[group]Run if [ "true" == "true" ]
2022-12-27T10:08:35.6431810Z [36;1mif [ "true" == "true" ][0m
2022-12-27T10:08:35.6432010Z [36;1mthen[0m
2022-12-27T10:08:35.6432230Z [36;1m  echo "CCACHE_PATH_PREPEND=/usr/local/opt/ccache/libexec" >> $GITHUB_OUTPUT[0m
2022-12-27T10:08:35.6432440Z [36;1melse[0m
2022-12-27T10:08:35.6432600Z [36;1m  echo "CCACHE_PATH_PREPEND=" >> $GITHUB_OUTPUT[0m
2022-12-27T10:08:35.6432820Z [36;1mfi[0m
2022-12-27T10:08:35.6450220Z shell: /bin/bash -e {0}
2022-12-27T10:08:35.6450400Z env:
2022-12-27T10:08:35.6450820Z   pythonLocation: /Users/runner/hostedtoolcache/Python/3.7.15/x64
2022-12-27T10:08:35.6451110Z   PKG_CONFIG_PATH: /Users/runner/hostedtoolcache/Python/3.7.15/x64/lib/pkgconfig
2022-12-27T10:08:35.6451770Z   Python_ROOT_DIR: /Users/runner/hostedtoolcache/Python/3.7.15/x64
2022-12-27T10:08:35.6452030Z   Python2_ROOT_DIR: /Users/runner/hostedtoolcache/Python/3.7.15/x64
2022-12-27T10:08:35.6452420Z   Python3_ROOT_DIR: /Users/runner/hostedtoolcache/Python/3.7.15/x64
2022-12-27T10:08:35.6452600Z ##[endgroup]
2022-12-27T10:08:35.6557400Z ##[group]Run echo "BUILD_NAME=$(echo grpcio-tools_1.24.0_3.7 | tr -dc '[:alnum:]\n\r' | tr '[:upper:]' '[:lower:]')" >> $GITHUB_OUTPUT
2022-12-27T10:08:35.6557950Z [36;1mecho "BUILD_NAME=$(echo grpcio-tools_1.24.0_3.7 | tr -dc '[:alnum:]\n\r' | tr '[:upper:]' '[:lower:]')" >> $GITHUB_OUTPUT[0m
2022-12-27T10:08:35.6572010Z shell: /bin/bash -e {0}
2022-12-27T10:08:35.6572200Z env:
2022-12-27T10:08:35.6572480Z   pythonLocation: /Users/runner/hostedtoolcache/Python/3.7.15/x64
2022-12-27T10:08:35.6572750Z   PKG_CONFIG_PATH: /Users/runner/hostedtoolcache/Python/3.7.15/x64/lib/pkgconfig
2022-12-27T10:08:35.6573050Z   Python_ROOT_DIR: /Users/runner/hostedtoolcache/Python/3.7.15/x64
2022-12-27T10:08:35.6573300Z   Python2_ROOT_DIR: /Users/runner/hostedtoolcache/Python/3.7.15/x64
2022-12-27T10:08:35.6573520Z   Python3_ROOT_DIR: /Users/runner/hostedtoolcache/Python/3.7.15/x64
2022-12-27T10:08:35.6573780Z ##[endgroup]
2022-12-27T10:08:35.6710320Z ##[group]Run echo "PYTHON_NO_DOTS=$(echo 3.7 | tr -dc '[:alnum:]\n\r' | tr '[:upper:]' '[:lower:]')" >> $GITHUB_OUTPUT
2022-12-27T10:08:35.6710660Z [36;1mecho "PYTHON_NO_DOTS=$(echo 3.7 | tr -dc '[:alnum:]\n\r' | tr '[:upper:]' '[:lower:]')" >> $GITHUB_OUTPUT[0m
2022-12-27T10:08:35.6724690Z shell: /bin/bash -e {0}
2022-12-27T10:08:35.6724880Z env:
2022-12-27T10:08:35.6725160Z   pythonLocation: /Users/runner/hostedtoolcache/Python/3.7.15/x64
2022-12-27T10:08:35.6725390Z   PKG_CONFIG_PATH: /Users/runner/hostedtoolcache/Python/3.7.15/x64/lib/pkgconfig
2022-12-27T10:08:35.6725630Z   Python_ROOT_DIR: /Users/runner/hostedtoolcache/Python/3.7.15/x64
2022-12-27T10:08:35.6725910Z   Python2_ROOT_DIR: /Users/runner/hostedtoolcache/Python/3.7.15/x64
2022-12-27T10:08:35.6726500Z   Python3_ROOT_DIR: /Users/runner/hostedtoolcache/Python/3.7.15/x64
2022-12-27T10:08:35.6726660Z ##[endgroup]
2022-12-27T10:08:35.6834620Z ##[group]Run rm -rf build_grpciotools124037
2022-12-27T10:08:35.6835030Z [36;1mrm -rf build_grpciotools124037[0m
2022-12-27T10:08:35.6835210Z [36;1mmkdir build_grpciotools124037[0m
2022-12-27T10:08:35.6835400Z [36;1mcd build_grpciotools124037[0m
2022-12-27T10:08:35.6835700Z [36;1m/usr/local/bin/wget --quiet https://files.pythonhosted.org/packages/d4/61/868e3fa5408cf071066b4a368d72fc751d84f424812b88e74edc02862e76/grpcio-tools-1.24.0.tar.gz[0m
2022-12-27T10:08:35.6835980Z [36;1mtar xf *.tar.gz[0m
2022-12-27T10:08:35.6836140Z [36;1mcd *[0m
2022-12-27T10:08:35.6836330Z [36;1mpython -m pip install cibuildwheel==2.11.3[0m
2022-12-27T10:08:35.6836540Z [36;1mpython -m cibuildwheel --output-dir ../wheelsout[0m
2022-12-27T10:08:35.6850380Z shell: /bin/bash -e {0}
2022-12-27T10:08:35.6850610Z env:
2022-12-27T10:08:35.6850820Z   pythonLocation: /Users/runner/hostedtoolcache/Python/3.7.15/x64
2022-12-27T10:08:35.6851090Z   PKG_CONFIG_PATH: /Users/runner/hostedtoolcache/Python/3.7.15/x64/lib/pkgconfig
2022-12-27T10:08:35.6851370Z   Python_ROOT_DIR: /Users/runner/hostedtoolcache/Python/3.7.15/x64
2022-12-27T10:08:35.6851600Z   Python2_ROOT_DIR: /Users/runner/hostedtoolcache/Python/3.7.15/x64
2022-12-27T10:08:35.6851840Z   Python3_ROOT_DIR: /Users/runner/hostedtoolcache/Python/3.7.15/x64
2022-12-27T10:08:35.6852010Z   CIBW_ARCHS_MACOS: arm64
2022-12-27T10:08:35.6852190Z   CIBW_TEST_SKIP: *_arm64
2022-12-27T10:08:35.6852390Z   CIBW_BUILD: cp37-macosx_arm64
2022-12-27T10:08:35.6852540Z   CIBW_BUILD_FRONTEND: pip
2022-12-27T10:08:35.6852710Z   CIBW_BUILD_VERBOSITY: 3
2022-12-27T10:08:35.6853080Z   CIBW_ENVIRONMENT_MACOS: GRPC_PYTHON_BUILD_WITH_CYTHON=1 GRPC_BUILD_WITH_BORING_SSL_ASM='' GRPC_PYTHON_BUILD_SYSTEM_OPENSSL=TRUE CFLAGS="-I/usr/local/opt/openssl@3/include" LDFLAGS="-L/usr/local/opt/openssl@3/lib" CPPFLAGS="-I/usr/local/opt/openssl@3/include" MAKEFLAGS="-j$(sysctl -n hw.logicalcpu)" PATH=/usr/local/opt/ccache/libexec:$PATH
2022-12-27T10:08:35.6853720Z   CIBW_BEFORE_BUILD: pip install Cython; if [[ -f requirements.txt ]]; then pip install -r requirements.txt; fi
2022-12-27T10:08:35.6853930Z   MAKEFLAGS: -j$(sysctl -n hw.logicalcpu)
2022-12-27T10:08:35.6854110Z ##[endgroup]
2022-12-27T10:08:36.1947630Z Requirement already satisfied: cibuildwheel==2.11.3 in /Users/runner/hostedtoolcache/Python/3.7.15/x64/lib/python3.7/site-packages (2.11.3)
2022-12-27T10:08:36.2263870Z Requirement already satisfied: bashlex!=0.13 in /Users/runner/hostedtoolcache/Python/3.7.15/x64/lib/python3.7/site-packages (from cibuildwheel==2.11.3) (0.16)
2022-12-27T10:08:36.2267380Z Requirement already satisfied: filelock in /Users/runner/hostedtoolcache/Python/3.7.15/x64/lib/python3.7/site-packages (from cibuildwheel==2.11.3) (3.8.2)
2022-12-27T10:08:36.2277930Z Requirement already satisfied: typing-extensions>=4.1.0 in /Users/runner/hostedtoolcache/Python/3.7.15/x64/lib/python3.7/site-packages (from cibuildwheel==2.11.3) (4.4.0)
2022-12-27T10:08:36.2285980Z Requirement already satisfied: tomli in /Users/runner/hostedtoolcache/Python/3.7.15/x64/lib/python3.7/site-packages (from cibuildwheel==2.11.3) (2.0.1)
2022-12-27T10:08:36.2289570Z Requirement already satisfied: bracex in /Users/runner/hostedtoolcache/Python/3.7.15/x64/lib/python3.7/site-packages (from cibuildwheel==2.11.3) (2.3.post1)
2022-12-27T10:08:36.2293110Z Requirement already satisfied: platformdirs in /Users/runner/hostedtoolcache/Python/3.7.15/x64/lib/python3.7/site-packages (from cibuildwheel==2.11.3) (2.6.0)
2022-12-27T10:08:36.2298750Z Requirement already satisfied: packaging>=20.9 in /Users/runner/hostedtoolcache/Python/3.7.15/x64/lib/python3.7/site-packages (from cibuildwheel==2.11.3) (22.0)
2022-12-27T10:08:36.2302360Z Requirement already satisfied: certifi in /Users/runner/hostedtoolcache/Python/3.7.15/x64/lib/python3.7/site-packages (from cibuildwheel==2.11.3) (2022.12.7)
2022-12-27T10:08:36.4037200Z 
2022-12-27T10:08:36.4037420Z      _ _       _ _   _       _           _
2022-12-27T10:08:36.4037780Z  ___|_| |_ _ _|_| |_| |_ _ _| |_ ___ ___| |
2022-12-27T10:08:36.4039410Z |  _| | . | | | | | . | | | |   | -_| -_| |
2022-12-27T10:08:36.4039870Z |___|_|___|___|_|_|___|_____|_|_|___|___|_|
2022-12-27T10:08:36.4040020Z 
2022-12-27T10:08:36.4041320Z cibuildwheel version 2.11.3
2022-12-27T10:08:36.4041600Z 
2022-12-27T10:08:36.4041740Z Build options:
2022-12-27T10:08:36.4042130Z   platform: macos
2022-12-27T10:08:36.4221690Z   architectures: arm64[0m
2022-12-27T10:08:36.4222490Z   build_selector: 
2022-12-27T10:08:36.4222940Z     build_config: cp37-macosx_arm64
2022-12-27T10:08:36.4223270Z     skip_config: 
2022-12-27T10:08:36.4223940Z     requires_python: None
2022-12-27T10:08:36.4224580Z     prerelease_pythons: False[0m
2022-12-27T10:08:36.4225100Z   [38;5;244mcontainer_engine: docker[0m
2022-12-27T10:08:36.4225710Z   output_dir: /Users/runner/actions-runner/_work/python.build/python.build/build_grpciotools124037/wheelsout[0m
2022-12-27T10:08:36.4226730Z   package_dir: /Users/runner/actions-runner/_work/python.build/python.build/build_grpciotools124037/grpcio-tools-1.24.0[0m
2022-12-27T10:08:36.4227210Z   test_selector: 
2022-12-27T10:08:36.4227600Z     skip_config: *_arm64[0m
2022-12-27T10:08:36.4228030Z   [38;5;244mbefore_all: [0m
2022-12-27T10:08:36.4228850Z   before_build: pip install Cython; if [[ -f requirements.txt ]]; then pip install -r requirements.txt; fi[0m
2022-12-27T10:08:36.4229360Z   [38;5;244mbefore_test: [0m
2022-12-27T10:08:36.4229810Z   [38;5;244mbuild_frontend: pip[0m
2022-12-27T10:08:36.4230240Z   build_verbosity: 3[0m
2022-12-27T10:08:36.4230680Z   [38;5;244mconfig_settings: [0m
2022-12-27T10:08:36.4231280Z   [38;5;244mdependency_constraints: pinned[0m
2022-12-27T10:08:36.4231650Z   environment: 
2022-12-27T10:08:36.4232010Z     GRPC_PYTHON_BUILD_WITH_CYTHON=1
2022-12-27T10:08:36.4232390Z     GRPC_BUILD_WITH_BORING_SSL_ASM=''
2022-12-27T10:08:36.4233160Z     GRPC_PYTHON_BUILD_SYSTEM_OPENSSL=TRUE
2022-12-27T10:08:36.4233860Z     CFLAGS="-I/usr/local/opt/openssl@3/include"
2022-12-27T10:08:36.4234640Z cibuildwheel: No build identifiers selected: BuildSelector(build_config='cp37-macosx_arm64', skip_config='', requires_python=None, prerelease_pythons=False)
2022-12-27T10:08:36.4235150Z     LDFLAGS="-L/usr/local/opt/openssl@3/lib"
2022-12-27T10:08:36.4235570Z     CPPFLAGS="-I/usr/local/opt/openssl@3/include"
2022-12-27T10:08:36.4236060Z     MAKEFLAGS="-j$(sysctl -n hw.logicalcpu)"
2022-12-27T10:08:36.4236330Z     PATH=/usr/local/opt/ccache/libexec:$PATH[0m
2022-12-27T10:08:36.4236580Z   [38;5;244mmanylinux_images: None[0m
2022-12-27T10:08:36.4236820Z   [38;5;244mmusllinux_images: None[0m
2022-12-27T10:08:36.4237130Z   [38;5;244mrepair_command: delocate-wheel --require-archs {delocate_archs} -w {dest_dir} -v {wheel}[0m
2022-12-27T10:08:36.4237420Z   [38;5;244mtest_command: [0m
2022-12-27T10:08:36.4237650Z   [38;5;244mtest_extras: [0m
2022-12-27T10:08:36.4237870Z   [38;5;244mtest_requires: [0m
2022-12-27T10:08:36.4237950Z 
2022-12-27T10:08:36.4238060Z Cache folder: /Users/runner/Library/Caches/cibuildwheel
2022-12-27T10:08:36.4238190Z 
2022-12-27T10:08:36.4238260Z Here we go!
2022-12-27T10:08:36.4238410Z 
2022-12-27T10:08:36.4348180Z ##[error]Process completed with exit code 3.
2022-12-27T10:08:36.4387020Z ##[group]Run rm -rf build_grpciotools124037 wheelsout
2022-12-27T10:08:36.4387270Z [36;1mrm -rf build_grpciotools124037 wheelsout[0m
2022-12-27T10:08:36.4403050Z shell: /bin/bash -e {0}
2022-12-27T10:08:36.4403240Z env:
2022-12-27T10:08:36.4403520Z   pythonLocation: /Users/runner/hostedtoolcache/Python/3.7.15/x64
2022-12-27T10:08:36.4403750Z   PKG_CONFIG_PATH: /Users/runner/hostedtoolcache/Python/3.7.15/x64/lib/pkgconfig
2022-12-27T10:08:36.4404000Z   Python_ROOT_DIR: /Users/runner/hostedtoolcache/Python/3.7.15/x64
2022-12-27T10:08:36.4404240Z   Python2_ROOT_DIR: /Users/runner/hostedtoolcache/Python/3.7.15/x64
2022-12-27T10:08:36.4404450Z   Python3_ROOT_DIR: /Users/runner/hostedtoolcache/Python/3.7.15/x64
2022-12-27T10:08:36.4404700Z ##[endgroup]
2022-12-27T10:08:36.5023820Z Cleaning up orphan processes
