2022-12-27T01:50:56.0979554Z Requested labels: self-hosted, macOS, X64
2022-12-27T01:50:56.0979618Z Job defined at: kilnbuild/python.build/.github/workflows/mac_arm_build.yml@refs/heads/main
2022-12-27T01:50:56.0979646Z Waiting for a runner to pick up this job...
2022-12-27T01:54:13.2765965Z Job is about to start running on the runner: s1 (organization)
2022-12-27T01:54:17.1332880Z Current runner version: '2.300.2'
2022-12-27T01:54:17.1337840Z Runner name: 's1'
2022-12-27T01:54:17.1338090Z Runner group name: 'Default'
2022-12-27T01:54:17.1338520Z Machine name: 's1'
2022-12-27T01:54:17.1340070Z ##[group]GITHUB_TOKEN Permissions
2022-12-27T01:54:17.1340490Z Actions: write
2022-12-27T01:54:17.1340630Z Checks: write
2022-12-27T01:54:17.1340760Z Contents: write
2022-12-27T01:54:17.1340910Z Deployments: write
2022-12-27T01:54:17.1341050Z Discussions: write
2022-12-27T01:54:17.1341180Z Issues: write
2022-12-27T01:54:17.1341310Z Metadata: read
2022-12-27T01:54:17.1341440Z Packages: write
2022-12-27T01:54:17.1341580Z Pages: write
2022-12-27T01:54:17.1341710Z PullRequests: write
2022-12-27T01:54:17.1341870Z RepositoryProjects: write
2022-12-27T01:54:17.1342030Z SecurityEvents: write
2022-12-27T01:54:17.1342170Z Statuses: write
2022-12-27T01:54:17.1342300Z ##[endgroup]
2022-12-27T01:54:17.1345050Z Secret source: Actions
2022-12-27T01:54:17.1345390Z Prepare workflow directory
2022-12-27T01:54:17.2007690Z Prepare all required actions
2022-12-27T01:54:17.2129710Z Getting action download info
2022-12-27T01:54:17.7183610Z Download action repository 'actions/setup-python@v4' (SHA:5ccb29d8773c3f3f653e1705f474dfaa8a06a912)
2022-12-27T01:54:20.6482630Z Download action repository 'actions/upload-artifact@v3' (SHA:83fd05a356d7e2593de66fc9913b3002723633cb)
2022-12-27T01:54:21.9568000Z ##[group]Run echo '{
2022-12-27T01:54:21.9568360Z [36;1mecho '{[0m
2022-12-27T01:54:21.9568640Z [36;1m  "environment_variables": "GRPC_PYTHON_BUILD_WITH_CYTHON=1 GRPC_BUILD_WITH_BORING_SSL_ASM='' GRPC_PYTHON_BUILD_SYSTEM_OPENSSL=TRUE",[0m
2022-12-27T01:54:21.9568860Z [36;1m  "package_name": "grpcio",[0m
2022-12-27T01:54:21.9569160Z [36;1m  "package_url": "https://files.pythonhosted.org/packages/0f/87/2dcd4f532312c2ffa872bbd7bfb638c14d1b51845da7ee226bf1526a5f7b/grpcio-1.8.3.tar.gz",[0m
2022-12-27T01:54:21.9569400Z [36;1m  "package_version": "1.8.3",[0m
2022-12-27T01:54:21.9569550Z [36;1m  "python_version": "3.11",[0m
2022-12-27T01:54:21.9569680Z [36;1m  "use_ccache": "true"[0m
2022-12-27T01:54:21.9569790Z [36;1m}'[0m
2022-12-27T01:54:21.9585830Z shell: /bin/bash -e {0}
2022-12-27T01:54:21.9585980Z ##[endgroup]
2022-12-27T01:54:21.9805550Z {
2022-12-27T01:54:21.9806960Z   "environment_variables": "GRPC_PYTHON_BUILD_WITH_CYTHON=1 GRPC_BUILD_WITH_BORING_SSL_ASM= GRPC_PYTHON_BUILD_SYSTEM_OPENSSL=TRUE",
2022-12-27T01:54:21.9807250Z   "package_name": "grpcio",
2022-12-27T01:54:21.9807970Z   "package_url": "https://files.pythonhosted.org/packages/0f/87/2dcd4f532312c2ffa872bbd7bfb638c14d1b51845da7ee226bf1526a5f7b/grpcio-1.8.3.tar.gz",
2022-12-27T01:54:21.9808280Z   "package_version": "1.8.3",
2022-12-27T01:54:21.9808430Z   "python_version": "3.11",
2022-12-27T01:54:21.9808620Z   "use_ccache": "true"
2022-12-27T01:54:21.9808900Z }
2022-12-27T01:54:22.0033860Z ##[group]Run actions/setup-python@v4
2022-12-27T01:54:22.0034120Z with:
2022-12-27T01:54:22.0034310Z   python-version: 3.11
2022-12-27T01:54:22.0034470Z   check-latest: false
2022-12-27T01:54:22.0034790Z   token: ***
2022-12-27T01:54:22.0035070Z   update-environment: true
2022-12-27T01:54:22.0035240Z ##[endgroup]
2022-12-27T01:54:22.1266040Z ##[group]Installed versions
2022-12-27T01:54:22.1306610Z Successfully set up CPython (3.11.1)
2022-12-27T01:54:22.1307100Z ##[endgroup]
2022-12-27T01:54:22.1451170Z ##[group]Run if [ "true" == "true" ]
2022-12-27T01:54:22.1451500Z [36;1mif [ "true" == "true" ][0m
2022-12-27T01:54:22.1451660Z [36;1mthen[0m
2022-12-27T01:54:22.1451870Z [36;1m  echo "CCACHE_PATH_PREPEND=/usr/local/opt/ccache/libexec" >> $GITHUB_OUTPUT[0m
2022-12-27T01:54:22.1452090Z [36;1melse[0m
2022-12-27T01:54:22.1452250Z [36;1m  echo "CCACHE_PATH_PREPEND=" >> $GITHUB_OUTPUT[0m
2022-12-27T01:54:22.1452480Z [36;1mfi[0m
2022-12-27T01:54:22.1470600Z shell: /bin/bash -e {0}
2022-12-27T01:54:22.1470780Z env:
2022-12-27T01:54:22.1471060Z   pythonLocation: /Users/runner/hostedtoolcache/Python/3.11.1/x64
2022-12-27T01:54:22.1471350Z   PKG_CONFIG_PATH: /Users/runner/hostedtoolcache/Python/3.11.1/x64/lib/pkgconfig
2022-12-27T01:54:22.1472090Z   Python_ROOT_DIR: /Users/runner/hostedtoolcache/Python/3.11.1/x64
2022-12-27T01:54:22.1472300Z   Python2_ROOT_DIR: /Users/runner/hostedtoolcache/Python/3.11.1/x64
2022-12-27T01:54:22.1472610Z   Python3_ROOT_DIR: /Users/runner/hostedtoolcache/Python/3.11.1/x64
2022-12-27T01:54:22.1473010Z ##[endgroup]
2022-12-27T01:54:22.1582520Z ##[group]Run echo "BUILD_NAME=$(echo grpcio_1.8.3_3.11 | tr -dc '[:alnum:]\n\r' | tr '[:upper:]' '[:lower:]')" >> $GITHUB_OUTPUT
2022-12-27T01:54:22.1582970Z [36;1mecho "BUILD_NAME=$(echo grpcio_1.8.3_3.11 | tr -dc '[:alnum:]\n\r' | tr '[:upper:]' '[:lower:]')" >> $GITHUB_OUTPUT[0m
2022-12-27T01:54:22.1597970Z shell: /bin/bash -e {0}
2022-12-27T01:54:22.1598280Z env:
2022-12-27T01:54:22.1598510Z   pythonLocation: /Users/runner/hostedtoolcache/Python/3.11.1/x64
2022-12-27T01:54:22.1598760Z   PKG_CONFIG_PATH: /Users/runner/hostedtoolcache/Python/3.11.1/x64/lib/pkgconfig
2022-12-27T01:54:22.1599020Z   Python_ROOT_DIR: /Users/runner/hostedtoolcache/Python/3.11.1/x64
2022-12-27T01:54:22.1599320Z   Python2_ROOT_DIR: /Users/runner/hostedtoolcache/Python/3.11.1/x64
2022-12-27T01:54:22.1599810Z   Python3_ROOT_DIR: /Users/runner/hostedtoolcache/Python/3.11.1/x64
2022-12-27T01:54:22.1599990Z ##[endgroup]
2022-12-27T01:54:22.1746900Z ##[group]Run echo "PYTHON_NO_DOTS=$(echo 3.11 | tr -dc '[:alnum:]\n\r' | tr '[:upper:]' '[:lower:]')" >> $GITHUB_OUTPUT
2022-12-27T01:54:22.1747270Z [36;1mecho "PYTHON_NO_DOTS=$(echo 3.11 | tr -dc '[:alnum:]\n\r' | tr '[:upper:]' '[:lower:]')" >> $GITHUB_OUTPUT[0m
2022-12-27T01:54:22.1762270Z shell: /bin/bash -e {0}
2022-12-27T01:54:22.1762460Z env:
2022-12-27T01:54:22.1762680Z   pythonLocation: /Users/runner/hostedtoolcache/Python/3.11.1/x64
2022-12-27T01:54:22.1763430Z   PKG_CONFIG_PATH: /Users/runner/hostedtoolcache/Python/3.11.1/x64/lib/pkgconfig
2022-12-27T01:54:22.1763660Z   Python_ROOT_DIR: /Users/runner/hostedtoolcache/Python/3.11.1/x64
2022-12-27T01:54:22.1763900Z   Python2_ROOT_DIR: /Users/runner/hostedtoolcache/Python/3.11.1/x64
2022-12-27T01:54:22.1764170Z   Python3_ROOT_DIR: /Users/runner/hostedtoolcache/Python/3.11.1/x64
2022-12-27T01:54:22.1764320Z ##[endgroup]
2022-12-27T01:54:22.1876430Z ##[group]Run rm -rf build_grpcio183311
2022-12-27T01:54:22.1876780Z [36;1mrm -rf build_grpcio183311[0m
2022-12-27T01:54:22.1876950Z [36;1mmkdir build_grpcio183311[0m
2022-12-27T01:54:22.1877170Z [36;1mcd build_grpcio183311[0m
2022-12-27T01:54:22.1877480Z [36;1m/usr/local/bin/wget --quiet https://files.pythonhosted.org/packages/0f/87/2dcd4f532312c2ffa872bbd7bfb638c14d1b51845da7ee226bf1526a5f7b/grpcio-1.8.3.tar.gz[0m
2022-12-27T01:54:22.1877770Z [36;1mtar xf *.tar.gz[0m
2022-12-27T01:54:22.1877920Z [36;1mcd grpcio-*/[0m
2022-12-27T01:54:22.1878120Z [36;1mpython -m pip install cibuildwheel==2.11.3[0m
2022-12-27T01:54:22.1878370Z [36;1mpython -m cibuildwheel --output-dir ../wheelsout[0m
2022-12-27T01:54:22.1893510Z shell: /bin/bash -e {0}
2022-12-27T01:54:22.1893710Z env:
2022-12-27T01:54:22.1893990Z   pythonLocation: /Users/runner/hostedtoolcache/Python/3.11.1/x64
2022-12-27T01:54:22.1894280Z   PKG_CONFIG_PATH: /Users/runner/hostedtoolcache/Python/3.11.1/x64/lib/pkgconfig
2022-12-27T01:54:22.1894530Z   Python_ROOT_DIR: /Users/runner/hostedtoolcache/Python/3.11.1/x64
2022-12-27T01:54:22.1894740Z   Python2_ROOT_DIR: /Users/runner/hostedtoolcache/Python/3.11.1/x64
2022-12-27T01:54:22.1894970Z   Python3_ROOT_DIR: /Users/runner/hostedtoolcache/Python/3.11.1/x64
2022-12-27T01:54:22.1895220Z   CIBW_ARCHS_MACOS: arm64
2022-12-27T01:54:22.1895370Z   CIBW_TEST_SKIP: *_arm64
2022-12-27T01:54:22.1895540Z   CIBW_BUILD: cp311-macosx_arm64
2022-12-27T01:54:22.1895730Z   CIBW_BUILD_FRONTEND: pip
2022-12-27T01:54:22.1895880Z   CIBW_BUILD_VERBOSITY: 3
2022-12-27T01:54:22.1896290Z   CIBW_ENVIRONMENT_MACOS: GRPC_PYTHON_BUILD_WITH_CYTHON=1 GRPC_BUILD_WITH_BORING_SSL_ASM='' GRPC_PYTHON_BUILD_SYSTEM_OPENSSL=TRUE CFLAGS="-I/usr/local/opt/openssl@3/include" LDFLAGS="-L/usr/local/opt/openssl@3/lib" CPPFLAGS="-I/usr/local/opt/openssl@3/include" MAKEFLAGS="-j$(sysctl -n hw.logicalcpu)" PATH=/usr/local/opt/ccache/libexec:$PATH
2022-12-27T01:54:22.1896930Z   CIBW_BEFORE_BUILD: pip install Cython; if [[ -f requirements.txt ]]; then pip install -r requirements.txt; fi
2022-12-27T01:54:22.1897180Z   MAKEFLAGS: -j$(sysctl -n hw.logicalcpu)
2022-12-27T01:54:22.1897360Z ##[endgroup]
2022-12-27T01:54:23.5886880Z Requirement already satisfied: cibuildwheel==2.11.3 in /Library/Frameworks/Python.framework/Versions/3.11/lib/python3.11/site-packages (2.11.3)
2022-12-27T01:54:23.6190100Z Requirement already satisfied: bashlex!=0.13 in /Library/Frameworks/Python.framework/Versions/3.11/lib/python3.11/site-packages (from cibuildwheel==2.11.3) (0.16)
2022-12-27T01:54:23.6196670Z Requirement already satisfied: bracex in /Library/Frameworks/Python.framework/Versions/3.11/lib/python3.11/site-packages (from cibuildwheel==2.11.3) (2.3.post1)
2022-12-27T01:54:23.6203570Z Requirement already satisfied: certifi in /Library/Frameworks/Python.framework/Versions/3.11/lib/python3.11/site-packages (from cibuildwheel==2.11.3) (2022.12.7)
2022-12-27T01:54:23.6210530Z Requirement already satisfied: filelock in /Library/Frameworks/Python.framework/Versions/3.11/lib/python3.11/site-packages (from cibuildwheel==2.11.3) (3.8.2)
2022-12-27T01:54:23.6219730Z Requirement already satisfied: packaging>=20.9 in /Library/Frameworks/Python.framework/Versions/3.11/lib/python3.11/site-packages (from cibuildwheel==2.11.3) (22.0)
2022-12-27T01:54:23.6228200Z Requirement already satisfied: platformdirs in /Library/Frameworks/Python.framework/Versions/3.11/lib/python3.11/site-packages (from cibuildwheel==2.11.3) (2.6.0)
2022-12-27T01:54:23.8512940Z 
2022-12-27T01:54:23.8513250Z      _ _       _ _   _       _           _
2022-12-27T01:54:23.8513660Z  ___|_| |_ _ _|_| |_| |_ _ _| |_ ___ ___| |
2022-12-27T01:54:23.8514370Z |  _| | . | | | | | . | | | |   | -_| -_| |
2022-12-27T01:54:23.8514700Z |___|_|___|___|_|_|___|_____|_|_|___|___|_|
2022-12-27T01:54:23.8514890Z 
2022-12-27T01:54:23.8515070Z cibuildwheel version 2.11.3
2022-12-27T01:54:23.8515170Z 
2022-12-27T01:54:23.8515280Z Build options:
2022-12-27T01:54:23.8515570Z   platform: macos
2022-12-27T01:54:23.8660460Z   architectures: arm64[0m
2022-12-27T01:54:23.8660880Z   build_selector: 
2022-12-27T01:54:23.8661610Z     build_config: cp311-macosx_arm64
2022-12-27T01:54:23.8661980Z     skip_config: 
2022-12-27T01:54:23.8662270Z     requires_python: None
2022-12-27T01:54:23.8662950Z     prerelease_pythons: False[0m
2022-12-27T01:54:23.8663560Z   [38;5;244mcontainer_engine: docker[0m
2022-12-27T01:54:23.8664240Z   output_dir: /Users/runner/actions-runner/_work/python.build/python.build/build_grpcio183311/wheelsout[0m
2022-12-27T01:54:23.8665070Z   package_dir: /Users/runner/actions-runner/_work/python.build/python.build/build_grpcio183311/grpcio-1.8.3[0m
2022-12-27T01:54:23.8665530Z   test_selector: 
2022-12-27T01:54:23.8665970Z     skip_config: *_arm64[0m
2022-12-27T01:54:23.8666350Z   [38;5;244mbefore_all: [0m
2022-12-27T01:54:23.8667030Z   before_build: pip install Cython; if [[ -f requirements.txt ]]; then pip install -r requirements.txt; fi[0m
2022-12-27T01:54:23.8667780Z   [38;5;244mbefore_test: [0m
2022-12-27T01:54:23.8668230Z   [38;5;244mbuild_frontend: pip[0m
2022-12-27T01:54:23.8668620Z   build_verbosity: 3[0m
2022-12-27T01:54:23.8669060Z   [38;5;244mconfig_settings: [0m
2022-12-27T01:54:23.8669680Z   [38;5;244mdependency_constraints: pinned[0m
2022-12-27T01:54:23.8669940Z   environment: 
2022-12-27T01:54:23.8670220Z     GRPC_PYTHON_BUILD_WITH_CYTHON=1
2022-12-27T01:54:23.8670560Z     GRPC_BUILD_WITH_BORING_SSL_ASM=''
2022-12-27T01:54:23.8670840Z     GRPC_PYTHON_BUILD_SYSTEM_OPENSSL=TRUE
2022-12-27T01:54:23.8671430Z     CFLAGS="-I/usr/local/opt/openssl@3/include"
2022-12-27T01:54:23.8671860Z     LDFLAGS="-L/usr/local/opt/openssl@3/lib"
2022-12-27T01:54:23.8672220Z     CPPFLAGS="-I/usr/local/opt/openssl@3/include"
2022-12-27T01:54:23.8672650Z     MAKEFLAGS="-j$(sysctl -n hw.logicalcpu)"
2022-12-27T01:54:23.8673400Z     PATH=/usr/local/opt/ccache/libexec:$PATH[0m
2022-12-27T01:54:23.8673910Z   [38;5;244mmanylinux_images: None[0m
2022-12-27T01:54:23.8674310Z   [38;5;244mmusllinux_images: None[0m
2022-12-27T01:54:23.8674830Z   [38;5;244mrepair_command: delocate-wheel --require-archs {delocate_archs} -w {dest_dir} -v {wheel}[0m
2022-12-27T01:54:23.8675260Z   [38;5;244mtest_command: [0m
2022-12-27T01:54:23.8675580Z   [38;5;244mtest_extras: [0m
2022-12-27T01:54:23.8675940Z   [38;5;244mtest_requires: [0m
2022-12-27T01:54:23.8676060Z 
2022-12-27T01:54:23.8676170Z Cache folder: /Users/runner/Library/Caches/cibuildwheel
2022-12-27T01:54:23.8682780Z 
2022-12-27T01:54:23.8683080Z Here we go!
2022-12-27T01:54:23.8683230Z 
2022-12-27T01:54:23.8735480Z 
2022-12-27T01:54:23.8735910Z [1m[34mBuilding cp311-macosx_arm64 wheel[0m
2022-12-27T01:54:23.8736410Z CPython 3.11 macOS arm64 - Apple Silicon
2022-12-27T01:54:23.8736550Z 
2022-12-27T01:54:23.8738880Z ##[group]Installing Python cp311...
2022-12-27T01:54:23.8739110Z 
2022-12-27T01:54:23.8739250Z + pkgutil --pkgs
2022-12-27T01:54:23.8838670Z ##[endgroup]
2022-12-27T01:54:23.8840180Z                                                               [32m✓ [0m0.01s
2022-12-27T01:54:23.8840580Z ##[group]Setting up build environment...
2022-12-27T01:54:23.8840700Z 
2022-12-27T01:54:23.8857110Z + /Library/Frameworks/Python.framework/Versions/3.11/bin/python -sS /Users/runner/Library/Caches/cibuildwheel/virtualenv-20.17.0.pyz --activators= --no-periodic-update --pip=22.3.1 --setuptools=65.6.3 --wheel=0.38.4 --symlink-app-data --python /Library/Frameworks/Python.framework/Versions/3.11/bin/python3 /private/var/folders/51/hd414ycd67n82196sw51xqtc0000gn/T/cibw-run-52dgkp7z/cp311-macosx_arm64/build/venv
2022-12-27T01:54:24.0737020Z created virtual environment CPython3.11.1.final.0-64 in 48ms
2022-12-27T01:54:24.0737760Z   creator CPython3Posix(dest=/private/var/folders/51/hd414ycd67n82196sw51xqtc0000gn/T/cibw-run-52dgkp7z/cp311-macosx_arm64/build/venv, clear=False, no_vcs_ignore=False, global=False)
2022-12-27T01:54:24.0738570Z   seeder FromAppData(download=False, pip=22.3.1, setuptools=65.6.3, wheel=0.38.4, via=symlink, app_data_dir=/Users/runner/Library/Application Support/virtualenv)
2022-12-27T01:54:24.0738940Z     added seed packages: pip==22.3.1, setuptools==65.6.3, wheel==0.38.4
2022-12-27T01:54:24.0863310Z + python -m pip install --upgrade pip -c /Library/Frameworks/Python.framework/Versions/3.11/lib/python3.11/site-packages/cibuildwheel/resources/constraints-python311.txt
2022-12-27T01:54:24.3604230Z Requirement already satisfied: pip in ./lib/python3.11/site-packages (22.3.1)
2022-12-27T01:54:24.4876080Z + which pip
2022-12-27T01:54:24.4894390Z /private/var/folders/51/hd414ycd67n82196sw51xqtc0000gn/T/cibw-run-52dgkp7z/cp311-macosx_arm64/build/venv/bin/pip
2022-12-27T01:54:24.4896730Z + pip --version
2022-12-27T01:54:24.6876390Z pip 22.3.1 from /private/var/folders/51/hd414ycd67n82196sw51xqtc0000gn/T/cibw-run-52dgkp7z/cp311-macosx_arm64/build/venv/lib/python3.11/site-packages/pip (python 3.11)
2022-12-27T01:54:24.7112340Z + which pip
2022-12-27T01:54:24.7137200Z + which python
2022-12-27T01:54:24.7154240Z /private/var/folders/51/hd414ycd67n82196sw51xqtc0000gn/T/cibw-run-52dgkp7z/cp311-macosx_arm64/build/venv/bin/python
2022-12-27T01:54:24.7156480Z + python --version
2022-12-27T01:54:24.7211730Z Python 3.11.1
2022-12-27T01:54:24.7214890Z + which python
2022-12-27T01:54:24.7264640Z ##[endgroup]
2022-12-27T01:54:24.7265270Z                                                               [32m✓ [0m0.84s
2022-12-27T01:54:24.7265850Z ##[group]Installing build tools...
2022-12-27T01:54:24.7266000Z 
2022-12-27T01:54:24.7266390Z + pip install --upgrade setuptools wheel delocate -c /Library/Frameworks/Python.framework/Versions/3.11/lib/python3.11/site-packages/cibuildwheel/resources/constraints-python311.txt
2022-12-27T01:54:25.0006860Z Requirement already satisfied: setuptools in /private/var/folders/51/hd414ycd67n82196sw51xqtc0000gn/T/cibw-run-52dgkp7z/cp311-macosx_arm64/build/venv/lib/python3.11/site-packages (65.6.3)
2022-12-27T01:54:25.1750590Z Requirement already satisfied: wheel in /private/var/folders/51/hd414ycd67n82196sw51xqtc0000gn/T/cibw-run-52dgkp7z/cp311-macosx_arm64/build/venv/lib/python3.11/site-packages (0.38.4)
2022-12-27T01:54:25.2139010Z Collecting delocate
2022-12-27T01:54:25.2160580Z   Using cached delocate-0.10.3-py3-none-any.whl (142 kB)
2022-12-27T01:54:25.2415970Z Collecting packaging>=20.9
2022-12-27T01:54:25.2434380Z   Using cached packaging-21.3-py3-none-any.whl (40 kB)
2022-12-27T01:54:25.2583160Z Collecting typing-extensions
2022-12-27T01:54:25.2601490Z   Using cached typing_extensions-4.4.0-py3-none-any.whl (26 kB)
2022-12-27T01:54:25.2921400Z Collecting pyparsing!=3.0.5,>=2.0.2
2022-12-27T01:54:25.2938870Z   Using cached pyparsing-3.0.9-py3-none-any.whl (98 kB)
2022-12-27T01:54:25.3517060Z Installing collected packages: typing-extensions, pyparsing, packaging, delocate
2022-12-27T01:54:25.4858680Z Successfully installed delocate-0.10.3 packaging-21.3 pyparsing-3.0.9 typing-extensions-4.4.0
2022-12-27T01:54:25.5309720Z ##[endgroup]
2022-12-27T01:54:25.5310670Z                                                               [32m✓ [0m0.80s
2022-12-27T01:54:25.5311120Z ##[group]Running before_build...
2022-12-27T01:54:25.5311270Z 
2022-12-27T01:54:25.5314400Z + pip install Cython; if [[ -f requirements.txt ]]; then pip install -r requirements.txt; fi
2022-12-27T01:54:26.1104060Z Collecting Cython
2022-12-27T01:54:26.1149820Z   Using cached Cython-0.29.32-py2.py3-none-any.whl (986 kB)
2022-12-27T01:54:26.1564780Z Installing collected packages: Cython
2022-12-27T01:54:26.5708860Z Successfully installed Cython-0.29.32
2022-12-27T01:54:27.2275200Z Collecting coverage>=4.0
2022-12-27T01:54:27.2300990Z   Using cached coverage-7.0.1-cp311-cp311-macosx_10_9_x86_64.whl (188 kB)
2022-12-27T01:54:27.2341330Z Requirement already satisfied: cython>=0.23 in /private/var/folders/51/hd414ycd67n82196sw51xqtc0000gn/T/cibw-run-52dgkp7z/cp311-macosx_arm64/build/venv/lib/python3.11/site-packages (from -r requirements.txt (line 3)) (0.29.32)
2022-12-27T01:54:27.2467490Z Collecting enum34>=1.0.4
2022-12-27T01:54:27.2486050Z   Using cached enum34-1.1.10-py3-none-any.whl (11 kB)
2022-12-27T01:54:27.2615690Z Collecting futures>=2.2.0
2022-12-27T01:54:27.2617030Z   Using cached futures-3.0.5-py3-none-any.whl
2022-12-27T01:54:27.4955580Z Collecting protobuf>=3.5.0.post1
2022-12-27T01:54:27.4982190Z   Using cached protobuf-4.21.12-cp37-abi3-macosx_10_9_universal2.whl (486 kB)
2022-12-27T01:54:27.5153610Z Collecting six>=1.10
2022-12-27T01:54:27.5170840Z   Using cached six-1.16.0-py2.py3-none-any.whl (11 kB)
2022-12-27T01:54:27.5191290Z Requirement already satisfied: wheel>=0.29 in /private/var/folders/51/hd414ycd67n82196sw51xqtc0000gn/T/cibw-run-52dgkp7z/cp311-macosx_arm64/build/venv/lib/python3.11/site-packages (from -r requirements.txt (line 8)) (0.38.4)
2022-12-27T01:54:27.5603970Z Installing collected packages: futures, enum34, six, protobuf, coverage
2022-12-27T01:54:27.8065720Z Successfully installed coverage-7.0.1 enum34-1.1.10 futures-3.0.5 protobuf-4.21.12 six-1.16.0
2022-12-27T01:54:27.8607740Z ##[endgroup]
2022-12-27T01:54:27.8608430Z                                                               [32m✓ [0m2.33s
2022-12-27T01:54:27.8608990Z ##[group]Building wheel...
2022-12-27T01:54:27.8609110Z 
2022-12-27T01:54:27.8612950Z + python -m pip wheel /Users/runner/actions-runner/_work/python.build/python.build/build_grpcio183311/grpcio-1.8.3 --wheel-dir=/private/var/folders/51/hd414ycd67n82196sw51xqtc0000gn/T/cibw-run-52dgkp7z/cp311-macosx_arm64/built_wheel --no-deps -vvv
2022-12-27T01:54:28.1118010Z Created temporary directory: /private/var/folders/51/hd414ycd67n82196sw51xqtc0000gn/T/pip-ephem-wheel-cache-qlhrsnc7
2022-12-27T01:54:28.1122820Z Created temporary directory: /private/var/folders/51/hd414ycd67n82196sw51xqtc0000gn/T/pip-build-tracker-g3n_3i4f
2022-12-27T01:54:28.1124500Z Initialized build tracking at /private/var/folders/51/hd414ycd67n82196sw51xqtc0000gn/T/pip-build-tracker-g3n_3i4f
2022-12-27T01:54:28.1125960Z Created build tracker: /private/var/folders/51/hd414ycd67n82196sw51xqtc0000gn/T/pip-build-tracker-g3n_3i4f
2022-12-27T01:54:28.1127030Z Entered build tracker: /private/var/folders/51/hd414ycd67n82196sw51xqtc0000gn/T/pip-build-tracker-g3n_3i4f
2022-12-27T01:54:28.1130020Z Created temporary directory: /private/var/folders/51/hd414ycd67n82196sw51xqtc0000gn/T/pip-wheel-8otd0hqh
2022-12-27T01:54:28.1135000Z Created temporary directory: /private/var/folders/51/hd414ycd67n82196sw51xqtc0000gn/T/pip-ephem-wheel-cache-znss44hm
2022-12-27T01:54:28.1207800Z Processing /Users/runner/actions-runner/_work/python.build/python.build/build_grpcio183311/grpcio-1.8.3
2022-12-27T01:54:28.1212520Z   Added file:///Users/runner/actions-runner/_work/python.build/python.build/build_grpcio183311/grpcio-1.8.3 to build tracker '/private/var/folders/51/hd414ycd67n82196sw51xqtc0000gn/T/pip-build-tracker-g3n_3i4f'
2022-12-27T01:54:28.1215560Z   Running setup.py (path:/Users/runner/actions-runner/_work/python.build/python.build/build_grpcio183311/grpcio-1.8.3/setup.py) egg_info for package from file:///Users/runner/actions-runner/_work/python.build/python.build/build_grpcio183311/grpcio-1.8.3
2022-12-27T01:54:28.1218180Z   Created temporary directory: /private/var/folders/51/hd414ycd67n82196sw51xqtc0000gn/T/pip-pip-egg-info-tpwuxa3p
2022-12-27T01:54:28.1219380Z   Preparing metadata (setup.py): started
2022-12-27T01:54:28.1220790Z   Running command python setup.py egg_info
2022-12-27T01:54:28.5090850Z   /private/var/folders/51/hd414ycd67n82196sw51xqtc0000gn/T/cibw-run-52dgkp7z/cp311-macosx_arm64/build/venv/lib/python3.11/site-packages/Cython/Compiler/Main.py:369: FutureWarning: Cython directive 'language_level' not set, using 2 for now (Py2). This will change in a later release! File: /Users/runner/actions-runner/_work/python.build/python.build/build_grpcio183311/grpcio-1.8.3/src/python/grpcio/grpc/_cython/cygrpc.pxd
2022-12-27T01:54:28.5091690Z     tree = Parsing.p_module(s, pxd, full_module_name)
2022-12-27T01:54:28.5471920Z   warning: src/python/grpcio/grpc/_cython/_cygrpc/grpc.pxi:576:2: 'grpc_compression_level' redeclared
2022-12-27T01:54:28.5567640Z   warning: src/python/grpcio/grpc/_cython/_cygrpc/grpc.pxi:138:13: 'GRPC_ARG_PRIMARY_USER_AGENT_STRING' redeclared
2022-12-27T01:54:28.5603000Z   warning: src/python/grpcio/grpc/_cython/_cygrpc/grpc.pxi:577:4: 'GRPC_COMPRESS_LEVEL_NONE' redeclared
2022-12-27T01:54:28.5604780Z   warning: src/python/grpcio/grpc/_cython/_cygrpc/grpc.pxi:578:4: 'GRPC_COMPRESS_LEVEL_LOW' redeclared
2022-12-27T01:54:28.5606190Z   warning: src/python/grpcio/grpc/_cython/_cygrpc/grpc.pxi:579:4: 'GRPC_COMPRESS_LEVEL_MED' redeclared
2022-12-27T01:54:28.5607950Z   warning: src/python/grpcio/grpc/_cython/_cygrpc/grpc.pxi:580:4: 'GRPC_COMPRESS_LEVEL_HIGH' redeclared
2022-12-27T01:54:29.2975330Z   Compiling src/python/grpcio/grpc/_cython/cygrpc.pyx because it depends on /private/var/folders/51/hd414ycd67n82196sw51xqtc0000gn/T/cibw-run-52dgkp7z/cp311-macosx_arm64/build/venv/lib/python3.11/site-packages/Cython/Includes/libc/time.pxd.
2022-12-27T01:54:29.2975890Z   [1/1] Cythonizing src/python/grpcio/grpc/_cython/cygrpc.pyx
2022-12-27T01:54:29.3157270Z   running egg_info
2022-12-27T01:54:29.3161540Z   creating /private/var/folders/51/hd414ycd67n82196sw51xqtc0000gn/T/pip-pip-egg-info-tpwuxa3p/grpcio.egg-info
2022-12-27T01:54:29.3173900Z   writing /private/var/folders/51/hd414ycd67n82196sw51xqtc0000gn/T/pip-pip-egg-info-tpwuxa3p/grpcio.egg-info/PKG-INFO
2022-12-27T01:54:29.3176950Z   writing dependency_links to /private/var/folders/51/hd414ycd67n82196sw51xqtc0000gn/T/pip-pip-egg-info-tpwuxa3p/grpcio.egg-info/dependency_links.txt
2022-12-27T01:54:29.3180550Z   writing requirements to /private/var/folders/51/hd414ycd67n82196sw51xqtc0000gn/T/pip-pip-egg-info-tpwuxa3p/grpcio.egg-info/requires.txt
2022-12-27T01:54:29.3182070Z   writing top-level names to /private/var/folders/51/hd414ycd67n82196sw51xqtc0000gn/T/pip-pip-egg-info-tpwuxa3p/grpcio.egg-info/top_level.txt
2022-12-27T01:54:29.3183840Z   writing manifest file '/private/var/folders/51/hd414ycd67n82196sw51xqtc0000gn/T/pip-pip-egg-info-tpwuxa3p/grpcio.egg-info/SOURCES.txt'
2022-12-27T01:54:29.3237980Z   reading manifest file '/private/var/folders/51/hd414ycd67n82196sw51xqtc0000gn/T/pip-pip-egg-info-tpwuxa3p/grpcio.egg-info/SOURCES.txt'
2022-12-27T01:54:29.3240700Z   reading manifest template 'PYTHON-MANIFEST.in'
2022-12-27T01:54:29.3266410Z   warning: no files found matching '*.h' under directory 'src/python/grpcio/grpc'
2022-12-27T01:54:29.3332200Z   warning: no files found matching '*.python' under directory 'src/python/grpcio/grpc'
2022-12-27T01:54:29.3346090Z   warning: no previously-included files matching '*.so' found under directory 'src/python/grpcio/grpc/_cython'
2022-12-27T01:54:29.3347480Z   warning: no previously-included files matching '*.pyd' found under directory 'src/python/grpcio/grpc/_cython'
2022-12-27T01:54:29.4045560Z   warning: no files found matching 'src/python/grpcio/precompiled.py'
2022-12-27T01:54:29.4461110Z   writing manifest file '/private/var/folders/51/hd414ycd67n82196sw51xqtc0000gn/T/pip-pip-egg-info-tpwuxa3p/grpcio.egg-info/SOURCES.txt'
2022-12-27T01:54:29.5201100Z   Preparing metadata (setup.py): finished with status 'done'
2022-12-27T01:54:29.5225160Z   Source in /Users/runner/actions-runner/_work/python.build/python.build/build_grpcio183311/grpcio-1.8.3 has version 1.8.3, which satisfies requirement grpcio==1.8.3 from file:///Users/runner/actions-runner/_work/python.build/python.build/build_grpcio183311/grpcio-1.8.3
2022-12-27T01:54:29.5228470Z   Removed grpcio==1.8.3 from file:///Users/runner/actions-runner/_work/python.build/python.build/build_grpcio183311/grpcio-1.8.3 from build tracker '/private/var/folders/51/hd414ycd67n82196sw51xqtc0000gn/T/pip-build-tracker-g3n_3i4f'
2022-12-27T01:54:29.5245800Z Created temporary directory: /private/var/folders/51/hd414ycd67n82196sw51xqtc0000gn/T/pip-unpack-juviwxoi
2022-12-27T01:54:29.5247760Z Building wheels for collected packages: grpcio
2022-12-27T01:54:29.5254650Z   Created temporary directory: /private/var/folders/51/hd414ycd67n82196sw51xqtc0000gn/T/pip-wheel-se37q4m4
2022-12-27T01:54:29.5256240Z   Building wheel for grpcio (setup.py): started
2022-12-27T01:54:29.5258250Z   Destination directory: /private/var/folders/51/hd414ycd67n82196sw51xqtc0000gn/T/pip-wheel-se37q4m4
2022-12-27T01:54:29.5258990Z   Running command python setup.py bdist_wheel
2022-12-27T01:54:29.9187730Z   running bdist_wheel
2022-12-27T01:54:29.9188690Z   running build
2022-12-27T01:54:29.9190310Z   running build_py
2022-12-27T01:54:29.9191700Z   running build_project_metadata
2022-12-27T01:54:29.9192980Z   creating python_build
2022-12-27T01:54:29.9194690Z   creating python_build/lib.macosx-11.0-arm64-cpython-311
2022-12-27T01:54:29.9196210Z   creating python_build/lib.macosx-11.0-arm64-cpython-311/grpc
2022-12-27T01:54:29.9197750Z   copying src/python/grpcio/grpc/_channel.py -> python_build/lib.macosx-11.0-arm64-cpython-311/grpc
2022-12-27T01:54:29.9199720Z   copying src/python/grpcio/grpc/_common.py -> python_build/lib.macosx-11.0-arm64-cpython-311/grpc
2022-12-27T01:54:29.9201270Z   copying src/python/grpcio/grpc/__init__.py -> python_build/lib.macosx-11.0-arm64-cpython-311/grpc
2022-12-27T01:54:29.9203090Z   copying src/python/grpcio/grpc/_utilities.py -> python_build/lib.macosx-11.0-arm64-cpython-311/grpc
2022-12-27T01:54:29.9205020Z   copying src/python/grpcio/grpc/_plugin_wrapping.py -> python_build/lib.macosx-11.0-arm64-cpython-311/grpc
2022-12-27T01:54:29.9206500Z   copying src/python/grpcio/grpc/_interceptor.py -> python_build/lib.macosx-11.0-arm64-cpython-311/grpc
2022-12-27T01:54:29.9208430Z   copying src/python/grpcio/grpc/_grpcio_metadata.py -> python_build/lib.macosx-11.0-arm64-cpython-311/grpc
2022-12-27T01:54:29.9209550Z   copying src/python/grpcio/grpc/_server.py -> python_build/lib.macosx-11.0-arm64-cpython-311/grpc
2022-12-27T01:54:29.9211180Z   copying src/python/grpcio/grpc/_auth.py -> python_build/lib.macosx-11.0-arm64-cpython-311/grpc
2022-12-27T01:54:29.9212530Z   creating python_build/lib.macosx-11.0-arm64-cpython-311/grpc/beta
2022-12-27T01:54:29.9214370Z   copying src/python/grpcio/grpc/beta/_server_adaptations.py -> python_build/lib.macosx-11.0-arm64-cpython-311/grpc/beta
2022-12-27T01:54:29.9215740Z   copying src/python/grpcio/grpc/beta/interfaces.py -> python_build/lib.macosx-11.0-arm64-cpython-311/grpc/beta
2022-12-27T01:54:29.9217530Z   copying src/python/grpcio/grpc/beta/_metadata.py -> python_build/lib.macosx-11.0-arm64-cpython-311/grpc/beta
2022-12-27T01:54:29.9218940Z   copying src/python/grpcio/grpc/beta/__init__.py -> python_build/lib.macosx-11.0-arm64-cpython-311/grpc/beta
2022-12-27T01:54:29.9220370Z   copying src/python/grpcio/grpc/beta/utilities.py -> python_build/lib.macosx-11.0-arm64-cpython-311/grpc/beta
2022-12-27T01:54:29.9221770Z   copying src/python/grpcio/grpc/beta/implementations.py -> python_build/lib.macosx-11.0-arm64-cpython-311/grpc/beta
2022-12-27T01:54:29.9223380Z   copying src/python/grpcio/grpc/beta/_client_adaptations.py -> python_build/lib.macosx-11.0-arm64-cpython-311/grpc/beta
2022-12-27T01:54:29.9224910Z   creating python_build/lib.macosx-11.0-arm64-cpython-311/grpc/framework
2022-12-27T01:54:29.9226370Z   copying src/python/grpcio/grpc/framework/__init__.py -> python_build/lib.macosx-11.0-arm64-cpython-311/grpc/framework
2022-12-27T01:54:29.9227740Z   creating python_build/lib.macosx-11.0-arm64-cpython-311/grpc/_cython
2022-12-27T01:54:29.9229320Z   copying src/python/grpcio/grpc/_cython/__init__.py -> python_build/lib.macosx-11.0-arm64-cpython-311/grpc/_cython
2022-12-27T01:54:29.9230780Z   creating python_build/lib.macosx-11.0-arm64-cpython-311/grpc/framework/foundation
2022-12-27T01:54:29.9232290Z   copying src/python/grpcio/grpc/framework/foundation/callable_util.py -> python_build/lib.macosx-11.0-arm64-cpython-311/grpc/framework/foundation
2022-12-27T01:54:29.9233760Z   copying src/python/grpcio/grpc/framework/foundation/abandonment.py -> python_build/lib.macosx-11.0-arm64-cpython-311/grpc/framework/foundation
2022-12-27T01:54:29.9235190Z   copying src/python/grpcio/grpc/framework/foundation/__init__.py -> python_build/lib.macosx-11.0-arm64-cpython-311/grpc/framework/foundation
2022-12-27T01:54:29.9236960Z   copying src/python/grpcio/grpc/framework/foundation/stream.py -> python_build/lib.macosx-11.0-arm64-cpython-311/grpc/framework/foundation
2022-12-27T01:54:29.9238540Z   copying src/python/grpcio/grpc/framework/foundation/stream_util.py -> python_build/lib.macosx-11.0-arm64-cpython-311/grpc/framework/foundation
2022-12-27T01:54:29.9239710Z   copying src/python/grpcio/grpc/framework/foundation/future.py -> python_build/lib.macosx-11.0-arm64-cpython-311/grpc/framework/foundation
2022-12-27T01:54:29.9241200Z   copying src/python/grpcio/grpc/framework/foundation/logging_pool.py -> python_build/lib.macosx-11.0-arm64-cpython-311/grpc/framework/foundation
2022-12-27T01:54:29.9242550Z   creating python_build/lib.macosx-11.0-arm64-cpython-311/grpc/framework/common
2022-12-27T01:54:29.9244270Z   copying src/python/grpcio/grpc/framework/common/style.py -> python_build/lib.macosx-11.0-arm64-cpython-311/grpc/framework/common
2022-12-27T01:54:29.9245580Z   copying src/python/grpcio/grpc/framework/common/cardinality.py -> python_build/lib.macosx-11.0-arm64-cpython-311/grpc/framework/common
2022-12-27T01:54:29.9247200Z   copying src/python/grpcio/grpc/framework/common/__init__.py -> python_build/lib.macosx-11.0-arm64-cpython-311/grpc/framework/common
2022-12-27T01:54:29.9248750Z   creating python_build/lib.macosx-11.0-arm64-cpython-311/grpc/framework/interfaces
2022-12-27T01:54:29.9250400Z   copying src/python/grpcio/grpc/framework/interfaces/__init__.py -> python_build/lib.macosx-11.0-arm64-cpython-311/grpc/framework/interfaces
2022-12-27T01:54:29.9251760Z   creating python_build/lib.macosx-11.0-arm64-cpython-311/grpc/framework/interfaces/face
2022-12-27T01:54:29.9253330Z   copying src/python/grpcio/grpc/framework/interfaces/face/__init__.py -> python_build/lib.macosx-11.0-arm64-cpython-311/grpc/framework/interfaces/face
2022-12-27T01:54:29.9254840Z   copying src/python/grpcio/grpc/framework/interfaces/face/utilities.py -> python_build/lib.macosx-11.0-arm64-cpython-311/grpc/framework/interfaces/face
2022-12-27T01:54:29.9256510Z   copying src/python/grpcio/grpc/framework/interfaces/face/face.py -> python_build/lib.macosx-11.0-arm64-cpython-311/grpc/framework/interfaces/face
2022-12-27T01:54:29.9257770Z   creating python_build/lib.macosx-11.0-arm64-cpython-311/grpc/framework/interfaces/base
2022-12-27T01:54:29.9259970Z   copying src/python/grpcio/grpc/framework/interfaces/base/__init__.py -> python_build/lib.macosx-11.0-arm64-cpython-311/grpc/framework/interfaces/base
2022-12-27T01:54:29.9261550Z   copying src/python/grpcio/grpc/framework/interfaces/base/utilities.py -> python_build/lib.macosx-11.0-arm64-cpython-311/grpc/framework/interfaces/base
2022-12-27T01:54:29.9263300Z   copying src/python/grpcio/grpc/framework/interfaces/base/base.py -> python_build/lib.macosx-11.0-arm64-cpython-311/grpc/framework/interfaces/base
2022-12-27T01:54:29.9264770Z   creating python_build/lib.macosx-11.0-arm64-cpython-311/grpc/_cython/_cygrpc
2022-12-27T01:54:29.9266500Z   copying src/python/grpcio/grpc/_cython/_cygrpc/__init__.py -> python_build/lib.macosx-11.0-arm64-cpython-311/grpc/_cython/_cygrpc
2022-12-27T01:54:29.9268200Z   creating python_build/lib.macosx-11.0-arm64-cpython-311/grpc/_cython/_credentials
2022-12-27T01:54:29.9270130Z   copying src/python/grpcio/grpc/_cython/_credentials/roots.pem -> python_build/lib.macosx-11.0-arm64-cpython-311/grpc/_cython/_credentials
2022-12-27T01:54:29.9271820Z   running build_ext
2022-12-27T01:54:33.9435430Z   b'[C]       Compiling third_party/cares/cares/ares__close_sockets.c\n[C]       Compiling third_party/cares/cares/ares__get_hostent.c\n[C]       Compiling third_party/cares/cares/ares__read_line.c\n[C]       Compiling third_party/cares/cares/ares__timeval.c\n[C]       Compiling third_party/cares/cares/ares_cancel.c\n[C]       Compiling third_party/cares/cares/ares_create_query.c\n[C]       Compiling third_party/cares/cares/ares_data.c\n[C]       Compiling third_party/cares/cares/ares_destroy.c\n[C]       Compiling third_party/cares/cares/ares_expand_name.c\n[C]       Compiling third_party/cares/cares/ares_expand_string.c\n[C]       Compiling third_party/cares/cares/ares_fds.c\n[C]       Compiling third_party/cares/cares/ares_free_hostent.c\n[C]       Compiling third_party/cares/cares/ares_free_string.c\n[C]       Compiling third_party/cares/cares/ares_getenv.c\n[C]       Compiling third_party/cares/cares/ares_gethostbyaddr.c\n[C]       Compiling third_party/cares/cares/ares_gethostbyname.c\n[C]       Compiling third_party/cares/cares/ares_getnameinfo.c\n[C]       Compiling third_party/cares/cares/ares_getopt.c\n[C]       Compiling third_party/cares/cares/ares_getsock.c\n[C]       Compiling third_party/cares/cares/ares_init.c\n[C]       Compiling third_party/cares/cares/ares_library_init.c\n[C]       Compiling third_party/cares/cares/ares_llist.c\n[C]       Compiling third_party/cares/cares/ares_mkquery.c\n[C]       Compiling third_party/cares/cares/ares_nowarn.c\n[C]       Compiling third_party/cares/cares/ares_options.c\n[C]       Compiling third_party/cares/cares/ares_parse_a_reply.c\n[C]       Compiling third_party/cares/cares/ares_parse_aaaa_reply.c\n[C]       Compiling third_party/cares/cares/ares_parse_mx_reply.c\n[C]       Compiling third_party/cares/cares/ares_parse_naptr_reply.c\n[C]       Compiling third_party/cares/cares/ares_parse_ns_reply.c\n[C]       Compiling third_party/cares/cares/ares_parse_ptr_reply.c\n[C]       Compiling third_party/cares/cares/ares_parse_soa_reply.c\n[C]       Compiling third_party/cares/cares/ares_parse_srv_reply.c\n[C]       Compiling third_party/cares/cares/ares_parse_txt_reply.c\n[C]       Compiling third_party/cares/cares/ares_platform.c\n[C]       Compiling third_party/cares/cares/ares_process.c\n[C]       Compiling third_party/cares/cares/ares_query.c\n[C]       Compiling third_party/cares/cares/ares_search.c\n[C]       Compiling third_party/cares/cares/ares_send.c\n[C]       Compiling third_party/cares/cares/ares_strcasecmp.c\n[C]       Compiling third_party/cares/cares/ares_strdup.c\n[C]       Compiling third_party/cares/cares/ares_strerror.c\n[C]       Compiling third_party/cares/cares/ares_timeout.c\n[C]       Compiling third_party/cares/cares/ares_version.c\n[C]       Compiling third_party/cares/cares/ares_writev.c\n[C]       Compiling third_party/cares/cares/bitncmp.c\n[C]       Compiling third_party/cares/cares/inet_net_pton.c\n[C]       Compiling third_party/cares/cares/inet_ntop.c\n[C]       Compiling third_party/cares/cares/windows_port.c\n[C]       Compiling third_party/zlib/adler32.c\n[C]       Compiling third_party/zlib/compress.c\n[C]       Compiling third_party/zlib/crc32.c\n[C]       Compiling third_party/zlib/deflate.c\n[C]       Compiling third_party/zlib/gzclose.c\n[C]       Compiling third_party/zlib/gzlib.c\n[C]       Compiling third_party/zlib/gzread.c\n[C]       Compiling third_party/zlib/gzwrite.c\n[C]       Compiling third_party/zlib/infback.c\n[C]       Compiling third_party/zlib/inffast.c\n[C]       Compiling third_party/zlib/inflate.c\n[C]       Compiling third_party/zlib/inftrees.c\n[C]       Compiling third_party/zlib/trees.c\n[C]       Compiling third_party/zlib/uncompr.c\n[C]       Compiling third_party/zlib/zutil.c\n[C]       Compiling src/boringssl/err_data.c\n[C]       Compiling third_party/boringssl/crypto/aes/aes.c\n[C]       Compiling third_party/boringssl/crypto/aes/key_wrap.c\n[C]       Compiling third_party/boringssl/crypto/aes/mode_wrappers.c\n[C]       Compiling third_party/boringssl/crypto/asn1/a_bitstr.c\n'
2022-12-27T01:54:33.9472010Z   b"make: Circular /Users/runner/actions-runner/_work/python.build/python.build/build_grpcio183311/grpcio-1.8.3/libs/opt/libares.a <- /Users/runner/actions-runner/_work/python.build/python.build/build_grpcio183311/grpcio-1.8.3/libs/opt/libz.a dependency dropped.\nIn file included from src/boringssl/err_data.c:17:\nthird_party/boringssl/include/openssl/base.h:133:9: error: 'OPENSSL_VERSION_NUMBER' macro redefined [-Werror,-Wmacro-redefined]\n#define OPENSSL_VERSION_NUMBER 0x100020af\n        ^\n/usr/local/opt/openssl@3/include/openssl/opensslv.h:99:10: note: previous definition is here\n# define OPENSSL_VERSION_NUMBER          \\\n         ^\nIn file included from src/boringssl/err_data.c:18:\nIn file included from /usr/local/opt/openssl@3/include/openssl/err.h:21:\n/usr/local/opt/openssl@3/include/openssl/e_os2.h:183:11: error: 'OPENSSL_EXPORT' macro redefined [-Werror,-Wmacro-redefined]\n#  define OPENSSL_EXPORT extern\n          ^\nthird_party/boringssl/include/openssl/base.h:168:9: note: previous definition is here\n#define OPENSSL_EXPORT\n        ^\nIn file included from src/boringssl/err_data.c:18:\nIn file included from /usr/local/opt/openssl@3/include/openssl/err.h:28:\nIn file included from /usr/local/opt/openssl@3/include/openssl/types.h:21:\n/usr/local/opt/openssl@3/include/openssl/safestack.h:264:15: error: redefinition of typedef 'OPENSSL_BLOCK' is a C11 feature [-Werror,-Wtypedef-redefinition]\ntypedef void *OPENSSL_BLOCK;\n              ^\nthird_party/boringssl/include/openssl/base.h:322:15: note: previous definition is here\ntypedef void *OPENSSL_BLOCK;\n              ^\nIn file included from src/boringssl/err_data.c:18:\nIn file included from /usr/local/opt/openssl@3/include/openssl/err.h:28:\n/usr/local/opt/openssl@3/include/openssl/types.h:45:31: error: redefinition of typedef 'ASN1_INTEGER' is a C11 feature [-Werror,-Wtypedef-redefinition]\ntypedef struct asn1_string_st ASN1_INTEGER;\n                              ^\nthird_party/boringssl/include/openssl/base.h:215:31: note: previous definition is here\ntypedef struct asn1_string_st ASN1_INTEGER;\n                              ^\nIn file included from src/boringssl/err_data.c:18:\nIn file included from /usr/local/opt/openssl@3/include/openssl/err.h:28:\n/usr/local/opt/openssl@3/include/openssl/types.h:46:31: error: redefinition of typedef 'ASN1_ENUMERATED' is a C11 feature [-Werror,-Wtypedef-redefinition]\ntypedef struct asn1_string_st ASN1_ENUMERATED;\n                              ^\nthird_party/boringssl/include/openssl/base.h:211:31: note: previous definition is here\ntypedef struct asn1_string_st ASN1_ENUMERATED;\n                              ^\nIn file included from src/boringssl/err_data.c:18:\nIn file included from /usr/local/opt/openssl@3/include/openssl/err.h:28:\n/usr/local/opt/openssl@3/include/openssl/types.h:47:31: error: redefinition of typedef 'ASN1_BIT_STRING' is a C11 feature [-Werror,-Wtypedef-redefinition]\ntypedef struct asn1_string_st ASN1_BIT_STRING;\n                              ^\nthird_party/boringssl/include/openssl/base.h:209:31: note: previous definition is here\ntypedef struct asn1_string_st ASN1_BIT_STRING;\n                              ^\nIn file included from src/boringssl/err_data.c:18:\nIn file included from /usr/local/opt/openssl@3/include/openssl/err.h:28:\n/usr/local/opt/openssl@3/include/openssl/types.h:48:31: error: redefinition of typedef 'ASN1_OCTET_STRING' is a C11 feature [-Werror,-Wtypedef-redefinition]\ntypedef struct asn1_string_st ASN1_OCTET_STRING;\n                              ^\nthird_party/boringssl/include/openssl/base.h:216:31: note: previous definition is here\ntypedef struct asn1_string_st ASN1_OCTET_STRING;\n                              ^\nIn file included from src/boringssl/err_data.c:18:\nIn file included from /usr/local/opt/openssl@3/include/openssl/err.h:28:\n/usr/local/opt/openssl@3/include/openssl/types.h:49:31: error: redefinition of typedef 'ASN1_PRINTABLESTRING' is a C11 feature [-Werror,-Wtypedef-redefinition]\ntypedef struct asn1_string_st ASN1_PRINTABLESTRING;\n                              ^\nthird_party/boringssl/include/openssl/base.h:217:31: note: previous definition is here\ntypedef struct asn1_string_st ASN1_PRINTABLESTRING;\n                              ^\nIn file included from src/boringssl/err_data.c:18:\nIn file included from /usr/local/opt/openssl@3/include/openssl/err.h:28:\n/usr/local/opt/openssl@3/include/openssl/types.h:50:31: error: redefinition of typedef 'ASN1_T61STRING' is a C11 feature [-Werror,-Wtypedef-redefinition]\ntypedef struct asn1_string_st ASN1_T61STRING;\n                              ^\nthird_party/boringssl/include/openssl/base.h:219:31: note: previous definition is here\ntypedef struct asn1_string_st ASN1_T61STRING;\n                              ^\nIn file included from src/boringssl/err_data.c:18:\nIn file included from /usr/local/opt/openssl@3/include/openssl/err.h:28:\n/usr/local/opt/openssl@3/include/openssl/types.h:51:31: error: redefinition of typedef 'ASN1_IA5STRING' is a C11 feature [-Werror,-Wtypedef-redefinition]\ntypedef struct asn1_string_st ASN1_IA5STRING;\n                              ^\nthird_party/boringssl/include/openssl/base.h:214:31: note: previous definition is here\ntypedef struct asn1_string_st ASN1_IA5STRING;\n                              ^\nIn file included from src/boringssl/err_data.c:18:\nIn file included from /usr/local/opt/openssl@3/include/openssl/err.h:28:\n/usr/local/opt/openssl@3/include/openssl/types.h:52:31: error: redefinition of typedef 'ASN1_GENERALSTRING' is a C11 feature [-Werror,-Wtypedef-redefinition]\ntypedef struct asn1_string_st ASN1_GENERALSTRING;\n                              ^\nthird_party/boringssl/include/openssl/base.h:213:31: note: previous definition is here\ntypedef struct asn1_string_st ASN1_GENERALSTRING;\n                              ^\nIn file included from src/boringssl/err_data.c:18:\nIn file included from /usr/local/opt/openssl@3/include/openssl/err.h:28:\n/usr/local/opt/openssl@3/include/openssl/types.h:53:31: error: redefinition of typedef 'ASN1_UNIVERSALSTRING' is a C11 feature [-Werror,-Wtypedef-redefinition]\ntypedef struct asn1_string_st ASN1_UNIVERSALSTRING;\n                              ^\nthird_party/boringssl/include/openssl/base.h:221:31: note: previous definition is here\ntypedef struct asn1_string_st ASN1_UNIVERSALSTRING;\n                              ^\nIn file included from src/boringssl/err_data.c:18:\nIn file included from /usr/local/opt/openssl@3/include/openssl/err.h:28:\n/usr/local/opt/openssl@3/include/openssl/types.h:54:31: error: redefinition of typedef 'ASN1_BMPSTRING' is a C11 feature [-Werror,-Wtypedef-redefinition]\ntypedef struct asn1_string_st ASN1_BMPSTRING;\n                              ^\nthird_party/boringssl/include/openssl/base.h:210:31: note: previous definition is here\ntypedef struct asn1_string_st ASN1_BMPSTRING;\n                              ^\nIn file included from src/boringssl/err_data.c:18:\nIn file included from /usr/local/opt/openssl@3/include/openssl/err.h:28:\n/usr/local/opt/openssl@3/include/openssl/types.h:55:31: error: redefinition of typedef 'ASN1_UTCTIME' is a C11 feature [-Werror,-Wtypedef-redefinition]\ntypedef struct asn1_string_st ASN1_UTCTIME;\n                              ^\nthird_party/boringssl/include/openssl/base.h:222:31: note: previous definition is here\ntypedef struct asn1_string_st ASN1_UTCTIME;\n                              ^\nIn file included from src/boringssl/err_data.c:18:\nIn file included from /usr/local/opt/openssl@3/include/openssl/err.h:28:\n/usr/local/opt/openssl@3/include/openssl/types.h:56:31: error: redefinition of typedef 'ASN1_TIME' is a C11 feature [-Werror,-Wtypedef-redefinition]\ntypedef struct asn1_string_st ASN1_TIME;\n                              ^\nthird_party/boringssl/include/openssl/base.h:220:31: note: previous definition is here\ntypedef struct asn1_string_st ASN1_TIME;\n                              ^\nIn file included from src/boringssl/err_data.c:18:\nIn file included from /usr/local/opt/openssl@3/include/openssl/err.h:28:\n/usr/local/opt/openssl@3/include/openssl/types.h:57:31: error: redefinition of typedef 'ASN1_GENERALIZEDTIME' is a C11 feature [-Werror,-Wtypedef-redefinition]\ntypedef struct asn1_string_st ASN1_GENERALIZEDTIME;\n                              ^\nthird_party/boringssl/include/openssl/base.h:212:31: note: previous definition is here\ntypedef struct asn1_string_st ASN1_GENERALIZEDTIME;\n                              ^\nIn file included from src/boringssl/err_data.c:18:\nIn file included from /usr/local/opt/openssl@3/include/openssl/err.h:28:\n/usr/local/opt/openssl@3/include/openssl/types.h:58:31: error: redefinition of typedef 'ASN1_VISIBLESTRING' is a C11 feature [-Werror,-Wtypedef-redefinition]\ntypedef struct asn1_string_st ASN1_VISIBLESTRING;\n                              ^\nthird_party/boringssl/include/openssl/base.h:224:31: note: previous definition is here\ntypedef struct asn1_string_st ASN1_VISIBLESTRING;\n                              ^\nIn file included from src/boringssl/err_data.c:18:\nIn file included from /usr/local/opt/openssl@3/include/openssl/err.h:28:\n/usr/local/opt/openssl@3/include/openssl/types.h:59:31: error: redefinition of typedef 'ASN1_UTF8STRING' is a C11 feature [-Werror,-Wtypedef-redefinition]\ntypedef struct asn1_string_st ASN1_UTF8STRING;\n                              ^\nthird_party/boringssl/include/openssl/base.h:223:31: note: previous definition is here\ntypedef struct asn1_string_st ASN1_UTF8STRING;\n                              ^\nIn file included from src/boringssl/err_data.c:18:\nIn file included from /usr/local/opt/openssl@3/include/openssl/err.h:28:\n/usr/local/opt/openssl@3/include/openssl/types.h:60:31: error: redefinition of typedef 'ASN1_STRING' is a C11 feature [-Werror,-Wtypedef-redefinition]\ntypedef struct asn1_string_st ASN1_STRING;\n                              ^\nthird_party/boringssl/include/openssl/base.h:218:31: note: previous definition is here\ntypedef struct asn1_string_st ASN1_STRING;\n                              ^\nfatal error: too many errors emitted, stopping now [-ferror-limit=]\n20 errors generated.\nmake: *** [/Users/runner/actions-runner/_work/python.build/python.build/build_grpcio183311/grpcio-1.8.3/objs/opt/src/boringssl/err_data.o] Error 1\nmake: *** Waiting for unfinished jobs....\nIn file included from third_party/boringssl/crypto/aes/aes.c:54:\nIn file included from third_party/boringssl/include/openssl/cpu.h:64:\nthird_party/boringssl/include/openssl/base.h:133:9: error: 'OPENSSL_VERSION_NUMBER' macro redefined [-Werror,-Wmacro-redefined]\n#define OPENSSL_VERSION_NUMBER 0x100020af\n        ^\n/usr/local/opt/openssl@3/include/openssl/opensslv.h:99:10: note: previous definition is here\n# define OPENSSL_VERSION_NUMBER          \\\n         ^\nthird_party/boringssl/crypto/aes/aes.c:537:5: error: conflicting types for 'AES_set_encrypt_key'\nint AES_set_encrypt_key(const uint8_t *key, unsigned bits, AES_KEY *aeskey) {\n    ^\n/usr/local/opt/openssl@3/include/openssl/aes.h:51:5: note: previous declaration is here\nint AES_set_encrypt_key(const unsigned char *userKey, const int bits,\n    ^\nthird_party/boringssl/crypto/aes/aes.c:632:5: error: conflicting types for 'AES_set_decrypt_key'\nint AES_set_decrypt_key(const uint8_t *key, unsigned bits, AES_KEY *aeskey) {\n    ^\n/usr/local/opt/openssl@3/include/openssl/aes.h:54:5: note: previous declaration is here\nint AES_set_decrypt_key(const unsigned char *userKey, const int bits,\n    ^\nthird_party/boringssl/crypto/aes/aes.c:638:12: error: 'AES_set_encrypt_key' is deprecated [-Werror,-Wdeprecated-declarations]\n  status = AES_set_encrypt_key(key, bits, aeskey);\n           ^\n/usr/local/opt/openssl@3/include/openssl/aes.h:50:1: note: 'AES_set_encrypt_key' has been explicitly marked deprecated here\nOSSL_DEPRECATEDIN_3_0\n^\n/usr/local/opt/openssl@3/include/openssl/macros.h:182:49: note: expanded from macro 'OSSL_DEPRECATEDIN_3_0'\n#   define OSSL_DEPRECATEDIN_3_0                OSSL_DEPRECATED(3.0)\n                                                ^\n/usr/local/opt/openssl@3/include/openssl/macros.h:62:52: note: expanded from macro 'OSSL_DEPRECATED'\n#     define OSSL_DEPRECATED(since) __attribute__((deprecated))\n                                                   ^\n4 errors generated.\nmake: *** [/Users/runner/actions-runner/_work/python.build/python.build/build_grpcio183311/grpcio-1.8.3/objs/opt/third_party/boringssl/crypto/aes/aes.o] Error 1\nIn file included from third_party/boringssl/crypto/aes/key_wrap.c:54:\nIn file included from third_party/boringssl/include/openssl/mem.h:60:\nthird_party/boringssl/include/openssl/base.h:133:9: error: 'OPENSSL_VERSION_NUMBER' macro redefined [-Werror,-Wmacro-redefined]\n#define OPENSSL_VERSION_NUMBER 0x100020af\n        ^\n/usr/local/opt/openssl@3/include/openssl/opensslv.h:99:10: note: previous definition is here\n# define OPENSSL_VERSION_NUMBER          \\\n         ^\nIn file included from third_party/boringssl/crypto/aes/key_wrap.c:56:\nIn file included from third_party/boringssl/crypto/aes/../internal.h:112:\nthird_party/boringssl/include/openssl/ex_data.h:205:3: error: type name requires a specifier or qualifier\n  STACK_OF(void) *sk;\n  ^\nthird_party/boringssl/include/openssl/ex_data.h:205:17: error: expected ';' at end of declaration list\n  STACK_OF(void) *sk;\n                ^\n                ;\nIn file included from third_party/boringssl/crypto/aes/key_wrap.c:56:\nthird_party/boringssl/crypto/aes/../internal.h:481:3: error: type name requires a specifier or qualifier\n  STACK_OF(CRYPTO_EX_DATA_FUNCS) *meth;\n  ^\nthird_party/boringssl/crypto/aes/../internal.h:481:33: error: expected ';' at end of declaration list\n  STACK_OF(CRYPTO_EX_DATA_FUNCS) *meth;\n                                ^\n                                ;\nthird_party/boringssl/crypto/aes/key_wrap.c:66:5: error: conflicting types for 'AES_wrap_key'\nint AES_wrap_key(const AES_KEY *key, const uint8_t *iv, uint8_t *out,\n    ^\n/usr/local/opt/openssl@3/include/openssl/aes.h:97:5: note: previous declaration is here\nint AES_wrap_key(AES_KEY *key, const unsigned char *iv,\n    ^\nthird_party/boringssl/crypto/aes/key_wrap.c:87:7: error: 'AES_encrypt' is deprecated [-Werror,-Wdeprecated-declarations]\n      AES_encrypt(A, A, key);\n      ^\n/usr/local/opt/openssl@3/include/openssl/aes.h:56:1: note: 'AES_encrypt' has been explicitly marked deprecated here\nOSSL_DEPRECATEDIN_3_0\n^\n/usr/local/opt/openssl@3/include/openssl/macros.h:182:49: note: expanded from macro 'OSSL_DEPRECATEDIN_3_0'\n#   define OSSL_DEPRECATEDIN_3_0                OSSL_DEPRECATED(3.0)\n                                                ^\n/usr/local/opt/openssl@3/include/openssl/macros.h:62:52: note: expanded from macro 'OSSL_DEPRECATED'\n#     define OSSL_DEPRECATED(since) __attribute__((deprecated))In file included from third_party/boringssl/crypto/aes/mode_wrappers.c:53:\nIn file included from third_party/boringssl/crypto/aes/../modes/internal.h:52:\nthird_party/boringssl/include/openssl/base.h:133:9: error: 'OPENSSL_VERSION_NUMBER' macro redefined [-Werror,-Wmacro-redefined]\n#define OPENSSL_VERSION_NUMBER 0x100020af\n        ^\n\n/usr/local/opt/openssl@3/include/openssl/opensslv.h:99:10: note:                                                    ^\nprevious definition is here\n# define OPENSSL_VERSION_NUMBER          \\\nthird_party/boringssl/crypto/aes/key_wrap.c:102:5: error         ^\n: conflicting types for 'AES_unwrap_key'\nint AES_unwrap_key(const AES_KEY *key, const uint8_t *iv, uint8_t *out,\n    ^\n/usr/local/opt/openssl@3/include/openssl/aes.h:101:5: note: previous declaration is here\nint AES_unwrap_key(AES_KEY *key, const unsigned char *iv,\n    ^\nthird_party/boringssl/crypto/aes/key_wrap.c:128:7: error: 'AES_decrypt' is deprecated [-Werror,-Wdeprecated-declarations]\n      AES_decrypt(A, A, key);\n      ^\n/usr/local/opt/openssl@3/include/openssl/aes.h:59:1: note: 'AES_decrypt' has been explicitly marked deprecated here\nIn file included from third_party/boringssl/crypto/aes/mode_wrappers.c:53:\nIn file included from third_party/boringssl/crypto/aes/../modes/internal.h:56:\nIn file included from third_party/boringssl/crypto/aes/../modes/../internal.h:112:\nthird_party/boringssl/include/openssl/ex_data.h:205:3: error: type name requires a specifier or qualifier\n  STACK_OF(void) *sk;\n  ^\nOSSL_DEPRECATEDIN_3_0\n^third_party/boringssl/include/openssl/ex_data.h:205:\n/usr/local/opt/openssl@3/include/openssl/macros.h:182:49: note: expanded from macro 'OSSL_DEPRECATEDIN_3_0'\n17: error#   define OSSL_DEPRECATEDIN_3_0                OSSL_DEPRECATED(3.0): expected ';' at end of declaration list\n  STACK_OF(void) *sk;\n                ^\n                ;\n\n                                                ^\n/usr/local/opt/openssl@3/include/openssl/macros.h:62:52: note: expanded from macro 'OSSL_DEPRECATED'\n#     define OSSL_DEPRECATED(since) __attribute__((deprecated))\n                                                   ^\n9 errors generated.\nIn file included from third_party/boringssl/crypto/aes/mode_wrappers.c:53:\nIn file included from third_party/boringssl/crypto/aes/../modes/internal.h:56:\nthird_party/boringssl/crypto/aes/../modes/../internal.h:481:3: error: type name requires a specifier or qualifier\n  STACK_OF(CRYPTO_EX_DATA_FUNCS) *meth;\n  ^\nthird_party/boringssl/crypto/aes/../modes/../internal.h:481:33: error: expected ';' at end of declaration list\n  STACK_OF(CRYPTO_EX_DATA_FUNCS) *meth;\n                                ^\n                                ;\nmake: *** [/Users/runner/actions-runner/_work/python.build/python.build/build_grpcio183311/grpcio-1.8.3/objs/opt/third_party/boringssl/crypto/aes/key_wrap.o] Error 1\nthird_party/boringssl/crypto/aes/mode_wrappers.c:60:37: error: 'AES_encrypt' is deprecated [-Werror,-Wdeprecated-declarations]\n                        (block128_f)AES_encrypt);\n                                    ^\n/usr/local/opt/openssl@3/include/openssl/aes.h:56:1: note: 'AES_encrypt' has been explicitly marked deprecated here\nOSSL_DEPRECATEDIN_3_0\n^\n/usr/local/opt/openssl@3/include/openssl/macros.h:182:49: note: expanded from macro 'OSSL_DEPRECATEDIN_3_0'\n#   define OSSL_DEPRECATEDIN_3_0                OSSL_DEPRECATED(3.0)\n                                                ^\n/usr/local/opt/openssl@3/include/openssl/macros.h:62:52: note: expanded from macro 'OSSL_DEPRECATED'\n#     define OSSL_DEPRECATED(since) __attribute__((deprecated))\n                                                   ^\n6 errors generated.\nmake: *** [/Users/runner/actions-runner/_work/python.build/python.build/build_grpcio183311/grpcio-1.8.3/objs/opt/third_party/boringssl/crypto/aes/mode_wrappers.o] Error 1\nIn file included from third_party/boringssl/crypto/asn1/a_bitstr.c:62:\nIn file included from third_party/boringssl/include/openssl/mem.h:60:\nthird_party/boringssl/include/openssl/base.h:133:9: error: 'OPENSSL_VERSION_NUMBER' macro redefined [-Werror,-Wmacro-redefined]\n#define OPENSSL_VERSION_NUMBER 0x100020af\n        ^\n/usr/local/opt/openssl@3/include/openssl/opensslv.h:99:10: note: previous definition is here\n# define OPENSSL_VERSION_NUMBER          \\\n         ^\nIn file included from third_party/boringssl/crypto/asn1/a_bitstr.c:62:\nIn file included from third_party/boringssl/include/openssl/mem.h:60:\nthird_party/boringssl/include/openssl/base.h:168:9: error: 'OPENSSL_EXPORT' macro redefined [-Werror,-Wmacro-redefined]\n#define OPENSSL_EXPORT\n        ^\n/usr/local/opt/openssl@3/include/openssl/e_os2.h:183:11: note: previous definition is here\n#  define OPENSSL_EXPORT extern\n          ^\nIn file included from third_party/boringssl/crypto/asn1/a_bitstr.c:62:\nIn file included from third_party/boringssl/include/openssl/mem.h:60:\nthird_party/boringssl/include/openssl/base.h:202:13: error: typedef redefinition with different types ('int' vs 'struct crypto_threadid_st')\ntypedef int CRYPTO_THREADID;\n            ^\n/usr/local/opt/openssl@3/include/openssl/crypto.h:308:3: note: previous definition is here\n} CRYPTO_THREADID;\n  ^\nIn file included from third_party/boringssl/crypto/asn1/a_bitstr.c:62:\nIn file included from third_party/boringssl/include/openssl/mem.h:60:\nthird_party/boringssl/include/openssl/base.h:204:13: error: redefinition of typedef 'ASN1_BOOLEAN' is a C11 feature [-Werror,-Wtypedef-redefinition]\ntypedef int ASN1_BOOLEAN;\n            ^\n/usr/local/opt/openssl@3/include/openssl/types.h:61:13: note: previous definition is here\ntypedef int ASN1_BOOLEAN;\n            ^\nIn file included from third_party/boringssl/crypto/asn1/a_bitstr.c:62:\nIn file included from third_party/boringssl/include/openssl/mem.h:60:\nthird_party/boringssl/include/openssl/base.h:205:13: error: redefinition of typedef 'ASN1_NULL' is a C11 feature [-Werror,-Wtypedef-redefinition]\ntypedef int ASN1_NULL;\n            ^\n/usr/local/opt/openssl@3/include/openssl/types.h:62:13: note: previous definition is here\ntypedef int ASN1_NULL;\n            ^\nIn file included from third_party/boringssl/crypto/asn1/a_bitstr.c:62:\nIn file included from third_party/boringssl/include/openssl/mem.h:60:\nthird_party/boringssl/include/openssl/base.h:206:29: error: redefinition of typedef 'ASN1_ITEM' is a C11 feature [-Werror,-Wtypedef-redefinition]\ntypedef struct ASN1_ITEM_st ASN1_ITEM;\n                            ^\n/usr/local/opt/openssl@3/include/openssl/types.h:69:29: note: previous definition is here\ntypedef struct ASN1_ITEM_st ASN1_ITEM;\n                            ^\nIn file included from third_party/boringssl/crypto/asn1/a_bitstr.c:62:\nIn file included from third_party/boringssl/include/openssl/mem.h:60:\nthird_party/boringssl/include/openssl/base.h:207:31: error: redefinition of typedef 'ASN1_OBJECT' is a C11 feature [-Werror,-Wtypedef-redefinition]\ntypedef struct asn1_object_st ASN1_OBJECT;\n                              ^\n/usr/local/opt/openssl@3/include/openssl/types.h:66:31: note: previous definition is here\ntypedef struct asn1_object_st ASN1_OBJECT;\n                              ^\nIn file included from third_party/boringssl/crypto/asn1/a_bitstr.c:62:\nIn file included from third_party/boringssl/include/openssl/mem.h:60:\nthird_party/boringssl/include/openssl/base.h:208:29: error: redefinition of typedef 'ASN1_PCTX' is a C11 feature [-Werror,-Wtypedef-redefinition]\ntypedef struct asn1_pctx_st ASN1_PCTX;\n                            ^\n/usr/local/opt/openssl@3/include/openssl/types.h:70:29: note: previous definition is here\ntypedef struct asn1_pctx_st ASN1_PCTX;\n                            ^\nIn file included from third_party/boringssl/crypto/asn1/a_bitstr.c:62:\nIn file included from third_party/boringssl/include/openssl/mem.h:60:\nthird_party/boringssl/include/openssl/base.h:209:31: error: redefinition of typedef 'ASN1_BIT_STRING' is a C11 feature [-Werror,-Wtypedef-redefinition]\ntypedef struct asn1_string_st ASN1_BIT_STRING;\n                              ^\n/usr/local/opt/openssl@3/include/openssl/types.h:47:31: note: previous definition is here\ntypedef struct asn1_string_st ASN1_BIT_STRING;\n                              ^\nIn file included from third_party/boringssl/crypto/asn1/a_bitstr.c:62:\nIn file included from third_party/boringssl/include/openssl/mem.h:60:\nthird_party/boringssl/include/openssl/base.h:210:31: error: redefinition of typedef 'ASN1_BMPSTRING' is a C11 feature [-Werror,-Wtypedef-redefinition]\ntypedef struct asn1_string_st ASN1_BMPSTRING;\n                              ^\n/usr/local/opt/openssl@3/include/openssl/types.h:54:31: note: previous definition is here\ntypedef struct asn1_string_st ASN1_BMPSTRING;\n                              ^\nIn file included from third_party/boringssl/crypto/asn1/a_bitstr.c:62:\nIn file included from third_party/boringssl/include/openssl/mem.h:60:\nthird_party/boringssl/include/openssl/base.h:211:31: error: redefinition of typedef 'ASN1_ENUMERATED' is a C11 feature [-Werror,-Wtypedef-redefinition]\ntypedef struct asn1_string_st ASN1_ENUMERATED;\n                              ^\n/usr/local/opt/openssl@3/include/openssl/types.h:46:31: note: previous definition is here\ntypedef struct asn1_string_st ASN1_ENUMERATED;\n                              ^\nIn file included from third_party/boringssl/crypto/asn1/a_bitstr.c:62:\nIn file included from third_party/boringssl/include/openssl/mem.h:60:\nthird_party/boringssl/include/openssl/base.h:212:31: error: redefinition of typedef 'ASN1_GENERALIZEDTIME' is a C11 feature [-Werror,-Wtypedef-redefinition]\ntypedef struct asn1_string_st ASN1_GENERALIZEDTIME;\n                              ^\n/usr/local/opt/openssl@3/include/openssl/types.h:57:31: note: previous definition is here\ntypedef struct asn1_string_st ASN1_GENERALIZEDTIME;\n                              ^\nIn file included from third_party/boringssl/crypto/asn1/a_bitstr.c:62:\nIn file included from third_party/boringssl/include/openssl/mem.h:60:\nthird_party/boringssl/include/openssl/base.h:213:31: error: redefinition of typedef 'ASN1_GENERALSTRING' is a C11 feature [-Werror,-Wtypedef-redefinition]\ntypedef struct asn1_string_st ASN1_GENERALSTRING;\n                              ^\n/usr/local/opt/openssl@3/include/openssl/types.h:52:31: note: previous definition is here\ntypedef struct asn1_string_st ASN1_GENERALSTRING;\n                              ^\nIn file included from third_party/boringssl/crypto/asn1/a_bitstr.c:62:\nIn file included from third_party/boringssl/include/openssl/mem.h:60:\nthird_party/boringssl/include/openssl/base.h:214:31: error: redefinition of typedef 'ASN1_IA5STRING' is a C11 feature [-Werror,-Wtypedef-redefinition]\ntypedef struct asn1_string_st ASN1_IA5STRING;\n                              ^\n/usr/local/opt/openssl@3/include/openssl/types.h:51:31: note: previous definition is here\ntypedef struct asn1_string_st ASN1_IA5STRING;\n                              ^\nIn file included from third_party/boringssl/crypto/asn1/a_bitstr.c:62:\nIn file included from third_party/boringssl/include/openssl/mem.h:60:\nthird_party/boringssl/include/openssl/base.h:215:31: error: redefinition of typedef 'ASN1_INTEGER' is a C11 feature [-Werror,-Wtypedef-redefinition]\ntypedef struct asn1_string_st ASN1_INTEGER;\n                              ^\n/usr/local/opt/openssl@3/include/openssl/types.h:45:31: note: previous definition is here\ntypedef struct asn1_string_st ASN1_INTEGER;\n                              ^\nIn file included from third_party/boringssl/crypto/asn1/a_bitstr.c:62:\nIn file included from third_party/boringssl/include/openssl/mem.h:60:\nthird_party/boringssl/include/openssl/base.h:216:31: error: redefinition of typedef 'ASN1_OCTET_STRING' is a C11 feature [-Werror,-Wtypedef-redefinition]\ntypedef struct asn1_string_st ASN1_OCTET_STRING;\n                              ^\n/usr/local/opt/openssl@3/include/openssl/types.h:48:31: note: previous definition is here\ntypedef struct asn1_string_st ASN1_OCTET_STRING;\n                              ^\nIn file included from third_party/boringssl/crypto/asn1/a_bitstr.c:62:\nIn file included from third_party/boringssl/include/openssl/mem.h:60:\nthird_party/boringssl/include/openssl/base.h:217:31: error: redefinition of typedef 'ASN1_PRINTABLESTRING' is a C11 feature [-Werror,-Wtypedef-redefinition]\ntypedef struct asn1_string_st ASN1_PRINTABLESTRING;\n                              ^\n/usr/local/opt/openssl@3/include/openssl/types.h:49:31: note: previous definition is here\ntypedef struct asn1_string_st ASN1_PRINTABLESTRING;\n                              ^\nIn file included from third_party/boringssl/crypto/asn1/a_bitstr.c:62:\nIn file included from third_party/boringssl/include/openssl/mem.h:60:\nthird_party/boringssl/include/openssl/base.h:218:31: error: redefinition of typedef 'ASN1_STRING' is a C11 feature [-Werror,-Wtypedef-redefinition]\ntypedef struct asn1_string_st ASN1_STRING;\n                              ^\n/usr/local/opt/openssl@3/include/openssl/types.h:60:31: note: previous definition is here\ntypedef struct asn1_string_st ASN1_STRING;\n                              ^\nIn file included from third_party/boringssl/crypto/asn1/a_bitstr.c:62:\nIn file included from third_party/boringssl/include/openssl/mem.h:60:\nthird_party/boringssl/include/openssl/base.h:219:31: error: redefinition of typedef 'ASN1_T61STRING' is a C11 feature [-Werror,-Wtypedef-redefinition]\ntypedef struct asn1_string_st ASN1_T61STRING;\n                              ^\n/usr/local/opt/openssl@3/include/openssl/types.h:50:31: note: previous definition is here\ntypedef struct asn1_string_st ASN1_T61STRING;\n                              ^\nfatal error: too many errors emitted, stopping now [-ferror-limit=]\n20 errors generated.\nmake: *** [/Users/runner/actions-runner/_work/python.build/python.build/build_grpcio183311/grpcio-1.8.3/objs/opt/third_party/boringssl/crypto/asn1/a_bitstr.o] Error 1\n"
2022-12-27T01:54:33.9552580Z   Traceback (most recent call last):
2022-12-27T01:54:33.9558730Z     File "<string>", line 2, in <module>
2022-12-27T01:54:33.9559270Z     File "<pip-setuptools-caller>", line 34, in <module>
2022-12-27T01:54:33.9560010Z     File "/Users/runner/actions-runner/_work/python.build/python.build/build_grpcio183311/grpcio-1.8.3/setup.py", line 293, in <module>
2022-12-27T01:54:33.9560330Z       setuptools.setup(
2022-12-27T01:54:33.9560800Z     File "/private/var/folders/51/hd414ycd67n82196sw51xqtc0000gn/T/cibw-run-52dgkp7z/cp311-macosx_arm64/build/venv/lib/python3.11/site-packages/setuptools/__init__.py", line 87, in setup
2022-12-27T01:54:33.9561080Z       return distutils.core.setup(**attrs)
2022-12-27T01:54:33.9561270Z              ^^^^^^^^^^^^^^^^^^^^^^^^^^^^^
2022-12-27T01:54:33.9561700Z     File "/private/var/folders/51/hd414ycd67n82196sw51xqtc0000gn/T/cibw-run-52dgkp7z/cp311-macosx_arm64/build/venv/lib/python3.11/site-packages/setuptools/_distutils/core.py", line 185, in setup
2022-12-27T01:54:33.9561990Z       return run_commands(dist)
2022-12-27T01:54:33.9562150Z              ^^^^^^^^^^^^^^^^^^
2022-12-27T01:54:33.9562590Z     File "/private/var/folders/51/hd414ycd67n82196sw51xqtc0000gn/T/cibw-run-52dgkp7z/cp311-macosx_arm64/build/venv/lib/python3.11/site-packages/setuptools/_distutils/core.py", line 201, in run_commands
2022-12-27T01:54:33.9562880Z       dist.run_commands()
2022-12-27T01:54:33.9563290Z     File "/private/var/folders/51/hd414ycd67n82196sw51xqtc0000gn/T/cibw-run-52dgkp7z/cp311-macosx_arm64/build/venv/lib/python3.11/site-packages/setuptools/_distutils/dist.py", line 969, in run_commands
2022-12-27T01:54:33.9563630Z       self.run_command(cmd)
2022-12-27T01:54:33.9564120Z     File "/private/var/folders/51/hd414ycd67n82196sw51xqtc0000gn/T/cibw-run-52dgkp7z/cp311-macosx_arm64/build/venv/lib/python3.11/site-packages/setuptools/dist.py", line 1208, in run_command
2022-12-27T01:54:33.9564380Z       super().run_command(command)
2022-12-27T01:54:33.9564800Z     File "/private/var/folders/51/hd414ycd67n82196sw51xqtc0000gn/T/cibw-run-52dgkp7z/cp311-macosx_arm64/build/venv/lib/python3.11/site-packages/setuptools/_distutils/dist.py", line 988, in run_command
2022-12-27T01:54:33.9565300Z       cmd_obj.run()
2022-12-27T01:54:33.9565750Z     File "/private/var/folders/51/hd414ycd67n82196sw51xqtc0000gn/T/cibw-run-52dgkp7z/cp311-macosx_arm64/build/venv/lib/python3.11/site-packages/wheel/bdist_wheel.py", line 325, in run
2022-12-27T01:54:33.9566020Z       self.run_command("build")
2022-12-27T01:54:33.9566380Z     File "/private/var/folders/51/hd414ycd67n82196sw51xqtc0000gn/T/cibw-run-52dgkp7z/cp311-macosx_arm64/build/venv/lib/python3.11/site-packages/setuptools/_distutils/cmd.py", line 318, in run_command
2022-12-27T01:54:33.9566690Z       self.distribution.run_command(command)
2022-12-27T01:54:33.9567110Z     File "/private/var/folders/51/hd414ycd67n82196sw51xqtc0000gn/T/cibw-run-52dgkp7z/cp311-macosx_arm64/build/venv/lib/python3.11/site-packages/setuptools/dist.py", line 1208, in run_command
2022-12-27T01:54:33.9567360Z       super().run_command(command)
2022-12-27T01:54:33.9567750Z     File "/private/var/folders/51/hd414ycd67n82196sw51xqtc0000gn/T/cibw-run-52dgkp7z/cp311-macosx_arm64/build/venv/lib/python3.11/site-packages/setuptools/_distutils/dist.py", line 988, in run_command
2022-12-27T01:54:33.9567990Z       cmd_obj.run()
2022-12-27T01:54:33.9568410Z     File "/private/var/folders/51/hd414ycd67n82196sw51xqtc0000gn/T/cibw-run-52dgkp7z/cp311-macosx_arm64/build/venv/lib/python3.11/site-packages/setuptools/_distutils/command/build.py", line 132, in run
2022-12-27T01:54:33.9568700Z       self.run_command(cmd_name)
2022-12-27T01:54:33.9569140Z     File "/private/var/folders/51/hd414ycd67n82196sw51xqtc0000gn/T/cibw-run-52dgkp7z/cp311-macosx_arm64/build/venv/lib/python3.11/site-packages/setuptools/_distutils/cmd.py", line 318, in run_command
2022-12-27T01:54:33.9569440Z       self.distribution.run_command(command)
2022-12-27T01:54:33.9569830Z     File "/private/var/folders/51/hd414ycd67n82196sw51xqtc0000gn/T/cibw-run-52dgkp7z/cp311-macosx_arm64/build/venv/lib/python3.11/site-packages/setuptools/dist.py", line 1208, in run_command
2022-12-27T01:54:33.9570120Z       super().run_command(command)
2022-12-27T01:54:33.9570650Z     File "/private/var/folders/51/hd414ycd67n82196sw51xqtc0000gn/T/cibw-run-52dgkp7z/cp311-macosx_arm64/build/venv/lib/python3.11/site-packages/setuptools/_distutils/dist.py", line 988, in run_command
2022-12-27T01:54:33.9570950Z       cmd_obj.run()
2022-12-27T01:54:33.9571370Z     File "/private/var/folders/51/hd414ycd67n82196sw51xqtc0000gn/T/cibw-run-52dgkp7z/cp311-macosx_arm64/build/venv/lib/python3.11/site-packages/setuptools/command/build_ext.py", line 84, in run
2022-12-27T01:54:33.9571590Z       _build_ext.run(self)
2022-12-27T01:54:33.9571940Z     File "/private/var/folders/51/hd414ycd67n82196sw51xqtc0000gn/T/cibw-run-52dgkp7z/cp311-macosx_arm64/build/venv/lib/python3.11/site-packages/Cython/Distutils/old_build_ext.py", line 186, in run
2022-12-27T01:54:33.9572210Z       _build_ext.build_ext.run(self)
2022-12-27T01:54:33.9572610Z     File "/private/var/folders/51/hd414ycd67n82196sw51xqtc0000gn/T/cibw-run-52dgkp7z/cp311-macosx_arm64/build/venv/lib/python3.11/site-packages/setuptools/_distutils/command/build_ext.py", line 346, in run
2022-12-27T01:54:33.9572850Z       self.build_extensions()
2022-12-27T01:54:33.9573210Z     File "/Users/runner/actions-runner/_work/python.build/python.build/build_grpcio183311/grpcio-1.8.3/src/python/grpcio/commands.py", line 276, in build_extensions
2022-12-27T01:54:33.9573460Z       raise Exception("make command failed!")
2022-12-27T01:54:33.9573660Z   Exception: make command failed!
2022-12-27T01:54:33.9939090Z   error: subprocess-exited-with-error
2022-12-27T01:54:33.9939450Z   
2022-12-27T01:54:33.9939970Z   × python setup.py bdist_wheel did not run successfully.
2022-12-27T01:54:33.9940440Z   │ exit code: 1
2022-12-27T01:54:33.9940680Z   ╰─> See above for output.
2022-12-27T01:54:33.9940910Z   
2022-12-27T01:54:33.9941180Z   note: This error originates from a subprocess, and is likely not a problem with pip.
2022-12-27T01:54:33.9945730Z   full command: /private/var/folders/51/hd414ycd67n82196sw51xqtc0000gn/T/cibw-run-52dgkp7z/cp311-macosx_arm64/build/venv/bin/python -u -c '
2022-12-27T01:54:33.9946240Z   exec(compile('"'"''"'"''"'"'
2022-12-27T01:54:33.9946750Z   # This is <pip-setuptools-caller> -- a caller that pip uses to run setup.py
2022-12-27T01:54:33.9947060Z   #
2022-12-27T01:54:33.9947520Z   # - It imports setuptools before invoking setup.py, to enable projects that directly
2022-12-27T01:54:33.9947900Z   #   import from `distutils.core` to work with newer packaging standards.
2022-12-27T01:54:33.9948760Z   # - It provides a clear error message when setuptools is not installed.
2022-12-27T01:54:33.9949390Z   # - It sets `sys.argv[0]` to the underlying `setup.py`, when invoking `setup.py` so
2022-12-27T01:54:33.9949890Z   #   setuptools doesn'"'"'t think the script is `-c`. This avoids the following warning:
2022-12-27T01:54:33.9950310Z   #     manifest_maker: standard file '"'"'-c'"'"' not found".
2022-12-27T01:54:33.9950820Z   # - It generates a shim setup.py, for handling setup.cfg-only projects.
2022-12-27T01:54:33.9951150Z   import os, sys, tokenize
2022-12-27T01:54:33.9951660Z   
2022-12-27T01:54:33.9951870Z   try:
2022-12-27T01:54:33.9952130Z       import setuptools
2022-12-27T01:54:33.9952370Z   except ImportError as error:
2022-12-27T01:54:33.9952640Z       print(
2022-12-27T01:54:33.9952970Z           "ERROR: Can not execute `setup.py` since setuptools is not available in "
2022-12-27T01:54:33.9953280Z           "the build environment.",
2022-12-27T01:54:33.9953510Z           file=sys.stderr,
2022-12-27T01:54:33.9953770Z       )
2022-12-27T01:54:33.9954020Z       sys.exit(1)
2022-12-27T01:54:33.9954220Z   
2022-12-27T01:54:33.9954460Z   __file__ = %r
2022-12-27T01:54:33.9954700Z   sys.argv[0] = __file__
2022-12-27T01:54:33.9954910Z   
2022-12-27T01:54:33.9955160Z   if os.path.exists(__file__):
2022-12-27T01:54:33.9955450Z       filename = __file__
2022-12-27T01:54:33.9955650Z       with tokenize.open(__file__) as f:
2022-12-27T01:54:33.9955950Z           setup_py_code = f.read()
2022-12-27T01:54:33.9956210Z   else:
2022-12-27T01:54:33.9956930Z       filename = "<auto-generated setuptools caller>"
2022-12-27T01:54:33.9957530Z       setup_py_code = "from setuptools import setup; setup()"
2022-12-27T01:54:33.9957830Z   
2022-12-27T01:54:33.9958060Z   exec(compile(setup_py_code, filename, "exec"))
2022-12-27T01:54:33.9958870Z   '"'"''"'"''"'"' % ('"'"'/Users/runner/actions-runner/_work/python.build/python.build/build_grpcio183311/grpcio-1.8.3/setup.py'"'"',), "<pip-setuptools-caller>", "exec"))' bdist_wheel -d /private/var/folders/51/hd414ycd67n82196sw51xqtc0000gn/T/pip-wheel-se37q4m4
2022-12-27T01:54:33.9959620Z   cwd: /Users/runner/actions-runner/_work/python.build/python.build/build_grpcio183311/grpcio-1.8.3/
2022-12-27T01:54:33.9960000Z   ERROR: Failed building wheel for grpcio
2022-12-27T01:54:33.9960270Z   Running command python setup.py clean
2022-12-27T01:54:33.9960750Z   Building wheel for grpcio (setup.py): finished with status 'error'
2022-12-27T01:54:33.9961090Z   Running setup.py clean for grpcio
2022-12-27T01:54:34.3621700Z   running clean
2022-12-27T01:54:34.3636770Z   removing 'python_build/lib.macosx-11.0-arm64-cpython-311' (and everything under it)
2022-12-27T01:54:34.3675590Z   'python_build/bdist.macosx-11.0-arm64' does not exist -- can't clean it
2022-12-27T01:54:34.3677090Z   'python_build/scripts-3.11' does not exist -- can't clean it
2022-12-27T01:54:34.3678850Z   removing 'python_build'
2022-12-27T01:54:34.3993740Z Failed to build grpcio
2022-12-27T01:54:34.3997200Z ERROR: Failed to build one or more wheels
2022-12-27T01:54:34.4009470Z Exception information:
2022-12-27T01:54:34.4009700Z Traceback (most recent call last):
2022-12-27T01:54:34.4010580Z   File "/private/var/folders/51/hd414ycd67n82196sw51xqtc0000gn/T/cibw-run-52dgkp7z/cp311-macosx_arm64/build/venv/lib/python3.11/site-packages/pip/_internal/cli/base_command.py", line 160, in exc_logging_wrapper
2022-12-27T01:54:34.4010980Z     status = run_func(*args)
2022-12-27T01:54:34.4011430Z              ^^^^^^^^^^^^^^^
2022-12-27T01:54:34.4012110Z   File "/private/var/folders/51/hd414ycd67n82196sw51xqtc0000gn/T/cibw-run-52dgkp7z/cp311-macosx_arm64/build/venv/lib/python3.11/site-packages/pip/_internal/cli/req_command.py", line 247, in wrapper
2022-12-27T01:54:34.4012440Z     return func(self, options, args)
2022-12-27T01:54:34.4012630Z            ^^^^^^^^^^^^^^^^^^^^^^^^^
2022-12-27T01:54:34.4013110Z   File "/private/var/folders/51/hd414ycd67n82196sw51xqtc0000gn/T/cibw-run-52dgkp7z/cp311-macosx_arm64/build/venv/lib/python3.11/site-packages/pip/_internal/commands/wheel.py", line 201, in run
2022-12-27T01:54:34.4013790Z     raise CommandError("Failed to build one or more wheels")
2022-12-27T01:54:34.4014120Z pip._internal.exceptions.CommandError: Failed to build one or more wheels
2022-12-27T01:54:34.4014620Z Removed build tracker: '/private/var/folders/51/hd414ycd67n82196sw51xqtc0000gn/T/pip-build-tracker-g3n_3i4f'
2022-12-27T01:54:34.4469620Z ##[error]Command ['python', '-m', 'pip', 'wheel', '/Users/runner/actions-runner/_work/python.build/python.build/build_grpcio183311/grpcio-1.8.3', '--wheel-dir=/private/var/folders/51/hd414ycd67n82196sw51xqtc0000gn/T/cibw-run-52dgkp7z/cp311-macosx_arm64/built_wheel', '--no-deps', '-vvv'] failed with code 1. None
2022-12-27T01:54:34.4476250Z 
2022-12-27T01:54:34.4476480Z ##[endgroup]
2022-12-27T01:54:34.4476830Z                                                               [31m✕ [0m6.58s
2022-12-27T01:54:34.5116230Z ##[error]Process completed with exit code 1.
2022-12-27T01:54:34.5148950Z ##[group]Run rm -rf build_grpcio183311 wheelsout
2022-12-27T01:54:34.5149150Z [36;1mrm -rf build_grpcio183311 wheelsout[0m
2022-12-27T01:54:34.5165340Z shell: /bin/bash -e {0}
2022-12-27T01:54:34.5165450Z env:
2022-12-27T01:54:34.5165610Z   pythonLocation: /Users/runner/hostedtoolcache/Python/3.11.1/x64
2022-12-27T01:54:34.5165800Z   PKG_CONFIG_PATH: /Users/runner/hostedtoolcache/Python/3.11.1/x64/lib/pkgconfig
2022-12-27T01:54:34.5166010Z   Python_ROOT_DIR: /Users/runner/hostedtoolcache/Python/3.11.1/x64
2022-12-27T01:54:34.5166180Z   Python2_ROOT_DIR: /Users/runner/hostedtoolcache/Python/3.11.1/x64
2022-12-27T01:54:34.5166360Z   Python3_ROOT_DIR: /Users/runner/hostedtoolcache/Python/3.11.1/x64
2022-12-27T01:54:34.5166490Z ##[endgroup]
2022-12-27T01:54:34.8133890Z Cleaning up orphan processes
