2022-12-27T07:24:28.9283573Z Requested labels: self-hosted, macOS, X64
2022-12-27T07:24:28.9283654Z Job defined at: kilnbuild/python.build/.github/workflows/mac_arm_build.yml@refs/heads/main
2022-12-27T07:24:28.9283684Z Waiting for a runner to pick up this job...
2022-12-27T08:56:50.9333522Z Job is about to start running on the runner: s1 (organization)
2022-12-27T08:56:54.4010600Z Current runner version: '2.300.2'
2022-12-27T08:56:54.4015670Z Runner name: 's1'
2022-12-27T08:56:54.4015910Z Runner group name: 'Default'
2022-12-27T08:56:54.4016350Z Machine name: 's1'
2022-12-27T08:56:54.4017880Z ##[group]GITHUB_TOKEN Permissions
2022-12-27T08:56:54.4018310Z Actions: write
2022-12-27T08:56:54.4018450Z Checks: write
2022-12-27T08:56:54.4018580Z Contents: write
2022-12-27T08:56:54.4018730Z Deployments: write
2022-12-27T08:56:54.4018870Z Discussions: write
2022-12-27T08:56:54.4019010Z Issues: write
2022-12-27T08:56:54.4019140Z Metadata: read
2022-12-27T08:56:54.4019280Z Packages: write
2022-12-27T08:56:54.4019420Z Pages: write
2022-12-27T08:56:54.4019560Z PullRequests: write
2022-12-27T08:56:54.4019720Z RepositoryProjects: write
2022-12-27T08:56:54.4019880Z SecurityEvents: write
2022-12-27T08:56:54.4020030Z Statuses: write
2022-12-27T08:56:54.4020160Z ##[endgroup]
2022-12-27T08:56:54.4022680Z Secret source: Actions
2022-12-27T08:56:54.4023000Z Prepare workflow directory
2022-12-27T08:56:54.4681910Z Prepare all required actions
2022-12-27T08:56:54.4802010Z Getting action download info
2022-12-27T08:56:54.9137370Z Download action repository 'actions/setup-python@v4' (SHA:5ccb29d8773c3f3f653e1705f474dfaa8a06a912)
2022-12-27T08:56:56.6894240Z Download action repository 'actions/upload-artifact@v3' (SHA:83fd05a356d7e2593de66fc9913b3002723633cb)
2022-12-27T08:56:57.9962680Z ##[group]Run echo '{
2022-12-27T08:56:57.9962990Z [36;1mecho '{[0m
2022-12-27T08:56:57.9963200Z [36;1m  "environment_variables": "GRPC_PYTHON_BUILD_WITH_CYTHON=1 GRPC_BUILD_WITH_BORING_SSL_ASM='' GRPC_PYTHON_BUILD_SYSTEM_OPENSSL=TRUE",[0m
2022-12-27T08:56:57.9963460Z [36;1m  "package_name": "grpcio-tools",[0m
2022-12-27T08:56:57.9963760Z [36;1m  "package_url": "https://files.pythonhosted.org/packages/ed/60/d69b6e82c6280c64a1f8aa1d1fa7736e3888fc5efdd7a502c208480aec84/grpcio_tools-1.0.3.tar.gz",[0m
2022-12-27T08:56:57.9964040Z [36;1m  "package_version": "1.0.3",[0m
2022-12-27T08:56:57.9964190Z [36;1m  "python_version": "3.8",[0m
2022-12-27T08:56:57.9964340Z [36;1m  "use_ccache": "true"[0m
2022-12-27T08:56:57.9964450Z [36;1m}'[0m
2022-12-27T08:56:57.9980500Z shell: /bin/bash -e {0}
2022-12-27T08:56:57.9980650Z ##[endgroup]
2022-12-27T08:56:58.0196720Z {
2022-12-27T08:56:58.0198210Z   "environment_variables": "GRPC_PYTHON_BUILD_WITH_CYTHON=1 GRPC_BUILD_WITH_BORING_SSL_ASM= GRPC_PYTHON_BUILD_SYSTEM_OPENSSL=TRUE",
2022-12-27T08:56:58.0198780Z   "package_name": "grpcio-tools",
2022-12-27T08:56:58.0199270Z   "package_url": "https://files.pythonhosted.org/packages/ed/60/d69b6e82c6280c64a1f8aa1d1fa7736e3888fc5efdd7a502c208480aec84/grpcio_tools-1.0.3.tar.gz",
2022-12-27T08:56:58.0199580Z   "package_version": "1.0.3",
2022-12-27T08:56:58.0199730Z   "python_version": "3.8",
2022-12-27T08:56:58.0199920Z   "use_ccache": "true"
2022-12-27T08:56:58.0200090Z }
2022-12-27T08:56:58.0417570Z ##[group]Run actions/setup-python@v4
2022-12-27T08:56:58.0417840Z with:
2022-12-27T08:56:58.0418000Z   python-version: 3.8
2022-12-27T08:56:58.0418190Z   check-latest: false
2022-12-27T08:56:58.0418520Z   token: ***
2022-12-27T08:56:58.0418760Z   update-environment: true
2022-12-27T08:56:58.0418920Z ##[endgroup]
2022-12-27T08:56:58.1676440Z ##[group]Installed versions
2022-12-27T08:56:58.1718980Z Successfully set up CPython (3.8.15)
2022-12-27T08:56:58.1719730Z ##[endgroup]
2022-12-27T08:56:58.1869370Z ##[group]Run if [ "true" == "true" ]
2022-12-27T08:56:58.1869650Z [36;1mif [ "true" == "true" ][0m
2022-12-27T08:56:58.1869900Z [36;1mthen[0m
2022-12-27T08:56:58.1870120Z [36;1m  echo "CCACHE_PATH_PREPEND=/usr/local/opt/ccache/libexec" >> $GITHUB_OUTPUT[0m
2022-12-27T08:56:58.1870630Z [36;1melse[0m
2022-12-27T08:56:58.1870840Z [36;1m  echo "CCACHE_PATH_PREPEND=" >> $GITHUB_OUTPUT[0m
2022-12-27T08:56:58.1871050Z [36;1mfi[0m
2022-12-27T08:56:58.1888390Z shell: /bin/bash -e {0}
2022-12-27T08:56:58.1888620Z env:
2022-12-27T08:56:58.1888820Z   pythonLocation: /Users/runner/hostedtoolcache/Python/3.8.15/x64
2022-12-27T08:56:58.1889100Z   PKG_CONFIG_PATH: /Users/runner/hostedtoolcache/Python/3.8.15/x64/lib/pkgconfig
2022-12-27T08:56:58.1889820Z   Python_ROOT_DIR: /Users/runner/hostedtoolcache/Python/3.8.15/x64
2022-12-27T08:56:58.1890070Z   Python2_ROOT_DIR: /Users/runner/hostedtoolcache/Python/3.8.15/x64
2022-12-27T08:56:58.1890350Z   Python3_ROOT_DIR: /Users/runner/hostedtoolcache/Python/3.8.15/x64
2022-12-27T08:56:58.1890550Z ##[endgroup]
2022-12-27T08:56:58.1997470Z ##[group]Run echo "BUILD_NAME=$(echo grpcio-tools_1.0.3_3.8 | tr -dc '[:alnum:]\n\r' | tr '[:upper:]' '[:lower:]')" >> $GITHUB_OUTPUT
2022-12-27T08:56:58.1998000Z [36;1mecho "BUILD_NAME=$(echo grpcio-tools_1.0.3_3.8 | tr -dc '[:alnum:]\n\r' | tr '[:upper:]' '[:lower:]')" >> $GITHUB_OUTPUT[0m
2022-12-27T08:56:58.2011910Z shell: /bin/bash -e {0}
2022-12-27T08:56:58.2012110Z env:
2022-12-27T08:56:58.2012410Z   pythonLocation: /Users/runner/hostedtoolcache/Python/3.8.15/x64
2022-12-27T08:56:58.2012660Z   PKG_CONFIG_PATH: /Users/runner/hostedtoolcache/Python/3.8.15/x64/lib/pkgconfig
2022-12-27T08:56:58.2012960Z   Python_ROOT_DIR: /Users/runner/hostedtoolcache/Python/3.8.15/x64
2022-12-27T08:56:58.2013210Z   Python2_ROOT_DIR: /Users/runner/hostedtoolcache/Python/3.8.15/x64
2022-12-27T08:56:58.2013460Z   Python3_ROOT_DIR: /Users/runner/hostedtoolcache/Python/3.8.15/x64
2022-12-27T08:56:58.2013690Z ##[endgroup]
2022-12-27T08:56:58.2154290Z ##[group]Run echo "PYTHON_NO_DOTS=$(echo 3.8 | tr -dc '[:alnum:]\n\r' | tr '[:upper:]' '[:lower:]')" >> $GITHUB_OUTPUT
2022-12-27T08:56:58.2154670Z [36;1mecho "PYTHON_NO_DOTS=$(echo 3.8 | tr -dc '[:alnum:]\n\r' | tr '[:upper:]' '[:lower:]')" >> $GITHUB_OUTPUT[0m
2022-12-27T08:56:58.2168740Z shell: /bin/bash -e {0}
2022-12-27T08:56:58.2168900Z env:
2022-12-27T08:56:58.2169120Z   pythonLocation: /Users/runner/hostedtoolcache/Python/3.8.15/x64
2022-12-27T08:56:58.2169440Z   PKG_CONFIG_PATH: /Users/runner/hostedtoolcache/Python/3.8.15/x64/lib/pkgconfig
2022-12-27T08:56:58.2169660Z   Python_ROOT_DIR: /Users/runner/hostedtoolcache/Python/3.8.15/x64
2022-12-27T08:56:58.2169930Z   Python2_ROOT_DIR: /Users/runner/hostedtoolcache/Python/3.8.15/x64
2022-12-27T08:56:58.2170170Z   Python3_ROOT_DIR: /Users/runner/hostedtoolcache/Python/3.8.15/x64
2022-12-27T08:56:58.2170340Z ##[endgroup]
2022-12-27T08:56:58.2281270Z ##[group]Run rm -rf build_grpciotools10338
2022-12-27T08:56:58.2281620Z [36;1mrm -rf build_grpciotools10338[0m
2022-12-27T08:56:58.2281800Z [36;1mmkdir build_grpciotools10338[0m
2022-12-27T08:56:58.2281990Z [36;1mcd build_grpciotools10338[0m
2022-12-27T08:56:58.2282370Z [36;1m/usr/local/bin/wget --quiet https://files.pythonhosted.org/packages/ed/60/d69b6e82c6280c64a1f8aa1d1fa7736e3888fc5efdd7a502c208480aec84/grpcio_tools-1.0.3.tar.gz[0m
2022-12-27T08:56:58.2282680Z [36;1mtar xf *.tar.gz[0m
2022-12-27T08:56:58.2282820Z [36;1mcd *[0m
2022-12-27T08:56:58.2283010Z [36;1mpython -m pip install cibuildwheel==2.11.3[0m
2022-12-27T08:56:58.2283240Z [36;1mpython -m cibuildwheel --output-dir ../wheelsout[0m
2022-12-27T08:56:58.2297460Z shell: /bin/bash -e {0}
2022-12-27T08:56:58.2297650Z env:
2022-12-27T08:56:58.2297880Z   pythonLocation: /Users/runner/hostedtoolcache/Python/3.8.15/x64
2022-12-27T08:56:58.2298200Z   PKG_CONFIG_PATH: /Users/runner/hostedtoolcache/Python/3.8.15/x64/lib/pkgconfig
2022-12-27T08:56:58.2298460Z   Python_ROOT_DIR: /Users/runner/hostedtoolcache/Python/3.8.15/x64
2022-12-27T08:56:58.2298710Z   Python2_ROOT_DIR: /Users/runner/hostedtoolcache/Python/3.8.15/x64
2022-12-27T08:56:58.2298940Z   Python3_ROOT_DIR: /Users/runner/hostedtoolcache/Python/3.8.15/x64
2022-12-27T08:56:58.2299130Z   CIBW_ARCHS_MACOS: arm64
2022-12-27T08:56:58.2299340Z   CIBW_TEST_SKIP: *_arm64
2022-12-27T08:56:58.2299530Z   CIBW_BUILD: cp38-macosx_arm64
2022-12-27T08:56:58.2299690Z   CIBW_BUILD_FRONTEND: pip
2022-12-27T08:56:58.2299860Z   CIBW_BUILD_VERBOSITY: 3
2022-12-27T08:56:58.2300270Z   CIBW_ENVIRONMENT_MACOS: GRPC_PYTHON_BUILD_WITH_CYTHON=1 GRPC_BUILD_WITH_BORING_SSL_ASM='' GRPC_PYTHON_BUILD_SYSTEM_OPENSSL=TRUE CFLAGS="-I/usr/local/opt/openssl@3/include" LDFLAGS="-L/usr/local/opt/openssl@3/lib" CPPFLAGS="-I/usr/local/opt/openssl@3/include" MAKEFLAGS="-j$(sysctl -n hw.logicalcpu)" PATH=/usr/local/opt/ccache/libexec:$PATH
2022-12-27T08:56:58.2300890Z   CIBW_BEFORE_BUILD: pip install Cython; if [[ -f requirements.txt ]]; then pip install -r requirements.txt; fi
2022-12-27T08:56:58.2301140Z   MAKEFLAGS: -j$(sysctl -n hw.logicalcpu)
2022-12-27T08:56:58.2301300Z ##[endgroup]
2022-12-27T08:56:58.7036430Z Requirement already satisfied: cibuildwheel==2.11.3 in /Users/runner/hostedtoolcache/Python/3.8.15/x64/lib/python3.8/site-packages (2.11.3)
2022-12-27T08:56:58.7375800Z Requirement already satisfied: certifi in /Users/runner/hostedtoolcache/Python/3.8.15/x64/lib/python3.8/site-packages (from cibuildwheel==2.11.3) (2022.12.7)
2022-12-27T08:56:58.7379200Z Requirement already satisfied: platformdirs in /Users/runner/hostedtoolcache/Python/3.8.15/x64/lib/python3.8/site-packages (from cibuildwheel==2.11.3) (2.6.0)
2022-12-27T08:56:58.7384440Z Requirement already satisfied: bashlex!=0.13 in /Users/runner/hostedtoolcache/Python/3.8.15/x64/lib/python3.8/site-packages (from cibuildwheel==2.11.3) (0.16)
2022-12-27T08:56:58.7387980Z Requirement already satisfied: bracex in /Users/runner/hostedtoolcache/Python/3.8.15/x64/lib/python3.8/site-packages (from cibuildwheel==2.11.3) (2.3.post1)
2022-12-27T08:56:58.7391290Z Requirement already satisfied: filelock in /Users/runner/hostedtoolcache/Python/3.8.15/x64/lib/python3.8/site-packages (from cibuildwheel==2.11.3) (3.8.2)
2022-12-27T08:56:58.7396400Z Requirement already satisfied: packaging>=20.9 in /Users/runner/hostedtoolcache/Python/3.8.15/x64/lib/python3.8/site-packages (from cibuildwheel==2.11.3) (22.0)
2022-12-27T08:56:58.7402620Z Requirement already satisfied: tomli in /Users/runner/hostedtoolcache/Python/3.8.15/x64/lib/python3.8/site-packages (from cibuildwheel==2.11.3) (2.0.1)
2022-12-27T08:56:58.7413170Z Requirement already satisfied: typing-extensions>=4.1.0 in /Users/runner/hostedtoolcache/Python/3.8.15/x64/lib/python3.8/site-packages (from cibuildwheel==2.11.3) (4.4.0)
2022-12-27T08:56:58.9150760Z 
2022-12-27T08:56:58.9151260Z      _ _       _ _   _       _           _
2022-12-27T08:56:58.9152410Z  ___|_| |_ _ _|_| |_| |_ _ _| |_ ___ ___| |
2022-12-27T08:56:58.9154130Z |  _| | . | | | | | . | | | |   | -_| -_| |
2022-12-27T08:56:58.9154700Z |___|_|___|___|_|_|___|_____|_|_|___|___|_|
2022-12-27T08:56:58.9154940Z 
2022-12-27T08:56:58.9155140Z cibuildwheel version 2.11.3
2022-12-27T08:56:58.9155370Z 
2022-12-27T08:56:58.9155540Z Build options:
2022-12-27T08:56:58.9155910Z   platform: macos
2022-12-27T08:56:58.9308910Z   architectures: arm64[0m
2022-12-27T08:56:58.9309270Z   build_selector: 
2022-12-27T08:56:58.9309960Z     build_config: cp38-macosx_arm64
2022-12-27T08:56:58.9310300Z     skip_config: 
2022-12-27T08:56:58.9310540Z     requires_python: None
2022-12-27T08:56:58.9310970Z     prerelease_pythons: False[0m
2022-12-27T08:56:58.9311720Z   [38;5;244mcontainer_engine: docker[0m
2022-12-27T08:56:58.9312240Z   output_dir: /Users/runner/actions-runner/_work/python.build/python.build/build_grpciotools10338/wheelsout[0m
2022-12-27T08:56:58.9312920Z   package_dir: /Users/runner/actions-runner/_work/python.build/python.build/build_grpciotools10338/grpcio_tools-1.0.3[0m
2022-12-27T08:56:58.9313330Z   test_selector: 
2022-12-27T08:56:58.9313870Z     skip_config: *_arm64[0m
2022-12-27T08:56:58.9314200Z   [38;5;244mbefore_all: [0m
2022-12-27T08:56:58.9314720Z   before_build: pip install Cython; if [[ -f requirements.txt ]]; then pip install -r requirements.txt; fi[0m
2022-12-27T08:56:58.9315160Z   [38;5;244mbefore_test: [0m
2022-12-27T08:56:58.9315480Z   [38;5;244mbuild_frontend: pip[0m
2022-12-27T08:56:58.9316010Z   build_verbosity: 3[0m
2022-12-27T08:56:58.9316360Z   [38;5;244mconfig_settings: [0m
2022-12-27T08:56:58.9316710Z   [38;5;244mdependency_constraints: pinned[0m
2022-12-27T08:56:58.9317010Z   environment: 
2022-12-27T08:56:58.9317460Z     GRPC_PYTHON_BUILD_WITH_CYTHON=1
2022-12-27T08:56:58.9317780Z     GRPC_BUILD_WITH_BORING_SSL_ASM=''
2022-12-27T08:56:58.9318460Z     GRPC_PYTHON_BUILD_SYSTEM_OPENSSL=TRUE
2022-12-27T08:56:58.9318900Z     CFLAGS="-I/usr/local/opt/openssl@3/include"
2022-12-27T08:56:58.9319270Z     LDFLAGS="-L/usr/local/opt/openssl@3/lib"
2022-12-27T08:56:58.9319890Z     CPPFLAGS="-I/usr/local/opt/openssl@3/include"
2022-12-27T08:56:58.9320330Z     MAKEFLAGS="-j$(sysctl -n hw.logicalcpu)"
2022-12-27T08:56:58.9320760Z     PATH=/usr/local/opt/ccache/libexec:$PATH[0m
2022-12-27T08:56:58.9321110Z   [38;5;244mmanylinux_images: None[0m
2022-12-27T08:56:58.9321480Z   [38;5;244mmusllinux_images: None[0m
2022-12-27T08:56:58.9322230Z   [38;5;244mrepair_command: delocate-wheel --require-archs {delocate_archs} -w {dest_dir} -v {wheel}[0m
2022-12-27T08:56:58.9322630Z   [38;5;244mtest_command: [0m
2022-12-27T08:56:58.9322990Z   [38;5;244mtest_extras: [0m
2022-12-27T08:56:58.9323350Z   [38;5;244mtest_requires: [0m
2022-12-27T08:56:58.9323520Z 
2022-12-27T08:56:58.9323640Z Cache folder: /Users/runner/Library/Caches/cibuildwheel
2022-12-27T08:56:58.9339560Z 
2022-12-27T08:56:58.9339770Z Here we go!
2022-12-27T08:56:58.9339890Z 
2022-12-27T08:56:58.9405860Z 
2022-12-27T08:56:58.9406610Z [1m[34mBuilding cp38-macosx_arm64 wheel[0m
2022-12-27T08:56:58.9407160Z CPython 3.8 macOS arm64 - Apple Silicon
2022-12-27T08:56:58.9407330Z 
2022-12-27T08:56:58.9410200Z ##[group]Installing Python cp38...
2022-12-27T08:56:58.9410390Z 
2022-12-27T08:56:58.9411060Z + pkgutil --pkgs
2022-12-27T08:56:58.9509330Z ##[endgroup]
2022-12-27T08:56:58.9510180Z                                                               [32m✓ [0m0.01s
2022-12-27T08:56:58.9510620Z ##[group]Setting up build environment...
2022-12-27T08:56:58.9510760Z 
2022-12-27T08:56:58.9531210Z + /Users/runner/hostedtoolcache/Python/3.8.15/x64/bin/python -sS /Users/runner/Library/Caches/cibuildwheel/virtualenv-20.17.0.pyz --activators= --no-periodic-update --pip=22.3.1 --setuptools=65.6.3 --wheel=0.38.4 --symlink-app-data --python /Library/Frameworks/Python.framework/Versions/3.8/bin/python3 /private/var/folders/51/hd414ycd67n82196sw51xqtc0000gn/T/cibw-run-x845nfn6/cp38-macosx_arm64/build/venv
2022-12-27T08:56:59.1399300Z created virtual environment CPython3.8.10.final.0-64 in 46ms
2022-12-27T08:56:59.1400190Z   creator CPython3Posix(dest=/private/var/folders/51/hd414ycd67n82196sw51xqtc0000gn/T/cibw-run-x845nfn6/cp38-macosx_arm64/build/venv, clear=False, no_vcs_ignore=False, global=False)
2022-12-27T08:56:59.1400700Z   seeder FromAppData(download=False, pip=22.3.1, setuptools=65.6.3, wheel=0.38.4, via=symlink, app_data_dir=/Users/runner/Library/Application Support/virtualenv)
2022-12-27T08:56:59.1401020Z     added seed packages: pip==22.3.1, setuptools==65.6.3, wheel==0.38.4
2022-12-27T08:56:59.1504500Z + python -m pip install --upgrade pip -c /Users/runner/hostedtoolcache/Python/3.8.15/x64/lib/python3.8/site-packages/cibuildwheel/resources/constraints-python38.txt
2022-12-27T08:56:59.4618310Z Requirement already satisfied: pip in ./lib/python3.8/site-packages (22.3.1)
2022-12-27T08:56:59.6036780Z + which pip
2022-12-27T08:56:59.6054290Z /private/var/folders/51/hd414ycd67n82196sw51xqtc0000gn/T/cibw-run-x845nfn6/cp38-macosx_arm64/build/venv/bin/pip
2022-12-27T08:56:59.6056180Z + pip --version
2022-12-27T08:56:59.8332880Z pip 22.3.1 from /private/var/folders/51/hd414ycd67n82196sw51xqtc0000gn/T/cibw-run-x845nfn6/cp38-macosx_arm64/build/venv/lib/python3.8/site-packages/pip (python 3.8)
2022-12-27T08:56:59.8547260Z + which pip
2022-12-27T08:56:59.8575270Z + which python
2022-12-27T08:56:59.8593330Z /private/var/folders/51/hd414ycd67n82196sw51xqtc0000gn/T/cibw-run-x845nfn6/cp38-macosx_arm64/build/venv/bin/python
2022-12-27T08:56:59.8595350Z + python --version
2022-12-27T08:56:59.8641860Z Python 3.8.10
2022-12-27T08:56:59.8644620Z + which python
2022-12-27T08:56:59.8698210Z ##[endgroup]
2022-12-27T08:56:59.8698840Z                                                               [32m✓ [0m0.92s
2022-12-27T08:56:59.8699440Z ##[group]Installing build tools...
2022-12-27T08:56:59.8699590Z 
2022-12-27T08:56:59.8700370Z + pip install --upgrade setuptools wheel delocate -c /Users/runner/hostedtoolcache/Python/3.8.15/x64/lib/python3.8/site-packages/cibuildwheel/resources/constraints-python38.txt
2022-12-27T08:57:00.1737650Z Requirement already satisfied: setuptools in /private/var/folders/51/hd414ycd67n82196sw51xqtc0000gn/T/cibw-run-x845nfn6/cp38-macosx_arm64/build/venv/lib/python3.8/site-packages (65.6.3)
2022-12-27T08:57:00.3995510Z Requirement already satisfied: wheel in /private/var/folders/51/hd414ycd67n82196sw51xqtc0000gn/T/cibw-run-x845nfn6/cp38-macosx_arm64/build/venv/lib/python3.8/site-packages (0.38.4)
2022-12-27T08:57:00.4475590Z Collecting delocate
2022-12-27T08:57:00.4502320Z   Using cached delocate-0.10.3-py3-none-any.whl (142 kB)
2022-12-27T08:57:00.4729790Z Collecting typing-extensions
2022-12-27T08:57:00.4750690Z   Using cached typing_extensions-4.4.0-py3-none-any.whl (26 kB)
2022-12-27T08:57:00.5001740Z Collecting packaging>=20.9
2022-12-27T08:57:00.5022820Z   Using cached packaging-21.3-py3-none-any.whl (40 kB)
2022-12-27T08:57:00.5430360Z Collecting pyparsing!=3.0.5,>=2.0.2
2022-12-27T08:57:00.5452520Z   Using cached pyparsing-3.0.9-py3-none-any.whl (98 kB)
2022-12-27T08:57:00.5829460Z Installing collected packages: typing-extensions, pyparsing, packaging, delocate
2022-12-27T08:57:00.7188520Z Successfully installed delocate-0.10.3 packaging-21.3 pyparsing-3.0.9 typing-extensions-4.4.0
2022-12-27T08:57:00.7617060Z ##[endgroup]
2022-12-27T08:57:00.7617720Z                                                               [32m✓ [0m0.89s
2022-12-27T08:57:00.7618380Z ##[group]Running before_build...
2022-12-27T08:57:00.7618510Z 
2022-12-27T08:57:00.7624780Z + pip install Cython; if [[ -f requirements.txt ]]; then pip install -r requirements.txt; fi
2022-12-27T08:57:01.4431970Z Collecting Cython
2022-12-27T08:57:01.4479910Z   Using cached Cython-0.29.32-py2.py3-none-any.whl (986 kB)
2022-12-27T08:57:01.4918010Z Installing collected packages: Cython
2022-12-27T08:57:01.9315930Z Successfully installed Cython-0.29.32
2022-12-27T08:57:01.9753230Z ##[endgroup]
2022-12-27T08:57:01.9754310Z                                                               [32m✓ [0m1.21s
2022-12-27T08:57:01.9755370Z ##[group]Building wheel...
2022-12-27T08:57:01.9755520Z 
2022-12-27T08:57:01.9758930Z + python -m pip wheel /Users/runner/actions-runner/_work/python.build/python.build/build_grpciotools10338/grpcio_tools-1.0.3 --wheel-dir=/private/var/folders/51/hd414ycd67n82196sw51xqtc0000gn/T/cibw-run-x845nfn6/cp38-macosx_arm64/built_wheel --no-deps -vvv
2022-12-27T08:57:02.2605510Z Created temporary directory: /private/var/folders/51/hd414ycd67n82196sw51xqtc0000gn/T/pip-ephem-wheel-cache-3sifdk0v
2022-12-27T08:57:02.2610210Z Created temporary directory: /private/var/folders/51/hd414ycd67n82196sw51xqtc0000gn/T/pip-build-tracker-u_nqxq2l
2022-12-27T08:57:02.2612260Z Initialized build tracking at /private/var/folders/51/hd414ycd67n82196sw51xqtc0000gn/T/pip-build-tracker-u_nqxq2l
2022-12-27T08:57:02.2613780Z Created build tracker: /private/var/folders/51/hd414ycd67n82196sw51xqtc0000gn/T/pip-build-tracker-u_nqxq2l
2022-12-27T08:57:02.2615470Z Entered build tracker: /private/var/folders/51/hd414ycd67n82196sw51xqtc0000gn/T/pip-build-tracker-u_nqxq2l
2022-12-27T08:57:02.2618760Z Created temporary directory: /private/var/folders/51/hd414ycd67n82196sw51xqtc0000gn/T/pip-wheel-jqlb5twg
2022-12-27T08:57:02.2625190Z Created temporary directory: /private/var/folders/51/hd414ycd67n82196sw51xqtc0000gn/T/pip-ephem-wheel-cache-3ru8up3n
2022-12-27T08:57:02.2708860Z Processing /Users/runner/actions-runner/_work/python.build/python.build/build_grpciotools10338/grpcio_tools-1.0.3
2022-12-27T08:57:02.2714080Z   Added file:///Users/runner/actions-runner/_work/python.build/python.build/build_grpciotools10338/grpcio_tools-1.0.3 to build tracker '/private/var/folders/51/hd414ycd67n82196sw51xqtc0000gn/T/pip-build-tracker-u_nqxq2l'
2022-12-27T08:57:02.2717690Z   Running setup.py (path:/Users/runner/actions-runner/_work/python.build/python.build/build_grpciotools10338/grpcio_tools-1.0.3/setup.py) egg_info for package from file:///Users/runner/actions-runner/_work/python.build/python.build/build_grpciotools10338/grpcio_tools-1.0.3
2022-12-27T08:57:02.2721260Z   Created temporary directory: /private/var/folders/51/hd414ycd67n82196sw51xqtc0000gn/T/pip-pip-egg-info-jn3r6nsa
2022-12-27T08:57:02.2722610Z   Preparing metadata (setup.py): started
2022-12-27T08:57:02.2724610Z   Running command python setup.py egg_info
2022-12-27T08:57:02.6260650Z   Traceback (most recent call last):
2022-12-27T08:57:02.6268840Z     File "<string>", line 2, in <module>
2022-12-27T08:57:02.6269510Z     File "<pip-setuptools-caller>", line 34, in <module>
2022-12-27T08:57:02.6270090Z     File "/Users/runner/actions-runner/_work/python.build/python.build/build_grpciotools10338/grpcio_tools-1.0.3/setup.py", line 182, in <module>
2022-12-27T08:57:02.6270550Z       ext_modules=maybe_cythonize([
2022-12-27T08:57:02.6271150Z     File "/Users/runner/actions-runner/_work/python.build/python.build/build_grpciotools10338/grpcio_tools-1.0.3/setup.py", line 176, in maybe_cythonize
2022-12-27T08:57:02.6271690Z       return Build.cythonize(exts)
2022-12-27T08:57:02.6274320Z     File "/private/var/folders/51/hd414ycd67n82196sw51xqtc0000gn/T/cibw-run-x845nfn6/cp38-macosx_arm64/build/venv/lib/python3.8/site-packages/Cython/Build/Dependencies.py", line 970, in cythonize
2022-12-27T08:57:02.6275940Z       module_list, module_metadata = create_extension_list(
2022-12-27T08:57:02.6278580Z     File "/private/var/folders/51/hd414ycd67n82196sw51xqtc0000gn/T/cibw-run-x845nfn6/cp38-macosx_arm64/build/venv/lib/python3.8/site-packages/Cython/Build/Dependencies.py", line 816, in create_extension_list
2022-12-27T08:57:02.6279960Z       for file in nonempty(sorted(extended_iglob(filepattern)), "'%s' doesn't match any files" % filepattern):
2022-12-27T08:57:02.6281800Z     File "/private/var/folders/51/hd414ycd67n82196sw51xqtc0000gn/T/cibw-run-x845nfn6/cp38-macosx_arm64/build/venv/lib/python3.8/site-packages/Cython/Build/Dependencies.py", line 114, in nonempty
2022-12-27T08:57:02.6283120Z       raise ValueError(error_msg)
2022-12-27T08:57:02.6284790Z   ValueError: 'grpc_tools/_protoc_compiler.pyx' doesn't match any files
2022-12-27T08:57:02.6607450Z   error: subprocess-exited-with-error
2022-12-27T08:57:02.6607730Z   
2022-12-27T08:57:02.6608010Z   × python setup.py egg_info did not run successfully.
2022-12-27T08:57:02.6608270Z   │ exit code: 1
2022-12-27T08:57:02.6608690Z   ╰─> See above for output.
2022-12-27T08:57:02.6608870Z   
2022-12-27T08:57:02.6609060Z   note: This error originates from a subprocess, and is likely not a problem with pip.
2022-12-27T08:57:02.6617650Z   full command: /private/var/folders/51/hd414ycd67n82196sw51xqtc0000gn/T/cibw-run-x845nfn6/cp38-macosx_arm64/build/venv/bin/python -c '
2022-12-27T08:57:02.6618150Z   exec(compile('"'"''"'"''"'"'
2022-12-27T08:57:02.6618450Z   # This is <pip-setuptools-caller> -- a caller that pip uses to run setup.py
2022-12-27T08:57:02.6618710Z   #
2022-12-27T08:57:02.6618990Z   # - It imports setuptools before invoking setup.py, to enable projects that directly
2022-12-27T08:57:02.6619290Z   #   import from `distutils.core` to work with newer packaging standards.
2022-12-27T08:57:02.6619710Z   # - It provides a clear error message when setuptools is not installed.
2022-12-27T08:57:02.6620040Z   # - It sets `sys.argv[0]` to the underlying `setup.py`, when invoking `setup.py` so
2022-12-27T08:57:02.6620360Z   #   setuptools doesn'"'"'t think the script is `-c`. This avoids the following warning:
2022-12-27T08:57:02.6620620Z   #     manifest_maker: standard file '"'"'-c'"'"' not found".
2022-12-27T08:57:02.6621350Z   # - It generates a shim setup.py, for handling setup.cfg-only projects.
2022-12-27T08:57:02.6621770Z   import os, sys, tokenize
2022-12-27T08:57:02.6622040Z   
2022-12-27T08:57:02.6622260Z   try:
2022-12-27T08:57:02.6622670Z       import setuptools
2022-12-27T08:57:02.6622960Z   except ImportError as error:
2022-12-27T08:57:02.6623510Z       print(
2022-12-27T08:57:02.6624430Z           "ERROR: Can not execute `setup.py` since setuptools is not available in "
2022-12-27T08:57:02.6624800Z           "the build environment.",
2022-12-27T08:57:02.6625050Z           file=sys.stderr,
2022-12-27T08:57:02.6625310Z       )
2022-12-27T08:57:02.6625550Z       sys.exit(1)
2022-12-27T08:57:02.6625900Z   
2022-12-27T08:57:02.6626140Z   __file__ = %r
2022-12-27T08:57:02.6626400Z   sys.argv[0] = __file__
2022-12-27T08:57:02.6626600Z   
2022-12-27T08:57:02.6626860Z   if os.path.exists(__file__):
2022-12-27T08:57:02.6627300Z       filename = __file__
2022-12-27T08:57:02.6627550Z       with tokenize.open(__file__) as f:
2022-12-27T08:57:02.6627850Z           setup_py_code = f.read()
2022-12-27T08:57:02.6628110Z   else:
2022-12-27T08:57:02.6628490Z       filename = "<auto-generated setuptools caller>"
2022-12-27T08:57:02.6629000Z       setup_py_code = "from setuptools import setup; setup()"
2022-12-27T08:57:02.6629300Z   
2022-12-27T08:57:02.6629580Z   exec(compile(setup_py_code, filename, "exec"))
2022-12-27T08:57:02.6630490Z   '"'"''"'"''"'"' % ('"'"'/Users/runner/actions-runner/_work/python.build/python.build/build_grpciotools10338/grpcio_tools-1.0.3/setup.py'"'"',), "<pip-setuptools-caller>", "exec"))' egg_info --egg-base /private/var/folders/51/hd414ycd67n82196sw51xqtc0000gn/T/pip-pip-egg-info-jn3r6nsa
2022-12-27T08:57:02.6631490Z   cwd: /Users/runner/actions-runner/_work/python.build/python.build/build_grpciotools10338/grpcio_tools-1.0.3/
2022-12-27T08:57:02.6632070Z   Preparing metadata (setup.py): finished with status 'error'
2022-12-27T08:57:02.6640890Z error: metadata-generation-failed
2022-12-27T08:57:02.6641040Z 
2022-12-27T08:57:02.6641240Z × Encountered error while generating package metadata.
2022-12-27T08:57:02.6641460Z ╰─> See above for output.
2022-12-27T08:57:02.6641700Z 
2022-12-27T08:57:02.6641830Z note: This is an issue with the package mentioned above, not pip.
2022-12-27T08:57:02.6642050Z hint: See above for details.
2022-12-27T08:57:02.6668350Z Exception information:
2022-12-27T08:57:02.6669110Z Traceback (most recent call last):
2022-12-27T08:57:02.6670060Z   File "/private/var/folders/51/hd414ycd67n82196sw51xqtc0000gn/T/cibw-run-x845nfn6/cp38-macosx_arm64/build/venv/lib/python3.8/site-packages/pip/_internal/operations/build/metadata_legacy.py", line 64, in generate_metadata
2022-12-27T08:57:02.6670610Z     call_subprocess(
2022-12-27T08:57:02.6671650Z   File "/private/var/folders/51/hd414ycd67n82196sw51xqtc0000gn/T/cibw-run-x845nfn6/cp38-macosx_arm64/build/venv/lib/python3.8/site-packages/pip/_internal/utils/subprocess.py", line 224, in call_subprocess
2022-12-27T08:57:02.6672190Z     raise error
2022-12-27T08:57:02.6672530Z pip._internal.exceptions.InstallationSubprocessError: python setup.py egg_info exited with 1
2022-12-27T08:57:02.6672730Z 
2022-12-27T08:57:02.6673190Z The above exception was the direct cause of the following exception:
2022-12-27T08:57:02.6673610Z 
2022-12-27T08:57:02.6673720Z Traceback (most recent call last):
2022-12-27T08:57:02.6674660Z   File "/private/var/folders/51/hd414ycd67n82196sw51xqtc0000gn/T/cibw-run-x845nfn6/cp38-macosx_arm64/build/venv/lib/python3.8/site-packages/pip/_internal/cli/base_command.py", line 160, in exc_logging_wrapper
2022-12-27T08:57:02.6675200Z     status = run_func(*args)
2022-12-27T08:57:02.6676200Z   File "/private/var/folders/51/hd414ycd67n82196sw51xqtc0000gn/T/cibw-run-x845nfn6/cp38-macosx_arm64/build/venv/lib/python3.8/site-packages/pip/_internal/cli/req_command.py", line 247, in wrapper
2022-12-27T08:57:02.6676690Z     return func(self, options, args)
2022-12-27T08:57:02.6677420Z   File "/private/var/folders/51/hd414ycd67n82196sw51xqtc0000gn/T/cibw-run-x845nfn6/cp38-macosx_arm64/build/venv/lib/python3.8/site-packages/pip/_internal/commands/wheel.py", line 170, in run
2022-12-27T08:57:02.6677950Z     requirement_set = resolver.resolve(reqs, check_supported_wheels=True)
2022-12-27T08:57:02.6678810Z   File "/private/var/folders/51/hd414ycd67n82196sw51xqtc0000gn/T/cibw-run-x845nfn6/cp38-macosx_arm64/build/venv/lib/python3.8/site-packages/pip/_internal/resolution/resolvelib/resolver.py", line 73, in resolve
2022-12-27T08:57:02.6679590Z     collected = self.factory.collect_root_requirements(root_reqs)
2022-12-27T08:57:02.6680440Z   File "/private/var/folders/51/hd414ycd67n82196sw51xqtc0000gn/T/cibw-run-x845nfn6/cp38-macosx_arm64/build/venv/lib/python3.8/site-packages/pip/_internal/resolution/resolvelib/factory.py", line 491, in collect_root_requirements
2022-12-27T08:57:02.6680970Z     req = self._make_requirement_from_install_req(
2022-12-27T08:57:02.6681800Z   File "/private/var/folders/51/hd414ycd67n82196sw51xqtc0000gn/T/cibw-run-x845nfn6/cp38-macosx_arm64/build/venv/lib/python3.8/site-packages/pip/_internal/resolution/resolvelib/factory.py", line 453, in _make_requirement_from_install_req
2022-12-27T08:57:02.6682430Z     cand = self._make_candidate_from_link(
2022-12-27T08:57:02.6683220Z   File "/private/var/folders/51/hd414ycd67n82196sw51xqtc0000gn/T/cibw-run-x845nfn6/cp38-macosx_arm64/build/venv/lib/python3.8/site-packages/pip/_internal/resolution/resolvelib/factory.py", line 206, in _make_candidate_from_link
2022-12-27T08:57:02.6683700Z     self._link_candidate_cache[link] = LinkCandidate(
2022-12-27T08:57:02.6684470Z   File "/private/var/folders/51/hd414ycd67n82196sw51xqtc0000gn/T/cibw-run-x845nfn6/cp38-macosx_arm64/build/venv/lib/python3.8/site-packages/pip/_internal/resolution/resolvelib/candidates.py", line 297, in __init__
2022-12-27T08:57:02.6685040Z     super().__init__(
2022-12-27T08:57:02.6685770Z   File "/private/var/folders/51/hd414ycd67n82196sw51xqtc0000gn/T/cibw-run-x845nfn6/cp38-macosx_arm64/build/venv/lib/python3.8/site-packages/pip/_internal/resolution/resolvelib/candidates.py", line 162, in __init__
2022-12-27T08:57:02.6686250Z     self.dist = self._prepare()
2022-12-27T08:57:02.6686920Z   File "/private/var/folders/51/hd414ycd67n82196sw51xqtc0000gn/T/cibw-run-x845nfn6/cp38-macosx_arm64/build/venv/lib/python3.8/site-packages/pip/_internal/resolution/resolvelib/candidates.py", line 231, in _prepare
2022-12-27T08:57:02.6687420Z     dist = self._prepare_distribution()
2022-12-27T08:57:02.6688510Z   File "/private/var/folders/51/hd414ycd67n82196sw51xqtc0000gn/T/cibw-run-x845nfn6/cp38-macosx_arm64/build/venv/lib/python3.8/site-packages/pip/_internal/resolution/resolvelib/candidates.py", line 308, in _prepare_distribution
2022-12-27T08:57:02.6689120Z     return preparer.prepare_linked_requirement(self._ireq, parallel_builds=True)
2022-12-27T08:57:02.6689980Z   File "/private/var/folders/51/hd414ycd67n82196sw51xqtc0000gn/T/cibw-run-x845nfn6/cp38-macosx_arm64/build/venv/lib/python3.8/site-packages/pip/_internal/operations/prepare.py", line 491, in prepare_linked_requirement
2022-12-27T08:57:02.6690520Z     return self._prepare_linked_requirement(req, parallel_builds)
2022-12-27T08:57:02.6691080Z   File "/private/var/folders/51/hd414ycd67n82196sw51xqtc0000gn/T/cibw-run-x845nfn6/cp38-macosx_arm64/build/venv/lib/python3.8/site-packages/pip/_internal/operations/prepare.py", line 577, in _prepare_linked_requirement
2022-12-27T08:57:02.6691410Z     dist = _get_prepared_distribution(
2022-12-27T08:57:02.6691880Z   File "/private/var/folders/51/hd414ycd67n82196sw51xqtc0000gn/T/cibw-run-x845nfn6/cp38-macosx_arm64/build/venv/lib/python3.8/site-packages/pip/_internal/operations/prepare.py", line 69, in _get_prepared_distribution
2022-12-27T08:57:02.6692200Z     abstract_dist.prepare_distribution_metadata(
2022-12-27T08:57:02.6692740Z   File "/private/var/folders/51/hd414ycd67n82196sw51xqtc0000gn/T/cibw-run-x845nfn6/cp38-macosx_arm64/build/venv/lib/python3.8/site-packages/pip/_internal/distributions/sdist.py", line 61, in prepare_distribution_metadata
2022-12-27T08:57:02.6693060Z     self.req.prepare_metadata()
2022-12-27T08:57:02.6693460Z   File "/private/var/folders/51/hd414ycd67n82196sw51xqtc0000gn/T/cibw-run-x845nfn6/cp38-macosx_arm64/build/venv/lib/python3.8/site-packages/pip/_internal/req/req_install.py", line 541, in prepare_metadata
2022-12-27T08:57:02.6693780Z     self.metadata_directory = generate_metadata_legacy(
2022-12-27T08:57:02.6694470Z   File "/private/var/folders/51/hd414ycd67n82196sw51xqtc0000gn/T/cibw-run-x845nfn6/cp38-macosx_arm64/build/venv/lib/python3.8/site-packages/pip/_internal/operations/build/metadata_legacy.py", line 71, in generate_metadata
2022-12-27T08:57:02.6694920Z     raise MetadataGenerationFailed(package_details=details) from error
2022-12-27T08:57:02.6695220Z pip._internal.exceptions.MetadataGenerationFailed: metadata generation failed
2022-12-27T08:57:02.6695710Z Removed file:///Users/runner/actions-runner/_work/python.build/python.build/build_grpciotools10338/grpcio_tools-1.0.3 from build tracker '/private/var/folders/51/hd414ycd67n82196sw51xqtc0000gn/T/pip-build-tracker-u_nqxq2l'
2022-12-27T08:57:02.6696180Z Removed build tracker: '/private/var/folders/51/hd414ycd67n82196sw51xqtc0000gn/T/pip-build-tracker-u_nqxq2l'
2022-12-27T08:57:02.6990340Z ##[endgroup]
2022-12-27T08:57:02.6990980Z                                                               [31m✕ [0m0.72s
2022-12-27T08:57:02.7360460Z ##[error]Command ['python', '-m', 'pip', 'wheel', '/Users/runner/actions-runner/_work/python.build/python.build/build_grpciotools10338/grpcio_tools-1.0.3', '--wheel-dir=/private/var/folders/51/hd414ycd67n82196sw51xqtc0000gn/T/cibw-run-x845nfn6/cp38-macosx_arm64/built_wheel', '--no-deps', '-vvv'] failed with code 1. None
2022-12-27T08:57:02.7366620Z 
2022-12-27T08:57:02.7471360Z ##[error]Process completed with exit code 1.
2022-12-27T08:57:02.7570620Z ##[group]Run rm -rf build_grpciotools10338 wheelsout
2022-12-27T08:57:02.7570920Z [36;1mrm -rf build_grpciotools10338 wheelsout[0m
2022-12-27T08:57:02.7585940Z shell: /bin/bash -e {0}
2022-12-27T08:57:02.7586120Z env:
2022-12-27T08:57:02.7586330Z   pythonLocation: /Users/runner/hostedtoolcache/Python/3.8.15/x64
2022-12-27T08:57:02.7586560Z   PKG_CONFIG_PATH: /Users/runner/hostedtoolcache/Python/3.8.15/x64/lib/pkgconfig
2022-12-27T08:57:02.7586810Z   Python_ROOT_DIR: /Users/runner/hostedtoolcache/Python/3.8.15/x64
2022-12-27T08:57:02.7587040Z   Python2_ROOT_DIR: /Users/runner/hostedtoolcache/Python/3.8.15/x64
2022-12-27T08:57:02.7587250Z   Python3_ROOT_DIR: /Users/runner/hostedtoolcache/Python/3.8.15/x64
2022-12-27T08:57:02.7587410Z ##[endgroup]
2022-12-27T08:57:02.8167590Z Cleaning up orphan processes
