2022-12-27T01:58:07.3199161Z Requested labels: self-hosted, macOS, X64
2022-12-27T01:58:07.3199223Z Job defined at: kilnbuild/python.build/.github/workflows/mac_arm_build.yml@refs/heads/main
2022-12-27T01:58:07.3199248Z Waiting for a runner to pick up this job...
2022-12-27T02:57:16.2161937Z Job is about to start running on the runner: s1 (organization)
2022-12-27T02:57:21.3188860Z Current runner version: '2.300.2'
2022-12-27T02:57:21.3194220Z Runner name: 's1'
2022-12-27T02:57:21.3194480Z Runner group name: 'Default'
2022-12-27T02:57:21.3194920Z Machine name: 's1'
2022-12-27T02:57:21.3196490Z ##[group]GITHUB_TOKEN Permissions
2022-12-27T02:57:21.3196940Z Actions: write
2022-12-27T02:57:21.3197080Z Checks: write
2022-12-27T02:57:21.3197210Z Contents: write
2022-12-27T02:57:21.3197360Z Deployments: write
2022-12-27T02:57:21.3197500Z Discussions: write
2022-12-27T02:57:21.3197630Z Issues: write
2022-12-27T02:57:21.3197770Z Metadata: read
2022-12-27T02:57:21.3197910Z Packages: write
2022-12-27T02:57:21.3198050Z Pages: write
2022-12-27T02:57:21.3198190Z PullRequests: write
2022-12-27T02:57:21.3198350Z RepositoryProjects: write
2022-12-27T02:57:21.3198520Z SecurityEvents: write
2022-12-27T02:57:21.3198660Z Statuses: write
2022-12-27T02:57:21.3198790Z ##[endgroup]
2022-12-27T02:57:21.3201520Z Secret source: Actions
2022-12-27T02:57:21.3201850Z Prepare workflow directory
2022-12-27T02:57:21.3883290Z Prepare all required actions
2022-12-27T02:57:21.4004830Z Getting action download info
2022-12-27T02:57:21.8971070Z Download action repository 'actions/setup-python@v4' (SHA:5ccb29d8773c3f3f653e1705f474dfaa8a06a912)
2022-12-27T02:57:23.6312210Z Download action repository 'actions/upload-artifact@v3' (SHA:83fd05a356d7e2593de66fc9913b3002723633cb)
2022-12-27T02:57:24.9363440Z ##[group]Run echo '{
2022-12-27T02:57:24.9363750Z [36;1mecho '{[0m
2022-12-27T02:57:24.9364010Z [36;1m  "environment_variables": "GRPC_PYTHON_BUILD_WITH_CYTHON=1 GRPC_BUILD_WITH_BORING_SSL_ASM='' GRPC_PYTHON_BUILD_SYSTEM_OPENSSL=TRUE",[0m
2022-12-27T02:57:24.9364210Z [36;1m  "package_name": "grpcio",[0m
2022-12-27T02:57:24.9364470Z [36;1m  "package_url": "https://files.pythonhosted.org/packages/d3/15/370c1cf77fe4147ba5565048545f2cf0aca4dafc9e9a2330c22506443b7e/grpcio-1.7.0.tar.gz",[0m
2022-12-27T02:57:24.9364700Z [36;1m  "package_version": "1.7.0",[0m
2022-12-27T02:57:24.9364860Z [36;1m  "python_version": "3.9",[0m
2022-12-27T02:57:24.9364990Z [36;1m  "use_ccache": "true"[0m
2022-12-27T02:57:24.9365100Z [36;1m}'[0m
2022-12-27T02:57:24.9381200Z shell: /bin/bash -e {0}
2022-12-27T02:57:24.9381350Z ##[endgroup]
2022-12-27T02:57:24.9595840Z {
2022-12-27T02:57:24.9597310Z   "environment_variables": "GRPC_PYTHON_BUILD_WITH_CYTHON=1 GRPC_BUILD_WITH_BORING_SSL_ASM= GRPC_PYTHON_BUILD_SYSTEM_OPENSSL=TRUE",
2022-12-27T02:57:24.9597580Z   "package_name": "grpcio",
2022-12-27T02:57:24.9598290Z   "package_url": "https://files.pythonhosted.org/packages/d3/15/370c1cf77fe4147ba5565048545f2cf0aca4dafc9e9a2330c22506443b7e/grpcio-1.7.0.tar.gz",
2022-12-27T02:57:24.9598580Z   "package_version": "1.7.0",
2022-12-27T02:57:24.9598730Z   "python_version": "3.9",
2022-12-27T02:57:24.9598950Z   "use_ccache": "true"
2022-12-27T02:57:24.9599110Z }
2022-12-27T02:57:24.9811890Z ##[group]Run actions/setup-python@v4
2022-12-27T02:57:24.9812150Z with:
2022-12-27T02:57:24.9812300Z   python-version: 3.9
2022-12-27T02:57:24.9812490Z   check-latest: false
2022-12-27T02:57:24.9812920Z   token: ***
2022-12-27T02:57:24.9813110Z   update-environment: true
2022-12-27T02:57:24.9813270Z ##[endgroup]
2022-12-27T02:57:25.1084200Z ##[group]Installed versions
2022-12-27T02:57:25.1127680Z Successfully set up CPython (3.9.16)
2022-12-27T02:57:25.1128200Z ##[endgroup]
2022-12-27T02:57:25.1275960Z ##[group]Run if [ "true" == "true" ]
2022-12-27T02:57:25.1276240Z [36;1mif [ "true" == "true" ][0m
2022-12-27T02:57:25.1276440Z [36;1mthen[0m
2022-12-27T02:57:25.1276660Z [36;1m  echo "CCACHE_PATH_PREPEND=/usr/local/opt/ccache/libexec" >> $GITHUB_OUTPUT[0m
2022-12-27T02:57:25.1276870Z [36;1melse[0m
2022-12-27T02:57:25.1277020Z [36;1m  echo "CCACHE_PATH_PREPEND=" >> $GITHUB_OUTPUT[0m
2022-12-27T02:57:25.1277250Z [36;1mfi[0m
2022-12-27T02:57:25.1294910Z shell: /bin/bash -e {0}
2022-12-27T02:57:25.1295100Z env:
2022-12-27T02:57:25.1295390Z   pythonLocation: /Users/runner/hostedtoolcache/Python/3.9.16/x64
2022-12-27T02:57:25.1295670Z   PKG_CONFIG_PATH: /Users/runner/hostedtoolcache/Python/3.9.16/x64/lib/pkgconfig
2022-12-27T02:57:25.1296300Z   Python_ROOT_DIR: /Users/runner/hostedtoolcache/Python/3.9.16/x64
2022-12-27T02:57:25.1296550Z   Python2_ROOT_DIR: /Users/runner/hostedtoolcache/Python/3.9.16/x64
2022-12-27T02:57:25.1296880Z   Python3_ROOT_DIR: /Users/runner/hostedtoolcache/Python/3.9.16/x64
2022-12-27T02:57:25.1297060Z ##[endgroup]
2022-12-27T02:57:25.1404900Z ##[group]Run echo "BUILD_NAME=$(echo grpcio_1.7.0_3.9 | tr -dc '[:alnum:]\n\r' | tr '[:upper:]' '[:lower:]')" >> $GITHUB_OUTPUT
2022-12-27T02:57:25.1405320Z [36;1mecho "BUILD_NAME=$(echo grpcio_1.7.0_3.9 | tr -dc '[:alnum:]\n\r' | tr '[:upper:]' '[:lower:]')" >> $GITHUB_OUTPUT[0m
2022-12-27T02:57:25.1419480Z shell: /bin/bash -e {0}
2022-12-27T02:57:25.1419640Z env:
2022-12-27T02:57:25.1419960Z   pythonLocation: /Users/runner/hostedtoolcache/Python/3.9.16/x64
2022-12-27T02:57:25.1420230Z   PKG_CONFIG_PATH: /Users/runner/hostedtoolcache/Python/3.9.16/x64/lib/pkgconfig
2022-12-27T02:57:25.1420460Z   Python_ROOT_DIR: /Users/runner/hostedtoolcache/Python/3.9.16/x64
2022-12-27T02:57:25.1420780Z   Python2_ROOT_DIR: /Users/runner/hostedtoolcache/Python/3.9.16/x64
2022-12-27T02:57:25.1421100Z   Python3_ROOT_DIR: /Users/runner/hostedtoolcache/Python/3.9.16/x64
2022-12-27T02:57:25.1421310Z ##[endgroup]
2022-12-27T02:57:25.1563100Z ##[group]Run echo "PYTHON_NO_DOTS=$(echo 3.9 | tr -dc '[:alnum:]\n\r' | tr '[:upper:]' '[:lower:]')" >> $GITHUB_OUTPUT
2022-12-27T02:57:25.1563680Z [36;1mecho "PYTHON_NO_DOTS=$(echo 3.9 | tr -dc '[:alnum:]\n\r' | tr '[:upper:]' '[:lower:]')" >> $GITHUB_OUTPUT[0m
2022-12-27T02:57:25.1578620Z shell: /bin/bash -e {0}
2022-12-27T02:57:25.1578850Z env:
2022-12-27T02:57:25.1579070Z   pythonLocation: /Users/runner/hostedtoolcache/Python/3.9.16/x64
2022-12-27T02:57:25.1579770Z   PKG_CONFIG_PATH: /Users/runner/hostedtoolcache/Python/3.9.16/x64/lib/pkgconfig
2022-12-27T02:57:25.1580040Z   Python_ROOT_DIR: /Users/runner/hostedtoolcache/Python/3.9.16/x64
2022-12-27T02:57:25.1580250Z   Python2_ROOT_DIR: /Users/runner/hostedtoolcache/Python/3.9.16/x64
2022-12-27T02:57:25.1580500Z   Python3_ROOT_DIR: /Users/runner/hostedtoolcache/Python/3.9.16/x64
2022-12-27T02:57:25.1580660Z ##[endgroup]
2022-12-27T02:57:25.1692880Z ##[group]Run rm -rf build_grpcio17039
2022-12-27T02:57:25.1693250Z [36;1mrm -rf build_grpcio17039[0m
2022-12-27T02:57:25.1693480Z [36;1mmkdir build_grpcio17039[0m
2022-12-27T02:57:25.1693720Z [36;1mcd build_grpcio17039[0m
2022-12-27T02:57:25.1694110Z [36;1m/usr/local/bin/wget --quiet https://files.pythonhosted.org/packages/d3/15/370c1cf77fe4147ba5565048545f2cf0aca4dafc9e9a2330c22506443b7e/grpcio-1.7.0.tar.gz[0m
2022-12-27T02:57:25.1694430Z [36;1mtar xf *.tar.gz[0m
2022-12-27T02:57:25.1694590Z [36;1mcd grpcio-*/[0m
2022-12-27T02:57:25.1694830Z [36;1mpython -m pip install cibuildwheel==2.11.3[0m
2022-12-27T02:57:25.1695140Z [36;1mpython -m cibuildwheel --output-dir ../wheelsout[0m
2022-12-27T02:57:25.1709650Z shell: /bin/bash -e {0}
2022-12-27T02:57:25.1709840Z env:
2022-12-27T02:57:25.1710130Z   pythonLocation: /Users/runner/hostedtoolcache/Python/3.9.16/x64
2022-12-27T02:57:25.1710430Z   PKG_CONFIG_PATH: /Users/runner/hostedtoolcache/Python/3.9.16/x64/lib/pkgconfig
2022-12-27T02:57:25.1710690Z   Python_ROOT_DIR: /Users/runner/hostedtoolcache/Python/3.9.16/x64
2022-12-27T02:57:25.1710890Z   Python2_ROOT_DIR: /Users/runner/hostedtoolcache/Python/3.9.16/x64
2022-12-27T02:57:25.1711170Z   Python3_ROOT_DIR: /Users/runner/hostedtoolcache/Python/3.9.16/x64
2022-12-27T02:57:25.1711380Z   CIBW_ARCHS_MACOS: arm64
2022-12-27T02:57:25.1711530Z   CIBW_TEST_SKIP: *_arm64
2022-12-27T02:57:25.1711710Z   CIBW_BUILD: cp39-macosx_arm64
2022-12-27T02:57:25.1711890Z   CIBW_BUILD_FRONTEND: pip
2022-12-27T02:57:25.1712080Z   CIBW_BUILD_VERBOSITY: 3
2022-12-27T02:57:25.1712450Z   CIBW_ENVIRONMENT_MACOS: GRPC_PYTHON_BUILD_WITH_CYTHON=1 GRPC_BUILD_WITH_BORING_SSL_ASM='' GRPC_PYTHON_BUILD_SYSTEM_OPENSSL=TRUE CFLAGS="-I/usr/local/opt/openssl@3/include" LDFLAGS="-L/usr/local/opt/openssl@3/lib" CPPFLAGS="-I/usr/local/opt/openssl@3/include" MAKEFLAGS="-j$(sysctl -n hw.logicalcpu)" PATH=/usr/local/opt/ccache/libexec:$PATH
2022-12-27T02:57:25.1713100Z   CIBW_BEFORE_BUILD: pip install Cython; if [[ -f requirements.txt ]]; then pip install -r requirements.txt; fi
2022-12-27T02:57:25.1713350Z   MAKEFLAGS: -j$(sysctl -n hw.logicalcpu)
2022-12-27T02:57:25.1713570Z ##[endgroup]
2022-12-27T02:57:26.8646730Z Requirement already satisfied: cibuildwheel==2.11.3 in /Users/runner/hostedtoolcache/Python/3.9.16/x64/lib/python3.9/site-packages (2.11.3)
2022-12-27T02:57:26.8908960Z Requirement already satisfied: packaging>=20.9 in /Users/runner/hostedtoolcache/Python/3.9.16/x64/lib/python3.9/site-packages (from cibuildwheel==2.11.3) (22.0)
2022-12-27T02:57:26.8912460Z Requirement already satisfied: bracex in /Users/runner/hostedtoolcache/Python/3.9.16/x64/lib/python3.9/site-packages (from cibuildwheel==2.11.3) (2.3.post1)
2022-12-27T02:57:26.8916190Z Requirement already satisfied: filelock in /Users/runner/hostedtoolcache/Python/3.9.16/x64/lib/python3.9/site-packages (from cibuildwheel==2.11.3) (3.8.2)
2022-12-27T02:57:26.8919700Z Requirement already satisfied: platformdirs in /Users/runner/hostedtoolcache/Python/3.9.16/x64/lib/python3.9/site-packages (from cibuildwheel==2.11.3) (2.6.0)
2022-12-27T02:57:26.8924850Z Requirement already satisfied: bashlex!=0.13 in /Users/runner/hostedtoolcache/Python/3.9.16/x64/lib/python3.9/site-packages (from cibuildwheel==2.11.3) (0.16)
2022-12-27T02:57:26.8934660Z Requirement already satisfied: typing-extensions>=4.1.0 in /Users/runner/hostedtoolcache/Python/3.9.16/x64/lib/python3.9/site-packages (from cibuildwheel==2.11.3) (4.4.0)
2022-12-27T02:57:26.8938170Z Requirement already satisfied: certifi in /Users/runner/hostedtoolcache/Python/3.9.16/x64/lib/python3.9/site-packages (from cibuildwheel==2.11.3) (2022.12.7)
2022-12-27T02:57:26.8944320Z Requirement already satisfied: tomli in /Users/runner/hostedtoolcache/Python/3.9.16/x64/lib/python3.9/site-packages (from cibuildwheel==2.11.3) (2.0.1)
2022-12-27T02:57:27.0703290Z 
2022-12-27T02:57:27.0703870Z      _ _       _ _   _       _           _
2022-12-27T02:57:27.0704500Z  ___|_| |_ _ _|_| |_| |_ _ _| |_ ___ ___| |
2022-12-27T02:57:27.0705990Z |  _| | . | | | | | . | | | |   | -_| -_| |
2022-12-27T02:57:27.0706540Z |___|_|___|___|_|_|___|_____|_|_|___|___|_|
2022-12-27T02:57:27.0706740Z 
2022-12-27T02:57:27.0706840Z cibuildwheel version 2.11.3
2022-12-27T02:57:27.0707050Z 
2022-12-27T02:57:27.0707260Z Build options:
2022-12-27T02:57:27.0707610Z   platform: macos
2022-12-27T02:57:27.0862680Z   architectures: arm64[0m
2022-12-27T02:57:27.0863090Z   build_selector: 
2022-12-27T02:57:27.0863600Z     build_config: cp39-macosx_arm64
2022-12-27T02:57:27.0864230Z     skip_config: 
2022-12-27T02:57:27.0864530Z     requires_python: None
2022-12-27T02:57:27.0865040Z     prerelease_pythons: False[0m
2022-12-27T02:57:27.0865550Z   [38;5;244mcontainer_engine: docker[0m
2022-12-27T02:57:27.0866340Z   output_dir: /Users/runner/actions-runner/_work/python.build/python.build/build_grpcio17039/wheelsout[0m
2022-12-27T02:57:27.0867150Z   package_dir: /Users/runner/actions-runner/_work/python.build/python.build/build_grpcio17039/grpcio-1.7.0[0m
2022-12-27T02:57:27.0867630Z   test_selector: 
2022-12-27T02:57:27.0868270Z     skip_config: *_arm64[0m
2022-12-27T02:57:27.0868680Z   [38;5;244mbefore_all: [0m
2022-12-27T02:57:27.0869320Z   before_build: pip install Cython; if [[ -f requirements.txt ]]; then pip install -r requirements.txt; fi[0m
2022-12-27T02:57:27.0869870Z   [38;5;244mbefore_test: [0m
2022-12-27T02:57:27.0870250Z   [38;5;244mbuild_frontend: pip[0m
2022-12-27T02:57:27.0870790Z   build_verbosity: 3[0m
2022-12-27T02:57:27.0871170Z   [38;5;244mconfig_settings: [0m
2022-12-27T02:57:27.0871530Z   [38;5;244mdependency_constraints: pinned[0m
2022-12-27T02:57:27.0871820Z   environment: 
2022-12-27T02:57:27.0872110Z     GRPC_PYTHON_BUILD_WITH_CYTHON=1
2022-12-27T02:57:27.0872560Z     GRPC_BUILD_WITH_BORING_SSL_ASM=''
2022-12-27T02:57:27.0872890Z     GRPC_PYTHON_BUILD_SYSTEM_OPENSSL=TRUE
2022-12-27T02:57:27.0873690Z     CFLAGS="-I/usr/local/opt/openssl@3/include"
2022-12-27T02:57:27.0874060Z     LDFLAGS="-L/usr/local/opt/openssl@3/lib"
2022-12-27T02:57:27.0875030Z     CPPFLAGS="-I/usr/local/opt/openssl@3/include"
2022-12-27T02:57:27.0875500Z     MAKEFLAGS="-j$(sysctl -n hw.logicalcpu)"
2022-12-27T02:57:27.0876130Z     PATH=/usr/local/opt/ccache/libexec:$PATH[0m
2022-12-27T02:57:27.0876500Z   [38;5;244mmanylinux_images: None[0m
2022-12-27T02:57:27.0876880Z   [38;5;244mmusllinux_images: None[0m
2022-12-27T02:57:27.0877390Z   [38;5;244mrepair_command: delocate-wheel --require-archs {delocate_archs} -w {dest_dir} -v {wheel}[0m
2022-12-27T02:57:27.0877800Z   [38;5;244mtest_command: [0m
2022-12-27T02:57:27.0878500Z   [38;5;244mtest_extras: [0m
2022-12-27T02:57:27.0878780Z   [38;5;244mtest_requires: [0m
2022-12-27T02:57:27.0878910Z 
2022-12-27T02:57:27.0879000Z Cache folder: /Users/runner/Library/Caches/cibuildwheel
2022-12-27T02:57:27.0885380Z 
2022-12-27T02:57:27.0885540Z Here we go!
2022-12-27T02:57:27.0885730Z 
2022-12-27T02:57:27.0948720Z 
2022-12-27T02:57:27.0949350Z [1m[34mBuilding cp39-macosx_arm64 wheel[0m
2022-12-27T02:57:27.0950060Z CPython 3.9 macOS arm64 - Apple Silicon
2022-12-27T02:57:27.0950230Z 
2022-12-27T02:57:27.0952540Z ##[group]Installing Python cp39...
2022-12-27T02:57:27.0952740Z 
2022-12-27T02:57:27.0952960Z + pkgutil --pkgs
2022-12-27T02:57:27.1052890Z ##[endgroup]
2022-12-27T02:57:27.1053920Z                                                               [32mâœ“ [0m0.01s
2022-12-27T02:57:27.1054470Z ##[group]Setting up build environment...
2022-12-27T02:57:27.1054610Z 
2022-12-27T02:57:27.1074370Z + /Users/runner/hostedtoolcache/Python/3.9.16/x64/bin/python -sS /Users/runner/Library/Caches/cibuildwheel/virtualenv-20.17.0.pyz --activators= --no-periodic-update --pip=22.3.1 --setuptools=65.6.3 --wheel=0.38.4 --symlink-app-data --python /Library/Frameworks/Python.framework/Versions/3.9/bin/python3 /private/var/folders/51/hd414ycd67n82196sw51xqtc0000gn/T/cibw-run-7rjbctl9/cp39-macosx_arm64/build/venv
2022-12-27T02:57:27.2959150Z created virtual environment CPython3.9.13.final.0-64 in 47ms
2022-12-27T02:57:27.2960140Z   creator CPython3Posix(dest=/private/var/folders/51/hd414ycd67n82196sw51xqtc0000gn/T/cibw-run-7rjbctl9/cp39-macosx_arm64/build/venv, clear=False, no_vcs_ignore=False, global=False)
2022-12-27T02:57:27.2960580Z   seeder FromAppData(download=False, pip=22.3.1, setuptools=65.6.3, wheel=0.38.4, via=symlink, app_data_dir=/Users/runner/Library/Application Support/virtualenv)
2022-12-27T02:57:27.2960950Z     added seed packages: pip==22.3.1, setuptools==65.6.3, wheel==0.38.4
2022-12-27T02:57:27.3058650Z + python -m pip install --upgrade pip -c /Users/runner/hostedtoolcache/Python/3.9.16/x64/lib/python3.9/site-packages/cibuildwheel/resources/constraints-python39.txt
2022-12-27T02:57:27.6110540Z Requirement already satisfied: pip in ./lib/python3.9/site-packages (22.3.1)
2022-12-27T02:57:27.7541870Z + which pip
2022-12-27T02:57:27.7560130Z /private/var/folders/51/hd414ycd67n82196sw51xqtc0000gn/T/cibw-run-7rjbctl9/cp39-macosx_arm64/build/venv/bin/pip
2022-12-27T02:57:27.7562350Z + pip --version
2022-12-27T02:57:27.9820460Z pip 22.3.1 from /private/var/folders/51/hd414ycd67n82196sw51xqtc0000gn/T/cibw-run-7rjbctl9/cp39-macosx_arm64/build/venv/lib/python3.9/site-packages/pip (python 3.9)
2022-12-27T02:57:28.0034150Z + which pip
2022-12-27T02:57:28.0060330Z + which python
2022-12-27T02:57:28.0077400Z /private/var/folders/51/hd414ycd67n82196sw51xqtc0000gn/T/cibw-run-7rjbctl9/cp39-macosx_arm64/build/venv/bin/python
2022-12-27T02:57:28.0080160Z + python --version
2022-12-27T02:57:28.0127090Z Python 3.9.13
2022-12-27T02:57:28.0129930Z + which python
2022-12-27T02:57:28.0183410Z ##[endgroup]
2022-12-27T02:57:28.0184010Z                                                               [32mâœ“ [0m0.91s
2022-12-27T02:57:28.0184930Z ##[group]Installing build tools...
2022-12-27T02:57:28.0185090Z 
2022-12-27T02:57:28.0185530Z + pip install --upgrade setuptools wheel delocate -c /Users/runner/hostedtoolcache/Python/3.9.16/x64/lib/python3.9/site-packages/cibuildwheel/resources/constraints-python39.txt
2022-12-27T02:57:28.3244940Z Requirement already satisfied: setuptools in /private/var/folders/51/hd414ycd67n82196sw51xqtc0000gn/T/cibw-run-7rjbctl9/cp39-macosx_arm64/build/venv/lib/python3.9/site-packages (65.6.3)
2022-12-27T02:57:29.5661830Z Requirement already satisfied: wheel in /private/var/folders/51/hd414ycd67n82196sw51xqtc0000gn/T/cibw-run-7rjbctl9/cp39-macosx_arm64/build/venv/lib/python3.9/site-packages (0.38.4)
2022-12-27T02:57:29.6154130Z Collecting delocate
2022-12-27T02:57:29.6180170Z   Using cached delocate-0.10.3-py3-none-any.whl (142 kB)
2022-12-27T02:57:29.6416850Z Collecting typing-extensions
2022-12-27T02:57:29.6438000Z   Using cached typing_extensions-4.4.0-py3-none-any.whl (26 kB)
2022-12-27T02:57:29.6702540Z Collecting packaging>=20.9
2022-12-27T02:57:29.6723630Z   Using cached packaging-21.3-py3-none-any.whl (40 kB)
2022-12-27T02:57:29.7117420Z Collecting pyparsing!=3.0.5,>=2.0.2
2022-12-27T02:57:29.7140980Z   Using cached pyparsing-3.0.9-py3-none-any.whl (98 kB)
2022-12-27T02:57:29.7527290Z Installing collected packages: typing-extensions, pyparsing, packaging, delocate
2022-12-27T02:57:29.9007420Z Successfully installed delocate-0.10.3 packaging-21.3 pyparsing-3.0.9 typing-extensions-4.4.0
2022-12-27T02:57:29.9430810Z ##[endgroup]
2022-12-27T02:57:29.9431460Z                                                               [32mâœ“ [0m1.92s
2022-12-27T02:57:29.9431870Z ##[group]Running before_build...
2022-12-27T02:57:29.9432010Z 
2022-12-27T02:57:29.9437010Z + pip install Cython; if [[ -f requirements.txt ]]; then pip install -r requirements.txt; fi
2022-12-27T02:57:30.6394180Z Collecting Cython
2022-12-27T02:57:30.6439200Z   Using cached Cython-0.29.32-py2.py3-none-any.whl (986 kB)
2022-12-27T02:57:30.6873080Z Installing collected packages: Cython
2022-12-27T02:57:31.1663480Z Successfully installed Cython-0.29.32
2022-12-27T02:57:31.9585130Z Collecting coverage>=4.0
2022-12-27T02:57:31.9613970Z   Using cached coverage-7.0.1-cp39-cp39-macosx_10_9_x86_64.whl (188 kB)
2022-12-27T02:57:31.9651910Z Requirement already satisfied: cython>=0.23 in /private/var/folders/51/hd414ycd67n82196sw51xqtc0000gn/T/cibw-run-7rjbctl9/cp39-macosx_arm64/build/venv/lib/python3.9/site-packages (from -r requirements.txt (line 3)) (0.29.32)
2022-12-27T02:57:31.9806650Z Collecting enum34>=1.0.4
2022-12-27T02:57:31.9828980Z   Using cached enum34-1.1.10-py3-none-any.whl (11 kB)
2022-12-27T02:57:31.9985080Z Collecting futures>=2.2.0
2022-12-27T02:57:31.9986940Z   Using cached futures-3.0.5-py3-none-any.whl
2022-12-27T02:57:32.3184270Z Collecting protobuf>=3.2.0
2022-12-27T02:57:32.3216420Z   Using cached protobuf-4.21.12-cp37-abi3-macosx_10_9_universal2.whl (486 kB)
2022-12-27T02:57:32.3417750Z Collecting six>=1.10
2022-12-27T02:57:32.3439020Z   Using cached six-1.16.0-py2.py3-none-any.whl (11 kB)
2022-12-27T02:57:32.3457070Z Requirement already satisfied: wheel>=0.29 in /private/var/folders/51/hd414ycd67n82196sw51xqtc0000gn/T/cibw-run-7rjbctl9/cp39-macosx_arm64/build/venv/lib/python3.9/site-packages (from -r requirements.txt (line 8)) (0.38.4)
2022-12-27T02:57:32.3870770Z Installing collected packages: futures, enum34, six, protobuf, coverage
2022-12-27T02:57:32.6695780Z Successfully installed coverage-7.0.1 enum34-1.1.10 futures-3.0.5 protobuf-4.21.12 six-1.16.0
2022-12-27T02:57:32.7191020Z ##[endgroup]
2022-12-27T02:57:32.7191640Z                                                               [32mâœ“ [0m2.78s
2022-12-27T02:57:32.7192080Z ##[group]Building wheel...
2022-12-27T02:57:32.7192210Z 
2022-12-27T02:57:32.7196470Z + python -m pip wheel /Users/runner/actions-runner/_work/python.build/python.build/build_grpcio17039/grpcio-1.7.0 --wheel-dir=/private/var/folders/51/hd414ycd67n82196sw51xqtc0000gn/T/cibw-run-7rjbctl9/cp39-macosx_arm64/built_wheel --no-deps -vvv
2022-12-27T02:57:33.0008520Z Created temporary directory: /private/var/folders/51/hd414ycd67n82196sw51xqtc0000gn/T/pip-ephem-wheel-cache-nhubgp4e
2022-12-27T02:57:33.0014380Z Created temporary directory: /private/var/folders/51/hd414ycd67n82196sw51xqtc0000gn/T/pip-build-tracker-977cvy1a
2022-12-27T02:57:33.0016460Z Initialized build tracking at /private/var/folders/51/hd414ycd67n82196sw51xqtc0000gn/T/pip-build-tracker-977cvy1a
2022-12-27T02:57:33.0018100Z Created build tracker: /private/var/folders/51/hd414ycd67n82196sw51xqtc0000gn/T/pip-build-tracker-977cvy1a
2022-12-27T02:57:33.0019630Z Entered build tracker: /private/var/folders/51/hd414ycd67n82196sw51xqtc0000gn/T/pip-build-tracker-977cvy1a
2022-12-27T02:57:33.0023030Z Created temporary directory: /private/var/folders/51/hd414ycd67n82196sw51xqtc0000gn/T/pip-wheel-tdd0ah5c
2022-12-27T02:57:33.0029570Z Created temporary directory: /private/var/folders/51/hd414ycd67n82196sw51xqtc0000gn/T/pip-ephem-wheel-cache-4l7dd0lf
2022-12-27T02:57:33.0176670Z Processing /Users/runner/actions-runner/_work/python.build/python.build/build_grpcio17039/grpcio-1.7.0
2022-12-27T02:57:33.0181970Z   Added file:///Users/runner/actions-runner/_work/python.build/python.build/build_grpcio17039/grpcio-1.7.0 to build tracker '/private/var/folders/51/hd414ycd67n82196sw51xqtc0000gn/T/pip-build-tracker-977cvy1a'
2022-12-27T02:57:33.0185650Z   Running setup.py (path:/Users/runner/actions-runner/_work/python.build/python.build/build_grpcio17039/grpcio-1.7.0/setup.py) egg_info for package from file:///Users/runner/actions-runner/_work/python.build/python.build/build_grpcio17039/grpcio-1.7.0
2022-12-27T02:57:33.0189100Z   Created temporary directory: /private/var/folders/51/hd414ycd67n82196sw51xqtc0000gn/T/pip-pip-egg-info-yx17uz63
2022-12-27T02:57:33.0190910Z   Preparing metadata (setup.py): started
2022-12-27T02:57:33.0192690Z   Running command python setup.py egg_info
2022-12-27T02:57:33.4588070Z   /private/var/folders/51/hd414ycd67n82196sw51xqtc0000gn/T/cibw-run-7rjbctl9/cp39-macosx_arm64/build/venv/lib/python3.9/site-packages/Cython/Compiler/Main.py:369: FutureWarning: Cython directive 'language_level' not set, using 2 for now (Py2). This will change in a later release! File: /Users/runner/actions-runner/_work/python.build/python.build/build_grpcio17039/grpcio-1.7.0/src/python/grpcio/grpc/_cython/cygrpc.pxd
2022-12-27T02:57:33.4588790Z     tree = Parsing.p_module(s, pxd, full_module_name)
2022-12-27T02:57:33.5192170Z   warning: src/python/grpcio/grpc/_cython/_cygrpc/grpc.pxi:136:13: 'GRPC_ARG_PRIMARY_USER_AGENT_STRING' redeclared
2022-12-27T02:57:34.5170060Z   Compiling src/python/grpcio/grpc/_cython/cygrpc.pyx because it depends on /private/var/folders/51/hd414ycd67n82196sw51xqtc0000gn/T/cibw-run-7rjbctl9/cp39-macosx_arm64/build/venv/lib/python3.9/site-packages/Cython/Includes/libc/time.pxd.
2022-12-27T02:57:34.5171220Z   [1/1] Cythonizing src/python/grpcio/grpc/_cython/cygrpc.pyx
2022-12-27T02:57:34.5386470Z   running egg_info
2022-12-27T02:57:34.5391070Z   creating /private/var/folders/51/hd414ycd67n82196sw51xqtc0000gn/T/pip-pip-egg-info-yx17uz63/grpcio.egg-info
2022-12-27T02:57:34.5405660Z   writing /private/var/folders/51/hd414ycd67n82196sw51xqtc0000gn/T/pip-pip-egg-info-yx17uz63/grpcio.egg-info/PKG-INFO
2022-12-27T02:57:34.5409060Z   writing dependency_links to /private/var/folders/51/hd414ycd67n82196sw51xqtc0000gn/T/pip-pip-egg-info-yx17uz63/grpcio.egg-info/dependency_links.txt
2022-12-27T02:57:34.5413010Z   writing requirements to /private/var/folders/51/hd414ycd67n82196sw51xqtc0000gn/T/pip-pip-egg-info-yx17uz63/grpcio.egg-info/requires.txt
2022-12-27T02:57:34.5414930Z   writing top-level names to /private/var/folders/51/hd414ycd67n82196sw51xqtc0000gn/T/pip-pip-egg-info-yx17uz63/grpcio.egg-info/top_level.txt
2022-12-27T02:57:34.5416890Z   writing manifest file '/private/var/folders/51/hd414ycd67n82196sw51xqtc0000gn/T/pip-pip-egg-info-yx17uz63/grpcio.egg-info/SOURCES.txt'
2022-12-27T02:57:34.5479760Z   reading manifest file '/private/var/folders/51/hd414ycd67n82196sw51xqtc0000gn/T/pip-pip-egg-info-yx17uz63/grpcio.egg-info/SOURCES.txt'
2022-12-27T02:57:34.5482230Z   reading manifest template 'PYTHON-MANIFEST.in'
2022-12-27T02:57:34.5511440Z   warning: no files found matching '*.h' under directory 'src/python/grpcio/grpc'
2022-12-27T02:57:34.5591290Z   warning: no files found matching '*.python' under directory 'src/python/grpcio/grpc'
2022-12-27T02:57:34.5608310Z   warning: no previously-included files matching '*.so' found under directory 'src/python/grpcio/grpc/_cython'
2022-12-27T02:57:34.5610330Z   warning: no previously-included files matching '*.pyd' found under directory 'src/python/grpcio/grpc/_cython'
2022-12-27T02:57:34.6438930Z   warning: no files found matching 'src/python/grpcio/precompiled.py'
2022-12-27T02:57:34.6957880Z   writing manifest file '/private/var/folders/51/hd414ycd67n82196sw51xqtc0000gn/T/pip-pip-egg-info-yx17uz63/grpcio.egg-info/SOURCES.txt'
2022-12-27T02:57:34.7642910Z   Preparing metadata (setup.py): finished with status 'done'
2022-12-27T02:57:34.7670210Z   Source in /Users/runner/actions-runner/_work/python.build/python.build/build_grpcio17039/grpcio-1.7.0 has version 1.7.0, which satisfies requirement grpcio==1.7.0 from file:///Users/runner/actions-runner/_work/python.build/python.build/build_grpcio17039/grpcio-1.7.0
2022-12-27T02:57:34.7673820Z   Removed grpcio==1.7.0 from file:///Users/runner/actions-runner/_work/python.build/python.build/build_grpcio17039/grpcio-1.7.0 from build tracker '/private/var/folders/51/hd414ycd67n82196sw51xqtc0000gn/T/pip-build-tracker-977cvy1a'
2022-12-27T02:57:34.7693860Z Created temporary directory: /private/var/folders/51/hd414ycd67n82196sw51xqtc0000gn/T/pip-unpack-egrg46p6
2022-12-27T02:57:34.7696320Z Building wheels for collected packages: grpcio
2022-12-27T02:57:34.7703990Z   Created temporary directory: /private/var/folders/51/hd414ycd67n82196sw51xqtc0000gn/T/pip-wheel-cg37_30d
2022-12-27T02:57:34.7706050Z   Building wheel for grpcio (setup.py): started
2022-12-27T02:57:34.7707960Z   Destination directory: /private/var/folders/51/hd414ycd67n82196sw51xqtc0000gn/T/pip-wheel-cg37_30d
2022-12-27T02:57:34.7709530Z   Running command python setup.py bdist_wheel
2022-12-27T02:57:35.2037600Z   running bdist_wheel
2022-12-27T02:57:35.2071190Z   running build
2022-12-27T02:57:35.2073250Z   running build_py
2022-12-27T02:57:35.2075360Z   running build_project_metadata
2022-12-27T02:57:35.2080980Z   creating python_build
2022-12-27T02:57:35.2083690Z   creating python_build/lib.macosx-11.0-arm64-cpython-39
2022-12-27T02:57:35.2085440Z   creating python_build/lib.macosx-11.0-arm64-cpython-39/grpc
2022-12-27T02:57:35.2087360Z   copying src/python/grpcio/grpc/_channel.py -> python_build/lib.macosx-11.0-arm64-cpython-39/grpc
2022-12-27T02:57:35.2090280Z   copying src/python/grpcio/grpc/_common.py -> python_build/lib.macosx-11.0-arm64-cpython-39/grpc
2022-12-27T02:57:35.2092280Z   copying src/python/grpcio/grpc/__init__.py -> python_build/lib.macosx-11.0-arm64-cpython-39/grpc
2022-12-27T02:57:35.2096170Z   copying src/python/grpcio/grpc/_utilities.py -> python_build/lib.macosx-11.0-arm64-cpython-39/grpc
2022-12-27T02:57:35.2099040Z   copying src/python/grpcio/grpc/_plugin_wrapping.py -> python_build/lib.macosx-11.0-arm64-cpython-39/grpc
2022-12-27T02:57:35.2101930Z   copying src/python/grpcio/grpc/_grpcio_metadata.py -> python_build/lib.macosx-11.0-arm64-cpython-39/grpc
2022-12-27T02:57:35.2104530Z   copying src/python/grpcio/grpc/_server.py -> python_build/lib.macosx-11.0-arm64-cpython-39/grpc
2022-12-27T02:57:35.2108070Z   copying src/python/grpcio/grpc/_auth.py -> python_build/lib.macosx-11.0-arm64-cpython-39/grpc
2022-12-27T02:57:35.2110520Z   copying src/python/grpcio/grpc/_credential_composition.py -> python_build/lib.macosx-11.0-arm64-cpython-39/grpc
2022-12-27T02:57:35.2116880Z   creating python_build/lib.macosx-11.0-arm64-cpython-39/grpc/beta
2022-12-27T02:57:35.2118470Z   copying src/python/grpcio/grpc/beta/_server_adaptations.py -> python_build/lib.macosx-11.0-arm64-cpython-39/grpc/beta
2022-12-27T02:57:35.2122680Z   copying src/python/grpcio/grpc/beta/interfaces.py -> python_build/lib.macosx-11.0-arm64-cpython-39/grpc/beta
2022-12-27T02:57:35.2126200Z   copying src/python/grpcio/grpc/beta/__init__.py -> python_build/lib.macosx-11.0-arm64-cpython-39/grpc/beta
2022-12-27T02:57:35.2128810Z   copying src/python/grpcio/grpc/beta/utilities.py -> python_build/lib.macosx-11.0-arm64-cpython-39/grpc/beta
2022-12-27T02:57:35.2131810Z   copying src/python/grpcio/grpc/beta/implementations.py -> python_build/lib.macosx-11.0-arm64-cpython-39/grpc/beta
2022-12-27T02:57:35.2134670Z   copying src/python/grpcio/grpc/beta/_client_adaptations.py -> python_build/lib.macosx-11.0-arm64-cpython-39/grpc/beta
2022-12-27T02:57:35.2140910Z   creating python_build/lib.macosx-11.0-arm64-cpython-39/grpc/framework
2022-12-27T02:57:35.2142730Z   copying src/python/grpcio/grpc/framework/__init__.py -> python_build/lib.macosx-11.0-arm64-cpython-39/grpc/framework
2022-12-27T02:57:35.2146990Z   creating python_build/lib.macosx-11.0-arm64-cpython-39/grpc/_cython
2022-12-27T02:57:35.2148680Z   copying src/python/grpcio/grpc/_cython/__init__.py -> python_build/lib.macosx-11.0-arm64-cpython-39/grpc/_cython
2022-12-27T02:57:35.2155020Z   creating python_build/lib.macosx-11.0-arm64-cpython-39/grpc/framework/foundation
2022-12-27T02:57:35.2156810Z   copying src/python/grpcio/grpc/framework/foundation/callable_util.py -> python_build/lib.macosx-11.0-arm64-cpython-39/grpc/framework/foundation
2022-12-27T02:57:35.2159360Z   copying src/python/grpcio/grpc/framework/foundation/abandonment.py -> python_build/lib.macosx-11.0-arm64-cpython-39/grpc/framework/foundation
2022-12-27T02:57:35.2162350Z   copying src/python/grpcio/grpc/framework/foundation/__init__.py -> python_build/lib.macosx-11.0-arm64-cpython-39/grpc/framework/foundation
2022-12-27T02:57:35.2165610Z   copying src/python/grpcio/grpc/framework/foundation/stream.py -> python_build/lib.macosx-11.0-arm64-cpython-39/grpc/framework/foundation
2022-12-27T02:57:35.2168410Z   copying src/python/grpcio/grpc/framework/foundation/stream_util.py -> python_build/lib.macosx-11.0-arm64-cpython-39/grpc/framework/foundation
2022-12-27T02:57:35.2172180Z   copying src/python/grpcio/grpc/framework/foundation/future.py -> python_build/lib.macosx-11.0-arm64-cpython-39/grpc/framework/foundation
2022-12-27T02:57:35.2174660Z   copying src/python/grpcio/grpc/framework/foundation/logging_pool.py -> python_build/lib.macosx-11.0-arm64-cpython-39/grpc/framework/foundation
2022-12-27T02:57:35.2180130Z   creating python_build/lib.macosx-11.0-arm64-cpython-39/grpc/framework/common
2022-12-27T02:57:35.2182070Z   copying src/python/grpcio/grpc/framework/common/style.py -> python_build/lib.macosx-11.0-arm64-cpython-39/grpc/framework/common
2022-12-27T02:57:35.2184380Z   copying src/python/grpcio/grpc/framework/common/cardinality.py -> python_build/lib.macosx-11.0-arm64-cpython-39/grpc/framework/common
2022-12-27T02:57:35.2187290Z   copying src/python/grpcio/grpc/framework/common/__init__.py -> python_build/lib.macosx-11.0-arm64-cpython-39/grpc/framework/common
2022-12-27T02:57:35.2191920Z   creating python_build/lib.macosx-11.0-arm64-cpython-39/grpc/framework/interfaces
2022-12-27T02:57:35.2194130Z   copying src/python/grpcio/grpc/framework/interfaces/__init__.py -> python_build/lib.macosx-11.0-arm64-cpython-39/grpc/framework/interfaces
2022-12-27T02:57:35.2198970Z   creating python_build/lib.macosx-11.0-arm64-cpython-39/grpc/framework/interfaces/face
2022-12-27T02:57:35.2200850Z   copying src/python/grpcio/grpc/framework/interfaces/face/__init__.py -> python_build/lib.macosx-11.0-arm64-cpython-39/grpc/framework/interfaces/face
2022-12-27T02:57:35.2203960Z   copying src/python/grpcio/grpc/framework/interfaces/face/utilities.py -> python_build/lib.macosx-11.0-arm64-cpython-39/grpc/framework/interfaces/face
2022-12-27T02:57:35.2205920Z   copying src/python/grpcio/grpc/framework/interfaces/face/face.py -> python_build/lib.macosx-11.0-arm64-cpython-39/grpc/framework/interfaces/face
2022-12-27T02:57:35.2211710Z   creating python_build/lib.macosx-11.0-arm64-cpython-39/grpc/framework/interfaces/base
2022-12-27T02:57:35.2213610Z   copying src/python/grpcio/grpc/framework/interfaces/base/__init__.py -> python_build/lib.macosx-11.0-arm64-cpython-39/grpc/framework/interfaces/base
2022-12-27T02:57:35.2216310Z   copying src/python/grpcio/grpc/framework/interfaces/base/utilities.py -> python_build/lib.macosx-11.0-arm64-cpython-39/grpc/framework/interfaces/base
2022-12-27T02:57:35.2219290Z   copying src/python/grpcio/grpc/framework/interfaces/base/base.py -> python_build/lib.macosx-11.0-arm64-cpython-39/grpc/framework/interfaces/base
2022-12-27T02:57:35.2224370Z   creating python_build/lib.macosx-11.0-arm64-cpython-39/grpc/_cython/_cygrpc
2022-12-27T02:57:35.2226130Z   copying src/python/grpcio/grpc/_cython/_cygrpc/__init__.py -> python_build/lib.macosx-11.0-arm64-cpython-39/grpc/_cython/_cygrpc
2022-12-27T02:57:35.2231480Z   creating python_build/lib.macosx-11.0-arm64-cpython-39/grpc/_cython/_credentials
2022-12-27T02:57:35.2233400Z   copying src/python/grpcio/grpc/_cython/_credentials/roots.pem -> python_build/lib.macosx-11.0-arm64-cpython-39/grpc/_cython/_credentials
2022-12-27T02:57:35.2259380Z   running build_ext
2022-12-27T02:57:38.5336970Z   b'[C]       Compiling third_party/cares/cares/ares__close_sockets.c\n[C]       Compiling third_party/cares/cares/ares__get_hostent.c\n[C]       Compiling third_party/cares/cares/ares__read_line.c\n[C]       Compiling third_party/cares/cares/ares__timeval.c\n[C]       Compiling third_party/cares/cares/ares_cancel.c\n[C]       Compiling third_party/cares/cares/ares_create_query.c\n[C]       Compiling third_party/cares/cares/ares_data.c\n[C]       Compiling third_party/cares/cares/ares_destroy.c\n[C]       Compiling third_party/cares/cares/ares_expand_name.c\n[C]       Compiling third_party/cares/cares/ares_expand_string.c\n[C]       Compiling third_party/cares/cares/ares_fds.c\n[C]       Compiling third_party/cares/cares/ares_free_hostent.c\n[C]       Compiling third_party/cares/cares/ares_free_string.c\n[C]       Compiling third_party/cares/cares/ares_getenv.c\n[C]       Compiling third_party/cares/cares/ares_gethostbyaddr.c\n[C]       Compiling third_party/cares/cares/ares_gethostbyname.c\n[C]       Compiling third_party/cares/cares/ares_getnameinfo.c\n[C]       Compiling third_party/cares/cares/ares_getopt.c\n[C]       Compiling third_party/cares/cares/ares_getsock.c\n[C]       Compiling third_party/cares/cares/ares_init.c\n[C]       Compiling third_party/cares/cares/ares_library_init.c\n[C]       Compiling third_party/cares/cares/ares_llist.c\n[C]       Compiling third_party/cares/cares/ares_mkquery.c\n[C]       Compiling third_party/cares/cares/ares_nowarn.c\n[C]       Compiling third_party/cares/cares/ares_options.c\n[C]       Compiling third_party/cares/cares/ares_parse_a_reply.c\n[C]       Compiling third_party/cares/cares/ares_parse_aaaa_reply.c\n[C]       Compiling third_party/cares/cares/ares_parse_mx_reply.c\n[C]       Compiling third_party/cares/cares/ares_parse_naptr_reply.c\n[C]       Compiling third_party/cares/cares/ares_parse_ns_reply.c\n[C]       Compiling third_party/cares/cares/ares_parse_ptr_reply.c\n[C]       Compiling third_party/cares/cares/ares_parse_soa_reply.c\n[C]       Compiling third_party/cares/cares/ares_parse_srv_reply.c\n[C]       Compiling third_party/cares/cares/ares_parse_txt_reply.c\n[C]       Compiling third_party/cares/cares/ares_platform.c\n[C]       Compiling third_party/cares/cares/ares_process.c\n[C]       Compiling third_party/cares/cares/ares_query.c\n[C]       Compiling third_party/cares/cares/ares_search.c\n[C]       Compiling third_party/cares/cares/ares_send.c\n[C]       Compiling third_party/cares/cares/ares_strcasecmp.c\n[C]       Compiling third_party/cares/cares/ares_strdup.c\n[C]       Compiling third_party/cares/cares/ares_strerror.c\n[C]       Compiling third_party/cares/cares/ares_timeout.c\n[C]       Compiling third_party/cares/cares/ares_version.c\n[C]       Compiling third_party/cares/cares/ares_writev.c\n[C]       Compiling third_party/cares/cares/bitncmp.c\n[C]       Compiling third_party/cares/cares/inet_net_pton.c\n[C]       Compiling third_party/cares/cares/inet_ntop.c\n[C]       Compiling third_party/cares/cares/windows_port.c\n[C]       Compiling third_party/zlib/adler32.c\n[C]       Compiling third_party/zlib/compress.c\n[C]       Compiling third_party/zlib/deflate.c\n[C]       Compiling third_party/zlib/crc32.c\n[C]       Compiling third_party/zlib/gzclose.c\n[C]       Compiling third_party/zlib/gzlib.c\n[C]       Compiling third_party/zlib/gzread.c\n[C]       Compiling third_party/zlib/gzwrite.c\n[C]       Compiling third_party/zlib/infback.c\n[C]       Compiling third_party/zlib/inffast.c\n[C]       Compiling third_party/zlib/inflate.c\n[C]       Compiling third_party/zlib/inftrees.c\n[C]       Compiling third_party/zlib/trees.c\n[C]       Compiling third_party/zlib/uncompr.c\n[C]       Compiling third_party/zlib/zutil.c\n[C]       Compiling src/boringssl/err_data.c\n[C]       Compiling third_party/boringssl/crypto/aes/aes.c\n[C]       Compiling third_party/boringssl/crypto/aes/key_wrap.c\n[C]       Compiling third_party/boringssl/crypto/aes/mode_wrappers.c\n[C]       Compiling third_party/boringssl/crypto/asn1/a_bitstr.c\n'
2022-12-27T02:57:38.5383780Z   b"make: Circular /Users/runner/actions-runner/_work/python.build/python.build/build_grpcio17039/grpcio-1.7.0/libs/opt/libares.a <- /Users/runner/actions-runner/_work/python.build/python.build/build_grpcio17039/grpcio-1.7.0/libs/opt/libz.a dependency dropped.\nIn file included from src/boringssl/err_data.c:17:\nthird_party/boringssl/include/openssl/base.h:133:9: error: 'OPENSSL_VERSION_NUMBER' macro redefined [-Werror,-Wmacro-redefined]\n#define OPENSSL_VERSION_NUMBER 0x100020af\n        ^\n/usr/local/opt/openssl@3/include/openssl/opensslv.h:99:10: note: previous definition is here\n# define OPENSSL_VERSION_NUMBER          \\\n         ^\nIn file included from src/boringssl/err_data.c:18:\nIn file included from /usr/local/opt/openssl@3/include/openssl/err.h:21:\n/usr/local/opt/openssl@3/include/openssl/e_os2.h:183:11: error: 'OPENSSL_EXPORT' macro redefined [-Werror,-Wmacro-redefined]\n#  define OPENSSL_EXPORT extern\n          ^\nthird_party/boringssl/include/openssl/base.h:168:9: note: previous definition is here\n#define OPENSSL_EXPORT\n        ^\nIn file included from src/boringssl/err_data.c:18:\nIn file included from /usr/local/opt/openssl@3/include/openssl/err.h:28:\nIn file included from /usr/local/opt/openssl@3/include/openssl/types.h:21:\n/usr/local/opt/openssl@3/include/openssl/safestack.h:264:15: error: redefinition of typedef 'OPENSSL_BLOCK' is a C11 feature [-Werror,-Wtypedef-redefinition]\ntypedef void *OPENSSL_BLOCK;\n              ^\nthird_party/boringssl/include/openssl/base.h:322:15: note: previous definition is here\ntypedef void *OPENSSL_BLOCK;\n              ^\nIn file included from src/boringssl/err_data.c:18:\nIn file included from /usr/local/opt/openssl@3/include/openssl/err.h:28:\n/usr/local/opt/openssl@3/include/openssl/types.h:45:31: error: redefinition of typedef 'ASN1_INTEGER' is a C11 feature [-Werror,-Wtypedef-redefinition]\ntypedef struct asn1_string_st ASN1_INTEGER;\n                              ^\nthird_party/boringssl/include/openssl/base.h:215:31: note: previous definition is here\ntypedef struct asn1_string_st ASN1_INTEGER;\n                              ^\nIn file included from src/boringssl/err_data.c:18:\nIn file included from /usr/local/opt/openssl@3/include/openssl/err.h:28:\n/usr/local/opt/openssl@3/include/openssl/types.h:46:31: error: redefinition of typedef 'ASN1_ENUMERATED' is a C11 feature [-Werror,-Wtypedef-redefinition]\ntypedef struct asn1_string_st ASN1_ENUMERATED;\n                              ^\nthird_party/boringssl/include/openssl/base.h:211:31: note: previous definition is here\ntypedef struct asn1_string_st ASN1_ENUMERATED;\n                              ^\nIn file included from src/boringssl/err_data.c:18:\nIn file included from /usr/local/opt/openssl@3/include/openssl/err.h:28:\n/usr/local/opt/openssl@3/include/openssl/types.h:47:31: error: redefinition of typedef 'ASN1_BIT_STRING' is a C11 feature [-Werror,-Wtypedef-redefinition]\ntypedef struct asn1_string_st ASN1_BIT_STRING;\n                              ^\nthird_party/boringssl/include/openssl/base.h:209:31: note: previous definition is here\ntypedef struct asn1_string_st ASN1_BIT_STRING;\n                              ^\nIn file included from src/boringssl/err_data.c:18:\nIn file included from /usr/local/opt/openssl@3/include/openssl/err.h:28:\n/usr/local/opt/openssl@3/include/openssl/types.h:48:31: error: redefinition of typedef 'ASN1_OCTET_STRING' is a C11 feature [-Werror,-Wtypedef-redefinition]\ntypedef struct asn1_string_st ASN1_OCTET_STRING;\n                              ^\nthird_party/boringssl/include/openssl/base.h:216:31: note: previous definition is here\ntypedef struct asn1_string_st ASN1_OCTET_STRING;\n                              ^\nIn file included from src/boringssl/err_data.c:18:\nIn file included from /usr/local/opt/openssl@3/include/openssl/err.h:28:\n/usr/local/opt/openssl@3/include/openssl/types.h:49:31: error: redefinition of typedef 'ASN1_PRINTABLESTRING' is a C11 feature [-Werror,-Wtypedef-redefinition]\ntypedef struct asn1_string_st ASN1_PRINTABLESTRING;\n                              ^\nthird_party/boringssl/include/openssl/base.h:217:31: note: previous definition is here\ntypedef struct asn1_string_st ASN1_PRINTABLESTRING;\n                              ^\nIn file included from src/boringssl/err_data.c:18:\nIn file included from /usr/local/opt/openssl@3/include/openssl/err.h:28:\n/usr/local/opt/openssl@3/include/openssl/types.h:50:31: error: redefinition of typedef 'ASN1_T61STRING' is a C11 feature [-Werror,-Wtypedef-redefinition]\ntypedef struct asn1_string_st ASN1_T61STRING;\n                              ^\nthird_party/boringssl/include/openssl/base.h:219:31: note: previous definition is here\ntypedef struct asn1_string_st ASN1_T61STRING;\n                              ^\nIn file included from src/boringssl/err_data.c:18:\nIn file included from /usr/local/opt/openssl@3/include/openssl/err.h:28:\n/usr/local/opt/openssl@3/include/openssl/types.h:51:31: error: redefinition of typedef 'ASN1_IA5STRING' is a C11 feature [-Werror,-Wtypedef-redefinition]\ntypedef struct asn1_string_st ASN1_IA5STRING;\n                              ^\nthird_party/boringssl/include/openssl/base.h:214:31: note: previous definition is here\ntypedef struct asn1_string_st ASN1_IA5STRING;\n                              ^\nIn file included from src/boringssl/err_data.c:18:\nIn file included from /usr/local/opt/openssl@3/include/openssl/err.h:28:\n/usr/local/opt/openssl@3/include/openssl/types.h:52:31: error: redefinition of typedef 'ASN1_GENERALSTRING' is a C11 feature [-Werror,-Wtypedef-redefinition]\ntypedef struct asn1_string_st ASN1_GENERALSTRING;\n                              ^\nthird_party/boringssl/include/openssl/base.h:213:31: note: previous definition is here\ntypedef struct asn1_string_st ASN1_GENERALSTRING;\n                              ^\nIn file included from src/boringssl/err_data.c:18:\nIn file included from /usr/local/opt/openssl@3/include/openssl/err.h:28:\n/usr/local/opt/openssl@3/include/openssl/types.h:53:31: error: redefinition of typedef 'ASN1_UNIVERSALSTRING' is a C11 feature [-Werror,-Wtypedef-redefinition]\ntypedef struct asn1_string_st ASN1_UNIVERSALSTRING;\n                              ^\nthird_party/boringssl/include/openssl/base.h:221:31: note: previous definition is here\ntypedef struct asn1_string_st ASN1_UNIVERSALSTRING;\n                              ^\nIn file included from src/boringssl/err_data.c:18:\nIn file included from /usr/local/opt/openssl@3/include/openssl/err.h:28:\n/usr/local/opt/openssl@3/include/openssl/types.h:54:31: error: redefinition of typedef 'ASN1_BMPSTRING' is a C11 feature [-Werror,-Wtypedef-redefinition]\ntypedef struct asn1_string_st ASN1_BMPSTRING;\n                              ^\nthird_party/boringssl/include/openssl/base.h:210:31: note: previous definition is here\ntypedef struct asn1_string_st ASN1_BMPSTRING;\n                              ^\nIn file included from src/boringssl/err_data.c:18:\nIn file included from /usr/local/opt/openssl@3/include/openssl/err.h:28:\n/usr/local/opt/openssl@3/include/openssl/types.h:55:31: error: redefinition of typedef 'ASN1_UTCTIME' is a C11 feature [-Werror,-Wtypedef-redefinition]\ntypedef struct asn1_string_st ASN1_UTCTIME;\n                              ^\nthird_party/boringssl/include/openssl/base.h:222:31: note: previous definition is here\ntypedef struct asn1_string_st ASN1_UTCTIME;\n                              ^\nIn file included from src/boringssl/err_data.c:18:\nIn file included from /usr/local/opt/openssl@3/include/openssl/err.h:28:\n/usr/local/opt/openssl@3/include/openssl/types.h:56:31: error: redefinition of typedef 'ASN1_TIME' is a C11 feature [-Werror,-Wtypedef-redefinition]\ntypedef struct asn1_string_st ASN1_TIME;\n                              ^\nthird_party/boringssl/include/openssl/base.h:220:31: note: previous definition is here\ntypedef struct asn1_string_st ASN1_TIME;\n                              ^\nIn file included from src/boringssl/err_data.c:18:\nIn file included from /usr/local/opt/openssl@3/include/openssl/err.h:28:\n/usr/local/opt/openssl@3/include/openssl/types.h:57:31: error: redefinition of typedef 'ASN1_GENERALIZEDTIME' is a C11 feature [-Werror,-Wtypedef-redefinition]\ntypedef struct asn1_string_st ASN1_GENERALIZEDTIME;\n                              ^\nthird_party/boringssl/include/openssl/base.h:212:31: note: previous definition is here\ntypedef struct asn1_string_st ASN1_GENERALIZEDTIME;\n                              ^\nIn file included from src/boringssl/err_data.c:18:\nIn file included from /usr/local/opt/openssl@3/include/openssl/err.h:28:\n/usr/local/opt/openssl@3/include/openssl/types.h:58:31: error: redefinition of typedef 'ASN1_VISIBLESTRING' is a C11 feature [-Werror,-Wtypedef-redefinition]\ntypedef struct asn1_string_st ASN1_VISIBLESTRING;\n                              ^\nthird_party/boringssl/include/openssl/base.h:224:31: note: previous definition is here\ntypedef struct asn1_string_st ASN1_VISIBLESTRING;\n                              ^\nIn file included from src/boringssl/err_data.c:18:\nIn file included from /usr/local/opt/openssl@3/include/openssl/err.h:28:\n/usr/local/opt/openssl@3/include/openssl/types.h:59:31: error: redefinition of typedef 'ASN1_UTF8STRING' is a C11 feature [-Werror,-Wtypedef-redefinition]\ntypedef struct asn1_string_st ASN1_UTF8STRING;\n                              ^\nthird_party/boringssl/include/openssl/base.h:223:31: note: previous definition is here\ntypedef struct asn1_string_st ASN1_UTF8STRING;\n                              ^\nIn file included from src/boringssl/err_data.c:18:\nIn file included from /usr/local/opt/openssl@3/include/openssl/err.h:28:\n/usr/local/opt/openssl@3/include/openssl/types.h:60:31: error: redefinition of typedef 'ASN1_STRING' is a C11 feature [-Werror,-Wtypedef-redefinition]\ntypedef struct asn1_string_st ASN1_STRING;\n                              ^\nthird_party/boringssl/include/openssl/base.h:218:31: note: previous definition is here\ntypedef struct asn1_string_st ASN1_STRING;\n                              ^\nfatal error: too many errors emitted, stopping now [-ferror-limit=]\nIn file included from third_party/boringssl/crypto/aes/aes.c:54:\nIn file included from third_party/boringssl/include/openssl/cpu.h:64:\nthird_party/boringssl/include/openssl/base.h:133:9: error: 'OPENSSL_VERSION_NUMBER' macro redefined [-Werror,-Wmacro-redefined]\n#define OPENSSL_VERSION_NUMBER 0x100020af\n        ^\n/usr/local/opt/openssl@3/include/openssl/opensslv.h:99:10: note: previous definition is here\n# define OPENSSL_VERSION_NUMBER          \\\n         ^\nthird_party/boringssl/crypto/aes/aes.c:537:5: error: conflicting types for 'AES_set_encrypt_key'\nint AES_set_encrypt_key(const uint8_t *key, unsigned bits, AES_KEY *aeskey) {\n    ^\n/usr/local/opt/openssl@3/include/openssl/aes.h:51:5: note: previous declaration is here\nint AES_set_encrypt_key(const unsigned char *userKey, const int bits,\n    ^\nthird_party/boringssl/crypto/aes/aes.c:632:5: error: conflicting types for 'AES_set_decrypt_key'\nint AES_set_decrypt_key(const uint8_t *key, unsigned bits, AES_KEY *aeskey) {\n    ^\n/usr/local/opt/openssl@3/include/openssl/aes.h:54:5: note: previous declaration is here\nint AES_set_decrypt_key(const unsigned char *userKey, const int bits,\n    ^\nthird_party/boringssl/crypto/aes/aes.c:638:12: error: 'AES_set_encrypt_key' is deprecated [-Werror,-Wdeprecated-declarations]\n  status = AES_set_encrypt_key(key, bits, aeskey);\n           ^\n/usr/local/opt/openssl@3/include/openssl/aes.h:50:1: note: 'AES_set_encrypt_key' has been explicitly marked deprecated here\nOSSL_DEPRECATEDIN_3_0\n^\n/usr/local/opt/openssl@3/include/openssl/macros.h:182:49: note: expanded from macro 'OSSL_DEPRECATEDIN_3_0'\n#   define OSSL_DEPRECATEDIN_3_0                OSSL_DEPRECATED(3.0)\n                                                ^\n/usr/local/opt/openssl@3/include/openssl/macros.h:62:52: note: expanded from macro 'OSSL_DEPRECATED'\n#     define OSSL_DEPRECATED(since) __attribute__((deprecated))\n                                                   ^\n4 errors generated.\nmake: *** [/Users/runner/actions-runner/_work/python.build/python.build/build_grpcio17039/grpcio-1.7.0/objs/opt/third_party/boringssl/crypto/aes/aes.o] Error 1\nmake: *** Waiting for unfinished jobs....\n20 errors generated.\nmake: *** [/Users/runner/actions-runner/_work/python.build/python.build/build_grpcio17039/grpcio-1.7.0/objs/opt/src/boringssl/err_data.o] Error 1\nIn file included from third_party/boringssl/crypto/aes/mode_wrappers.c:53:\nIn file included from third_party/boringssl/crypto/aes/../modes/internal.h:52:\nthird_party/boringssl/include/openssl/base.h:133:9: error: 'OPENSSL_VERSION_NUMBER' macro redefined [-Werror,-Wmacro-redefined]\n#define OPENSSL_VERSION_NUMBER 0x100020af\n        ^\n/usr/local/opt/openssl@3/include/openssl/opensslv.h:99:10: noteIn file included from third_party/boringssl/crypto/aes/key_wrap.c:54:\nIn file included from third_party/boringssl/include/openssl/mem.h:60:\nthird_party/boringssl/include/openssl/base.h:133:9: : previous definition is here\nerror: 'OPENSSL_VERSION_NUMBER' macro redefined [-Werror,-Wmacro-redefined]\n# define OPENSSL_VERSION_NUMBER          \\\n         ^\n#define OPENSSL_VERSION_NUMBER 0x100020af\n        ^\n/usr/local/opt/openssl@3/include/openssl/opensslv.h:99:10: note: previous definition is here\n# define OPENSSL_VERSION_NUMBER          \\\n         ^\nIn file included from third_party/boringssl/crypto/aes/mode_wrappers.c:53:\nIn file included from third_party/boringssl/crypto/aes/../modes/internal.h:56:\nIn file included from third_party/boringssl/crypto/aes/../modes/../internal.h:112:\nthird_party/boringssl/include/openssl/ex_data.h:205:3: error: type name requires a specifier or qualifier\n  STACK_OF(void) *sk;\n  ^\nthird_party/boringssl/include/openssl/ex_data.h:205:17: error: expected ';' at end of declaration list\n  STACK_OF(void) *sk;\n                ^\n                ;\nIn file included from third_party/boringssl/crypto/aes/key_wrap.c:56:\nIn file included from third_party/boringssl/crypto/aes/../internal.h:112:\nthird_party/boringssl/include/openssl/ex_data.h:205:3: error: type name requires a specifier or qualifier\n  STACK_OF(void) *sk;\n  ^\nthird_party/boringssl/include/openssl/ex_data.h:205:17: error: expected ';' at end of declaration list\n  STACK_OF(void) *sk;\n                ^\n                ;\nIn file included from third_party/boringssl/crypto/aes/mode_wrappers.c:53:\nIn file included from third_party/boringssl/crypto/aes/../modes/internal.h:56:\nthird_party/boringssl/crypto/aes/../modes/../internal.h:481:3: error: type name requires a specifier or qualifier\n  STACK_OF(CRYPTO_EX_DATA_FUNCS) *meth;\n  ^\nthird_party/boringssl/crypto/aes/../modes/../internal.h:481:33: error: expected ';' at end of declaration list\n  STACK_OF(CRYPTO_EX_DATA_FUNCS) *meth;\n                                ^\n                                ;\nthird_party/boringssl/crypto/aes/mode_wrappers.c:60:37: error: 'AES_encrypt' is deprecated [-Werror,-Wdeprecated-declarations]\n                        (block128_f)AES_encrypt);\n                                    ^\n/usr/local/opt/openssl@3/include/openssl/aes.h:56:1: note: 'AES_encrypt' has been explicitly marked deprecated here\nOSSL_DEPRECATEDIN_3_0\n^\n/usr/local/opt/openssl@3/include/openssl/macros.h:182:49: note: expanded from macro 'OSSL_DEPRECATEDIN_3_0'\n#   define OSSL_DEPRECATEDIN_3_0                OSSL_DEPRECATED(3.0)\n                                                ^\n/usr/local/opt/openssl@3/include/openssl/macros.h:62:52: note: expanded from macro 'OSSL_DEPRECATED'\n#     define OSSL_DEPRECATED(since) __attribute__((deprecated))\n                                                   ^\n6 errors generated.\nIn file included from third_party/boringssl/crypto/aes/key_wrap.c:56:\nthird_party/boringssl/crypto/aes/../internal.h:481:3: error: type name requires a specifier or qualifier\n  STACK_OF(CRYPTO_EX_DATA_FUNCS) *meth;\n  ^\nthird_party/boringssl/crypto/aes/../internal.h:481:33: error: expected ';' at end of declaration list\n  STACK_OF(CRYPTO_EX_DATA_FUNCS) *meth;\n                                ^\n                                ;\nthird_party/boringssl/crypto/aes/key_wrap.c:66:5: error: conflicting types for 'AES_wrap_key'\nint AES_wrap_key(const AES_KEY *key, const uint8_t *iv, uint8_t *out,\n    ^\n/usr/local/opt/openssl@3/include/openssl/aes.h:97:5: note: previous declaration is here\nint AES_wrap_key(AES_KEY *key, const unsigned char *iv,\n    ^\nthird_party/boringssl/crypto/aes/key_wrap.c:87:7: error: 'AES_encrypt' is deprecated [-Werror,-Wdeprecated-declarations]\n      AES_encrypt(A, A, key);\n      ^\n/usr/local/opt/openssl@3/include/openssl/aes.h:56:1: note: 'AES_encrypt' has been explicitly marked deprecated here\nOSSL_DEPRECATEDIN_3_0\n^\n/usr/local/opt/openssl@3/include/openssl/macros.h:182:49: note: expanded from macro 'OSSL_DEPRECATEDIN_3_0'\n#   define OSSL_DEPRECATEDIN_3_0                OSSL_DEPRECATED(3.0)\n                                                ^\n/usr/local/opt/openssl@3/include/openssl/macros.h:62:52: note: expanded from macro 'OSSL_DEPRECATED'\n#     define OSSL_DEPRECATED(since) __attribute__((deprecated))\n                                                   ^\nthird_party/boringssl/crypto/aes/key_wrap.c:102:5: error: conflicting types for 'AES_unwrap_key'\nint AES_unwrap_key(const AES_KEY *key, const uint8_t *iv, uint8_t *out,\n    ^\n/usr/local/opt/openssl@3/include/openssl/aes.h:101:5: note: previous declaration is here\nmake: *** [/Users/runner/actions-runner/_work/python.build/python.build/build_grpcio17039/grpcio-1.7.0/objs/opt/third_party/boringssl/crypto/aes/mode_wrappers.o] Error 1\nint AES_unwrap_key(AES_KEY *key, const unsigned char *iv,\n    ^\nthird_party/boringssl/crypto/aes/key_wrap.c:128:7: error: 'AES_decrypt' is deprecated [-Werror,-Wdeprecated-declarations]\n      AES_decrypt(A, A, key);\n      ^\n/usr/local/opt/openssl@3/include/openssl/aes.h:59:1: note: 'AES_decrypt' has been explicitly marked deprecated here\nOSSL_DEPRECATEDIN_3_0\n^\n/usr/local/opt/openssl@3/include/openssl/macros.h:182:49: note: expanded from macro 'OSSL_DEPRECATEDIN_3_0'\n#   define OSSL_DEPRECATEDIN_3_0                OSSL_DEPRECATED(3.0)\n                                                ^\n/usr/local/opt/openssl@3/include/openssl/macros.h:62:52: note: expanded from macro 'OSSL_DEPRECATED'\n#     define OSSL_DEPRECATED(since) __attribute__((deprecated))\n                                                   ^\n9 errors generated.\nmake: *** [/Users/runner/actions-runner/_work/python.build/python.build/build_grpcio17039/grpcio-1.7.0/objs/opt/third_party/boringssl/crypto/aes/key_wrap.o] Error 1\nIn file included from third_party/boringssl/crypto/asn1/a_bitstr.c:62:\nIn file included from third_party/boringssl/include/openssl/mem.h:60:\nthird_party/boringssl/include/openssl/base.h:133:9: error: 'OPENSSL_VERSION_NUMBER' macro redefined [-Werror,-Wmacro-redefined]\n#define OPENSSL_VERSION_NUMBER 0x100020af\n        ^\n/usr/local/opt/openssl@3/include/openssl/opensslv.h:99:10: note: previous definition is here\n# define OPENSSL_VERSION_NUMBER          \\\n         ^\nIn file included from third_party/boringssl/crypto/asn1/a_bitstr.c:62:\nIn file included from third_party/boringssl/include/openssl/mem.h:60:\nthird_party/boringssl/include/openssl/base.h:168:9: error: 'OPENSSL_EXPORT' macro redefined [-Werror,-Wmacro-redefined]\n#define OPENSSL_EXPORT\n        ^\n/usr/local/opt/openssl@3/include/openssl/e_os2.h:183:11: note: previous definition is here\n#  define OPENSSL_EXPORT extern\n          ^\nIn file included from third_party/boringssl/crypto/asn1/a_bitstr.c:62:\nIn file included from third_party/boringssl/include/openssl/mem.h:60:\nthird_party/boringssl/include/openssl/base.h:202:13: error: typedef redefinition with different types ('int' vs 'struct crypto_threadid_st')\ntypedef int CRYPTO_THREADID;\n            ^\n/usr/local/opt/openssl@3/include/openssl/crypto.h:308:3: note: previous definition is here\n} CRYPTO_THREADID;\n  ^\nIn file included from third_party/boringssl/crypto/asn1/a_bitstr.c:62:\nIn file included from third_party/boringssl/include/openssl/mem.h:60:\nthird_party/boringssl/include/openssl/base.h:204:13: error: redefinition of typedef 'ASN1_BOOLEAN' is a C11 feature [-Werror,-Wtypedef-redefinition]\ntypedef int ASN1_BOOLEAN;\n            ^\n/usr/local/opt/openssl@3/include/openssl/types.h:61:13: note: previous definition is here\ntypedef int ASN1_BOOLEAN;\n            ^\nIn file included from third_party/boringssl/crypto/asn1/a_bitstr.c:62:\nIn file included from third_party/boringssl/include/openssl/mem.h:60:\nthird_party/boringssl/include/openssl/base.h:205:13: error: redefinition of typedef 'ASN1_NULL' is a C11 feature [-Werror,-Wtypedef-redefinition]\ntypedef int ASN1_NULL;\n            ^\n/usr/local/opt/openssl@3/include/openssl/types.h:62:13: note: previous definition is here\ntypedef int ASN1_NULL;\n            ^\nIn file included from third_party/boringssl/crypto/asn1/a_bitstr.c:62:\nIn file included from third_party/boringssl/include/openssl/mem.h:60:\nthird_party/boringssl/include/openssl/base.h:206:29: error: redefinition of typedef 'ASN1_ITEM' is a C11 feature [-Werror,-Wtypedef-redefinition]\ntypedef struct ASN1_ITEM_st ASN1_ITEM;\n                            ^\n/usr/local/opt/openssl@3/include/openssl/types.h:69:29: note: previous definition is here\ntypedef struct ASN1_ITEM_st ASN1_ITEM;\n                            ^\nIn file included from third_party/boringssl/crypto/asn1/a_bitstr.c:62:\nIn file included from third_party/boringssl/include/openssl/mem.h:60:\nthird_party/boringssl/include/openssl/base.h:207:31: error: redefinition of typedef 'ASN1_OBJECT' is a C11 feature [-Werror,-Wtypedef-redefinition]\ntypedef struct asn1_object_st ASN1_OBJECT;\n                              ^\n/usr/local/opt/openssl@3/include/openssl/types.h:66:31: note: previous definition is here\ntypedef struct asn1_object_st ASN1_OBJECT;\n                              ^\nIn file included from third_party/boringssl/crypto/asn1/a_bitstr.c:62:\nIn file included from third_party/boringssl/include/openssl/mem.h:60:\nthird_party/boringssl/include/openssl/base.h:208:29: error: redefinition of typedef 'ASN1_PCTX' is a C11 feature [-Werror,-Wtypedef-redefinition]\ntypedef struct asn1_pctx_st ASN1_PCTX;\n                            ^\n/usr/local/opt/openssl@3/include/openssl/types.h:70:29: note: previous definition is here\ntypedef struct asn1_pctx_st ASN1_PCTX;\n                            ^\nIn file included from third_party/boringssl/crypto/asn1/a_bitstr.c:62:\nIn file included from third_party/boringssl/include/openssl/mem.h:60:\nthird_party/boringssl/include/openssl/base.h:209:31: error: redefinition of typedef 'ASN1_BIT_STRING' is a C11 feature [-Werror,-Wtypedef-redefinition]\ntypedef struct asn1_string_st ASN1_BIT_STRING;\n                              ^\n/usr/local/opt/openssl@3/include/openssl/types.h:47:31: note: previous definition is here\ntypedef struct asn1_string_st ASN1_BIT_STRING;\n                              ^\nIn file included from third_party/boringssl/crypto/asn1/a_bitstr.c:62:\nIn file included from third_party/boringssl/include/openssl/mem.h:60:\nthird_party/boringssl/include/openssl/base.h:210:31: error: redefinition of typedef 'ASN1_BMPSTRING' is a C11 feature [-Werror,-Wtypedef-redefinition]\ntypedef struct asn1_string_st ASN1_BMPSTRING;\n                              ^\n/usr/local/opt/openssl@3/include/openssl/types.h:54:31: note: previous definition is here\ntypedef struct asn1_string_st ASN1_BMPSTRING;\n                              ^\nIn file included from third_party/boringssl/crypto/asn1/a_bitstr.c:62:\nIn file included from third_party/boringssl/include/openssl/mem.h:60:\nthird_party/boringssl/include/openssl/base.h:211:31: error: redefinition of typedef 'ASN1_ENUMERATED' is a C11 feature [-Werror,-Wtypedef-redefinition]\ntypedef struct asn1_string_st ASN1_ENUMERATED;\n                              ^\n/usr/local/opt/openssl@3/include/openssl/types.h:46:31: note: previous definition is here\ntypedef struct asn1_string_st ASN1_ENUMERATED;\n                              ^\nIn file included from third_party/boringssl/crypto/asn1/a_bitstr.c:62:\nIn file included from third_party/boringssl/include/openssl/mem.h:60:\nthird_party/boringssl/include/openssl/base.h:212:31: error: redefinition of typedef 'ASN1_GENERALIZEDTIME' is a C11 feature [-Werror,-Wtypedef-redefinition]\ntypedef struct asn1_string_st ASN1_GENERALIZEDTIME;\n                              ^\n/usr/local/opt/openssl@3/include/openssl/types.h:57:31: note: previous definition is here\ntypedef struct asn1_string_st ASN1_GENERALIZEDTIME;\n                              ^\nIn file included from third_party/boringssl/crypto/asn1/a_bitstr.c:62:\nIn file included from third_party/boringssl/include/openssl/mem.h:60:\nthird_party/boringssl/include/openssl/base.h:213:31: error: redefinition of typedef 'ASN1_GENERALSTRING' is a C11 feature [-Werror,-Wtypedef-redefinition]\ntypedef struct asn1_string_st ASN1_GENERALSTRING;\n                              ^\n/usr/local/opt/openssl@3/include/openssl/types.h:52:31: note: previous definition is here\ntypedef struct asn1_string_st ASN1_GENERALSTRING;\n                              ^\nIn file included from third_party/boringssl/crypto/asn1/a_bitstr.c:62:\nIn file included from third_party/boringssl/include/openssl/mem.h:60:\nthird_party/boringssl/include/openssl/base.h:214:31: error: redefinition of typedef 'ASN1_IA5STRING' is a C11 feature [-Werror,-Wtypedef-redefinition]\ntypedef struct asn1_string_st ASN1_IA5STRING;\n                              ^\n/usr/local/opt/openssl@3/include/openssl/types.h:51:31: note: previous definition is here\ntypedef struct asn1_string_st ASN1_IA5STRING;\n                              ^\nIn file included from third_party/boringssl/crypto/asn1/a_bitstr.c:62:\nIn file included from third_party/boringssl/include/openssl/mem.h:60:\nthird_party/boringssl/include/openssl/base.h:215:31: error: redefinition of typedef 'ASN1_INTEGER' is a C11 feature [-Werror,-Wtypedef-redefinition]\ntypedef struct asn1_string_st ASN1_INTEGER;\n                              ^\n/usr/local/opt/openssl@3/include/openssl/types.h:45:31: note: previous definition is here\ntypedef struct asn1_string_st ASN1_INTEGER;\n                              ^\nIn file included from third_party/boringssl/crypto/asn1/a_bitstr.c:62:\nIn file included from third_party/boringssl/include/openssl/mem.h:60:\nthird_party/boringssl/include/openssl/base.h:216:31: error: redefinition of typedef 'ASN1_OCTET_STRING' is a C11 feature [-Werror,-Wtypedef-redefinition]\ntypedef struct asn1_string_st ASN1_OCTET_STRING;\n                              ^\n/usr/local/opt/openssl@3/include/openssl/types.h:48:31: note: previous definition is here\ntypedef struct asn1_string_st ASN1_OCTET_STRING;\n                              ^\nIn file included from third_party/boringssl/crypto/asn1/a_bitstr.c:62:\nIn file included from third_party/boringssl/include/openssl/mem.h:60:\nthird_party/boringssl/include/openssl/base.h:217:31: error: redefinition of typedef 'ASN1_PRINTABLESTRING' is a C11 feature [-Werror,-Wtypedef-redefinition]\ntypedef struct asn1_string_st ASN1_PRINTABLESTRING;\n                              ^\n/usr/local/opt/openssl@3/include/openssl/types.h:49:31: note: previous definition is here\ntypedef struct asn1_string_st ASN1_PRINTABLESTRING;\n                              ^\nIn file included from third_party/boringssl/crypto/asn1/a_bitstr.c:62:\nIn file included from third_party/boringssl/include/openssl/mem.h:60:\nthird_party/boringssl/include/openssl/base.h:218:31: error: redefinition of typedef 'ASN1_STRING' is a C11 feature [-Werror,-Wtypedef-redefinition]\ntypedef struct asn1_string_st ASN1_STRING;\n                              ^\n/usr/local/opt/openssl@3/include/openssl/types.h:60:31: note: previous definition is here\ntypedef struct asn1_string_st ASN1_STRING;\n                              ^\nIn file included from third_party/boringssl/crypto/asn1/a_bitstr.c:62:\nIn file included from third_party/boringssl/include/openssl/mem.h:60:\nthird_party/boringssl/include/openssl/base.h:219:31: error: redefinition of typedef 'ASN1_T61STRING' is a C11 feature [-Werror,-Wtypedef-redefinition]\ntypedef struct asn1_string_st ASN1_T61STRING;\n                              ^\n/usr/local/opt/openssl@3/include/openssl/types.h:50:31: note: previous definition is here\ntypedef struct asn1_string_st ASN1_T61STRING;\n                              ^\nfatal error: too many errors emitted, stopping now [-ferror-limit=]\n20 errors generated.\nmake: *** [/Users/runner/actions-runner/_work/python.build/python.build/build_grpcio17039/grpcio-1.7.0/objs/opt/third_party/boringssl/crypto/asn1/a_bitstr.o] Error 1\n"
2022-12-27T02:57:38.5468990Z   Traceback (most recent call last):
2022-12-27T02:57:38.5474420Z     File "<string>", line 2, in <module>
2022-12-27T02:57:38.5474960Z     File "<pip-setuptools-caller>", line 34, in <module>
2022-12-27T02:57:38.5475480Z     File "/Users/runner/actions-runner/_work/python.build/python.build/build_grpcio17039/grpcio-1.7.0/setup.py", line 289, in <module>
2022-12-27T02:57:38.5475740Z       setuptools.setup(
2022-12-27T02:57:38.5476170Z     File "/private/var/folders/51/hd414ycd67n82196sw51xqtc0000gn/T/cibw-run-7rjbctl9/cp39-macosx_arm64/build/venv/lib/python3.9/site-packages/setuptools/__init__.py", line 87, in setup
2022-12-27T02:57:38.5476460Z       return distutils.core.setup(**attrs)
2022-12-27T02:57:38.5477280Z     File "/private/var/folders/51/hd414ycd67n82196sw51xqtc0000gn/T/cibw-run-7rjbctl9/cp39-macosx_arm64/build/venv/lib/python3.9/site-packages/setuptools/_distutils/core.py", line 185, in setup
2022-12-27T02:57:38.5477620Z       return run_commands(dist)
2022-12-27T02:57:38.5478090Z     File "/private/var/folders/51/hd414ycd67n82196sw51xqtc0000gn/T/cibw-run-7rjbctl9/cp39-macosx_arm64/build/venv/lib/python3.9/site-packages/setuptools/_distutils/core.py", line 201, in run_commands
2022-12-27T02:57:38.5478390Z       dist.run_commands()
2022-12-27T02:57:38.5478860Z     File "/private/var/folders/51/hd414ycd67n82196sw51xqtc0000gn/T/cibw-run-7rjbctl9/cp39-macosx_arm64/build/venv/lib/python3.9/site-packages/setuptools/_distutils/dist.py", line 969, in run_commands
2022-12-27T02:57:38.5479130Z       self.run_command(cmd)
2022-12-27T02:57:38.5479540Z     File "/private/var/folders/51/hd414ycd67n82196sw51xqtc0000gn/T/cibw-run-7rjbctl9/cp39-macosx_arm64/build/venv/lib/python3.9/site-packages/setuptools/dist.py", line 1208, in run_command
2022-12-27T02:57:38.5479840Z       super().run_command(command)
2022-12-27T02:57:38.5480270Z     File "/private/var/folders/51/hd414ycd67n82196sw51xqtc0000gn/T/cibw-run-7rjbctl9/cp39-macosx_arm64/build/venv/lib/python3.9/site-packages/setuptools/_distutils/dist.py", line 988, in run_command
2022-12-27T02:57:38.5480550Z       cmd_obj.run()
2022-12-27T02:57:38.5480930Z     File "/private/var/folders/51/hd414ycd67n82196sw51xqtc0000gn/T/cibw-run-7rjbctl9/cp39-macosx_arm64/build/venv/lib/python3.9/site-packages/wheel/bdist_wheel.py", line 325, in run
2022-12-27T02:57:38.5481210Z       self.run_command("build")
2022-12-27T02:57:38.5481620Z     File "/private/var/folders/51/hd414ycd67n82196sw51xqtc0000gn/T/cibw-run-7rjbctl9/cp39-macosx_arm64/build/venv/lib/python3.9/site-packages/setuptools/_distutils/cmd.py", line 318, in run_command
2022-12-27T02:57:38.5481930Z       self.distribution.run_command(command)
2022-12-27T02:57:38.5482590Z     File "/private/var/folders/51/hd414ycd67n82196sw51xqtc0000gn/T/cibw-run-7rjbctl9/cp39-macosx_arm64/build/venv/lib/python3.9/site-packages/setuptools/dist.py", line 1208, in run_command
2022-12-27T02:57:38.5482840Z       super().run_command(command)
2022-12-27T02:57:38.5483280Z     File "/private/var/folders/51/hd414ycd67n82196sw51xqtc0000gn/T/cibw-run-7rjbctl9/cp39-macosx_arm64/build/venv/lib/python3.9/site-packages/setuptools/_distutils/dist.py", line 988, in run_command
2022-12-27T02:57:38.5483560Z       cmd_obj.run()
2022-12-27T02:57:38.5484030Z     File "/private/var/folders/51/hd414ycd67n82196sw51xqtc0000gn/T/cibw-run-7rjbctl9/cp39-macosx_arm64/build/venv/lib/python3.9/site-packages/setuptools/_distutils/command/build.py", line 132, in run
2022-12-27T02:57:38.5484320Z       self.run_command(cmd_name)
2022-12-27T02:57:38.5484720Z     File "/private/var/folders/51/hd414ycd67n82196sw51xqtc0000gn/T/cibw-run-7rjbctl9/cp39-macosx_arm64/build/venv/lib/python3.9/site-packages/setuptools/_distutils/cmd.py", line 318, in run_command
2022-12-27T02:57:38.5485020Z       self.distribution.run_command(command)
2022-12-27T02:57:38.5485460Z     File "/private/var/folders/51/hd414ycd67n82196sw51xqtc0000gn/T/cibw-run-7rjbctl9/cp39-macosx_arm64/build/venv/lib/python3.9/site-packages/setuptools/dist.py", line 1208, in run_command
2022-12-27T02:57:38.5485730Z       super().run_command(command)
2022-12-27T02:57:38.5486130Z     File "/private/var/folders/51/hd414ycd67n82196sw51xqtc0000gn/T/cibw-run-7rjbctl9/cp39-macosx_arm64/build/venv/lib/python3.9/site-packages/setuptools/_distutils/dist.py", line 988, in run_command
2022-12-27T02:57:38.5486380Z       cmd_obj.run()
2022-12-27T02:57:38.5486790Z     File "/private/var/folders/51/hd414ycd67n82196sw51xqtc0000gn/T/cibw-run-7rjbctl9/cp39-macosx_arm64/build/venv/lib/python3.9/site-packages/setuptools/command/build_ext.py", line 84, in run
2022-12-27T02:57:38.5487050Z       _build_ext.run(self)
2022-12-27T02:57:38.5487590Z     File "/private/var/folders/51/hd414ycd67n82196sw51xqtc0000gn/T/cibw-run-7rjbctl9/cp39-macosx_arm64/build/venv/lib/python3.9/site-packages/Cython/Distutils/old_build_ext.py", line 186, in run
2022-12-27T02:57:38.5487920Z       _build_ext.build_ext.run(self)
2022-12-27T02:57:38.5488380Z     File "/private/var/folders/51/hd414ycd67n82196sw51xqtc0000gn/T/cibw-run-7rjbctl9/cp39-macosx_arm64/build/venv/lib/python3.9/site-packages/setuptools/_distutils/command/build_ext.py", line 346, in run
2022-12-27T02:57:38.5488660Z       self.build_extensions()
2022-12-27T02:57:38.5489060Z     File "/Users/runner/actions-runner/_work/python.build/python.build/build_grpcio17039/grpcio-1.7.0/src/python/grpcio/commands.py", line 276, in build_extensions
2022-12-27T02:57:38.5489360Z       raise Exception("make command failed!")
2022-12-27T02:57:38.5489550Z   Exception: make command failed!
2022-12-27T02:57:38.5830930Z   error: subprocess-exited-with-error
2022-12-27T02:57:38.5831300Z   
2022-12-27T02:57:38.5831850Z   Ã— python setup.py bdist_wheel did not run successfully.
2022-12-27T02:57:38.5832270Z   â”‚ exit code: 1
2022-12-27T02:57:38.5832680Z   â•°â”€> See above for output.
2022-12-27T02:57:38.5833000Z   
2022-12-27T02:57:38.5833360Z   note: This error originates from a subprocess, and is likely not a problem with pip.
2022-12-27T02:57:38.5840570Z   full command: /private/var/folders/51/hd414ycd67n82196sw51xqtc0000gn/T/cibw-run-7rjbctl9/cp39-macosx_arm64/build/venv/bin/python -u -c '
2022-12-27T02:57:38.5841020Z   exec(compile('"'"''"'"''"'"'
2022-12-27T02:57:38.5841520Z   # This is <pip-setuptools-caller> -- a caller that pip uses to run setup.py
2022-12-27T02:57:38.5841810Z   #
2022-12-27T02:57:38.5842320Z   # - It imports setuptools before invoking setup.py, to enable projects that directly
2022-12-27T02:57:38.5842750Z   #   import from `distutils.core` to work with newer packaging standards.
2022-12-27T02:57:38.5843240Z   # - It provides a clear error message when setuptools is not installed.
2022-12-27T02:57:38.5843750Z   # - It sets `sys.argv[0]` to the underlying `setup.py`, when invoking `setup.py` so
2022-12-27T02:57:38.5844690Z   #   setuptools doesn'"'"'t think the script is `-c`. This avoids the following warning:
2022-12-27T02:57:38.5845150Z   #     manifest_maker: standard file '"'"'-c'"'"' not found".
2022-12-27T02:57:38.5845660Z   # - It generates a shim setup.py, for handling setup.cfg-only projects.
2022-12-27T02:57:38.5845960Z   import os, sys, tokenize
2022-12-27T02:57:38.5846220Z   
2022-12-27T02:57:38.5846430Z   try:
2022-12-27T02:57:38.5847030Z       import setuptools
2022-12-27T02:57:38.5847340Z   except ImportError as error:
2022-12-27T02:57:38.5847610Z       print(
2022-12-27T02:57:38.5847960Z           "ERROR: Can not execute `setup.py` since setuptools is not available in "
2022-12-27T02:57:38.5848260Z           "the build environment.",
2022-12-27T02:57:38.5848560Z           file=sys.stderr,
2022-12-27T02:57:38.5848820Z       )
2022-12-27T02:57:38.5849020Z       sys.exit(1)
2022-12-27T02:57:38.5849240Z   
2022-12-27T02:57:38.5849450Z   __file__ = %r
2022-12-27T02:57:38.5849670Z   sys.argv[0] = __file__
2022-12-27T02:57:38.5849920Z   
2022-12-27T02:57:38.5850130Z   if os.path.exists(__file__):
2022-12-27T02:57:38.5850370Z       filename = __file__
2022-12-27T02:57:38.5850670Z       with tokenize.open(__file__) as f:
2022-12-27T02:57:38.5850980Z           setup_py_code = f.read()
2022-12-27T02:57:38.5851200Z   else:
2022-12-27T02:57:38.5851590Z       filename = "<auto-generated setuptools caller>"
2022-12-27T02:57:38.5851880Z       setup_py_code = "from setuptools import setup; setup()"
2022-12-27T02:57:38.5852120Z   
2022-12-27T02:57:38.5852410Z   exec(compile(setup_py_code, filename, "exec"))
2022-12-27T02:57:38.5853230Z   '"'"''"'"''"'"' % ('"'"'/Users/runner/actions-runner/_work/python.build/python.build/build_grpcio17039/grpcio-1.7.0/setup.py'"'"',), "<pip-setuptools-caller>", "exec"))' bdist_wheel -d /private/var/folders/51/hd414ycd67n82196sw51xqtc0000gn/T/pip-wheel-cg37_30d
2022-12-27T02:57:38.5853980Z   cwd: /Users/runner/actions-runner/_work/python.build/python.build/build_grpcio17039/grpcio-1.7.0/
2022-12-27T02:57:38.5854830Z   Building wheel for grpcio (setup.py): finished with status 'error'
2022-12-27T02:57:38.5855300Z   ERROR: Failed building wheel for grpcio
2022-12-27T02:57:38.5855650Z   Running command python setup.py clean
2022-12-27T02:57:38.5855830Z   Running setup.py clean for grpcio
2022-12-27T02:57:39.0183150Z   running clean
2022-12-27T02:57:39.0199270Z   removing 'python_build/lib.macosx-11.0-arm64-cpython-39' (and everything under it)
2022-12-27T02:57:39.0241090Z   'python_build/bdist.macosx-11.0-arm64' does not exist -- can't clean it
2022-12-27T02:57:39.0243240Z   'python_build/scripts-3.9' does not exist -- can't clean it
2022-12-27T02:57:39.0245010Z   removing 'python_build'
2022-12-27T02:57:39.0560720Z Failed to build grpcio
2022-12-27T02:57:39.0565150Z ERROR: Failed to build one or more wheels
2022-12-27T02:57:39.0575870Z Exception information:
2022-12-27T02:57:39.0576060Z Traceback (most recent call last):
2022-12-27T02:57:39.0576840Z   File "/private/var/folders/51/hd414ycd67n82196sw51xqtc0000gn/T/cibw-run-7rjbctl9/cp39-macosx_arm64/build/venv/lib/python3.9/site-packages/pip/_internal/cli/base_command.py", line 160, in exc_logging_wrapper
2022-12-27T02:57:39.0577150Z     status = run_func(*args)
2022-12-27T02:57:39.0577730Z   File "/private/var/folders/51/hd414ycd67n82196sw51xqtc0000gn/T/cibw-run-7rjbctl9/cp39-macosx_arm64/build/venv/lib/python3.9/site-packages/pip/_internal/cli/req_command.py", line 247, in wrapper
2022-12-27T02:57:39.0578050Z     return func(self, options, args)
2022-12-27T02:57:39.0578470Z   File "/private/var/folders/51/hd414ycd67n82196sw51xqtc0000gn/T/cibw-run-7rjbctl9/cp39-macosx_arm64/build/venv/lib/python3.9/site-packages/pip/_internal/commands/wheel.py", line 201, in run
2022-12-27T02:57:39.0578780Z     raise CommandError("Failed to build one or more wheels")
2022-12-27T02:57:39.0579100Z pip._internal.exceptions.CommandError: Failed to build one or more wheels
2022-12-27T02:57:39.0579830Z Removed build tracker: '/private/var/folders/51/hd414ycd67n82196sw51xqtc0000gn/T/pip-build-tracker-977cvy1a'
2022-12-27T02:57:39.0970890Z ##[endgroup]
2022-12-27T02:57:39.0994440Z ##[error]Command ['python', '-m', 'pip', 'wheel', '/Users/runner/actions-runner/_work/python.build/python.build/build_grpcio17039/grpcio-1.7.0', '--wheel-dir=/private/var/folders/51/hd414ycd67n82196sw51xqtc0000gn/T/cibw-run-7rjbctl9/cp39-macosx_arm64/built_wheel', '--no-deps', '-vvv'] failed with code 1. None
2022-12-27T02:57:39.1000710Z 
2022-12-27T02:57:39.1001080Z                                                               [31mâœ• [0m6.38s
2022-12-27T02:57:39.1594230Z ##[error]Process completed with exit code 1.
2022-12-27T02:57:39.1626830Z ##[group]Run rm -rf build_grpcio17039 wheelsout
2022-12-27T02:57:39.1627020Z [36;1mrm -rf build_grpcio17039 wheelsout[0m
2022-12-27T02:57:39.1642200Z shell: /bin/bash -e {0}
2022-12-27T02:57:39.1642310Z env:
2022-12-27T02:57:39.1642460Z   pythonLocation: /Users/runner/hostedtoolcache/Python/3.9.16/x64
2022-12-27T02:57:39.1642680Z   PKG_CONFIG_PATH: /Users/runner/hostedtoolcache/Python/3.9.16/x64/lib/pkgconfig
2022-12-27T02:57:39.1642870Z   Python_ROOT_DIR: /Users/runner/hostedtoolcache/Python/3.9.16/x64
2022-12-27T02:57:39.1643050Z   Python2_ROOT_DIR: /Users/runner/hostedtoolcache/Python/3.9.16/x64
2022-12-27T02:57:39.1643230Z   Python3_ROOT_DIR: /Users/runner/hostedtoolcache/Python/3.9.16/x64
2022-12-27T02:57:39.1643370Z ##[endgroup]
2022-12-27T02:57:39.4682160Z Cleaning up orphan processes
