2022-12-27T08:51:25.9052627Z Requested labels: self-hosted, macOS, X64
2022-12-27T08:51:25.9052728Z Job defined at: kilnbuild/python.build/.github/workflows/mac_arm_build.yml@refs/heads/main
2022-12-27T08:51:25.9052754Z Waiting for a runner to pick up this job...
2022-12-27T11:23:16.6279739Z Job is about to start running on the runner: k1 (organization)
2022-12-27T11:23:19.4420070Z Current runner version: '2.300.2'
2022-12-27T11:23:19.4424800Z Runner name: 'k1'
2022-12-27T11:23:19.4425040Z Runner group name: 'Default'
2022-12-27T11:23:19.4425450Z Machine name: 'k1'
2022-12-27T11:23:19.4426860Z ##[group]GITHUB_TOKEN Permissions
2022-12-27T11:23:19.4427250Z Actions: write
2022-12-27T11:23:19.4427380Z Checks: write
2022-12-27T11:23:19.4427510Z Contents: write
2022-12-27T11:23:19.4427640Z Deployments: write
2022-12-27T11:23:19.4427770Z Discussions: write
2022-12-27T11:23:19.4427900Z Issues: write
2022-12-27T11:23:19.4428020Z Metadata: read
2022-12-27T11:23:19.4428140Z Packages: write
2022-12-27T11:23:19.4428270Z Pages: write
2022-12-27T11:23:19.4428400Z PullRequests: write
2022-12-27T11:23:19.4428550Z RepositoryProjects: write
2022-12-27T11:23:19.4428700Z SecurityEvents: write
2022-12-27T11:23:19.4428840Z Statuses: write
2022-12-27T11:23:19.4428960Z ##[endgroup]
2022-12-27T11:23:19.4431480Z Secret source: Actions
2022-12-27T11:23:19.4431780Z Prepare workflow directory
2022-12-27T11:23:19.5065810Z Prepare all required actions
2022-12-27T11:23:19.5183240Z Getting action download info
2022-12-27T11:23:20.1062010Z Download action repository 'actions/setup-python@v4' (SHA:5ccb29d8773c3f3f653e1705f474dfaa8a06a912)
2022-12-27T11:23:21.8695320Z Download action repository 'actions/upload-artifact@v3' (SHA:83fd05a356d7e2593de66fc9913b3002723633cb)
2022-12-27T11:23:23.1850330Z ##[group]Run echo '{
2022-12-27T11:23:23.1850590Z [36;1mecho '{[0m
2022-12-27T11:23:23.1850710Z [36;1m  "package_name": "lxml",[0m
2022-12-27T11:23:23.1850970Z [36;1m  "package_url": "https://files.pythonhosted.org/packages/d8/4b/88f70c46c5058b330558ec705661c83a6c9cba7c67ab01471947acd47002/lxml-2.0alpha2.tar.gz",[0m
2022-12-27T11:23:23.1851190Z [36;1m  "package_version": "2.0alpha2",[0m
2022-12-27T11:23:23.1851310Z [36;1m  "python_version": "3.10",[0m
2022-12-27T11:23:23.1851440Z [36;1m  "use_ccache": "true"[0m
2022-12-27T11:23:23.1851540Z [36;1m}'[0m
2022-12-27T11:23:23.1868670Z shell: /bin/bash -e {0}
2022-12-27T11:23:23.1868850Z ##[endgroup]
2022-12-27T11:23:23.2090370Z {
2022-12-27T11:23:23.2091670Z   "package_name": "lxml",
2022-12-27T11:23:23.2092370Z   "package_url": "https://files.pythonhosted.org/packages/d8/4b/88f70c46c5058b330558ec705661c83a6c9cba7c67ab01471947acd47002/lxml-2.0alpha2.tar.gz",
2022-12-27T11:23:23.2092660Z   "package_version": "2.0alpha2",
2022-12-27T11:23:23.2092860Z   "python_version": "3.10",
2022-12-27T11:23:23.2093040Z   "use_ccache": "true"
2022-12-27T11:23:23.2093240Z }
2022-12-27T11:23:23.2303460Z ##[group]Run actions/setup-python@v4
2022-12-27T11:23:23.2303810Z with:
2022-12-27T11:23:23.2304060Z   python-version: 3.10
2022-12-27T11:23:23.2304260Z   check-latest: false
2022-12-27T11:23:23.2304730Z   token: ***
2022-12-27T11:23:23.2304990Z   update-environment: true
2022-12-27T11:23:23.2305190Z ##[endgroup]
2022-12-27T11:23:23.3512020Z ##[group]Installed versions
2022-12-27T11:23:23.3551680Z Successfully set up CPython (3.10.9)
2022-12-27T11:23:23.3552350Z ##[endgroup]
2022-12-27T11:23:23.3696580Z ##[group]Run if [ "true" == "true" ]
2022-12-27T11:23:23.3696950Z [36;1mif [ "true" == "true" ][0m
2022-12-27T11:23:23.3697140Z [36;1mthen[0m
2022-12-27T11:23:23.3697370Z [36;1m  echo "CCACHE_PATH_PREPEND=/usr/local/opt/ccache/libexec" >> $GITHUB_OUTPUT[0m
2022-12-27T11:23:23.3697540Z [36;1melse[0m
2022-12-27T11:23:23.3697740Z [36;1m  echo "CCACHE_PATH_PREPEND=" >> $GITHUB_OUTPUT[0m
2022-12-27T11:23:23.3697980Z [36;1mfi[0m
2022-12-27T11:23:23.3714690Z shell: /bin/bash -e {0}
2022-12-27T11:23:23.3714910Z env:
2022-12-27T11:23:23.3715210Z   pythonLocation: /Users/runner/hostedtoolcache/Python/3.10.9/x64
2022-12-27T11:23:23.3715450Z   PKG_CONFIG_PATH: /Users/runner/hostedtoolcache/Python/3.10.9/x64/lib/pkgconfig
2022-12-27T11:23:23.3715710Z   Python_ROOT_DIR: /Users/runner/hostedtoolcache/Python/3.10.9/x64
2022-12-27T11:23:23.3715960Z   Python2_ROOT_DIR: /Users/runner/hostedtoolcache/Python/3.10.9/x64
2022-12-27T11:23:23.3716310Z   Python3_ROOT_DIR: /Users/runner/hostedtoolcache/Python/3.10.9/x64
2022-12-27T11:23:23.3716740Z ##[endgroup]
2022-12-27T11:23:23.3821600Z ##[group]Run echo "BUILD_NAME=$(echo lxml_2.0alpha2_3.10 | tr -dc '[:alnum:]\n\r' | tr '[:upper:]' '[:lower:]')" >> $GITHUB_OUTPUT
2022-12-27T11:23:23.3821990Z [36;1mecho "BUILD_NAME=$(echo lxml_2.0alpha2_3.10 | tr -dc '[:alnum:]\n\r' | tr '[:upper:]' '[:lower:]')" >> $GITHUB_OUTPUT[0m
2022-12-27T11:23:23.3873890Z shell: /bin/bash -e {0}
2022-12-27T11:23:23.3874030Z env:
2022-12-27T11:23:23.3874200Z   pythonLocation: /Users/runner/hostedtoolcache/Python/3.10.9/x64
2022-12-27T11:23:23.3874400Z   PKG_CONFIG_PATH: /Users/runner/hostedtoolcache/Python/3.10.9/x64/lib/pkgconfig
2022-12-27T11:23:23.3874610Z   Python_ROOT_DIR: /Users/runner/hostedtoolcache/Python/3.10.9/x64
2022-12-27T11:23:23.3874790Z   Python2_ROOT_DIR: /Users/runner/hostedtoolcache/Python/3.10.9/x64
2022-12-27T11:23:23.3875020Z   Python3_ROOT_DIR: /Users/runner/hostedtoolcache/Python/3.10.9/x64
2022-12-27T11:23:23.3875160Z ##[endgroup]
2022-12-27T11:23:23.3979830Z ##[group]Run echo "PYTHON_NO_DOTS=$(echo 3.10 | tr -dc '[:alnum:]\n\r' | tr '[:upper:]' '[:lower:]')" >> $GITHUB_OUTPUT
2022-12-27T11:23:23.3980280Z [36;1mecho "PYTHON_NO_DOTS=$(echo 3.10 | tr -dc '[:alnum:]\n\r' | tr '[:upper:]' '[:lower:]')" >> $GITHUB_OUTPUT[0m
2022-12-27T11:23:23.3994220Z shell: /bin/bash -e {0}
2022-12-27T11:23:23.3994410Z env:
2022-12-27T11:23:23.3994610Z   pythonLocation: /Users/runner/hostedtoolcache/Python/3.10.9/x64
2022-12-27T11:23:23.3995310Z   PKG_CONFIG_PATH: /Users/runner/hostedtoolcache/Python/3.10.9/x64/lib/pkgconfig
2022-12-27T11:23:23.3995550Z   Python_ROOT_DIR: /Users/runner/hostedtoolcache/Python/3.10.9/x64
2022-12-27T11:23:23.3995750Z   Python2_ROOT_DIR: /Users/runner/hostedtoolcache/Python/3.10.9/x64
2022-12-27T11:23:23.3996010Z   Python3_ROOT_DIR: /Users/runner/hostedtoolcache/Python/3.10.9/x64
2022-12-27T11:23:23.3996210Z ##[endgroup]
2022-12-27T11:23:23.4112410Z ##[group]Run rm -rf build_lxml20alpha2310
2022-12-27T11:23:23.4112850Z [36;1mrm -rf build_lxml20alpha2310[0m
2022-12-27T11:23:23.4113040Z [36;1mmkdir build_lxml20alpha2310[0m
2022-12-27T11:23:23.4113230Z [36;1mcd build_lxml20alpha2310[0m
2022-12-27T11:23:23.4113520Z [36;1m/usr/local/bin/wget --quiet https://files.pythonhosted.org/packages/d8/4b/88f70c46c5058b330558ec705661c83a6c9cba7c67ab01471947acd47002/lxml-2.0alpha2.tar.gz[0m
2022-12-27T11:23:23.4113800Z [36;1mtar xf *.tar.gz[0m
2022-12-27T11:23:23.4113970Z [36;1mcd *[0m
2022-12-27T11:23:23.4114160Z [36;1mpython -m pip install cibuildwheel==2.11.3[0m
2022-12-27T11:23:23.4114390Z [36;1mpython -m cibuildwheel --output-dir ../wheelsout[0m
2022-12-27T11:23:23.4128740Z shell: /bin/bash -e {0}
2022-12-27T11:23:23.4128990Z env:
2022-12-27T11:23:23.4129200Z   pythonLocation: /Users/runner/hostedtoolcache/Python/3.10.9/x64
2022-12-27T11:23:23.4129470Z   PKG_CONFIG_PATH: /Users/runner/hostedtoolcache/Python/3.10.9/x64/lib/pkgconfig
2022-12-27T11:23:23.4129720Z   Python_ROOT_DIR: /Users/runner/hostedtoolcache/Python/3.10.9/x64
2022-12-27T11:23:23.4130000Z   Python2_ROOT_DIR: /Users/runner/hostedtoolcache/Python/3.10.9/x64
2022-12-27T11:23:23.4130230Z   Python3_ROOT_DIR: /Users/runner/hostedtoolcache/Python/3.10.9/x64
2022-12-27T11:23:23.4130400Z   CIBW_ARCHS_MACOS: arm64
2022-12-27T11:23:23.4130580Z   CIBW_TEST_SKIP: *_arm64
2022-12-27T11:23:23.4130810Z   CIBW_BUILD: cp310-macosx_arm64
2022-12-27T11:23:23.4130960Z   CIBW_BUILD_FRONTEND: pip
2022-12-27T11:23:23.4131130Z   CIBW_BUILD_VERBOSITY: 3
2022-12-27T11:23:23.4131490Z   CIBW_ENVIRONMENT_MACOS:  CFLAGS="-I/usr/local/opt/openssl@3/include" LDFLAGS="-L/usr/local/opt/openssl@3/lib" CPPFLAGS="-I/usr/local/opt/openssl@3/include" MAKEFLAGS="-j$(sysctl -n hw.logicalcpu)" PATH=/usr/local/opt/ccache/libexec:$PATH
2022-12-27T11:23:23.4132060Z   CIBW_BEFORE_BUILD: pip install Cython; if [[ -f requirements.txt ]]; then pip install -r requirements.txt; fi
2022-12-27T11:23:23.4132370Z   MAKEFLAGS: -j$(sysctl -n hw.logicalcpu)
2022-12-27T11:23:23.4132550Z ##[endgroup]
2022-12-27T11:23:23.8504500Z Requirement already satisfied: cibuildwheel==2.11.3 in /Users/runner/hostedtoolcache/Python/3.10.9/x64/lib/python3.10/site-packages (2.11.3)
2022-12-27T11:23:23.8769390Z Requirement already satisfied: typing-extensions>=4.1.0 in /Users/runner/hostedtoolcache/Python/3.10.9/x64/lib/python3.10/site-packages (from cibuildwheel==2.11.3) (4.4.0)
2022-12-27T11:23:23.8773910Z Requirement already satisfied: filelock in /Users/runner/hostedtoolcache/Python/3.10.9/x64/lib/python3.10/site-packages (from cibuildwheel==2.11.3) (3.8.2)
2022-12-27T11:23:23.8777390Z Requirement already satisfied: certifi in /Users/runner/hostedtoolcache/Python/3.10.9/x64/lib/python3.10/site-packages (from cibuildwheel==2.11.3) (2022.12.7)
2022-12-27T11:23:23.8782310Z Requirement already satisfied: bashlex!=0.13 in /Users/runner/hostedtoolcache/Python/3.10.9/x64/lib/python3.10/site-packages (from cibuildwheel==2.11.3) (0.16)
2022-12-27T11:23:23.8785940Z Requirement already satisfied: bracex in /Users/runner/hostedtoolcache/Python/3.10.9/x64/lib/python3.10/site-packages (from cibuildwheel==2.11.3) (2.3.post1)
2022-12-27T11:23:23.8789070Z Requirement already satisfied: platformdirs in /Users/runner/hostedtoolcache/Python/3.10.9/x64/lib/python3.10/site-packages (from cibuildwheel==2.11.3) (2.6.0)
2022-12-27T11:23:23.8794140Z Requirement already satisfied: packaging>=20.9 in /Users/runner/hostedtoolcache/Python/3.10.9/x64/lib/python3.10/site-packages (from cibuildwheel==2.11.3) (22.0)
2022-12-27T11:23:23.8800460Z Requirement already satisfied: tomli in /Users/runner/hostedtoolcache/Python/3.10.9/x64/lib/python3.10/site-packages (from cibuildwheel==2.11.3) (2.0.1)
2022-12-27T11:23:24.0608940Z 
2022-12-27T11:23:24.0609220Z      _ _       _ _   _       _           _
2022-12-27T11:23:24.0609860Z  ___|_| |_ _ _|_| |_| |_ _ _| |_ ___ ___| |
2022-12-27T11:23:24.0611230Z |  _| | . | | | | | . | | | |   | -_| -_| |
2022-12-27T11:23:24.0612270Z |___|_|___|___|_|_|___|_____|_|_|___|___|_|
2022-12-27T11:23:24.0612420Z 
2022-12-27T11:23:24.0612560Z cibuildwheel version 2.11.3
2022-12-27T11:23:24.0612740Z 
2022-12-27T11:23:24.0612940Z Build options:
2022-12-27T11:23:24.0613210Z   platform: macos
2022-12-27T11:23:24.0648670Z   architectures: arm64[0m
2022-12-27T11:23:24.0648970Z   build_selector: 
2022-12-27T11:23:24.0649420Z     build_config: cp310-macosx_arm64
2022-12-27T11:23:24.0649910Z     skip_config: 
2022-12-27T11:23:24.0650190Z     requires_python: None
2022-12-27T11:23:24.0650850Z     prerelease_pythons: False[0m
2022-12-27T11:23:24.0651200Z   [38;5;244mcontainer_engine: docker[0m
2022-12-27T11:23:24.0651780Z   output_dir: /Users/runner/actions-runner/_work/python.build/python.build/build_lxml20alpha2310/wheelsout[0m
2022-12-27T11:23:24.0652380Z   package_dir: /Users/runner/actions-runner/_work/python.build/python.build/build_lxml20alpha2310/lxml-2.0alpha2[0m
2022-12-27T11:23:24.0652760Z   test_selector: 
2022-12-27T11:23:24.0653110Z     skip_config: *_arm64[0m
2022-12-27T11:23:24.0653410Z   [38;5;244mbefore_all: [0m
2022-12-27T11:23:24.0653970Z   before_build: pip install Cython; if [[ -f requirements.txt ]]; then pip install -r requirements.txt; fi[0m
2022-12-27T11:23:24.0654410Z   [38;5;244mbefore_test: [0m
2022-12-27T11:23:24.0654710Z   [38;5;244mbuild_frontend: pip[0m
2022-12-27T11:23:24.0655040Z   build_verbosity: 3[0m
2022-12-27T11:23:24.0655430Z   [38;5;244mconfig_settings: [0m
2022-12-27T11:23:24.0655770Z   [38;5;244mdependency_constraints: pinned[0m
2022-12-27T11:23:24.0656060Z   environment: 
2022-12-27T11:23:24.0656420Z     CFLAGS="-I/usr/local/opt/openssl@3/include"
2022-12-27T11:23:24.0656770Z     LDFLAGS="-L/usr/local/opt/openssl@3/lib"
2022-12-27T11:23:24.0657220Z     CPPFLAGS="-I/usr/local/opt/openssl@3/include"
2022-12-27T11:23:24.0657620Z     MAKEFLAGS="-j$(sysctl -n hw.logicalcpu)"
2022-12-27T11:23:24.0657990Z     PATH=/usr/local/opt/ccache/libexec:$PATH[0m
2022-12-27T11:23:24.0658370Z   [38;5;244mmanylinux_images: None[0m
2022-12-27T11:23:24.0658720Z   [38;5;244mmusllinux_images: None[0m
2022-12-27T11:23:24.0659270Z   [38;5;244mrepair_command: delocate-wheel --require-archs {delocate_archs} -w {dest_dir} -v {wheel}[0m
2022-12-27T11:23:24.0659960Z   [38;5;244mtest_command: [0m
2022-12-27T11:23:24.0660290Z   [38;5;244mtest_extras: [0m
2022-12-27T11:23:24.0660620Z   [38;5;244mtest_requires: [0m
2022-12-27T11:23:24.0660790Z 
2022-12-27T11:23:24.0660920Z Cache folder: /Users/runner/Library/Caches/cibuildwheel
2022-12-27T11:23:24.0668870Z 
2022-12-27T11:23:24.0669200Z Here we go!
2022-12-27T11:23:24.0669450Z 
2022-12-27T11:23:24.0797800Z 
2022-12-27T11:23:24.0798240Z [1m[34mBuilding cp310-macosx_arm64 wheel[0m
2022-12-27T11:23:24.0798920Z CPython 3.10 macOS arm64 - Apple Silicon
2022-12-27T11:23:24.0799130Z 
2022-12-27T11:23:24.0801170Z ##[group]Installing Python cp310...
2022-12-27T11:23:24.0801450Z 
2022-12-27T11:23:24.0801640Z + pkgutil --pkgs
2022-12-27T11:23:24.0901800Z ##[endgroup]
2022-12-27T11:23:24.0902950Z                                                               [32mâœ“ [0m0.01s
2022-12-27T11:23:24.0903490Z ##[group]Setting up build environment...
2022-12-27T11:23:24.0903820Z 
2022-12-27T11:23:24.0922260Z + /Users/runner/hostedtoolcache/Python/3.10.9/x64/bin/python -sS /Users/runner/Library/Caches/cibuildwheel/virtualenv-20.17.0.pyz --activators= --no-periodic-update --pip=22.3.1 --setuptools=65.6.3 --wheel=0.38.4 --symlink-app-data --python /Library/Frameworks/Python.framework/Versions/3.10/bin/python3 /private/var/folders/51/hd414ycd67n82196sw51xqtc0000gn/T/cibw-run-wopquht7/cp310-macosx_arm64/build/venv
2022-12-27T11:23:24.2884560Z created virtual environment CPython3.10.8.final.0-64 in 54ms
2022-12-27T11:23:24.2885370Z   creator CPython3Posix(dest=/private/var/folders/51/hd414ycd67n82196sw51xqtc0000gn/T/cibw-run-wopquht7/cp310-macosx_arm64/build/venv, clear=False, no_vcs_ignore=False, global=False)
2022-12-27T11:23:24.2886140Z   seeder FromAppData(download=False, pip=22.3.1, setuptools=65.6.3, wheel=0.38.4, via=symlink, app_data_dir=/Users/runner/Library/Application Support/virtualenv)
2022-12-27T11:23:24.2886580Z     added seed packages: pip==22.3.1, setuptools==65.6.3, wheel==0.38.4
2022-12-27T11:23:24.3008590Z + python -m pip install --upgrade pip -c /Users/runner/hostedtoolcache/Python/3.10.9/x64/lib/python3.10/site-packages/cibuildwheel/resources/constraints-python310.txt
2022-12-27T11:23:24.5730450Z Requirement already satisfied: pip in ./lib/python3.10/site-packages (22.3.1)
2022-12-27T11:23:24.7032740Z + which pip
2022-12-27T11:23:24.7050410Z /private/var/folders/51/hd414ycd67n82196sw51xqtc0000gn/T/cibw-run-wopquht7/cp310-macosx_arm64/build/venv/bin/pip
2022-12-27T11:23:24.7052620Z + pip --version
2022-12-27T11:23:24.9041630Z pip 22.3.1 from /private/var/folders/51/hd414ycd67n82196sw51xqtc0000gn/T/cibw-run-wopquht7/cp310-macosx_arm64/build/venv/lib/python3.10/site-packages/pip (python 3.10)
2022-12-27T11:23:24.9284010Z + which pip
2022-12-27T11:23:24.9312820Z + which python
2022-12-27T11:23:24.9331910Z /private/var/folders/51/hd414ycd67n82196sw51xqtc0000gn/T/cibw-run-wopquht7/cp310-macosx_arm64/build/venv/bin/python
2022-12-27T11:23:24.9334560Z + python --version
2022-12-27T11:23:24.9383690Z Python 3.10.8
2022-12-27T11:23:24.9386370Z + which python
2022-12-27T11:23:24.9439100Z ##[endgroup]
2022-12-27T11:23:24.9439810Z                                                               [32mâœ“ [0m0.85s
2022-12-27T11:23:24.9440520Z ##[group]Installing build tools...
2022-12-27T11:23:24.9440690Z 
2022-12-27T11:23:24.9441200Z + pip install --upgrade setuptools wheel delocate -c /Users/runner/hostedtoolcache/Python/3.10.9/x64/lib/python3.10/site-packages/cibuildwheel/resources/constraints-python310.txt
2022-12-27T11:23:25.2221640Z Requirement already satisfied: setuptools in /private/var/folders/51/hd414ycd67n82196sw51xqtc0000gn/T/cibw-run-wopquht7/cp310-macosx_arm64/build/venv/lib/python3.10/site-packages (65.6.3)
2022-12-27T11:23:25.4134260Z Requirement already satisfied: wheel in /private/var/folders/51/hd414ycd67n82196sw51xqtc0000gn/T/cibw-run-wopquht7/cp310-macosx_arm64/build/venv/lib/python3.10/site-packages (0.38.4)
2022-12-27T11:23:25.4537060Z Collecting delocate
2022-12-27T11:23:25.4558980Z   Using cached delocate-0.10.3-py3-none-any.whl (142 kB)
2022-12-27T11:23:25.4768040Z Collecting typing-extensions
2022-12-27T11:23:25.4786970Z   Using cached typing_extensions-4.4.0-py3-none-any.whl (26 kB)
2022-12-27T11:23:25.5012510Z Collecting packaging>=20.9
2022-12-27T11:23:25.5030630Z   Using cached packaging-21.3-py3-none-any.whl (40 kB)
2022-12-27T11:23:25.5344810Z Collecting pyparsing!=3.0.5,>=2.0.2
2022-12-27T11:23:25.5361400Z   Using cached pyparsing-3.0.9-py3-none-any.whl (98 kB)
2022-12-27T11:23:25.5682110Z Installing collected packages: typing-extensions, pyparsing, packaging, delocate
2022-12-27T11:23:25.6978300Z Successfully installed delocate-0.10.3 packaging-21.3 pyparsing-3.0.9 typing-extensions-4.4.0
2022-12-27T11:23:25.7414340Z ##[endgroup]
2022-12-27T11:23:25.7415090Z                                                               [32mâœ“ [0m0.80s
2022-12-27T11:23:25.7415630Z ##[group]Running before_build...
2022-12-27T11:23:25.7415830Z 
2022-12-27T11:23:25.7421570Z + pip install Cython; if [[ -f requirements.txt ]]; then pip install -r requirements.txt; fi
2022-12-27T11:23:26.3227290Z Collecting Cython
2022-12-27T11:23:26.3269420Z   Using cached Cython-0.29.32-py2.py3-none-any.whl (986 kB)
2022-12-27T11:23:26.3642780Z Installing collected packages: Cython
2022-12-27T11:23:26.7559940Z Successfully installed Cython-0.29.32
2022-12-27T11:23:26.8005130Z ##[endgroup]
2022-12-27T11:23:26.8005840Z                                                               [32mâœ“ [0m1.06s
2022-12-27T11:23:26.8006270Z ##[group]Building wheel...
2022-12-27T11:23:26.8006380Z 
2022-12-27T11:23:26.8012780Z + python -m pip wheel /Users/runner/actions-runner/_work/python.build/python.build/build_lxml20alpha2310/lxml-2.0alpha2 --wheel-dir=/private/var/folders/51/hd414ycd67n82196sw51xqtc0000gn/T/cibw-run-wopquht7/cp310-macosx_arm64/built_wheel --no-deps -vvv
2022-12-27T11:23:27.0455560Z Created temporary directory: /private/var/folders/51/hd414ycd67n82196sw51xqtc0000gn/T/pip-ephem-wheel-cache-vo_4ne7t
2022-12-27T11:23:27.0458900Z Created temporary directory: /private/var/folders/51/hd414ycd67n82196sw51xqtc0000gn/T/pip-build-tracker-7k19vf78
2022-12-27T11:23:27.0460300Z Initialized build tracking at /private/var/folders/51/hd414ycd67n82196sw51xqtc0000gn/T/pip-build-tracker-7k19vf78
2022-12-27T11:23:27.0461940Z Created build tracker: /private/var/folders/51/hd414ycd67n82196sw51xqtc0000gn/T/pip-build-tracker-7k19vf78
2022-12-27T11:23:27.0463340Z Entered build tracker: /private/var/folders/51/hd414ycd67n82196sw51xqtc0000gn/T/pip-build-tracker-7k19vf78
2022-12-27T11:23:27.0466070Z Created temporary directory: /private/var/folders/51/hd414ycd67n82196sw51xqtc0000gn/T/pip-wheel-h3p_ji9i
2022-12-27T11:23:27.0471720Z Created temporary directory: /private/var/folders/51/hd414ycd67n82196sw51xqtc0000gn/T/pip-ephem-wheel-cache-hge1xgfn
2022-12-27T11:23:27.0617990Z Processing /Users/runner/actions-runner/_work/python.build/python.build/build_lxml20alpha2310/lxml-2.0alpha2
2022-12-27T11:23:27.0622550Z   Added file:///Users/runner/actions-runner/_work/python.build/python.build/build_lxml20alpha2310/lxml-2.0alpha2 to build tracker '/private/var/folders/51/hd414ycd67n82196sw51xqtc0000gn/T/pip-build-tracker-7k19vf78'
2022-12-27T11:23:27.0626110Z   Running setup.py (path:/Users/runner/actions-runner/_work/python.build/python.build/build_lxml20alpha2310/lxml-2.0alpha2/setup.py) egg_info for package from file:///Users/runner/actions-runner/_work/python.build/python.build/build_lxml20alpha2310/lxml-2.0alpha2
2022-12-27T11:23:27.0628860Z   Created temporary directory: /private/var/folders/51/hd414ycd67n82196sw51xqtc0000gn/T/pip-pip-egg-info-04dhbyct
2022-12-27T11:23:27.0630170Z   Preparing metadata (setup.py): started
2022-12-27T11:23:27.0631910Z   Running command python setup.py egg_info
2022-12-27T11:23:27.1995040Z   Traceback (most recent call last):
2022-12-27T11:23:27.2003730Z     File "<string>", line 2, in <module>
2022-12-27T11:23:27.2004360Z     File "<pip-setuptools-caller>", line 34, in <module>
2022-12-27T11:23:27.2005310Z     File "/Users/runner/actions-runner/_work/python.build/python.build/build_lxml20alpha2310/lxml-2.0alpha2/setup.py", line 41
2022-12-27T11:23:27.2005600Z       print "Building lxml version", svn_version
2022-12-27T11:23:27.2005830Z       ^^^^^^^^^^^^^^^^^^^^^^^^^^^^^^^^^^^^^^^^^^
2022-12-27T11:23:27.2006170Z   SyntaxError: Missing parentheses in call to 'print'. Did you mean print(...)?
2022-12-27T11:23:27.2190820Z   error: subprocess-exited-with-error
2022-12-27T11:23:27.2191430Z   
2022-12-27T11:23:27.2191970Z   Ã— python setup.py egg_info did not run successfully.
2022-12-27T11:23:27.2192430Z   â”‚ exit code: 1
2022-12-27T11:23:27.2192740Z   â•°â”€> See above for output.
2022-12-27T11:23:27.2192950Z   
2022-12-27T11:23:27.2193270Z   note: This error originates from a subprocess, and is likely not a problem with pip.
2022-12-27T11:23:27.2198880Z   full command: /private/var/folders/51/hd414ycd67n82196sw51xqtc0000gn/T/cibw-run-wopquht7/cp310-macosx_arm64/build/venv/bin/python -c '
2022-12-27T11:23:27.2199670Z   exec(compile('"'"''"'"''"'"'
2022-12-27T11:23:27.2200470Z   # This is <pip-setuptools-caller> -- a caller that pip uses to run setup.py
2022-12-27T11:23:27.2200950Z   #
2022-12-27T11:23:27.2201290Z   # - It imports setuptools before invoking setup.py, to enable projects that directly
2022-12-27T11:23:27.2201660Z   #   import from `distutils.core` to work with newer packaging standards.
2022-12-27T11:23:27.2202230Z   # - It provides a clear error message when setuptools is not installed.
2022-12-27T11:23:27.2203000Z   # - It sets `sys.argv[0]` to the underlying `setup.py`, when invoking `setup.py` so
2022-12-27T11:23:27.2203910Z   #   setuptools doesn'"'"'t think the script is `-c`. This avoids the following warning:
2022-12-27T11:23:27.2204510Z   #     manifest_maker: standard file '"'"'-c'"'"' not found".
2022-12-27T11:23:27.2205430Z   # - It generates a shim setup.py, for handling setup.cfg-only projects.
2022-12-27T11:23:27.2205780Z   import os, sys, tokenize
2022-12-27T11:23:27.2206260Z   
2022-12-27T11:23:27.2206510Z   try:
2022-12-27T11:23:27.2206760Z       import setuptools
2022-12-27T11:23:27.2207200Z   except ImportError as error:
2022-12-27T11:23:27.2207500Z       print(
2022-12-27T11:23:27.2207790Z           "ERROR: Can not execute `setup.py` since setuptools is not available in "
2022-12-27T11:23:27.2208160Z           "the build environment.",
2022-12-27T11:23:27.2208540Z           file=sys.stderr,
2022-12-27T11:23:27.2208800Z       )
2022-12-27T11:23:27.2208980Z       sys.exit(1)
2022-12-27T11:23:27.2209200Z   
2022-12-27T11:23:27.2209590Z   __file__ = %r
2022-12-27T11:23:27.2209810Z   sys.argv[0] = __file__
2022-12-27T11:23:27.2210040Z   
2022-12-27T11:23:27.2210320Z   if os.path.exists(__file__):
2022-12-27T11:23:27.2210620Z       filename = __file__
2022-12-27T11:23:27.2210910Z       with tokenize.open(__file__) as f:
2022-12-27T11:23:27.2211240Z           setup_py_code = f.read()
2022-12-27T11:23:27.2211560Z   else:
2022-12-27T11:23:27.2212210Z       filename = "<auto-generated setuptools caller>"
2022-12-27T11:23:27.2212480Z       setup_py_code = "from setuptools import setup; setup()"
2022-12-27T11:23:27.2212680Z   
2022-12-27T11:23:27.2212840Z   exec(compile(setup_py_code, filename, "exec"))
2022-12-27T11:23:27.2213410Z   '"'"''"'"''"'"' % ('"'"'/Users/runner/actions-runner/_work/python.build/python.build/build_lxml20alpha2310/lxml-2.0alpha2/setup.py'"'"',), "<pip-setuptools-caller>", "exec"))' egg_info --egg-base /private/var/folders/51/hd414ycd67n82196sw51xqtc0000gn/T/pip-pip-egg-info-04dhbyct
2022-12-27T11:23:27.2214010Z   cwd: /Users/runner/actions-runner/_work/python.build/python.build/build_lxml20alpha2310/lxml-2.0alpha2/
2022-12-27T11:23:27.2214360Z   Preparing metadata (setup.py): finished with status 'error'
2022-12-27T11:23:27.2216210Z error: metadata-generation-failed
2022-12-27T11:23:27.2216450Z 
2022-12-27T11:23:27.2216740Z Ã— Encountered error while generating package metadata.
2022-12-27T11:23:27.2217230Z â•°â”€> See above for output.
2022-12-27T11:23:27.2217700Z 
2022-12-27T11:23:27.2217840Z note: This is an issue with the package mentioned above, not pip.
2022-12-27T11:23:27.2218040Z hint: See above for details.
2022-12-27T11:23:27.2239020Z Exception information:
2022-12-27T11:23:27.2239420Z Traceback (most recent call last):
2022-12-27T11:23:27.2240700Z   File "/private/var/folders/51/hd414ycd67n82196sw51xqtc0000gn/T/cibw-run-wopquht7/cp310-macosx_arm64/build/venv/lib/python3.10/site-packages/pip/_internal/operations/build/metadata_legacy.py", line 64, in generate_metadata
2022-12-27T11:23:27.2241400Z     call_subprocess(
2022-12-27T11:23:27.2242300Z   File "/private/var/folders/51/hd414ycd67n82196sw51xqtc0000gn/T/cibw-run-wopquht7/cp310-macosx_arm64/build/venv/lib/python3.10/site-packages/pip/_internal/utils/subprocess.py", line 224, in call_subprocess
2022-12-27T11:23:27.2243110Z     raise error
2022-12-27T11:23:27.2243600Z pip._internal.exceptions.InstallationSubprocessError: python setup.py egg_info exited with 1
2022-12-27T11:23:27.2243930Z 
2022-12-27T11:23:27.2244160Z The above exception was the direct cause of the following exception:
2022-12-27T11:23:27.2244790Z 
2022-12-27T11:23:27.2245060Z Traceback (most recent call last):
2022-12-27T11:23:27.2245950Z   File "/private/var/folders/51/hd414ycd67n82196sw51xqtc0000gn/T/cibw-run-wopquht7/cp310-macosx_arm64/build/venv/lib/python3.10/site-packages/pip/_internal/cli/base_command.py", line 160, in exc_logging_wrapper
2022-12-27T11:23:27.2246440Z     status = run_func(*args)
2022-12-27T11:23:27.2247240Z   File "/private/var/folders/51/hd414ycd67n82196sw51xqtc0000gn/T/cibw-run-wopquht7/cp310-macosx_arm64/build/venv/lib/python3.10/site-packages/pip/_internal/cli/req_command.py", line 247, in wrapper
2022-12-27T11:23:27.2247880Z     return func(self, options, args)
2022-12-27T11:23:27.2248970Z   File "/private/var/folders/51/hd414ycd67n82196sw51xqtc0000gn/T/cibw-run-wopquht7/cp310-macosx_arm64/build/venv/lib/python3.10/site-packages/pip/_internal/commands/wheel.py", line 170, in run
2022-12-27T11:23:27.2249580Z     requirement_set = resolver.resolve(reqs, check_supported_wheels=True)
2022-12-27T11:23:27.2250430Z   File "/private/var/folders/51/hd414ycd67n82196sw51xqtc0000gn/T/cibw-run-wopquht7/cp310-macosx_arm64/build/venv/lib/python3.10/site-packages/pip/_internal/resolution/resolvelib/resolver.py", line 73, in resolve
2022-12-27T11:23:27.2251020Z     collected = self.factory.collect_root_requirements(root_reqs)
2022-12-27T11:23:27.2252070Z   File "/private/var/folders/51/hd414ycd67n82196sw51xqtc0000gn/T/cibw-run-wopquht7/cp310-macosx_arm64/build/venv/lib/python3.10/site-packages/pip/_internal/resolution/resolvelib/factory.py", line 491, in collect_root_requirements
2022-12-27T11:23:27.2252630Z     req = self._make_requirement_from_install_req(
2022-12-27T11:23:27.2253550Z   File "/private/var/folders/51/hd414ycd67n82196sw51xqtc0000gn/T/cibw-run-wopquht7/cp310-macosx_arm64/build/venv/lib/python3.10/site-packages/pip/_internal/resolution/resolvelib/factory.py", line 453, in _make_requirement_from_install_req
2022-12-27T11:23:27.2254110Z     cand = self._make_candidate_from_link(
2022-12-27T11:23:27.2254960Z   File "/private/var/folders/51/hd414ycd67n82196sw51xqtc0000gn/T/cibw-run-wopquht7/cp310-macosx_arm64/build/venv/lib/python3.10/site-packages/pip/_internal/resolution/resolvelib/factory.py", line 206, in _make_candidate_from_link
2022-12-27T11:23:27.2255520Z     self._link_candidate_cache[link] = LinkCandidate(
2022-12-27T11:23:27.2256330Z   File "/private/var/folders/51/hd414ycd67n82196sw51xqtc0000gn/T/cibw-run-wopquht7/cp310-macosx_arm64/build/venv/lib/python3.10/site-packages/pip/_internal/resolution/resolvelib/candidates.py", line 297, in __init__
2022-12-27T11:23:27.2256830Z     super().__init__(
2022-12-27T11:23:27.2257680Z   File "/private/var/folders/51/hd414ycd67n82196sw51xqtc0000gn/T/cibw-run-wopquht7/cp310-macosx_arm64/build/venv/lib/python3.10/site-packages/pip/_internal/resolution/resolvelib/candidates.py", line 162, in __init__
2022-12-27T11:23:27.2258180Z     self.dist = self._prepare()
2022-12-27T11:23:27.2259050Z   File "/private/var/folders/51/hd414ycd67n82196sw51xqtc0000gn/T/cibw-run-wopquht7/cp310-macosx_arm64/build/venv/lib/python3.10/site-packages/pip/_internal/resolution/resolvelib/candidates.py", line 231, in _prepare
2022-12-27T11:23:27.2259500Z     dist = self._prepare_distribution()
2022-12-27T11:23:27.2260210Z   File "/private/var/folders/51/hd414ycd67n82196sw51xqtc0000gn/T/cibw-run-wopquht7/cp310-macosx_arm64/build/venv/lib/python3.10/site-packages/pip/_internal/resolution/resolvelib/candidates.py", line 308, in _prepare_distribution
2022-12-27T11:23:27.2260810Z     return preparer.prepare_linked_requirement(self._ireq, parallel_builds=True)
2022-12-27T11:23:27.2261520Z   File "/private/var/folders/51/hd414ycd67n82196sw51xqtc0000gn/T/cibw-run-wopquht7/cp310-macosx_arm64/build/venv/lib/python3.10/site-packages/pip/_internal/operations/prepare.py", line 491, in prepare_linked_requirement
2022-12-27T11:23:27.2261980Z     return self._prepare_linked_requirement(req, parallel_builds)
2022-12-27T11:23:27.2262620Z   File "/private/var/folders/51/hd414ycd67n82196sw51xqtc0000gn/T/cibw-run-wopquht7/cp310-macosx_arm64/build/venv/lib/python3.10/site-packages/pip/_internal/operations/prepare.py", line 577, in _prepare_linked_requirement
2022-12-27T11:23:27.2263120Z     dist = _get_prepared_distribution(
2022-12-27T11:23:27.2263820Z   File "/private/var/folders/51/hd414ycd67n82196sw51xqtc0000gn/T/cibw-run-wopquht7/cp310-macosx_arm64/build/venv/lib/python3.10/site-packages/pip/_internal/operations/prepare.py", line 69, in _get_prepared_distribution
2022-12-27T11:23:27.2332240Z     abstract_dist.prepare_distribution_metadata(
2022-12-27T11:23:27.2333370Z   File "/private/var/folders/51/hd414ycd67n82196sw51xqtc0000gn/T/cibw-run-wopquht7/cp310-macosx_arm64/build/venv/lib/python3.10/site-packages/pip/_internal/distributions/sdist.py", line 61, in prepare_distribution_metadata
2022-12-27T11:23:27.2333860Z     self.req.prepare_metadata()
2022-12-27T11:23:27.2334490Z   File "/private/var/folders/51/hd414ycd67n82196sw51xqtc0000gn/T/cibw-run-wopquht7/cp310-macosx_arm64/build/venv/lib/python3.10/site-packages/pip/_internal/req/req_install.py", line 541, in prepare_metadata
2022-12-27T11:23:27.2334920Z     self.metadata_directory = generate_metadata_legacy(
2022-12-27T11:23:27.2335510Z   File "/private/var/folders/51/hd414ycd67n82196sw51xqtc0000gn/T/cibw-run-wopquht7/cp310-macosx_arm64/build/venv/lib/python3.10/site-packages/pip/_internal/operations/build/metadata_legacy.py", line 71, in generate_metadata
2022-12-27T11:23:27.2335890Z     raise MetadataGenerationFailed(package_details=details) from error
2022-12-27T11:23:27.2336160Z pip._internal.exceptions.MetadataGenerationFailed: metadata generation failed
2022-12-27T11:23:27.2336600Z Removed file:///Users/runner/actions-runner/_work/python.build/python.build/build_lxml20alpha2310/lxml-2.0alpha2 from build tracker '/private/var/folders/51/hd414ycd67n82196sw51xqtc0000gn/T/pip-build-tracker-7k19vf78'
2022-12-27T11:23:27.2337020Z Removed build tracker: '/private/var/folders/51/hd414ycd67n82196sw51xqtc0000gn/T/pip-build-tracker-7k19vf78'
2022-12-27T11:23:27.2690120Z ##[error]Command ['python', '-m', 'pip', 'wheel', '/Users/runner/actions-runner/_work/python.build/python.build/build_lxml20alpha2310/lxml-2.0alpha2', '--wheel-dir=/private/var/folders/51/hd414ycd67n82196sw51xqtc0000gn/T/cibw-run-wopquht7/cp310-macosx_arm64/built_wheel', '--no-deps', '-vvv'] failed with code 1. None
2022-12-27T11:23:27.2696530Z ##[endgroup]
2022-12-27T11:23:27.2696670Z 
2022-12-27T11:23:27.2696960Z                                                               [31mâœ• [0m0.47s
2022-12-27T11:23:27.3109830Z ##[error]Process completed with exit code 1.
2022-12-27T11:23:27.3141130Z ##[group]Run rm -rf build_lxml20alpha2310 wheelsout
2022-12-27T11:23:27.3141390Z [36;1mrm -rf build_lxml20alpha2310 wheelsout[0m
2022-12-27T11:23:27.3156320Z shell: /bin/bash -e {0}
2022-12-27T11:23:27.3156500Z env:
2022-12-27T11:23:27.3156750Z   pythonLocation: /Users/runner/hostedtoolcache/Python/3.10.9/x64
2022-12-27T11:23:27.3157160Z   PKG_CONFIG_PATH: /Users/runner/hostedtoolcache/Python/3.10.9/x64/lib/pkgconfig
2022-12-27T11:23:27.3157370Z   Python_ROOT_DIR: /Users/runner/hostedtoolcache/Python/3.10.9/x64
2022-12-27T11:23:27.3157590Z   Python2_ROOT_DIR: /Users/runner/hostedtoolcache/Python/3.10.9/x64
2022-12-27T11:23:27.3157820Z   Python3_ROOT_DIR: /Users/runner/hostedtoolcache/Python/3.10.9/x64
2022-12-27T11:23:27.3157980Z ##[endgroup]
2022-12-27T11:23:27.3610020Z Cleaning up orphan processes
