2022-12-27T08:52:24.0468816Z Requested labels: self-hosted, macOS, X64
2022-12-27T08:52:24.0468921Z Job defined at: kilnbuild/python.build/.github/workflows/mac_arm_build.yml@refs/heads/main
2022-12-27T08:52:24.0468976Z Waiting for a runner to pick up this job...
2022-12-27T11:24:50.3885374Z Job is about to start running on the runner: k2 (organization)
2022-12-27T11:24:52.1577570Z Current runner version: '2.300.2'
2022-12-27T11:24:52.1582580Z Runner name: 'k2'
2022-12-27T11:24:52.1582820Z Runner group name: 'Default'
2022-12-27T11:24:52.1583240Z Machine name: 'k2'
2022-12-27T11:24:52.1584720Z ##[group]GITHUB_TOKEN Permissions
2022-12-27T11:24:52.1585120Z Actions: write
2022-12-27T11:24:52.1585260Z Checks: write
2022-12-27T11:24:52.1585390Z Contents: write
2022-12-27T11:24:52.1585520Z Deployments: write
2022-12-27T11:24:52.1585660Z Discussions: write
2022-12-27T11:24:52.1585790Z Issues: write
2022-12-27T11:24:52.1585910Z Metadata: read
2022-12-27T11:24:52.1586040Z Packages: write
2022-12-27T11:24:52.1586180Z Pages: write
2022-12-27T11:24:52.1586310Z PullRequests: write
2022-12-27T11:24:52.1586470Z RepositoryProjects: write
2022-12-27T11:24:52.1586630Z SecurityEvents: write
2022-12-27T11:24:52.1586760Z Statuses: write
2022-12-27T11:24:52.1586890Z ##[endgroup]
2022-12-27T11:24:52.1589480Z Secret source: Actions
2022-12-27T11:24:52.1589780Z Prepare workflow directory
2022-12-27T11:24:52.2241400Z Prepare all required actions
2022-12-27T11:24:52.2359420Z Getting action download info
2022-12-27T11:24:52.7473310Z Download action repository 'actions/setup-python@v4' (SHA:5ccb29d8773c3f3f653e1705f474dfaa8a06a912)
2022-12-27T11:24:54.5117180Z Download action repository 'actions/upload-artifact@v3' (SHA:83fd05a356d7e2593de66fc9913b3002723633cb)
2022-12-27T11:24:55.8479650Z ##[group]Run echo '{
2022-12-27T11:24:55.8479900Z [36;1mecho '{[0m
2022-12-27T11:24:55.8480010Z [36;1m  "package_name": "lxml",[0m
2022-12-27T11:24:55.8480250Z [36;1m  "package_url": "https://files.pythonhosted.org/packages/9a/9e/dc13c232c12d76fd2505268406d05819e9bcd5000f6f1c1279125f277f57/lxml-2.0.tar.gz",[0m
2022-12-27T11:24:55.8480440Z [36;1m  "package_version": "2.0",[0m
2022-12-27T11:24:55.8480560Z [36;1m  "python_version": "3.8",[0m
2022-12-27T11:24:55.8480660Z [36;1m  "use_ccache": "true"[0m
2022-12-27T11:24:55.8480820Z [36;1m}'[0m
2022-12-27T11:24:55.8495680Z shell: /bin/bash -e {0}
2022-12-27T11:24:55.8495840Z ##[endgroup]
2022-12-27T11:24:55.8714750Z {
2022-12-27T11:24:55.8716210Z   "package_name": "lxml",
2022-12-27T11:24:55.8717000Z   "package_url": "https://files.pythonhosted.org/packages/9a/9e/dc13c232c12d76fd2505268406d05819e9bcd5000f6f1c1279125f277f57/lxml-2.0.tar.gz",
2022-12-27T11:24:55.8717260Z   "package_version": "2.0",
2022-12-27T11:24:55.8717480Z   "python_version": "3.8",
2022-12-27T11:24:55.8717630Z   "use_ccache": "true"
2022-12-27T11:24:55.8717820Z }
2022-12-27T11:24:55.8937440Z ##[group]Run actions/setup-python@v4
2022-12-27T11:24:55.8937650Z with:
2022-12-27T11:24:55.8937830Z   python-version: 3.8
2022-12-27T11:24:55.8938020Z   check-latest: false
2022-12-27T11:24:55.8938350Z   token: ***
2022-12-27T11:24:55.8938540Z   update-environment: true
2022-12-27T11:24:55.8938720Z ##[endgroup]
2022-12-27T11:24:56.0197080Z ##[group]Installed versions
2022-12-27T11:24:56.0302590Z Successfully set up CPython (3.8.15)
2022-12-27T11:24:56.0303450Z ##[endgroup]
2022-12-27T11:24:56.0459020Z ##[group]Run if [ "true" == "true" ]
2022-12-27T11:24:56.0459370Z [36;1mif [ "true" == "true" ][0m
2022-12-27T11:24:56.0459570Z [36;1mthen[0m
2022-12-27T11:24:56.0459790Z [36;1m  echo "CCACHE_PATH_PREPEND=/usr/local/opt/ccache/libexec" >> $GITHUB_OUTPUT[0m
2022-12-27T11:24:56.0460020Z [36;1melse[0m
2022-12-27T11:24:56.0460190Z [36;1m  echo "CCACHE_PATH_PREPEND=" >> $GITHUB_OUTPUT[0m
2022-12-27T11:24:56.0460430Z [36;1mfi[0m
2022-12-27T11:24:56.0476960Z shell: /bin/bash -e {0}
2022-12-27T11:24:56.0477150Z env:
2022-12-27T11:24:56.0477460Z   pythonLocation: /Users/runner/hostedtoolcache/Python/3.8.15/x64
2022-12-27T11:24:56.0477740Z   PKG_CONFIG_PATH: /Users/runner/hostedtoolcache/Python/3.8.15/x64/lib/pkgconfig
2022-12-27T11:24:56.0478000Z   Python_ROOT_DIR: /Users/runner/hostedtoolcache/Python/3.8.15/x64
2022-12-27T11:24:56.0478210Z   Python2_ROOT_DIR: /Users/runner/hostedtoolcache/Python/3.8.15/x64
2022-12-27T11:24:56.0478590Z   Python3_ROOT_DIR: /Users/runner/hostedtoolcache/Python/3.8.15/x64
2022-12-27T11:24:56.0479220Z ##[endgroup]
2022-12-27T11:24:56.0587680Z ##[group]Run echo "BUILD_NAME=$(echo lxml_2.0_3.8 | tr -dc '[:alnum:]\n\r' | tr '[:upper:]' '[:lower:]')" >> $GITHUB_OUTPUT
2022-12-27T11:24:56.0588070Z [36;1mecho "BUILD_NAME=$(echo lxml_2.0_3.8 | tr -dc '[:alnum:]\n\r' | tr '[:upper:]' '[:lower:]')" >> $GITHUB_OUTPUT[0m
2022-12-27T11:24:56.0601420Z shell: /bin/bash -e {0}
2022-12-27T11:24:56.0601770Z env:
2022-12-27T11:24:56.0644090Z   pythonLocation: /Users/runner/hostedtoolcache/Python/3.8.15/x64
2022-12-27T11:24:56.0644390Z   PKG_CONFIG_PATH: /Users/runner/hostedtoolcache/Python/3.8.15/x64/lib/pkgconfig
2022-12-27T11:24:56.0644650Z   Python_ROOT_DIR: /Users/runner/hostedtoolcache/Python/3.8.15/x64
2022-12-27T11:24:56.0644860Z   Python2_ROOT_DIR: /Users/runner/hostedtoolcache/Python/3.8.15/x64
2022-12-27T11:24:56.0645040Z   Python3_ROOT_DIR: /Users/runner/hostedtoolcache/Python/3.8.15/x64
2022-12-27T11:24:56.0645180Z ##[endgroup]
2022-12-27T11:24:56.0755180Z ##[group]Run echo "PYTHON_NO_DOTS=$(echo 3.8 | tr -dc '[:alnum:]\n\r' | tr '[:upper:]' '[:lower:]')" >> $GITHUB_OUTPUT
2022-12-27T11:24:56.0755750Z [36;1mecho "PYTHON_NO_DOTS=$(echo 3.8 | tr -dc '[:alnum:]\n\r' | tr '[:upper:]' '[:lower:]')" >> $GITHUB_OUTPUT[0m
2022-12-27T11:24:56.0769100Z shell: /bin/bash -e {0}
2022-12-27T11:24:56.0769240Z env:
2022-12-27T11:24:56.0769500Z   pythonLocation: /Users/runner/hostedtoolcache/Python/3.8.15/x64
2022-12-27T11:24:56.0770170Z   PKG_CONFIG_PATH: /Users/runner/hostedtoolcache/Python/3.8.15/x64/lib/pkgconfig
2022-12-27T11:24:56.0770410Z   Python_ROOT_DIR: /Users/runner/hostedtoolcache/Python/3.8.15/x64
2022-12-27T11:24:56.0770610Z   Python2_ROOT_DIR: /Users/runner/hostedtoolcache/Python/3.8.15/x64
2022-12-27T11:24:56.0770830Z   Python3_ROOT_DIR: /Users/runner/hostedtoolcache/Python/3.8.15/x64
2022-12-27T11:24:56.0771060Z ##[endgroup]
2022-12-27T11:24:56.0882600Z ##[group]Run rm -rf build_lxml2038
2022-12-27T11:24:56.0882950Z [36;1mrm -rf build_lxml2038[0m
2022-12-27T11:24:56.0883110Z [36;1mmkdir build_lxml2038[0m
2022-12-27T11:24:56.0883350Z [36;1mcd build_lxml2038[0m
2022-12-27T11:24:56.0883650Z [36;1m/usr/local/bin/wget --quiet https://files.pythonhosted.org/packages/9a/9e/dc13c232c12d76fd2505268406d05819e9bcd5000f6f1c1279125f277f57/lxml-2.0.tar.gz[0m
2022-12-27T11:24:56.0883910Z [36;1mtar xf *.tar.gz[0m
2022-12-27T11:24:56.0884040Z [36;1mcd *[0m
2022-12-27T11:24:56.0884270Z [36;1mpython -m pip install cibuildwheel==2.11.3[0m
2022-12-27T11:24:56.0884480Z [36;1mpython -m cibuildwheel --output-dir ../wheelsout[0m
2022-12-27T11:24:56.0897770Z shell: /bin/bash -e {0}
2022-12-27T11:24:56.0897960Z env:
2022-12-27T11:24:56.0898200Z   pythonLocation: /Users/runner/hostedtoolcache/Python/3.8.15/x64
2022-12-27T11:24:56.0898450Z   PKG_CONFIG_PATH: /Users/runner/hostedtoolcache/Python/3.8.15/x64/lib/pkgconfig
2022-12-27T11:24:56.0898720Z   Python_ROOT_DIR: /Users/runner/hostedtoolcache/Python/3.8.15/x64
2022-12-27T11:24:56.0898920Z   Python2_ROOT_DIR: /Users/runner/hostedtoolcache/Python/3.8.15/x64
2022-12-27T11:24:56.0899180Z   Python3_ROOT_DIR: /Users/runner/hostedtoolcache/Python/3.8.15/x64
2022-12-27T11:24:56.0899380Z   CIBW_ARCHS_MACOS: arm64
2022-12-27T11:24:56.0899520Z   CIBW_TEST_SKIP: *_arm64
2022-12-27T11:24:56.0899690Z   CIBW_BUILD: cp38-macosx_arm64
2022-12-27T11:24:56.0899870Z   CIBW_BUILD_FRONTEND: pip
2022-12-27T11:24:56.0900090Z   CIBW_BUILD_VERBOSITY: 3
2022-12-27T11:24:56.0900370Z   CIBW_ENVIRONMENT_MACOS:  CFLAGS="-I/usr/local/opt/openssl@3/include" LDFLAGS="-L/usr/local/opt/openssl@3/lib" CPPFLAGS="-I/usr/local/opt/openssl@3/include" MAKEFLAGS="-j$(sysctl -n hw.logicalcpu)" PATH=/usr/local/opt/ccache/libexec:$PATH
2022-12-27T11:24:56.0900740Z   CIBW_BEFORE_BUILD: pip install Cython; if [[ -f requirements.txt ]]; then pip install -r requirements.txt; fi
2022-12-27T11:24:56.0900980Z   MAKEFLAGS: -j$(sysctl -n hw.logicalcpu)
2022-12-27T11:24:56.0901180Z ##[endgroup]
2022-12-27T11:24:56.5678520Z Requirement already satisfied: cibuildwheel==2.11.3 in /Users/runner/hostedtoolcache/Python/3.8.15/x64/lib/python3.8/site-packages (2.11.3)
2022-12-27T11:24:56.6013550Z Requirement already satisfied: packaging>=20.9 in /Users/runner/hostedtoolcache/Python/3.8.15/x64/lib/python3.8/site-packages (from cibuildwheel==2.11.3) (22.0)
2022-12-27T11:24:56.6018800Z Requirement already satisfied: bashlex!=0.13 in /Users/runner/hostedtoolcache/Python/3.8.15/x64/lib/python3.8/site-packages (from cibuildwheel==2.11.3) (0.16)
2022-12-27T11:24:56.6024440Z Requirement already satisfied: tomli in /Users/runner/hostedtoolcache/Python/3.8.15/x64/lib/python3.8/site-packages (from cibuildwheel==2.11.3) (2.0.1)
2022-12-27T11:24:56.6027850Z Requirement already satisfied: platformdirs in /Users/runner/hostedtoolcache/Python/3.8.15/x64/lib/python3.8/site-packages (from cibuildwheel==2.11.3) (2.6.0)
2022-12-27T11:24:56.6031480Z Requirement already satisfied: bracex in /Users/runner/hostedtoolcache/Python/3.8.15/x64/lib/python3.8/site-packages (from cibuildwheel==2.11.3) (2.3.post1)
2022-12-27T11:24:56.6034490Z Requirement already satisfied: filelock in /Users/runner/hostedtoolcache/Python/3.8.15/x64/lib/python3.8/site-packages (from cibuildwheel==2.11.3) (3.8.2)
2022-12-27T11:24:56.6044350Z Requirement already satisfied: typing-extensions>=4.1.0 in /Users/runner/hostedtoolcache/Python/3.8.15/x64/lib/python3.8/site-packages (from cibuildwheel==2.11.3) (4.4.0)
2022-12-27T11:24:56.6047930Z Requirement already satisfied: certifi in /Users/runner/hostedtoolcache/Python/3.8.15/x64/lib/python3.8/site-packages (from cibuildwheel==2.11.3) (2022.12.7)
2022-12-27T11:24:56.7686780Z 
2022-12-27T11:24:56.7687120Z      _ _       _ _   _       _           _
2022-12-27T11:24:56.7687410Z  ___|_| |_ _ _|_| |_| |_ _ _| |_ ___ ___| |
2022-12-27T11:24:56.7687920Z |  _| | . | | | | | . | | | |   | -_| -_| |
2022-12-27T11:24:56.7688800Z |___|_|___|___|_|_|___|_____|_|_|___|___|_|
2022-12-27T11:24:56.7689790Z 
2022-12-27T11:24:56.7690040Z cibuildwheel version 2.11.3
2022-12-27T11:24:56.7690190Z 
2022-12-27T11:24:56.7690310Z Build options:
2022-12-27T11:24:56.7690560Z   platform: macos
2022-12-27T11:24:56.7776880Z   architectures: arm64[0m
2022-12-27T11:24:56.7777420Z   build_selector: 
2022-12-27T11:24:56.7778150Z     build_config: cp38-macosx_arm64
2022-12-27T11:24:56.7778740Z     skip_config: 
2022-12-27T11:24:56.7779210Z     requires_python: None
2022-12-27T11:24:56.7779920Z     prerelease_pythons: False[0m
2022-12-27T11:24:56.7780450Z   [38;5;244mcontainer_engine: docker[0m
2022-12-27T11:24:56.7780930Z   output_dir: /Users/runner/actions-runner/_work/python.build/python.build/build_lxml2038/wheelsout[0m
2022-12-27T11:24:56.7781450Z   package_dir: /Users/runner/actions-runner/_work/python.build/python.build/build_lxml2038/lxml-2.0[0m
2022-12-27T11:24:56.7781830Z   test_selector: 
2022-12-27T11:24:56.7782170Z     skip_config: *_arm64[0m
2022-12-27T11:24:56.7782480Z   [38;5;244mbefore_all: [0m
2022-12-27T11:24:56.7782920Z   before_build: pip install Cython; if [[ -f requirements.txt ]]; then pip install -r requirements.txt; fi[0m
2022-12-27T11:24:56.7783300Z   [38;5;244mbefore_test: [0m
2022-12-27T11:24:56.7783570Z   [38;5;244mbuild_frontend: pip[0m
2022-12-27T11:24:56.7783940Z   build_verbosity: 3[0m
2022-12-27T11:24:56.7784230Z   [38;5;244mconfig_settings: [0m
2022-12-27T11:24:56.7784520Z   [38;5;244mdependency_constraints: pinned[0m
2022-12-27T11:24:56.7784780Z   environment: 
2022-12-27T11:24:56.7785160Z     CFLAGS="-I/usr/local/opt/openssl@3/include"
2022-12-27T11:24:56.7785470Z     LDFLAGS="-L/usr/local/opt/openssl@3/lib"
2022-12-27T11:24:56.7785820Z     CPPFLAGS="-I/usr/local/opt/openssl@3/include"
2022-12-27T11:24:56.7786170Z     MAKEFLAGS="-j$(sysctl -n hw.logicalcpu)"
2022-12-27T11:24:56.7786470Z     PATH=/usr/local/opt/ccache/libexec:$PATH[0m
2022-12-27T11:24:56.7786840Z   [38;5;244mmanylinux_images: None[0m
2022-12-27T11:24:56.7787150Z   [38;5;244mmusllinux_images: None[0m
2022-12-27T11:24:56.7787570Z   [38;5;244mrepair_command: delocate-wheel --require-archs {delocate_archs} -w {dest_dir} -v {wheel}[0m
2022-12-27T11:24:56.7787900Z   [38;5;244mtest_command: [0m
2022-12-27T11:24:56.7788520Z   [38;5;244mtest_extras: [0m
2022-12-27T11:24:56.7788870Z   [38;5;244mtest_requires: [0m
2022-12-27T11:24:56.7788980Z 
2022-12-27T11:24:56.7789130Z Cache folder: /Users/runner/Library/Caches/cibuildwheel
2022-12-27T11:24:56.7794220Z 
2022-12-27T11:24:56.7794440Z Here we go!
2022-12-27T11:24:56.7794570Z 
2022-12-27T11:24:56.7920730Z 
2022-12-27T11:24:56.7921110Z [1m[34mBuilding cp38-macosx_arm64 wheel[0m
2022-12-27T11:24:56.7921660Z CPython 3.8 macOS arm64 - Apple Silicon
2022-12-27T11:24:56.7921830Z 
2022-12-27T11:24:56.7924440Z ##[group]Installing Python cp38...
2022-12-27T11:24:56.7924630Z 
2022-12-27T11:24:56.7925620Z + pkgutil --pkgs
2022-12-27T11:24:56.8018990Z ##[endgroup]
2022-12-27T11:24:56.8019970Z                                                               [32mâœ“ [0m0.01s
2022-12-27T11:24:56.8020450Z ##[group]Setting up build environment...
2022-12-27T11:24:56.8020590Z 
2022-12-27T11:24:56.8038860Z + /Users/runner/hostedtoolcache/Python/3.8.15/x64/bin/python -sS /Users/runner/Library/Caches/cibuildwheel/virtualenv-20.17.0.pyz --activators= --no-periodic-update --pip=22.3.1 --setuptools=65.6.3 --wheel=0.38.4 --symlink-app-data --python /Library/Frameworks/Python.framework/Versions/3.8/bin/python3 /private/var/folders/51/hd414ycd67n82196sw51xqtc0000gn/T/cibw-run-o8m91fvx/cp38-macosx_arm64/build/venv
2022-12-27T11:24:56.9959120Z created virtual environment CPython3.8.10.final.0-64 in 53ms
2022-12-27T11:24:56.9959710Z   creator CPython3Posix(dest=/private/var/folders/51/hd414ycd67n82196sw51xqtc0000gn/T/cibw-run-o8m91fvx/cp38-macosx_arm64/build/venv, clear=False, no_vcs_ignore=False, global=False)
2022-12-27T11:24:56.9960440Z   seeder FromAppData(download=False, pip=22.3.1, setuptools=65.6.3, wheel=0.38.4, via=symlink, app_data_dir=/Users/runner/Library/Application Support/virtualenv)
2022-12-27T11:24:56.9960890Z     added seed packages: pip==22.3.1, setuptools==65.6.3, wheel==0.38.4
2022-12-27T11:24:57.0071440Z + python -m pip install --upgrade pip -c /Users/runner/hostedtoolcache/Python/3.8.15/x64/lib/python3.8/site-packages/cibuildwheel/resources/constraints-python38.txt
2022-12-27T11:24:57.3129620Z Requirement already satisfied: pip in ./lib/python3.8/site-packages (22.3.1)
2022-12-27T11:24:57.4508390Z + which pip
2022-12-27T11:24:57.4526460Z /private/var/folders/51/hd414ycd67n82196sw51xqtc0000gn/T/cibw-run-o8m91fvx/cp38-macosx_arm64/build/venv/bin/pip
2022-12-27T11:24:57.4530230Z + pip --version
2022-12-27T11:24:57.6737860Z pip 22.3.1 from /private/var/folders/51/hd414ycd67n82196sw51xqtc0000gn/T/cibw-run-o8m91fvx/cp38-macosx_arm64/build/venv/lib/python3.8/site-packages/pip (python 3.8)
2022-12-27T11:24:57.6964800Z + which pip
2022-12-27T11:24:57.6992670Z + which python
2022-12-27T11:24:57.7011410Z /private/var/folders/51/hd414ycd67n82196sw51xqtc0000gn/T/cibw-run-o8m91fvx/cp38-macosx_arm64/build/venv/bin/python
2022-12-27T11:24:57.7013360Z + python --version
2022-12-27T11:24:57.7058100Z Python 3.8.10
2022-12-27T11:24:57.7061290Z + which python
2022-12-27T11:24:57.7126070Z ##[endgroup]
2022-12-27T11:24:57.7127060Z                                                               [32mâœ“ [0m0.91s
2022-12-27T11:24:57.7127620Z ##[group]Installing build tools...
2022-12-27T11:24:57.7127780Z 
2022-12-27T11:24:57.7128270Z + pip install --upgrade setuptools wheel delocate -c /Users/runner/hostedtoolcache/Python/3.8.15/x64/lib/python3.8/site-packages/cibuildwheel/resources/constraints-python38.txt
2022-12-27T11:24:58.0099530Z Requirement already satisfied: setuptools in /private/var/folders/51/hd414ycd67n82196sw51xqtc0000gn/T/cibw-run-o8m91fvx/cp38-macosx_arm64/build/venv/lib/python3.8/site-packages (65.6.3)
2022-12-27T11:24:58.2262810Z Requirement already satisfied: wheel in /private/var/folders/51/hd414ycd67n82196sw51xqtc0000gn/T/cibw-run-o8m91fvx/cp38-macosx_arm64/build/venv/lib/python3.8/site-packages (0.38.4)
2022-12-27T11:24:58.2788910Z Collecting delocate
2022-12-27T11:24:58.2813720Z   Using cached delocate-0.10.3-py3-none-any.whl (142 kB)
2022-12-27T11:24:58.3044370Z Collecting typing-extensions
2022-12-27T11:24:58.3064380Z   Using cached typing_extensions-4.4.0-py3-none-any.whl (26 kB)
2022-12-27T11:24:58.3307900Z Collecting packaging>=20.9
2022-12-27T11:24:58.3329010Z   Using cached packaging-21.3-py3-none-any.whl (40 kB)
2022-12-27T11:24:58.3704340Z Collecting pyparsing!=3.0.5,>=2.0.2
2022-12-27T11:24:58.3725480Z   Using cached pyparsing-3.0.9-py3-none-any.whl (98 kB)
2022-12-27T11:24:58.4093770Z Installing collected packages: typing-extensions, pyparsing, packaging, delocate
2022-12-27T11:24:58.5410820Z Successfully installed delocate-0.10.3 packaging-21.3 pyparsing-3.0.9 typing-extensions-4.4.0
2022-12-27T11:24:58.5863050Z ##[endgroup]
2022-12-27T11:24:58.5863730Z                                                               [32mâœ“ [0m0.87s
2022-12-27T11:24:58.5864220Z ##[group]Running before_build...
2022-12-27T11:24:58.5864390Z 
2022-12-27T11:24:58.5872160Z + pip install Cython; if [[ -f requirements.txt ]]; then pip install -r requirements.txt; fi
2022-12-27T11:24:59.2537430Z Collecting Cython
2022-12-27T11:24:59.2585850Z   Using cached Cython-0.29.32-py2.py3-none-any.whl (986 kB)
2022-12-27T11:24:59.3087490Z Installing collected packages: Cython
2022-12-27T11:24:59.7619670Z Successfully installed Cython-0.29.32
2022-12-27T11:24:59.8059890Z ##[endgroup]
2022-12-27T11:24:59.8060560Z                                                               [32mâœ“ [0m1.22s
2022-12-27T11:24:59.8061070Z ##[group]Building wheel...
2022-12-27T11:24:59.8061210Z 
2022-12-27T11:24:59.8067230Z + python -m pip wheel /Users/runner/actions-runner/_work/python.build/python.build/build_lxml2038/lxml-2.0 --wheel-dir=/private/var/folders/51/hd414ycd67n82196sw51xqtc0000gn/T/cibw-run-o8m91fvx/cp38-macosx_arm64/built_wheel --no-deps -vvv
2022-12-27T11:25:00.0823600Z Created temporary directory: /private/var/folders/51/hd414ycd67n82196sw51xqtc0000gn/T/pip-ephem-wheel-cache-a7sqo_yb
2022-12-27T11:25:00.0827210Z Created temporary directory: /private/var/folders/51/hd414ycd67n82196sw51xqtc0000gn/T/pip-build-tracker-u1f2j29w
2022-12-27T11:25:00.0829390Z Initialized build tracking at /private/var/folders/51/hd414ycd67n82196sw51xqtc0000gn/T/pip-build-tracker-u1f2j29w
2022-12-27T11:25:00.0830870Z Created build tracker: /private/var/folders/51/hd414ycd67n82196sw51xqtc0000gn/T/pip-build-tracker-u1f2j29w
2022-12-27T11:25:00.0832290Z Entered build tracker: /private/var/folders/51/hd414ycd67n82196sw51xqtc0000gn/T/pip-build-tracker-u1f2j29w
2022-12-27T11:25:00.0835840Z Created temporary directory: /private/var/folders/51/hd414ycd67n82196sw51xqtc0000gn/T/pip-wheel-mw3xlf53
2022-12-27T11:25:00.0841850Z Created temporary directory: /private/var/folders/51/hd414ycd67n82196sw51xqtc0000gn/T/pip-ephem-wheel-cache-s5gtl3qs
2022-12-27T11:25:00.0921350Z Processing /Users/runner/actions-runner/_work/python.build/python.build/build_lxml2038/lxml-2.0
2022-12-27T11:25:00.0926380Z   Added file:///Users/runner/actions-runner/_work/python.build/python.build/build_lxml2038/lxml-2.0 to build tracker '/private/var/folders/51/hd414ycd67n82196sw51xqtc0000gn/T/pip-build-tracker-u1f2j29w'
2022-12-27T11:25:00.0929710Z   Running setup.py (path:/Users/runner/actions-runner/_work/python.build/python.build/build_lxml2038/lxml-2.0/setup.py) egg_info for package from file:///Users/runner/actions-runner/_work/python.build/python.build/build_lxml2038/lxml-2.0
2022-12-27T11:25:00.0932890Z   Created temporary directory: /private/var/folders/51/hd414ycd67n82196sw51xqtc0000gn/T/pip-pip-egg-info-2syqxfge
2022-12-27T11:25:00.0934400Z   Preparing metadata (setup.py): started
2022-12-27T11:25:00.0936120Z   Running command python setup.py egg_info
2022-12-27T11:25:00.4654510Z   Building with Cython 0.29.32.
2022-12-27T11:25:00.4655890Z   Building lxml version 2.0.
2022-12-27T11:25:00.4657060Z   running egg_info
2022-12-27T11:25:00.4660280Z   creating /private/var/folders/51/hd414ycd67n82196sw51xqtc0000gn/T/pip-pip-egg-info-2syqxfge/lxml.egg-info
2022-12-27T11:25:00.4664440Z   writing /private/var/folders/51/hd414ycd67n82196sw51xqtc0000gn/T/pip-pip-egg-info-2syqxfge/lxml.egg-info/PKG-INFO
2022-12-27T11:25:00.4671190Z   writing dependency_links to /private/var/folders/51/hd414ycd67n82196sw51xqtc0000gn/T/pip-pip-egg-info-2syqxfge/lxml.egg-info/dependency_links.txt
2022-12-27T11:25:00.4673440Z   writing top-level names to /private/var/folders/51/hd414ycd67n82196sw51xqtc0000gn/T/pip-pip-egg-info-2syqxfge/lxml.egg-info/top_level.txt
2022-12-27T11:25:00.4675370Z   writing manifest file '/private/var/folders/51/hd414ycd67n82196sw51xqtc0000gn/T/pip-pip-egg-info-2syqxfge/lxml.egg-info/SOURCES.txt'
2022-12-27T11:25:00.4730380Z   reading manifest file '/private/var/folders/51/hd414ycd67n82196sw51xqtc0000gn/T/pip-pip-egg-info-2syqxfge/lxml.egg-info/SOURCES.txt'
2022-12-27T11:25:00.4733100Z   reading manifest template 'MANIFEST.in'
2022-12-27T11:25:00.5536340Z   warning: no previously-included files found matching 'doc/pyrex.txt'
2022-12-27T11:25:00.5538150Z   adding license file 'LICENSES.txt'
2022-12-27T11:25:00.5593920Z   writing manifest file '/private/var/folders/51/hd414ycd67n82196sw51xqtc0000gn/T/pip-pip-egg-info-2syqxfge/lxml.egg-info/SOURCES.txt'
2022-12-27T11:25:00.5840910Z   Preparing metadata (setup.py): finished with status 'done'
2022-12-27T11:25:00.5864870Z   Source in /Users/runner/actions-runner/_work/python.build/python.build/build_lxml2038/lxml-2.0 has version 2.0, which satisfies requirement lxml==2.0 from file:///Users/runner/actions-runner/_work/python.build/python.build/build_lxml2038/lxml-2.0
2022-12-27T11:25:00.5868300Z   Removed lxml==2.0 from file:///Users/runner/actions-runner/_work/python.build/python.build/build_lxml2038/lxml-2.0 from build tracker '/private/var/folders/51/hd414ycd67n82196sw51xqtc0000gn/T/pip-build-tracker-u1f2j29w'
2022-12-27T11:25:00.5997410Z Created temporary directory: /private/var/folders/51/hd414ycd67n82196sw51xqtc0000gn/T/pip-unpack-f_kmm2bd
2022-12-27T11:25:00.6000110Z Building wheels for collected packages: lxml
2022-12-27T11:25:00.6007610Z   Created temporary directory: /private/var/folders/51/hd414ycd67n82196sw51xqtc0000gn/T/pip-wheel-04htfg8i
2022-12-27T11:25:00.6010940Z   Building wheel for lxml (setup.py): started
2022-12-27T11:25:00.6014070Z   Destination directory: /private/var/folders/51/hd414ycd67n82196sw51xqtc0000gn/T/pip-wheel-04htfg8i
2022-12-27T11:25:00.6016170Z   Running command python setup.py bdist_wheel
2022-12-27T11:25:00.8570980Z   Building with Cython 0.29.32.
2022-12-27T11:25:00.8572160Z   Building lxml version 2.0.
2022-12-27T11:25:00.9768900Z   running bdist_wheel
2022-12-27T11:25:00.9810130Z   running build
2022-12-27T11:25:00.9812550Z   running build_py
2022-12-27T11:25:00.9833340Z   creating build
2022-12-27T11:25:00.9836360Z   creating build/lib.macosx-11.0-arm64-cpython-38
2022-12-27T11:25:00.9838220Z   creating build/lib.macosx-11.0-arm64-cpython-38/lxml
2022-12-27T11:25:00.9840150Z   copying src/lxml/_elementpath.py -> build/lib.macosx-11.0-arm64-cpython-38/lxml
2022-12-27T11:25:00.9841950Z   copying src/lxml/sax.py -> build/lib.macosx-11.0-arm64-cpython-38/lxml
2022-12-27T11:25:00.9843480Z   copying src/lxml/__init__.py -> build/lib.macosx-11.0-arm64-cpython-38/lxml
2022-12-27T11:25:00.9846860Z   copying src/lxml/builder.py -> build/lib.macosx-11.0-arm64-cpython-38/lxml
2022-12-27T11:25:00.9849520Z   copying src/lxml/doctestcompare.py -> build/lib.macosx-11.0-arm64-cpython-38/lxml
2022-12-27T11:25:00.9852210Z   copying src/lxml/usedoctest.py -> build/lib.macosx-11.0-arm64-cpython-38/lxml
2022-12-27T11:25:00.9854540Z   copying src/lxml/cssselect.py -> build/lib.macosx-11.0-arm64-cpython-38/lxml
2022-12-27T11:25:00.9859640Z   copying src/lxml/htmlbuilder.py -> build/lib.macosx-11.0-arm64-cpython-38/lxml
2022-12-27T11:25:00.9862130Z   copying src/lxml/ElementInclude.py -> build/lib.macosx-11.0-arm64-cpython-38/lxml
2022-12-27T11:25:00.9867380Z   creating build/lib.macosx-11.0-arm64-cpython-38/lxml/html
2022-12-27T11:25:00.9869410Z   copying src/lxml/html/defs.py -> build/lib.macosx-11.0-arm64-cpython-38/lxml/html
2022-12-27T11:25:00.9870850Z   copying src/lxml/html/setmixin.py -> build/lib.macosx-11.0-arm64-cpython-38/lxml/html
2022-12-27T11:25:00.9874060Z   copying src/lxml/html/clean.py -> build/lib.macosx-11.0-arm64-cpython-38/lxml/html
2022-12-27T11:25:00.9877580Z   copying src/lxml/html/_diffcommand.py -> build/lib.macosx-11.0-arm64-cpython-38/lxml/html
2022-12-27T11:25:00.9880350Z   copying src/lxml/html/__init__.py -> build/lib.macosx-11.0-arm64-cpython-38/lxml/html
2022-12-27T11:25:00.9883200Z   copying src/lxml/html/formfill.py -> build/lib.macosx-11.0-arm64-cpython-38/lxml/html
2022-12-27T11:25:00.9885890Z   copying src/lxml/html/builder.py -> build/lib.macosx-11.0-arm64-cpython-38/lxml/html
2022-12-27T11:25:00.9888760Z   copying src/lxml/html/ElementSoup.py -> build/lib.macosx-11.0-arm64-cpython-38/lxml/html
2022-12-27T11:25:00.9890910Z   copying src/lxml/html/usedoctest.py -> build/lib.macosx-11.0-arm64-cpython-38/lxml/html
2022-12-27T11:25:00.9895010Z   copying src/lxml/html/diff.py -> build/lib.macosx-11.0-arm64-cpython-38/lxml/html
2022-12-27T11:25:00.9897110Z   copying src/lxml/html/_dictmixin.py -> build/lib.macosx-11.0-arm64-cpython-38/lxml/html
2022-12-27T11:25:00.9906420Z   running build_ext
2022-12-27T11:25:01.0310270Z   skipping 'src/lxml/lxml.etree.c' Cython extension (up-to-date)
2022-12-27T11:25:01.0311870Z   skipping 'src/lxml/lxml.objectify.c' Cython extension (up-to-date)
2022-12-27T11:25:01.0313840Z   skipping 'src/lxml/lxml.pyclasslookup.c' Cython extension (up-to-date)
2022-12-27T11:25:01.0315450Z   building 'lxml.etree' extension
2022-12-27T11:25:01.0317810Z   creating build/temp.macosx-11.0-arm64-cpython-38
2022-12-27T11:25:01.0319430Z   creating build/temp.macosx-11.0-arm64-cpython-38/src
2022-12-27T11:25:01.0320840Z   creating build/temp.macosx-11.0-arm64-cpython-38/src/lxml
2022-12-27T11:25:01.0323760Z   gcc -Wno-unused-result -Wsign-compare -Wunreachable-code -fno-common -dynamic -DNDEBUG -g -fwrapv -O3 -Wall -g -I/usr/local/opt/openssl@3/include -I/usr/local/opt/openssl@3/include -arch arm64 -I/private/var/folders/51/hd414ycd67n82196sw51xqtc0000gn/T/cibw-run-o8m91fvx/cp38-macosx_arm64/build/venv/include -I/Library/Frameworks/Python.framework/Versions/3.8/include/python3.8 -c src/lxml/lxml.etree.c -o build/temp.macosx-11.0-arm64-cpython-38/src/lxml/lxml.etree.o -w b'-I/Library/Developer/CommandLineTools/SDKs/MacOSX12.1.sdk/usr/include\n'
2022-12-27T11:25:01.0567340Z   clang: error: no such file or directory: 'b'-I/Library/Developer/CommandLineTools/SDKs/MacOSX12.1.sdk/usr/include\n''
2022-12-27T11:25:01.0579000Z   error: command '/usr/bin/gcc' failed with exit code 1
2022-12-27T11:25:01.0917270Z   error: subprocess-exited-with-error
2022-12-27T11:25:01.0917890Z   
2022-12-27T11:25:01.0918340Z   Ã— python setup.py bdist_wheel did not run successfully.
2022-12-27T11:25:01.0918670Z   â”‚ exit code: 1
2022-12-27T11:25:01.0919010Z   â•°â”€> See above for output.
2022-12-27T11:25:01.0919400Z   
2022-12-27T11:25:01.0919710Z   note: This error originates from a subprocess, and is likely not a problem with pip.
2022-12-27T11:25:01.0927730Z   full command: /private/var/folders/51/hd414ycd67n82196sw51xqtc0000gn/T/cibw-run-o8m91fvx/cp38-macosx_arm64/build/venv/bin/python -u -c '
2022-12-27T11:25:01.0928360Z   exec(compile('"'"''"'"''"'"'
2022-12-27T11:25:01.0928800Z   # This is <pip-setuptools-caller> -- a caller that pip uses to run setup.py
2022-12-27T11:25:01.0929580Z   #
2022-12-27T11:25:01.0929980Z   # - It imports setuptools before invoking setup.py, to enable projects that directly
2022-12-27T11:25:01.0930380Z   #   import from `distutils.core` to work with newer packaging standards.
2022-12-27T11:25:01.0930790Z   # - It provides a clear error message when setuptools is not installed.
2022-12-27T11:25:01.0931350Z   # - It sets `sys.argv[0]` to the underlying `setup.py`, when invoking `setup.py` so
2022-12-27T11:25:01.0931810Z   #   setuptools doesn'"'"'t think the script is `-c`. This avoids the following warning:
2022-12-27T11:25:01.0932240Z   #     manifest_maker: standard file '"'"'-c'"'"' not found".
2022-12-27T11:25:01.0932660Z   # - It generates a shim setup.py, for handling setup.cfg-only projects.
2022-12-27T11:25:01.0933380Z   import os, sys, tokenize
2022-12-27T11:25:01.0933600Z   
2022-12-27T11:25:01.0933770Z   try:
2022-12-27T11:25:01.0933990Z       import setuptools
2022-12-27T11:25:01.0934320Z   except ImportError as error:
2022-12-27T11:25:01.0934520Z       print(
2022-12-27T11:25:01.0934810Z           "ERROR: Can not execute `setup.py` since setuptools is not available in "
2022-12-27T11:25:01.0935110Z           "the build environment.",
2022-12-27T11:25:01.0935320Z           file=sys.stderr,
2022-12-27T11:25:01.0935590Z       )
2022-12-27T11:25:01.0935790Z       sys.exit(1)
2022-12-27T11:25:01.0935970Z   
2022-12-27T11:25:01.1002870Z   __file__ = %r
2022-12-27T11:25:01.1003080Z   sys.argv[0] = __file__
2022-12-27T11:25:01.1003260Z   
2022-12-27T11:25:01.1003450Z   if os.path.exists(__file__):
2022-12-27T11:25:01.1003640Z       filename = __file__
2022-12-27T11:25:01.1003810Z       with tokenize.open(__file__) as f:
2022-12-27T11:25:01.1004020Z           setup_py_code = f.read()
2022-12-27T11:25:01.1004340Z   else:
2022-12-27T11:25:01.1004600Z       filename = "<auto-generated setuptools caller>"
2022-12-27T11:25:01.1004810Z       setup_py_code = "from setuptools import setup; setup()"
2022-12-27T11:25:01.1004980Z   
2022-12-27T11:25:01.1005220Z   exec(compile(setup_py_code, filename, "exec"))
2022-12-27T11:25:01.1005730Z   '"'"''"'"''"'"' % ('"'"'/Users/runner/actions-runner/_work/python.build/python.build/build_lxml2038/lxml-2.0/setup.py'"'"',), "<pip-setuptools-caller>", "exec"))' bdist_wheel -d /private/var/folders/51/hd414ycd67n82196sw51xqtc0000gn/T/pip-wheel-04htfg8i
2022-12-27T11:25:01.1006190Z   cwd: /Users/runner/actions-runner/_work/python.build/python.build/build_lxml2038/lxml-2.0/
2022-12-27T11:25:01.1006450Z   ERROR: Failed building wheel for lxml
2022-12-27T11:25:01.1006940Z   Running command python setup.py clean
2022-12-27T11:25:01.1007250Z   Building wheel for lxml (setup.py): finished with status 'error'
2022-12-27T11:25:01.1007450Z   Running setup.py clean for lxml
2022-12-27T11:25:01.3475160Z   Building with Cython 0.29.32.
2022-12-27T11:25:01.3477030Z   Building lxml version 2.0.
2022-12-27T11:25:01.4570550Z   running clean
2022-12-27T11:25:01.4597940Z   removing 'build/temp.macosx-11.0-arm64-cpython-38' (and everything under it)
2022-12-27T11:25:01.4603170Z   removing 'build/lib.macosx-11.0-arm64-cpython-38' (and everything under it)
2022-12-27T11:25:01.4620280Z   'build/bdist.macosx-11.0-arm64' does not exist -- can't clean it
2022-12-27T11:25:01.4621880Z   'build/scripts-3.8' does not exist -- can't clean it
2022-12-27T11:25:01.4623930Z   removing 'build'
2022-12-27T11:25:01.4864990Z Failed to build lxml
2022-12-27T11:25:01.4869610Z ERROR: Failed to build one or more wheels
2022-12-27T11:25:01.4880030Z Exception information:
2022-12-27T11:25:01.4880350Z Traceback (most recent call last):
2022-12-27T11:25:01.4888010Z   File "/private/var/folders/51/hd414ycd67n82196sw51xqtc0000gn/T/cibw-run-o8m91fvx/cp38-macosx_arm64/build/venv/lib/python3.8/site-packages/pip/_internal/cli/base_command.py", line 160, in exc_logging_wrapper
2022-12-27T11:25:01.4888480Z     status = run_func(*args)
2022-12-27T11:25:01.4889120Z   File "/private/var/folders/51/hd414ycd67n82196sw51xqtc0000gn/T/cibw-run-o8m91fvx/cp38-macosx_arm64/build/venv/lib/python3.8/site-packages/pip/_internal/cli/req_command.py", line 247, in wrapper
2022-12-27T11:25:01.4889510Z     return func(self, options, args)
2022-12-27T11:25:01.4890160Z   File "/private/var/folders/51/hd414ycd67n82196sw51xqtc0000gn/T/cibw-run-o8m91fvx/cp38-macosx_arm64/build/venv/lib/python3.8/site-packages/pip/_internal/commands/wheel.py", line 201, in run
2022-12-27T11:25:01.4890560Z     raise CommandError("Failed to build one or more wheels")
2022-12-27T11:25:01.4890880Z pip._internal.exceptions.CommandError: Failed to build one or more wheels
2022-12-27T11:25:01.4891360Z Removed build tracker: '/private/var/folders/51/hd414ycd67n82196sw51xqtc0000gn/T/pip-build-tracker-u1f2j29w'
2022-12-27T11:25:01.5255020Z ##[endgroup]
2022-12-27T11:25:01.5256050Z                                                               [31mâœ• [0m1.72s
2022-12-27T11:25:01.5604960Z ##[error]Command ['python', '-m', 'pip', 'wheel', '/Users/runner/actions-runner/_work/python.build/python.build/build_lxml2038/lxml-2.0', '--wheel-dir=/private/var/folders/51/hd414ycd67n82196sw51xqtc0000gn/T/cibw-run-o8m91fvx/cp38-macosx_arm64/built_wheel', '--no-deps', '-vvv'] failed with code 1. None
2022-12-27T11:25:01.5611170Z 
2022-12-27T11:25:01.5725770Z ##[error]Process completed with exit code 1.
2022-12-27T11:25:01.5758710Z ##[group]Run rm -rf build_lxml2038 wheelsout
2022-12-27T11:25:01.5758970Z [36;1mrm -rf build_lxml2038 wheelsout[0m
2022-12-27T11:25:01.5773690Z shell: /bin/bash -e {0}
2022-12-27T11:25:01.5773870Z env:
2022-12-27T11:25:01.5774070Z   pythonLocation: /Users/runner/hostedtoolcache/Python/3.8.15/x64
2022-12-27T11:25:01.5774300Z   PKG_CONFIG_PATH: /Users/runner/hostedtoolcache/Python/3.8.15/x64/lib/pkgconfig
2022-12-27T11:25:01.5774540Z   Python_ROOT_DIR: /Users/runner/hostedtoolcache/Python/3.8.15/x64
2022-12-27T11:25:01.5774750Z   Python2_ROOT_DIR: /Users/runner/hostedtoolcache/Python/3.8.15/x64
2022-12-27T11:25:01.5774980Z   Python3_ROOT_DIR: /Users/runner/hostedtoolcache/Python/3.8.15/x64
2022-12-27T11:25:01.5775150Z ##[endgroup]
2022-12-27T11:25:01.6299170Z Cleaning up orphan processes
