2022-12-27T07:22:19.9539685Z Requested labels: self-hosted, macOS, X64
2022-12-27T07:22:19.9539776Z Job defined at: kilnbuild/python.build/.github/workflows/mac_arm_build.yml@refs/heads/main
2022-12-27T07:22:19.9539851Z Waiting for a runner to pick up this job...
2022-12-27T08:04:38.1877551Z Job is about to start running on the runner: kr2 (organization)
2022-12-27T08:04:45.2368170Z Current runner version: '2.300.2'
2022-12-27T08:04:45.2375360Z Runner name: 'kr2'
2022-12-27T08:04:45.2375770Z Runner group name: 'Default'
2022-12-27T08:04:45.2376530Z Machine name: 'kr2'
2022-12-27T08:04:45.2379040Z ##[group]GITHUB_TOKEN Permissions
2022-12-27T08:04:45.2379650Z Actions: write
2022-12-27T08:04:45.2379890Z Checks: write
2022-12-27T08:04:45.2380130Z Contents: write
2022-12-27T08:04:45.2380360Z Deployments: write
2022-12-27T08:04:45.2380620Z Discussions: write
2022-12-27T08:04:45.2380860Z Issues: write
2022-12-27T08:04:45.2381080Z Metadata: read
2022-12-27T08:04:45.2381330Z Packages: write
2022-12-27T08:04:45.2381570Z Pages: write
2022-12-27T08:04:45.2381810Z PullRequests: write
2022-12-27T08:04:45.2382090Z RepositoryProjects: write
2022-12-27T08:04:45.2382370Z SecurityEvents: write
2022-12-27T08:04:45.2382620Z Statuses: write
2022-12-27T08:04:45.2382850Z ##[endgroup]
2022-12-27T08:04:45.2386450Z Secret source: Actions
2022-12-27T08:04:45.2386910Z Prepare workflow directory
2022-12-27T08:04:45.3487870Z Prepare all required actions
2022-12-27T08:04:45.3692810Z Getting action download info
2022-12-27T08:04:45.7976390Z Download action repository 'actions/setup-python@v4' (SHA:5ccb29d8773c3f3f653e1705f474dfaa8a06a912)
2022-12-27T08:04:47.6822670Z Download action repository 'actions/upload-artifact@v3' (SHA:83fd05a356d7e2593de66fc9913b3002723633cb)
2022-12-27T08:04:49.1435510Z ##[group]Run echo '{
2022-12-27T08:04:49.1436060Z [36;1mecho '{[0m
2022-12-27T08:04:49.1436500Z [36;1m  "environment_variables": "GRPC_PYTHON_BUILD_WITH_CYTHON=1 GRPC_BUILD_WITH_BORING_SSL_ASM='' GRPC_PYTHON_BUILD_SYSTEM_OPENSSL=TRUE",[0m
2022-12-27T08:04:49.1436960Z [36;1m  "package_name": "grpcio-tools",[0m
2022-12-27T08:04:49.1437610Z [36;1m  "package_url": "https://files.pythonhosted.org/packages/3b/2f/660b97b8e282250eca1907a3a5c9040c744b661e78c7880da7b52ec79b56/grpcio-tools-1.1.0.tar.gz",[0m
2022-12-27T08:04:49.1438030Z [36;1m  "package_version": "1.1.0",[0m
2022-12-27T08:04:49.1438370Z [36;1m  "python_version": "3.7",[0m
2022-12-27T08:04:49.1438770Z [36;1m  "use_ccache": "true"[0m
2022-12-27T08:04:49.1439010Z [36;1m}'[0m
2022-12-27T08:04:49.1466410Z shell: /bin/bash -e {0}
2022-12-27T08:04:49.1466740Z ##[endgroup]
2022-12-27T08:04:49.1876290Z {
2022-12-27T08:04:49.1880220Z   "environment_variables": "GRPC_PYTHON_BUILD_WITH_CYTHON=1 GRPC_BUILD_WITH_BORING_SSL_ASM= GRPC_PYTHON_BUILD_SYSTEM_OPENSSL=TRUE",
2022-12-27T08:04:49.1881290Z   "package_name": "grpcio-tools",
2022-12-27T08:04:49.1882000Z   "package_url": "https://files.pythonhosted.org/packages/3b/2f/660b97b8e282250eca1907a3a5c9040c744b661e78c7880da7b52ec79b56/grpcio-tools-1.1.0.tar.gz",
2022-12-27T08:04:49.1882690Z   "package_version": "1.1.0",
2022-12-27T08:04:49.1883000Z   "python_version": "3.7",
2022-12-27T08:04:49.1883360Z   "use_ccache": "true"
2022-12-27T08:04:49.1883700Z }
2022-12-27T08:04:49.2266160Z ##[group]Run actions/setup-python@v4
2022-12-27T08:04:49.2266720Z with:
2022-12-27T08:04:49.2266970Z   python-version: 3.7
2022-12-27T08:04:49.2267390Z   check-latest: false
2022-12-27T08:04:49.2268000Z   token: ***
2022-12-27T08:04:49.2268320Z   update-environment: true
2022-12-27T08:04:49.2268690Z ##[endgroup]
2022-12-27T08:04:49.4540520Z ##[group]Installed versions
2022-12-27T08:04:49.4617050Z Successfully set up CPython (3.7.15)
2022-12-27T08:04:49.4618460Z ##[endgroup]
2022-12-27T08:04:49.4855720Z ##[group]Run if [ "true" == "true" ]
2022-12-27T08:04:49.4856190Z [36;1mif [ "true" == "true" ][0m
2022-12-27T08:04:49.4856590Z [36;1mthen[0m
2022-12-27T08:04:49.4857000Z [36;1m  echo "CCACHE_PATH_PREPEND=/usr/local/opt/ccache/libexec" >> $GITHUB_OUTPUT[0m
2022-12-27T08:04:49.4857490Z [36;1melse[0m
2022-12-27T08:04:49.4857820Z [36;1m  echo "CCACHE_PATH_PREPEND=" >> $GITHUB_OUTPUT[0m
2022-12-27T08:04:49.4858180Z [36;1mfi[0m
2022-12-27T08:04:49.4888470Z shell: /bin/bash -e {0}
2022-12-27T08:04:49.4888850Z env:
2022-12-27T08:04:49.4889190Z   pythonLocation: /Users/runner/hostedtoolcache/Python/3.7.15/x64
2022-12-27T08:04:49.4889810Z   PKG_CONFIG_PATH: /Users/runner/hostedtoolcache/Python/3.7.15/x64/lib/pkgconfig
2022-12-27T08:04:49.4890750Z   Python_ROOT_DIR: /Users/runner/hostedtoolcache/Python/3.7.15/x64
2022-12-27T08:04:49.4891140Z   Python2_ROOT_DIR: /Users/runner/hostedtoolcache/Python/3.7.15/x64
2022-12-27T08:04:49.4891730Z   Python3_ROOT_DIR: /Users/runner/hostedtoolcache/Python/3.7.15/x64
2022-12-27T08:04:49.4892220Z ##[endgroup]
2022-12-27T08:04:49.5167700Z ##[group]Run echo "BUILD_NAME=$(echo grpcio-tools_1.1.0_3.7 | tr -dc '[:alnum:]\n\r' | tr '[:upper:]' '[:lower:]')" >> $GITHUB_OUTPUT
2022-12-27T08:04:49.5168410Z [36;1mecho "BUILD_NAME=$(echo grpcio-tools_1.1.0_3.7 | tr -dc '[:alnum:]\n\r' | tr '[:upper:]' '[:lower:]')" >> $GITHUB_OUTPUT[0m
2022-12-27T08:04:49.5196870Z shell: /bin/bash -e {0}
2022-12-27T08:04:49.5197290Z env:
2022-12-27T08:04:49.5197610Z   pythonLocation: /Users/runner/hostedtoolcache/Python/3.7.15/x64
2022-12-27T08:04:49.5198070Z   PKG_CONFIG_PATH: /Users/runner/hostedtoolcache/Python/3.7.15/x64/lib/pkgconfig
2022-12-27T08:04:49.5198630Z   Python_ROOT_DIR: /Users/runner/hostedtoolcache/Python/3.7.15/x64
2022-12-27T08:04:49.5199010Z   Python2_ROOT_DIR: /Users/runner/hostedtoolcache/Python/3.7.15/x64
2022-12-27T08:04:49.5199530Z   Python3_ROOT_DIR: /Users/runner/hostedtoolcache/Python/3.7.15/x64
2022-12-27T08:04:49.5199900Z ##[endgroup]
2022-12-27T08:04:49.5454020Z ##[group]Run echo "PYTHON_NO_DOTS=$(echo 3.7 | tr -dc '[:alnum:]\n\r' | tr '[:upper:]' '[:lower:]')" >> $GITHUB_OUTPUT
2022-12-27T08:04:49.5454660Z [36;1mecho "PYTHON_NO_DOTS=$(echo 3.7 | tr -dc '[:alnum:]\n\r' | tr '[:upper:]' '[:lower:]')" >> $GITHUB_OUTPUT[0m
2022-12-27T08:04:49.5483040Z shell: /bin/bash -e {0}
2022-12-27T08:04:49.5483370Z env:
2022-12-27T08:04:49.5483850Z   pythonLocation: /Users/runner/hostedtoolcache/Python/3.7.15/x64
2022-12-27T08:04:49.5485400Z   PKG_CONFIG_PATH: /Users/runner/hostedtoolcache/Python/3.7.15/x64/lib/pkgconfig
2022-12-27T08:04:49.5485800Z   Python_ROOT_DIR: /Users/runner/hostedtoolcache/Python/3.7.15/x64
2022-12-27T08:04:49.5486310Z   Python2_ROOT_DIR: /Users/runner/hostedtoolcache/Python/3.7.15/x64
2022-12-27T08:04:49.5486840Z   Python3_ROOT_DIR: /Users/runner/hostedtoolcache/Python/3.7.15/x64
2022-12-27T08:04:49.5487150Z ##[endgroup]
2022-12-27T08:04:49.5783830Z ##[group]Run rm -rf build_grpciotools11037
2022-12-27T08:04:49.5784470Z [36;1mrm -rf build_grpciotools11037[0m
2022-12-27T08:04:49.5784770Z [36;1mmkdir build_grpciotools11037[0m
2022-12-27T08:04:49.5785120Z [36;1mcd build_grpciotools11037[0m
2022-12-27T08:04:49.5785670Z [36;1m/usr/local/bin/wget --quiet https://files.pythonhosted.org/packages/3b/2f/660b97b8e282250eca1907a3a5c9040c744b661e78c7880da7b52ec79b56/grpcio-tools-1.1.0.tar.gz[0m
2022-12-27T08:04:49.5786160Z [36;1mtar xf *.tar.gz[0m
2022-12-27T08:04:49.5786520Z [36;1mcd *[0m
2022-12-27T08:04:49.5786870Z [36;1mpython -m pip install cibuildwheel==2.11.3[0m
2022-12-27T08:04:49.5787280Z [36;1mpython -m cibuildwheel --output-dir ../wheelsout[0m
2022-12-27T08:04:49.5820700Z shell: /bin/bash -e {0}
2022-12-27T08:04:49.5821380Z env:
2022-12-27T08:04:49.5821860Z   pythonLocation: /Users/runner/hostedtoolcache/Python/3.7.15/x64
2022-12-27T08:04:49.5822420Z   PKG_CONFIG_PATH: /Users/runner/hostedtoolcache/Python/3.7.15/x64/lib/pkgconfig
2022-12-27T08:04:49.5822870Z   Python_ROOT_DIR: /Users/runner/hostedtoolcache/Python/3.7.15/x64
2022-12-27T08:04:49.5823410Z   Python2_ROOT_DIR: /Users/runner/hostedtoolcache/Python/3.7.15/x64
2022-12-27T08:04:49.5823850Z   Python3_ROOT_DIR: /Users/runner/hostedtoolcache/Python/3.7.15/x64
2022-12-27T08:04:49.5824170Z   CIBW_ARCHS_MACOS: arm64
2022-12-27T08:04:49.5824500Z   CIBW_TEST_SKIP: *_arm64
2022-12-27T08:04:49.5825030Z   CIBW_BUILD: cp37-macosx_arm64
2022-12-27T08:04:49.5825310Z   CIBW_BUILD_FRONTEND: pip
2022-12-27T08:04:49.5825650Z   CIBW_BUILD_VERBOSITY: 3
2022-12-27T08:04:49.5826310Z   CIBW_ENVIRONMENT_MACOS: GRPC_PYTHON_BUILD_WITH_CYTHON=1 GRPC_BUILD_WITH_BORING_SSL_ASM='' GRPC_PYTHON_BUILD_SYSTEM_OPENSSL=TRUE CFLAGS="-I/usr/local/opt/openssl@3/include" LDFLAGS="-L/usr/local/opt/openssl@3/lib" CPPFLAGS="-I/usr/local/opt/openssl@3/include" MAKEFLAGS="-j$(sysctl -n hw.logicalcpu)" PATH=/usr/local/opt/ccache/libexec:$PATH
2022-12-27T08:04:49.5827680Z   CIBW_BEFORE_BUILD: pip install Cython; if [[ -f requirements.txt ]]; then pip install -r requirements.txt; fi
2022-12-27T08:04:49.5828180Z   MAKEFLAGS: -j$(sysctl -n hw.logicalcpu)
2022-12-27T08:04:49.5828510Z ##[endgroup]
2022-12-27T08:04:50.4067440Z Requirement already satisfied: cibuildwheel==2.11.3 in /Users/runner/hostedtoolcache/Python/3.7.15/x64/lib/python3.7/site-packages (2.11.3)
2022-12-27T08:04:50.4562730Z Requirement already satisfied: bracex in /Users/runner/hostedtoolcache/Python/3.7.15/x64/lib/python3.7/site-packages (from cibuildwheel==2.11.3) (2.3.post1)
2022-12-27T08:04:50.4566260Z Requirement already satisfied: certifi in /Users/runner/hostedtoolcache/Python/3.7.15/x64/lib/python3.7/site-packages (from cibuildwheel==2.11.3) (2022.12.7)
2022-12-27T08:04:50.4575070Z Requirement already satisfied: bashlex!=0.13 in /Users/runner/hostedtoolcache/Python/3.7.15/x64/lib/python3.7/site-packages (from cibuildwheel==2.11.3) (0.16)
2022-12-27T08:04:50.4591160Z Requirement already satisfied: typing-extensions>=4.1.0 in /Users/runner/hostedtoolcache/Python/3.7.15/x64/lib/python3.7/site-packages (from cibuildwheel==2.11.3) (4.4.0)
2022-12-27T08:04:50.4601540Z Requirement already satisfied: tomli in /Users/runner/hostedtoolcache/Python/3.7.15/x64/lib/python3.7/site-packages (from cibuildwheel==2.11.3) (2.0.1)
2022-12-27T08:04:50.4606190Z Requirement already satisfied: filelock in /Users/runner/hostedtoolcache/Python/3.7.15/x64/lib/python3.7/site-packages (from cibuildwheel==2.11.3) (3.8.2)
2022-12-27T08:04:50.4614950Z Requirement already satisfied: packaging>=20.9 in /Users/runner/hostedtoolcache/Python/3.7.15/x64/lib/python3.7/site-packages (from cibuildwheel==2.11.3) (22.0)
2022-12-27T08:04:50.4619610Z Requirement already satisfied: platformdirs in /Users/runner/hostedtoolcache/Python/3.7.15/x64/lib/python3.7/site-packages (from cibuildwheel==2.11.3) (2.6.0)
2022-12-27T08:04:50.8098380Z 
2022-12-27T08:04:50.8100960Z      _ _       _ _   _       _           _
2022-12-27T08:04:50.8101900Z  ___|_| |_ _ _|_| |_| |_ _ _| |_ ___ ___| |
2022-12-27T08:04:50.8105650Z |  _| | . | | | | | . | | | |   | -_| -_| |
2022-12-27T08:04:50.8106750Z |___|_|___|___|_|_|___|_____|_|_|___|___|_|
2022-12-27T08:04:50.8107150Z 
2022-12-27T08:04:50.8108130Z cibuildwheel version 2.11.3
2022-12-27T08:04:50.8108570Z 
2022-12-27T08:04:50.8108880Z Build options:
2022-12-27T08:04:50.8109530Z   platform: macos
2022-12-27T08:04:50.8409380Z   architectures: arm64[0m
2022-12-27T08:04:50.8410280Z   build_selector: 
2022-12-27T08:04:50.8411890Z     build_config: cp37-macosx_arm64
2022-12-27T08:04:50.8413380Z cibuildwheel: No build identifiers selected: BuildSelector(build_config='cp37-macosx_arm64', skip_config='', requires_python=None, prerelease_pythons=False)
2022-12-27T08:04:50.8414020Z     skip_config: 
2022-12-27T08:04:50.8414400Z     requires_python: None
2022-12-27T08:04:50.8417000Z     prerelease_pythons: False[0m
2022-12-27T08:04:50.8419830Z   [38;5;244mcontainer_engine: docker[0m
2022-12-27T08:04:50.8420510Z   output_dir: /Users/runner/actions-runner/_work/python.build/python.build/build_grpciotools11037/wheelsout[0m
2022-12-27T08:04:50.8421260Z   package_dir: /Users/runner/actions-runner/_work/python.build/python.build/build_grpciotools11037/grpcio-tools-1.1.0[0m
2022-12-27T08:04:50.8422230Z   test_selector: 
2022-12-27T08:04:50.8422630Z     skip_config: *_arm64[0m
2022-12-27T08:04:50.8423060Z   [38;5;244mbefore_all: [0m
2022-12-27T08:04:50.8423630Z   before_build: pip install Cython; if [[ -f requirements.txt ]]; then pip install -r requirements.txt; fi[0m
2022-12-27T08:04:50.8424090Z   [38;5;244mbefore_test: [0m
2022-12-27T08:04:50.8424730Z   [38;5;244mbuild_frontend: pip[0m
2022-12-27T08:04:50.8425160Z   build_verbosity: 3[0m
2022-12-27T08:04:50.8425520Z   [38;5;244mconfig_settings: [0m
2022-12-27T08:04:50.8425990Z   [38;5;244mdependency_constraints: pinned[0m
2022-12-27T08:04:50.8427040Z   environment: 
2022-12-27T08:04:50.8427490Z     GRPC_PYTHON_BUILD_WITH_CYTHON=1
2022-12-27T08:04:50.8428020Z     GRPC_BUILD_WITH_BORING_SSL_ASM=''
2022-12-27T08:04:50.8428420Z     GRPC_PYTHON_BUILD_SYSTEM_OPENSSL=TRUE
2022-12-27T08:04:50.8428920Z     CFLAGS="-I/usr/local/opt/openssl@3/include"
2022-12-27T08:04:50.8429480Z     LDFLAGS="-L/usr/local/opt/openssl@3/lib"
2022-12-27T08:04:50.8429960Z     CPPFLAGS="-I/usr/local/opt/openssl@3/include"
2022-12-27T08:04:50.8430440Z     MAKEFLAGS="-j$(sysctl -n hw.logicalcpu)"
2022-12-27T08:04:50.8430850Z     PATH=/usr/local/opt/ccache/libexec:$PATH[0m
2022-12-27T08:04:50.8431310Z   [38;5;244mmanylinux_images: None[0m
2022-12-27T08:04:50.8431910Z   [38;5;244mmusllinux_images: None[0m
2022-12-27T08:04:50.8432410Z   [38;5;244mrepair_command: delocate-wheel --require-archs {delocate_archs} -w {dest_dir} -v {wheel}[0m
2022-12-27T08:04:50.8432910Z   [38;5;244mtest_command: [0m
2022-12-27T08:04:50.8433320Z   [38;5;244mtest_extras: [0m
2022-12-27T08:04:50.8433670Z   [38;5;244mtest_requires: [0m
2022-12-27T08:04:50.8434030Z 
2022-12-27T08:04:50.8434230Z Cache folder: /Users/runner/Library/Caches/cibuildwheel
2022-12-27T08:04:50.8434480Z 
2022-12-27T08:04:50.8434610Z Here we go!
2022-12-27T08:04:50.8434800Z 
2022-12-27T08:04:50.8660450Z ##[error]Process completed with exit code 3.
2022-12-27T08:04:50.8720300Z ##[group]Run rm -rf build_grpciotools11037 wheelsout
2022-12-27T08:04:50.8720670Z [36;1mrm -rf build_grpciotools11037 wheelsout[0m
2022-12-27T08:04:50.8747290Z shell: /bin/bash -e {0}
2022-12-27T08:04:50.8747600Z env:
2022-12-27T08:04:50.8747880Z   pythonLocation: /Users/runner/hostedtoolcache/Python/3.7.15/x64
2022-12-27T08:04:50.8748470Z   PKG_CONFIG_PATH: /Users/runner/hostedtoolcache/Python/3.7.15/x64/lib/pkgconfig
2022-12-27T08:04:50.8748900Z   Python_ROOT_DIR: /Users/runner/hostedtoolcache/Python/3.7.15/x64
2022-12-27T08:04:50.8749380Z   Python2_ROOT_DIR: /Users/runner/hostedtoolcache/Python/3.7.15/x64
2022-12-27T08:04:50.8749740Z   Python3_ROOT_DIR: /Users/runner/hostedtoolcache/Python/3.7.15/x64
2022-12-27T08:04:50.8750170Z ##[endgroup]
2022-12-27T08:04:50.9744620Z Cleaning up orphan processes
