2022-12-27T02:00:07.2836033Z Requested labels: self-hosted, macOS, X64
2022-12-27T02:00:07.2836099Z Job defined at: kilnbuild/python.build/.github/workflows/mac_arm_build.yml@refs/heads/main
2022-12-27T02:00:07.2836144Z Waiting for a runner to pick up this job...
2022-12-27T03:20:38.7886979Z Job is about to start running on the runner: s1 (organization)
2022-12-27T03:20:42.5312860Z Current runner version: '2.300.2'
2022-12-27T03:20:42.5317930Z Runner name: 's1'
2022-12-27T03:20:42.5318180Z Runner group name: 'Default'
2022-12-27T03:20:42.5318630Z Machine name: 's1'
2022-12-27T03:20:42.5320300Z ##[group]GITHUB_TOKEN Permissions
2022-12-27T03:20:42.5320720Z Actions: write
2022-12-27T03:20:42.5320870Z Checks: write
2022-12-27T03:20:42.5321010Z Contents: write
2022-12-27T03:20:42.5321150Z Deployments: write
2022-12-27T03:20:42.5321290Z Discussions: write
2022-12-27T03:20:42.5321430Z Issues: write
2022-12-27T03:20:42.5321560Z Metadata: read
2022-12-27T03:20:42.5321690Z Packages: write
2022-12-27T03:20:42.5321840Z Pages: write
2022-12-27T03:20:42.5321970Z PullRequests: write
2022-12-27T03:20:42.5322140Z RepositoryProjects: write
2022-12-27T03:20:42.5322310Z SecurityEvents: write
2022-12-27T03:20:42.5322450Z Statuses: write
2022-12-27T03:20:42.5322590Z ##[endgroup]
2022-12-27T03:20:42.5325490Z Secret source: Actions
2022-12-27T03:20:42.5325840Z Prepare workflow directory
2022-12-27T03:20:42.6012960Z Prepare all required actions
2022-12-27T03:20:42.6134920Z Getting action download info
2022-12-27T03:20:43.0721820Z Download action repository 'actions/setup-python@v4' (SHA:5ccb29d8773c3f3f653e1705f474dfaa8a06a912)
2022-12-27T03:20:44.9175580Z Download action repository 'actions/upload-artifact@v3' (SHA:83fd05a356d7e2593de66fc9913b3002723633cb)
2022-12-27T03:20:46.2385610Z ##[group]Run echo '{
2022-12-27T03:20:46.2385940Z [36;1mecho '{[0m
2022-12-27T03:20:46.2386180Z [36;1m  "environment_variables": "GRPC_PYTHON_BUILD_WITH_CYTHON=1 GRPC_BUILD_WITH_BORING_SSL_ASM='' GRPC_PYTHON_BUILD_SYSTEM_OPENSSL=TRUE",[0m
2022-12-27T03:20:46.2386440Z [36;1m  "package_name": "grpcio",[0m
2022-12-27T03:20:46.2386730Z [36;1m  "package_url": "https://files.pythonhosted.org/packages/76/13/2401628b905a1a5cad43f862f9787127d19cfc815462a87d993c225196cd/grpcio-0.4.0a8.tar.gz",[0m
2022-12-27T03:20:46.2386990Z [36;1m  "package_version": "0.4.0a8",[0m
2022-12-27T03:20:46.2387130Z [36;1m  "python_version": "3.10",[0m
2022-12-27T03:20:46.2387250Z [36;1m  "use_ccache": "true"[0m
2022-12-27T03:20:46.2387360Z [36;1m}'[0m
2022-12-27T03:20:46.2403170Z shell: /bin/bash -e {0}
2022-12-27T03:20:46.2403350Z ##[endgroup]
2022-12-27T03:20:46.2619210Z {
2022-12-27T03:20:46.2620800Z   "environment_variables": "GRPC_PYTHON_BUILD_WITH_CYTHON=1 GRPC_BUILD_WITH_BORING_SSL_ASM= GRPC_PYTHON_BUILD_SYSTEM_OPENSSL=TRUE",
2022-12-27T03:20:46.2621150Z   "package_name": "grpcio",
2022-12-27T03:20:46.2621740Z   "package_url": "https://files.pythonhosted.org/packages/76/13/2401628b905a1a5cad43f862f9787127d19cfc815462a87d993c225196cd/grpcio-0.4.0a8.tar.gz",
2022-12-27T03:20:46.2622030Z   "package_version": "0.4.0a8",
2022-12-27T03:20:46.2622220Z   "python_version": "3.10",
2022-12-27T03:20:46.2622380Z   "use_ccache": "true"
2022-12-27T03:20:46.2622580Z }
2022-12-27T03:20:46.2842780Z ##[group]Run actions/setup-python@v4
2022-12-27T03:20:46.2843060Z with:
2022-12-27T03:20:46.2843230Z   python-version: 3.10
2022-12-27T03:20:46.2843430Z   check-latest: false
2022-12-27T03:20:46.2843860Z   token: ***
2022-12-27T03:20:46.2844070Z   update-environment: true
2022-12-27T03:20:46.2844230Z ##[endgroup]
2022-12-27T03:20:46.4138590Z ##[group]Installed versions
2022-12-27T03:20:46.4180930Z Successfully set up CPython (3.10.9)
2022-12-27T03:20:46.4181530Z ##[endgroup]
2022-12-27T03:20:46.4328220Z ##[group]Run if [ "true" == "true" ]
2022-12-27T03:20:46.4328440Z [36;1mif [ "true" == "true" ][0m
2022-12-27T03:20:46.4328700Z [36;1mthen[0m
2022-12-27T03:20:46.4328920Z [36;1m  echo "CCACHE_PATH_PREPEND=/usr/local/opt/ccache/libexec" >> $GITHUB_OUTPUT[0m
2022-12-27T03:20:46.4329140Z [36;1melse[0m
2022-12-27T03:20:46.4329300Z [36;1m  echo "CCACHE_PATH_PREPEND=" >> $GITHUB_OUTPUT[0m
2022-12-27T03:20:46.4329520Z [36;1mfi[0m
2022-12-27T03:20:46.4346100Z shell: /bin/bash -e {0}
2022-12-27T03:20:46.4346270Z env:
2022-12-27T03:20:46.4346500Z   pythonLocation: /Users/runner/hostedtoolcache/Python/3.10.9/x64
2022-12-27T03:20:46.4346810Z   PKG_CONFIG_PATH: /Users/runner/hostedtoolcache/Python/3.10.9/x64/lib/pkgconfig
2022-12-27T03:20:46.4347460Z   Python_ROOT_DIR: /Users/runner/hostedtoolcache/Python/3.10.9/x64
2022-12-27T03:20:46.4347710Z   Python2_ROOT_DIR: /Users/runner/hostedtoolcache/Python/3.10.9/x64
2022-12-27T03:20:46.4347990Z   Python3_ROOT_DIR: /Users/runner/hostedtoolcache/Python/3.10.9/x64
2022-12-27T03:20:46.4348200Z ##[endgroup]
2022-12-27T03:20:46.4456420Z ##[group]Run echo "BUILD_NAME=$(echo grpcio_0.4.0a8_3.10 | tr -dc '[:alnum:]\n\r' | tr '[:upper:]' '[:lower:]')" >> $GITHUB_OUTPUT
2022-12-27T03:20:46.4456900Z [36;1mecho "BUILD_NAME=$(echo grpcio_0.4.0a8_3.10 | tr -dc '[:alnum:]\n\r' | tr '[:upper:]' '[:lower:]')" >> $GITHUB_OUTPUT[0m
2022-12-27T03:20:46.4471220Z shell: /bin/bash -e {0}
2022-12-27T03:20:46.4471480Z env:
2022-12-27T03:20:46.4471720Z   pythonLocation: /Users/runner/hostedtoolcache/Python/3.10.9/x64
2022-12-27T03:20:46.4472010Z   PKG_CONFIG_PATH: /Users/runner/hostedtoolcache/Python/3.10.9/x64/lib/pkgconfig
2022-12-27T03:20:46.4472260Z   Python_ROOT_DIR: /Users/runner/hostedtoolcache/Python/3.10.9/x64
2022-12-27T03:20:46.4472550Z   Python2_ROOT_DIR: /Users/runner/hostedtoolcache/Python/3.10.9/x64
2022-12-27T03:20:46.4472870Z   Python3_ROOT_DIR: /Users/runner/hostedtoolcache/Python/3.10.9/x64
2022-12-27T03:20:46.4473050Z ##[endgroup]
2022-12-27T03:20:46.4620610Z ##[group]Run echo "PYTHON_NO_DOTS=$(echo 3.10 | tr -dc '[:alnum:]\n\r' | tr '[:upper:]' '[:lower:]')" >> $GITHUB_OUTPUT
2022-12-27T03:20:46.4620990Z [36;1mecho "PYTHON_NO_DOTS=$(echo 3.10 | tr -dc '[:alnum:]\n\r' | tr '[:upper:]' '[:lower:]')" >> $GITHUB_OUTPUT[0m
2022-12-27T03:20:46.4634660Z shell: /bin/bash -e {0}
2022-12-27T03:20:46.4634810Z env:
2022-12-27T03:20:46.4635020Z   pythonLocation: /Users/runner/hostedtoolcache/Python/3.10.9/x64
2022-12-27T03:20:46.4635700Z   PKG_CONFIG_PATH: /Users/runner/hostedtoolcache/Python/3.10.9/x64/lib/pkgconfig
2022-12-27T03:20:46.4635920Z   Python_ROOT_DIR: /Users/runner/hostedtoolcache/Python/3.10.9/x64
2022-12-27T03:20:46.4636180Z   Python2_ROOT_DIR: /Users/runner/hostedtoolcache/Python/3.10.9/x64
2022-12-27T03:20:46.4636490Z   Python3_ROOT_DIR: /Users/runner/hostedtoolcache/Python/3.10.9/x64
2022-12-27T03:20:46.4636690Z ##[endgroup]
2022-12-27T03:20:46.4749290Z ##[group]Run rm -rf build_grpcio040a8310
2022-12-27T03:20:46.4749680Z [36;1mrm -rf build_grpcio040a8310[0m
2022-12-27T03:20:46.4749850Z [36;1mmkdir build_grpcio040a8310[0m
2022-12-27T03:20:46.4750040Z [36;1mcd build_grpcio040a8310[0m
2022-12-27T03:20:46.4750350Z [36;1m/usr/local/bin/wget --quiet https://files.pythonhosted.org/packages/76/13/2401628b905a1a5cad43f862f9787127d19cfc815462a87d993c225196cd/grpcio-0.4.0a8.tar.gz[0m
2022-12-27T03:20:46.4750650Z [36;1mtar xf *.tar.gz[0m
2022-12-27T03:20:46.4750820Z [36;1mcd grpcio-*/[0m
2022-12-27T03:20:46.4751020Z [36;1mpython -m pip install cibuildwheel==2.11.3[0m
2022-12-27T03:20:46.4751240Z [36;1mpython -m cibuildwheel --output-dir ../wheelsout[0m
2022-12-27T03:20:46.4765140Z shell: /bin/bash -e {0}
2022-12-27T03:20:46.4765340Z env:
2022-12-27T03:20:46.4765560Z   pythonLocation: /Users/runner/hostedtoolcache/Python/3.10.9/x64
2022-12-27T03:20:46.4765840Z   PKG_CONFIG_PATH: /Users/runner/hostedtoolcache/Python/3.10.9/x64/lib/pkgconfig
2022-12-27T03:20:46.4766140Z   Python_ROOT_DIR: /Users/runner/hostedtoolcache/Python/3.10.9/x64
2022-12-27T03:20:46.4766380Z   Python2_ROOT_DIR: /Users/runner/hostedtoolcache/Python/3.10.9/x64
2022-12-27T03:20:46.4766610Z   Python3_ROOT_DIR: /Users/runner/hostedtoolcache/Python/3.10.9/x64
2022-12-27T03:20:46.4766780Z   CIBW_ARCHS_MACOS: arm64
2022-12-27T03:20:46.4767000Z   CIBW_TEST_SKIP: *_arm64
2022-12-27T03:20:46.4767180Z   CIBW_BUILD: cp310-macosx_arm64
2022-12-27T03:20:46.4767340Z   CIBW_BUILD_FRONTEND: pip
2022-12-27T03:20:46.4767510Z   CIBW_BUILD_VERBOSITY: 3
2022-12-27T03:20:46.4767890Z   CIBW_ENVIRONMENT_MACOS: GRPC_PYTHON_BUILD_WITH_CYTHON=1 GRPC_BUILD_WITH_BORING_SSL_ASM='' GRPC_PYTHON_BUILD_SYSTEM_OPENSSL=TRUE CFLAGS="-I/usr/local/opt/openssl@3/include" LDFLAGS="-L/usr/local/opt/openssl@3/lib" CPPFLAGS="-I/usr/local/opt/openssl@3/include" MAKEFLAGS="-j$(sysctl -n hw.logicalcpu)" PATH=/usr/local/opt/ccache/libexec:$PATH
2022-12-27T03:20:46.4768540Z   CIBW_BEFORE_BUILD: pip install Cython; if [[ -f requirements.txt ]]; then pip install -r requirements.txt; fi
2022-12-27T03:20:46.4768790Z   MAKEFLAGS: -j$(sysctl -n hw.logicalcpu)
2022-12-27T03:20:46.4768940Z ##[endgroup]
2022-12-27T03:20:46.8099070Z Requirement already satisfied: cibuildwheel==2.11.3 in /Users/runner/hostedtoolcache/Python/3.10.9/x64/lib/python3.10/site-packages (2.11.3)
2022-12-27T03:20:46.8360610Z Requirement already satisfied: packaging>=20.9 in /Users/runner/hostedtoolcache/Python/3.10.9/x64/lib/python3.10/site-packages (from cibuildwheel==2.11.3) (22.0)
2022-12-27T03:20:46.8364030Z Requirement already satisfied: certifi in /Users/runner/hostedtoolcache/Python/3.10.9/x64/lib/python3.10/site-packages (from cibuildwheel==2.11.3) (2022.12.7)
2022-12-27T03:20:46.8367330Z Requirement already satisfied: platformdirs in /Users/runner/hostedtoolcache/Python/3.10.9/x64/lib/python3.10/site-packages (from cibuildwheel==2.11.3) (2.6.0)
2022-12-27T03:20:46.8377460Z Requirement already satisfied: typing-extensions>=4.1.0 in /Users/runner/hostedtoolcache/Python/3.10.9/x64/lib/python3.10/site-packages (from cibuildwheel==2.11.3) (4.4.0)
2022-12-27T03:20:46.8382420Z Requirement already satisfied: bashlex!=0.13 in /Users/runner/hostedtoolcache/Python/3.10.9/x64/lib/python3.10/site-packages (from cibuildwheel==2.11.3) (0.16)
2022-12-27T03:20:46.8385810Z Requirement already satisfied: filelock in /Users/runner/hostedtoolcache/Python/3.10.9/x64/lib/python3.10/site-packages (from cibuildwheel==2.11.3) (3.8.2)
2022-12-27T03:20:46.8391870Z Requirement already satisfied: tomli in /Users/runner/hostedtoolcache/Python/3.10.9/x64/lib/python3.10/site-packages (from cibuildwheel==2.11.3) (2.0.1)
2022-12-27T03:20:46.8395370Z Requirement already satisfied: bracex in /Users/runner/hostedtoolcache/Python/3.10.9/x64/lib/python3.10/site-packages (from cibuildwheel==2.11.3) (2.3.post1)
2022-12-27T03:20:47.0207170Z 
2022-12-27T03:20:47.0207530Z      _ _       _ _   _       _           _
2022-12-27T03:20:47.0208330Z  ___|_| |_ _ _|_| |_| |_ _ _| |_ ___ ___| |
2022-12-27T03:20:47.0209770Z |  _| | . | | | | | . | | | |   | -_| -_| |
2022-12-27T03:20:47.0210150Z |___|_|___|___|_|_|___|_____|_|_|___|___|_|
2022-12-27T03:20:47.0210300Z 
2022-12-27T03:20:47.0210540Z cibuildwheel version 2.11.3
2022-12-27T03:20:47.0210690Z 
2022-12-27T03:20:47.0210780Z Build options:
2022-12-27T03:20:47.0211010Z   platform: macos
2022-12-27T03:20:47.0268560Z   architectures: arm64[0m
2022-12-27T03:20:47.0269000Z   build_selector: 
2022-12-27T03:20:47.0270070Z     build_config: cp310-macosx_arm64
2022-12-27T03:20:47.0270520Z     skip_config: 
2022-12-27T03:20:47.0270880Z     requires_python: None
2022-12-27T03:20:47.0271530Z     prerelease_pythons: False[0m
2022-12-27T03:20:47.0272070Z   [38;5;244mcontainer_engine: docker[0m
2022-12-27T03:20:47.0272950Z   output_dir: /Users/runner/actions-runner/_work/python.build/python.build/build_grpcio040a8310/wheelsout[0m
2022-12-27T03:20:47.0273850Z   package_dir: /Users/runner/actions-runner/_work/python.build/python.build/build_grpcio040a8310/grpcio-0.4.0a8[0m
2022-12-27T03:20:47.0274300Z   test_selector: 
2022-12-27T03:20:47.0275120Z     skip_config: *_arm64[0m
2022-12-27T03:20:47.0275890Z   [38;5;244mbefore_all: [0m
2022-12-27T03:20:47.0276690Z   before_build: pip install Cython; if [[ -f requirements.txt ]]; then pip install -r requirements.txt; fi[0m
2022-12-27T03:20:47.0277430Z   [38;5;244mbefore_test: [0m
2022-12-27T03:20:47.0277890Z   [38;5;244mbuild_frontend: pip[0m
2022-12-27T03:20:47.0278280Z   build_verbosity: 3[0m
2022-12-27T03:20:47.0278680Z   [38;5;244mconfig_settings: [0m
2022-12-27T03:20:47.0279090Z   [38;5;244mdependency_constraints: pinned[0m
2022-12-27T03:20:47.0279480Z   environment: 
2022-12-27T03:20:47.0279870Z     GRPC_PYTHON_BUILD_WITH_CYTHON=1
2022-12-27T03:20:47.0280240Z     GRPC_BUILD_WITH_BORING_SSL_ASM=''
2022-12-27T03:20:47.0280860Z     GRPC_PYTHON_BUILD_SYSTEM_OPENSSL=TRUE
2022-12-27T03:20:47.0281310Z     CFLAGS="-I/usr/local/opt/openssl@3/include"
2022-12-27T03:20:47.0281920Z     LDFLAGS="-L/usr/local/opt/openssl@3/lib"
2022-12-27T03:20:47.0282350Z     CPPFLAGS="-I/usr/local/opt/openssl@3/include"
2022-12-27T03:20:47.0282730Z     MAKEFLAGS="-j$(sysctl -n hw.logicalcpu)"
2022-12-27T03:20:47.0283160Z     PATH=/usr/local/opt/ccache/libexec:$PATH[0m
2022-12-27T03:20:47.0283700Z   [38;5;244mmanylinux_images: None[0m
2022-12-27T03:20:47.0284050Z   [38;5;244mmusllinux_images: None[0m
2022-12-27T03:20:47.0284570Z   [38;5;244mrepair_command: delocate-wheel --require-archs {delocate_archs} -w {dest_dir} -v {wheel}[0m
2022-12-27T03:20:47.0285030Z   [38;5;244mtest_command: [0m
2022-12-27T03:20:47.0285340Z   [38;5;244mtest_extras: [0m
2022-12-27T03:20:47.0285860Z   [38;5;244mtest_requires: [0m
2022-12-27T03:20:47.0286040Z 
2022-12-27T03:20:47.0286210Z Cache folder: /Users/runner/Library/Caches/cibuildwheel
2022-12-27T03:20:47.0300660Z 
2022-12-27T03:20:47.0300810Z Here we go!
2022-12-27T03:20:47.0300980Z 
2022-12-27T03:20:47.0367700Z 
2022-12-27T03:20:47.0368190Z [1m[34mBuilding cp310-macosx_arm64 wheel[0m
2022-12-27T03:20:47.0368530Z CPython 3.10 macOS arm64 - Apple Silicon
2022-12-27T03:20:47.0368800Z 
2022-12-27T03:20:47.0371280Z ##[group]Installing Python cp310...
2022-12-27T03:20:47.0371460Z 
2022-12-27T03:20:47.0371650Z + pkgutil --pkgs
2022-12-27T03:20:47.0467890Z ##[endgroup]
2022-12-27T03:20:47.0468990Z                                                               [32mâœ“ [0m0.01s
2022-12-27T03:20:47.0469410Z ##[group]Setting up build environment...
2022-12-27T03:20:47.0469540Z 
2022-12-27T03:20:47.0487750Z + /Users/runner/hostedtoolcache/Python/3.10.9/x64/bin/python -sS /Users/runner/Library/Caches/cibuildwheel/virtualenv-20.17.0.pyz --activators= --no-periodic-update --pip=22.3.1 --setuptools=65.6.3 --wheel=0.38.4 --symlink-app-data --python /Library/Frameworks/Python.framework/Versions/3.10/bin/python3 /private/var/folders/51/hd414ycd67n82196sw51xqtc0000gn/T/cibw-run-6j_f2wx4/cp310-macosx_arm64/build/venv
2022-12-27T03:20:47.2414140Z created virtual environment CPython3.10.8.final.0-64 in 49ms
2022-12-27T03:20:47.2415110Z   creator CPython3Posix(dest=/private/var/folders/51/hd414ycd67n82196sw51xqtc0000gn/T/cibw-run-6j_f2wx4/cp310-macosx_arm64/build/venv, clear=False, no_vcs_ignore=False, global=False)
2022-12-27T03:20:47.2415670Z   seeder FromAppData(download=False, pip=22.3.1, setuptools=65.6.3, wheel=0.38.4, via=symlink, app_data_dir=/Users/runner/Library/Application Support/virtualenv)
2022-12-27T03:20:47.2416010Z     added seed packages: pip==22.3.1, setuptools==65.6.3, wheel==0.38.4
2022-12-27T03:20:47.2535540Z + python -m pip install --upgrade pip -c /Users/runner/hostedtoolcache/Python/3.10.9/x64/lib/python3.10/site-packages/cibuildwheel/resources/constraints-python310.txt
2022-12-27T03:20:47.5349040Z Requirement already satisfied: pip in ./lib/python3.10/site-packages (22.3.1)
2022-12-27T03:20:47.6661890Z + which pip
2022-12-27T03:20:47.6679950Z /private/var/folders/51/hd414ycd67n82196sw51xqtc0000gn/T/cibw-run-6j_f2wx4/cp310-macosx_arm64/build/venv/bin/pip
2022-12-27T03:20:47.6681990Z + pip --version
2022-12-27T03:20:47.8741910Z pip 22.3.1 from /private/var/folders/51/hd414ycd67n82196sw51xqtc0000gn/T/cibw-run-6j_f2wx4/cp310-macosx_arm64/build/venv/lib/python3.10/site-packages/pip (python 3.10)
2022-12-27T03:20:47.8961780Z + which pip
2022-12-27T03:20:47.8986950Z + which python
2022-12-27T03:20:47.9004790Z /private/var/folders/51/hd414ycd67n82196sw51xqtc0000gn/T/cibw-run-6j_f2wx4/cp310-macosx_arm64/build/venv/bin/python
2022-12-27T03:20:47.9006620Z + python --version
2022-12-27T03:20:47.9054130Z Python 3.10.8
2022-12-27T03:20:47.9056710Z + which python
2022-12-27T03:20:47.9109630Z ##[endgroup]
2022-12-27T03:20:47.9110190Z                                                               [32mâœ“ [0m0.86s
2022-12-27T03:20:47.9110810Z ##[group]Installing build tools...
2022-12-27T03:20:47.9111030Z 
2022-12-27T03:20:47.9111880Z + pip install --upgrade setuptools wheel delocate -c /Users/runner/hostedtoolcache/Python/3.10.9/x64/lib/python3.10/site-packages/cibuildwheel/resources/constraints-python310.txt
2022-12-27T03:20:48.1858300Z Requirement already satisfied: setuptools in /private/var/folders/51/hd414ycd67n82196sw51xqtc0000gn/T/cibw-run-6j_f2wx4/cp310-macosx_arm64/build/venv/lib/python3.10/site-packages (65.6.3)
2022-12-27T03:20:48.3806980Z Requirement already satisfied: wheel in /private/var/folders/51/hd414ycd67n82196sw51xqtc0000gn/T/cibw-run-6j_f2wx4/cp310-macosx_arm64/build/venv/lib/python3.10/site-packages (0.38.4)
2022-12-27T03:20:48.4231840Z Collecting delocate
2022-12-27T03:20:48.4254230Z   Using cached delocate-0.10.3-py3-none-any.whl (142 kB)
2022-12-27T03:20:48.4538080Z Collecting packaging>=20.9
2022-12-27T03:20:48.4557760Z   Using cached packaging-21.3-py3-none-any.whl (40 kB)
2022-12-27T03:20:48.4714370Z Collecting typing-extensions
2022-12-27T03:20:48.4731880Z   Using cached typing_extensions-4.4.0-py3-none-any.whl (26 kB)
2022-12-27T03:20:48.5081560Z Collecting pyparsing!=3.0.5,>=2.0.2
2022-12-27T03:20:48.5098640Z   Using cached pyparsing-3.0.9-py3-none-any.whl (98 kB)
2022-12-27T03:20:48.5433930Z Installing collected packages: typing-extensions, pyparsing, packaging, delocate
2022-12-27T03:20:48.6740970Z Successfully installed delocate-0.10.3 packaging-21.3 pyparsing-3.0.9 typing-extensions-4.4.0
2022-12-27T03:20:48.7184040Z ##[endgroup]
2022-12-27T03:20:48.7184870Z                                                               [32mâœ“ [0m0.81s
2022-12-27T03:20:48.7185290Z ##[group]Running before_build...
2022-12-27T03:20:48.7185440Z 
2022-12-27T03:20:48.7192370Z + pip install Cython; if [[ -f requirements.txt ]]; then pip install -r requirements.txt; fi
2022-12-27T03:20:49.3245860Z Collecting Cython
2022-12-27T03:20:49.3289250Z   Using cached Cython-0.29.32-py2.py3-none-any.whl (986 kB)
2022-12-27T03:20:49.3679490Z Installing collected packages: Cython
2022-12-27T03:20:49.7698930Z Successfully installed Cython-0.29.32
2022-12-27T03:20:49.8128200Z ##[endgroup]
2022-12-27T03:20:49.8128950Z                                                               [32mâœ“ [0m1.09s
2022-12-27T03:20:49.8129730Z ##[group]Building wheel...
2022-12-27T03:20:49.8129880Z 
2022-12-27T03:20:49.8134540Z + python -m pip wheel /Users/runner/actions-runner/_work/python.build/python.build/build_grpcio040a8310/grpcio-0.4.0a8 --wheel-dir=/private/var/folders/51/hd414ycd67n82196sw51xqtc0000gn/T/cibw-run-6j_f2wx4/cp310-macosx_arm64/built_wheel --no-deps -vvv
2022-12-27T03:20:50.0703340Z Created temporary directory: /private/var/folders/51/hd414ycd67n82196sw51xqtc0000gn/T/pip-ephem-wheel-cache-z9f9idt8
2022-12-27T03:20:50.0708370Z Created temporary directory: /private/var/folders/51/hd414ycd67n82196sw51xqtc0000gn/T/pip-build-tracker-s1ztgwi3
2022-12-27T03:20:50.0710220Z Initialized build tracking at /private/var/folders/51/hd414ycd67n82196sw51xqtc0000gn/T/pip-build-tracker-s1ztgwi3
2022-12-27T03:20:50.0711730Z Created build tracker: /private/var/folders/51/hd414ycd67n82196sw51xqtc0000gn/T/pip-build-tracker-s1ztgwi3
2022-12-27T03:20:50.0713030Z Entered build tracker: /private/var/folders/51/hd414ycd67n82196sw51xqtc0000gn/T/pip-build-tracker-s1ztgwi3
2022-12-27T03:20:50.0716260Z Created temporary directory: /private/var/folders/51/hd414ycd67n82196sw51xqtc0000gn/T/pip-wheel-_rgcfgjt
2022-12-27T03:20:50.0722370Z Created temporary directory: /private/var/folders/51/hd414ycd67n82196sw51xqtc0000gn/T/pip-ephem-wheel-cache-gs5mqbz7
2022-12-27T03:20:50.0864410Z Processing /Users/runner/actions-runner/_work/python.build/python.build/build_grpcio040a8310/grpcio-0.4.0a8
2022-12-27T03:20:50.0869630Z   Added file:///Users/runner/actions-runner/_work/python.build/python.build/build_grpcio040a8310/grpcio-0.4.0a8 to build tracker '/private/var/folders/51/hd414ycd67n82196sw51xqtc0000gn/T/pip-build-tracker-s1ztgwi3'
2022-12-27T03:20:50.0873290Z   Running setup.py (path:/Users/runner/actions-runner/_work/python.build/python.build/build_grpcio040a8310/grpcio-0.4.0a8/setup.py) egg_info for package from file:///Users/runner/actions-runner/_work/python.build/python.build/build_grpcio040a8310/grpcio-0.4.0a8
2022-12-27T03:20:50.0876490Z   Created temporary directory: /private/var/folders/51/hd414ycd67n82196sw51xqtc0000gn/T/pip-pip-egg-info-80pz4jxf
2022-12-27T03:20:50.0877990Z   Preparing metadata (setup.py): started
2022-12-27T03:20:50.0879710Z   Running command python setup.py egg_info
2022-12-27T03:20:50.2484570Z   running egg_info
2022-12-27T03:20:50.2486340Z   creating /private/var/folders/51/hd414ycd67n82196sw51xqtc0000gn/T/pip-pip-egg-info-80pz4jxf/grpcio.egg-info
2022-12-27T03:20:50.2489690Z   writing /private/var/folders/51/hd414ycd67n82196sw51xqtc0000gn/T/pip-pip-egg-info-80pz4jxf/grpcio.egg-info/PKG-INFO
2022-12-27T03:20:50.2491600Z   writing dependency_links to /private/var/folders/51/hd414ycd67n82196sw51xqtc0000gn/T/pip-pip-egg-info-80pz4jxf/grpcio.egg-info/dependency_links.txt
2022-12-27T03:20:50.2495000Z   writing requirements to /private/var/folders/51/hd414ycd67n82196sw51xqtc0000gn/T/pip-pip-egg-info-80pz4jxf/grpcio.egg-info/requires.txt
2022-12-27T03:20:50.2497120Z   writing top-level names to /private/var/folders/51/hd414ycd67n82196sw51xqtc0000gn/T/pip-pip-egg-info-80pz4jxf/grpcio.egg-info/top_level.txt
2022-12-27T03:20:50.2498930Z   writing manifest file '/private/var/folders/51/hd414ycd67n82196sw51xqtc0000gn/T/pip-pip-egg-info-80pz4jxf/grpcio.egg-info/SOURCES.txt'
2022-12-27T03:20:50.3363040Z   reading manifest file '/private/var/folders/51/hd414ycd67n82196sw51xqtc0000gn/T/pip-pip-egg-info-80pz4jxf/grpcio.egg-info/SOURCES.txt'
2022-12-27T03:20:50.3365590Z   reading manifest template 'MANIFEST.in'
2022-12-27T03:20:50.3397420Z   writing manifest file '/private/var/folders/51/hd414ycd67n82196sw51xqtc0000gn/T/pip-pip-egg-info-80pz4jxf/grpcio.egg-info/SOURCES.txt'
2022-12-27T03:20:50.3600710Z   Preparing metadata (setup.py): finished with status 'done'
2022-12-27T03:20:50.3623600Z   Source in /Users/runner/actions-runner/_work/python.build/python.build/build_grpcio040a8310/grpcio-0.4.0a8 has version 0.4.0a8, which satisfies requirement grpcio==0.4.0a8 from file:///Users/runner/actions-runner/_work/python.build/python.build/build_grpcio040a8310/grpcio-0.4.0a8
2022-12-27T03:20:50.3626730Z   Removed grpcio==0.4.0a8 from file:///Users/runner/actions-runner/_work/python.build/python.build/build_grpcio040a8310/grpcio-0.4.0a8 from build tracker '/private/var/folders/51/hd414ycd67n82196sw51xqtc0000gn/T/pip-build-tracker-s1ztgwi3'
2022-12-27T03:20:50.3643080Z Created temporary directory: /private/var/folders/51/hd414ycd67n82196sw51xqtc0000gn/T/pip-unpack-1ntwutrz
2022-12-27T03:20:50.3645320Z Building wheels for collected packages: grpcio
2022-12-27T03:20:50.3650950Z   Created temporary directory: /private/var/folders/51/hd414ycd67n82196sw51xqtc0000gn/T/pip-wheel-xu5f77u5
2022-12-27T03:20:50.3652580Z   Building wheel for grpcio (setup.py): started
2022-12-27T03:20:50.3654520Z   Destination directory: /private/var/folders/51/hd414ycd67n82196sw51xqtc0000gn/T/pip-wheel-xu5f77u5
2022-12-27T03:20:50.3656010Z   Running command python setup.py bdist_wheel
2022-12-27T03:20:50.5318350Z   running bdist_wheel
2022-12-27T03:20:50.6112400Z   running build
2022-12-27T03:20:50.6114660Z   running build_py
2022-12-27T03:20:50.6132880Z   creating build
2022-12-27T03:20:50.6134840Z   creating build/lib.macosx-11.0-arm64-cpython-310
2022-12-27T03:20:50.6136720Z   creating build/lib.macosx-11.0-arm64-cpython-310/grpc
2022-12-27T03:20:50.6138120Z   copying grpc/__init__.py -> build/lib.macosx-11.0-arm64-cpython-310/grpc
2022-12-27T03:20:50.6144940Z   creating build/lib.macosx-11.0-arm64-cpython-310/grpc/_adapter
2022-12-27T03:20:50.6146680Z   copying grpc/_adapter/fore.py -> build/lib.macosx-11.0-arm64-cpython-310/grpc/_adapter
2022-12-27T03:20:50.6149390Z   copying grpc/_adapter/_event_invocation_synchronous_event_service_test.py -> build/lib.macosx-11.0-arm64-cpython-310/grpc/_adapter
2022-12-27T03:20:50.6151600Z   copying grpc/_adapter/_lonely_rear_link_test.py -> build/lib.macosx-11.0-arm64-cpython-310/grpc/_adapter
2022-12-27T03:20:50.6154470Z   copying grpc/_adapter/_face_test_case.py -> build/lib.macosx-11.0-arm64-cpython-310/grpc/_adapter
2022-12-27T03:20:50.6157030Z   copying grpc/_adapter/_future_invocation_asynchronous_event_service_test.py -> build/lib.macosx-11.0-arm64-cpython-310/grpc/_adapter
2022-12-27T03:20:50.6159260Z   copying grpc/_adapter/_common.py -> build/lib.macosx-11.0-arm64-cpython-310/grpc/_adapter
2022-12-27T03:20:50.6162000Z   copying grpc/_adapter/__init__.py -> build/lib.macosx-11.0-arm64-cpython-310/grpc/_adapter
2022-12-27T03:20:50.6164520Z   copying grpc/_adapter/_low.py -> build/lib.macosx-11.0-arm64-cpython-310/grpc/_adapter
2022-12-27T03:20:50.6167470Z   copying grpc/_adapter/_blocking_invocation_inline_service_test.py -> build/lib.macosx-11.0-arm64-cpython-310/grpc/_adapter
2022-12-27T03:20:50.6170160Z   copying grpc/_adapter/_test_links.py -> build/lib.macosx-11.0-arm64-cpython-310/grpc/_adapter
2022-12-27T03:20:50.6172340Z   copying grpc/_adapter/rear.py -> build/lib.macosx-11.0-arm64-cpython-310/grpc/_adapter
2022-12-27T03:20:50.6174510Z   copying grpc/_adapter/_proto_scenarios.py -> build/lib.macosx-11.0-arm64-cpython-310/grpc/_adapter
2022-12-27T03:20:50.6177010Z   copying grpc/_adapter/_low_test.py -> build/lib.macosx-11.0-arm64-cpython-310/grpc/_adapter
2022-12-27T03:20:50.6179680Z   copying grpc/_adapter/_datatypes.py -> build/lib.macosx-11.0-arm64-cpython-310/grpc/_adapter
2022-12-27T03:20:50.6182480Z   copying grpc/_adapter/_links_test.py -> build/lib.macosx-11.0-arm64-cpython-310/grpc/_adapter
2022-12-27T03:20:50.6184610Z   copying grpc/_adapter/_c_test.py -> build/lib.macosx-11.0-arm64-cpython-310/grpc/_adapter
2022-12-27T03:20:50.6189410Z   creating build/lib.macosx-11.0-arm64-cpython-310/grpc/_junkdrawer
2022-12-27T03:20:50.6191290Z   copying grpc/_junkdrawer/stock_pb2.py -> build/lib.macosx-11.0-arm64-cpython-310/grpc/_junkdrawer
2022-12-27T03:20:50.6193260Z   copying grpc/_junkdrawer/__init__.py -> build/lib.macosx-11.0-arm64-cpython-310/grpc/_junkdrawer
2022-12-27T03:20:50.6195850Z   copying grpc/_junkdrawer/math_pb2.py -> build/lib.macosx-11.0-arm64-cpython-310/grpc/_junkdrawer
2022-12-27T03:20:50.6200780Z   creating build/lib.macosx-11.0-arm64-cpython-310/grpc/early_adopter
2022-12-27T03:20:50.6202400Z   copying grpc/early_adopter/__init__.py -> build/lib.macosx-11.0-arm64-cpython-310/grpc/early_adopter
2022-12-27T03:20:50.6205380Z   copying grpc/early_adopter/implementations_test.py -> build/lib.macosx-11.0-arm64-cpython-310/grpc/early_adopter
2022-12-27T03:20:50.6208710Z   copying grpc/early_adopter/implementations.py -> build/lib.macosx-11.0-arm64-cpython-310/grpc/early_adopter
2022-12-27T03:20:50.6213600Z   creating build/lib.macosx-11.0-arm64-cpython-310/grpc/framework
2022-12-27T03:20:50.6215260Z   copying grpc/framework/__init__.py -> build/lib.macosx-11.0-arm64-cpython-310/grpc/framework
2022-12-27T03:20:50.6220970Z   creating build/lib.macosx-11.0-arm64-cpython-310/grpc/framework/alpha
2022-12-27T03:20:50.6222710Z   copying grpc/framework/alpha/interfaces.py -> build/lib.macosx-11.0-arm64-cpython-310/grpc/framework/alpha
2022-12-27T03:20:50.6225570Z   copying grpc/framework/alpha/_face_utilities.py -> build/lib.macosx-11.0-arm64-cpython-310/grpc/framework/alpha
2022-12-27T03:20:50.6229500Z   copying grpc/framework/alpha/__init__.py -> build/lib.macosx-11.0-arm64-cpython-310/grpc/framework/alpha
2022-12-27T03:20:50.6231140Z   copying grpc/framework/alpha/exceptions.py -> build/lib.macosx-11.0-arm64-cpython-310/grpc/framework/alpha
2022-12-27T03:20:50.6234340Z   copying grpc/framework/alpha/_reexport.py -> build/lib.macosx-11.0-arm64-cpython-310/grpc/framework/alpha
2022-12-27T03:20:50.6237380Z   copying grpc/framework/alpha/utilities.py -> build/lib.macosx-11.0-arm64-cpython-310/grpc/framework/alpha
2022-12-27T03:20:50.6247040Z   creating build/lib.macosx-11.0-arm64-cpython-310/grpc/framework/base
2022-12-27T03:20:50.6248430Z   copying grpc/framework/base/interfaces.py -> build/lib.macosx-11.0-arm64-cpython-310/grpc/framework/base
2022-12-27T03:20:50.6251660Z   copying grpc/framework/base/_constants.py -> build/lib.macosx-11.0-arm64-cpython-310/grpc/framework/base
2022-12-27T03:20:50.6255020Z   copying grpc/framework/base/_expiration.py -> build/lib.macosx-11.0-arm64-cpython-310/grpc/framework/base
2022-12-27T03:20:50.6257320Z   copying grpc/framework/base/_transmission.py -> build/lib.macosx-11.0-arm64-cpython-310/grpc/framework/base
2022-12-27T03:20:50.6260700Z   copying grpc/framework/base/_reception.py -> build/lib.macosx-11.0-arm64-cpython-310/grpc/framework/base
2022-12-27T03:20:50.6263670Z   copying grpc/framework/base/_ingestion.py -> build/lib.macosx-11.0-arm64-cpython-310/grpc/framework/base
2022-12-27T03:20:50.6266670Z   copying grpc/framework/base/util.py -> build/lib.macosx-11.0-arm64-cpython-310/grpc/framework/base
2022-12-27T03:20:50.6269320Z   copying grpc/framework/base/_termination.py -> build/lib.macosx-11.0-arm64-cpython-310/grpc/framework/base
2022-12-27T03:20:50.6272400Z   copying grpc/framework/base/null.py -> build/lib.macosx-11.0-arm64-cpython-310/grpc/framework/base
2022-12-27T03:20:50.6275000Z   copying grpc/framework/base/__init__.py -> build/lib.macosx-11.0-arm64-cpython-310/grpc/framework/base
2022-12-27T03:20:50.6277680Z   copying grpc/framework/base/_interfaces.py -> build/lib.macosx-11.0-arm64-cpython-310/grpc/framework/base
2022-12-27T03:20:50.6280440Z   copying grpc/framework/base/_context.py -> build/lib.macosx-11.0-arm64-cpython-310/grpc/framework/base
2022-12-27T03:20:50.6283040Z   copying grpc/framework/base/implementations_test.py -> build/lib.macosx-11.0-arm64-cpython-310/grpc/framework/base
2022-12-27T03:20:50.6285770Z   copying grpc/framework/base/interfaces_test_case.py -> build/lib.macosx-11.0-arm64-cpython-310/grpc/framework/base
2022-12-27T03:20:50.6288830Z   copying grpc/framework/base/exceptions.py -> build/lib.macosx-11.0-arm64-cpython-310/grpc/framework/base
2022-12-27T03:20:50.6291680Z   copying grpc/framework/base/_ends.py -> build/lib.macosx-11.0-arm64-cpython-310/grpc/framework/base
2022-12-27T03:20:50.6294800Z   copying grpc/framework/base/_emission.py -> build/lib.macosx-11.0-arm64-cpython-310/grpc/framework/base
2022-12-27T03:20:50.6298050Z   copying grpc/framework/base/implementations.py -> build/lib.macosx-11.0-arm64-cpython-310/grpc/framework/base
2022-12-27T03:20:50.6300460Z   copying grpc/framework/base/in_memory.py -> build/lib.macosx-11.0-arm64-cpython-310/grpc/framework/base
2022-12-27T03:20:50.6303510Z   copying grpc/framework/base/_cancellation.py -> build/lib.macosx-11.0-arm64-cpython-310/grpc/framework/base
2022-12-27T03:20:50.6309150Z   creating build/lib.macosx-11.0-arm64-cpython-310/grpc/framework/common
2022-12-27T03:20:50.6311000Z   copying grpc/framework/common/style.py -> build/lib.macosx-11.0-arm64-cpython-310/grpc/framework/common
2022-12-27T03:20:50.6313570Z   copying grpc/framework/common/cardinality.py -> build/lib.macosx-11.0-arm64-cpython-310/grpc/framework/common
2022-12-27T03:20:50.6316960Z   copying grpc/framework/common/__init__.py -> build/lib.macosx-11.0-arm64-cpython-310/grpc/framework/common
2022-12-27T03:20:50.6325720Z   creating build/lib.macosx-11.0-arm64-cpython-310/grpc/framework/face
2022-12-27T03:20:50.6327470Z   copying grpc/framework/face/_service.py -> build/lib.macosx-11.0-arm64-cpython-310/grpc/framework/face
2022-12-27T03:20:50.6330050Z   copying grpc/framework/face/interfaces.py -> build/lib.macosx-11.0-arm64-cpython-310/grpc/framework/face
2022-12-27T03:20:50.6334820Z   copying grpc/framework/face/_control.py -> build/lib.macosx-11.0-arm64-cpython-310/grpc/framework/face
2022-12-27T03:20:50.6337630Z   copying grpc/framework/face/blocking_invocation_inline_service_test.py -> build/lib.macosx-11.0-arm64-cpython-310/grpc/framework/face
2022-12-27T03:20:50.6340560Z   copying grpc/framework/face/__init__.py -> build/lib.macosx-11.0-arm64-cpython-310/grpc/framework/face
2022-12-27T03:20:50.6343520Z   copying grpc/framework/face/demonstration.py -> build/lib.macosx-11.0-arm64-cpython-310/grpc/framework/face
2022-12-27T03:20:50.6346260Z   copying grpc/framework/face/_calls.py -> build/lib.macosx-11.0-arm64-cpython-310/grpc/framework/face
2022-12-27T03:20:50.6349190Z   copying grpc/framework/face/exceptions.py -> build/lib.macosx-11.0-arm64-cpython-310/grpc/framework/face
2022-12-27T03:20:50.6352390Z   copying grpc/framework/face/utilities.py -> build/lib.macosx-11.0-arm64-cpython-310/grpc/framework/face
2022-12-27T03:20:50.6355940Z   copying grpc/framework/face/event_invocation_synchronous_event_service_test.py -> build/lib.macosx-11.0-arm64-cpython-310/grpc/framework/face
2022-12-27T03:20:50.6358620Z   copying grpc/framework/face/_test_case.py -> build/lib.macosx-11.0-arm64-cpython-310/grpc/framework/face
2022-12-27T03:20:50.6361240Z   copying grpc/framework/face/implementations.py -> build/lib.macosx-11.0-arm64-cpython-310/grpc/framework/face
2022-12-27T03:20:50.6364300Z   copying grpc/framework/face/future_invocation_asynchronous_event_service_test.py -> build/lib.macosx-11.0-arm64-cpython-310/grpc/framework/face
2022-12-27T03:20:50.6372710Z   creating build/lib.macosx-11.0-arm64-cpython-310/grpc/framework/face/testing
2022-12-27T03:20:50.6375100Z   copying grpc/framework/face/testing/callback.py -> build/lib.macosx-11.0-arm64-cpython-310/grpc/framework/face/testing
2022-12-27T03:20:50.6377920Z   copying grpc/framework/face/testing/digest.py -> build/lib.macosx-11.0-arm64-cpython-310/grpc/framework/face/testing
2022-12-27T03:20:50.6380940Z   copying grpc/framework/face/testing/interfaces.py -> build/lib.macosx-11.0-arm64-cpython-310/grpc/framework/face/testing
2022-12-27T03:20:50.6383650Z   copying grpc/framework/face/testing/stock_service.py -> build/lib.macosx-11.0-arm64-cpython-310/grpc/framework/face/testing
2022-12-27T03:20:50.6386210Z   copying grpc/framework/face/testing/service.py -> build/lib.macosx-11.0-arm64-cpython-310/grpc/framework/face/testing
2022-12-27T03:20:50.6389140Z   copying grpc/framework/face/testing/blocking_invocation_inline_service_test_case.py -> build/lib.macosx-11.0-arm64-cpython-310/grpc/framework/face/testing
2022-12-27T03:20:50.6392090Z   copying grpc/framework/face/testing/base_util.py -> build/lib.macosx-11.0-arm64-cpython-310/grpc/framework/face/testing
2022-12-27T03:20:50.6395030Z   copying grpc/framework/face/testing/control.py -> build/lib.macosx-11.0-arm64-cpython-310/grpc/framework/face/testing
2022-12-27T03:20:50.6397440Z   copying grpc/framework/face/testing/__init__.py -> build/lib.macosx-11.0-arm64-cpython-310/grpc/framework/face/testing
2022-12-27T03:20:50.6399950Z   copying grpc/framework/face/testing/coverage.py -> build/lib.macosx-11.0-arm64-cpython-310/grpc/framework/face/testing
2022-12-27T03:20:50.6402640Z   copying grpc/framework/face/testing/event_invocation_synchronous_event_service_test_case.py -> build/lib.macosx-11.0-arm64-cpython-310/grpc/framework/face/testing
2022-12-27T03:20:50.6405740Z   copying grpc/framework/face/testing/test_case.py -> build/lib.macosx-11.0-arm64-cpython-310/grpc/framework/face/testing
2022-12-27T03:20:50.6408320Z   copying grpc/framework/face/testing/serial.py -> build/lib.macosx-11.0-arm64-cpython-310/grpc/framework/face/testing
2022-12-27T03:20:50.6411220Z   copying grpc/framework/face/testing/future_invocation_asynchronous_event_service_test_case.py -> build/lib.macosx-11.0-arm64-cpython-310/grpc/framework/face/testing
2022-12-27T03:20:50.6418830Z   creating build/lib.macosx-11.0-arm64-cpython-310/grpc/framework/foundation
2022-12-27T03:20:50.6420570Z   copying grpc/framework/foundation/callable_util.py -> build/lib.macosx-11.0-arm64-cpython-310/grpc/framework/foundation
2022-12-27T03:20:50.6422910Z   copying grpc/framework/foundation/abandonment.py -> build/lib.macosx-11.0-arm64-cpython-310/grpc/framework/foundation
2022-12-27T03:20:50.6425860Z   copying grpc/framework/foundation/stream_testing.py -> build/lib.macosx-11.0-arm64-cpython-310/grpc/framework/foundation
2022-12-27T03:20:50.6428270Z   copying grpc/framework/foundation/__init__.py -> build/lib.macosx-11.0-arm64-cpython-310/grpc/framework/foundation
2022-12-27T03:20:50.6431090Z   copying grpc/framework/foundation/stream.py -> build/lib.macosx-11.0-arm64-cpython-310/grpc/framework/foundation
2022-12-27T03:20:50.6433480Z   copying grpc/framework/foundation/activated.py -> build/lib.macosx-11.0-arm64-cpython-310/grpc/framework/foundation
2022-12-27T03:20:50.6436330Z   copying grpc/framework/foundation/later.py -> build/lib.macosx-11.0-arm64-cpython-310/grpc/framework/foundation
2022-12-27T03:20:50.6439440Z   copying grpc/framework/foundation/_later_test.py -> build/lib.macosx-11.0-arm64-cpython-310/grpc/framework/foundation
2022-12-27T03:20:50.6441960Z   copying grpc/framework/foundation/_logging_pool_test.py -> build/lib.macosx-11.0-arm64-cpython-310/grpc/framework/foundation
2022-12-27T03:20:50.6444560Z   copying grpc/framework/foundation/stream_util.py -> build/lib.macosx-11.0-arm64-cpython-310/grpc/framework/foundation
2022-12-27T03:20:50.6447120Z   copying grpc/framework/foundation/future.py -> build/lib.macosx-11.0-arm64-cpython-310/grpc/framework/foundation
2022-12-27T03:20:50.6449650Z   copying grpc/framework/foundation/_timer_future.py -> build/lib.macosx-11.0-arm64-cpython-310/grpc/framework/foundation
2022-12-27T03:20:50.6452450Z   copying grpc/framework/foundation/logging_pool.py -> build/lib.macosx-11.0-arm64-cpython-310/grpc/framework/foundation
2022-12-27T03:20:50.6490930Z   running build_ext
2022-12-27T03:20:50.6504820Z   building 'grpc._adapter._c' extension
2022-12-27T03:20:50.6507360Z   creating build/temp.macosx-11.0-arm64-cpython-310
2022-12-27T03:20:50.6509220Z   creating build/temp.macosx-11.0-arm64-cpython-310/grpc
2022-12-27T03:20:50.6510860Z   creating build/temp.macosx-11.0-arm64-cpython-310/grpc/_adapter
2022-12-27T03:20:50.6513760Z   clang -Wno-unused-result -Wsign-compare -Wunreachable-code -fno-common -dynamic -DNDEBUG -g -fwrapv -O3 -Wall -g -I/usr/local/opt/openssl@3/include -I/usr/local/opt/openssl@3/include -arch arm64 -I. -I/private/var/folders/51/hd414ycd67n82196sw51xqtc0000gn/T/cibw-run-6j_f2wx4/cp310-macosx_arm64/build/venv/include -I/Library/Frameworks/Python.framework/Versions/3.10/include/python3.10 -c grpc/_adapter/_c.c -o build/temp.macosx-11.0-arm64-cpython-310/grpc/_adapter/_c.o
2022-12-27T03:20:50.7165460Z   grpc/_adapter/_c.c:35:10: fatal error: 'grpc/grpc.h' file not found
2022-12-27T03:20:50.7166760Z   #include <grpc/grpc.h>
2022-12-27T03:20:50.7168010Z            ^~~~~~~~~~~~~
2022-12-27T03:20:50.7171050Z   1 error generated.
2022-12-27T03:20:50.7188780Z   error: command '/usr/bin/clang' failed with exit code 1
2022-12-27T03:20:50.7535050Z   error: subprocess-exited-with-error
2022-12-27T03:20:50.7535460Z   
2022-12-27T03:20:50.7535960Z   Ã— python setup.py bdist_wheel did not run successfully.
2022-12-27T03:20:50.7536470Z   â”‚ exit code: 1
2022-12-27T03:20:50.7536920Z   â•°â”€> See above for output.
2022-12-27T03:20:50.7537180Z   
2022-12-27T03:20:50.7537610Z   note: This error originates from a subprocess, and is likely not a problem with pip.
2022-12-27T03:20:50.7545570Z   full command: /private/var/folders/51/hd414ycd67n82196sw51xqtc0000gn/T/cibw-run-6j_f2wx4/cp310-macosx_arm64/build/venv/bin/python -u -c '
2022-12-27T03:20:50.7546130Z   exec(compile('"'"''"'"''"'"'
2022-12-27T03:20:50.7546410Z   # This is <pip-setuptools-caller> -- a caller that pip uses to run setup.py
2022-12-27T03:20:50.7546630Z   #
2022-12-27T03:20:50.7546940Z   # - It imports setuptools before invoking setup.py, to enable projects that directly
2022-12-27T03:20:50.7547170Z   #   import from `distutils.core` to work with newer packaging standards.
2022-12-27T03:20:50.7547460Z   # - It provides a clear error message when setuptools is not installed.
2022-12-27T03:20:50.7547800Z   # - It sets `sys.argv[0]` to the underlying `setup.py`, when invoking `setup.py` so
2022-12-27T03:20:50.7548130Z   #   setuptools doesn'"'"'t think the script is `-c`. This avoids the following warning:
2022-12-27T03:20:50.7548360Z   #     manifest_maker: standard file '"'"'-c'"'"' not found".
2022-12-27T03:20:50.7548660Z   # - It generates a shim setup.py, for handling setup.cfg-only projects.
2022-12-27T03:20:50.7548850Z   import os, sys, tokenize
2022-12-27T03:20:50.7549450Z   
2022-12-27T03:20:50.7549610Z   try:
2022-12-27T03:20:50.7549780Z       import setuptools
2022-12-27T03:20:50.7549940Z   except ImportError as error:
2022-12-27T03:20:50.7550130Z       print(
2022-12-27T03:20:50.7550350Z           "ERROR: Can not execute `setup.py` since setuptools is not available in "
2022-12-27T03:20:50.7550550Z           "the build environment.",
2022-12-27T03:20:50.7550710Z           file=sys.stderr,
2022-12-27T03:20:50.7550860Z       )
2022-12-27T03:20:50.7550990Z       sys.exit(1)
2022-12-27T03:20:50.7551090Z   
2022-12-27T03:20:50.7551230Z   __file__ = %r
2022-12-27T03:20:50.7551380Z   sys.argv[0] = __file__
2022-12-27T03:20:50.7551480Z   
2022-12-27T03:20:50.7551590Z   if os.path.exists(__file__):
2022-12-27T03:20:50.7551780Z       filename = __file__
2022-12-27T03:20:50.7551930Z       with tokenize.open(__file__) as f:
2022-12-27T03:20:50.7552100Z           setup_py_code = f.read()
2022-12-27T03:20:50.7552270Z   else:
2022-12-27T03:20:50.7552500Z       filename = "<auto-generated setuptools caller>"
2022-12-27T03:20:50.7552730Z       setup_py_code = "from setuptools import setup; setup()"
2022-12-27T03:20:50.7552930Z   
2022-12-27T03:20:50.7553080Z   exec(compile(setup_py_code, filename, "exec"))
2022-12-27T03:20:50.7553580Z   '"'"''"'"''"'"' % ('"'"'/Users/runner/actions-runner/_work/python.build/python.build/build_grpcio040a8310/grpcio-0.4.0a8/setup.py'"'"',), "<pip-setuptools-caller>", "exec"))' bdist_wheel -d /private/var/folders/51/hd414ycd67n82196sw51xqtc0000gn/T/pip-wheel-xu5f77u5
2022-12-27T03:20:50.7554030Z   cwd: /Users/runner/actions-runner/_work/python.build/python.build/build_grpcio040a8310/grpcio-0.4.0a8/
2022-12-27T03:20:50.7554380Z   Building wheel for grpcio (setup.py): finished with status 'error'
2022-12-27T03:20:50.7554590Z   ERROR: Failed building wheel for grpcio
2022-12-27T03:20:50.7557450Z   Running setup.py clean for grpcio
2022-12-27T03:20:50.7559130Z   Running command python setup.py clean
2022-12-27T03:20:50.9164320Z   running clean
2022-12-27T03:20:50.9177600Z   removing 'build/temp.macosx-11.0-arm64-cpython-310' (and everything under it)
2022-12-27T03:20:50.9181410Z   removing 'build/lib.macosx-11.0-arm64-cpython-310' (and everything under it)
2022-12-27T03:20:50.9268380Z   'build/bdist.macosx-11.0-arm64' does not exist -- can't clean it
2022-12-27T03:20:50.9270400Z   'build/scripts-3.10' does not exist -- can't clean it
2022-12-27T03:20:50.9271980Z   removing 'build'
2022-12-27T03:20:50.9453200Z Failed to build grpcio
2022-12-27T03:20:50.9457220Z ERROR: Failed to build one or more wheels
2022-12-27T03:20:50.9466840Z Exception information:
2022-12-27T03:20:50.9467070Z Traceback (most recent call last):
2022-12-27T03:20:50.9473350Z   File "/private/var/folders/51/hd414ycd67n82196sw51xqtc0000gn/T/cibw-run-6j_f2wx4/cp310-macosx_arm64/build/venv/lib/python3.10/site-packages/pip/_internal/cli/base_command.py", line 160, in exc_logging_wrapper
2022-12-27T03:20:50.9473740Z     status = run_func(*args)
2022-12-27T03:20:50.9474200Z   File "/private/var/folders/51/hd414ycd67n82196sw51xqtc0000gn/T/cibw-run-6j_f2wx4/cp310-macosx_arm64/build/venv/lib/python3.10/site-packages/pip/_internal/cli/req_command.py", line 247, in wrapper
2022-12-27T03:20:50.9474490Z     return func(self, options, args)
2022-12-27T03:20:50.9475060Z   File "/private/var/folders/51/hd414ycd67n82196sw51xqtc0000gn/T/cibw-run-6j_f2wx4/cp310-macosx_arm64/build/venv/lib/python3.10/site-packages/pip/_internal/commands/wheel.py", line 201, in run
2022-12-27T03:20:50.9475410Z     raise CommandError("Failed to build one or more wheels")
2022-12-27T03:20:50.9475680Z pip._internal.exceptions.CommandError: Failed to build one or more wheels
2022-12-27T03:20:50.9476470Z Removed build tracker: '/private/var/folders/51/hd414ycd67n82196sw51xqtc0000gn/T/pip-build-tracker-s1ztgwi3'
2022-12-27T03:20:50.9852280Z ##[endgroup]
2022-12-27T03:20:50.9876300Z ##[error]Command ['python', '-m', 'pip', 'wheel', '/Users/runner/actions-runner/_work/python.build/python.build/build_grpcio040a8310/grpcio-0.4.0a8', '--wheel-dir=/private/var/folders/51/hd414ycd67n82196sw51xqtc0000gn/T/cibw-run-6j_f2wx4/cp310-macosx_arm64/built_wheel', '--no-deps', '-vvv'] failed with code 1. None
2022-12-27T03:20:50.9883380Z 
2022-12-27T03:20:50.9883760Z                                                               [31mâœ• [0m1.17s
2022-12-27T03:20:51.0343510Z ##[error]Process completed with exit code 1.
2022-12-27T03:20:51.0376670Z ##[group]Run rm -rf build_grpcio040a8310 wheelsout
2022-12-27T03:20:51.0376890Z [36;1mrm -rf build_grpcio040a8310 wheelsout[0m
2022-12-27T03:20:51.0392100Z shell: /bin/bash -e {0}
2022-12-27T03:20:51.0392220Z env:
2022-12-27T03:20:51.0392370Z   pythonLocation: /Users/runner/hostedtoolcache/Python/3.10.9/x64
2022-12-27T03:20:51.0392580Z   PKG_CONFIG_PATH: /Users/runner/hostedtoolcache/Python/3.10.9/x64/lib/pkgconfig
2022-12-27T03:20:51.0392760Z   Python_ROOT_DIR: /Users/runner/hostedtoolcache/Python/3.10.9/x64
2022-12-27T03:20:51.0392950Z   Python2_ROOT_DIR: /Users/runner/hostedtoolcache/Python/3.10.9/x64
2022-12-27T03:20:51.0393140Z   Python3_ROOT_DIR: /Users/runner/hostedtoolcache/Python/3.10.9/x64
2022-12-27T03:20:51.0393280Z ##[endgroup]
2022-12-27T03:20:51.0647820Z Cleaning up orphan processes
