2022-12-27T08:55:30.9486824Z Requested labels: self-hosted, macOS, X64
2022-12-27T08:55:30.9486946Z Job defined at: kilnbuild/python.build/.github/workflows/mac_arm_build.yml@refs/heads/main
2022-12-27T08:55:30.9486975Z Waiting for a runner to pick up this job...
2022-12-27T11:34:39.1988150Z Job is about to start running on the runner: s1 (organization)
2022-12-27T11:34:42.1448520Z Current runner version: '2.300.2'
2022-12-27T11:34:42.1453510Z Runner name: 's1'
2022-12-27T11:34:42.1453760Z Runner group name: 'Default'
2022-12-27T11:34:42.1454190Z Machine name: 's1'
2022-12-27T11:34:42.1455720Z ##[group]GITHUB_TOKEN Permissions
2022-12-27T11:34:42.1456200Z Actions: write
2022-12-27T11:34:42.1456340Z Checks: write
2022-12-27T11:34:42.1456480Z Contents: write
2022-12-27T11:34:42.1456620Z Deployments: write
2022-12-27T11:34:42.1456760Z Discussions: write
2022-12-27T11:34:42.1456890Z Issues: write
2022-12-27T11:34:42.1457030Z Metadata: read
2022-12-27T11:34:42.1457160Z Packages: write
2022-12-27T11:34:42.1457300Z Pages: write
2022-12-27T11:34:42.1457440Z PullRequests: write
2022-12-27T11:34:42.1457600Z RepositoryProjects: write
2022-12-27T11:34:42.1457760Z SecurityEvents: write
2022-12-27T11:34:42.1457900Z Statuses: write
2022-12-27T11:34:42.1458030Z ##[endgroup]
2022-12-27T11:34:42.1460530Z Secret source: Actions
2022-12-27T11:34:42.1460860Z Prepare workflow directory
2022-12-27T11:34:42.2142000Z Prepare all required actions
2022-12-27T11:34:42.2264020Z Getting action download info
2022-12-27T11:34:42.6531090Z Download action repository 'actions/setup-python@v4' (SHA:5ccb29d8773c3f3f653e1705f474dfaa8a06a912)
2022-12-27T11:34:44.4071480Z Download action repository 'actions/upload-artifact@v3' (SHA:83fd05a356d7e2593de66fc9913b3002723633cb)
2022-12-27T11:34:45.7359650Z ##[group]Run echo '{
2022-12-27T11:34:45.7360010Z [36;1mecho '{[0m
2022-12-27T11:34:45.7360200Z [36;1m  "package_name": "lxml",[0m
2022-12-27T11:34:45.7360490Z [36;1m  "package_url": "https://files.pythonhosted.org/packages/09/70/9176a425aa436677dcc4ddd39b78ba598ca55683aefb47c6b7f617fa17cc/lxml-2.3.3.tar.gz",[0m
2022-12-27T11:34:45.7360730Z [36;1m  "package_version": "2.3.3",[0m
2022-12-27T11:34:45.7360870Z [36;1m  "python_version": "3.10",[0m
2022-12-27T11:34:45.7361000Z [36;1m  "use_ccache": "true"[0m
2022-12-27T11:34:45.7361100Z [36;1m}'[0m
2022-12-27T11:34:45.7377040Z shell: /bin/bash -e {0}
2022-12-27T11:34:45.7377270Z ##[endgroup]
2022-12-27T11:34:45.7594260Z {
2022-12-27T11:34:45.7595640Z   "package_name": "lxml",
2022-12-27T11:34:45.7596370Z   "package_url": "https://files.pythonhosted.org/packages/09/70/9176a425aa436677dcc4ddd39b78ba598ca55683aefb47c6b7f617fa17cc/lxml-2.3.3.tar.gz",
2022-12-27T11:34:45.7596650Z   "package_version": "2.3.3",
2022-12-27T11:34:45.7596850Z   "python_version": "3.10",
2022-12-27T11:34:45.7597020Z   "use_ccache": "true"
2022-12-27T11:34:45.7597230Z }
2022-12-27T11:34:45.7813540Z ##[group]Run actions/setup-python@v4
2022-12-27T11:34:45.7813780Z with:
2022-12-27T11:34:45.7813970Z   python-version: 3.10
2022-12-27T11:34:45.7814200Z   check-latest: false
2022-12-27T11:34:45.7814470Z   token: ***
2022-12-27T11:34:45.7814660Z   update-environment: true
2022-12-27T11:34:45.7814840Z ##[endgroup]
2022-12-27T11:34:45.9065320Z ##[group]Installed versions
2022-12-27T11:34:45.9112710Z Successfully set up CPython (3.10.9)
2022-12-27T11:34:45.9113490Z ##[endgroup]
2022-12-27T11:34:45.9260170Z ##[group]Run if [ "true" == "true" ]
2022-12-27T11:34:45.9260520Z [36;1mif [ "true" == "true" ][0m
2022-12-27T11:34:45.9260700Z [36;1mthen[0m
2022-12-27T11:34:45.9260920Z [36;1m  echo "CCACHE_PATH_PREPEND=/usr/local/opt/ccache/libexec" >> $GITHUB_OUTPUT[0m
2022-12-27T11:34:45.9261180Z [36;1melse[0m
2022-12-27T11:34:45.9261370Z [36;1m  echo "CCACHE_PATH_PREPEND=" >> $GITHUB_OUTPUT[0m
2022-12-27T11:34:45.9261520Z [36;1mfi[0m
2022-12-27T11:34:45.9278600Z shell: /bin/bash -e {0}
2022-12-27T11:34:45.9278820Z env:
2022-12-27T11:34:45.9279010Z   pythonLocation: /Users/runner/hostedtoolcache/Python/3.10.9/x64
2022-12-27T11:34:45.9279270Z   PKG_CONFIG_PATH: /Users/runner/hostedtoolcache/Python/3.10.9/x64/lib/pkgconfig
2022-12-27T11:34:45.9279520Z   Python_ROOT_DIR: /Users/runner/hostedtoolcache/Python/3.10.9/x64
2022-12-27T11:34:45.9279790Z   Python2_ROOT_DIR: /Users/runner/hostedtoolcache/Python/3.10.9/x64
2022-12-27T11:34:45.9280080Z   Python3_ROOT_DIR: /Users/runner/hostedtoolcache/Python/3.10.9/x64
2022-12-27T11:34:45.9280570Z ##[endgroup]
2022-12-27T11:34:45.9387310Z ##[group]Run echo "BUILD_NAME=$(echo lxml_2.3.3_3.10 | tr -dc '[:alnum:]\n\r' | tr '[:upper:]' '[:lower:]')" >> $GITHUB_OUTPUT
2022-12-27T11:34:45.9388100Z [36;1mecho "BUILD_NAME=$(echo lxml_2.3.3_3.10 | tr -dc '[:alnum:]\n\r' | tr '[:upper:]' '[:lower:]')" >> $GITHUB_OUTPUT[0m
2022-12-27T11:34:45.9402380Z shell: /bin/bash -e {0}
2022-12-27T11:34:45.9402540Z env:
2022-12-27T11:34:45.9402760Z   pythonLocation: /Users/runner/hostedtoolcache/Python/3.10.9/x64
2022-12-27T11:34:45.9403060Z   PKG_CONFIG_PATH: /Users/runner/hostedtoolcache/Python/3.10.9/x64/lib/pkgconfig
2022-12-27T11:34:45.9403400Z   Python_ROOT_DIR: /Users/runner/hostedtoolcache/Python/3.10.9/x64
2022-12-27T11:34:45.9403620Z   Python2_ROOT_DIR: /Users/runner/hostedtoolcache/Python/3.10.9/x64
2022-12-27T11:34:45.9403860Z   Python3_ROOT_DIR: /Users/runner/hostedtoolcache/Python/3.10.9/x64
2022-12-27T11:34:45.9404070Z ##[endgroup]
2022-12-27T11:34:45.9541910Z ##[group]Run echo "PYTHON_NO_DOTS=$(echo 3.10 | tr -dc '[:alnum:]\n\r' | tr '[:upper:]' '[:lower:]')" >> $GITHUB_OUTPUT
2022-12-27T11:34:45.9542310Z [36;1mecho "PYTHON_NO_DOTS=$(echo 3.10 | tr -dc '[:alnum:]\n\r' | tr '[:upper:]' '[:lower:]')" >> $GITHUB_OUTPUT[0m
2022-12-27T11:34:45.9556410Z shell: /bin/bash -e {0}
2022-12-27T11:34:45.9556580Z env:
2022-12-27T11:34:45.9556800Z   pythonLocation: /Users/runner/hostedtoolcache/Python/3.10.9/x64
2022-12-27T11:34:45.9557020Z   PKG_CONFIG_PATH: /Users/runner/hostedtoolcache/Python/3.10.9/x64/lib/pkgconfig
2022-12-27T11:34:45.9557250Z   Python_ROOT_DIR: /Users/runner/hostedtoolcache/Python/3.10.9/x64
2022-12-27T11:34:45.9557540Z   Python2_ROOT_DIR: /Users/runner/hostedtoolcache/Python/3.10.9/x64
2022-12-27T11:34:45.9557780Z   Python3_ROOT_DIR: /Users/runner/hostedtoolcache/Python/3.10.9/x64
2022-12-27T11:34:45.9557950Z ##[endgroup]
2022-12-27T11:34:45.9667270Z ##[group]Run rm -rf build_lxml233310
2022-12-27T11:34:45.9667620Z [36;1mrm -rf build_lxml233310[0m
2022-12-27T11:34:45.9667820Z [36;1mmkdir build_lxml233310[0m
2022-12-27T11:34:45.9668000Z [36;1mcd build_lxml233310[0m
2022-12-27T11:34:45.9668290Z [36;1m/usr/local/bin/wget --quiet https://files.pythonhosted.org/packages/09/70/9176a425aa436677dcc4ddd39b78ba598ca55683aefb47c6b7f617fa17cc/lxml-2.3.3.tar.gz[0m
2022-12-27T11:34:45.9668600Z [36;1mtar xf *.tar.gz[0m
2022-12-27T11:34:45.9668740Z [36;1mcd *[0m
2022-12-27T11:34:45.9668930Z [36;1mpython -m pip install cibuildwheel==2.11.3[0m
2022-12-27T11:34:45.9669160Z [36;1mpython -m cibuildwheel --output-dir ../wheelsout[0m
2022-12-27T11:34:45.9683270Z shell: /bin/bash -e {0}
2022-12-27T11:34:45.9683440Z env:
2022-12-27T11:34:45.9683660Z   pythonLocation: /Users/runner/hostedtoolcache/Python/3.10.9/x64
2022-12-27T11:34:45.9683920Z   PKG_CONFIG_PATH: /Users/runner/hostedtoolcache/Python/3.10.9/x64/lib/pkgconfig
2022-12-27T11:34:45.9684250Z   Python_ROOT_DIR: /Users/runner/hostedtoolcache/Python/3.10.9/x64
2022-12-27T11:34:45.9684460Z   Python2_ROOT_DIR: /Users/runner/hostedtoolcache/Python/3.10.9/x64
2022-12-27T11:34:45.9684700Z   Python3_ROOT_DIR: /Users/runner/hostedtoolcache/Python/3.10.9/x64
2022-12-27T11:34:45.9684900Z   CIBW_ARCHS_MACOS: arm64
2022-12-27T11:34:45.9685110Z   CIBW_TEST_SKIP: *_arm64
2022-12-27T11:34:45.9685260Z   CIBW_BUILD: cp310-macosx_arm64
2022-12-27T11:34:45.9685450Z   CIBW_BUILD_FRONTEND: pip
2022-12-27T11:34:45.9685640Z   CIBW_BUILD_VERBOSITY: 3
2022-12-27T11:34:45.9685930Z   CIBW_ENVIRONMENT_MACOS:  CFLAGS="-I/usr/local/opt/openssl@3/include" LDFLAGS="-L/usr/local/opt/openssl@3/lib" CPPFLAGS="-I/usr/local/opt/openssl@3/include" MAKEFLAGS="-j$(sysctl -n hw.logicalcpu)" PATH=/usr/local/opt/ccache/libexec:$PATH
2022-12-27T11:34:45.9686320Z   CIBW_BEFORE_BUILD: pip install Cython; if [[ -f requirements.txt ]]; then pip install -r requirements.txt; fi
2022-12-27T11:34:45.9686570Z   MAKEFLAGS: -j$(sysctl -n hw.logicalcpu)
2022-12-27T11:34:45.9686750Z ##[endgroup]
2022-12-27T11:34:46.4571400Z Requirement already satisfied: cibuildwheel==2.11.3 in /Users/runner/hostedtoolcache/Python/3.10.9/x64/lib/python3.10/site-packages (2.11.3)
2022-12-27T11:34:46.4833830Z Requirement already satisfied: bashlex!=0.13 in /Users/runner/hostedtoolcache/Python/3.10.9/x64/lib/python3.10/site-packages (from cibuildwheel==2.11.3) (0.16)
2022-12-27T11:34:46.4837460Z Requirement already satisfied: platformdirs in /Users/runner/hostedtoolcache/Python/3.10.9/x64/lib/python3.10/site-packages (from cibuildwheel==2.11.3) (2.6.0)
2022-12-27T11:34:46.4841170Z Requirement already satisfied: filelock in /Users/runner/hostedtoolcache/Python/3.10.9/x64/lib/python3.10/site-packages (from cibuildwheel==2.11.3) (3.8.2)
2022-12-27T11:34:46.4846280Z Requirement already satisfied: packaging>=20.9 in /Users/runner/hostedtoolcache/Python/3.10.9/x64/lib/python3.10/site-packages (from cibuildwheel==2.11.3) (22.0)
2022-12-27T11:34:46.4850260Z Requirement already satisfied: bracex in /Users/runner/hostedtoolcache/Python/3.10.9/x64/lib/python3.10/site-packages (from cibuildwheel==2.11.3) (2.3.post1)
2022-12-27T11:34:46.4860140Z Requirement already satisfied: typing-extensions>=4.1.0 in /Users/runner/hostedtoolcache/Python/3.10.9/x64/lib/python3.10/site-packages (from cibuildwheel==2.11.3) (4.4.0)
2022-12-27T11:34:46.4866830Z Requirement already satisfied: tomli in /Users/runner/hostedtoolcache/Python/3.10.9/x64/lib/python3.10/site-packages (from cibuildwheel==2.11.3) (2.0.1)
2022-12-27T11:34:46.4870630Z Requirement already satisfied: certifi in /Users/runner/hostedtoolcache/Python/3.10.9/x64/lib/python3.10/site-packages (from cibuildwheel==2.11.3) (2022.12.7)
2022-12-27T11:34:46.6749710Z 
2022-12-27T11:34:46.6750280Z      _ _       _ _   _       _           _
2022-12-27T11:34:46.6750750Z  ___|_| |_ _ _|_| |_| |_ _ _| |_ ___ ___| |
2022-12-27T11:34:46.6752790Z |  _| | . | | | | | . | | | |   | -_| -_| |
2022-12-27T11:34:46.6754180Z |___|_|___|___|_|_|___|_____|_|_|___|___|_|
2022-12-27T11:34:46.6754480Z 
2022-12-27T11:34:46.6754600Z cibuildwheel version 2.11.3
2022-12-27T11:34:46.6754840Z 
2022-12-27T11:34:46.6755030Z Build options:
2022-12-27T11:34:46.6755480Z   platform: macos
2022-12-27T11:34:46.6865850Z   architectures: arm64[0m
2022-12-27T11:34:46.6866070Z   build_selector: 
2022-12-27T11:34:46.6866320Z     build_config: cp310-macosx_arm64
2022-12-27T11:34:46.6866510Z     skip_config: 
2022-12-27T11:34:46.6866660Z     requires_python: None
2022-12-27T11:34:46.6867080Z     prerelease_pythons: False[0m
2022-12-27T11:34:46.6867340Z   [38;5;244mcontainer_engine: docker[0m
2022-12-27T11:34:46.6867640Z   output_dir: /Users/runner/actions-runner/_work/python.build/python.build/build_lxml233310/wheelsout[0m
2022-12-27T11:34:46.6868020Z   package_dir: /Users/runner/actions-runner/_work/python.build/python.build/build_lxml233310/lxml-2.3.3[0m
2022-12-27T11:34:46.6868410Z   test_selector: 
2022-12-27T11:34:46.6868620Z     skip_config: *_arm64[0m
2022-12-27T11:34:46.6868890Z   [38;5;244mbefore_all: [0m
2022-12-27T11:34:46.6869290Z   before_build: pip install Cython; if [[ -f requirements.txt ]]; then pip install -r requirements.txt; fi[0m
2022-12-27T11:34:46.6869580Z   [38;5;244mbefore_test: [0m
2022-12-27T11:34:46.6869780Z   [38;5;244mbuild_frontend: pip[0m
2022-12-27T11:34:46.6870000Z   build_verbosity: 3[0m
2022-12-27T11:34:46.6870360Z   [38;5;244mconfig_settings: [0m
2022-12-27T11:34:46.6870570Z   [38;5;244mdependency_constraints: pinned[0m
2022-12-27T11:34:46.6870760Z   environment: 
2022-12-27T11:34:46.6871030Z     CFLAGS="-I/usr/local/opt/openssl@3/include"
2022-12-27T11:34:46.6871370Z     LDFLAGS="-L/usr/local/opt/openssl@3/lib"
2022-12-27T11:34:46.6871630Z     CPPFLAGS="-I/usr/local/opt/openssl@3/include"
2022-12-27T11:34:46.6871890Z     MAKEFLAGS="-j$(sysctl -n hw.logicalcpu)"
2022-12-27T11:34:46.6872150Z     PATH=/usr/local/opt/ccache/libexec:$PATH[0m
2022-12-27T11:34:46.6872360Z   [38;5;244mmanylinux_images: None[0m
2022-12-27T11:34:46.6872710Z   [38;5;244mmusllinux_images: None[0m
2022-12-27T11:34:46.6873030Z   [38;5;244mrepair_command: delocate-wheel --require-archs {delocate_archs} -w {dest_dir} -v {wheel}[0m
2022-12-27T11:34:46.6873570Z   [38;5;244mtest_command: [0m
2022-12-27T11:34:46.6873790Z   [38;5;244mtest_extras: [0m
2022-12-27T11:34:46.6874150Z   [38;5;244mtest_requires: [0m
2022-12-27T11:34:46.6874260Z 
2022-12-27T11:34:46.6874340Z Cache folder: /Users/runner/Library/Caches/cibuildwheel
2022-12-27T11:34:46.6890130Z 
2022-12-27T11:34:46.6890610Z Here we go!
2022-12-27T11:34:46.6890740Z 
2022-12-27T11:34:46.6948670Z 
2022-12-27T11:34:46.6949320Z [1m[34mBuilding cp310-macosx_arm64 wheel[0m
2022-12-27T11:34:46.6949830Z CPython 3.10 macOS arm64 - Apple Silicon
2022-12-27T11:34:46.6950160Z 
2022-12-27T11:34:46.6953270Z ##[group]Installing Python cp310...
2022-12-27T11:34:46.6953440Z 
2022-12-27T11:34:46.6953630Z + pkgutil --pkgs
2022-12-27T11:34:46.7052360Z ##[endgroup]
2022-12-27T11:34:46.7053250Z                                                               [32mâœ“ [0m0.01s
2022-12-27T11:34:46.7053830Z ##[group]Setting up build environment...
2022-12-27T11:34:46.7053940Z 
2022-12-27T11:34:46.7073560Z + /Users/runner/hostedtoolcache/Python/3.10.9/x64/bin/python -sS /Users/runner/Library/Caches/cibuildwheel/virtualenv-20.17.0.pyz --activators= --no-periodic-update --pip=22.3.1 --setuptools=65.6.3 --wheel=0.38.4 --symlink-app-data --python /Library/Frameworks/Python.framework/Versions/3.10/bin/python3 /private/var/folders/51/hd414ycd67n82196sw51xqtc0000gn/T/cibw-run-klf4ul2e/cp310-macosx_arm64/build/venv
2022-12-27T11:34:46.8934920Z created virtual environment CPython3.10.8.final.0-64 in 47ms
2022-12-27T11:34:46.8935510Z   creator CPython3Posix(dest=/private/var/folders/51/hd414ycd67n82196sw51xqtc0000gn/T/cibw-run-klf4ul2e/cp310-macosx_arm64/build/venv, clear=False, no_vcs_ignore=False, global=False)
2022-12-27T11:34:46.8936160Z   seeder FromAppData(download=False, pip=22.3.1, setuptools=65.6.3, wheel=0.38.4, via=symlink, app_data_dir=/Users/runner/Library/Application Support/virtualenv)
2022-12-27T11:34:46.8936490Z     added seed packages: pip==22.3.1, setuptools==65.6.3, wheel==0.38.4
2022-12-27T11:34:46.9051060Z + python -m pip install --upgrade pip -c /Users/runner/hostedtoolcache/Python/3.10.9/x64/lib/python3.10/site-packages/cibuildwheel/resources/constraints-python310.txt
2022-12-27T11:34:47.1785650Z Requirement already satisfied: pip in ./lib/python3.10/site-packages (22.3.1)
2022-12-27T11:34:47.3088550Z + which pip
2022-12-27T11:34:47.3106980Z /private/var/folders/51/hd414ycd67n82196sw51xqtc0000gn/T/cibw-run-klf4ul2e/cp310-macosx_arm64/build/venv/bin/pip
2022-12-27T11:34:47.3109580Z + pip --version
2022-12-27T11:34:47.5145320Z pip 22.3.1 from /private/var/folders/51/hd414ycd67n82196sw51xqtc0000gn/T/cibw-run-klf4ul2e/cp310-macosx_arm64/build/venv/lib/python3.10/site-packages/pip (python 3.10)
2022-12-27T11:34:47.5353880Z + which pip
2022-12-27T11:34:47.5380570Z + which python
2022-12-27T11:34:47.5397970Z /private/var/folders/51/hd414ycd67n82196sw51xqtc0000gn/T/cibw-run-klf4ul2e/cp310-macosx_arm64/build/venv/bin/python
2022-12-27T11:34:47.5400440Z + python --version
2022-12-27T11:34:47.5450280Z Python 3.10.8
2022-12-27T11:34:47.5453040Z + which python
2022-12-27T11:34:47.5506540Z ##[endgroup]
2022-12-27T11:34:47.5507090Z                                                               [32mâœ“ [0m0.85s
2022-12-27T11:34:47.5507510Z ##[group]Installing build tools...
2022-12-27T11:34:47.5507660Z 
2022-12-27T11:34:47.5508060Z + pip install --upgrade setuptools wheel delocate -c /Users/runner/hostedtoolcache/Python/3.10.9/x64/lib/python3.10/site-packages/cibuildwheel/resources/constraints-python310.txt
2022-12-27T11:34:47.8236820Z Requirement already satisfied: setuptools in /private/var/folders/51/hd414ycd67n82196sw51xqtc0000gn/T/cibw-run-klf4ul2e/cp310-macosx_arm64/build/venv/lib/python3.10/site-packages (65.6.3)
2022-12-27T11:34:48.0231760Z Requirement already satisfied: wheel in /private/var/folders/51/hd414ycd67n82196sw51xqtc0000gn/T/cibw-run-klf4ul2e/cp310-macosx_arm64/build/venv/lib/python3.10/site-packages (0.38.4)
2022-12-27T11:34:48.0666570Z Collecting delocate
2022-12-27T11:34:48.0702890Z   Using cached delocate-0.10.3-py3-none-any.whl (142 kB)
2022-12-27T11:34:48.0977890Z Collecting packaging>=20.9
2022-12-27T11:34:48.0995790Z   Using cached packaging-21.3-py3-none-any.whl (40 kB)
2022-12-27T11:34:48.1153730Z Collecting typing-extensions
2022-12-27T11:34:48.1171130Z   Using cached typing_extensions-4.4.0-py3-none-any.whl (26 kB)
2022-12-27T11:34:48.1500540Z Collecting pyparsing!=3.0.5,>=2.0.2
2022-12-27T11:34:48.1517390Z   Using cached pyparsing-3.0.9-py3-none-any.whl (98 kB)
2022-12-27T11:34:48.1839700Z Installing collected packages: typing-extensions, pyparsing, packaging, delocate
2022-12-27T11:34:48.3093810Z Successfully installed delocate-0.10.3 packaging-21.3 pyparsing-3.0.9 typing-extensions-4.4.0
2022-12-27T11:34:48.3506350Z ##[endgroup]
2022-12-27T11:34:48.3507040Z                                                               [32mâœ“ [0m0.80s
2022-12-27T11:34:48.3507540Z ##[group]Running before_build...
2022-12-27T11:34:48.3507690Z 
2022-12-27T11:34:48.3512170Z + pip install Cython; if [[ -f requirements.txt ]]; then pip install -r requirements.txt; fi
2022-12-27T11:34:48.9495440Z Collecting Cython
2022-12-27T11:34:48.9539530Z   Using cached Cython-0.29.32-py2.py3-none-any.whl (986 kB)
2022-12-27T11:34:48.9931450Z Installing collected packages: Cython
2022-12-27T11:34:49.4109020Z Successfully installed Cython-0.29.32
2022-12-27T11:34:49.4556030Z ##[endgroup]
2022-12-27T11:34:49.4556760Z                                                               [32mâœ“ [0m1.10s
2022-12-27T11:34:49.4557200Z ##[group]Building wheel...
2022-12-27T11:34:49.4557320Z 
2022-12-27T11:34:49.4563130Z + python -m pip wheel /Users/runner/actions-runner/_work/python.build/python.build/build_lxml233310/lxml-2.3.3 --wheel-dir=/private/var/folders/51/hd414ycd67n82196sw51xqtc0000gn/T/cibw-run-klf4ul2e/cp310-macosx_arm64/built_wheel --no-deps -vvv
2022-12-27T11:34:49.7140430Z Created temporary directory: /private/var/folders/51/hd414ycd67n82196sw51xqtc0000gn/T/pip-ephem-wheel-cache-kmyj0q4y
2022-12-27T11:34:49.7145770Z Created temporary directory: /private/var/folders/51/hd414ycd67n82196sw51xqtc0000gn/T/pip-build-tracker-z456b_k4
2022-12-27T11:34:49.7148020Z Initialized build tracking at /private/var/folders/51/hd414ycd67n82196sw51xqtc0000gn/T/pip-build-tracker-z456b_k4
2022-12-27T11:34:49.7149960Z Created build tracker: /private/var/folders/51/hd414ycd67n82196sw51xqtc0000gn/T/pip-build-tracker-z456b_k4
2022-12-27T11:34:49.7151800Z Entered build tracker: /private/var/folders/51/hd414ycd67n82196sw51xqtc0000gn/T/pip-build-tracker-z456b_k4
2022-12-27T11:34:49.7155590Z Created temporary directory: /private/var/folders/51/hd414ycd67n82196sw51xqtc0000gn/T/pip-wheel-j7qej_vf
2022-12-27T11:34:49.7162090Z Created temporary directory: /private/var/folders/51/hd414ycd67n82196sw51xqtc0000gn/T/pip-ephem-wheel-cache-c454t1lv
2022-12-27T11:34:49.7306980Z Processing /Users/runner/actions-runner/_work/python.build/python.build/build_lxml233310/lxml-2.3.3
2022-12-27T11:34:49.7312420Z   Added file:///Users/runner/actions-runner/_work/python.build/python.build/build_lxml233310/lxml-2.3.3 to build tracker '/private/var/folders/51/hd414ycd67n82196sw51xqtc0000gn/T/pip-build-tracker-z456b_k4'
2022-12-27T11:34:49.7316430Z   Running setup.py (path:/Users/runner/actions-runner/_work/python.build/python.build/build_lxml233310/lxml-2.3.3/setup.py) egg_info for package from file:///Users/runner/actions-runner/_work/python.build/python.build/build_lxml233310/lxml-2.3.3
2022-12-27T11:34:49.7319720Z   Created temporary directory: /private/var/folders/51/hd414ycd67n82196sw51xqtc0000gn/T/pip-pip-egg-info-lm4k_m29
2022-12-27T11:34:49.7321560Z   Preparing metadata (setup.py): started
2022-12-27T11:34:49.7323700Z   Running command python setup.py egg_info
2022-12-27T11:34:50.0878660Z   Building lxml version 2.3.3.
2022-12-27T11:34:50.0879970Z   Building with Cython 0.29.32.
2022-12-27T11:34:50.0881430Z   Using build configuration of libxslt 1.1.29
2022-12-27T11:34:50.0883210Z   Building against libxml2/libxslt in the following directory: /Library/Developer/CommandLineTools/SDKs/MacOSX12.1.sdk/usr/lib
2022-12-27T11:34:50.0884530Z   running egg_info
2022-12-27T11:34:50.0886390Z   creating /private/var/folders/51/hd414ycd67n82196sw51xqtc0000gn/T/pip-pip-egg-info-lm4k_m29/lxml.egg-info
2022-12-27T11:34:50.0891290Z   writing /private/var/folders/51/hd414ycd67n82196sw51xqtc0000gn/T/pip-pip-egg-info-lm4k_m29/lxml.egg-info/PKG-INFO
2022-12-27T11:34:50.0896260Z   writing dependency_links to /private/var/folders/51/hd414ycd67n82196sw51xqtc0000gn/T/pip-pip-egg-info-lm4k_m29/lxml.egg-info/dependency_links.txt
2022-12-27T11:34:50.0900610Z   writing top-level names to /private/var/folders/51/hd414ycd67n82196sw51xqtc0000gn/T/pip-pip-egg-info-lm4k_m29/lxml.egg-info/top_level.txt
2022-12-27T11:34:50.0904150Z   writing manifest file '/private/var/folders/51/hd414ycd67n82196sw51xqtc0000gn/T/pip-pip-egg-info-lm4k_m29/lxml.egg-info/SOURCES.txt'
2022-12-27T11:34:50.0969130Z   reading manifest file '/private/var/folders/51/hd414ycd67n82196sw51xqtc0000gn/T/pip-pip-egg-info-lm4k_m29/lxml.egg-info/SOURCES.txt'
2022-12-27T11:34:50.0972250Z   reading manifest template 'MANIFEST.in'
2022-12-27T11:34:50.1911720Z   adding license file 'LICENSES.txt'
2022-12-27T11:34:50.1973930Z   writing manifest file '/private/var/folders/51/hd414ycd67n82196sw51xqtc0000gn/T/pip-pip-egg-info-lm4k_m29/lxml.egg-info/SOURCES.txt'
2022-12-27T11:34:50.2221250Z   Preparing metadata (setup.py): finished with status 'done'
2022-12-27T11:34:50.2243230Z   Source in /Users/runner/actions-runner/_work/python.build/python.build/build_lxml233310/lxml-2.3.3 has version 2.3.3, which satisfies requirement lxml==2.3.3 from file:///Users/runner/actions-runner/_work/python.build/python.build/build_lxml233310/lxml-2.3.3
2022-12-27T11:34:50.2246980Z   Removed lxml==2.3.3 from file:///Users/runner/actions-runner/_work/python.build/python.build/build_lxml233310/lxml-2.3.3 from build tracker '/private/var/folders/51/hd414ycd67n82196sw51xqtc0000gn/T/pip-build-tracker-z456b_k4'
2022-12-27T11:34:50.2262350Z Created temporary directory: /private/var/folders/51/hd414ycd67n82196sw51xqtc0000gn/T/pip-unpack-rko_q4_k
2022-12-27T11:34:50.2264560Z Building wheels for collected packages: lxml
2022-12-27T11:34:50.2271750Z   Created temporary directory: /private/var/folders/51/hd414ycd67n82196sw51xqtc0000gn/T/pip-wheel-tj5tdx89
2022-12-27T11:34:50.2273630Z   Building wheel for lxml (setup.py): started
2022-12-27T11:34:50.2275730Z   Destination directory: /private/var/folders/51/hd414ycd67n82196sw51xqtc0000gn/T/pip-wheel-tj5tdx89
2022-12-27T11:34:50.2277280Z   Running command python setup.py bdist_wheel
2022-12-27T11:34:50.4606700Z   Building lxml version 2.3.3.
2022-12-27T11:34:50.4607510Z   Building with Cython 0.29.32.
2022-12-27T11:34:50.4735900Z   Using build configuration of libxslt 1.1.29
2022-12-27T11:34:50.5670950Z   Building against libxml2/libxslt in the following directory: /Library/Developer/CommandLineTools/SDKs/MacOSX12.1.sdk/usr/lib
2022-12-27T11:34:50.5891840Z   running bdist_wheel
2022-12-27T11:34:50.5932820Z   running build
2022-12-27T11:34:50.5935000Z   running build_py
2022-12-27T11:34:50.5954620Z   creating build
2022-12-27T11:34:50.5958000Z   creating build/lib.macosx-11.0-arm64-cpython-310
2022-12-27T11:34:50.5960460Z   creating build/lib.macosx-11.0-arm64-cpython-310/lxml
2022-12-27T11:34:50.5962850Z   copying src/lxml/_elementpath.py -> build/lib.macosx-11.0-arm64-cpython-310/lxml
2022-12-27T11:34:50.5965200Z   copying src/lxml/sax.py -> build/lib.macosx-11.0-arm64-cpython-310/lxml
2022-12-27T11:34:50.5967690Z   copying src/lxml/pyclasslookup.py -> build/lib.macosx-11.0-arm64-cpython-310/lxml
2022-12-27T11:34:50.5971100Z   copying src/lxml/__init__.py -> build/lib.macosx-11.0-arm64-cpython-310/lxml
2022-12-27T11:34:50.5974120Z   copying src/lxml/builder.py -> build/lib.macosx-11.0-arm64-cpython-310/lxml
2022-12-27T11:34:50.5977560Z   copying src/lxml/doctestcompare.py -> build/lib.macosx-11.0-arm64-cpython-310/lxml
2022-12-27T11:34:50.5981120Z   copying src/lxml/usedoctest.py -> build/lib.macosx-11.0-arm64-cpython-310/lxml
2022-12-27T11:34:50.5984600Z   copying src/lxml/cssselect.py -> build/lib.macosx-11.0-arm64-cpython-310/lxml
2022-12-27T11:34:50.5987830Z   copying src/lxml/ElementInclude.py -> build/lib.macosx-11.0-arm64-cpython-310/lxml
2022-12-27T11:34:50.5996460Z   creating build/lib.macosx-11.0-arm64-cpython-310/lxml/html
2022-12-27T11:34:50.5998270Z   copying src/lxml/html/soupparser.py -> build/lib.macosx-11.0-arm64-cpython-310/lxml/html
2022-12-27T11:34:50.6001870Z   copying src/lxml/html/defs.py -> build/lib.macosx-11.0-arm64-cpython-310/lxml/html
2022-12-27T11:34:50.6005740Z   copying src/lxml/html/_setmixin.py -> build/lib.macosx-11.0-arm64-cpython-310/lxml/html
2022-12-27T11:34:50.6008460Z   copying src/lxml/html/clean.py -> build/lib.macosx-11.0-arm64-cpython-310/lxml/html
2022-12-27T11:34:50.6012160Z   copying src/lxml/html/_diffcommand.py -> build/lib.macosx-11.0-arm64-cpython-310/lxml/html
2022-12-27T11:34:50.6016490Z   copying src/lxml/html/html5parser.py -> build/lib.macosx-11.0-arm64-cpython-310/lxml/html
2022-12-27T11:34:50.6019760Z   copying src/lxml/html/__init__.py -> build/lib.macosx-11.0-arm64-cpython-310/lxml/html
2022-12-27T11:34:50.6023870Z   copying src/lxml/html/formfill.py -> build/lib.macosx-11.0-arm64-cpython-310/lxml/html
2022-12-27T11:34:50.6027580Z   copying src/lxml/html/builder.py -> build/lib.macosx-11.0-arm64-cpython-310/lxml/html
2022-12-27T11:34:50.6031600Z   copying src/lxml/html/ElementSoup.py -> build/lib.macosx-11.0-arm64-cpython-310/lxml/html
2022-12-27T11:34:50.6035420Z   copying src/lxml/html/_html5builder.py -> build/lib.macosx-11.0-arm64-cpython-310/lxml/html
2022-12-27T11:34:50.6038940Z   copying src/lxml/html/usedoctest.py -> build/lib.macosx-11.0-arm64-cpython-310/lxml/html
2022-12-27T11:34:50.6043160Z   copying src/lxml/html/diff.py -> build/lib.macosx-11.0-arm64-cpython-310/lxml/html
2022-12-27T11:34:50.6046660Z   copying src/lxml/html/_dictmixin.py -> build/lib.macosx-11.0-arm64-cpython-310/lxml/html
2022-12-27T11:34:50.6051640Z   creating build/lib.macosx-11.0-arm64-cpython-310/lxml/isoschematron
2022-12-27T11:34:50.6053290Z   copying src/lxml/isoschematron/__init__.py -> build/lib.macosx-11.0-arm64-cpython-310/lxml/isoschematron
2022-12-27T11:34:50.6067970Z   copying src/lxml/etreepublic.pxd -> build/lib.macosx-11.0-arm64-cpython-310/lxml
2022-12-27T11:34:50.6071340Z   copying src/lxml/tree.pxd -> build/lib.macosx-11.0-arm64-cpython-310/lxml
2022-12-27T11:34:50.6074670Z   copying src/lxml/etree_defs.h -> build/lib.macosx-11.0-arm64-cpython-310/lxml
2022-12-27T11:34:50.6078350Z   creating build/lib.macosx-11.0-arm64-cpython-310/lxml/isoschematron/resources
2022-12-27T11:34:50.6080460Z   creating build/lib.macosx-11.0-arm64-cpython-310/lxml/isoschematron/resources/rng
2022-12-27T11:34:50.6082750Z   copying src/lxml/isoschematron/resources/rng/iso-schematron.rng -> build/lib.macosx-11.0-arm64-cpython-310/lxml/isoschematron/resources/rng
2022-12-27T11:34:50.6084690Z   creating build/lib.macosx-11.0-arm64-cpython-310/lxml/isoschematron/resources/xsl
2022-12-27T11:34:50.6086970Z   copying src/lxml/isoschematron/resources/xsl/XSD2Schtrn.xsl -> build/lib.macosx-11.0-arm64-cpython-310/lxml/isoschematron/resources/xsl
2022-12-27T11:34:50.6089210Z   copying src/lxml/isoschematron/resources/xsl/RNG2Schtrn.xsl -> build/lib.macosx-11.0-arm64-cpython-310/lxml/isoschematron/resources/xsl
2022-12-27T11:34:50.6092560Z   creating build/lib.macosx-11.0-arm64-cpython-310/lxml/isoschematron/resources/xsl/iso-schematron-xslt1
2022-12-27T11:34:50.6094720Z   copying src/lxml/isoschematron/resources/xsl/iso-schematron-xslt1/iso_abstract_expand.xsl -> build/lib.macosx-11.0-arm64-cpython-310/lxml/isoschematron/resources/xsl/iso-schematron-xslt1
2022-12-27T11:34:50.6096570Z   copying src/lxml/isoschematron/resources/xsl/iso-schematron-xslt1/iso_dsdl_include.xsl -> build/lib.macosx-11.0-arm64-cpython-310/lxml/isoschematron/resources/xsl/iso-schematron-xslt1
2022-12-27T11:34:50.6100420Z   copying src/lxml/isoschematron/resources/xsl/iso-schematron-xslt1/iso_schematron_skeleton_for_xslt1.xsl -> build/lib.macosx-11.0-arm64-cpython-310/lxml/isoschematron/resources/xsl/iso-schematron-xslt1
2022-12-27T11:34:50.6104440Z   copying src/lxml/isoschematron/resources/xsl/iso-schematron-xslt1/iso_svrl_for_xslt1.xsl -> build/lib.macosx-11.0-arm64-cpython-310/lxml/isoschematron/resources/xsl/iso-schematron-xslt1
2022-12-27T11:34:50.6107650Z   copying src/lxml/isoschematron/resources/xsl/iso-schematron-xslt1/iso_schematron_message.xsl -> build/lib.macosx-11.0-arm64-cpython-310/lxml/isoschematron/resources/xsl/iso-schematron-xslt1
2022-12-27T11:34:50.6110850Z   copying src/lxml/isoschematron/resources/xsl/iso-schematron-xslt1/readme.txt -> build/lib.macosx-11.0-arm64-cpython-310/lxml/isoschematron/resources/xsl/iso-schematron-xslt1
2022-12-27T11:34:50.6123160Z   running build_ext
2022-12-27T11:34:50.6245060Z   skipping 'src/lxml/lxml.etree.c' Cython extension (up-to-date)
2022-12-27T11:34:50.6246670Z   skipping 'src/lxml/lxml.objectify.c' Cython extension (up-to-date)
2022-12-27T11:34:50.6248020Z   building 'lxml.etree' extension
2022-12-27T11:34:50.6249670Z   creating build/temp.macosx-11.0-arm64-cpython-310
2022-12-27T11:34:50.6251020Z   creating build/temp.macosx-11.0-arm64-cpython-310/src
2022-12-27T11:34:50.6252420Z   creating build/temp.macosx-11.0-arm64-cpython-310/src/lxml
2022-12-27T11:34:50.6254830Z   clang -Wno-unused-result -Wsign-compare -Wunreachable-code -fno-common -dynamic -DNDEBUG -g -fwrapv -O3 -Wall -g -I/usr/local/opt/openssl@3/include -I/usr/local/opt/openssl@3/include -arch arm64 -I/Library/Developer/CommandLineTools/SDKs/MacOSX12.1.sdk/usr/include -I/private/var/folders/51/hd414ycd67n82196sw51xqtc0000gn/T/cibw-run-klf4ul2e/cp310-macosx_arm64/build/venv/include -I/Library/Frameworks/Python.framework/Versions/3.10/include/python3.10 -c src/lxml/lxml.etree.c -o build/temp.macosx-11.0-arm64-cpython-310/src/lxml/lxml.etree.o -w -flat_namespace
2022-12-27T11:34:51.1434010Z   src/lxml/lxml.etree.c:137020:5: error: expression is not assignable
2022-12-27T11:34:51.1434890Z       ++Py_REFCNT(o);
2022-12-27T11:34:51.1436600Z       ^ ~~~~~~~~~~~~
2022-12-27T11:34:51.1437670Z   src/lxml/lxml.etree.c:137023:5: error: expression is not assignable
2022-12-27T11:34:51.1439380Z       --Py_REFCNT(o);
2022-12-27T11:34:51.1440330Z       ^ ~~~~~~~~~~~~
2022-12-27T11:34:51.1442000Z   src/lxml/lxml.etree.c:137228:5: error: expression is not assignable
2022-12-27T11:34:51.1443170Z       ++Py_REFCNT(o);
2022-12-27T11:34:51.1444670Z       ^ ~~~~~~~~~~~~
2022-12-27T11:34:51.1445730Z   src/lxml/lxml.etree.c:137231:5: error: expression is not assignable
2022-12-27T11:34:51.1447220Z       --Py_REFCNT(o);
2022-12-27T11:34:51.1448300Z       ^ ~~~~~~~~~~~~
2022-12-27T11:34:51.1684530Z   src/lxml/lxml.etree.c:148413:5: error: expression is not assignable
2022-12-27T11:34:51.1685960Z       ++Py_REFCNT(o);
2022-12-27T11:34:51.1687530Z       ^ ~~~~~~~~~~~~
2022-12-27T11:34:51.1689330Z   src/lxml/lxml.etree.c:148416:5: error: expression is not assignable
2022-12-27T11:34:51.1690980Z       --Py_REFCNT(o);
2022-12-27T11:34:51.1692430Z       ^ ~~~~~~~~~~~~
2022-12-27T11:34:51.1698250Z   src/lxml/lxml.etree.c:149017:5: error: expression is not assignable
2022-12-27T11:34:51.1699700Z       ++Py_REFCNT(o);
2022-12-27T11:34:51.1701070Z       ^ ~~~~~~~~~~~~
2022-12-27T11:34:51.1702360Z   src/lxml/lxml.etree.c:149020:5: error: expression is not assignable
2022-12-27T11:34:51.1703820Z       --Py_REFCNT(o);
2022-12-27T11:34:51.1704920Z       ^ ~~~~~~~~~~~~
2022-12-27T11:34:51.1709140Z   src/lxml/lxml.etree.c:149430:5: error: expression is not assignable
2022-12-27T11:34:51.1710420Z       ++Py_REFCNT(o);
2022-12-27T11:34:51.1711780Z       ^ ~~~~~~~~~~~~
2022-12-27T11:34:51.1713240Z   src/lxml/lxml.etree.c:149433:5: error: expression is not assignable
2022-12-27T11:34:51.1714460Z       --Py_REFCNT(o);
2022-12-27T11:34:51.1715850Z       ^ ~~~~~~~~~~~~
2022-12-27T11:34:51.1717400Z   src/lxml/lxml.etree.c:149617:5: error: expression is not assignable
2022-12-27T11:34:51.1718510Z       ++Py_REFCNT(o);
2022-12-27T11:34:51.1719950Z       ^ ~~~~~~~~~~~~
2022-12-27T11:34:51.1721380Z   src/lxml/lxml.etree.c:149620:5: error: expression is not assignable
2022-12-27T11:34:51.1722620Z       --Py_REFCNT(o);
2022-12-27T11:34:51.1723950Z       ^ ~~~~~~~~~~~~
2022-12-27T11:34:51.1817230Z   src/lxml/lxml.etree.c:153680:5: error: expression is not assignable
2022-12-27T11:34:51.1819030Z       ++Py_REFCNT(o);
2022-12-27T11:34:51.1820600Z       ^ ~~~~~~~~~~~~
2022-12-27T11:34:51.1880890Z   src/lxml/lxml.etree.c:153683:5: error: expression is not assignable
2022-12-27T11:34:51.1881640Z       --Py_REFCNT(o);
2022-12-27T11:34:51.1882290Z       ^ ~~~~~~~~~~~~
2022-12-27T11:34:51.1882630Z   src/lxml/lxml.etree.c:154267:5: error: expression is not assignable
2022-12-27T11:34:51.1882940Z       ++Py_REFCNT(o);
2022-12-27T11:34:51.1883140Z       ^ ~~~~~~~~~~~~
2022-12-27T11:34:51.1883480Z   src/lxml/lxml.etree.c:154270:5: error: expression is not assignable
2022-12-27T11:34:51.1883950Z       --Py_REFCNT(o);
2022-12-27T11:34:51.1884190Z       ^ ~~~~~~~~~~~~
2022-12-27T11:34:51.1884460Z   src/lxml/lxml.etree.c:154844:5: error: expression is not assignable
2022-12-27T11:34:51.1884780Z       ++Py_REFCNT(o);
2022-12-27T11:34:51.1884990Z       ^ ~~~~~~~~~~~~
2022-12-27T11:34:51.1885310Z   src/lxml/lxml.etree.c:154847:5: error: expression is not assignable
2022-12-27T11:34:51.1885670Z       --Py_REFCNT(o);
2022-12-27T11:34:51.1885890Z       ^ ~~~~~~~~~~~~
2022-12-27T11:34:51.1886330Z   src/lxml/lxml.etree.c:155442:5: error: expression is not assignable
2022-12-27T11:34:51.1886660Z       ++Py_REFCNT(o);
2022-12-27T11:34:51.1886870Z       ^ ~~~~~~~~~~~~
2022-12-27T11:34:51.1887340Z   fatal error: too many errors emitted, stopping now [-ferror-limit=]
2022-12-27T11:34:51.2444550Z   20 errors generated.
2022-12-27T11:34:51.2482890Z   error: command '/usr/bin/clang' failed with exit code 1
2022-12-27T11:34:51.2813840Z   error: subprocess-exited-with-error
2022-12-27T11:34:51.2814760Z   
2022-12-27T11:34:51.2815280Z   Ã— python setup.py bdist_wheel did not run successfully.
2022-12-27T11:34:51.2815580Z   â”‚ exit code: 1
2022-12-27T11:34:51.2815870Z   â•°â”€> See above for output.
2022-12-27T11:34:51.2816300Z   
2022-12-27T11:34:51.2816540Z   note: This error originates from a subprocess, and is likely not a problem with pip.
2022-12-27T11:34:51.2822260Z   full command: /private/var/folders/51/hd414ycd67n82196sw51xqtc0000gn/T/cibw-run-klf4ul2e/cp310-macosx_arm64/build/venv/bin/python -u -c '
2022-12-27T11:34:51.2823240Z   exec(compile('"'"''"'"''"'"'
2022-12-27T11:34:51.2823810Z   # This is <pip-setuptools-caller> -- a caller that pip uses to run setup.py
2022-12-27T11:34:51.2824210Z   #
2022-12-27T11:34:51.2824550Z   # - It imports setuptools before invoking setup.py, to enable projects that directly
2022-12-27T11:34:51.2825000Z   #   import from `distutils.core` to work with newer packaging standards.
2022-12-27T11:34:51.2825400Z   # - It provides a clear error message when setuptools is not installed.
2022-12-27T11:34:51.2825800Z   # - It sets `sys.argv[0]` to the underlying `setup.py`, when invoking `setup.py` so
2022-12-27T11:34:51.2826110Z   #   setuptools doesn'"'"'t think the script is `-c`. This avoids the following warning:
2022-12-27T11:34:51.2826420Z   #     manifest_maker: standard file '"'"'-c'"'"' not found".
2022-12-27T11:34:51.2826660Z   # - It generates a shim setup.py, for handling setup.cfg-only projects.
2022-12-27T11:34:51.2826840Z   import os, sys, tokenize
2022-12-27T11:34:51.2827010Z   
2022-12-27T11:34:51.2827170Z   try:
2022-12-27T11:34:51.2827290Z       import setuptools
2022-12-27T11:34:51.2827450Z   except ImportError as error:
2022-12-27T11:34:51.2827600Z       print(
2022-12-27T11:34:51.2827810Z           "ERROR: Can not execute `setup.py` since setuptools is not available in "
2022-12-27T11:34:51.2828010Z           "the build environment.",
2022-12-27T11:34:51.2828200Z           file=sys.stderr,
2022-12-27T11:34:51.2828360Z       )
2022-12-27T11:34:51.2828500Z       sys.exit(1)
2022-12-27T11:34:51.2828650Z   
2022-12-27T11:34:51.2828800Z   __file__ = %r
2022-12-27T11:34:51.2828920Z   sys.argv[0] = __file__
2022-12-27T11:34:51.2829360Z   
2022-12-27T11:34:51.2829470Z   if os.path.exists(__file__):
2022-12-27T11:34:51.2829610Z       filename = __file__
2022-12-27T11:34:51.2829790Z       with tokenize.open(__file__) as f:
2022-12-27T11:34:51.2829930Z           setup_py_code = f.read()
2022-12-27T11:34:51.2830070Z   else:
2022-12-27T11:34:51.2830260Z       filename = "<auto-generated setuptools caller>"
2022-12-27T11:34:51.2830460Z       setup_py_code = "from setuptools import setup; setup()"
2022-12-27T11:34:51.2830610Z   
2022-12-27T11:34:51.2830770Z   exec(compile(setup_py_code, filename, "exec"))
2022-12-27T11:34:51.2831220Z   '"'"''"'"''"'"' % ('"'"'/Users/runner/actions-runner/_work/python.build/python.build/build_lxml233310/lxml-2.3.3/setup.py'"'"',), "<pip-setuptools-caller>", "exec"))' bdist_wheel -d /private/var/folders/51/hd414ycd67n82196sw51xqtc0000gn/T/pip-wheel-tj5tdx89
2022-12-27T11:34:51.2831670Z   cwd: /Users/runner/actions-runner/_work/python.build/python.build/build_lxml233310/lxml-2.3.3/
2022-12-27T11:34:51.2831950Z   ERROR: Failed building wheel for lxml
2022-12-27T11:34:51.2832250Z   Building wheel for lxml (setup.py): finished with status 'error'
2022-12-27T11:34:51.2832460Z   Running setup.py clean for lxml
2022-12-27T11:34:51.2832620Z   Running command python setup.py clean
2022-12-27T11:34:51.5139580Z   Building lxml version 2.3.3.
2022-12-27T11:34:51.5140570Z   Building with Cython 0.29.32.
2022-12-27T11:34:51.5269560Z   Using build configuration of libxslt 1.1.29
2022-12-27T11:34:51.6198210Z   Building against libxml2/libxslt in the following directory: /Library/Developer/CommandLineTools/SDKs/MacOSX12.1.sdk/usr/lib
2022-12-27T11:34:51.6323670Z   running clean
2022-12-27T11:34:51.6349080Z   removing 'build/temp.macosx-11.0-arm64-cpython-310' (and everything under it)
2022-12-27T11:34:51.6353290Z   removing 'build/lib.macosx-11.0-arm64-cpython-310' (and everything under it)
2022-12-27T11:34:51.6391440Z   'build/bdist.macosx-11.0-arm64' does not exist -- can't clean it
2022-12-27T11:34:51.6393170Z   'build/scripts-3.10' does not exist -- can't clean it
2022-12-27T11:34:51.6394690Z   removing 'build'
2022-12-27T11:34:51.6636620Z Failed to build lxml
2022-12-27T11:34:51.6640630Z ERROR: Failed to build one or more wheels
2022-12-27T11:34:51.6649950Z Exception information:
2022-12-27T11:34:51.6650290Z Traceback (most recent call last):
2022-12-27T11:34:51.6659270Z   File "/private/var/folders/51/hd414ycd67n82196sw51xqtc0000gn/T/cibw-run-klf4ul2e/cp310-macosx_arm64/build/venv/lib/python3.10/site-packages/pip/_internal/cli/base_command.py", line 160, in exc_logging_wrapper
2022-12-27T11:34:51.6659690Z     status = run_func(*args)
2022-12-27T11:34:51.6660220Z   File "/private/var/folders/51/hd414ycd67n82196sw51xqtc0000gn/T/cibw-run-klf4ul2e/cp310-macosx_arm64/build/venv/lib/python3.10/site-packages/pip/_internal/cli/req_command.py", line 247, in wrapper
2022-12-27T11:34:51.6660510Z     return func(self, options, args)
2022-12-27T11:34:51.6660930Z   File "/private/var/folders/51/hd414ycd67n82196sw51xqtc0000gn/T/cibw-run-klf4ul2e/cp310-macosx_arm64/build/venv/lib/python3.10/site-packages/pip/_internal/commands/wheel.py", line 201, in run
2022-12-27T11:34:51.6661270Z     raise CommandError("Failed to build one or more wheels")
2022-12-27T11:34:51.6661480Z pip._internal.exceptions.CommandError: Failed to build one or more wheels
2022-12-27T11:34:51.6661850Z Removed build tracker: '/private/var/folders/51/hd414ycd67n82196sw51xqtc0000gn/T/pip-build-tracker-z456b_k4'
2022-12-27T11:34:51.7086560Z ##[endgroup]
2022-12-27T11:34:51.7109910Z ##[error]Command ['python', '-m', 'pip', 'wheel', '/Users/runner/actions-runner/_work/python.build/python.build/build_lxml233310/lxml-2.3.3', '--wheel-dir=/private/var/folders/51/hd414ycd67n82196sw51xqtc0000gn/T/cibw-run-klf4ul2e/cp310-macosx_arm64/built_wheel', '--no-deps', '-vvv'] failed with code 1. None
2022-12-27T11:34:51.7116380Z 
2022-12-27T11:34:51.7116720Z                                                               [31mâœ• [0m2.25s
2022-12-27T11:34:51.7683350Z ##[error]Process completed with exit code 1.
2022-12-27T11:34:51.7715940Z ##[group]Run rm -rf build_lxml233310 wheelsout
2022-12-27T11:34:51.7716130Z [36;1mrm -rf build_lxml233310 wheelsout[0m
2022-12-27T11:34:51.7730960Z shell: /bin/bash -e {0}
2022-12-27T11:34:51.7731070Z env:
2022-12-27T11:34:51.7731210Z   pythonLocation: /Users/runner/hostedtoolcache/Python/3.10.9/x64
2022-12-27T11:34:51.7731410Z   PKG_CONFIG_PATH: /Users/runner/hostedtoolcache/Python/3.10.9/x64/lib/pkgconfig
2022-12-27T11:34:51.7731600Z   Python_ROOT_DIR: /Users/runner/hostedtoolcache/Python/3.10.9/x64
2022-12-27T11:34:51.7731770Z   Python2_ROOT_DIR: /Users/runner/hostedtoolcache/Python/3.10.9/x64
2022-12-27T11:34:51.7731950Z   Python3_ROOT_DIR: /Users/runner/hostedtoolcache/Python/3.10.9/x64
2022-12-27T11:34:51.7732080Z ##[endgroup]
2022-12-27T11:34:51.8297170Z Cleaning up orphan processes
