2022-12-27T08:51:23.5084511Z Requested labels: self-hosted, macOS, X64
2022-12-27T08:51:23.5084622Z Job defined at: kilnbuild/python.build/.github/workflows/mac_arm_build.yml@refs/heads/main
2022-12-27T08:51:23.5084651Z Waiting for a runner to pick up this job...
2022-12-27T11:22:16.6343827Z Job is about to start running on the runner: k2 (organization)
2022-12-27T11:22:19.3252980Z Current runner version: '2.300.2'
2022-12-27T11:22:19.3257860Z Runner name: 'k2'
2022-12-27T11:22:19.3258100Z Runner group name: 'Default'
2022-12-27T11:22:19.3258530Z Machine name: 'k2'
2022-12-27T11:22:19.3259990Z ##[group]GITHUB_TOKEN Permissions
2022-12-27T11:22:19.3260400Z Actions: write
2022-12-27T11:22:19.3260540Z Checks: write
2022-12-27T11:22:19.3260680Z Contents: write
2022-12-27T11:22:19.3260820Z Deployments: write
2022-12-27T11:22:19.3260960Z Discussions: write
2022-12-27T11:22:19.3261100Z Issues: write
2022-12-27T11:22:19.3261220Z Metadata: read
2022-12-27T11:22:19.3261360Z Packages: write
2022-12-27T11:22:19.3261500Z Pages: write
2022-12-27T11:22:19.3261630Z PullRequests: write
2022-12-27T11:22:19.3261790Z RepositoryProjects: write
2022-12-27T11:22:19.3261950Z SecurityEvents: write
2022-12-27T11:22:19.3262090Z Statuses: write
2022-12-27T11:22:19.3262220Z ##[endgroup]
2022-12-27T11:22:19.3264660Z Secret source: Actions
2022-12-27T11:22:19.3264970Z Prepare workflow directory
2022-12-27T11:22:19.3916460Z Prepare all required actions
2022-12-27T11:22:19.4034050Z Getting action download info
2022-12-27T11:22:19.8306740Z Download action repository 'actions/setup-python@v4' (SHA:5ccb29d8773c3f3f653e1705f474dfaa8a06a912)
2022-12-27T11:22:21.5640030Z Download action repository 'actions/upload-artifact@v3' (SHA:83fd05a356d7e2593de66fc9913b3002723633cb)
2022-12-27T11:22:22.8755670Z ##[group]Run echo '{
2022-12-27T11:22:22.8755960Z [36;1mecho '{[0m
2022-12-27T11:22:22.8756160Z [36;1m  "package_name": "lxml",[0m
2022-12-27T11:22:22.8756440Z [36;1m  "package_url": "https://files.pythonhosted.org/packages/b8/05/358a792da9fc5fc349b3f991984eb8fc7763e2e5e67f404ca657f19564de/lxml-1.3.4.tar.gz",[0m
2022-12-27T11:22:22.8756670Z [36;1m  "package_version": "1.3.4",[0m
2022-12-27T11:22:22.8756800Z [36;1m  "python_version": "3.8",[0m
2022-12-27T11:22:22.8756920Z [36;1m  "use_ccache": "true"[0m
2022-12-27T11:22:22.8757050Z [36;1m}'[0m
2022-12-27T11:22:22.8772660Z shell: /bin/bash -e {0}
2022-12-27T11:22:22.8772870Z ##[endgroup]
2022-12-27T11:22:22.8987260Z {
2022-12-27T11:22:22.8988520Z   "package_name": "lxml",
2022-12-27T11:22:22.8989250Z   "package_url": "https://files.pythonhosted.org/packages/b8/05/358a792da9fc5fc349b3f991984eb8fc7763e2e5e67f404ca657f19564de/lxml-1.3.4.tar.gz",
2022-12-27T11:22:22.8989540Z   "package_version": "1.3.4",
2022-12-27T11:22:22.8989810Z   "python_version": "3.8",
2022-12-27T11:22:22.8989980Z   "use_ccache": "true"
2022-12-27T11:22:22.8990140Z }
2022-12-27T11:22:22.9199340Z ##[group]Run actions/setup-python@v4
2022-12-27T11:22:22.9199600Z with:
2022-12-27T11:22:22.9199780Z   python-version: 3.8
2022-12-27T11:22:22.9199930Z   check-latest: false
2022-12-27T11:22:22.9200220Z   token: ***
2022-12-27T11:22:22.9200450Z   update-environment: true
2022-12-27T11:22:22.9200600Z ##[endgroup]
2022-12-27T11:22:23.0430020Z ##[group]Installed versions
2022-12-27T11:22:23.0536790Z Successfully set up CPython (3.8.15)
2022-12-27T11:22:23.0537680Z ##[endgroup]
2022-12-27T11:22:23.0683060Z ##[group]Run if [ "true" == "true" ]
2022-12-27T11:22:23.0683350Z [36;1mif [ "true" == "true" ][0m
2022-12-27T11:22:23.0683540Z [36;1mthen[0m
2022-12-27T11:22:23.0683760Z [36;1m  echo "CCACHE_PATH_PREPEND=/usr/local/opt/ccache/libexec" >> $GITHUB_OUTPUT[0m
2022-12-27T11:22:23.0684100Z [36;1melse[0m
2022-12-27T11:22:23.0684260Z [36;1m  echo "CCACHE_PATH_PREPEND=" >> $GITHUB_OUTPUT[0m
2022-12-27T11:22:23.0684450Z [36;1mfi[0m
2022-12-27T11:22:23.0700820Z shell: /bin/bash -e {0}
2022-12-27T11:22:23.0701000Z env:
2022-12-27T11:22:23.0701220Z   pythonLocation: /Users/runner/hostedtoolcache/Python/3.8.15/x64
2022-12-27T11:22:23.0701500Z   PKG_CONFIG_PATH: /Users/runner/hostedtoolcache/Python/3.8.15/x64/lib/pkgconfig
2022-12-27T11:22:23.0701730Z   Python_ROOT_DIR: /Users/runner/hostedtoolcache/Python/3.8.15/x64
2022-12-27T11:22:23.0702030Z   Python2_ROOT_DIR: /Users/runner/hostedtoolcache/Python/3.8.15/x64
2022-12-27T11:22:23.0702320Z   Python3_ROOT_DIR: /Users/runner/hostedtoolcache/Python/3.8.15/x64
2022-12-27T11:22:23.0702780Z ##[endgroup]
2022-12-27T11:22:23.0809750Z ##[group]Run echo "BUILD_NAME=$(echo lxml_1.3.4_3.8 | tr -dc '[:alnum:]\n\r' | tr '[:upper:]' '[:lower:]')" >> $GITHUB_OUTPUT
2022-12-27T11:22:23.0810170Z [36;1mecho "BUILD_NAME=$(echo lxml_1.3.4_3.8 | tr -dc '[:alnum:]\n\r' | tr '[:upper:]' '[:lower:]')" >> $GITHUB_OUTPUT[0m
2022-12-27T11:22:23.0823580Z shell: /bin/bash -e {0}
2022-12-27T11:22:23.0823770Z env:
2022-12-27T11:22:23.0823950Z   pythonLocation: /Users/runner/hostedtoolcache/Python/3.8.15/x64
2022-12-27T11:22:23.0824220Z   PKG_CONFIG_PATH: /Users/runner/hostedtoolcache/Python/3.8.15/x64/lib/pkgconfig
2022-12-27T11:22:23.0824560Z   Python_ROOT_DIR: /Users/runner/hostedtoolcache/Python/3.8.15/x64
2022-12-27T11:22:23.0824810Z   Python2_ROOT_DIR: /Users/runner/hostedtoolcache/Python/3.8.15/x64
2022-12-27T11:22:23.0825350Z   Python3_ROOT_DIR: /Users/runner/hostedtoolcache/Python/3.8.15/x64
2022-12-27T11:22:23.0825560Z ##[endgroup]
2022-12-27T11:22:23.0969970Z ##[group]Run echo "PYTHON_NO_DOTS=$(echo 3.8 | tr -dc '[:alnum:]\n\r' | tr '[:upper:]' '[:lower:]')" >> $GITHUB_OUTPUT
2022-12-27T11:22:23.0970430Z [36;1mecho "PYTHON_NO_DOTS=$(echo 3.8 | tr -dc '[:alnum:]\n\r' | tr '[:upper:]' '[:lower:]')" >> $GITHUB_OUTPUT[0m
2022-12-27T11:22:23.0983810Z shell: /bin/bash -e {0}
2022-12-27T11:22:23.0983980Z env:
2022-12-27T11:22:23.0984200Z   pythonLocation: /Users/runner/hostedtoolcache/Python/3.8.15/x64
2022-12-27T11:22:23.0984470Z   PKG_CONFIG_PATH: /Users/runner/hostedtoolcache/Python/3.8.15/x64/lib/pkgconfig
2022-12-27T11:22:23.0984760Z   Python_ROOT_DIR: /Users/runner/hostedtoolcache/Python/3.8.15/x64
2022-12-27T11:22:23.0985010Z   Python2_ROOT_DIR: /Users/runner/hostedtoolcache/Python/3.8.15/x64
2022-12-27T11:22:23.0985260Z   Python3_ROOT_DIR: /Users/runner/hostedtoolcache/Python/3.8.15/x64
2022-12-27T11:22:23.0985480Z ##[endgroup]
2022-12-27T11:22:23.1093720Z ##[group]Run rm -rf build_lxml13438
2022-12-27T11:22:23.1094040Z [36;1mrm -rf build_lxml13438[0m
2022-12-27T11:22:23.1094190Z [36;1mmkdir build_lxml13438[0m
2022-12-27T11:22:23.1094390Z [36;1mcd build_lxml13438[0m
2022-12-27T11:22:23.1094720Z [36;1m/usr/local/bin/wget --quiet https://files.pythonhosted.org/packages/b8/05/358a792da9fc5fc349b3f991984eb8fc7763e2e5e67f404ca657f19564de/lxml-1.3.4.tar.gz[0m
2022-12-27T11:22:23.1094980Z [36;1mtar xf *.tar.gz[0m
2022-12-27T11:22:23.1095120Z [36;1mcd *[0m
2022-12-27T11:22:23.1095310Z [36;1mpython -m pip install cibuildwheel==2.11.3[0m
2022-12-27T11:22:23.1095530Z [36;1mpython -m cibuildwheel --output-dir ../wheelsout[0m
2022-12-27T11:22:23.1108590Z shell: /bin/bash -e {0}
2022-12-27T11:22:23.1108770Z env:
2022-12-27T11:22:23.1108970Z   pythonLocation: /Users/runner/hostedtoolcache/Python/3.8.15/x64
2022-12-27T11:22:23.1109320Z   PKG_CONFIG_PATH: /Users/runner/hostedtoolcache/Python/3.8.15/x64/lib/pkgconfig
2022-12-27T11:22:23.1109600Z   Python_ROOT_DIR: /Users/runner/hostedtoolcache/Python/3.8.15/x64
2022-12-27T11:22:23.1109810Z   Python2_ROOT_DIR: /Users/runner/hostedtoolcache/Python/3.8.15/x64
2022-12-27T11:22:23.1110040Z   Python3_ROOT_DIR: /Users/runner/hostedtoolcache/Python/3.8.15/x64
2022-12-27T11:22:23.1110240Z   CIBW_ARCHS_MACOS: arm64
2022-12-27T11:22:23.1110410Z   CIBW_TEST_SKIP: *_arm64
2022-12-27T11:22:23.1110580Z   CIBW_BUILD: cp38-macosx_arm64
2022-12-27T11:22:23.1110750Z   CIBW_BUILD_FRONTEND: pip
2022-12-27T11:22:23.1110890Z   CIBW_BUILD_VERBOSITY: 3
2022-12-27T11:22:23.1111190Z   CIBW_ENVIRONMENT_MACOS:  CFLAGS="-I/usr/local/opt/openssl@3/include" LDFLAGS="-L/usr/local/opt/openssl@3/lib" CPPFLAGS="-I/usr/local/opt/openssl@3/include" MAKEFLAGS="-j$(sysctl -n hw.logicalcpu)" PATH=/usr/local/opt/ccache/libexec:$PATH
2022-12-27T11:22:23.1111570Z   CIBW_BEFORE_BUILD: pip install Cython; if [[ -f requirements.txt ]]; then pip install -r requirements.txt; fi
2022-12-27T11:22:23.1111810Z   MAKEFLAGS: -j$(sysctl -n hw.logicalcpu)
2022-12-27T11:22:23.1112050Z ##[endgroup]
2022-12-27T11:22:23.4900800Z Requirement already satisfied: cibuildwheel==2.11.3 in /Users/runner/hostedtoolcache/Python/3.8.15/x64/lib/python3.8/site-packages (2.11.3)
2022-12-27T11:22:23.5246570Z Requirement already satisfied: packaging>=20.9 in /Users/runner/hostedtoolcache/Python/3.8.15/x64/lib/python3.8/site-packages (from cibuildwheel==2.11.3) (22.0)
2022-12-27T11:22:23.5254820Z Requirement already satisfied: typing-extensions>=4.1.0 in /Users/runner/hostedtoolcache/Python/3.8.15/x64/lib/python3.8/site-packages (from cibuildwheel==2.11.3) (4.4.0)
2022-12-27T11:22:23.5261020Z Requirement already satisfied: bashlex!=0.13 in /Users/runner/hostedtoolcache/Python/3.8.15/x64/lib/python3.8/site-packages (from cibuildwheel==2.11.3) (0.16)
2022-12-27T11:22:23.5264410Z Requirement already satisfied: certifi in /Users/runner/hostedtoolcache/Python/3.8.15/x64/lib/python3.8/site-packages (from cibuildwheel==2.11.3) (2022.12.7)
2022-12-27T11:22:23.5267850Z Requirement already satisfied: filelock in /Users/runner/hostedtoolcache/Python/3.8.15/x64/lib/python3.8/site-packages (from cibuildwheel==2.11.3) (3.8.2)
2022-12-27T11:22:23.5271520Z Requirement already satisfied: platformdirs in /Users/runner/hostedtoolcache/Python/3.8.15/x64/lib/python3.8/site-packages (from cibuildwheel==2.11.3) (2.6.0)
2022-12-27T11:22:23.5277350Z Requirement already satisfied: tomli in /Users/runner/hostedtoolcache/Python/3.8.15/x64/lib/python3.8/site-packages (from cibuildwheel==2.11.3) (2.0.1)
2022-12-27T11:22:23.5280470Z Requirement already satisfied: bracex in /Users/runner/hostedtoolcache/Python/3.8.15/x64/lib/python3.8/site-packages (from cibuildwheel==2.11.3) (2.3.post1)
2022-12-27T11:22:23.6883260Z 
2022-12-27T11:22:23.6883500Z      _ _       _ _   _       _           _
2022-12-27T11:22:23.6884000Z  ___|_| |_ _ _|_| |_| |_ _ _| |_ ___ ___| |
2022-12-27T11:22:23.6885020Z |  _| | . | | | | | . | | | |   | -_| -_| |
2022-12-27T11:22:23.6885300Z |___|_|___|___|_|_|___|_____|_|_|___|___|_|
2022-12-27T11:22:23.6886040Z 
2022-12-27T11:22:23.6886210Z cibuildwheel version 2.11.3
2022-12-27T11:22:23.6886390Z 
2022-12-27T11:22:23.6886540Z Build options:
2022-12-27T11:22:23.6886840Z   platform: macos
2022-12-27T11:22:23.6953490Z   architectures: arm64[0m
2022-12-27T11:22:23.6953890Z   build_selector: 
2022-12-27T11:22:23.6954360Z     build_config: cp38-macosx_arm64
2022-12-27T11:22:23.6955160Z     skip_config: 
2022-12-27T11:22:23.6955420Z     requires_python: None
2022-12-27T11:22:23.6955740Z     prerelease_pythons: False[0m
2022-12-27T11:22:23.6956110Z   [38;5;244mcontainer_engine: docker[0m
2022-12-27T11:22:23.6956620Z   output_dir: /Users/runner/actions-runner/_work/python.build/python.build/build_lxml13438/wheelsout[0m
2022-12-27T11:22:23.6957270Z   package_dir: /Users/runner/actions-runner/_work/python.build/python.build/build_lxml13438/lxml-1.3.4[0m
2022-12-27T11:22:23.6957580Z   test_selector: 
2022-12-27T11:22:23.6957890Z     skip_config: *_arm64[0m
2022-12-27T11:22:23.6958210Z   [38;5;244mbefore_all: [0m
2022-12-27T11:22:23.6958650Z   before_build: pip install Cython; if [[ -f requirements.txt ]]; then pip install -r requirements.txt; fi[0m
2022-12-27T11:22:23.6959100Z   [38;5;244mbefore_test: [0m
2022-12-27T11:22:23.6959420Z   [38;5;244mbuild_frontend: pip[0m
2022-12-27T11:22:23.6959740Z   build_verbosity: 3[0m
2022-12-27T11:22:23.6960020Z   [38;5;244mconfig_settings: [0m
2022-12-27T11:22:23.6960410Z   [38;5;244mdependency_constraints: pinned[0m
2022-12-27T11:22:23.6960690Z   environment: 
2022-12-27T11:22:23.6961010Z     CFLAGS="-I/usr/local/opt/openssl@3/include"
2022-12-27T11:22:23.6961380Z     LDFLAGS="-L/usr/local/opt/openssl@3/lib"
2022-12-27T11:22:23.6961760Z     CPPFLAGS="-I/usr/local/opt/openssl@3/include"
2022-12-27T11:22:23.6962130Z     MAKEFLAGS="-j$(sysctl -n hw.logicalcpu)"
2022-12-27T11:22:23.6962510Z     PATH=/usr/local/opt/ccache/libexec:$PATH[0m
2022-12-27T11:22:23.6962860Z   [38;5;244mmanylinux_images: None[0m
2022-12-27T11:22:23.6963150Z   [38;5;244mmusllinux_images: None[0m
2022-12-27T11:22:23.6963610Z   [38;5;244mrepair_command: delocate-wheel --require-archs {delocate_archs} -w {dest_dir} -v {wheel}[0m
2022-12-27T11:22:23.6964360Z   [38;5;244mtest_command: [0m
2022-12-27T11:22:23.6964660Z   [38;5;244mtest_extras: [0m
2022-12-27T11:22:23.6964970Z   [38;5;244mtest_requires: [0m
2022-12-27T11:22:23.6965120Z 
2022-12-27T11:22:23.6965280Z Cache folder: /Users/runner/Library/Caches/cibuildwheel
2022-12-27T11:22:23.6971470Z 
2022-12-27T11:22:23.6971800Z Here we go!
2022-12-27T11:22:23.6971970Z 
2022-12-27T11:22:23.7027250Z 
2022-12-27T11:22:23.7027780Z [1m[34mBuilding cp38-macosx_arm64 wheel[0m
2022-12-27T11:22:23.7028170Z CPython 3.8 macOS arm64 - Apple Silicon
2022-12-27T11:22:23.7028360Z 
2022-12-27T11:22:23.7031170Z ##[group]Installing Python cp38...
2022-12-27T11:22:23.7031510Z 
2022-12-27T11:22:23.7031740Z + pkgutil --pkgs
2022-12-27T11:22:23.7129320Z ##[endgroup]
2022-12-27T11:22:23.7130370Z                                                               [32mâœ“ [0m0.01s
2022-12-27T11:22:23.7131050Z ##[group]Setting up build environment...
2022-12-27T11:22:23.7131240Z 
2022-12-27T11:22:23.7150750Z + /Users/runner/hostedtoolcache/Python/3.8.15/x64/bin/python -sS /Users/runner/Library/Caches/cibuildwheel/virtualenv-20.17.0.pyz --activators= --no-periodic-update --pip=22.3.1 --setuptools=65.6.3 --wheel=0.38.4 --symlink-app-data --python /Library/Frameworks/Python.framework/Versions/3.8/bin/python3 /private/var/folders/51/hd414ycd67n82196sw51xqtc0000gn/T/cibw-run-qdxr9tr8/cp38-macosx_arm64/build/venv
2022-12-27T11:22:23.8966660Z created virtual environment CPython3.8.10.final.0-64 in 44ms
2022-12-27T11:22:23.8967270Z   creator CPython3Posix(dest=/private/var/folders/51/hd414ycd67n82196sw51xqtc0000gn/T/cibw-run-qdxr9tr8/cp38-macosx_arm64/build/venv, clear=False, no_vcs_ignore=False, global=False)
2022-12-27T11:22:23.8968060Z   seeder FromAppData(download=False, pip=22.3.1, setuptools=65.6.3, wheel=0.38.4, via=symlink, app_data_dir=/Users/runner/Library/Application Support/virtualenv)
2022-12-27T11:22:23.8968430Z     added seed packages: pip==22.3.1, setuptools==65.6.3, wheel==0.38.4
2022-12-27T11:22:23.9075740Z + python -m pip install --upgrade pip -c /Users/runner/hostedtoolcache/Python/3.8.15/x64/lib/python3.8/site-packages/cibuildwheel/resources/constraints-python38.txt
2022-12-27T11:22:24.2012960Z Requirement already satisfied: pip in ./lib/python3.8/site-packages (22.3.1)
2022-12-27T11:22:24.3389010Z + which pip
2022-12-27T11:22:24.3406070Z /private/var/folders/51/hd414ycd67n82196sw51xqtc0000gn/T/cibw-run-qdxr9tr8/cp38-macosx_arm64/build/venv/bin/pip
2022-12-27T11:22:24.3408380Z + pip --version
2022-12-27T11:22:24.5596440Z pip 22.3.1 from /private/var/folders/51/hd414ycd67n82196sw51xqtc0000gn/T/cibw-run-qdxr9tr8/cp38-macosx_arm64/build/venv/lib/python3.8/site-packages/pip (python 3.8)
2022-12-27T11:22:24.5828240Z + which pip
2022-12-27T11:22:24.5858650Z + which python
2022-12-27T11:22:24.5878320Z /private/var/folders/51/hd414ycd67n82196sw51xqtc0000gn/T/cibw-run-qdxr9tr8/cp38-macosx_arm64/build/venv/bin/python
2022-12-27T11:22:24.5880470Z + python --version
2022-12-27T11:22:24.5929880Z Python 3.8.10
2022-12-27T11:22:24.5932820Z + which python
2022-12-27T11:22:24.5985510Z ##[endgroup]
2022-12-27T11:22:24.5986120Z                                                               [32mâœ“ [0m0.89s
2022-12-27T11:22:24.5986950Z ##[group]Installing build tools...
2022-12-27T11:22:24.5987080Z 
2022-12-27T11:22:24.5987600Z + pip install --upgrade setuptools wheel delocate -c /Users/runner/hostedtoolcache/Python/3.8.15/x64/lib/python3.8/site-packages/cibuildwheel/resources/constraints-python38.txt
2022-12-27T11:22:24.9018430Z Requirement already satisfied: setuptools in /private/var/folders/51/hd414ycd67n82196sw51xqtc0000gn/T/cibw-run-qdxr9tr8/cp38-macosx_arm64/build/venv/lib/python3.8/site-packages (65.6.3)
2022-12-27T11:22:25.1190010Z Requirement already satisfied: wheel in /private/var/folders/51/hd414ycd67n82196sw51xqtc0000gn/T/cibw-run-qdxr9tr8/cp38-macosx_arm64/build/venv/lib/python3.8/site-packages (0.38.4)
2022-12-27T11:22:25.1724380Z Collecting delocate
2022-12-27T11:22:25.1749340Z   Using cached delocate-0.10.3-py3-none-any.whl (142 kB)
2022-12-27T11:22:25.2055310Z Collecting packaging>=20.9
2022-12-27T11:22:25.2079730Z   Using cached packaging-21.3-py3-none-any.whl (40 kB)
2022-12-27T11:22:25.2256240Z Collecting typing-extensions
2022-12-27T11:22:25.2278530Z   Using cached typing_extensions-4.4.0-py3-none-any.whl (26 kB)
2022-12-27T11:22:25.2655060Z Collecting pyparsing!=3.0.5,>=2.0.2
2022-12-27T11:22:25.2677400Z   Using cached pyparsing-3.0.9-py3-none-any.whl (98 kB)
2022-12-27T11:22:25.3048800Z Installing collected packages: typing-extensions, pyparsing, packaging, delocate
2022-12-27T11:22:25.4341600Z Successfully installed delocate-0.10.3 packaging-21.3 pyparsing-3.0.9 typing-extensions-4.4.0
2022-12-27T11:22:25.4776860Z ##[endgroup]
2022-12-27T11:22:25.4777500Z                                                               [32mâœ“ [0m0.88s
2022-12-27T11:22:25.4778100Z ##[group]Running before_build...
2022-12-27T11:22:25.4778220Z 
2022-12-27T11:22:25.4783760Z + pip install Cython; if [[ -f requirements.txt ]]; then pip install -r requirements.txt; fi
2022-12-27T11:22:26.1483400Z Collecting Cython
2022-12-27T11:22:26.1530950Z   Using cached Cython-0.29.32-py2.py3-none-any.whl (986 kB)
2022-12-27T11:22:26.2024720Z Installing collected packages: Cython
2022-12-27T11:22:26.6239820Z Successfully installed Cython-0.29.32
2022-12-27T11:22:26.6654490Z ##[endgroup]
2022-12-27T11:22:26.6655370Z                                                               [32mâœ“ [0m1.19s
2022-12-27T11:22:26.6655780Z ##[group]Building wheel...
2022-12-27T11:22:26.6655900Z 
2022-12-27T11:22:26.6660420Z + python -m pip wheel /Users/runner/actions-runner/_work/python.build/python.build/build_lxml13438/lxml-1.3.4 --wheel-dir=/private/var/folders/51/hd414ycd67n82196sw51xqtc0000gn/T/cibw-run-qdxr9tr8/cp38-macosx_arm64/built_wheel --no-deps -vvv
2022-12-27T11:22:26.9450430Z Created temporary directory: /private/var/folders/51/hd414ycd67n82196sw51xqtc0000gn/T/pip-ephem-wheel-cache-kulze9dl
2022-12-27T11:22:26.9454670Z Created temporary directory: /private/var/folders/51/hd414ycd67n82196sw51xqtc0000gn/T/pip-build-tracker-d48gvi_f
2022-12-27T11:22:26.9456240Z Initialized build tracking at /private/var/folders/51/hd414ycd67n82196sw51xqtc0000gn/T/pip-build-tracker-d48gvi_f
2022-12-27T11:22:26.9458050Z Created build tracker: /private/var/folders/51/hd414ycd67n82196sw51xqtc0000gn/T/pip-build-tracker-d48gvi_f
2022-12-27T11:22:26.9459420Z Entered build tracker: /private/var/folders/51/hd414ycd67n82196sw51xqtc0000gn/T/pip-build-tracker-d48gvi_f
2022-12-27T11:22:26.9462700Z Created temporary directory: /private/var/folders/51/hd414ycd67n82196sw51xqtc0000gn/T/pip-wheel-aq0ofuj2
2022-12-27T11:22:26.9468950Z Created temporary directory: /private/var/folders/51/hd414ycd67n82196sw51xqtc0000gn/T/pip-ephem-wheel-cache-uzfadxcw
2022-12-27T11:22:26.9548540Z Processing /Users/runner/actions-runner/_work/python.build/python.build/build_lxml13438/lxml-1.3.4
2022-12-27T11:22:26.9553840Z   Added file:///Users/runner/actions-runner/_work/python.build/python.build/build_lxml13438/lxml-1.3.4 to build tracker '/private/var/folders/51/hd414ycd67n82196sw51xqtc0000gn/T/pip-build-tracker-d48gvi_f'
2022-12-27T11:22:26.9557210Z   Running setup.py (path:/Users/runner/actions-runner/_work/python.build/python.build/build_lxml13438/lxml-1.3.4/setup.py) egg_info for package from file:///Users/runner/actions-runner/_work/python.build/python.build/build_lxml13438/lxml-1.3.4
2022-12-27T11:22:26.9560390Z   Created temporary directory: /private/var/folders/51/hd414ycd67n82196sw51xqtc0000gn/T/pip-pip-egg-info-2ogxhlq_
2022-12-27T11:22:26.9561910Z   Preparing metadata (setup.py): started
2022-12-27T11:22:26.9563690Z   Running command python setup.py egg_info
2022-12-27T11:22:27.1151460Z   Traceback (most recent call last):
2022-12-27T11:22:27.1159970Z     File "<string>", line 2, in <module>
2022-12-27T11:22:27.1160620Z     File "<pip-setuptools-caller>", line 34, in <module>
2022-12-27T11:22:27.1161150Z     File "/Users/runner/actions-runner/_work/python.build/python.build/build_lxml13438/lxml-1.3.4/setup.py", line 7
2022-12-27T11:22:27.1161830Z       except pkg_resources.VersionConflict, e:
2022-12-27T11:22:27.1162150Z                                           ^
2022-12-27T11:22:27.1162380Z   SyntaxError: invalid syntax
2022-12-27T11:22:27.1455540Z   error: subprocess-exited-with-error
2022-12-27T11:22:27.1456090Z   
2022-12-27T11:22:27.1456660Z   Ã— python setup.py egg_info did not run successfully.
2022-12-27T11:22:27.1457270Z   â”‚ exit code: 1
2022-12-27T11:22:27.1457640Z   â•°â”€> See above for output.
2022-12-27T11:22:27.1457860Z   
2022-12-27T11:22:27.1458170Z   note: This error originates from a subprocess, and is likely not a problem with pip.
2022-12-27T11:22:27.1465700Z   full command: /private/var/folders/51/hd414ycd67n82196sw51xqtc0000gn/T/cibw-run-qdxr9tr8/cp38-macosx_arm64/build/venv/bin/python -c '
2022-12-27T11:22:27.1466610Z   exec(compile('"'"''"'"''"'"'
2022-12-27T11:22:27.1466980Z   # This is <pip-setuptools-caller> -- a caller that pip uses to run setup.py
2022-12-27T11:22:27.1467220Z   #
2022-12-27T11:22:27.1467610Z   # - It imports setuptools before invoking setup.py, to enable projects that directly
2022-12-27T11:22:27.1467960Z   #   import from `distutils.core` to work with newer packaging standards.
2022-12-27T11:22:27.1468700Z   # - It provides a clear error message when setuptools is not installed.
2022-12-27T11:22:27.1469650Z   # - It sets `sys.argv[0]` to the underlying `setup.py`, when invoking `setup.py` so
2022-12-27T11:22:27.1470380Z   #   setuptools doesn'"'"'t think the script is `-c`. This avoids the following warning:
2022-12-27T11:22:27.1471290Z   #     manifest_maker: standard file '"'"'-c'"'"' not found".
2022-12-27T11:22:27.1471970Z   # - It generates a shim setup.py, for handling setup.cfg-only projects.
2022-12-27T11:22:27.1472310Z   import os, sys, tokenize
2022-12-27T11:22:27.1472590Z   
2022-12-27T11:22:27.1473350Z   try:
2022-12-27T11:22:27.1474350Z       import setuptools
2022-12-27T11:22:27.1474740Z   except ImportError as error:
2022-12-27T11:22:27.1475040Z       print(
2022-12-27T11:22:27.1475390Z           "ERROR: Can not execute `setup.py` since setuptools is not available in "
2022-12-27T11:22:27.1476160Z           "the build environment.",
2022-12-27T11:22:27.1476450Z           file=sys.stderr,
2022-12-27T11:22:27.1476640Z       )
2022-12-27T11:22:27.1477160Z       sys.exit(1)
2022-12-27T11:22:27.1477390Z   
2022-12-27T11:22:27.1477570Z   __file__ = %r
2022-12-27T11:22:27.1477810Z   sys.argv[0] = __file__
2022-12-27T11:22:27.1478020Z   
2022-12-27T11:22:27.1478480Z   if os.path.exists(__file__):
2022-12-27T11:22:27.1478740Z       filename = __file__
2022-12-27T11:22:27.1478990Z       with tokenize.open(__file__) as f:
2022-12-27T11:22:27.1479250Z           setup_py_code = f.read()
2022-12-27T11:22:27.1479450Z   else:
2022-12-27T11:22:27.1480080Z       filename = "<auto-generated setuptools caller>"
2022-12-27T11:22:27.1480400Z       setup_py_code = "from setuptools import setup; setup()"
2022-12-27T11:22:27.1480780Z   Preparing metadata (setup.py): finished with status 'error'
2022-12-27T11:22:27.1481060Z   
2022-12-27T11:22:27.1481590Z   exec(compile(setup_py_code, filename, "exec"))
2022-12-27T11:22:27.1482270Z   '"'"''"'"''"'"' % ('"'"'/Users/runner/actions-runner/_work/python.build/python.build/build_lxml13438/lxml-1.3.4/setup.py'"'"',), "<pip-setuptools-caller>", "exec"))' egg_info --egg-base /private/var/folders/51/hd414ycd67n82196sw51xqtc0000gn/T/pip-pip-egg-info-2ogxhlq_
2022-12-27T11:22:27.1482940Z   cwd: /Users/runner/actions-runner/_work/python.build/python.build/build_lxml13438/lxml-1.3.4/
2022-12-27T11:22:27.1488340Z error: metadata-generation-failed
2022-12-27T11:22:27.1488510Z 
2022-12-27T11:22:27.1488950Z Ã— Encountered error while generating package metadata.
2022-12-27T11:22:27.1489350Z â•°â”€> See above for output.
2022-12-27T11:22:27.1489520Z 
2022-12-27T11:22:27.1489690Z note: This is an issue with the package mentioned above, not pip.
2022-12-27T11:22:27.1490000Z hint: See above for details.
2022-12-27T11:22:27.1513690Z Exception information:
2022-12-27T11:22:27.1514470Z Traceback (most recent call last):
2022-12-27T11:22:27.1515640Z   File "/private/var/folders/51/hd414ycd67n82196sw51xqtc0000gn/T/cibw-run-qdxr9tr8/cp38-macosx_arm64/build/venv/lib/python3.8/site-packages/pip/_internal/operations/build/metadata_legacy.py", line 64, in generate_metadata
2022-12-27T11:22:27.1516250Z     call_subprocess(
2022-12-27T11:22:27.1517810Z   File "/private/var/folders/51/hd414ycd67n82196sw51xqtc0000gn/T/cibw-run-qdxr9tr8/cp38-macosx_arm64/build/venv/lib/python3.8/site-packages/pip/_internal/utils/subprocess.py", line 224, in call_subprocess
2022-12-27T11:22:27.1518420Z     raise error
2022-12-27T11:22:27.1518900Z pip._internal.exceptions.InstallationSubprocessError: python setup.py egg_info exited with 1
2022-12-27T11:22:27.1519180Z 
2022-12-27T11:22:27.1519740Z The above exception was the direct cause of the following exception:
2022-12-27T11:22:27.1520340Z 
2022-12-27T11:22:27.1520510Z Traceback (most recent call last):
2022-12-27T11:22:27.1521410Z   File "/private/var/folders/51/hd414ycd67n82196sw51xqtc0000gn/T/cibw-run-qdxr9tr8/cp38-macosx_arm64/build/venv/lib/python3.8/site-packages/pip/_internal/cli/base_command.py", line 160, in exc_logging_wrapper
2022-12-27T11:22:27.1522050Z     status = run_func(*args)
2022-12-27T11:22:27.1523170Z   File "/private/var/folders/51/hd414ycd67n82196sw51xqtc0000gn/T/cibw-run-qdxr9tr8/cp38-macosx_arm64/build/venv/lib/python3.8/site-packages/pip/_internal/cli/req_command.py", line 247, in wrapper
2022-12-27T11:22:27.1523740Z     return func(self, options, args)
2022-12-27T11:22:27.1524590Z   File "/private/var/folders/51/hd414ycd67n82196sw51xqtc0000gn/T/cibw-run-qdxr9tr8/cp38-macosx_arm64/build/venv/lib/python3.8/site-packages/pip/_internal/commands/wheel.py", line 170, in run
2022-12-27T11:22:27.1525210Z     requirement_set = resolver.resolve(reqs, check_supported_wheels=True)
2022-12-27T11:22:27.1526450Z   File "/private/var/folders/51/hd414ycd67n82196sw51xqtc0000gn/T/cibw-run-qdxr9tr8/cp38-macosx_arm64/build/venv/lib/python3.8/site-packages/pip/_internal/resolution/resolvelib/resolver.py", line 73, in resolve
2022-12-27T11:22:27.1526940Z     collected = self.factory.collect_root_requirements(root_reqs)
2022-12-27T11:22:27.1527690Z   File "/private/var/folders/51/hd414ycd67n82196sw51xqtc0000gn/T/cibw-run-qdxr9tr8/cp38-macosx_arm64/build/venv/lib/python3.8/site-packages/pip/_internal/resolution/resolvelib/factory.py", line 491, in collect_root_requirements
2022-12-27T11:22:27.1528160Z     req = self._make_requirement_from_install_req(
2022-12-27T11:22:27.1528930Z   File "/private/var/folders/51/hd414ycd67n82196sw51xqtc0000gn/T/cibw-run-qdxr9tr8/cp38-macosx_arm64/build/venv/lib/python3.8/site-packages/pip/_internal/resolution/resolvelib/factory.py", line 453, in _make_requirement_from_install_req
2022-12-27T11:22:27.1529540Z     cand = self._make_candidate_from_link(
2022-12-27T11:22:27.1530250Z   File "/private/var/folders/51/hd414ycd67n82196sw51xqtc0000gn/T/cibw-run-qdxr9tr8/cp38-macosx_arm64/build/venv/lib/python3.8/site-packages/pip/_internal/resolution/resolvelib/factory.py", line 206, in _make_candidate_from_link
2022-12-27T11:22:27.1530670Z     self._link_candidate_cache[link] = LinkCandidate(
2022-12-27T11:22:27.1531350Z   File "/private/var/folders/51/hd414ycd67n82196sw51xqtc0000gn/T/cibw-run-qdxr9tr8/cp38-macosx_arm64/build/venv/lib/python3.8/site-packages/pip/_internal/resolution/resolvelib/candidates.py", line 297, in __init__
2022-12-27T11:22:27.1531850Z     super().__init__(
2022-12-27T11:22:27.1532500Z   File "/private/var/folders/51/hd414ycd67n82196sw51xqtc0000gn/T/cibw-run-qdxr9tr8/cp38-macosx_arm64/build/venv/lib/python3.8/site-packages/pip/_internal/resolution/resolvelib/candidates.py", line 162, in __init__
2022-12-27T11:22:27.1532920Z     self.dist = self._prepare()
2022-12-27T11:22:27.1533570Z   File "/private/var/folders/51/hd414ycd67n82196sw51xqtc0000gn/T/cibw-run-qdxr9tr8/cp38-macosx_arm64/build/venv/lib/python3.8/site-packages/pip/_internal/resolution/resolvelib/candidates.py", line 231, in _prepare
2022-12-27T11:22:27.1533990Z     dist = self._prepare_distribution()
2022-12-27T11:22:27.1535040Z   File "/private/var/folders/51/hd414ycd67n82196sw51xqtc0000gn/T/cibw-run-qdxr9tr8/cp38-macosx_arm64/build/venv/lib/python3.8/site-packages/pip/_internal/resolution/resolvelib/candidates.py", line 308, in _prepare_distribution
2022-12-27T11:22:27.1535550Z     return preparer.prepare_linked_requirement(self._ireq, parallel_builds=True)
2022-12-27T11:22:27.1536280Z   File "/private/var/folders/51/hd414ycd67n82196sw51xqtc0000gn/T/cibw-run-qdxr9tr8/cp38-macosx_arm64/build/venv/lib/python3.8/site-packages/pip/_internal/operations/prepare.py", line 491, in prepare_linked_requirement
2022-12-27T11:22:27.1536760Z     return self._prepare_linked_requirement(req, parallel_builds)
2022-12-27T11:22:27.1537510Z   File "/private/var/folders/51/hd414ycd67n82196sw51xqtc0000gn/T/cibw-run-qdxr9tr8/cp38-macosx_arm64/build/venv/lib/python3.8/site-packages/pip/_internal/operations/prepare.py", line 577, in _prepare_linked_requirement
2022-12-27T11:22:27.1537980Z     dist = _get_prepared_distribution(
2022-12-27T11:22:27.1538660Z   File "/private/var/folders/51/hd414ycd67n82196sw51xqtc0000gn/T/cibw-run-qdxr9tr8/cp38-macosx_arm64/build/venv/lib/python3.8/site-packages/pip/_internal/operations/prepare.py", line 69, in _get_prepared_distribution
2022-12-27T11:22:27.1539120Z     abstract_dist.prepare_distribution_metadata(
2022-12-27T11:22:27.1539910Z   File "/private/var/folders/51/hd414ycd67n82196sw51xqtc0000gn/T/cibw-run-qdxr9tr8/cp38-macosx_arm64/build/venv/lib/python3.8/site-packages/pip/_internal/distributions/sdist.py", line 61, in prepare_distribution_metadata
2022-12-27T11:22:27.1540400Z     self.req.prepare_metadata()
2022-12-27T11:22:27.1541060Z   File "/private/var/folders/51/hd414ycd67n82196sw51xqtc0000gn/T/cibw-run-qdxr9tr8/cp38-macosx_arm64/build/venv/lib/python3.8/site-packages/pip/_internal/req/req_install.py", line 541, in prepare_metadata
2022-12-27T11:22:27.1541400Z     self.metadata_directory = generate_metadata_legacy(
2022-12-27T11:22:27.1541880Z   File "/private/var/folders/51/hd414ycd67n82196sw51xqtc0000gn/T/cibw-run-qdxr9tr8/cp38-macosx_arm64/build/venv/lib/python3.8/site-packages/pip/_internal/operations/build/metadata_legacy.py", line 71, in generate_metadata
2022-12-27T11:22:27.1542310Z     raise MetadataGenerationFailed(package_details=details) from error
2022-12-27T11:22:27.1542600Z pip._internal.exceptions.MetadataGenerationFailed: metadata generation failed
2022-12-27T11:22:27.1543040Z Removed file:///Users/runner/actions-runner/_work/python.build/python.build/build_lxml13438/lxml-1.3.4 from build tracker '/private/var/folders/51/hd414ycd67n82196sw51xqtc0000gn/T/pip-build-tracker-d48gvi_f'
2022-12-27T11:22:27.1543470Z Removed build tracker: '/private/var/folders/51/hd414ycd67n82196sw51xqtc0000gn/T/pip-build-tracker-d48gvi_f'
2022-12-27T11:22:27.1841750Z ##[endgroup]
2022-12-27T11:22:27.1842350Z                                                               [31mâœ• [0m0.52s
2022-12-27T11:22:27.2181300Z ##[error]Command ['python', '-m', 'pip', 'wheel', '/Users/runner/actions-runner/_work/python.build/python.build/build_lxml13438/lxml-1.3.4', '--wheel-dir=/private/var/folders/51/hd414ycd67n82196sw51xqtc0000gn/T/cibw-run-qdxr9tr8/cp38-macosx_arm64/built_wheel', '--no-deps', '-vvv'] failed with code 1. None
2022-12-27T11:22:27.2187280Z 
2022-12-27T11:22:27.2301120Z ##[error]Process completed with exit code 1.
2022-12-27T11:22:27.2394920Z ##[group]Run rm -rf build_lxml13438 wheelsout
2022-12-27T11:22:27.2395180Z [36;1mrm -rf build_lxml13438 wheelsout[0m
2022-12-27T11:22:27.2410290Z shell: /bin/bash -e {0}
2022-12-27T11:22:27.2410470Z env:
2022-12-27T11:22:27.2410680Z   pythonLocation: /Users/runner/hostedtoolcache/Python/3.8.15/x64
2022-12-27T11:22:27.2410920Z   PKG_CONFIG_PATH: /Users/runner/hostedtoolcache/Python/3.8.15/x64/lib/pkgconfig
2022-12-27T11:22:27.2411130Z   Python_ROOT_DIR: /Users/runner/hostedtoolcache/Python/3.8.15/x64
2022-12-27T11:22:27.2411360Z   Python2_ROOT_DIR: /Users/runner/hostedtoolcache/Python/3.8.15/x64
2022-12-27T11:22:27.2411750Z   Python3_ROOT_DIR: /Users/runner/hostedtoolcache/Python/3.8.15/x64
2022-12-27T11:22:27.2411920Z ##[endgroup]
2022-12-27T11:22:27.2759550Z Cleaning up orphan processes
