2022-12-27T08:51:27.1996266Z Requested labels: self-hosted, macOS, X64
2022-12-27T08:51:27.1996354Z Job defined at: kilnbuild/python.build/.github/workflows/mac_arm_build.yml@refs/heads/main
2022-12-27T08:51:27.1996381Z Waiting for a runner to pick up this job...
2022-12-27T11:23:30.6642777Z Job is about to start running on the runner: k1 (organization)
2022-12-27T11:23:34.9442970Z Current runner version: '2.300.2'
2022-12-27T11:23:34.9447820Z Runner name: 'k1'
2022-12-27T11:23:34.9448040Z Runner group name: 'Default'
2022-12-27T11:23:34.9448470Z Machine name: 'k1'
2022-12-27T11:23:34.9449880Z ##[group]GITHUB_TOKEN Permissions
2022-12-27T11:23:34.9450280Z Actions: write
2022-12-27T11:23:34.9450420Z Checks: write
2022-12-27T11:23:34.9450540Z Contents: write
2022-12-27T11:23:34.9450670Z Deployments: write
2022-12-27T11:23:34.9450810Z Discussions: write
2022-12-27T11:23:34.9450940Z Issues: write
2022-12-27T11:23:34.9451060Z Metadata: read
2022-12-27T11:23:34.9451180Z Packages: write
2022-12-27T11:23:34.9451310Z Pages: write
2022-12-27T11:23:34.9451440Z PullRequests: write
2022-12-27T11:23:34.9451590Z RepositoryProjects: write
2022-12-27T11:23:34.9451740Z SecurityEvents: write
2022-12-27T11:23:34.9451880Z Statuses: write
2022-12-27T11:23:34.9452000Z ##[endgroup]
2022-12-27T11:23:34.9454270Z Secret source: Actions
2022-12-27T11:23:34.9454580Z Prepare workflow directory
2022-12-27T11:23:35.0078010Z Prepare all required actions
2022-12-27T11:23:35.0202960Z Getting action download info
2022-12-27T11:23:35.4393800Z Download action repository 'actions/setup-python@v4' (SHA:5ccb29d8773c3f3f653e1705f474dfaa8a06a912)
2022-12-27T11:23:37.1705700Z Download action repository 'actions/upload-artifact@v3' (SHA:83fd05a356d7e2593de66fc9913b3002723633cb)
2022-12-27T11:23:38.4778730Z ##[group]Run echo '{
2022-12-27T11:23:38.4779010Z [36;1mecho '{[0m
2022-12-27T11:23:38.4779180Z [36;1m  "package_name": "lxml",[0m
2022-12-27T11:23:38.4779460Z [36;1m  "package_url": "https://files.pythonhosted.org/packages/57/2b/8e38cda3b870a723b19f1268b35835ef66258c9478fccf0e927cc8b23462/lxml-2.0alpha4.tar.gz",[0m
2022-12-27T11:23:38.4779730Z [36;1m  "package_version": "2.0alpha4",[0m
2022-12-27T11:23:38.4779860Z [36;1m  "python_version": "3.8",[0m
2022-12-27T11:23:38.4780020Z [36;1m  "use_ccache": "true"[0m
2022-12-27T11:23:38.4780160Z [36;1m}'[0m
2022-12-27T11:23:38.4795270Z shell: /bin/bash -e {0}
2022-12-27T11:23:38.4795480Z ##[endgroup]
2022-12-27T11:23:38.5008350Z {
2022-12-27T11:23:38.5009600Z   "package_name": "lxml",
2022-12-27T11:23:38.5010260Z   "package_url": "https://files.pythonhosted.org/packages/57/2b/8e38cda3b870a723b19f1268b35835ef66258c9478fccf0e927cc8b23462/lxml-2.0alpha4.tar.gz",
2022-12-27T11:23:38.5010560Z   "package_version": "2.0alpha4",
2022-12-27T11:23:38.5010830Z   "python_version": "3.8",
2022-12-27T11:23:38.5011000Z   "use_ccache": "true"
2022-12-27T11:23:38.5011150Z }
2022-12-27T11:23:38.5217820Z ##[group]Run actions/setup-python@v4
2022-12-27T11:23:38.5218070Z with:
2022-12-27T11:23:38.5218210Z   python-version: 3.8
2022-12-27T11:23:38.5218460Z   check-latest: false
2022-12-27T11:23:38.5218750Z   token: ***
2022-12-27T11:23:38.5218920Z   update-environment: true
2022-12-27T11:23:38.5219070Z ##[endgroup]
2022-12-27T11:23:38.6451760Z ##[group]Installed versions
2022-12-27T11:23:38.6491740Z Successfully set up CPython (3.8.15)
2022-12-27T11:23:38.6492560Z ##[endgroup]
2022-12-27T11:23:38.6637540Z ##[group]Run if [ "true" == "true" ]
2022-12-27T11:23:38.6637870Z [36;1mif [ "true" == "true" ][0m
2022-12-27T11:23:38.6638030Z [36;1mthen[0m
2022-12-27T11:23:38.6638340Z [36;1m  echo "CCACHE_PATH_PREPEND=/usr/local/opt/ccache/libexec" >> $GITHUB_OUTPUT[0m
2022-12-27T11:23:38.6638560Z [36;1melse[0m
2022-12-27T11:23:38.6638760Z [36;1m  echo "CCACHE_PATH_PREPEND=" >> $GITHUB_OUTPUT[0m
2022-12-27T11:23:38.6638920Z [36;1mfi[0m
2022-12-27T11:23:38.6655630Z shell: /bin/bash -e {0}
2022-12-27T11:23:38.6655840Z env:
2022-12-27T11:23:38.6656030Z   pythonLocation: /Users/runner/hostedtoolcache/Python/3.8.15/x64
2022-12-27T11:23:38.6656310Z   PKG_CONFIG_PATH: /Users/runner/hostedtoolcache/Python/3.8.15/x64/lib/pkgconfig
2022-12-27T11:23:38.6656670Z   Python_ROOT_DIR: /Users/runner/hostedtoolcache/Python/3.8.15/x64
2022-12-27T11:23:38.6656920Z   Python2_ROOT_DIR: /Users/runner/hostedtoolcache/Python/3.8.15/x64
2022-12-27T11:23:38.6657200Z   Python3_ROOT_DIR: /Users/runner/hostedtoolcache/Python/3.8.15/x64
2022-12-27T11:23:38.6657680Z ##[endgroup]
2022-12-27T11:23:38.6764200Z ##[group]Run echo "BUILD_NAME=$(echo lxml_2.0alpha4_3.8 | tr -dc '[:alnum:]\n\r' | tr '[:upper:]' '[:lower:]')" >> $GITHUB_OUTPUT
2022-12-27T11:23:38.6764750Z [36;1mecho "BUILD_NAME=$(echo lxml_2.0alpha4_3.8 | tr -dc '[:alnum:]\n\r' | tr '[:upper:]' '[:lower:]')" >> $GITHUB_OUTPUT[0m
2022-12-27T11:23:38.6778440Z shell: /bin/bash -e {0}
2022-12-27T11:23:38.6778630Z env:
2022-12-27T11:23:38.6778810Z   pythonLocation: /Users/runner/hostedtoolcache/Python/3.8.15/x64
2022-12-27T11:23:38.6779170Z   PKG_CONFIG_PATH: /Users/runner/hostedtoolcache/Python/3.8.15/x64/lib/pkgconfig
2022-12-27T11:23:38.6779430Z   Python_ROOT_DIR: /Users/runner/hostedtoolcache/Python/3.8.15/x64
2022-12-27T11:23:38.6779650Z   Python2_ROOT_DIR: /Users/runner/hostedtoolcache/Python/3.8.15/x64
2022-12-27T11:23:38.6779900Z   Python3_ROOT_DIR: /Users/runner/hostedtoolcache/Python/3.8.15/x64
2022-12-27T11:23:38.6780160Z ##[endgroup]
2022-12-27T11:23:38.6928640Z ##[group]Run echo "PYTHON_NO_DOTS=$(echo 3.8 | tr -dc '[:alnum:]\n\r' | tr '[:upper:]' '[:lower:]')" >> $GITHUB_OUTPUT
2022-12-27T11:23:38.6929090Z [36;1mecho "PYTHON_NO_DOTS=$(echo 3.8 | tr -dc '[:alnum:]\n\r' | tr '[:upper:]' '[:lower:]')" >> $GITHUB_OUTPUT[0m
2022-12-27T11:23:38.6942660Z shell: /bin/bash -e {0}
2022-12-27T11:23:38.6942800Z env:
2022-12-27T11:23:38.6943000Z   pythonLocation: /Users/runner/hostedtoolcache/Python/3.8.15/x64
2022-12-27T11:23:38.6943670Z   PKG_CONFIG_PATH: /Users/runner/hostedtoolcache/Python/3.8.15/x64/lib/pkgconfig
2022-12-27T11:23:38.6943960Z   Python_ROOT_DIR: /Users/runner/hostedtoolcache/Python/3.8.15/x64
2022-12-27T11:23:38.6944150Z   Python2_ROOT_DIR: /Users/runner/hostedtoolcache/Python/3.8.15/x64
2022-12-27T11:23:38.6944380Z   Python3_ROOT_DIR: /Users/runner/hostedtoolcache/Python/3.8.15/x64
2022-12-27T11:23:38.6944570Z ##[endgroup]
2022-12-27T11:23:38.7054200Z ##[group]Run rm -rf build_lxml20alpha438
2022-12-27T11:23:38.7054620Z [36;1mrm -rf build_lxml20alpha438[0m
2022-12-27T11:23:38.7054840Z [36;1mmkdir build_lxml20alpha438[0m
2022-12-27T11:23:38.7055030Z [36;1mcd build_lxml20alpha438[0m
2022-12-27T11:23:38.7055310Z [36;1m/usr/local/bin/wget --quiet https://files.pythonhosted.org/packages/57/2b/8e38cda3b870a723b19f1268b35835ef66258c9478fccf0e927cc8b23462/lxml-2.0alpha4.tar.gz[0m
2022-12-27T11:23:38.7055600Z [36;1mtar xf *.tar.gz[0m
2022-12-27T11:23:38.7055760Z [36;1mcd *[0m
2022-12-27T11:23:38.7055920Z [36;1mpython -m pip install cibuildwheel==2.11.3[0m
2022-12-27T11:23:38.7056130Z [36;1mpython -m cibuildwheel --output-dir ../wheelsout[0m
2022-12-27T11:23:38.7069770Z shell: /bin/bash -e {0}
2022-12-27T11:23:38.7069950Z env:
2022-12-27T11:23:38.7070120Z   pythonLocation: /Users/runner/hostedtoolcache/Python/3.8.15/x64
2022-12-27T11:23:38.7070420Z   PKG_CONFIG_PATH: /Users/runner/hostedtoolcache/Python/3.8.15/x64/lib/pkgconfig
2022-12-27T11:23:38.7070690Z   Python_ROOT_DIR: /Users/runner/hostedtoolcache/Python/3.8.15/x64
2022-12-27T11:23:38.7070890Z   Python2_ROOT_DIR: /Users/runner/hostedtoolcache/Python/3.8.15/x64
2022-12-27T11:23:38.7071110Z   Python3_ROOT_DIR: /Users/runner/hostedtoolcache/Python/3.8.15/x64
2022-12-27T11:23:38.7071310Z   CIBW_ARCHS_MACOS: arm64
2022-12-27T11:23:38.7071440Z   CIBW_TEST_SKIP: *_arm64
2022-12-27T11:23:38.7071640Z   CIBW_BUILD: cp38-macosx_arm64
2022-12-27T11:23:38.7071820Z   CIBW_BUILD_FRONTEND: pip
2022-12-27T11:23:38.7071970Z   CIBW_BUILD_VERBOSITY: 3
2022-12-27T11:23:38.7072280Z   CIBW_ENVIRONMENT_MACOS:  CFLAGS="-I/usr/local/opt/openssl@3/include" LDFLAGS="-L/usr/local/opt/openssl@3/lib" CPPFLAGS="-I/usr/local/opt/openssl@3/include" MAKEFLAGS="-j$(sysctl -n hw.logicalcpu)" PATH=/usr/local/opt/ccache/libexec:$PATH
2022-12-27T11:23:38.7072660Z   CIBW_BEFORE_BUILD: pip install Cython; if [[ -f requirements.txt ]]; then pip install -r requirements.txt; fi
2022-12-27T11:23:38.7072900Z   MAKEFLAGS: -j$(sysctl -n hw.logicalcpu)
2022-12-27T11:23:38.7073040Z ##[endgroup]
2022-12-27T11:23:39.1400460Z Requirement already satisfied: cibuildwheel==2.11.3 in /Users/runner/hostedtoolcache/Python/3.8.15/x64/lib/python3.8/site-packages (2.11.3)
2022-12-27T11:23:39.1718540Z Requirement already satisfied: filelock in /Users/runner/hostedtoolcache/Python/3.8.15/x64/lib/python3.8/site-packages (from cibuildwheel==2.11.3) (3.8.2)
2022-12-27T11:23:39.1726220Z Requirement already satisfied: typing-extensions>=4.1.0 in /Users/runner/hostedtoolcache/Python/3.8.15/x64/lib/python3.8/site-packages (from cibuildwheel==2.11.3) (4.4.0)
2022-12-27T11:23:39.1729430Z Requirement already satisfied: bracex in /Users/runner/hostedtoolcache/Python/3.8.15/x64/lib/python3.8/site-packages (from cibuildwheel==2.11.3) (2.3.post1)
2022-12-27T11:23:39.1732720Z Requirement already satisfied: platformdirs in /Users/runner/hostedtoolcache/Python/3.8.15/x64/lib/python3.8/site-packages (from cibuildwheel==2.11.3) (2.6.0)
2022-12-27T11:23:39.1737730Z Requirement already satisfied: bashlex!=0.13 in /Users/runner/hostedtoolcache/Python/3.8.15/x64/lib/python3.8/site-packages (from cibuildwheel==2.11.3) (0.16)
2022-12-27T11:23:39.1744160Z Requirement already satisfied: tomli in /Users/runner/hostedtoolcache/Python/3.8.15/x64/lib/python3.8/site-packages (from cibuildwheel==2.11.3) (2.0.1)
2022-12-27T11:23:39.1747550Z Requirement already satisfied: certifi in /Users/runner/hostedtoolcache/Python/3.8.15/x64/lib/python3.8/site-packages (from cibuildwheel==2.11.3) (2022.12.7)
2022-12-27T11:23:39.1752270Z Requirement already satisfied: packaging>=20.9 in /Users/runner/hostedtoolcache/Python/3.8.15/x64/lib/python3.8/site-packages (from cibuildwheel==2.11.3) (22.0)
2022-12-27T11:23:39.3358650Z 
2022-12-27T11:23:39.3358880Z      _ _       _ _   _       _           _
2022-12-27T11:23:39.3359510Z  ___|_| |_ _ _|_| |_| |_ _ _| |_ ___ ___| |
2022-12-27T11:23:39.3360200Z |  _| | . | | | | | . | | | |   | -_| -_| |
2022-12-27T11:23:39.3361030Z |___|_|___|___|_|_|___|_____|_|_|___|___|_|
2022-12-27T11:23:39.3361170Z 
2022-12-27T11:23:39.3361310Z cibuildwheel version 2.11.3
2022-12-27T11:23:39.3361510Z 
2022-12-27T11:23:39.3361730Z Build options:
2022-12-27T11:23:39.3361990Z   platform: macos
2022-12-27T11:23:39.3431380Z   architectures: arm64[0m
2022-12-27T11:23:39.3431750Z   build_selector: 
2022-12-27T11:23:39.3432250Z     build_config: cp38-macosx_arm64
2022-12-27T11:23:39.3432750Z     skip_config: 
2022-12-27T11:23:39.3433120Z     requires_python: None
2022-12-27T11:23:39.3433690Z     prerelease_pythons: False[0m
2022-12-27T11:23:39.3434210Z   [38;5;244mcontainer_engine: docker[0m
2022-12-27T11:23:39.3434950Z   output_dir: /Users/runner/actions-runner/_work/python.build/python.build/build_lxml20alpha438/wheelsout[0m
2022-12-27T11:23:39.3435600Z   package_dir: /Users/runner/actions-runner/_work/python.build/python.build/build_lxml20alpha438/lxml-2.0alpha4[0m
2022-12-27T11:23:39.3435970Z   test_selector: 
2022-12-27T11:23:39.3436280Z     skip_config: *_arm64[0m
2022-12-27T11:23:39.3436640Z   [38;5;244mbefore_all: [0m
2022-12-27T11:23:39.3437470Z   before_build: pip install Cython; if [[ -f requirements.txt ]]; then pip install -r requirements.txt; fi[0m
2022-12-27T11:23:39.3437930Z   [38;5;244mbefore_test: [0m
2022-12-27T11:23:39.3438250Z   [38;5;244mbuild_frontend: pip[0m
2022-12-27T11:23:39.3438590Z   build_verbosity: 3[0m
2022-12-27T11:23:39.3439000Z   [38;5;244mconfig_settings: [0m
2022-12-27T11:23:39.3439350Z   [38;5;244mdependency_constraints: pinned[0m
2022-12-27T11:23:39.3439630Z   environment: 
2022-12-27T11:23:39.3440020Z     CFLAGS="-I/usr/local/opt/openssl@3/include"
2022-12-27T11:23:39.3440370Z     LDFLAGS="-L/usr/local/opt/openssl@3/lib"
2022-12-27T11:23:39.3440840Z     CPPFLAGS="-I/usr/local/opt/openssl@3/include"
2022-12-27T11:23:39.3441240Z     MAKEFLAGS="-j$(sysctl -n hw.logicalcpu)"
2022-12-27T11:23:39.3441600Z     PATH=/usr/local/opt/ccache/libexec:$PATH[0m
2022-12-27T11:23:39.3442090Z   [38;5;244mmanylinux_images: None[0m
2022-12-27T11:23:39.3442560Z   [38;5;244mmusllinux_images: None[0m
2022-12-27T11:23:39.3443140Z   [38;5;244mrepair_command: delocate-wheel --require-archs {delocate_archs} -w {dest_dir} -v {wheel}[0m
2022-12-27T11:23:39.3443840Z   [38;5;244mtest_command: [0m
2022-12-27T11:23:39.3444170Z   [38;5;244mtest_extras: [0m
2022-12-27T11:23:39.3444510Z   [38;5;244mtest_requires: [0m
2022-12-27T11:23:39.3444670Z 
2022-12-27T11:23:39.3444810Z Cache folder: /Users/runner/Library/Caches/cibuildwheel
2022-12-27T11:23:39.3449490Z 
2022-12-27T11:23:39.3449820Z Here we go!
2022-12-27T11:23:39.3450020Z 
2022-12-27T11:23:39.3572970Z 
2022-12-27T11:23:39.3573470Z [1m[34mBuilding cp38-macosx_arm64 wheel[0m
2022-12-27T11:23:39.3573910Z CPython 3.8 macOS arm64 - Apple Silicon
2022-12-27T11:23:39.3574100Z 
2022-12-27T11:23:39.3576850Z ##[group]Installing Python cp38...
2022-12-27T11:23:39.3577030Z 
2022-12-27T11:23:39.3577230Z + pkgutil --pkgs
2022-12-27T11:23:39.3674690Z ##[endgroup]
2022-12-27T11:23:39.3675760Z                                                               [32m✓ [0m0.01s
2022-12-27T11:23:39.3676380Z ##[group]Setting up build environment...
2022-12-27T11:23:39.3676690Z 
2022-12-27T11:23:39.3695010Z + /Users/runner/hostedtoolcache/Python/3.8.15/x64/bin/python -sS /Users/runner/Library/Caches/cibuildwheel/virtualenv-20.17.0.pyz --activators= --no-periodic-update --pip=22.3.1 --setuptools=65.6.3 --wheel=0.38.4 --symlink-app-data --python /Library/Frameworks/Python.framework/Versions/3.8/bin/python3 /private/var/folders/51/hd414ycd67n82196sw51xqtc0000gn/T/cibw-run-7u3pwjgm/cp38-macosx_arm64/build/venv
2022-12-27T11:23:39.5593590Z created virtual environment CPython3.8.10.final.0-64 in 51ms
2022-12-27T11:23:39.5594460Z   creator CPython3Posix(dest=/private/var/folders/51/hd414ycd67n82196sw51xqtc0000gn/T/cibw-run-7u3pwjgm/cp38-macosx_arm64/build/venv, clear=False, no_vcs_ignore=False, global=False)
2022-12-27T11:23:39.5595280Z   seeder FromAppData(download=False, pip=22.3.1, setuptools=65.6.3, wheel=0.38.4, via=symlink, app_data_dir=/Users/runner/Library/Application Support/virtualenv)
2022-12-27T11:23:39.5595740Z     added seed packages: pip==22.3.1, setuptools==65.6.3, wheel==0.38.4
2022-12-27T11:23:39.5706780Z + python -m pip install --upgrade pip -c /Users/runner/hostedtoolcache/Python/3.8.15/x64/lib/python3.8/site-packages/cibuildwheel/resources/constraints-python38.txt
2022-12-27T11:23:39.8633990Z Requirement already satisfied: pip in ./lib/python3.8/site-packages (22.3.1)
2022-12-27T11:23:40.0013410Z + which pip
2022-12-27T11:23:40.0030100Z /private/var/folders/51/hd414ycd67n82196sw51xqtc0000gn/T/cibw-run-7u3pwjgm/cp38-macosx_arm64/build/venv/bin/pip
2022-12-27T11:23:40.0032220Z + pip --version
2022-12-27T11:23:40.2242090Z pip 22.3.1 from /private/var/folders/51/hd414ycd67n82196sw51xqtc0000gn/T/cibw-run-7u3pwjgm/cp38-macosx_arm64/build/venv/lib/python3.8/site-packages/pip (python 3.8)
2022-12-27T11:23:40.2477880Z + which pip
2022-12-27T11:23:40.2507460Z + which python
2022-12-27T11:23:40.2527720Z /private/var/folders/51/hd414ycd67n82196sw51xqtc0000gn/T/cibw-run-7u3pwjgm/cp38-macosx_arm64/build/venv/bin/python
2022-12-27T11:23:40.2529990Z + python --version
2022-12-27T11:23:40.2579500Z Python 3.8.10
2022-12-27T11:23:40.2582430Z + which python
2022-12-27T11:23:40.2636410Z ##[endgroup]
2022-12-27T11:23:40.2637020Z                                                               [32m✓ [0m0.90s
2022-12-27T11:23:40.2637710Z ##[group]Installing build tools...
2022-12-27T11:23:40.2638020Z 
2022-12-27T11:23:40.2638670Z + pip install --upgrade setuptools wheel delocate -c /Users/runner/hostedtoolcache/Python/3.8.15/x64/lib/python3.8/site-packages/cibuildwheel/resources/constraints-python38.txt
2022-12-27T11:23:40.5589620Z Requirement already satisfied: setuptools in /private/var/folders/51/hd414ycd67n82196sw51xqtc0000gn/T/cibw-run-7u3pwjgm/cp38-macosx_arm64/build/venv/lib/python3.8/site-packages (65.6.3)
2022-12-27T11:23:40.7772700Z Requirement already satisfied: wheel in /private/var/folders/51/hd414ycd67n82196sw51xqtc0000gn/T/cibw-run-7u3pwjgm/cp38-macosx_arm64/build/venv/lib/python3.8/site-packages (0.38.4)
2022-12-27T11:23:40.8301870Z Collecting delocate
2022-12-27T11:23:40.8326620Z   Using cached delocate-0.10.3-py3-none-any.whl (142 kB)
2022-12-27T11:23:40.8546550Z Collecting typing-extensions
2022-12-27T11:23:40.8567010Z   Using cached typing_extensions-4.4.0-py3-none-any.whl (26 kB)
2022-12-27T11:23:40.8815550Z Collecting packaging>=20.9
2022-12-27T11:23:40.8836590Z   Using cached packaging-21.3-py3-none-any.whl (40 kB)
2022-12-27T11:23:40.9233480Z Collecting pyparsing!=3.0.5,>=2.0.2
2022-12-27T11:23:40.9255070Z   Using cached pyparsing-3.0.9-py3-none-any.whl (98 kB)
2022-12-27T11:23:40.9632140Z Installing collected packages: typing-extensions, pyparsing, packaging, delocate
2022-12-27T11:23:41.0924570Z Successfully installed delocate-0.10.3 packaging-21.3 pyparsing-3.0.9 typing-extensions-4.4.0
2022-12-27T11:23:41.1340780Z ##[endgroup]
2022-12-27T11:23:41.1341550Z                                                               [32m✓ [0m0.87s
2022-12-27T11:23:41.1342110Z ##[group]Running before_build...
2022-12-27T11:23:41.1342280Z 
2022-12-27T11:23:41.1348500Z + pip install Cython; if [[ -f requirements.txt ]]; then pip install -r requirements.txt; fi
2022-12-27T11:23:41.8020010Z Collecting Cython
2022-12-27T11:23:41.8067600Z   Using cached Cython-0.29.32-py2.py3-none-any.whl (986 kB)
2022-12-27T11:23:41.8492020Z Installing collected packages: Cython
2022-12-27T11:23:42.2663730Z Successfully installed Cython-0.29.32
2022-12-27T11:23:42.3054810Z ##[endgroup]
2022-12-27T11:23:42.3055560Z                                                               [32m✓ [0m1.17s
2022-12-27T11:23:42.3056170Z ##[group]Building wheel...
2022-12-27T11:23:42.3056380Z 
2022-12-27T11:23:42.3061420Z + python -m pip wheel /Users/runner/actions-runner/_work/python.build/python.build/build_lxml20alpha438/lxml-2.0alpha4 --wheel-dir=/private/var/folders/51/hd414ycd67n82196sw51xqtc0000gn/T/cibw-run-7u3pwjgm/cp38-macosx_arm64/built_wheel --no-deps -vvv
2022-12-27T11:23:42.5793580Z Created temporary directory: /private/var/folders/51/hd414ycd67n82196sw51xqtc0000gn/T/pip-ephem-wheel-cache-g1wjf2ng
2022-12-27T11:23:42.5797970Z Created temporary directory: /private/var/folders/51/hd414ycd67n82196sw51xqtc0000gn/T/pip-build-tracker-7dvexona
2022-12-27T11:23:42.5799770Z Initialized build tracking at /private/var/folders/51/hd414ycd67n82196sw51xqtc0000gn/T/pip-build-tracker-7dvexona
2022-12-27T11:23:42.5801220Z Created build tracker: /private/var/folders/51/hd414ycd67n82196sw51xqtc0000gn/T/pip-build-tracker-7dvexona
2022-12-27T11:23:42.5802630Z Entered build tracker: /private/var/folders/51/hd414ycd67n82196sw51xqtc0000gn/T/pip-build-tracker-7dvexona
2022-12-27T11:23:42.5806000Z Created temporary directory: /private/var/folders/51/hd414ycd67n82196sw51xqtc0000gn/T/pip-wheel-d4wyrpwj
2022-12-27T11:23:42.5811780Z Created temporary directory: /private/var/folders/51/hd414ycd67n82196sw51xqtc0000gn/T/pip-ephem-wheel-cache-hmau5igk
2022-12-27T11:23:42.5888530Z Processing /Users/runner/actions-runner/_work/python.build/python.build/build_lxml20alpha438/lxml-2.0alpha4
2022-12-27T11:23:42.5893510Z   Added file:///Users/runner/actions-runner/_work/python.build/python.build/build_lxml20alpha438/lxml-2.0alpha4 to build tracker '/private/var/folders/51/hd414ycd67n82196sw51xqtc0000gn/T/pip-build-tracker-7dvexona'
2022-12-27T11:23:42.5897180Z   Running setup.py (path:/Users/runner/actions-runner/_work/python.build/python.build/build_lxml20alpha438/lxml-2.0alpha4/setup.py) egg_info for package from file:///Users/runner/actions-runner/_work/python.build/python.build/build_lxml20alpha438/lxml-2.0alpha4
2022-12-27T11:23:42.5900400Z   Created temporary directory: /private/var/folders/51/hd414ycd67n82196sw51xqtc0000gn/T/pip-pip-egg-info-nx2gkdox
2022-12-27T11:23:42.5901870Z   Preparing metadata (setup.py): started
2022-12-27T11:23:42.5903650Z   Running command python setup.py egg_info
2022-12-27T11:23:42.7450120Z   Traceback (most recent call last):
2022-12-27T11:23:42.7457280Z     File "<string>", line 2, in <module>
2022-12-27T11:23:42.7457810Z     File "<pip-setuptools-caller>", line 34, in <module>
2022-12-27T11:23:42.7458250Z     File "/Users/runner/actions-runner/_work/python.build/python.build/build_lxml20alpha438/lxml-2.0alpha4/setup.py", line 41
2022-12-27T11:23:42.7458920Z       print "Building lxml version", svn_version
2022-12-27T11:23:42.7459160Z             ^
2022-12-27T11:23:42.7459500Z   SyntaxError: Missing parentheses in call to 'print'. Did you mean print("Building lxml version", svn_version)?
2022-12-27T11:23:42.7729730Z   error: subprocess-exited-with-error
2022-12-27T11:23:42.7730020Z   
2022-12-27T11:23:42.7731620Z   × python setup.py egg_info did not run successfully.
2022-12-27T11:23:42.7732050Z   │ exit code: 1
2022-12-27T11:23:42.7732300Z   ╰─> See above for output.
2022-12-27T11:23:42.7732510Z   
2022-12-27T11:23:42.7732780Z   note: This error originates from a subprocess, and is likely not a problem with pip.
2022-12-27T11:23:42.7738450Z   full command: /private/var/folders/51/hd414ycd67n82196sw51xqtc0000gn/T/cibw-run-7u3pwjgm/cp38-macosx_arm64/build/venv/bin/python -c '
2022-12-27T11:23:42.7738940Z   exec(compile('"'"''"'"''"'"'
2022-12-27T11:23:42.7739260Z   # This is <pip-setuptools-caller> -- a caller that pip uses to run setup.py
2022-12-27T11:23:42.7739560Z   #
2022-12-27T11:23:42.7740470Z   # - It imports setuptools before invoking setup.py, to enable projects that directly
2022-12-27T11:23:42.7741240Z   #   import from `distutils.core` to work with newer packaging standards.
2022-12-27T11:23:42.7741620Z   # - It provides a clear error message when setuptools is not installed.
2022-12-27T11:23:42.7741950Z   # - It sets `sys.argv[0]` to the underlying `setup.py`, when invoking `setup.py` so
2022-12-27T11:23:42.7742250Z   #   setuptools doesn'"'"'t think the script is `-c`. This avoids the following warning:
2022-12-27T11:23:42.7742720Z   #     manifest_maker: standard file '"'"'-c'"'"' not found".
2022-12-27T11:23:42.7743620Z   # - It generates a shim setup.py, for handling setup.cfg-only projects.
2022-12-27T11:23:42.7743950Z   import os, sys, tokenize
2022-12-27T11:23:42.7744390Z   
2022-12-27T11:23:42.7744670Z   try:
2022-12-27T11:23:42.7745020Z       import setuptools
2022-12-27T11:23:42.7745300Z   except ImportError as error:
2022-12-27T11:23:42.7745750Z       print(
2022-12-27T11:23:42.7746060Z           "ERROR: Can not execute `setup.py` since setuptools is not available in "
2022-12-27T11:23:42.7746410Z           "the build environment.",
2022-12-27T11:23:42.7746690Z           file=sys.stderr,
2022-12-27T11:23:42.7747090Z       )
2022-12-27T11:23:42.7747280Z       sys.exit(1)
2022-12-27T11:23:42.7747520Z   
2022-12-27T11:23:42.7747740Z   __file__ = %r
2022-12-27T11:23:42.7748010Z   sys.argv[0] = __file__
2022-12-27T11:23:42.7748310Z   
2022-12-27T11:23:42.7748550Z   if os.path.exists(__file__):
2022-12-27T11:23:42.7748790Z       filename = __file__
2022-12-27T11:23:42.7749080Z       with tokenize.open(__file__) as f:
2022-12-27T11:23:42.7749410Z           setup_py_code = f.read()
2022-12-27T11:23:42.7749630Z   else:
2022-12-27T11:23:42.7750030Z       filename = "<auto-generated setuptools caller>"
2022-12-27T11:23:42.7750400Z       setup_py_code = "from setuptools import setup; setup()"
2022-12-27T11:23:42.7750660Z   
2022-12-27T11:23:42.7750970Z   exec(compile(setup_py_code, filename, "exec"))
2022-12-27T11:23:42.7751880Z   '"'"''"'"''"'"' % ('"'"'/Users/runner/actions-runner/_work/python.build/python.build/build_lxml20alpha438/lxml-2.0alpha4/setup.py'"'"',), "<pip-setuptools-caller>", "exec"))' egg_info --egg-base /private/var/folders/51/hd414ycd67n82196sw51xqtc0000gn/T/pip-pip-egg-info-nx2gkdox
2022-12-27T11:23:42.7752710Z   cwd: /Users/runner/actions-runner/_work/python.build/python.build/build_lxml20alpha438/lxml-2.0alpha4/
2022-12-27T11:23:42.7753370Z   Preparing metadata (setup.py): finished with status 'error'
2022-12-27T11:23:42.7755150Z error: metadata-generation-failed
2022-12-27T11:23:42.7755360Z 
2022-12-27T11:23:42.7755620Z × Encountered error while generating package metadata.
2022-12-27T11:23:42.7755980Z ╰─> See above for output.
2022-12-27T11:23:42.7756100Z 
2022-12-27T11:23:42.7756270Z note: This is an issue with the package mentioned above, not pip.
2022-12-27T11:23:42.7756860Z hint: See above for details.
2022-12-27T11:23:42.7779910Z Exception information:
2022-12-27T11:23:42.7780250Z Traceback (most recent call last):
2022-12-27T11:23:42.7781700Z   File "/private/var/folders/51/hd414ycd67n82196sw51xqtc0000gn/T/cibw-run-7u3pwjgm/cp38-macosx_arm64/build/venv/lib/python3.8/site-packages/pip/_internal/operations/build/metadata_legacy.py", line 64, in generate_metadata
2022-12-27T11:23:42.7782540Z     call_subprocess(
2022-12-27T11:23:42.7783230Z   File "/private/var/folders/51/hd414ycd67n82196sw51xqtc0000gn/T/cibw-run-7u3pwjgm/cp38-macosx_arm64/build/venv/lib/python3.8/site-packages/pip/_internal/utils/subprocess.py", line 224, in call_subprocess
2022-12-27T11:23:42.7783580Z     raise error
2022-12-27T11:23:42.7783910Z pip._internal.exceptions.InstallationSubprocessError: python setup.py egg_info exited with 1
2022-12-27T11:23:42.7784140Z 
2022-12-27T11:23:42.7784340Z The above exception was the direct cause of the following exception:
2022-12-27T11:23:42.7784520Z 
2022-12-27T11:23:42.7784640Z Traceback (most recent call last):
2022-12-27T11:23:42.7785360Z   File "/private/var/folders/51/hd414ycd67n82196sw51xqtc0000gn/T/cibw-run-7u3pwjgm/cp38-macosx_arm64/build/venv/lib/python3.8/site-packages/pip/_internal/cli/base_command.py", line 160, in exc_logging_wrapper
2022-12-27T11:23:42.7785780Z     status = run_func(*args)
2022-12-27T11:23:42.7786370Z   File "/private/var/folders/51/hd414ycd67n82196sw51xqtc0000gn/T/cibw-run-7u3pwjgm/cp38-macosx_arm64/build/venv/lib/python3.8/site-packages/pip/_internal/cli/req_command.py", line 247, in wrapper
2022-12-27T11:23:42.7786810Z     return func(self, options, args)
2022-12-27T11:23:42.7787600Z   File "/private/var/folders/51/hd414ycd67n82196sw51xqtc0000gn/T/cibw-run-7u3pwjgm/cp38-macosx_arm64/build/venv/lib/python3.8/site-packages/pip/_internal/commands/wheel.py", line 170, in run
2022-12-27T11:23:42.7788030Z     requirement_set = resolver.resolve(reqs, check_supported_wheels=True)
2022-12-27T11:23:42.7788780Z   File "/private/var/folders/51/hd414ycd67n82196sw51xqtc0000gn/T/cibw-run-7u3pwjgm/cp38-macosx_arm64/build/venv/lib/python3.8/site-packages/pip/_internal/resolution/resolvelib/resolver.py", line 73, in resolve
2022-12-27T11:23:42.7789280Z     collected = self.factory.collect_root_requirements(root_reqs)
2022-12-27T11:23:42.7789970Z   File "/private/var/folders/51/hd414ycd67n82196sw51xqtc0000gn/T/cibw-run-7u3pwjgm/cp38-macosx_arm64/build/venv/lib/python3.8/site-packages/pip/_internal/resolution/resolvelib/factory.py", line 491, in collect_root_requirements
2022-12-27T11:23:42.7790410Z     req = self._make_requirement_from_install_req(
2022-12-27T11:23:42.7791130Z   File "/private/var/folders/51/hd414ycd67n82196sw51xqtc0000gn/T/cibw-run-7u3pwjgm/cp38-macosx_arm64/build/venv/lib/python3.8/site-packages/pip/_internal/resolution/resolvelib/factory.py", line 453, in _make_requirement_from_install_req
2022-12-27T11:23:42.7791540Z     cand = self._make_candidate_from_link(
2022-12-27T11:23:42.7792230Z   File "/private/var/folders/51/hd414ycd67n82196sw51xqtc0000gn/T/cibw-run-7u3pwjgm/cp38-macosx_arm64/build/venv/lib/python3.8/site-packages/pip/_internal/resolution/resolvelib/factory.py", line 206, in _make_candidate_from_link
2022-12-27T11:23:42.7792700Z     self._link_candidate_cache[link] = LinkCandidate(
2022-12-27T11:23:42.7793350Z   File "/private/var/folders/51/hd414ycd67n82196sw51xqtc0000gn/T/cibw-run-7u3pwjgm/cp38-macosx_arm64/build/venv/lib/python3.8/site-packages/pip/_internal/resolution/resolvelib/candidates.py", line 297, in __init__
2022-12-27T11:23:42.7793750Z     super().__init__(
2022-12-27T11:23:42.7794670Z   File "/private/var/folders/51/hd414ycd67n82196sw51xqtc0000gn/T/cibw-run-7u3pwjgm/cp38-macosx_arm64/build/venv/lib/python3.8/site-packages/pip/_internal/resolution/resolvelib/candidates.py", line 162, in __init__
2022-12-27T11:23:42.7795040Z     self.dist = self._prepare()
2022-12-27T11:23:42.7795590Z   File "/private/var/folders/51/hd414ycd67n82196sw51xqtc0000gn/T/cibw-run-7u3pwjgm/cp38-macosx_arm64/build/venv/lib/python3.8/site-packages/pip/_internal/resolution/resolvelib/candidates.py", line 231, in _prepare
2022-12-27T11:23:42.7796050Z     dist = self._prepare_distribution()
2022-12-27T11:23:42.7796610Z   File "/private/var/folders/51/hd414ycd67n82196sw51xqtc0000gn/T/cibw-run-7u3pwjgm/cp38-macosx_arm64/build/venv/lib/python3.8/site-packages/pip/_internal/resolution/resolvelib/candidates.py", line 308, in _prepare_distribution
2022-12-27T11:23:42.7796950Z     return preparer.prepare_linked_requirement(self._ireq, parallel_builds=True)
2022-12-27T11:23:42.7797430Z   File "/private/var/folders/51/hd414ycd67n82196sw51xqtc0000gn/T/cibw-run-7u3pwjgm/cp38-macosx_arm64/build/venv/lib/python3.8/site-packages/pip/_internal/operations/prepare.py", line 491, in prepare_linked_requirement
2022-12-27T11:23:42.7797720Z     return self._prepare_linked_requirement(req, parallel_builds)
2022-12-27T11:23:42.7798170Z   File "/private/var/folders/51/hd414ycd67n82196sw51xqtc0000gn/T/cibw-run-7u3pwjgm/cp38-macosx_arm64/build/venv/lib/python3.8/site-packages/pip/_internal/operations/prepare.py", line 577, in _prepare_linked_requirement
2022-12-27T11:23:42.7798540Z     dist = _get_prepared_distribution(
2022-12-27T11:23:42.7798970Z   File "/private/var/folders/51/hd414ycd67n82196sw51xqtc0000gn/T/cibw-run-7u3pwjgm/cp38-macosx_arm64/build/venv/lib/python3.8/site-packages/pip/_internal/operations/prepare.py", line 69, in _get_prepared_distribution
2022-12-27T11:23:42.7799280Z     abstract_dist.prepare_distribution_metadata(
2022-12-27T11:23:42.7799690Z   File "/private/var/folders/51/hd414ycd67n82196sw51xqtc0000gn/T/cibw-run-7u3pwjgm/cp38-macosx_arm64/build/venv/lib/python3.8/site-packages/pip/_internal/distributions/sdist.py", line 61, in prepare_distribution_metadata
2022-12-27T11:23:42.7800050Z     self.req.prepare_metadata()
2022-12-27T11:23:42.7800590Z   File "/private/var/folders/51/hd414ycd67n82196sw51xqtc0000gn/T/cibw-run-7u3pwjgm/cp38-macosx_arm64/build/venv/lib/python3.8/site-packages/pip/_internal/req/req_install.py", line 541, in prepare_metadata
2022-12-27T11:23:42.7800920Z     self.metadata_directory = generate_metadata_legacy(
2022-12-27T11:23:42.7801360Z   File "/private/var/folders/51/hd414ycd67n82196sw51xqtc0000gn/T/cibw-run-7u3pwjgm/cp38-macosx_arm64/build/venv/lib/python3.8/site-packages/pip/_internal/operations/build/metadata_legacy.py", line 71, in generate_metadata
2022-12-27T11:23:42.7801770Z     raise MetadataGenerationFailed(package_details=details) from error
2022-12-27T11:23:42.7802010Z pip._internal.exceptions.MetadataGenerationFailed: metadata generation failed
2022-12-27T11:23:42.7802490Z Removed file:///Users/runner/actions-runner/_work/python.build/python.build/build_lxml20alpha438/lxml-2.0alpha4 from build tracker '/private/var/folders/51/hd414ycd67n82196sw51xqtc0000gn/T/pip-build-tracker-7dvexona'
2022-12-27T11:23:42.7802940Z Removed build tracker: '/private/var/folders/51/hd414ycd67n82196sw51xqtc0000gn/T/pip-build-tracker-7dvexona'
2022-12-27T11:23:42.8105730Z ##[endgroup]
2022-12-27T11:23:42.8106260Z                                                               [31m✕ [0m0.51s
2022-12-27T11:23:42.8446060Z ##[error]Command ['python', '-m', 'pip', 'wheel', '/Users/runner/actions-runner/_work/python.build/python.build/build_lxml20alpha438/lxml-2.0alpha4', '--wheel-dir=/private/var/folders/51/hd414ycd67n82196sw51xqtc0000gn/T/cibw-run-7u3pwjgm/cp38-macosx_arm64/built_wheel', '--no-deps', '-vvv'] failed with code 1. None
2022-12-27T11:23:42.8451780Z 
2022-12-27T11:23:42.8550940Z ##[error]Process completed with exit code 1.
2022-12-27T11:23:42.8649690Z ##[group]Run rm -rf build_lxml20alpha438 wheelsout
2022-12-27T11:23:42.8649900Z [36;1mrm -rf build_lxml20alpha438 wheelsout[0m
2022-12-27T11:23:42.8664930Z shell: /bin/bash -e {0}
2022-12-27T11:23:42.8665070Z env:
2022-12-27T11:23:42.8665270Z   pythonLocation: /Users/runner/hostedtoolcache/Python/3.8.15/x64
2022-12-27T11:23:42.8665480Z   PKG_CONFIG_PATH: /Users/runner/hostedtoolcache/Python/3.8.15/x64/lib/pkgconfig
2022-12-27T11:23:42.8665860Z   Python_ROOT_DIR: /Users/runner/hostedtoolcache/Python/3.8.15/x64
2022-12-27T11:23:42.8666100Z   Python2_ROOT_DIR: /Users/runner/hostedtoolcache/Python/3.8.15/x64
2022-12-27T11:23:42.8666290Z   Python3_ROOT_DIR: /Users/runner/hostedtoolcache/Python/3.8.15/x64
2022-12-27T11:23:42.8666470Z ##[endgroup]
2022-12-27T11:23:42.9126700Z Cleaning up orphan processes
