2022-12-27T08:50:21.7123386Z Requested labels: self-hosted, macOS, X64
2022-12-27T08:50:21.7123458Z Job defined at: kilnbuild/python.build/.github/workflows/mac_arm_build.yml@refs/heads/main
2022-12-27T08:50:21.7123491Z Waiting for a runner to pick up this job...
2022-12-27T11:19:14.9597463Z Job is about to start running on the runner: kr1 (organization)
2022-12-27T11:19:17.8771830Z Current runner version: '2.300.2'
2022-12-27T11:19:17.8779470Z Runner name: 'kr1'
2022-12-27T11:19:17.8779870Z Runner group name: 'Default'
2022-12-27T11:19:17.8780680Z Machine name: 'kr1'
2022-12-27T11:19:17.8783220Z ##[group]GITHUB_TOKEN Permissions
2022-12-27T11:19:17.8783900Z Actions: write
2022-12-27T11:19:17.8784160Z Checks: write
2022-12-27T11:19:17.8784410Z Contents: write
2022-12-27T11:19:17.8784660Z Deployments: write
2022-12-27T11:19:17.8784910Z Discussions: write
2022-12-27T11:19:17.8785170Z Issues: write
2022-12-27T11:19:17.8785410Z Metadata: read
2022-12-27T11:19:17.8785650Z Packages: write
2022-12-27T11:19:17.8785910Z Pages: write
2022-12-27T11:19:17.8786170Z PullRequests: write
2022-12-27T11:19:17.8786470Z RepositoryProjects: write
2022-12-27T11:19:17.8786770Z SecurityEvents: write
2022-12-27T11:19:17.8787040Z Statuses: write
2022-12-27T11:19:17.8787270Z ##[endgroup]
2022-12-27T11:19:17.8790830Z Secret source: Actions
2022-12-27T11:19:17.8791320Z Prepare workflow directory
2022-12-27T11:19:17.9877390Z Prepare all required actions
2022-12-27T11:19:18.0074270Z Getting action download info
2022-12-27T11:19:18.4361670Z Download action repository 'actions/setup-python@v4' (SHA:5ccb29d8773c3f3f653e1705f474dfaa8a06a912)
2022-12-27T11:19:20.3729700Z Download action repository 'actions/upload-artifact@v3' (SHA:83fd05a356d7e2593de66fc9913b3002723633cb)
2022-12-27T11:19:22.1210360Z ##[group]Run echo '{
2022-12-27T11:19:22.1211070Z [36;1mecho '{[0m
2022-12-27T11:19:22.1211280Z [36;1m  "package_name": "lxml",[0m
2022-12-27T11:19:22.1211670Z [36;1m  "package_url": "https://files.pythonhosted.org/packages/bb/64/536e4cea563fdd24ae21b160ff44c1b35010c2949b1a77a3c17fff1ae2d7/lxml-1.0.2.tar.gz",[0m
2022-12-27T11:19:22.1212070Z [36;1m  "package_version": "1.0.2",[0m
2022-12-27T11:19:22.1212280Z [36;1m  "python_version": "3.8",[0m
2022-12-27T11:19:22.1212480Z [36;1m  "use_ccache": "true"[0m
2022-12-27T11:19:22.1212650Z [36;1m}'[0m
2022-12-27T11:19:22.1242540Z shell: /bin/bash -e {0}
2022-12-27T11:19:22.1242780Z ##[endgroup]
2022-12-27T11:19:22.1656400Z {
2022-12-27T11:19:22.1658880Z   "package_name": "lxml",
2022-12-27T11:19:22.1659990Z   "package_url": "https://files.pythonhosted.org/packages/bb/64/536e4cea563fdd24ae21b160ff44c1b35010c2949b1a77a3c17fff1ae2d7/lxml-1.0.2.tar.gz",
2022-12-27T11:19:22.1660500Z   "package_version": "1.0.2",
2022-12-27T11:19:22.1661090Z   "python_version": "3.8",
2022-12-27T11:19:22.1661400Z   "use_ccache": "true"
2022-12-27T11:19:22.1661730Z }
2022-12-27T11:19:22.2021450Z ##[group]Run actions/setup-python@v4
2022-12-27T11:19:22.2021970Z with:
2022-12-27T11:19:22.2022300Z   python-version: 3.8
2022-12-27T11:19:22.2022570Z   check-latest: false
2022-12-27T11:19:22.2023110Z   token: ***
2022-12-27T11:19:22.2023510Z   update-environment: true
2022-12-27T11:19:22.2023780Z ##[endgroup]
2022-12-27T11:19:22.4309250Z ##[group]Installed versions
2022-12-27T11:19:22.4363560Z Successfully set up CPython (3.8.15)
2022-12-27T11:19:22.4366900Z ##[endgroup]
2022-12-27T11:19:22.4614230Z ##[group]Run if [ "true" == "true" ]
2022-12-27T11:19:22.4614730Z [36;1mif [ "true" == "true" ][0m
2022-12-27T11:19:22.4615090Z [36;1mthen[0m
2022-12-27T11:19:22.4615610Z [36;1m  echo "CCACHE_PATH_PREPEND=/usr/local/opt/ccache/libexec" >> $GITHUB_OUTPUT[0m
2022-12-27T11:19:22.4616020Z [36;1melse[0m
2022-12-27T11:19:22.4616330Z [36;1m  echo "CCACHE_PATH_PREPEND=" >> $GITHUB_OUTPUT[0m
2022-12-27T11:19:22.4616680Z [36;1mfi[0m
2022-12-27T11:19:22.4647620Z shell: /bin/bash -e {0}
2022-12-27T11:19:22.4647910Z env:
2022-12-27T11:19:22.4648310Z   pythonLocation: /Users/runner/hostedtoolcache/Python/3.8.15/x64
2022-12-27T11:19:22.4648780Z   PKG_CONFIG_PATH: /Users/runner/hostedtoolcache/Python/3.8.15/x64/lib/pkgconfig
2022-12-27T11:19:22.4649580Z   Python_ROOT_DIR: /Users/runner/hostedtoolcache/Python/3.8.15/x64
2022-12-27T11:19:22.4649960Z   Python2_ROOT_DIR: /Users/runner/hostedtoolcache/Python/3.8.15/x64
2022-12-27T11:19:22.4650510Z   Python3_ROOT_DIR: /Users/runner/hostedtoolcache/Python/3.8.15/x64
2022-12-27T11:19:22.4651380Z ##[endgroup]
2022-12-27T11:19:22.4989230Z ##[group]Run echo "BUILD_NAME=$(echo lxml_1.0.2_3.8 | tr -dc '[:alnum:]\n\r' | tr '[:upper:]' '[:lower:]')" >> $GITHUB_OUTPUT
2022-12-27T11:19:22.4990050Z [36;1mecho "BUILD_NAME=$(echo lxml_1.0.2_3.8 | tr -dc '[:alnum:]\n\r' | tr '[:upper:]' '[:lower:]')" >> $GITHUB_OUTPUT[0m
2022-12-27T11:19:22.5020600Z shell: /bin/bash -e {0}
2022-12-27T11:19:22.5020810Z env:
2022-12-27T11:19:22.5021140Z   pythonLocation: /Users/runner/hostedtoolcache/Python/3.8.15/x64
2022-12-27T11:19:22.5021490Z   PKG_CONFIG_PATH: /Users/runner/hostedtoolcache/Python/3.8.15/x64/lib/pkgconfig
2022-12-27T11:19:22.5021850Z   Python_ROOT_DIR: /Users/runner/hostedtoolcache/Python/3.8.15/x64
2022-12-27T11:19:22.5022180Z   Python2_ROOT_DIR: /Users/runner/hostedtoolcache/Python/3.8.15/x64
2022-12-27T11:19:22.5022490Z   Python3_ROOT_DIR: /Users/runner/hostedtoolcache/Python/3.8.15/x64
2022-12-27T11:19:22.5022720Z ##[endgroup]
2022-12-27T11:19:22.5280500Z ##[group]Run echo "PYTHON_NO_DOTS=$(echo 3.8 | tr -dc '[:alnum:]\n\r' | tr '[:upper:]' '[:lower:]')" >> $GITHUB_OUTPUT
2022-12-27T11:19:22.5281200Z [36;1mecho "PYTHON_NO_DOTS=$(echo 3.8 | tr -dc '[:alnum:]\n\r' | tr '[:upper:]' '[:lower:]')" >> $GITHUB_OUTPUT[0m
2022-12-27T11:19:22.5309410Z shell: /bin/bash -e {0}
2022-12-27T11:19:22.5309870Z env:
2022-12-27T11:19:22.5310240Z   pythonLocation: /Users/runner/hostedtoolcache/Python/3.8.15/x64
2022-12-27T11:19:22.5310630Z   PKG_CONFIG_PATH: /Users/runner/hostedtoolcache/Python/3.8.15/x64/lib/pkgconfig
2022-12-27T11:19:22.5311070Z   Python_ROOT_DIR: /Users/runner/hostedtoolcache/Python/3.8.15/x64
2022-12-27T11:19:22.5311490Z   Python2_ROOT_DIR: /Users/runner/hostedtoolcache/Python/3.8.15/x64
2022-12-27T11:19:22.5313260Z   Python3_ROOT_DIR: /Users/runner/hostedtoolcache/Python/3.8.15/x64
2022-12-27T11:19:22.5313570Z ##[endgroup]
2022-12-27T11:19:22.5587430Z ##[group]Run rm -rf build_lxml10238
2022-12-27T11:19:22.5588010Z [36;1mrm -rf build_lxml10238[0m
2022-12-27T11:19:22.5588280Z [36;1mmkdir build_lxml10238[0m
2022-12-27T11:19:22.5588650Z [36;1mcd build_lxml10238[0m
2022-12-27T11:19:22.5589150Z [36;1m/usr/local/bin/wget --quiet https://files.pythonhosted.org/packages/bb/64/536e4cea563fdd24ae21b160ff44c1b35010c2949b1a77a3c17fff1ae2d7/lxml-1.0.2.tar.gz[0m
2022-12-27T11:19:22.5590080Z [36;1mtar xf *.tar.gz[0m
2022-12-27T11:19:22.5590330Z [36;1mcd *[0m
2022-12-27T11:19:22.5590660Z [36;1mpython -m pip install cibuildwheel==2.11.3[0m
2022-12-27T11:19:22.5591070Z [36;1mpython -m cibuildwheel --output-dir ../wheelsout[0m
2022-12-27T11:19:22.5617340Z shell: /bin/bash -e {0}
2022-12-27T11:19:22.5617670Z env:
2022-12-27T11:19:22.5618020Z   pythonLocation: /Users/runner/hostedtoolcache/Python/3.8.15/x64
2022-12-27T11:19:22.5618480Z   PKG_CONFIG_PATH: /Users/runner/hostedtoolcache/Python/3.8.15/x64/lib/pkgconfig
2022-12-27T11:19:22.5619060Z   Python_ROOT_DIR: /Users/runner/hostedtoolcache/Python/3.8.15/x64
2022-12-27T11:19:22.5619440Z   Python2_ROOT_DIR: /Users/runner/hostedtoolcache/Python/3.8.15/x64
2022-12-27T11:19:22.5619870Z   Python3_ROOT_DIR: /Users/runner/hostedtoolcache/Python/3.8.15/x64
2022-12-27T11:19:22.5620230Z   CIBW_ARCHS_MACOS: arm64
2022-12-27T11:19:22.5620840Z   CIBW_TEST_SKIP: *_arm64
2022-12-27T11:19:22.5621110Z   CIBW_BUILD: cp38-macosx_arm64
2022-12-27T11:19:22.5621430Z   CIBW_BUILD_FRONTEND: pip
2022-12-27T11:19:22.5621740Z   CIBW_BUILD_VERBOSITY: 3
2022-12-27T11:19:22.5622230Z   CIBW_ENVIRONMENT_MACOS:  CFLAGS="-I/usr/local/opt/openssl@3/include" LDFLAGS="-L/usr/local/opt/openssl@3/lib" CPPFLAGS="-I/usr/local/opt/openssl@3/include" MAKEFLAGS="-j$(sysctl -n hw.logicalcpu)" PATH=/usr/local/opt/ccache/libexec:$PATH
2022-12-27T11:19:22.5623200Z   CIBW_BEFORE_BUILD: pip install Cython; if [[ -f requirements.txt ]]; then pip install -r requirements.txt; fi
2022-12-27T11:19:22.5623650Z   MAKEFLAGS: -j$(sysctl -n hw.logicalcpu)
2022-12-27T11:19:22.5623970Z ##[endgroup]
2022-12-27T11:19:23.1257360Z Requirement already satisfied: cibuildwheel==2.11.3 in /Users/runner/hostedtoolcache/Python/3.8.15/x64/lib/python3.8/site-packages (2.11.3)
2022-12-27T11:19:23.1864110Z Requirement already satisfied: filelock in /Users/runner/hostedtoolcache/Python/3.8.15/x64/lib/python3.8/site-packages (from cibuildwheel==2.11.3) (3.8.2)
2022-12-27T11:19:23.1870850Z Requirement already satisfied: packaging>=20.9 in /Users/runner/hostedtoolcache/Python/3.8.15/x64/lib/python3.8/site-packages (from cibuildwheel==2.11.3) (22.0)
2022-12-27T11:19:23.1877530Z Requirement already satisfied: bashlex!=0.13 in /Users/runner/hostedtoolcache/Python/3.8.15/x64/lib/python3.8/site-packages (from cibuildwheel==2.11.3) (0.16)
2022-12-27T11:19:23.1883850Z Requirement already satisfied: platformdirs in /Users/runner/hostedtoolcache/Python/3.8.15/x64/lib/python3.8/site-packages (from cibuildwheel==2.11.3) (2.6.0)
2022-12-27T11:19:23.1888410Z Requirement already satisfied: bracex in /Users/runner/hostedtoolcache/Python/3.8.15/x64/lib/python3.8/site-packages (from cibuildwheel==2.11.3) (2.3.post1)
2022-12-27T11:19:23.1893170Z Requirement already satisfied: certifi in /Users/runner/hostedtoolcache/Python/3.8.15/x64/lib/python3.8/site-packages (from cibuildwheel==2.11.3) (2022.12.7)
2022-12-27T11:19:23.1909180Z Requirement already satisfied: typing-extensions>=4.1.0 in /Users/runner/hostedtoolcache/Python/3.8.15/x64/lib/python3.8/site-packages (from cibuildwheel==2.11.3) (4.4.0)
2022-12-27T11:19:23.1916270Z Requirement already satisfied: tomli in /Users/runner/hostedtoolcache/Python/3.8.15/x64/lib/python3.8/site-packages (from cibuildwheel==2.11.3) (2.0.1)
2022-12-27T11:19:23.5048490Z 
2022-12-27T11:19:23.5049300Z      _ _       _ _   _       _           _
2022-12-27T11:19:23.5050270Z  ___|_| |_ _ _|_| |_| |_ _ _| |_ ___ ___| |
2022-12-27T11:19:23.5052520Z |  _| | . | | | | | . | | | |   | -_| -_| |
2022-12-27T11:19:23.5054160Z |___|_|___|___|_|_|___|_____|_|_|___|___|_|
2022-12-27T11:19:23.5056090Z 
2022-12-27T11:19:23.5056430Z cibuildwheel version 2.11.3
2022-12-27T11:19:23.5056610Z 
2022-12-27T11:19:23.5056810Z Build options:
2022-12-27T11:19:23.5057170Z   platform: macos
2022-12-27T11:19:23.5181160Z   architectures: arm64[0m
2022-12-27T11:19:23.5181780Z   build_selector: 
2022-12-27T11:19:23.5184270Z     build_config: cp38-macosx_arm64
2022-12-27T11:19:23.5184730Z     skip_config: 
2022-12-27T11:19:23.5185070Z     requires_python: None
2022-12-27T11:19:23.5187410Z     prerelease_pythons: False[0m
2022-12-27T11:19:23.5189170Z   [38;5;244mcontainer_engine: docker[0m
2022-12-27T11:19:23.5189860Z   output_dir: /Users/runner/actions-runner/_work/python.build/python.build/build_lxml10238/wheelsout[0m
2022-12-27T11:19:23.5190600Z   package_dir: /Users/runner/actions-runner/_work/python.build/python.build/build_lxml10238/lxml-1.0.2[0m
2022-12-27T11:19:23.5191690Z   test_selector: 
2022-12-27T11:19:23.5192210Z     skip_config: *_arm64[0m
2022-12-27T11:19:23.5192580Z   [38;5;244mbefore_all: [0m
2022-12-27T11:19:23.5193140Z   before_build: pip install Cython; if [[ -f requirements.txt ]]; then pip install -r requirements.txt; fi[0m
2022-12-27T11:19:23.5193660Z   [38;5;244mbefore_test: [0m
2022-12-27T11:19:23.5194920Z   [38;5;244mbuild_frontend: pip[0m
2022-12-27T11:19:23.5195670Z   build_verbosity: 3[0m
2022-12-27T11:19:23.5196440Z   [38;5;244mconfig_settings: [0m
2022-12-27T11:19:23.5197310Z   [38;5;244mdependency_constraints: pinned[0m
2022-12-27T11:19:23.5197860Z   environment: 
2022-12-27T11:19:23.5198840Z     CFLAGS="-I/usr/local/opt/openssl@3/include"
2022-12-27T11:19:23.5199720Z     LDFLAGS="-L/usr/local/opt/openssl@3/lib"
2022-12-27T11:19:23.5200490Z     CPPFLAGS="-I/usr/local/opt/openssl@3/include"
2022-12-27T11:19:23.5201360Z     MAKEFLAGS="-j$(sysctl -n hw.logicalcpu)"
2022-12-27T11:19:23.5202390Z     PATH=/usr/local/opt/ccache/libexec:$PATH[0m
2022-12-27T11:19:23.5203120Z   [38;5;244mmanylinux_images: None[0m
2022-12-27T11:19:23.5203940Z   [38;5;244mmusllinux_images: None[0m
2022-12-27T11:19:23.5204690Z   [38;5;244mrepair_command: delocate-wheel --require-archs {delocate_archs} -w {dest_dir} -v {wheel}[0m
2022-12-27T11:19:23.5206230Z   [38;5;244mtest_command: [0m
2022-12-27T11:19:23.5206780Z   [38;5;244mtest_extras: [0m
2022-12-27T11:19:23.5207200Z   [38;5;244mtest_requires: [0m
2022-12-27T11:19:23.5207410Z 
2022-12-27T11:19:23.5207600Z Cache folder: /Users/runner/Library/Caches/cibuildwheel
2022-12-27T11:19:23.5207860Z 
2022-12-27T11:19:23.5207920Z Here we go!
2022-12-27T11:19:23.5208100Z 
2022-12-27T11:19:23.5424650Z 
2022-12-27T11:19:23.5426340Z [1m[34mBuilding cp38-macosx_arm64 wheel[0m
2022-12-27T11:19:23.5427510Z CPython 3.8 macOS arm64 - Apple Silicon
2022-12-27T11:19:23.5427930Z 
2022-12-27T11:19:23.5430160Z ##[group]Installing Python cp38...
2022-12-27T11:19:23.5430600Z 
2022-12-27T11:19:23.5431790Z + pkgutil --pkgs
2022-12-27T11:19:23.5632090Z ##[endgroup]
2022-12-27T11:19:23.5634300Z                                                               [32m✓ [0m0.02s
2022-12-27T11:19:23.5635000Z ##[group]Setting up build environment...
2022-12-27T11:19:23.5635150Z 
2022-12-27T11:19:23.5665580Z + /Users/runner/hostedtoolcache/Python/3.8.15/x64/bin/python -sS /Users/runner/Library/Caches/cibuildwheel/virtualenv-20.17.0.pyz --activators= --no-periodic-update --pip=22.3.1 --setuptools=65.6.3 --wheel=0.38.4 --symlink-app-data --python /Library/Frameworks/Python.framework/Versions/3.8/bin/python3 /private/var/folders/51/hd414ycd67n82196sw51xqtc0000gn/T/cibw-run-msprztwy/cp38-macosx_arm64/build/venv
2022-12-27T11:19:23.8821400Z created virtual environment CPython3.8.10.final.0-64 in 80ms
2022-12-27T11:19:23.8822650Z   creator CPython3Posix(dest=/private/var/folders/51/hd414ycd67n82196sw51xqtc0000gn/T/cibw-run-msprztwy/cp38-macosx_arm64/build/venv, clear=False, no_vcs_ignore=False, global=False)
2022-12-27T11:19:23.8823780Z   seeder FromAppData(download=False, pip=22.3.1, setuptools=65.6.3, wheel=0.38.4, via=symlink, app_data_dir=/Users/runner/Library/Application Support/virtualenv)
2022-12-27T11:19:23.8824370Z     added seed packages: pip==22.3.1, setuptools==65.6.3, wheel==0.38.4
2022-12-27T11:19:23.9085800Z + python -m pip install --upgrade pip -c /Users/runner/hostedtoolcache/Python/3.8.15/x64/lib/python3.8/site-packages/cibuildwheel/resources/constraints-python38.txt
2022-12-27T11:19:24.4430740Z Requirement already satisfied: pip in ./lib/python3.8/site-packages (22.3.1)
2022-12-27T11:19:24.7235130Z + which pip
2022-12-27T11:19:24.7278720Z /private/var/folders/51/hd414ycd67n82196sw51xqtc0000gn/T/cibw-run-msprztwy/cp38-macosx_arm64/build/venv/bin/pip
2022-12-27T11:19:24.7282190Z + pip --version
2022-12-27T11:19:25.1241870Z pip 22.3.1 from /private/var/folders/51/hd414ycd67n82196sw51xqtc0000gn/T/cibw-run-msprztwy/cp38-macosx_arm64/build/venv/lib/python3.8/site-packages/pip (python 3.8)
2022-12-27T11:19:25.1822180Z + which pip
2022-12-27T11:19:25.1879070Z + which python
2022-12-27T11:19:25.1922900Z /private/var/folders/51/hd414ycd67n82196sw51xqtc0000gn/T/cibw-run-msprztwy/cp38-macosx_arm64/build/venv/bin/python
2022-12-27T11:19:25.1927240Z + python --version
2022-12-27T11:19:25.2024300Z Python 3.8.10
2022-12-27T11:19:25.2031430Z + which python
2022-12-27T11:19:25.2151400Z ##[endgroup]
2022-12-27T11:19:25.2152550Z                                                               [32m✓ [0m1.65s
2022-12-27T11:19:25.2154050Z ##[group]Installing build tools...
2022-12-27T11:19:25.2154810Z 
2022-12-27T11:19:25.2155880Z + pip install --upgrade setuptools wheel delocate -c /Users/runner/hostedtoolcache/Python/3.8.15/x64/lib/python3.8/site-packages/cibuildwheel/resources/constraints-python38.txt
2022-12-27T11:19:25.7415870Z Requirement already satisfied: setuptools in /private/var/folders/51/hd414ycd67n82196sw51xqtc0000gn/T/cibw-run-msprztwy/cp38-macosx_arm64/build/venv/lib/python3.8/site-packages (65.6.3)
2022-12-27T11:19:26.1332110Z Requirement already satisfied: wheel in /private/var/folders/51/hd414ycd67n82196sw51xqtc0000gn/T/cibw-run-msprztwy/cp38-macosx_arm64/build/venv/lib/python3.8/site-packages (0.38.4)
2022-12-27T11:19:26.2183990Z Collecting delocate
2022-12-27T11:19:26.2291500Z   Using cached delocate-0.10.3-py3-none-any.whl (142 kB)
2022-12-27T11:19:26.2701060Z Collecting typing-extensions
2022-12-27T11:19:26.2761010Z   Using cached typing_extensions-4.4.0-py3-none-any.whl (26 kB)
2022-12-27T11:19:26.3236090Z Collecting packaging>=20.9
2022-12-27T11:19:26.3286550Z   Using cached packaging-21.3-py3-none-any.whl (40 kB)
2022-12-27T11:19:26.3933680Z Collecting pyparsing!=3.0.5,>=2.0.2
2022-12-27T11:19:26.3979580Z   Using cached pyparsing-3.0.9-py3-none-any.whl (98 kB)
2022-12-27T11:19:26.4657170Z Installing collected packages: typing-extensions, pyparsing, packaging, delocate
2022-12-27T11:19:26.6910690Z Successfully installed delocate-0.10.3 packaging-21.3 pyparsing-3.0.9 typing-extensions-4.4.0
2022-12-27T11:19:26.8237480Z ##[endgroup]
2022-12-27T11:19:26.8238910Z                                                               [32m✓ [0m1.61s
2022-12-27T11:19:26.8240400Z ##[group]Running before_build...
2022-12-27T11:19:26.8241220Z 
2022-12-27T11:19:26.8248690Z + pip install Cython; if [[ -f requirements.txt ]]; then pip install -r requirements.txt; fi
2022-12-27T11:19:28.0419080Z Collecting Cython
2022-12-27T11:19:28.0508610Z   Using cached Cython-0.29.32-py2.py3-none-any.whl (986 kB)
2022-12-27T11:19:28.1369870Z Installing collected packages: Cython
2022-12-27T11:19:28.8975400Z Successfully installed Cython-0.29.32
2022-12-27T11:19:28.9956180Z ##[endgroup]
2022-12-27T11:19:28.9957910Z                                                               [32m✓ [0m2.17s
2022-12-27T11:19:28.9959320Z ##[group]Building wheel...
2022-12-27T11:19:28.9959720Z 
2022-12-27T11:19:28.9972420Z + python -m pip wheel /Users/runner/actions-runner/_work/python.build/python.build/build_lxml10238/lxml-1.0.2 --wheel-dir=/private/var/folders/51/hd414ycd67n82196sw51xqtc0000gn/T/cibw-run-msprztwy/cp38-macosx_arm64/built_wheel --no-deps -vvv
2022-12-27T11:19:29.4713980Z Created temporary directory: /private/var/folders/51/hd414ycd67n82196sw51xqtc0000gn/T/pip-ephem-wheel-cache-abxqosab
2022-12-27T11:19:29.4721440Z Created temporary directory: /private/var/folders/51/hd414ycd67n82196sw51xqtc0000gn/T/pip-build-tracker-za2pjid5
2022-12-27T11:19:29.4725450Z Initialized build tracking at /private/var/folders/51/hd414ycd67n82196sw51xqtc0000gn/T/pip-build-tracker-za2pjid5
2022-12-27T11:19:29.4727300Z Created build tracker: /private/var/folders/51/hd414ycd67n82196sw51xqtc0000gn/T/pip-build-tracker-za2pjid5
2022-12-27T11:19:29.4730690Z Entered build tracker: /private/var/folders/51/hd414ycd67n82196sw51xqtc0000gn/T/pip-build-tracker-za2pjid5
2022-12-27T11:19:29.4735260Z Created temporary directory: /private/var/folders/51/hd414ycd67n82196sw51xqtc0000gn/T/pip-wheel-4py2883p
2022-12-27T11:19:29.4748370Z Created temporary directory: /private/var/folders/51/hd414ycd67n82196sw51xqtc0000gn/T/pip-ephem-wheel-cache-gxqcb8lb
2022-12-27T11:19:29.4895320Z Processing /Users/runner/actions-runner/_work/python.build/python.build/build_lxml10238/lxml-1.0.2
2022-12-27T11:19:29.4903420Z   Added file:///Users/runner/actions-runner/_work/python.build/python.build/build_lxml10238/lxml-1.0.2 to build tracker '/private/var/folders/51/hd414ycd67n82196sw51xqtc0000gn/T/pip-build-tracker-za2pjid5'
2022-12-27T11:19:29.4910030Z   Running setup.py (path:/Users/runner/actions-runner/_work/python.build/python.build/build_lxml10238/lxml-1.0.2/setup.py) egg_info for package from file:///Users/runner/actions-runner/_work/python.build/python.build/build_lxml10238/lxml-1.0.2
2022-12-27T11:19:29.4915780Z   Created temporary directory: /private/var/folders/51/hd414ycd67n82196sw51xqtc0000gn/T/pip-pip-egg-info-skn2czma
2022-12-27T11:19:29.4918760Z   Preparing metadata (setup.py): started
2022-12-27T11:19:29.4922050Z   Running command python setup.py egg_info
2022-12-27T11:19:29.7861980Z   Traceback (most recent call last):
2022-12-27T11:19:29.7881560Z     File "<string>", line 2, in <module>
2022-12-27T11:19:29.7883110Z     File "<pip-setuptools-caller>", line 34, in <module>
2022-12-27T11:19:29.7884490Z     File "/Users/runner/actions-runner/_work/python.build/python.build/build_lxml10238/lxml-1.0.2/setup.py", line 22
2022-12-27T11:19:29.7886390Z       raise NotImplementedError, \
2022-12-27T11:19:29.7887110Z                                ^
2022-12-27T11:19:29.7887750Z   SyntaxError: invalid syntax
2022-12-27T11:19:29.8540800Z   error: subprocess-exited-with-error
2022-12-27T11:19:29.8541510Z   
2022-12-27T11:19:29.8542900Z   × python setup.py egg_info did not run successfully.
2022-12-27T11:19:29.8543880Z   │ exit code: 1
2022-12-27T11:19:29.8544670Z   ╰─> See above for output.
2022-12-27T11:19:29.8545150Z   
2022-12-27T11:19:29.8545900Z   note: This error originates from a subprocess, and is likely not a problem with pip.
2022-12-27T11:19:29.8558680Z   full command: /private/var/folders/51/hd414ycd67n82196sw51xqtc0000gn/T/cibw-run-msprztwy/cp38-macosx_arm64/build/venv/bin/python -c '
2022-12-27T11:19:29.8560640Z   exec(compile('"'"''"'"''"'"'
2022-12-27T11:19:29.8562060Z   # This is <pip-setuptools-caller> -- a caller that pip uses to run setup.py
2022-12-27T11:19:29.8563110Z   #
2022-12-27T11:19:29.8565210Z   # - It imports setuptools before invoking setup.py, to enable projects that directly
2022-12-27T11:19:29.8565870Z   #   import from `distutils.core` to work with newer packaging standards.
2022-12-27T11:19:29.8566720Z   # - It provides a clear error message when setuptools is not installed.
2022-12-27T11:19:29.8567710Z   # - It sets `sys.argv[0]` to the underlying `setup.py`, when invoking `setup.py` so
2022-12-27T11:19:29.8569270Z   #   setuptools doesn'"'"'t think the script is `-c`. This avoids the following warning:
2022-12-27T11:19:29.8570240Z   #     manifest_maker: standard file '"'"'-c'"'"' not found".
2022-12-27T11:19:29.8571040Z   # - It generates a shim setup.py, for handling setup.cfg-only projects.
2022-12-27T11:19:29.8571560Z   import os, sys, tokenize
2022-12-27T11:19:29.8572050Z   
2022-12-27T11:19:29.8572630Z   try:
2022-12-27T11:19:29.8573730Z       import setuptools
2022-12-27T11:19:29.8574140Z   except ImportError as error:
2022-12-27T11:19:29.8574490Z       print(
2022-12-27T11:19:29.8574840Z           "ERROR: Can not execute `setup.py` since setuptools is not available in "
2022-12-27T11:19:29.8575380Z           "the build environment.",
2022-12-27T11:19:29.8575730Z           file=sys.stderr,
2022-12-27T11:19:29.8576050Z       )
2022-12-27T11:19:29.8576280Z       sys.exit(1)
2022-12-27T11:19:29.8576790Z   
2022-12-27T11:19:29.8577100Z   __file__ = %r
2022-12-27T11:19:29.8577370Z   sys.argv[0] = __file__
2022-12-27T11:19:29.8577680Z   
2022-12-27T11:19:29.8578010Z   if os.path.exists(__file__):
2022-12-27T11:19:29.8578390Z       filename = __file__
2022-12-27T11:19:29.8578750Z       with tokenize.open(__file__) as f:
2022-12-27T11:19:29.8579110Z           setup_py_code = f.read()
2022-12-27T11:19:29.8579370Z   else:
2022-12-27T11:19:29.8579860Z       filename = "<auto-generated setuptools caller>"
2022-12-27T11:19:29.8580420Z       setup_py_code = "from setuptools import setup; setup()"
2022-12-27T11:19:29.8580710Z   
2022-12-27T11:19:29.8581070Z   exec(compile(setup_py_code, filename, "exec"))
2022-12-27T11:19:29.8581950Z   '"'"''"'"''"'"' % ('"'"'/Users/runner/actions-runner/_work/python.build/python.build/build_lxml10238/lxml-1.0.2/setup.py'"'"',), "<pip-setuptools-caller>", "exec"))' egg_info --egg-base /private/var/folders/51/hd414ycd67n82196sw51xqtc0000gn/T/pip-pip-egg-info-skn2czma
2022-12-27T11:19:29.8582860Z   cwd: /Users/runner/actions-runner/_work/python.build/python.build/build_lxml10238/lxml-1.0.2/
2022-12-27T11:19:29.8583370Z   Preparing metadata (setup.py): finished with status 'error'
2022-12-27T11:19:29.8586160Z error: metadata-generation-failed
2022-12-27T11:19:29.8586530Z 
2022-12-27T11:19:29.8586970Z × Encountered error while generating package metadata.
2022-12-27T11:19:29.8587560Z ╰─> See above for output.
2022-12-27T11:19:29.8587720Z 
2022-12-27T11:19:29.8588510Z note: This is an issue with the package mentioned above, not pip.
2022-12-27T11:19:29.8589000Z hint: See above for details.
2022-12-27T11:19:29.8633720Z Exception information:
2022-12-27T11:19:29.8634590Z Traceback (most recent call last):
2022-12-27T11:19:29.8637790Z   File "/private/var/folders/51/hd414ycd67n82196sw51xqtc0000gn/T/cibw-run-msprztwy/cp38-macosx_arm64/build/venv/lib/python3.8/site-packages/pip/_internal/operations/build/metadata_legacy.py", line 64, in generate_metadata
2022-12-27T11:19:29.8641530Z     call_subprocess(
2022-12-27T11:19:29.8644540Z   File "/private/var/folders/51/hd414ycd67n82196sw51xqtc0000gn/T/cibw-run-msprztwy/cp38-macosx_arm64/build/venv/lib/python3.8/site-packages/pip/_internal/utils/subprocess.py", line 224, in call_subprocess
2022-12-27T11:19:29.8648760Z     raise error
2022-12-27T11:19:29.8650130Z pip._internal.exceptions.InstallationSubprocessError: python setup.py egg_info exited with 1
2022-12-27T11:19:29.8650630Z 
2022-12-27T11:19:29.8651080Z The above exception was the direct cause of the following exception:
2022-12-27T11:19:29.8652960Z 
2022-12-27T11:19:29.8653180Z Traceback (most recent call last):
2022-12-27T11:19:29.8654950Z   File "/private/var/folders/51/hd414ycd67n82196sw51xqtc0000gn/T/cibw-run-msprztwy/cp38-macosx_arm64/build/venv/lib/python3.8/site-packages/pip/_internal/cli/base_command.py", line 160, in exc_logging_wrapper
2022-12-27T11:19:29.8656290Z     status = run_func(*args)
2022-12-27T11:19:29.8657800Z   File "/private/var/folders/51/hd414ycd67n82196sw51xqtc0000gn/T/cibw-run-msprztwy/cp38-macosx_arm64/build/venv/lib/python3.8/site-packages/pip/_internal/cli/req_command.py", line 247, in wrapper
2022-12-27T11:19:29.8659410Z     return func(self, options, args)
2022-12-27T11:19:29.8660970Z   File "/private/var/folders/51/hd414ycd67n82196sw51xqtc0000gn/T/cibw-run-msprztwy/cp38-macosx_arm64/build/venv/lib/python3.8/site-packages/pip/_internal/commands/wheel.py", line 170, in run
2022-12-27T11:19:29.8662350Z     requirement_set = resolver.resolve(reqs, check_supported_wheels=True)
2022-12-27T11:19:29.8664640Z   File "/private/var/folders/51/hd414ycd67n82196sw51xqtc0000gn/T/cibw-run-msprztwy/cp38-macosx_arm64/build/venv/lib/python3.8/site-packages/pip/_internal/resolution/resolvelib/resolver.py", line 73, in resolve
2022-12-27T11:19:29.8665940Z     collected = self.factory.collect_root_requirements(root_reqs)
2022-12-27T11:19:29.8667670Z   File "/private/var/folders/51/hd414ycd67n82196sw51xqtc0000gn/T/cibw-run-msprztwy/cp38-macosx_arm64/build/venv/lib/python3.8/site-packages/pip/_internal/resolution/resolvelib/factory.py", line 491, in collect_root_requirements
2022-12-27T11:19:29.8820700Z     req = self._make_requirement_from_install_req(
2022-12-27T11:19:29.8822210Z   File "/private/var/folders/51/hd414ycd67n82196sw51xqtc0000gn/T/cibw-run-msprztwy/cp38-macosx_arm64/build/venv/lib/python3.8/site-packages/pip/_internal/resolution/resolvelib/factory.py", line 453, in _make_requirement_from_install_req
2022-12-27T11:19:29.8822830Z     cand = self._make_candidate_from_link(
2022-12-27T11:19:29.8823790Z   File "/private/var/folders/51/hd414ycd67n82196sw51xqtc0000gn/T/cibw-run-msprztwy/cp38-macosx_arm64/build/venv/lib/python3.8/site-packages/pip/_internal/resolution/resolvelib/factory.py", line 206, in _make_candidate_from_link
2022-12-27T11:19:29.8824380Z     self._link_candidate_cache[link] = LinkCandidate(
2022-12-27T11:19:29.8825120Z   File "/private/var/folders/51/hd414ycd67n82196sw51xqtc0000gn/T/cibw-run-msprztwy/cp38-macosx_arm64/build/venv/lib/python3.8/site-packages/pip/_internal/resolution/resolvelib/candidates.py", line 297, in __init__
2022-12-27T11:19:29.8825620Z     super().__init__(
2022-12-27T11:19:29.8826350Z   File "/private/var/folders/51/hd414ycd67n82196sw51xqtc0000gn/T/cibw-run-msprztwy/cp38-macosx_arm64/build/venv/lib/python3.8/site-packages/pip/_internal/resolution/resolvelib/candidates.py", line 162, in __init__
2022-12-27T11:19:29.8826810Z     self.dist = self._prepare()
2022-12-27T11:19:29.8827560Z   File "/private/var/folders/51/hd414ycd67n82196sw51xqtc0000gn/T/cibw-run-msprztwy/cp38-macosx_arm64/build/venv/lib/python3.8/site-packages/pip/_internal/resolution/resolvelib/candidates.py", line 231, in _prepare
2022-12-27T11:19:29.8828080Z     dist = self._prepare_distribution()
2022-12-27T11:19:29.8829760Z   File "/private/var/folders/51/hd414ycd67n82196sw51xqtc0000gn/T/cibw-run-msprztwy/cp38-macosx_arm64/build/venv/lib/python3.8/site-packages/pip/_internal/resolution/resolvelib/candidates.py", line 308, in _prepare_distribution
2022-12-27T11:19:29.8830460Z     return preparer.prepare_linked_requirement(self._ireq, parallel_builds=True)
2022-12-27T11:19:29.8831220Z   File "/private/var/folders/51/hd414ycd67n82196sw51xqtc0000gn/T/cibw-run-msprztwy/cp38-macosx_arm64/build/venv/lib/python3.8/site-packages/pip/_internal/operations/prepare.py", line 491, in prepare_linked_requirement
2022-12-27T11:19:29.8831890Z     return self._prepare_linked_requirement(req, parallel_builds)
2022-12-27T11:19:29.8832690Z   File "/private/var/folders/51/hd414ycd67n82196sw51xqtc0000gn/T/cibw-run-msprztwy/cp38-macosx_arm64/build/venv/lib/python3.8/site-packages/pip/_internal/operations/prepare.py", line 577, in _prepare_linked_requirement
2022-12-27T11:19:29.8833220Z     dist = _get_prepared_distribution(
2022-12-27T11:19:29.8833950Z   File "/private/var/folders/51/hd414ycd67n82196sw51xqtc0000gn/T/cibw-run-msprztwy/cp38-macosx_arm64/build/venv/lib/python3.8/site-packages/pip/_internal/operations/prepare.py", line 69, in _get_prepared_distribution
2022-12-27T11:19:29.8834510Z     abstract_dist.prepare_distribution_metadata(
2022-12-27T11:19:29.8835220Z   File "/private/var/folders/51/hd414ycd67n82196sw51xqtc0000gn/T/cibw-run-msprztwy/cp38-macosx_arm64/build/venv/lib/python3.8/site-packages/pip/_internal/distributions/sdist.py", line 61, in prepare_distribution_metadata
2022-12-27T11:19:29.8835740Z     self.req.prepare_metadata()
2022-12-27T11:19:29.8836800Z   File "/private/var/folders/51/hd414ycd67n82196sw51xqtc0000gn/T/cibw-run-msprztwy/cp38-macosx_arm64/build/venv/lib/python3.8/site-packages/pip/_internal/req/req_install.py", line 541, in prepare_metadata
2022-12-27T11:19:29.8837620Z     self.metadata_directory = generate_metadata_legacy(
2022-12-27T11:19:29.8838430Z   File "/private/var/folders/51/hd414ycd67n82196sw51xqtc0000gn/T/cibw-run-msprztwy/cp38-macosx_arm64/build/venv/lib/python3.8/site-packages/pip/_internal/operations/build/metadata_legacy.py", line 71, in generate_metadata
2022-12-27T11:19:29.8839060Z     raise MetadataGenerationFailed(package_details=details) from error
2022-12-27T11:19:29.8839480Z pip._internal.exceptions.MetadataGenerationFailed: metadata generation failed
2022-12-27T11:19:29.8840260Z Removed file:///Users/runner/actions-runner/_work/python.build/python.build/build_lxml10238/lxml-1.0.2 from build tracker '/private/var/folders/51/hd414ycd67n82196sw51xqtc0000gn/T/pip-build-tracker-za2pjid5'
2022-12-27T11:19:29.8841000Z Removed build tracker: '/private/var/folders/51/hd414ycd67n82196sw51xqtc0000gn/T/pip-build-tracker-za2pjid5'
2022-12-27T11:19:29.9589760Z ##[endgroup]
2022-12-27T11:19:29.9591240Z                                                               [31m✕ [0m0.96s
2022-12-27T11:19:30.0263060Z ##[error]Command ['python', '-m', 'pip', 'wheel', '/Users/runner/actions-runner/_work/python.build/python.build/build_lxml10238/lxml-1.0.2', '--wheel-dir=/private/var/folders/51/hd414ycd67n82196sw51xqtc0000gn/T/cibw-run-msprztwy/cp38-macosx_arm64/built_wheel', '--no-deps', '-vvv'] failed with code 1. None
2022-12-27T11:19:30.0271950Z 
2022-12-27T11:19:30.0480330Z ##[error]Process completed with exit code 1.
2022-12-27T11:19:30.0533120Z ##[group]Run rm -rf build_lxml10238 wheelsout
2022-12-27T11:19:30.0533550Z [36;1mrm -rf build_lxml10238 wheelsout[0m
2022-12-27T11:19:30.0560770Z shell: /bin/bash -e {0}
2022-12-27T11:19:30.0561010Z env:
2022-12-27T11:19:30.0561380Z   pythonLocation: /Users/runner/hostedtoolcache/Python/3.8.15/x64
2022-12-27T11:19:30.0561910Z   PKG_CONFIG_PATH: /Users/runner/hostedtoolcache/Python/3.8.15/x64/lib/pkgconfig
2022-12-27T11:19:30.0562290Z   Python_ROOT_DIR: /Users/runner/hostedtoolcache/Python/3.8.15/x64
2022-12-27T11:19:30.0562720Z   Python2_ROOT_DIR: /Users/runner/hostedtoolcache/Python/3.8.15/x64
2022-12-27T11:19:30.0563140Z   Python3_ROOT_DIR: /Users/runner/hostedtoolcache/Python/3.8.15/x64
2022-12-27T11:19:30.0563820Z ##[endgroup]
2022-12-27T11:19:30.1091490Z Cleaning up orphan processes
