2022-12-27T08:48:17.6541291Z Requested labels: self-hosted, macOS, X64
2022-12-27T08:48:17.6541393Z Job defined at: kilnbuild/python.build/.github/workflows/mac_arm_build.yml@refs/heads/main
2022-12-27T08:48:17.6541421Z Waiting for a runner to pick up this job...
2022-12-27T11:12:32.7126572Z Job is about to start running on the runner: s1 (organization)
2022-12-27T11:12:35.7653080Z Current runner version: '2.300.2'
2022-12-27T11:12:35.7658120Z Runner name: 's1'
2022-12-27T11:12:35.7658380Z Runner group name: 'Default'
2022-12-27T11:12:35.7658820Z Machine name: 's1'
2022-12-27T11:12:35.7660360Z ##[group]GITHUB_TOKEN Permissions
2022-12-27T11:12:35.7660780Z Actions: write
2022-12-27T11:12:35.7660920Z Checks: write
2022-12-27T11:12:35.7661050Z Contents: write
2022-12-27T11:12:35.7661200Z Deployments: write
2022-12-27T11:12:35.7661340Z Discussions: write
2022-12-27T11:12:35.7661480Z Issues: write
2022-12-27T11:12:35.7661610Z Metadata: read
2022-12-27T11:12:35.7661740Z Packages: write
2022-12-27T11:12:35.7661880Z Pages: write
2022-12-27T11:12:35.7662020Z PullRequests: write
2022-12-27T11:12:35.7662190Z RepositoryProjects: write
2022-12-27T11:12:35.7662350Z SecurityEvents: write
2022-12-27T11:12:35.7662490Z Statuses: write
2022-12-27T11:12:35.7662630Z ##[endgroup]
2022-12-27T11:12:35.7665370Z Secret source: Actions
2022-12-27T11:12:35.7665700Z Prepare workflow directory
2022-12-27T11:12:35.8351570Z Prepare all required actions
2022-12-27T11:12:35.8477950Z Getting action download info
2022-12-27T11:12:36.2947240Z Download action repository 'actions/setup-python@v4' (SHA:5ccb29d8773c3f3f653e1705f474dfaa8a06a912)
2022-12-27T11:12:39.0666800Z Download action repository 'actions/upload-artifact@v3' (SHA:83fd05a356d7e2593de66fc9913b3002723633cb)
2022-12-27T11:12:40.3826680Z ##[group]Run echo '{
2022-12-27T11:12:40.3826940Z [36;1mecho '{[0m
2022-12-27T11:12:40.3827120Z [36;1m  "package_name": "lxml",[0m
2022-12-27T11:12:40.3827480Z [36;1m  "package_url": "https://files.pythonhosted.org/packages/d9/7b/b5b86037e804cdbd7c71903042454d05acd0be5ab668fa3a2100f786b100/lxml-2.3.1.tar.gz",[0m
2022-12-27T11:12:40.3827780Z [36;1m  "package_version": "2.3.1",[0m
2022-12-27T11:12:40.3827950Z [36;1m  "python_version": "3.11",[0m
2022-12-27T11:12:40.3828090Z [36;1m  "use_ccache": "true"[0m
2022-12-27T11:12:40.3828230Z [36;1m}'[0m
2022-12-27T11:12:40.3843920Z shell: /bin/bash -e {0}
2022-12-27T11:12:40.3844060Z ##[endgroup]
2022-12-27T11:12:40.4064010Z {
2022-12-27T11:12:40.4065340Z   "package_name": "lxml",
2022-12-27T11:12:40.4066040Z   "package_url": "https://files.pythonhosted.org/packages/d9/7b/b5b86037e804cdbd7c71903042454d05acd0be5ab668fa3a2100f786b100/lxml-2.3.1.tar.gz",
2022-12-27T11:12:40.4066340Z   "package_version": "2.3.1",
2022-12-27T11:12:40.4066540Z   "python_version": "3.11",
2022-12-27T11:12:40.4066730Z   "use_ccache": "true"
2022-12-27T11:12:40.4066940Z }
2022-12-27T11:12:40.4287740Z ##[group]Run actions/setup-python@v4
2022-12-27T11:12:40.4288040Z with:
2022-12-27T11:12:40.4288230Z   python-version: 3.11
2022-12-27T11:12:40.4288390Z   check-latest: false
2022-12-27T11:12:40.4288760Z   token: ***
2022-12-27T11:12:40.4288960Z   update-environment: true
2022-12-27T11:12:40.4289110Z ##[endgroup]
2022-12-27T11:12:40.5506870Z ##[group]Installed versions
2022-12-27T11:12:40.5548790Z Successfully set up CPython (3.11.1)
2022-12-27T11:12:40.5549430Z ##[endgroup]
2022-12-27T11:12:40.5699940Z ##[group]Run if [ "true" == "true" ]
2022-12-27T11:12:40.5700290Z [36;1mif [ "true" == "true" ][0m
2022-12-27T11:12:40.5700500Z [36;1mthen[0m
2022-12-27T11:12:40.5700690Z [36;1m  echo "CCACHE_PATH_PREPEND=/usr/local/opt/ccache/libexec" >> $GITHUB_OUTPUT[0m
2022-12-27T11:12:40.5700950Z [36;1melse[0m
2022-12-27T11:12:40.5701170Z [36;1m  echo "CCACHE_PATH_PREPEND=" >> $GITHUB_OUTPUT[0m
2022-12-27T11:12:40.5701590Z [36;1mfi[0m
2022-12-27T11:12:40.5719770Z shell: /bin/bash -e {0}
2022-12-27T11:12:40.5720240Z env:
2022-12-27T11:12:40.5720450Z   pythonLocation: /Users/runner/hostedtoolcache/Python/3.11.1/x64
2022-12-27T11:12:40.5720730Z   PKG_CONFIG_PATH: /Users/runner/hostedtoolcache/Python/3.11.1/x64/lib/pkgconfig
2022-12-27T11:12:40.5720990Z   Python_ROOT_DIR: /Users/runner/hostedtoolcache/Python/3.11.1/x64
2022-12-27T11:12:40.5721320Z   Python2_ROOT_DIR: /Users/runner/hostedtoolcache/Python/3.11.1/x64
2022-12-27T11:12:40.5721600Z   Python3_ROOT_DIR: /Users/runner/hostedtoolcache/Python/3.11.1/x64
2022-12-27T11:12:40.5722230Z ##[endgroup]
2022-12-27T11:12:40.5833490Z ##[group]Run echo "BUILD_NAME=$(echo lxml_2.3.1_3.11 | tr -dc '[:alnum:]\n\r' | tr '[:upper:]' '[:lower:]')" >> $GITHUB_OUTPUT
2022-12-27T11:12:40.5834080Z [36;1mecho "BUILD_NAME=$(echo lxml_2.3.1_3.11 | tr -dc '[:alnum:]\n\r' | tr '[:upper:]' '[:lower:]')" >> $GITHUB_OUTPUT[0m
2022-12-27T11:12:40.5849760Z shell: /bin/bash -e {0}
2022-12-27T11:12:40.5849970Z env:
2022-12-27T11:12:40.5850200Z   pythonLocation: /Users/runner/hostedtoolcache/Python/3.11.1/x64
2022-12-27T11:12:40.5850460Z   PKG_CONFIG_PATH: /Users/runner/hostedtoolcache/Python/3.11.1/x64/lib/pkgconfig
2022-12-27T11:12:40.5850820Z   Python_ROOT_DIR: /Users/runner/hostedtoolcache/Python/3.11.1/x64
2022-12-27T11:12:40.5851070Z   Python2_ROOT_DIR: /Users/runner/hostedtoolcache/Python/3.11.1/x64
2022-12-27T11:12:40.5851280Z   Python3_ROOT_DIR: /Users/runner/hostedtoolcache/Python/3.11.1/x64
2022-12-27T11:12:40.5851500Z ##[endgroup]
2022-12-27T11:12:40.5999690Z ##[group]Run echo "PYTHON_NO_DOTS=$(echo 3.11 | tr -dc '[:alnum:]\n\r' | tr '[:upper:]' '[:lower:]')" >> $GITHUB_OUTPUT
2022-12-27T11:12:40.6000100Z [36;1mecho "PYTHON_NO_DOTS=$(echo 3.11 | tr -dc '[:alnum:]\n\r' | tr '[:upper:]' '[:lower:]')" >> $GITHUB_OUTPUT[0m
2022-12-27T11:12:40.6015160Z shell: /bin/bash -e {0}
2022-12-27T11:12:40.6015360Z env:
2022-12-27T11:12:40.6015570Z   pythonLocation: /Users/runner/hostedtoolcache/Python/3.11.1/x64
2022-12-27T11:12:40.6015800Z   PKG_CONFIG_PATH: /Users/runner/hostedtoolcache/Python/3.11.1/x64/lib/pkgconfig
2022-12-27T11:12:40.6016050Z   Python_ROOT_DIR: /Users/runner/hostedtoolcache/Python/3.11.1/x64
2022-12-27T11:12:40.6016280Z   Python2_ROOT_DIR: /Users/runner/hostedtoolcache/Python/3.11.1/x64
2022-12-27T11:12:40.6016510Z   Python3_ROOT_DIR: /Users/runner/hostedtoolcache/Python/3.11.1/x64
2022-12-27T11:12:40.6016670Z ##[endgroup]
2022-12-27T11:12:40.6127150Z ##[group]Run rm -rf build_lxml231311
2022-12-27T11:12:40.6127570Z [36;1mrm -rf build_lxml231311[0m
2022-12-27T11:12:40.6127770Z [36;1mmkdir build_lxml231311[0m
2022-12-27T11:12:40.6127960Z [36;1mcd build_lxml231311[0m
2022-12-27T11:12:40.6128300Z [36;1m/usr/local/bin/wget --quiet https://files.pythonhosted.org/packages/d9/7b/b5b86037e804cdbd7c71903042454d05acd0be5ab668fa3a2100f786b100/lxml-2.3.1.tar.gz[0m
2022-12-27T11:12:40.6128580Z [36;1mtar xf *.tar.gz[0m
2022-12-27T11:12:40.6128710Z [36;1mcd *[0m
2022-12-27T11:12:40.6128900Z [36;1mpython -m pip install cibuildwheel==2.11.3[0m
2022-12-27T11:12:40.6129120Z [36;1mpython -m cibuildwheel --output-dir ../wheelsout[0m
2022-12-27T11:12:40.6143940Z shell: /bin/bash -e {0}
2022-12-27T11:12:40.6144100Z env:
2022-12-27T11:12:40.6144310Z   pythonLocation: /Users/runner/hostedtoolcache/Python/3.11.1/x64
2022-12-27T11:12:40.6144610Z   PKG_CONFIG_PATH: /Users/runner/hostedtoolcache/Python/3.11.1/x64/lib/pkgconfig
2022-12-27T11:12:40.6144890Z   Python_ROOT_DIR: /Users/runner/hostedtoolcache/Python/3.11.1/x64
2022-12-27T11:12:40.6145130Z   Python2_ROOT_DIR: /Users/runner/hostedtoolcache/Python/3.11.1/x64
2022-12-27T11:12:40.6145350Z   Python3_ROOT_DIR: /Users/runner/hostedtoolcache/Python/3.11.1/x64
2022-12-27T11:12:40.6145600Z   CIBW_ARCHS_MACOS: arm64
2022-12-27T11:12:40.6145820Z   CIBW_TEST_SKIP: *_arm64
2022-12-27T11:12:40.6145970Z   CIBW_BUILD: cp311-macosx_arm64
2022-12-27T11:12:40.6146160Z   CIBW_BUILD_FRONTEND: pip
2022-12-27T11:12:40.6146350Z   CIBW_BUILD_VERBOSITY: 3
2022-12-27T11:12:40.6146630Z   CIBW_ENVIRONMENT_MACOS:  CFLAGS="-I/usr/local/opt/openssl@3/include" LDFLAGS="-L/usr/local/opt/openssl@3/lib" CPPFLAGS="-I/usr/local/opt/openssl@3/include" MAKEFLAGS="-j$(sysctl -n hw.logicalcpu)" PATH=/usr/local/opt/ccache/libexec:$PATH
2022-12-27T11:12:40.6147020Z   CIBW_BEFORE_BUILD: pip install Cython; if [[ -f requirements.txt ]]; then pip install -r requirements.txt; fi
2022-12-27T11:12:40.6147260Z   MAKEFLAGS: -j$(sysctl -n hw.logicalcpu)
2022-12-27T11:12:40.6147490Z ##[endgroup]
2022-12-27T11:12:41.1111050Z Requirement already satisfied: cibuildwheel==2.11.3 in /Library/Frameworks/Python.framework/Versions/3.11/lib/python3.11/site-packages (2.11.3)
2022-12-27T11:12:41.1416730Z Requirement already satisfied: bashlex!=0.13 in /Library/Frameworks/Python.framework/Versions/3.11/lib/python3.11/site-packages (from cibuildwheel==2.11.3) (0.16)
2022-12-27T11:12:41.1423520Z Requirement already satisfied: bracex in /Library/Frameworks/Python.framework/Versions/3.11/lib/python3.11/site-packages (from cibuildwheel==2.11.3) (2.3.post1)
2022-12-27T11:12:41.1430470Z Requirement already satisfied: certifi in /Library/Frameworks/Python.framework/Versions/3.11/lib/python3.11/site-packages (from cibuildwheel==2.11.3) (2022.12.7)
2022-12-27T11:12:41.1437210Z Requirement already satisfied: filelock in /Library/Frameworks/Python.framework/Versions/3.11/lib/python3.11/site-packages (from cibuildwheel==2.11.3) (3.8.2)
2022-12-27T11:12:41.1446830Z Requirement already satisfied: packaging>=20.9 in /Library/Frameworks/Python.framework/Versions/3.11/lib/python3.11/site-packages (from cibuildwheel==2.11.3) (22.0)
2022-12-27T11:12:41.1455400Z Requirement already satisfied: platformdirs in /Library/Frameworks/Python.framework/Versions/3.11/lib/python3.11/site-packages (from cibuildwheel==2.11.3) (2.6.0)
2022-12-27T11:12:41.3748200Z 
2022-12-27T11:12:41.3748520Z      _ _       _ _   _       _           _
2022-12-27T11:12:41.3749150Z  ___|_| |_ _ _|_| |_| |_ _ _| |_ ___ ___| |
2022-12-27T11:12:41.3749960Z |  _| | . | | | | | . | | | |   | -_| -_| |
2022-12-27T11:12:41.3750240Z |___|_|___|___|_|_|___|_____|_|_|___|___|_|
2022-12-27T11:12:41.3750430Z 
2022-12-27T11:12:41.3750600Z cibuildwheel version 2.11.3
2022-12-27T11:12:41.3750760Z 
2022-12-27T11:12:41.3750860Z Build options:
2022-12-27T11:12:41.3751160Z   platform: macos
2022-12-27T11:12:41.3847770Z   architectures: arm64[0m
2022-12-27T11:12:41.3848550Z   build_selector: 
2022-12-27T11:12:41.3849930Z     build_config: cp311-macosx_arm64
2022-12-27T11:12:41.3850310Z     skip_config: 
2022-12-27T11:12:41.3850820Z     requires_python: None
2022-12-27T11:12:41.3851640Z     prerelease_pythons: False[0m
2022-12-27T11:12:41.3852040Z   [38;5;244mcontainer_engine: docker[0m
2022-12-27T11:12:41.3852610Z   output_dir: /Users/runner/actions-runner/_work/python.build/python.build/build_lxml231311/wheelsout[0m
2022-12-27T11:12:41.3853330Z   package_dir: /Users/runner/actions-runner/_work/python.build/python.build/build_lxml231311/lxml-2.3.1[0m
2022-12-27T11:12:41.3853720Z   test_selector: 
2022-12-27T11:12:41.3854050Z     skip_config: *_arm64[0m
2022-12-27T11:12:41.3854600Z   [38;5;244mbefore_all: [0m
2022-12-27T11:12:41.3855160Z   before_build: pip install Cython; if [[ -f requirements.txt ]]; then pip install -r requirements.txt; fi[0m
2022-12-27T11:12:41.3855570Z   [38;5;244mbefore_test: [0m
2022-12-27T11:12:41.3855980Z   [38;5;244mbuild_frontend: pip[0m
2022-12-27T11:12:41.3856480Z   build_verbosity: 3[0m
2022-12-27T11:12:41.3856840Z   [38;5;244mconfig_settings: [0m
2022-12-27T11:12:41.3857200Z   [38;5;244mdependency_constraints: pinned[0m
2022-12-27T11:12:41.3857500Z   environment: 
2022-12-27T11:12:41.3858050Z     CFLAGS="-I/usr/local/opt/openssl@3/include"
2022-12-27T11:12:41.3858440Z     LDFLAGS="-L/usr/local/opt/openssl@3/lib"
2022-12-27T11:12:41.3858880Z     CPPFLAGS="-I/usr/local/opt/openssl@3/include"
2022-12-27T11:12:41.3859300Z     MAKEFLAGS="-j$(sysctl -n hw.logicalcpu)"
2022-12-27T11:12:41.3859670Z     PATH=/usr/local/opt/ccache/libexec:$PATH[0m
2022-12-27T11:12:41.3860280Z   [38;5;244mmanylinux_images: None[0m
2022-12-27T11:12:41.3860670Z   [38;5;244mmusllinux_images: None[0m
2022-12-27T11:12:41.3861130Z   [38;5;244mrepair_command: delocate-wheel --require-archs {delocate_archs} -w {dest_dir} -v {wheel}[0m
2022-12-27T11:12:41.3861580Z   [38;5;244mtest_command: [0m
2022-12-27T11:12:41.3861940Z   [38;5;244mtest_extras: [0m
2022-12-27T11:12:41.3862440Z   [38;5;244mtest_requires: [0m
2022-12-27T11:12:41.3862570Z 
2022-12-27T11:12:41.3862740Z Cache folder: /Users/runner/Library/Caches/cibuildwheel
2022-12-27T11:12:41.3868660Z 
2022-12-27T11:12:41.3869120Z Here we go!
2022-12-27T11:12:41.3869280Z 
2022-12-27T11:12:41.3913700Z 
2022-12-27T11:12:41.3914150Z [1m[34mBuilding cp311-macosx_arm64 wheel[0m
2022-12-27T11:12:41.3914560Z CPython 3.11 macOS arm64 - Apple Silicon
2022-12-27T11:12:41.3914860Z 
2022-12-27T11:12:41.3917070Z ##[group]Installing Python cp311...
2022-12-27T11:12:41.3917260Z 
2022-12-27T11:12:41.3917390Z + pkgutil --pkgs
2022-12-27T11:12:41.4019170Z ##[endgroup]
2022-12-27T11:12:41.4020240Z                                                               [32m✓ [0m0.01s
2022-12-27T11:12:41.4020720Z ##[group]Setting up build environment...
2022-12-27T11:12:41.4020880Z 
2022-12-27T11:12:41.4037640Z + /Library/Frameworks/Python.framework/Versions/3.11/bin/python -sS /Users/runner/Library/Caches/cibuildwheel/virtualenv-20.17.0.pyz --activators= --no-periodic-update --pip=22.3.1 --setuptools=65.6.3 --wheel=0.38.4 --symlink-app-data --python /Library/Frameworks/Python.framework/Versions/3.11/bin/python3 /private/var/folders/51/hd414ycd67n82196sw51xqtc0000gn/T/cibw-run-voj7826v/cp311-macosx_arm64/build/venv
2022-12-27T11:12:41.5925470Z created virtual environment CPython3.11.1.final.0-64 in 49ms
2022-12-27T11:12:41.5925990Z   creator CPython3Posix(dest=/private/var/folders/51/hd414ycd67n82196sw51xqtc0000gn/T/cibw-run-voj7826v/cp311-macosx_arm64/build/venv, clear=False, no_vcs_ignore=False, global=False)
2022-12-27T11:12:41.5926390Z   seeder FromAppData(download=False, pip=22.3.1, setuptools=65.6.3, wheel=0.38.4, via=symlink, app_data_dir=/Users/runner/Library/Application Support/virtualenv)
2022-12-27T11:12:41.5926670Z     added seed packages: pip==22.3.1, setuptools==65.6.3, wheel==0.38.4
2022-12-27T11:12:41.6064560Z + python -m pip install --upgrade pip -c /Library/Frameworks/Python.framework/Versions/3.11/lib/python3.11/site-packages/cibuildwheel/resources/constraints-python311.txt
2022-12-27T11:12:41.8920370Z Requirement already satisfied: pip in ./lib/python3.11/site-packages (22.3.1)
2022-12-27T11:12:42.0322490Z + which pip
2022-12-27T11:12:42.0339630Z /private/var/folders/51/hd414ycd67n82196sw51xqtc0000gn/T/cibw-run-voj7826v/cp311-macosx_arm64/build/venv/bin/pip
2022-12-27T11:12:42.0341760Z + pip --version
2022-12-27T11:12:42.2371480Z pip 22.3.1 from /private/var/folders/51/hd414ycd67n82196sw51xqtc0000gn/T/cibw-run-voj7826v/cp311-macosx_arm64/build/venv/lib/python3.11/site-packages/pip (python 3.11)
2022-12-27T11:12:42.2607840Z + which pip
2022-12-27T11:12:42.2632830Z + which python
2022-12-27T11:12:42.2649990Z /private/var/folders/51/hd414ycd67n82196sw51xqtc0000gn/T/cibw-run-voj7826v/cp311-macosx_arm64/build/venv/bin/python
2022-12-27T11:12:42.2651740Z + python --version
2022-12-27T11:12:42.2707950Z Python 3.11.1
2022-12-27T11:12:42.2710950Z + which python
2022-12-27T11:12:42.2764230Z ##[endgroup]
2022-12-27T11:12:42.2764750Z                                                               [32m✓ [0m0.87s
2022-12-27T11:12:42.2765450Z ##[group]Installing build tools...
2022-12-27T11:12:42.2765630Z 
2022-12-27T11:12:42.2766020Z + pip install --upgrade setuptools wheel delocate -c /Library/Frameworks/Python.framework/Versions/3.11/lib/python3.11/site-packages/cibuildwheel/resources/constraints-python311.txt
2022-12-27T11:12:42.5642600Z Requirement already satisfied: setuptools in /private/var/folders/51/hd414ycd67n82196sw51xqtc0000gn/T/cibw-run-voj7826v/cp311-macosx_arm64/build/venv/lib/python3.11/site-packages (65.6.3)
2022-12-27T11:12:42.7452130Z Requirement already satisfied: wheel in /private/var/folders/51/hd414ycd67n82196sw51xqtc0000gn/T/cibw-run-voj7826v/cp311-macosx_arm64/build/venv/lib/python3.11/site-packages (0.38.4)
2022-12-27T11:12:42.7846750Z Collecting delocate
2022-12-27T11:12:42.7868530Z   Using cached delocate-0.10.3-py3-none-any.whl (142 kB)
2022-12-27T11:12:42.8131810Z Collecting packaging>=20.9
2022-12-27T11:12:42.8149710Z   Using cached packaging-21.3-py3-none-any.whl (40 kB)
2022-12-27T11:12:42.8298310Z Collecting typing-extensions
2022-12-27T11:12:42.8316100Z   Using cached typing_extensions-4.4.0-py3-none-any.whl (26 kB)
2022-12-27T11:12:42.8611240Z Collecting pyparsing!=3.0.5,>=2.0.2
2022-12-27T11:12:42.8628880Z   Using cached pyparsing-3.0.9-py3-none-any.whl (98 kB)
2022-12-27T11:12:42.9214880Z Installing collected packages: typing-extensions, pyparsing, packaging, delocate
2022-12-27T11:12:43.0587830Z Successfully installed delocate-0.10.3 packaging-21.3 pyparsing-3.0.9 typing-extensions-4.4.0
2022-12-27T11:12:43.1062580Z ##[endgroup]
2022-12-27T11:12:43.1063150Z                                                               [32m✓ [0m0.83s
2022-12-27T11:12:43.1063630Z ##[group]Running before_build...
2022-12-27T11:12:43.1063720Z 
2022-12-27T11:12:43.1067550Z + pip install Cython; if [[ -f requirements.txt ]]; then pip install -r requirements.txt; fi
2022-12-27T11:12:43.6957260Z Collecting Cython
2022-12-27T11:12:43.7002970Z   Using cached Cython-0.29.32-py2.py3-none-any.whl (986 kB)
2022-12-27T11:12:43.7419800Z Installing collected packages: Cython
2022-12-27T11:12:44.1715230Z Successfully installed Cython-0.29.32
2022-12-27T11:12:44.2205830Z ##[endgroup]
2022-12-27T11:12:44.2206580Z                                                               [32m✓ [0m1.11s
2022-12-27T11:12:44.2207220Z ##[group]Building wheel...
2022-12-27T11:12:44.2207350Z 
2022-12-27T11:12:44.2211010Z + python -m pip wheel /Users/runner/actions-runner/_work/python.build/python.build/build_lxml231311/lxml-2.3.1 --wheel-dir=/private/var/folders/51/hd414ycd67n82196sw51xqtc0000gn/T/cibw-run-voj7826v/cp311-macosx_arm64/built_wheel --no-deps -vvv
2022-12-27T11:12:44.4745520Z Created temporary directory: /private/var/folders/51/hd414ycd67n82196sw51xqtc0000gn/T/pip-ephem-wheel-cache-ff4wf8mg
2022-12-27T11:12:44.4750360Z Created temporary directory: /private/var/folders/51/hd414ycd67n82196sw51xqtc0000gn/T/pip-build-tracker-zhhmj2vv
2022-12-27T11:12:44.4752530Z Initialized build tracking at /private/var/folders/51/hd414ycd67n82196sw51xqtc0000gn/T/pip-build-tracker-zhhmj2vv
2022-12-27T11:12:44.4753890Z Created build tracker: /private/var/folders/51/hd414ycd67n82196sw51xqtc0000gn/T/pip-build-tracker-zhhmj2vv
2022-12-27T11:12:44.4755290Z Entered build tracker: /private/var/folders/51/hd414ycd67n82196sw51xqtc0000gn/T/pip-build-tracker-zhhmj2vv
2022-12-27T11:12:44.4758420Z Created temporary directory: /private/var/folders/51/hd414ycd67n82196sw51xqtc0000gn/T/pip-wheel-06m1fwwx
2022-12-27T11:12:44.4763650Z Created temporary directory: /private/var/folders/51/hd414ycd67n82196sw51xqtc0000gn/T/pip-ephem-wheel-cache-5iw3efqo
2022-12-27T11:12:44.4838630Z Processing /Users/runner/actions-runner/_work/python.build/python.build/build_lxml231311/lxml-2.3.1
2022-12-27T11:12:44.4844600Z   Added file:///Users/runner/actions-runner/_work/python.build/python.build/build_lxml231311/lxml-2.3.1 to build tracker '/private/var/folders/51/hd414ycd67n82196sw51xqtc0000gn/T/pip-build-tracker-zhhmj2vv'
2022-12-27T11:12:44.4848510Z   Running setup.py (path:/Users/runner/actions-runner/_work/python.build/python.build/build_lxml231311/lxml-2.3.1/setup.py) egg_info for package from file:///Users/runner/actions-runner/_work/python.build/python.build/build_lxml231311/lxml-2.3.1
2022-12-27T11:12:44.4851780Z   Created temporary directory: /private/var/folders/51/hd414ycd67n82196sw51xqtc0000gn/T/pip-pip-egg-info-plk5grba
2022-12-27T11:12:44.4853040Z   Preparing metadata (setup.py): started
2022-12-27T11:12:44.4854520Z   Running command python setup.py egg_info
2022-12-27T11:12:44.8347770Z   Building lxml version 2.3.1.
2022-12-27T11:12:44.8348520Z   Building with Cython 0.29.32.
2022-12-27T11:12:44.8349820Z   Using build configuration of libxslt 1.1.29
2022-12-27T11:12:44.8351300Z   Building against libxml2/libxslt in the following directory: /Library/Developer/CommandLineTools/SDKs/MacOSX12.1.sdk/usr/lib
2022-12-27T11:12:44.8352230Z   running egg_info
2022-12-27T11:12:44.8354330Z   creating /private/var/folders/51/hd414ycd67n82196sw51xqtc0000gn/T/pip-pip-egg-info-plk5grba/lxml.egg-info
2022-12-27T11:12:44.8355600Z   writing /private/var/folders/51/hd414ycd67n82196sw51xqtc0000gn/T/pip-pip-egg-info-plk5grba/lxml.egg-info/PKG-INFO
2022-12-27T11:12:44.8359900Z   writing dependency_links to /private/var/folders/51/hd414ycd67n82196sw51xqtc0000gn/T/pip-pip-egg-info-plk5grba/lxml.egg-info/dependency_links.txt
2022-12-27T11:12:44.8361940Z   writing top-level names to /private/var/folders/51/hd414ycd67n82196sw51xqtc0000gn/T/pip-pip-egg-info-plk5grba/lxml.egg-info/top_level.txt
2022-12-27T11:12:44.8364050Z   writing manifest file '/private/var/folders/51/hd414ycd67n82196sw51xqtc0000gn/T/pip-pip-egg-info-plk5grba/lxml.egg-info/SOURCES.txt'
2022-12-27T11:12:44.8426690Z   reading manifest file '/private/var/folders/51/hd414ycd67n82196sw51xqtc0000gn/T/pip-pip-egg-info-plk5grba/lxml.egg-info/SOURCES.txt'
2022-12-27T11:12:44.8429760Z   reading manifest template 'MANIFEST.in'
2022-12-27T11:12:44.9312000Z   adding license file 'LICENSES.txt'
2022-12-27T11:12:44.9366000Z   writing manifest file '/private/var/folders/51/hd414ycd67n82196sw51xqtc0000gn/T/pip-pip-egg-info-plk5grba/lxml.egg-info/SOURCES.txt'
2022-12-27T11:12:44.9629550Z   Preparing metadata (setup.py): finished with status 'done'
2022-12-27T11:12:44.9652450Z   Source in /Users/runner/actions-runner/_work/python.build/python.build/build_lxml231311/lxml-2.3.1 has version 2.3.1, which satisfies requirement lxml==2.3.1 from file:///Users/runner/actions-runner/_work/python.build/python.build/build_lxml231311/lxml-2.3.1
2022-12-27T11:12:44.9655670Z   Removed lxml==2.3.1 from file:///Users/runner/actions-runner/_work/python.build/python.build/build_lxml231311/lxml-2.3.1 from build tracker '/private/var/folders/51/hd414ycd67n82196sw51xqtc0000gn/T/pip-build-tracker-zhhmj2vv'
2022-12-27T11:12:44.9672300Z Created temporary directory: /private/var/folders/51/hd414ycd67n82196sw51xqtc0000gn/T/pip-unpack-xc_x4eeb
2022-12-27T11:12:44.9674080Z Building wheels for collected packages: lxml
2022-12-27T11:12:44.9679670Z   Created temporary directory: /private/var/folders/51/hd414ycd67n82196sw51xqtc0000gn/T/pip-wheel-hpqquqxt
2022-12-27T11:12:44.9680930Z   Building wheel for lxml (setup.py): started
2022-12-27T11:12:44.9797190Z   Destination directory: /private/var/folders/51/hd414ycd67n82196sw51xqtc0000gn/T/pip-wheel-hpqquqxt
2022-12-27T11:12:44.9798150Z   Running command python setup.py bdist_wheel
2022-12-27T11:12:45.2045360Z   Building lxml version 2.3.1.
2022-12-27T11:12:45.2046000Z   Building with Cython 0.29.32.
2022-12-27T11:12:45.2178140Z   Using build configuration of libxslt 1.1.29
2022-12-27T11:12:45.3122840Z   Building against libxml2/libxslt in the following directory: /Library/Developer/CommandLineTools/SDKs/MacOSX12.1.sdk/usr/lib
2022-12-27T11:12:45.3347470Z   running bdist_wheel
2022-12-27T11:12:45.3386330Z   running build
2022-12-27T11:12:45.3387940Z   running build_py
2022-12-27T11:12:45.3407630Z   creating build
2022-12-27T11:12:45.3409850Z   creating build/lib.macosx-11.0-arm64-cpython-311
2022-12-27T11:12:45.3411480Z   creating build/lib.macosx-11.0-arm64-cpython-311/lxml
2022-12-27T11:12:45.3413230Z   copying src/lxml/_elementpath.py -> build/lib.macosx-11.0-arm64-cpython-311/lxml
2022-12-27T11:12:45.3416690Z   copying src/lxml/sax.py -> build/lib.macosx-11.0-arm64-cpython-311/lxml
2022-12-27T11:12:45.3418390Z   copying src/lxml/pyclasslookup.py -> build/lib.macosx-11.0-arm64-cpython-311/lxml
2022-12-27T11:12:45.3421320Z   copying src/lxml/__init__.py -> build/lib.macosx-11.0-arm64-cpython-311/lxml
2022-12-27T11:12:45.3423240Z   copying src/lxml/builder.py -> build/lib.macosx-11.0-arm64-cpython-311/lxml
2022-12-27T11:12:45.3427360Z   copying src/lxml/doctestcompare.py -> build/lib.macosx-11.0-arm64-cpython-311/lxml
2022-12-27T11:12:45.3430210Z   copying src/lxml/usedoctest.py -> build/lib.macosx-11.0-arm64-cpython-311/lxml
2022-12-27T11:12:45.3433310Z   copying src/lxml/cssselect.py -> build/lib.macosx-11.0-arm64-cpython-311/lxml
2022-12-27T11:12:45.3437040Z   copying src/lxml/ElementInclude.py -> build/lib.macosx-11.0-arm64-cpython-311/lxml
2022-12-27T11:12:45.3443600Z   creating build/lib.macosx-11.0-arm64-cpython-311/lxml/html
2022-12-27T11:12:45.3445570Z   copying src/lxml/html/soupparser.py -> build/lib.macosx-11.0-arm64-cpython-311/lxml/html
2022-12-27T11:12:45.3448230Z   copying src/lxml/html/defs.py -> build/lib.macosx-11.0-arm64-cpython-311/lxml/html
2022-12-27T11:12:45.3451010Z   copying src/lxml/html/_setmixin.py -> build/lib.macosx-11.0-arm64-cpython-311/lxml/html
2022-12-27T11:12:45.3453380Z   copying src/lxml/html/clean.py -> build/lib.macosx-11.0-arm64-cpython-311/lxml/html
2022-12-27T11:12:45.3456410Z   copying src/lxml/html/_diffcommand.py -> build/lib.macosx-11.0-arm64-cpython-311/lxml/html
2022-12-27T11:12:45.3458740Z   copying src/lxml/html/html5parser.py -> build/lib.macosx-11.0-arm64-cpython-311/lxml/html
2022-12-27T11:12:45.3461290Z   copying src/lxml/html/__init__.py -> build/lib.macosx-11.0-arm64-cpython-311/lxml/html
2022-12-27T11:12:45.3464770Z   copying src/lxml/html/formfill.py -> build/lib.macosx-11.0-arm64-cpython-311/lxml/html
2022-12-27T11:12:45.3467320Z   copying src/lxml/html/builder.py -> build/lib.macosx-11.0-arm64-cpython-311/lxml/html
2022-12-27T11:12:45.3469950Z   copying src/lxml/html/ElementSoup.py -> build/lib.macosx-11.0-arm64-cpython-311/lxml/html
2022-12-27T11:12:45.3472390Z   copying src/lxml/html/_html5builder.py -> build/lib.macosx-11.0-arm64-cpython-311/lxml/html
2022-12-27T11:12:45.3474960Z   copying src/lxml/html/usedoctest.py -> build/lib.macosx-11.0-arm64-cpython-311/lxml/html
2022-12-27T11:12:45.3477960Z   copying src/lxml/html/diff.py -> build/lib.macosx-11.0-arm64-cpython-311/lxml/html
2022-12-27T11:12:45.3481230Z   copying src/lxml/html/_dictmixin.py -> build/lib.macosx-11.0-arm64-cpython-311/lxml/html
2022-12-27T11:12:45.3484070Z   creating build/lib.macosx-11.0-arm64-cpython-311/lxml/isoschematron
2022-12-27T11:12:45.3485740Z   copying src/lxml/isoschematron/__init__.py -> build/lib.macosx-11.0-arm64-cpython-311/lxml/isoschematron
2022-12-27T11:12:45.3498200Z   copying src/lxml/etreepublic.pxd -> build/lib.macosx-11.0-arm64-cpython-311/lxml
2022-12-27T11:12:45.3501230Z   copying src/lxml/tree.pxd -> build/lib.macosx-11.0-arm64-cpython-311/lxml
2022-12-27T11:12:45.3504090Z   copying src/lxml/etree_defs.h -> build/lib.macosx-11.0-arm64-cpython-311/lxml
2022-12-27T11:12:45.3507840Z   creating build/lib.macosx-11.0-arm64-cpython-311/lxml/isoschematron/resources
2022-12-27T11:12:45.3509230Z   creating build/lib.macosx-11.0-arm64-cpython-311/lxml/isoschematron/resources/rng
2022-12-27T11:12:45.3511090Z   copying src/lxml/isoschematron/resources/rng/iso-schematron.rng -> build/lib.macosx-11.0-arm64-cpython-311/lxml/isoschematron/resources/rng
2022-12-27T11:12:45.3512230Z   creating build/lib.macosx-11.0-arm64-cpython-311/lxml/isoschematron/resources/xsl
2022-12-27T11:12:45.3513820Z   copying src/lxml/isoschematron/resources/xsl/XSD2Schtrn.xsl -> build/lib.macosx-11.0-arm64-cpython-311/lxml/isoschematron/resources/xsl
2022-12-27T11:12:45.3516780Z   copying src/lxml/isoschematron/resources/xsl/RNG2Schtrn.xsl -> build/lib.macosx-11.0-arm64-cpython-311/lxml/isoschematron/resources/xsl
2022-12-27T11:12:45.3520030Z   creating build/lib.macosx-11.0-arm64-cpython-311/lxml/isoschematron/resources/xsl/iso-schematron-xslt1
2022-12-27T11:12:45.3521670Z   copying src/lxml/isoschematron/resources/xsl/iso-schematron-xslt1/iso_abstract_expand.xsl -> build/lib.macosx-11.0-arm64-cpython-311/lxml/isoschematron/resources/xsl/iso-schematron-xslt1
2022-12-27T11:12:45.3523850Z   copying src/lxml/isoschematron/resources/xsl/iso-schematron-xslt1/iso_dsdl_include.xsl -> build/lib.macosx-11.0-arm64-cpython-311/lxml/isoschematron/resources/xsl/iso-schematron-xslt1
2022-12-27T11:12:45.3527260Z   copying src/lxml/isoschematron/resources/xsl/iso-schematron-xslt1/iso_schematron_skeleton_for_xslt1.xsl -> build/lib.macosx-11.0-arm64-cpython-311/lxml/isoschematron/resources/xsl/iso-schematron-xslt1
2022-12-27T11:12:45.3531160Z   copying src/lxml/isoschematron/resources/xsl/iso-schematron-xslt1/iso_svrl_for_xslt1.xsl -> build/lib.macosx-11.0-arm64-cpython-311/lxml/isoschematron/resources/xsl/iso-schematron-xslt1
2022-12-27T11:12:45.3534970Z   copying src/lxml/isoschematron/resources/xsl/iso-schematron-xslt1/iso_schematron_message.xsl -> build/lib.macosx-11.0-arm64-cpython-311/lxml/isoschematron/resources/xsl/iso-schematron-xslt1
2022-12-27T11:12:45.3538160Z   copying src/lxml/isoschematron/resources/xsl/iso-schematron-xslt1/readme.txt -> build/lib.macosx-11.0-arm64-cpython-311/lxml/isoschematron/resources/xsl/iso-schematron-xslt1
2022-12-27T11:12:45.3548690Z   running build_ext
2022-12-27T11:12:45.3670870Z   skipping 'src/lxml/lxml.etree.c' Cython extension (up-to-date)
2022-12-27T11:12:45.3672360Z   skipping 'src/lxml/lxml.objectify.c' Cython extension (up-to-date)
2022-12-27T11:12:45.3673700Z   building 'lxml.etree' extension
2022-12-27T11:12:45.3675320Z   creating build/temp.macosx-11.0-arm64-cpython-311
2022-12-27T11:12:45.3677070Z   creating build/temp.macosx-11.0-arm64-cpython-311/src
2022-12-27T11:12:45.3678290Z   creating build/temp.macosx-11.0-arm64-cpython-311/src/lxml
2022-12-27T11:12:45.3680330Z   clang -Wsign-compare -Wunreachable-code -fno-common -dynamic -DNDEBUG -g -fwrapv -O3 -Wall -g -I/usr/local/opt/openssl@3/include -I/usr/local/opt/openssl@3/include -arch arm64 -I/Library/Developer/CommandLineTools/SDKs/MacOSX12.1.sdk/usr/include -I/private/var/folders/51/hd414ycd67n82196sw51xqtc0000gn/T/cibw-run-voj7826v/cp311-macosx_arm64/build/venv/include -I/Library/Frameworks/Python.framework/Versions/3.11/include/python3.11 -c src/lxml/lxml.etree.c -o build/temp.macosx-11.0-arm64-cpython-311/src/lxml/lxml.etree.o -w -flat_namespace
2022-12-27T11:12:45.4631970Z   src/lxml/lxml.etree.c:3684:20: error: expression is not assignable
2022-12-27T11:12:45.4633360Z           Py_SIZE(L) -= 1;
2022-12-27T11:12:45.4634510Z           ~~~~~~~~~~ ^
2022-12-27T11:12:45.8920210Z   src/lxml/lxml.etree.c:136877:5: error: expression is not assignable
2022-12-27T11:12:45.8921630Z       ++Py_REFCNT(o);
2022-12-27T11:12:45.8923350Z       ^ ~~~~~~~~~~~~
2022-12-27T11:12:45.8924500Z   src/lxml/lxml.etree.c:136880:5: error: expression is not assignable
2022-12-27T11:12:45.8926040Z       --Py_REFCNT(o);
2022-12-27T11:12:45.8927270Z       ^ ~~~~~~~~~~~~
2022-12-27T11:12:45.8929070Z   src/lxml/lxml.etree.c:137085:5: error: expression is not assignable
2022-12-27T11:12:45.8930770Z       ++Py_REFCNT(o);
2022-12-27T11:12:45.8932180Z       ^ ~~~~~~~~~~~~
2022-12-27T11:12:45.8933920Z   src/lxml/lxml.etree.c:137088:5: error: expression is not assignable
2022-12-27T11:12:45.8934880Z       --Py_REFCNT(o);
2022-12-27T11:12:45.8935940Z       ^ ~~~~~~~~~~~~
2022-12-27T11:12:45.9180320Z   src/lxml/lxml.etree.c:148270:5: error: expression is not assignable
2022-12-27T11:12:45.9181550Z       ++Py_REFCNT(o);
2022-12-27T11:12:45.9182860Z       ^ ~~~~~~~~~~~~
2022-12-27T11:12:45.9184350Z   src/lxml/lxml.etree.c:148273:5: error: expression is not assignable
2022-12-27T11:12:45.9185760Z       --Py_REFCNT(o);
2022-12-27T11:12:45.9186830Z       ^ ~~~~~~~~~~~~
2022-12-27T11:12:45.9193950Z   src/lxml/lxml.etree.c:148874:5: error: expression is not assignable
2022-12-27T11:12:45.9195030Z       ++Py_REFCNT(o);
2022-12-27T11:12:45.9196020Z       ^ ~~~~~~~~~~~~
2022-12-27T11:12:45.9197260Z   src/lxml/lxml.etree.c:148877:5: error: expression is not assignable
2022-12-27T11:12:45.9198270Z       --Py_REFCNT(o);
2022-12-27T11:12:45.9199240Z       ^ ~~~~~~~~~~~~
2022-12-27T11:12:45.9205080Z   src/lxml/lxml.etree.c:149287:5: error: expression is not assignable
2022-12-27T11:12:45.9206020Z       ++Py_REFCNT(o);
2022-12-27T11:12:45.9207100Z       ^ ~~~~~~~~~~~~
2022-12-27T11:12:45.9208440Z   src/lxml/lxml.etree.c:149290:5: error: expression is not assignable
2022-12-27T11:12:45.9209540Z       --Py_REFCNT(o);
2022-12-27T11:12:45.9210540Z       ^ ~~~~~~~~~~~~
2022-12-27T11:12:45.9211900Z   src/lxml/lxml.etree.c:149474:5: error: expression is not assignable
2022-12-27T11:12:45.9212810Z       ++Py_REFCNT(o);
2022-12-27T11:12:45.9213880Z       ^ ~~~~~~~~~~~~
2022-12-27T11:12:45.9215250Z   src/lxml/lxml.etree.c:149477:5: error: expression is not assignable
2022-12-27T11:12:45.9216200Z       --Py_REFCNT(o);
2022-12-27T11:12:45.9217180Z       ^ ~~~~~~~~~~~~
2022-12-27T11:12:45.9318800Z   src/lxml/lxml.etree.c:153537:5: error: expression is not assignable
2022-12-27T11:12:45.9319910Z       ++Py_REFCNT(o);
2022-12-27T11:12:45.9321380Z       ^ ~~~~~~~~~~~~
2022-12-27T11:12:45.9322720Z   src/lxml/lxml.etree.c:153540:5: error: expression is not assignable
2022-12-27T11:12:45.9389730Z       --Py_REFCNT(o);
2022-12-27T11:12:45.9390230Z       ^ ~~~~~~~~~~~~
2022-12-27T11:12:45.9390500Z   src/lxml/lxml.etree.c:154124:5: error: expression is not assignable
2022-12-27T11:12:45.9391390Z       ++Py_REFCNT(o);
2022-12-27T11:12:45.9391690Z       ^ ~~~~~~~~~~~~
2022-12-27T11:12:45.9392040Z   src/lxml/lxml.etree.c:154127:5: error: expression is not assignable
2022-12-27T11:12:45.9392560Z       --Py_REFCNT(o);
2022-12-27T11:12:45.9392820Z       ^ ~~~~~~~~~~~~
2022-12-27T11:12:45.9393220Z   src/lxml/lxml.etree.c:154701:5: error: expression is not assignable
2022-12-27T11:12:45.9393740Z       ++Py_REFCNT(o);
2022-12-27T11:12:45.9394020Z       ^ ~~~~~~~~~~~~
2022-12-27T11:12:45.9394400Z   src/lxml/lxml.etree.c:154704:5: error: expression is not assignable
2022-12-27T11:12:45.9394900Z       --Py_REFCNT(o);
2022-12-27T11:12:45.9395160Z       ^ ~~~~~~~~~~~~
2022-12-27T11:12:45.9395840Z   fatal error: too many errors emitted, stopping now [-ferror-limit=]
2022-12-27T11:12:45.9947050Z   20 errors generated.
2022-12-27T11:12:45.9987220Z   error: command '/usr/bin/clang' failed with exit code 1
2022-12-27T11:12:46.0329740Z   error: subprocess-exited-with-error
2022-12-27T11:12:46.0330070Z   
2022-12-27T11:12:46.0330590Z   × python setup.py bdist_wheel did not run successfully.
2022-12-27T11:12:46.0330930Z   │ exit code: 1
2022-12-27T11:12:46.0331240Z   ╰─> See above for output.
2022-12-27T11:12:46.0331420Z   
2022-12-27T11:12:46.0331700Z   note: This error originates from a subprocess, and is likely not a problem with pip.
2022-12-27T11:12:46.0337540Z   full command: /private/var/folders/51/hd414ycd67n82196sw51xqtc0000gn/T/cibw-run-voj7826v/cp311-macosx_arm64/build/venv/bin/python -u -c '
2022-12-27T11:12:46.0338370Z   exec(compile('"'"''"'"''"'"'
2022-12-27T11:12:46.0339010Z   # This is <pip-setuptools-caller> -- a caller that pip uses to run setup.py
2022-12-27T11:12:46.0339420Z   #
2022-12-27T11:12:46.0340080Z   # - It imports setuptools before invoking setup.py, to enable projects that directly
2022-12-27T11:12:46.0340470Z   #   import from `distutils.core` to work with newer packaging standards.
2022-12-27T11:12:46.0340990Z   # - It provides a clear error message when setuptools is not installed.
2022-12-27T11:12:46.0341920Z   # - It sets `sys.argv[0]` to the underlying `setup.py`, when invoking `setup.py` so
2022-12-27T11:12:46.0342430Z   #   setuptools doesn'"'"'t think the script is `-c`. This avoids the following warning:
2022-12-27T11:12:46.0342890Z   #     manifest_maker: standard file '"'"'-c'"'"' not found".
2022-12-27T11:12:46.0343380Z   # - It generates a shim setup.py, for handling setup.cfg-only projects.
2022-12-27T11:12:46.0343870Z   import os, sys, tokenize
2022-12-27T11:12:46.0344090Z   
2022-12-27T11:12:46.0344320Z   try:
2022-12-27T11:12:46.0344570Z       import setuptools
2022-12-27T11:12:46.0344810Z   except ImportError as error:
2022-12-27T11:12:46.0345200Z       print(
2022-12-27T11:12:46.0345540Z           "ERROR: Can not execute `setup.py` since setuptools is not available in "
2022-12-27T11:12:46.0345840Z           "the build environment.",
2022-12-27T11:12:46.0346120Z           file=sys.stderr,
2022-12-27T11:12:46.0346370Z       )
2022-12-27T11:12:46.0346570Z       sys.exit(1)
2022-12-27T11:12:46.0346810Z   
2022-12-27T11:12:46.0347070Z   __file__ = %r
2022-12-27T11:12:46.0347290Z   sys.argv[0] = __file__
2022-12-27T11:12:46.0347540Z   
2022-12-27T11:12:46.0347820Z   if os.path.exists(__file__):
2022-12-27T11:12:46.0348010Z       filename = __file__
2022-12-27T11:12:46.0348270Z       with tokenize.open(__file__) as f:
2022-12-27T11:12:46.0348550Z           setup_py_code = f.read()
2022-12-27T11:12:46.0348760Z   else:
2022-12-27T11:12:46.0349170Z       filename = "<auto-generated setuptools caller>"
2022-12-27T11:12:46.0349860Z       setup_py_code = "from setuptools import setup; setup()"
2022-12-27T11:12:46.0350150Z   
2022-12-27T11:12:46.0350380Z   exec(compile(setup_py_code, filename, "exec"))
2022-12-27T11:12:46.0351160Z   '"'"''"'"''"'"' % ('"'"'/Users/runner/actions-runner/_work/python.build/python.build/build_lxml231311/lxml-2.3.1/setup.py'"'"',), "<pip-setuptools-caller>", "exec"))' bdist_wheel -d /private/var/folders/51/hd414ycd67n82196sw51xqtc0000gn/T/pip-wheel-hpqquqxt
2022-12-27T11:12:46.0351860Z   cwd: /Users/runner/actions-runner/_work/python.build/python.build/build_lxml231311/lxml-2.3.1/
2022-12-27T11:12:46.0352200Z   ERROR: Failed building wheel for lxml
2022-12-27T11:12:46.0352500Z   Running command python setup.py clean
2022-12-27T11:12:46.0352940Z   Building wheel for lxml (setup.py): finished with status 'error'
2022-12-27T11:12:46.0353230Z   Running setup.py clean for lxml
2022-12-27T11:12:46.2641410Z   Building lxml version 2.3.1.
2022-12-27T11:12:46.2643170Z   Building with Cython 0.29.32.
2022-12-27T11:12:46.2775740Z   Using build configuration of libxslt 1.1.29
2022-12-27T11:12:46.3736660Z   Building against libxml2/libxslt in the following directory: /Library/Developer/CommandLineTools/SDKs/MacOSX12.1.sdk/usr/lib
2022-12-27T11:12:46.3863280Z   running clean
2022-12-27T11:12:46.3890080Z   removing 'build/temp.macosx-11.0-arm64-cpython-311' (and everything under it)
2022-12-27T11:12:46.3894290Z   removing 'build/lib.macosx-11.0-arm64-cpython-311' (and everything under it)
2022-12-27T11:12:46.3931980Z   'build/bdist.macosx-11.0-arm64' does not exist -- can't clean it
2022-12-27T11:12:46.3933650Z   'build/scripts-3.11' does not exist -- can't clean it
2022-12-27T11:12:46.3935180Z   removing 'build'
2022-12-27T11:12:46.4199860Z Failed to build lxml
2022-12-27T11:12:46.4204740Z ERROR: Failed to build one or more wheels
2022-12-27T11:12:46.4217420Z Exception information:
2022-12-27T11:12:46.4217690Z Traceback (most recent call last):
2022-12-27T11:12:46.4225620Z   File "/private/var/folders/51/hd414ycd67n82196sw51xqtc0000gn/T/cibw-run-voj7826v/cp311-macosx_arm64/build/venv/lib/python3.11/site-packages/pip/_internal/cli/base_command.py", line 160, in exc_logging_wrapper
2022-12-27T11:12:46.4226090Z     status = run_func(*args)
2022-12-27T11:12:46.4226300Z              ^^^^^^^^^^^^^^^
2022-12-27T11:12:46.4227070Z   File "/private/var/folders/51/hd414ycd67n82196sw51xqtc0000gn/T/cibw-run-voj7826v/cp311-macosx_arm64/build/venv/lib/python3.11/site-packages/pip/_internal/cli/req_command.py", line 247, in wrapper
2022-12-27T11:12:46.4227560Z     return func(self, options, args)
2022-12-27T11:12:46.4227840Z            ^^^^^^^^^^^^^^^^^^^^^^^^^
2022-12-27T11:12:46.4228500Z   File "/private/var/folders/51/hd414ycd67n82196sw51xqtc0000gn/T/cibw-run-voj7826v/cp311-macosx_arm64/build/venv/lib/python3.11/site-packages/pip/_internal/commands/wheel.py", line 201, in run
2022-12-27T11:12:46.4228960Z     raise CommandError("Failed to build one or more wheels")
2022-12-27T11:12:46.4229330Z pip._internal.exceptions.CommandError: Failed to build one or more wheels
2022-12-27T11:12:46.4229890Z Removed build tracker: '/private/var/folders/51/hd414ycd67n82196sw51xqtc0000gn/T/pip-build-tracker-zhhmj2vv'
2022-12-27T11:12:46.4650280Z ##[endgroup]
2022-12-27T11:12:46.4672570Z ##[error]Command ['python', '-m', 'pip', 'wheel', '/Users/runner/actions-runner/_work/python.build/python.build/build_lxml231311/lxml-2.3.1', '--wheel-dir=/private/var/folders/51/hd414ycd67n82196sw51xqtc0000gn/T/cibw-run-voj7826v/cp311-macosx_arm64/built_wheel', '--no-deps', '-vvv'] failed with code 1. None
2022-12-27T11:12:46.4679040Z 
2022-12-27T11:12:46.4679390Z                                                               [31m✕ [0m2.24s
2022-12-27T11:12:46.5174960Z ##[error]Process completed with exit code 1.
2022-12-27T11:12:46.5208890Z ##[group]Run rm -rf build_lxml231311 wheelsout
2022-12-27T11:12:46.5209170Z [36;1mrm -rf build_lxml231311 wheelsout[0m
2022-12-27T11:12:46.5225430Z shell: /bin/bash -e {0}
2022-12-27T11:12:46.5225780Z env:
2022-12-27T11:12:46.5225960Z   pythonLocation: /Users/runner/hostedtoolcache/Python/3.11.1/x64
2022-12-27T11:12:46.5226170Z   PKG_CONFIG_PATH: /Users/runner/hostedtoolcache/Python/3.11.1/x64/lib/pkgconfig
2022-12-27T11:12:46.5226360Z   Python_ROOT_DIR: /Users/runner/hostedtoolcache/Python/3.11.1/x64
2022-12-27T11:12:46.5226550Z   Python2_ROOT_DIR: /Users/runner/hostedtoolcache/Python/3.11.1/x64
2022-12-27T11:12:46.5226720Z   Python3_ROOT_DIR: /Users/runner/hostedtoolcache/Python/3.11.1/x64
2022-12-27T11:12:46.5226860Z ##[endgroup]
2022-12-27T11:12:46.5835770Z Cleaning up orphan processes
