2022-12-27T08:50:19.0063793Z Requested labels: self-hosted, macOS, X64
2022-12-27T08:50:19.0063879Z Job defined at: kilnbuild/python.build/.github/workflows/mac_arm_build.yml@refs/heads/main
2022-12-27T08:50:19.0063909Z Waiting for a runner to pick up this job...
2022-12-27T11:18:32.2720801Z Job is about to start running on the runner: kr1 (organization)
2022-12-27T11:18:38.0626250Z Current runner version: '2.300.2'
2022-12-27T11:18:38.0634030Z Runner name: 'kr1'
2022-12-27T11:18:38.0634430Z Runner group name: 'Default'
2022-12-27T11:18:38.0635300Z Machine name: 'kr1'
2022-12-27T11:18:38.0637880Z ##[group]GITHUB_TOKEN Permissions
2022-12-27T11:18:38.0638580Z Actions: write
2022-12-27T11:18:38.0638820Z Checks: write
2022-12-27T11:18:38.0639060Z Contents: write
2022-12-27T11:18:38.0639320Z Deployments: write
2022-12-27T11:18:38.0639560Z Discussions: write
2022-12-27T11:18:38.0639850Z Issues: write
2022-12-27T11:18:38.0640080Z Metadata: read
2022-12-27T11:18:38.0640320Z Packages: write
2022-12-27T11:18:38.0640570Z Pages: write
2022-12-27T11:18:38.0640820Z PullRequests: write
2022-12-27T11:18:38.0641100Z RepositoryProjects: write
2022-12-27T11:18:38.0641390Z SecurityEvents: write
2022-12-27T11:18:38.0641650Z Statuses: write
2022-12-27T11:18:38.0641880Z ##[endgroup]
2022-12-27T11:18:38.0645530Z Secret source: Actions
2022-12-27T11:18:38.0646130Z Prepare workflow directory
2022-12-27T11:18:38.1788120Z Prepare all required actions
2022-12-27T11:18:38.1988260Z Getting action download info
2022-12-27T11:18:38.6589800Z Download action repository 'actions/setup-python@v4' (SHA:5ccb29d8773c3f3f653e1705f474dfaa8a06a912)
2022-12-27T11:18:40.5652340Z Download action repository 'actions/upload-artifact@v3' (SHA:83fd05a356d7e2593de66fc9913b3002723633cb)
2022-12-27T11:18:42.1085730Z ##[group]Run echo '{
2022-12-27T11:18:42.1086320Z [36;1mecho '{[0m
2022-12-27T11:18:42.1086520Z [36;1m  "package_name": "lxml",[0m
2022-12-27T11:18:42.1087020Z [36;1m  "package_url": "https://files.pythonhosted.org/packages/3d/ad/4de9fbf122783f2017a5283aa762d9412f43d08d874e52d8db092d53544c/lxml-1.0.beta.tar.gz",[0m
2022-12-27T11:18:42.1087390Z [36;1m  "package_version": "1.0.beta",[0m
2022-12-27T11:18:42.1087600Z [36;1m  "python_version": "3.8",[0m
2022-12-27T11:18:42.1087810Z [36;1m  "use_ccache": "true"[0m
2022-12-27T11:18:42.1087990Z [36;1m}'[0m
2022-12-27T11:18:42.1116800Z shell: /bin/bash -e {0}
2022-12-27T11:18:42.1117020Z ##[endgroup]
2022-12-27T11:18:42.1543600Z {
2022-12-27T11:18:42.1546400Z   "package_name": "lxml",
2022-12-27T11:18:42.1547560Z   "package_url": "https://files.pythonhosted.org/packages/3d/ad/4de9fbf122783f2017a5283aa762d9412f43d08d874e52d8db092d53544c/lxml-1.0.beta.tar.gz",
2022-12-27T11:18:42.1548190Z   "package_version": "1.0.beta",
2022-12-27T11:18:42.1548710Z   "python_version": "3.8",
2022-12-27T11:18:42.1549030Z   "use_ccache": "true"
2022-12-27T11:18:42.1549360Z }
2022-12-27T11:18:42.1917550Z ##[group]Run actions/setup-python@v4
2022-12-27T11:18:42.1918030Z with:
2022-12-27T11:18:42.1918290Z   python-version: 3.8
2022-12-27T11:18:42.1918630Z   check-latest: false
2022-12-27T11:18:42.1919250Z   token: ***
2022-12-27T11:18:42.1919670Z   update-environment: true
2022-12-27T11:18:42.1919940Z ##[endgroup]
2022-12-27T11:18:42.4199740Z ##[group]Installed versions
2022-12-27T11:18:42.4268400Z Successfully set up CPython (3.8.15)
2022-12-27T11:18:42.4270470Z ##[endgroup]
2022-12-27T11:18:42.4603160Z ##[group]Run if [ "true" == "true" ]
2022-12-27T11:18:42.4603670Z [36;1mif [ "true" == "true" ][0m
2022-12-27T11:18:42.4604020Z [36;1mthen[0m
2022-12-27T11:18:42.4604340Z [36;1m  echo "CCACHE_PATH_PREPEND=/usr/local/opt/ccache/libexec" >> $GITHUB_OUTPUT[0m
2022-12-27T11:18:42.4604830Z [36;1melse[0m
2022-12-27T11:18:42.4605370Z [36;1m  echo "CCACHE_PATH_PREPEND=" >> $GITHUB_OUTPUT[0m
2022-12-27T11:18:42.4605690Z [36;1mfi[0m
2022-12-27T11:18:42.4636360Z shell: /bin/bash -e {0}
2022-12-27T11:18:42.4636730Z env:
2022-12-27T11:18:42.4637060Z   pythonLocation: /Users/runner/hostedtoolcache/Python/3.8.15/x64
2022-12-27T11:18:42.4637540Z   PKG_CONFIG_PATH: /Users/runner/hostedtoolcache/Python/3.8.15/x64/lib/pkgconfig
2022-12-27T11:18:42.4638050Z   Python_ROOT_DIR: /Users/runner/hostedtoolcache/Python/3.8.15/x64
2022-12-27T11:18:42.4638620Z   Python2_ROOT_DIR: /Users/runner/hostedtoolcache/Python/3.8.15/x64
2022-12-27T11:18:42.4639250Z   Python3_ROOT_DIR: /Users/runner/hostedtoolcache/Python/3.8.15/x64
2022-12-27T11:18:42.4640020Z ##[endgroup]
2022-12-27T11:18:42.4981030Z ##[group]Run echo "BUILD_NAME=$(echo lxml_1.0.beta_3.8 | tr -dc '[:alnum:]\n\r' | tr '[:upper:]' '[:lower:]')" >> $GITHUB_OUTPUT
2022-12-27T11:18:42.4981540Z [36;1mecho "BUILD_NAME=$(echo lxml_1.0.beta_3.8 | tr -dc '[:alnum:]\n\r' | tr '[:upper:]' '[:lower:]')" >> $GITHUB_OUTPUT[0m
2022-12-27T11:18:42.5009120Z shell: /bin/bash -e {0}
2022-12-27T11:18:42.5009380Z env:
2022-12-27T11:18:42.5009650Z   pythonLocation: /Users/runner/hostedtoolcache/Python/3.8.15/x64
2022-12-27T11:18:42.5009990Z   PKG_CONFIG_PATH: /Users/runner/hostedtoolcache/Python/3.8.15/x64/lib/pkgconfig
2022-12-27T11:18:42.5010320Z   Python_ROOT_DIR: /Users/runner/hostedtoolcache/Python/3.8.15/x64
2022-12-27T11:18:42.5010820Z   Python2_ROOT_DIR: /Users/runner/hostedtoolcache/Python/3.8.15/x64
2022-12-27T11:18:42.5011270Z   Python3_ROOT_DIR: /Users/runner/hostedtoolcache/Python/3.8.15/x64
2022-12-27T11:18:42.5011800Z ##[endgroup]
2022-12-27T11:18:42.5264720Z ##[group]Run echo "PYTHON_NO_DOTS=$(echo 3.8 | tr -dc '[:alnum:]\n\r' | tr '[:upper:]' '[:lower:]')" >> $GITHUB_OUTPUT
2022-12-27T11:18:42.5265610Z [36;1mecho "PYTHON_NO_DOTS=$(echo 3.8 | tr -dc '[:alnum:]\n\r' | tr '[:upper:]' '[:lower:]')" >> $GITHUB_OUTPUT[0m
2022-12-27T11:18:42.5294700Z shell: /bin/bash -e {0}
2022-12-27T11:18:42.5295130Z env:
2022-12-27T11:18:42.5295520Z   pythonLocation: /Users/runner/hostedtoolcache/Python/3.8.15/x64
2022-12-27T11:18:42.5297050Z   PKG_CONFIG_PATH: /Users/runner/hostedtoolcache/Python/3.8.15/x64/lib/pkgconfig
2022-12-27T11:18:42.5297520Z   Python_ROOT_DIR: /Users/runner/hostedtoolcache/Python/3.8.15/x64
2022-12-27T11:18:42.5298090Z   Python2_ROOT_DIR: /Users/runner/hostedtoolcache/Python/3.8.15/x64
2022-12-27T11:18:42.5298550Z   Python3_ROOT_DIR: /Users/runner/hostedtoolcache/Python/3.8.15/x64
2022-12-27T11:18:42.5298860Z ##[endgroup]
2022-12-27T11:18:42.5566330Z ##[group]Run rm -rf build_lxml10beta38
2022-12-27T11:18:42.5567090Z [36;1mrm -rf build_lxml10beta38[0m
2022-12-27T11:18:42.5567530Z [36;1mmkdir build_lxml10beta38[0m
2022-12-27T11:18:42.5567930Z [36;1mcd build_lxml10beta38[0m
2022-12-27T11:18:42.5568450Z [36;1m/usr/local/bin/wget --quiet https://files.pythonhosted.org/packages/3d/ad/4de9fbf122783f2017a5283aa762d9412f43d08d874e52d8db092d53544c/lxml-1.0.beta.tar.gz[0m
2022-12-27T11:18:42.5568940Z [36;1mtar xf *.tar.gz[0m
2022-12-27T11:18:42.5569260Z [36;1mcd *[0m
2022-12-27T11:18:42.5569620Z [36;1mpython -m pip install cibuildwheel==2.11.3[0m
2022-12-27T11:18:42.5570030Z [36;1mpython -m cibuildwheel --output-dir ../wheelsout[0m
2022-12-27T11:18:42.5597190Z shell: /bin/bash -e {0}
2022-12-27T11:18:42.5597620Z env:
2022-12-27T11:18:42.5598190Z   pythonLocation: /Users/runner/hostedtoolcache/Python/3.8.15/x64
2022-12-27T11:18:42.5598650Z   PKG_CONFIG_PATH: /Users/runner/hostedtoolcache/Python/3.8.15/x64/lib/pkgconfig
2022-12-27T11:18:42.5599130Z   Python_ROOT_DIR: /Users/runner/hostedtoolcache/Python/3.8.15/x64
2022-12-27T11:18:42.5599580Z   Python2_ROOT_DIR: /Users/runner/hostedtoolcache/Python/3.8.15/x64
2022-12-27T11:18:42.5600020Z   Python3_ROOT_DIR: /Users/runner/hostedtoolcache/Python/3.8.15/x64
2022-12-27T11:18:42.5600390Z   CIBW_ARCHS_MACOS: arm64
2022-12-27T11:18:42.5600650Z   CIBW_TEST_SKIP: *_arm64
2022-12-27T11:18:42.5600970Z   CIBW_BUILD: cp38-macosx_arm64
2022-12-27T11:18:42.5601420Z   CIBW_BUILD_FRONTEND: pip
2022-12-27T11:18:42.5601730Z   CIBW_BUILD_VERBOSITY: 3
2022-12-27T11:18:42.5602270Z   CIBW_ENVIRONMENT_MACOS:  CFLAGS="-I/usr/local/opt/openssl@3/include" LDFLAGS="-L/usr/local/opt/openssl@3/lib" CPPFLAGS="-I/usr/local/opt/openssl@3/include" MAKEFLAGS="-j$(sysctl -n hw.logicalcpu)" PATH=/usr/local/opt/ccache/libexec:$PATH
2022-12-27T11:18:42.5602900Z   CIBW_BEFORE_BUILD: pip install Cython; if [[ -f requirements.txt ]]; then pip install -r requirements.txt; fi
2022-12-27T11:18:42.5603430Z   MAKEFLAGS: -j$(sysctl -n hw.logicalcpu)
2022-12-27T11:18:42.5603700Z ##[endgroup]
2022-12-27T11:18:43.1106840Z Requirement already satisfied: cibuildwheel==2.11.3 in /Users/runner/hostedtoolcache/Python/3.8.15/x64/lib/python3.8/site-packages (2.11.3)
2022-12-27T11:18:43.1674890Z Requirement already satisfied: packaging>=20.9 in /Users/runner/hostedtoolcache/Python/3.8.15/x64/lib/python3.8/site-packages (from cibuildwheel==2.11.3) (22.0)
2022-12-27T11:18:43.1684060Z Requirement already satisfied: typing-extensions>=4.1.0 in /Users/runner/hostedtoolcache/Python/3.8.15/x64/lib/python3.8/site-packages (from cibuildwheel==2.11.3) (4.4.0)
2022-12-27T11:18:43.1689650Z Requirement already satisfied: bracex in /Users/runner/hostedtoolcache/Python/3.8.15/x64/lib/python3.8/site-packages (from cibuildwheel==2.11.3) (2.3.post1)
2022-12-27T11:18:43.1694720Z Requirement already satisfied: filelock in /Users/runner/hostedtoolcache/Python/3.8.15/x64/lib/python3.8/site-packages (from cibuildwheel==2.11.3) (3.8.2)
2022-12-27T11:18:43.1707030Z Requirement already satisfied: tomli in /Users/runner/hostedtoolcache/Python/3.8.15/x64/lib/python3.8/site-packages (from cibuildwheel==2.11.3) (2.0.1)
2022-12-27T11:18:43.1711130Z Requirement already satisfied: certifi in /Users/runner/hostedtoolcache/Python/3.8.15/x64/lib/python3.8/site-packages (from cibuildwheel==2.11.3) (2022.12.7)
2022-12-27T11:18:43.1715960Z Requirement already satisfied: platformdirs in /Users/runner/hostedtoolcache/Python/3.8.15/x64/lib/python3.8/site-packages (from cibuildwheel==2.11.3) (2.6.0)
2022-12-27T11:18:43.1724140Z Requirement already satisfied: bashlex!=0.13 in /Users/runner/hostedtoolcache/Python/3.8.15/x64/lib/python3.8/site-packages (from cibuildwheel==2.11.3) (0.16)
2022-12-27T11:18:43.4829370Z 
2022-12-27T11:18:43.4832420Z      _ _       _ _   _       _           _
2022-12-27T11:18:43.4833850Z  ___|_| |_ _ _|_| |_| |_ _ _| |_ ___ ___| |
2022-12-27T11:18:43.4836210Z |  _| | . | | | | | . | | | |   | -_| -_| |
2022-12-27T11:18:43.4838440Z |___|_|___|___|_|_|___|_____|_|_|___|___|_|
2022-12-27T11:18:43.4838710Z 
2022-12-27T11:18:43.4838890Z cibuildwheel version 2.11.3
2022-12-27T11:18:43.4839100Z 
2022-12-27T11:18:43.4839260Z Build options:
2022-12-27T11:18:43.4839530Z   platform: macos
2022-12-27T11:18:43.4972230Z   architectures: arm64[0m
2022-12-27T11:18:43.4973360Z   build_selector: 
2022-12-27T11:18:43.4976330Z     build_config: cp38-macosx_arm64
2022-12-27T11:18:43.4978090Z     skip_config: 
2022-12-27T11:18:43.4979200Z     requires_python: None
2022-12-27T11:18:43.4981110Z     prerelease_pythons: False[0m
2022-12-27T11:18:43.4981780Z   [38;5;244mcontainer_engine: docker[0m
2022-12-27T11:18:43.4982700Z   output_dir: /Users/runner/actions-runner/_work/python.build/python.build/build_lxml10beta38/wheelsout[0m
2022-12-27T11:18:43.4984650Z   package_dir: /Users/runner/actions-runner/_work/python.build/python.build/build_lxml10beta38/lxml-1.0.beta[0m
2022-12-27T11:18:43.4985210Z   test_selector: 
2022-12-27T11:18:43.4985890Z     skip_config: *_arm64[0m
2022-12-27T11:18:43.4986540Z   [38;5;244mbefore_all: [0m
2022-12-27T11:18:43.4987080Z   before_build: pip install Cython; if [[ -f requirements.txt ]]; then pip install -r requirements.txt; fi[0m
2022-12-27T11:18:43.4987880Z   [38;5;244mbefore_test: [0m
2022-12-27T11:18:43.4988350Z   [38;5;244mbuild_frontend: pip[0m
2022-12-27T11:18:43.4988790Z   build_verbosity: 3[0m
2022-12-27T11:18:43.4989150Z   [38;5;244mconfig_settings: [0m
2022-12-27T11:18:43.4989700Z   [38;5;244mdependency_constraints: pinned[0m
2022-12-27T11:18:43.4990310Z   environment: 
2022-12-27T11:18:43.4990720Z     CFLAGS="-I/usr/local/opt/openssl@3/include"
2022-12-27T11:18:43.4991210Z     LDFLAGS="-L/usr/local/opt/openssl@3/lib"
2022-12-27T11:18:43.4991720Z     CPPFLAGS="-I/usr/local/opt/openssl@3/include"
2022-12-27T11:18:43.4992150Z     MAKEFLAGS="-j$(sysctl -n hw.logicalcpu)"
2022-12-27T11:18:43.4992800Z     PATH=/usr/local/opt/ccache/libexec:$PATH[0m
2022-12-27T11:18:43.4993270Z   [38;5;244mmanylinux_images: None[0m
2022-12-27T11:18:43.4993840Z   [38;5;244mmusllinux_images: None[0m
2022-12-27T11:18:43.4994380Z   [38;5;244mrepair_command: delocate-wheel --require-archs {delocate_archs} -w {dest_dir} -v {wheel}[0m
2022-12-27T11:18:43.4995970Z   [38;5;244mtest_command: [0m
2022-12-27T11:18:43.4996480Z   [38;5;244mtest_extras: [0m
2022-12-27T11:18:43.4996840Z   [38;5;244mtest_requires: [0m
2022-12-27T11:18:43.4997130Z 
2022-12-27T11:18:43.4997340Z Cache folder: /Users/runner/Library/Caches/cibuildwheel
2022-12-27T11:18:43.5000700Z 
2022-12-27T11:18:43.5002180Z Here we go!
2022-12-27T11:18:43.5002930Z 
2022-12-27T11:18:43.5117820Z 
2022-12-27T11:18:43.5118940Z [1m[34mBuilding cp38-macosx_arm64 wheel[0m
2022-12-27T11:18:43.5119550Z CPython 3.8 macOS arm64 - Apple Silicon
2022-12-27T11:18:43.5120080Z 
2022-12-27T11:18:43.5124030Z ##[group]Installing Python cp38...
2022-12-27T11:18:43.5124550Z 
2022-12-27T11:18:43.5125670Z + pkgutil --pkgs
2022-12-27T11:18:43.5339810Z ##[endgroup]
2022-12-27T11:18:43.5342620Z                                                               [32m✓ [0m0.02s
2022-12-27T11:18:43.5344170Z ##[group]Setting up build environment...
2022-12-27T11:18:43.5345210Z 
2022-12-27T11:18:43.5372490Z + /Users/runner/hostedtoolcache/Python/3.8.15/x64/bin/python -sS /Users/runner/Library/Caches/cibuildwheel/virtualenv-20.17.0.pyz --activators= --no-periodic-update --pip=22.3.1 --setuptools=65.6.3 --wheel=0.38.4 --symlink-app-data --python /Library/Frameworks/Python.framework/Versions/3.8/bin/python3 /private/var/folders/51/hd414ycd67n82196sw51xqtc0000gn/T/cibw-run-agzjgwnx/cp38-macosx_arm64/build/venv
2022-12-27T11:18:43.8429560Z created virtual environment CPython3.8.10.final.0-64 in 78ms
2022-12-27T11:18:43.8430460Z   creator CPython3Posix(dest=/private/var/folders/51/hd414ycd67n82196sw51xqtc0000gn/T/cibw-run-agzjgwnx/cp38-macosx_arm64/build/venv, clear=False, no_vcs_ignore=False, global=False)
2022-12-27T11:18:43.8431990Z   seeder FromAppData(download=False, pip=22.3.1, setuptools=65.6.3, wheel=0.38.4, via=symlink, app_data_dir=/Users/runner/Library/Application Support/virtualenv)
2022-12-27T11:18:43.8432630Z     added seed packages: pip==22.3.1, setuptools==65.6.3, wheel==0.38.4
2022-12-27T11:18:43.8652440Z + python -m pip install --upgrade pip -c /Users/runner/hostedtoolcache/Python/3.8.15/x64/lib/python3.8/site-packages/cibuildwheel/resources/constraints-python38.txt
2022-12-27T11:18:44.3921200Z Requirement already satisfied: pip in ./lib/python3.8/site-packages (22.3.1)
2022-12-27T11:18:44.6592190Z + which pip
2022-12-27T11:18:44.6626300Z /private/var/folders/51/hd414ycd67n82196sw51xqtc0000gn/T/cibw-run-agzjgwnx/cp38-macosx_arm64/build/venv/bin/pip
2022-12-27T11:18:44.6631220Z + pip --version
2022-12-27T11:18:45.0400980Z pip 22.3.1 from /private/var/folders/51/hd414ycd67n82196sw51xqtc0000gn/T/cibw-run-agzjgwnx/cp38-macosx_arm64/build/venv/lib/python3.8/site-packages/pip (python 3.8)
2022-12-27T11:18:45.0853440Z + which pip
2022-12-27T11:18:45.0904670Z + which python
2022-12-27T11:18:45.0945280Z /private/var/folders/51/hd414ycd67n82196sw51xqtc0000gn/T/cibw-run-agzjgwnx/cp38-macosx_arm64/build/venv/bin/python
2022-12-27T11:18:45.0948440Z + python --version
2022-12-27T11:18:45.1050950Z Python 3.8.10
2022-12-27T11:18:45.1056580Z + which python
2022-12-27T11:18:45.1160660Z ##[endgroup]
2022-12-27T11:18:45.1162120Z                                                               [32m✓ [0m1.58s
2022-12-27T11:18:45.1163450Z ##[group]Installing build tools...
2022-12-27T11:18:45.1163890Z 
2022-12-27T11:18:45.1164920Z + pip install --upgrade setuptools wheel delocate -c /Users/runner/hostedtoolcache/Python/3.8.15/x64/lib/python3.8/site-packages/cibuildwheel/resources/constraints-python38.txt
2022-12-27T11:18:45.6381720Z Requirement already satisfied: setuptools in /private/var/folders/51/hd414ycd67n82196sw51xqtc0000gn/T/cibw-run-agzjgwnx/cp38-macosx_arm64/build/venv/lib/python3.8/site-packages (65.6.3)
2022-12-27T11:18:46.0505250Z Requirement already satisfied: wheel in /private/var/folders/51/hd414ycd67n82196sw51xqtc0000gn/T/cibw-run-agzjgwnx/cp38-macosx_arm64/build/venv/lib/python3.8/site-packages (0.38.4)
2022-12-27T11:18:46.1424130Z Collecting delocate
2022-12-27T11:18:46.1479260Z   Using cached delocate-0.10.3-py3-none-any.whl (142 kB)
2022-12-27T11:18:46.2043900Z Collecting packaging>=20.9
2022-12-27T11:18:46.2090090Z   Using cached packaging-21.3-py3-none-any.whl (40 kB)
2022-12-27T11:18:46.2449260Z Collecting typing-extensions
2022-12-27T11:18:46.2491300Z   Using cached typing_extensions-4.4.0-py3-none-any.whl (26 kB)
2022-12-27T11:18:46.3132470Z Collecting pyparsing!=3.0.5,>=2.0.2
2022-12-27T11:18:46.3193260Z   Using cached pyparsing-3.0.9-py3-none-any.whl (98 kB)
2022-12-27T11:18:46.3910160Z Installing collected packages: typing-extensions, pyparsing, packaging, delocate
2022-12-27T11:18:46.6159530Z Successfully installed delocate-0.10.3 packaging-21.3 pyparsing-3.0.9 typing-extensions-4.4.0
2022-12-27T11:18:46.7142650Z ##[endgroup]
2022-12-27T11:18:46.7143550Z                                                               [32m✓ [0m1.60s
2022-12-27T11:18:46.7144060Z ##[group]Running before_build...
2022-12-27T11:18:46.7144260Z 
2022-12-27T11:18:46.7166670Z + pip install Cython; if [[ -f requirements.txt ]]; then pip install -r requirements.txt; fi
2022-12-27T11:18:47.9039730Z Collecting Cython
2022-12-27T11:18:47.9129220Z   Using cached Cython-0.29.32-py2.py3-none-any.whl (986 kB)
2022-12-27T11:18:47.9990450Z Installing collected packages: Cython
2022-12-27T11:18:48.7466500Z Successfully installed Cython-0.29.32
2022-12-27T11:18:48.8513560Z ##[endgroup]
2022-12-27T11:18:48.8514540Z                                                               [32m✓ [0m2.14s
2022-12-27T11:18:48.8515180Z ##[group]Building wheel...
2022-12-27T11:18:48.8515920Z 
2022-12-27T11:18:48.8524130Z + python -m pip wheel /Users/runner/actions-runner/_work/python.build/python.build/build_lxml10beta38/lxml-1.0.beta --wheel-dir=/private/var/folders/51/hd414ycd67n82196sw51xqtc0000gn/T/cibw-run-agzjgwnx/cp38-macosx_arm64/built_wheel --no-deps -vvv
2022-12-27T11:18:49.3206140Z Created temporary directory: /private/var/folders/51/hd414ycd67n82196sw51xqtc0000gn/T/pip-ephem-wheel-cache-6wuzx26t
2022-12-27T11:18:49.3214090Z Created temporary directory: /private/var/folders/51/hd414ycd67n82196sw51xqtc0000gn/T/pip-build-tracker-evka9rhr
2022-12-27T11:18:49.3216030Z Initialized build tracking at /private/var/folders/51/hd414ycd67n82196sw51xqtc0000gn/T/pip-build-tracker-evka9rhr
2022-12-27T11:18:49.3218800Z Created build tracker: /private/var/folders/51/hd414ycd67n82196sw51xqtc0000gn/T/pip-build-tracker-evka9rhr
2022-12-27T11:18:49.3221280Z Entered build tracker: /private/var/folders/51/hd414ycd67n82196sw51xqtc0000gn/T/pip-build-tracker-evka9rhr
2022-12-27T11:18:49.3227200Z Created temporary directory: /private/var/folders/51/hd414ycd67n82196sw51xqtc0000gn/T/pip-wheel-v8mrlugs
2022-12-27T11:18:49.3239460Z Created temporary directory: /private/var/folders/51/hd414ycd67n82196sw51xqtc0000gn/T/pip-ephem-wheel-cache-94wij35j
2022-12-27T11:18:49.3384020Z Processing /Users/runner/actions-runner/_work/python.build/python.build/build_lxml10beta38/lxml-1.0.beta
2022-12-27T11:18:49.3391750Z   Added file:///Users/runner/actions-runner/_work/python.build/python.build/build_lxml10beta38/lxml-1.0.beta to build tracker '/private/var/folders/51/hd414ycd67n82196sw51xqtc0000gn/T/pip-build-tracker-evka9rhr'
2022-12-27T11:18:49.3397700Z   Running setup.py (path:/Users/runner/actions-runner/_work/python.build/python.build/build_lxml10beta38/lxml-1.0.beta/setup.py) egg_info for package from file:///Users/runner/actions-runner/_work/python.build/python.build/build_lxml10beta38/lxml-1.0.beta
2022-12-27T11:18:49.3403240Z   Created temporary directory: /private/var/folders/51/hd414ycd67n82196sw51xqtc0000gn/T/pip-pip-egg-info-rfxb6sfx
2022-12-27T11:18:49.3405720Z   Preparing metadata (setup.py): started
2022-12-27T11:18:49.3409430Z   Running command python setup.py egg_info
2022-12-27T11:18:49.6169290Z   Traceback (most recent call last):
2022-12-27T11:18:49.6189790Z     File "<string>", line 2, in <module>
2022-12-27T11:18:49.6190940Z     File "<pip-setuptools-caller>", line 34, in <module>
2022-12-27T11:18:49.6191640Z     File "/Users/runner/actions-runner/_work/python.build/python.build/build_lxml10beta38/lxml-1.0.beta/setup.py", line 22
2022-12-27T11:18:49.6193140Z       raise NotImplementedError, \
2022-12-27T11:18:49.6194090Z                                ^
2022-12-27T11:18:49.6194420Z   SyntaxError: invalid syntax
2022-12-27T11:18:49.6772170Z   error: subprocess-exited-with-error
2022-12-27T11:18:49.6772940Z   
2022-12-27T11:18:49.6773750Z   × python setup.py egg_info did not run successfully.
2022-12-27T11:18:49.6775200Z   │ exit code: 1
2022-12-27T11:18:49.6776010Z   ╰─> See above for output.
2022-12-27T11:18:49.6776520Z   
2022-12-27T11:18:49.6777320Z   note: This error originates from a subprocess, and is likely not a problem with pip.
2022-12-27T11:18:49.6790290Z   full command: /private/var/folders/51/hd414ycd67n82196sw51xqtc0000gn/T/cibw-run-agzjgwnx/cp38-macosx_arm64/build/venv/bin/python -c '
2022-12-27T11:18:49.6791680Z   exec(compile('"'"''"'"''"'"'
2022-12-27T11:18:49.6792850Z   # This is <pip-setuptools-caller> -- a caller that pip uses to run setup.py
2022-12-27T11:18:49.6793680Z   #
2022-12-27T11:18:49.6796190Z   # - It imports setuptools before invoking setup.py, to enable projects that directly
2022-12-27T11:18:49.6797090Z   #   import from `distutils.core` to work with newer packaging standards.
2022-12-27T11:18:49.6798280Z   # - It provides a clear error message when setuptools is not installed.
2022-12-27T11:18:49.6799180Z   # - It sets `sys.argv[0]` to the underlying `setup.py`, when invoking `setup.py` so
2022-12-27T11:18:49.6799730Z   #   setuptools doesn'"'"'t think the script is `-c`. This avoids the following warning:
2022-12-27T11:18:49.6800440Z   #     manifest_maker: standard file '"'"'-c'"'"' not found".
2022-12-27T11:18:49.6801040Z   # - It generates a shim setup.py, for handling setup.cfg-only projects.
2022-12-27T11:18:49.6801480Z   import os, sys, tokenize
2022-12-27T11:18:49.6802580Z   
2022-12-27T11:18:49.6802940Z   try:
2022-12-27T11:18:49.6803400Z       import setuptools
2022-12-27T11:18:49.6803700Z   except ImportError as error:
2022-12-27T11:18:49.6804060Z       print(
2022-12-27T11:18:49.6804480Z           "ERROR: Can not execute `setup.py` since setuptools is not available in "
2022-12-27T11:18:49.6804830Z           "the build environment.",
2022-12-27T11:18:49.6805280Z           file=sys.stderr,
2022-12-27T11:18:49.6805610Z       )
2022-12-27T11:18:49.6805870Z       sys.exit(1)
2022-12-27T11:18:49.6806180Z   
2022-12-27T11:18:49.6806600Z   __file__ = %r
2022-12-27T11:18:49.6806990Z   sys.argv[0] = __file__
2022-12-27T11:18:49.6807310Z   
2022-12-27T11:18:49.6807650Z   if os.path.exists(__file__):
2022-12-27T11:18:49.6807940Z       filename = __file__
2022-12-27T11:18:49.6808420Z       with tokenize.open(__file__) as f:
2022-12-27T11:18:49.6808790Z           setup_py_code = f.read()
2022-12-27T11:18:49.6809490Z   else:
2022-12-27T11:18:49.6809940Z       filename = "<auto-generated setuptools caller>"
2022-12-27T11:18:49.6810390Z       setup_py_code = "from setuptools import setup; setup()"
2022-12-27T11:18:49.6810870Z   
2022-12-27T11:18:49.6811170Z   exec(compile(setup_py_code, filename, "exec"))
2022-12-27T11:18:49.6812130Z   '"'"''"'"''"'"' % ('"'"'/Users/runner/actions-runner/_work/python.build/python.build/build_lxml10beta38/lxml-1.0.beta/setup.py'"'"',), "<pip-setuptools-caller>", "exec"))' egg_info --egg-base /private/var/folders/51/hd414ycd67n82196sw51xqtc0000gn/T/pip-pip-egg-info-rfxb6sfx
2022-12-27T11:18:49.6813010Z   cwd: /Users/runner/actions-runner/_work/python.build/python.build/build_lxml10beta38/lxml-1.0.beta/
2022-12-27T11:18:49.6813740Z   Preparing metadata (setup.py): finished with status 'error'
2022-12-27T11:18:49.6818920Z error: metadata-generation-failed
2022-12-27T11:18:49.6819490Z 
2022-12-27T11:18:49.6820270Z × Encountered error while generating package metadata.
2022-12-27T11:18:49.6821360Z ╰─> See above for output.
2022-12-27T11:18:49.6821840Z 
2022-12-27T11:18:49.6822370Z note: This is an issue with the package mentioned above, not pip.
2022-12-27T11:18:49.6823410Z hint: See above for details.
2022-12-27T11:18:49.6872960Z Exception information:
2022-12-27T11:18:49.6874190Z Traceback (most recent call last):
2022-12-27T11:18:49.6877470Z   File "/private/var/folders/51/hd414ycd67n82196sw51xqtc0000gn/T/cibw-run-agzjgwnx/cp38-macosx_arm64/build/venv/lib/python3.8/site-packages/pip/_internal/operations/build/metadata_legacy.py", line 64, in generate_metadata
2022-12-27T11:18:49.7022180Z     call_subprocess(
2022-12-27T11:18:49.7023840Z   File "/private/var/folders/51/hd414ycd67n82196sw51xqtc0000gn/T/cibw-run-agzjgwnx/cp38-macosx_arm64/build/venv/lib/python3.8/site-packages/pip/_internal/utils/subprocess.py", line 224, in call_subprocess
2022-12-27T11:18:49.7024680Z     raise error
2022-12-27T11:18:49.7026140Z pip._internal.exceptions.InstallationSubprocessError: python setup.py egg_info exited with 1
2022-12-27T11:18:49.7026720Z 
2022-12-27T11:18:49.7027100Z The above exception was the direct cause of the following exception:
2022-12-27T11:18:49.7028020Z 
2022-12-27T11:18:49.7028230Z Traceback (most recent call last):
2022-12-27T11:18:49.7029170Z   File "/private/var/folders/51/hd414ycd67n82196sw51xqtc0000gn/T/cibw-run-agzjgwnx/cp38-macosx_arm64/build/venv/lib/python3.8/site-packages/pip/_internal/cli/base_command.py", line 160, in exc_logging_wrapper
2022-12-27T11:18:49.7029740Z     status = run_func(*args)
2022-12-27T11:18:49.7030560Z   File "/private/var/folders/51/hd414ycd67n82196sw51xqtc0000gn/T/cibw-run-agzjgwnx/cp38-macosx_arm64/build/venv/lib/python3.8/site-packages/pip/_internal/cli/req_command.py", line 247, in wrapper
2022-12-27T11:18:49.7031150Z     return func(self, options, args)
2022-12-27T11:18:49.7031970Z   File "/private/var/folders/51/hd414ycd67n82196sw51xqtc0000gn/T/cibw-run-agzjgwnx/cp38-macosx_arm64/build/venv/lib/python3.8/site-packages/pip/_internal/commands/wheel.py", line 170, in run
2022-12-27T11:18:49.7033550Z     requirement_set = resolver.resolve(reqs, check_supported_wheels=True)
2022-12-27T11:18:49.7034480Z   File "/private/var/folders/51/hd414ycd67n82196sw51xqtc0000gn/T/cibw-run-agzjgwnx/cp38-macosx_arm64/build/venv/lib/python3.8/site-packages/pip/_internal/resolution/resolvelib/resolver.py", line 73, in resolve
2022-12-27T11:18:49.7035110Z     collected = self.factory.collect_root_requirements(root_reqs)
2022-12-27T11:18:49.7036030Z   File "/private/var/folders/51/hd414ycd67n82196sw51xqtc0000gn/T/cibw-run-agzjgwnx/cp38-macosx_arm64/build/venv/lib/python3.8/site-packages/pip/_internal/resolution/resolvelib/factory.py", line 491, in collect_root_requirements
2022-12-27T11:18:49.7036680Z     req = self._make_requirement_from_install_req(
2022-12-27T11:18:49.7037670Z   File "/private/var/folders/51/hd414ycd67n82196sw51xqtc0000gn/T/cibw-run-agzjgwnx/cp38-macosx_arm64/build/venv/lib/python3.8/site-packages/pip/_internal/resolution/resolvelib/factory.py", line 453, in _make_requirement_from_install_req
2022-12-27T11:18:49.7038240Z     cand = self._make_candidate_from_link(
2022-12-27T11:18:49.7039130Z   File "/private/var/folders/51/hd414ycd67n82196sw51xqtc0000gn/T/cibw-run-agzjgwnx/cp38-macosx_arm64/build/venv/lib/python3.8/site-packages/pip/_internal/resolution/resolvelib/factory.py", line 206, in _make_candidate_from_link
2022-12-27T11:18:49.7039960Z     self._link_candidate_cache[link] = LinkCandidate(
2022-12-27T11:18:49.7040780Z   File "/private/var/folders/51/hd414ycd67n82196sw51xqtc0000gn/T/cibw-run-agzjgwnx/cp38-macosx_arm64/build/venv/lib/python3.8/site-packages/pip/_internal/resolution/resolvelib/candidates.py", line 297, in __init__
2022-12-27T11:18:49.7041330Z     super().__init__(
2022-12-27T11:18:49.7042110Z   File "/private/var/folders/51/hd414ycd67n82196sw51xqtc0000gn/T/cibw-run-agzjgwnx/cp38-macosx_arm64/build/venv/lib/python3.8/site-packages/pip/_internal/resolution/resolvelib/candidates.py", line 162, in __init__
2022-12-27T11:18:49.7042620Z     self.dist = self._prepare()
2022-12-27T11:18:49.7043410Z   File "/private/var/folders/51/hd414ycd67n82196sw51xqtc0000gn/T/cibw-run-agzjgwnx/cp38-macosx_arm64/build/venv/lib/python3.8/site-packages/pip/_internal/resolution/resolvelib/candidates.py", line 231, in _prepare
2022-12-27T11:18:49.7044350Z     dist = self._prepare_distribution()
2022-12-27T11:18:49.7045250Z   File "/private/var/folders/51/hd414ycd67n82196sw51xqtc0000gn/T/cibw-run-agzjgwnx/cp38-macosx_arm64/build/venv/lib/python3.8/site-packages/pip/_internal/resolution/resolvelib/candidates.py", line 308, in _prepare_distribution
2022-12-27T11:18:49.7045840Z     return preparer.prepare_linked_requirement(self._ireq, parallel_builds=True)
2022-12-27T11:18:49.7046830Z   File "/private/var/folders/51/hd414ycd67n82196sw51xqtc0000gn/T/cibw-run-agzjgwnx/cp38-macosx_arm64/build/venv/lib/python3.8/site-packages/pip/_internal/operations/prepare.py", line 491, in prepare_linked_requirement
2022-12-27T11:18:49.7047410Z     return self._prepare_linked_requirement(req, parallel_builds)
2022-12-27T11:18:49.7048290Z   File "/private/var/folders/51/hd414ycd67n82196sw51xqtc0000gn/T/cibw-run-agzjgwnx/cp38-macosx_arm64/build/venv/lib/python3.8/site-packages/pip/_internal/operations/prepare.py", line 577, in _prepare_linked_requirement
2022-12-27T11:18:49.7048820Z     dist = _get_prepared_distribution(
2022-12-27T11:18:49.7049600Z   File "/private/var/folders/51/hd414ycd67n82196sw51xqtc0000gn/T/cibw-run-agzjgwnx/cp38-macosx_arm64/build/venv/lib/python3.8/site-packages/pip/_internal/operations/prepare.py", line 69, in _get_prepared_distribution
2022-12-27T11:18:49.7050200Z     abstract_dist.prepare_distribution_metadata(
2022-12-27T11:18:49.7050980Z   File "/private/var/folders/51/hd414ycd67n82196sw51xqtc0000gn/T/cibw-run-agzjgwnx/cp38-macosx_arm64/build/venv/lib/python3.8/site-packages/pip/_internal/distributions/sdist.py", line 61, in prepare_distribution_metadata
2022-12-27T11:18:49.7051560Z     self.req.prepare_metadata()
2022-12-27T11:18:49.7052630Z   File "/private/var/folders/51/hd414ycd67n82196sw51xqtc0000gn/T/cibw-run-agzjgwnx/cp38-macosx_arm64/build/venv/lib/python3.8/site-packages/pip/_internal/req/req_install.py", line 541, in prepare_metadata
2022-12-27T11:18:49.7053260Z     self.metadata_directory = generate_metadata_legacy(
2022-12-27T11:18:49.7054060Z   File "/private/var/folders/51/hd414ycd67n82196sw51xqtc0000gn/T/cibw-run-agzjgwnx/cp38-macosx_arm64/build/venv/lib/python3.8/site-packages/pip/_internal/operations/build/metadata_legacy.py", line 71, in generate_metadata
2022-12-27T11:18:49.7054710Z     raise MetadataGenerationFailed(package_details=details) from error
2022-12-27T11:18:49.7055160Z pip._internal.exceptions.MetadataGenerationFailed: metadata generation failed
2022-12-27T11:18:49.7056010Z Removed file:///Users/runner/actions-runner/_work/python.build/python.build/build_lxml10beta38/lxml-1.0.beta from build tracker '/private/var/folders/51/hd414ycd67n82196sw51xqtc0000gn/T/pip-build-tracker-evka9rhr'
2022-12-27T11:18:49.7056770Z Removed build tracker: '/private/var/folders/51/hd414ycd67n82196sw51xqtc0000gn/T/pip-build-tracker-evka9rhr'
2022-12-27T11:18:49.7641210Z ##[endgroup]
2022-12-27T11:18:49.7644100Z                                                               [31m✕ [0m0.91s
2022-12-27T11:18:49.8415150Z ##[error]Command ['python', '-m', 'pip', 'wheel', '/Users/runner/actions-runner/_work/python.build/python.build/build_lxml10beta38/lxml-1.0.beta', '--wheel-dir=/private/var/folders/51/hd414ycd67n82196sw51xqtc0000gn/T/cibw-run-agzjgwnx/cp38-macosx_arm64/built_wheel', '--no-deps', '-vvv'] failed with code 1. None
2022-12-27T11:18:49.8425360Z 
2022-12-27T11:18:49.8634590Z ##[error]Process completed with exit code 1.
2022-12-27T11:18:49.8688480Z ##[group]Run rm -rf build_lxml10beta38 wheelsout
2022-12-27T11:18:49.8688940Z [36;1mrm -rf build_lxml10beta38 wheelsout[0m
2022-12-27T11:18:49.8716660Z shell: /bin/bash -e {0}
2022-12-27T11:18:49.8716950Z env:
2022-12-27T11:18:49.8717300Z   pythonLocation: /Users/runner/hostedtoolcache/Python/3.8.15/x64
2022-12-27T11:18:49.8717700Z   PKG_CONFIG_PATH: /Users/runner/hostedtoolcache/Python/3.8.15/x64/lib/pkgconfig
2022-12-27T11:18:49.8718130Z   Python_ROOT_DIR: /Users/runner/hostedtoolcache/Python/3.8.15/x64
2022-12-27T11:18:49.8718550Z   Python2_ROOT_DIR: /Users/runner/hostedtoolcache/Python/3.8.15/x64
2022-12-27T11:18:49.8719300Z   Python3_ROOT_DIR: /Users/runner/hostedtoolcache/Python/3.8.15/x64
2022-12-27T11:18:49.8719530Z ##[endgroup]
2022-12-27T11:18:49.9204260Z Cleaning up orphan processes
