2022-12-27T07:25:27.8878107Z Requested labels: self-hosted, macOS, X64
2022-12-27T07:25:27.8878184Z Job defined at: kilnbuild/python.build/.github/workflows/mac_arm_build.yml@refs/heads/main
2022-12-27T07:25:27.8878212Z Waiting for a runner to pick up this job...
2022-12-27T09:21:07.9082539Z Job is about to start running on the runner: s1 (organization)
2022-12-27T09:21:10.8322490Z Current runner version: '2.300.2'
2022-12-27T09:21:10.8327960Z Runner name: 's1'
2022-12-27T09:21:10.8328210Z Runner group name: 'Default'
2022-12-27T09:21:10.8328650Z Machine name: 's1'
2022-12-27T09:21:10.8330250Z ##[group]GITHUB_TOKEN Permissions
2022-12-27T09:21:10.8330680Z Actions: write
2022-12-27T09:21:10.8330820Z Checks: write
2022-12-27T09:21:10.8331020Z Contents: write
2022-12-27T09:21:10.8331160Z Deployments: write
2022-12-27T09:21:10.8331310Z Discussions: write
2022-12-27T09:21:10.8331450Z Issues: write
2022-12-27T09:21:10.8331580Z Metadata: read
2022-12-27T09:21:10.8331720Z Packages: write
2022-12-27T09:21:10.8331870Z Pages: write
2022-12-27T09:21:10.8332000Z PullRequests: write
2022-12-27T09:21:10.8332170Z RepositoryProjects: write
2022-12-27T09:21:10.8332340Z SecurityEvents: write
2022-12-27T09:21:10.8332480Z Statuses: write
2022-12-27T09:21:10.8332620Z ##[endgroup]
2022-12-27T09:21:10.8335400Z Secret source: Actions
2022-12-27T09:21:10.8335750Z Prepare workflow directory
2022-12-27T09:21:10.9019600Z Prepare all required actions
2022-12-27T09:21:10.9140170Z Getting action download info
2022-12-27T09:21:11.4247500Z Download action repository 'actions/setup-python@v4' (SHA:5ccb29d8773c3f3f653e1705f474dfaa8a06a912)
2022-12-27T09:21:13.2364490Z Download action repository 'actions/upload-artifact@v3' (SHA:83fd05a356d7e2593de66fc9913b3002723633cb)
2022-12-27T09:21:14.5579430Z ##[group]Run echo '{
2022-12-27T09:21:14.5579810Z [36;1mecho '{[0m
2022-12-27T09:21:14.5580080Z [36;1m  "environment_variables": "GRPC_PYTHON_BUILD_WITH_CYTHON=1 GRPC_BUILD_WITH_BORING_SSL_ASM='' GRPC_PYTHON_BUILD_SYSTEM_OPENSSL=TRUE",[0m
2022-12-27T09:21:14.5580310Z [36;1m  "package_name": "grpcio-tools",[0m
2022-12-27T09:21:14.5580580Z [36;1m  "package_url": "https://files.pythonhosted.org/packages/56/b9/8711cf775b10a4edfba65e57f37ba027a6d545489020d04974da10846aa4/grpcio-tools-1.12.0.tar.gz",[0m
2022-12-27T09:21:14.5580800Z [36;1m  "package_version": "1.12.0",[0m
2022-12-27T09:21:14.5580950Z [36;1m  "python_version": "3.7",[0m
2022-12-27T09:21:14.5581080Z [36;1m  "use_ccache": "true"[0m
2022-12-27T09:21:14.5581190Z [36;1m}'[0m
2022-12-27T09:21:14.5596910Z shell: /bin/bash -e {0}
2022-12-27T09:21:14.5597060Z ##[endgroup]
2022-12-27T09:21:14.5815030Z {
2022-12-27T09:21:14.5816610Z   "environment_variables": "GRPC_PYTHON_BUILD_WITH_CYTHON=1 GRPC_BUILD_WITH_BORING_SSL_ASM= GRPC_PYTHON_BUILD_SYSTEM_OPENSSL=TRUE",
2022-12-27T09:21:14.5817190Z   "package_name": "grpcio-tools",
2022-12-27T09:21:14.5817600Z   "package_url": "https://files.pythonhosted.org/packages/56/b9/8711cf775b10a4edfba65e57f37ba027a6d545489020d04974da10846aa4/grpcio-tools-1.12.0.tar.gz",
2022-12-27T09:21:14.5817890Z   "package_version": "1.12.0",
2022-12-27T09:21:14.5818130Z   "python_version": "3.7",
2022-12-27T09:21:14.5818280Z   "use_ccache": "true"
2022-12-27T09:21:14.5818440Z }
2022-12-27T09:21:14.6038280Z ##[group]Run actions/setup-python@v4
2022-12-27T09:21:14.6038550Z with:
2022-12-27T09:21:14.6038800Z   python-version: 3.7
2022-12-27T09:21:14.6039000Z   check-latest: false
2022-12-27T09:21:14.6039290Z   token: ***
2022-12-27T09:21:14.6039480Z   update-environment: true
2022-12-27T09:21:14.6039630Z ##[endgroup]
2022-12-27T09:21:14.7293680Z ##[group]Installed versions
2022-12-27T09:21:14.7338190Z Successfully set up CPython (3.7.15)
2022-12-27T09:21:14.7338750Z ##[endgroup]
2022-12-27T09:21:14.7484990Z ##[group]Run if [ "true" == "true" ]
2022-12-27T09:21:14.7485210Z [36;1mif [ "true" == "true" ][0m
2022-12-27T09:21:14.7485400Z [36;1mthen[0m
2022-12-27T09:21:14.7485620Z [36;1m  echo "CCACHE_PATH_PREPEND=/usr/local/opt/ccache/libexec" >> $GITHUB_OUTPUT[0m
2022-12-27T09:21:14.7485880Z [36;1melse[0m
2022-12-27T09:21:14.7486050Z [36;1m  echo "CCACHE_PATH_PREPEND=" >> $GITHUB_OUTPUT[0m
2022-12-27T09:21:14.7486240Z [36;1mfi[0m
2022-12-27T09:21:14.7503310Z shell: /bin/bash -e {0}
2022-12-27T09:21:14.7503490Z env:
2022-12-27T09:21:14.7503720Z   pythonLocation: /Users/runner/hostedtoolcache/Python/3.7.15/x64
2022-12-27T09:21:14.7503960Z   PKG_CONFIG_PATH: /Users/runner/hostedtoolcache/Python/3.7.15/x64/lib/pkgconfig
2022-12-27T09:21:14.7504580Z   Python_ROOT_DIR: /Users/runner/hostedtoolcache/Python/3.7.15/x64
2022-12-27T09:21:14.7504830Z   Python2_ROOT_DIR: /Users/runner/hostedtoolcache/Python/3.7.15/x64
2022-12-27T09:21:14.7505330Z   Python3_ROOT_DIR: /Users/runner/hostedtoolcache/Python/3.7.15/x64
2022-12-27T09:21:14.7505550Z ##[endgroup]
2022-12-27T09:21:14.7612410Z ##[group]Run echo "BUILD_NAME=$(echo grpcio-tools_1.12.0_3.7 | tr -dc '[:alnum:]\n\r' | tr '[:upper:]' '[:lower:]')" >> $GITHUB_OUTPUT
2022-12-27T09:21:14.7612870Z [36;1mecho "BUILD_NAME=$(echo grpcio-tools_1.12.0_3.7 | tr -dc '[:alnum:]\n\r' | tr '[:upper:]' '[:lower:]')" >> $GITHUB_OUTPUT[0m
2022-12-27T09:21:14.7627480Z shell: /bin/bash -e {0}
2022-12-27T09:21:14.7627680Z env:
2022-12-27T09:21:14.7627870Z   pythonLocation: /Users/runner/hostedtoolcache/Python/3.7.15/x64
2022-12-27T09:21:14.7628130Z   PKG_CONFIG_PATH: /Users/runner/hostedtoolcache/Python/3.7.15/x64/lib/pkgconfig
2022-12-27T09:21:14.7628510Z   Python_ROOT_DIR: /Users/runner/hostedtoolcache/Python/3.7.15/x64
2022-12-27T09:21:14.7628770Z   Python2_ROOT_DIR: /Users/runner/hostedtoolcache/Python/3.7.15/x64
2022-12-27T09:21:14.7628970Z   Python3_ROOT_DIR: /Users/runner/hostedtoolcache/Python/3.7.15/x64
2022-12-27T09:21:14.7629170Z ##[endgroup]
2022-12-27T09:21:14.7773770Z ##[group]Run echo "PYTHON_NO_DOTS=$(echo 3.7 | tr -dc '[:alnum:]\n\r' | tr '[:upper:]' '[:lower:]')" >> $GITHUB_OUTPUT
2022-12-27T09:21:14.7774100Z [36;1mecho "PYTHON_NO_DOTS=$(echo 3.7 | tr -dc '[:alnum:]\n\r' | tr '[:upper:]' '[:lower:]')" >> $GITHUB_OUTPUT[0m
2022-12-27T09:21:14.7788370Z shell: /bin/bash -e {0}
2022-12-27T09:21:14.7788540Z env:
2022-12-27T09:21:14.7788760Z   pythonLocation: /Users/runner/hostedtoolcache/Python/3.7.15/x64
2022-12-27T09:21:14.7789470Z   PKG_CONFIG_PATH: /Users/runner/hostedtoolcache/Python/3.7.15/x64/lib/pkgconfig
2022-12-27T09:21:14.7789690Z   Python_ROOT_DIR: /Users/runner/hostedtoolcache/Python/3.7.15/x64
2022-12-27T09:21:14.7789970Z   Python2_ROOT_DIR: /Users/runner/hostedtoolcache/Python/3.7.15/x64
2022-12-27T09:21:14.7790270Z   Python3_ROOT_DIR: /Users/runner/hostedtoolcache/Python/3.7.15/x64
2022-12-27T09:21:14.7790430Z ##[endgroup]
2022-12-27T09:21:14.7902470Z ##[group]Run rm -rf build_grpciotools112037
2022-12-27T09:21:14.7902870Z [36;1mrm -rf build_grpciotools112037[0m
2022-12-27T09:21:14.7903080Z [36;1mmkdir build_grpciotools112037[0m
2022-12-27T09:21:14.7903310Z [36;1mcd build_grpciotools112037[0m
2022-12-27T09:21:14.7903580Z [36;1m/usr/local/bin/wget --quiet https://files.pythonhosted.org/packages/56/b9/8711cf775b10a4edfba65e57f37ba027a6d545489020d04974da10846aa4/grpcio-tools-1.12.0.tar.gz[0m
2022-12-27T09:21:14.7903860Z [36;1mtar xf *.tar.gz[0m
2022-12-27T09:21:14.7904030Z [36;1mcd *[0m
2022-12-27T09:21:14.7904190Z [36;1mpython -m pip install cibuildwheel==2.11.3[0m
2022-12-27T09:21:14.7904430Z [36;1mpython -m cibuildwheel --output-dir ../wheelsout[0m
2022-12-27T09:21:14.7918760Z shell: /bin/bash -e {0}
2022-12-27T09:21:14.7918990Z env:
2022-12-27T09:21:14.7919210Z   pythonLocation: /Users/runner/hostedtoolcache/Python/3.7.15/x64
2022-12-27T09:21:14.7919510Z   PKG_CONFIG_PATH: /Users/runner/hostedtoolcache/Python/3.7.15/x64/lib/pkgconfig
2022-12-27T09:21:14.7919760Z   Python_ROOT_DIR: /Users/runner/hostedtoolcache/Python/3.7.15/x64
2022-12-27T09:21:14.7919990Z   Python2_ROOT_DIR: /Users/runner/hostedtoolcache/Python/3.7.15/x64
2022-12-27T09:21:14.7920260Z   Python3_ROOT_DIR: /Users/runner/hostedtoolcache/Python/3.7.15/x64
2022-12-27T09:21:14.7920430Z   CIBW_ARCHS_MACOS: arm64
2022-12-27T09:21:14.7920600Z   CIBW_TEST_SKIP: *_arm64
2022-12-27T09:21:14.7920780Z   CIBW_BUILD: cp37-macosx_arm64
2022-12-27T09:21:14.7920930Z   CIBW_BUILD_FRONTEND: pip
2022-12-27T09:21:14.7921140Z   CIBW_BUILD_VERBOSITY: 3
2022-12-27T09:21:14.7921500Z   CIBW_ENVIRONMENT_MACOS: GRPC_PYTHON_BUILD_WITH_CYTHON=1 GRPC_BUILD_WITH_BORING_SSL_ASM='' GRPC_PYTHON_BUILD_SYSTEM_OPENSSL=TRUE CFLAGS="-I/usr/local/opt/openssl@3/include" LDFLAGS="-L/usr/local/opt/openssl@3/lib" CPPFLAGS="-I/usr/local/opt/openssl@3/include" MAKEFLAGS="-j$(sysctl -n hw.logicalcpu)" PATH=/usr/local/opt/ccache/libexec:$PATH
2022-12-27T09:21:14.7922130Z   CIBW_BEFORE_BUILD: pip install Cython; if [[ -f requirements.txt ]]; then pip install -r requirements.txt; fi
2022-12-27T09:21:14.7922340Z   MAKEFLAGS: -j$(sysctl -n hw.logicalcpu)
2022-12-27T09:21:14.7922510Z ##[endgroup]
2022-12-27T09:21:15.3006890Z Requirement already satisfied: cibuildwheel==2.11.3 in /Users/runner/hostedtoolcache/Python/3.7.15/x64/lib/python3.7/site-packages (2.11.3)
2022-12-27T09:21:15.3318100Z Requirement already satisfied: typing-extensions>=4.1.0 in /Users/runner/hostedtoolcache/Python/3.7.15/x64/lib/python3.7/site-packages (from cibuildwheel==2.11.3) (4.4.0)
2022-12-27T09:21:15.3321550Z Requirement already satisfied: platformdirs in /Users/runner/hostedtoolcache/Python/3.7.15/x64/lib/python3.7/site-packages (from cibuildwheel==2.11.3) (2.6.0)
2022-12-27T09:21:15.3329580Z Requirement already satisfied: tomli in /Users/runner/hostedtoolcache/Python/3.7.15/x64/lib/python3.7/site-packages (from cibuildwheel==2.11.3) (2.0.1)
2022-12-27T09:21:15.3333580Z Requirement already satisfied: filelock in /Users/runner/hostedtoolcache/Python/3.7.15/x64/lib/python3.7/site-packages (from cibuildwheel==2.11.3) (3.8.2)
2022-12-27T09:21:15.3337150Z Requirement already satisfied: bracex in /Users/runner/hostedtoolcache/Python/3.7.15/x64/lib/python3.7/site-packages (from cibuildwheel==2.11.3) (2.3.post1)
2022-12-27T09:21:15.3340670Z Requirement already satisfied: certifi in /Users/runner/hostedtoolcache/Python/3.7.15/x64/lib/python3.7/site-packages (from cibuildwheel==2.11.3) (2022.12.7)
2022-12-27T09:21:15.3346210Z Requirement already satisfied: bashlex!=0.13 in /Users/runner/hostedtoolcache/Python/3.7.15/x64/lib/python3.7/site-packages (from cibuildwheel==2.11.3) (0.16)
2022-12-27T09:21:15.3351610Z Requirement already satisfied: packaging>=20.9 in /Users/runner/hostedtoolcache/Python/3.7.15/x64/lib/python3.7/site-packages (from cibuildwheel==2.11.3) (22.0)
2022-12-27T09:21:15.5080720Z 
2022-12-27T09:21:15.5081210Z      _ _       _ _   _       _           _
2022-12-27T09:21:15.5081730Z  ___|_| |_ _ _|_| |_| |_ _ _| |_ ___ ___| |
2022-12-27T09:21:15.5083420Z |  _| | . | | | | | . | | | |   | -_| -_| |
2022-12-27T09:21:15.5083870Z |___|_|___|___|_|_|___|_____|_|_|___|___|_|
2022-12-27T09:21:15.5084020Z 
2022-12-27T09:21:15.5084190Z cibuildwheel version 2.11.3
2022-12-27T09:21:15.5084410Z 
2022-12-27T09:21:15.5084580Z Build options:
2022-12-27T09:21:15.5085100Z   platform: macos
2022-12-27T09:21:15.5261760Z   architectures: arm64[0m
2022-12-27T09:21:15.5262060Z   build_selector: 
2022-12-27T09:21:15.5262420Z     build_config: cp37-macosx_arm64
2022-12-27T09:21:15.5262950Z     skip_config: 
2022-12-27T09:21:15.5263190Z     requires_python: None
2022-12-27T09:21:15.5263500Z     prerelease_pythons: False[0m
2022-12-27T09:21:15.5263820Z   [38;5;244mcontainer_engine: docker[0m
2022-12-27T09:21:15.5264200Z   output_dir: /Users/runner/actions-runner/_work/python.build/python.build/build_grpciotools112037/wheelsout[0m
2022-12-27T09:21:15.5264850Z   package_dir: /Users/runner/actions-runner/_work/python.build/python.build/build_grpciotools112037/grpcio-tools-1.12.0[0m
2022-12-27T09:21:15.5265400Z   test_selector: 
2022-12-27T09:21:15.5265670Z     skip_config: *_arm64[0m
2022-12-27T09:21:15.5266240Z cibuildwheel: No build identifiers selected: BuildSelector(build_config='cp37-macosx_arm64', skip_config='', requires_python=None, prerelease_pythons=False)
2022-12-27T09:21:15.5266640Z   [38;5;244mbefore_all: [0m
2022-12-27T09:21:15.5267210Z   before_build: pip install Cython; if [[ -f requirements.txt ]]; then pip install -r requirements.txt; fi[0m
2022-12-27T09:21:15.5267510Z   [38;5;244mbefore_test: [0m
2022-12-27T09:21:15.5267810Z   [38;5;244mbuild_frontend: pip[0m
2022-12-27T09:21:15.5268030Z   build_verbosity: 3[0m
2022-12-27T09:21:15.5268360Z   [38;5;244mconfig_settings: [0m
2022-12-27T09:21:15.5268600Z   [38;5;244mdependency_constraints: pinned[0m
2022-12-27T09:21:15.5269090Z   environment: 
2022-12-27T09:21:15.5269430Z     GRPC_PYTHON_BUILD_WITH_CYTHON=1
2022-12-27T09:21:15.5269650Z     GRPC_BUILD_WITH_BORING_SSL_ASM=''
2022-12-27T09:21:15.5269970Z     GRPC_PYTHON_BUILD_SYSTEM_OPENSSL=TRUE
2022-12-27T09:21:15.5270260Z     CFLAGS="-I/usr/local/opt/openssl@3/include"
2022-12-27T09:21:15.5270650Z     LDFLAGS="-L/usr/local/opt/openssl@3/lib"
2022-12-27T09:21:15.5270920Z     CPPFLAGS="-I/usr/local/opt/openssl@3/include"
2022-12-27T09:21:15.5271180Z     MAKEFLAGS="-j$(sysctl -n hw.logicalcpu)"
2022-12-27T09:21:15.5271420Z     PATH=/usr/local/opt/ccache/libexec:$PATH[0m
2022-12-27T09:21:15.5271670Z   [38;5;244mmanylinux_images: None[0m
2022-12-27T09:21:15.5272070Z   [38;5;244mmusllinux_images: None[0m
2022-12-27T09:21:15.5272390Z   [38;5;244mrepair_command: delocate-wheel --require-archs {delocate_archs} -w {dest_dir} -v {wheel}[0m
2022-12-27T09:21:15.5272630Z   [38;5;244mtest_command: [0m
2022-12-27T09:21:15.5272850Z   [38;5;244mtest_extras: [0m
2022-12-27T09:21:15.5273250Z   [38;5;244mtest_requires: [0m
2022-12-27T09:21:15.5273370Z 
2022-12-27T09:21:15.5273450Z Cache folder: /Users/runner/Library/Caches/cibuildwheel
2022-12-27T09:21:15.5273580Z 
2022-12-27T09:21:15.5273660Z Here we go!
2022-12-27T09:21:15.5273760Z 
2022-12-27T09:21:15.5392470Z ##[error]Process completed with exit code 3.
2022-12-27T09:21:15.5433870Z ##[group]Run rm -rf build_grpciotools112037 wheelsout
2022-12-27T09:21:15.5434160Z [36;1mrm -rf build_grpciotools112037 wheelsout[0m
2022-12-27T09:21:15.5449770Z shell: /bin/bash -e {0}
2022-12-27T09:21:15.5450090Z env:
2022-12-27T09:21:15.5450360Z   pythonLocation: /Users/runner/hostedtoolcache/Python/3.7.15/x64
2022-12-27T09:21:15.5450640Z   PKG_CONFIG_PATH: /Users/runner/hostedtoolcache/Python/3.7.15/x64/lib/pkgconfig
2022-12-27T09:21:15.5450970Z   Python_ROOT_DIR: /Users/runner/hostedtoolcache/Python/3.7.15/x64
2022-12-27T09:21:15.5451190Z   Python2_ROOT_DIR: /Users/runner/hostedtoolcache/Python/3.7.15/x64
2022-12-27T09:21:15.5451430Z   Python3_ROOT_DIR: /Users/runner/hostedtoolcache/Python/3.7.15/x64
2022-12-27T09:21:15.5451620Z ##[endgroup]
2022-12-27T09:21:15.6048820Z Cleaning up orphan processes
