2022-12-27T07:26:29.9862408Z Requested labels: self-hosted, macOS, X64
2022-12-27T07:26:29.9862528Z Job defined at: kilnbuild/python.build/.github/workflows/mac_arm_build.yml@refs/heads/main
2022-12-27T07:26:29.9862570Z Waiting for a runner to pick up this job...
2022-12-27T09:53:59.8568723Z Job is about to start running on the runner: k1 (organization)
2022-12-27T09:54:03.7079500Z Current runner version: '2.300.2'
2022-12-27T09:54:03.7084710Z Runner name: 'k1'
2022-12-27T09:54:03.7084960Z Runner group name: 'Default'
2022-12-27T09:54:03.7085410Z Machine name: 'k1'
2022-12-27T09:54:03.7087220Z ##[group]GITHUB_TOKEN Permissions
2022-12-27T09:54:03.7087700Z Actions: write
2022-12-27T09:54:03.7087850Z Checks: write
2022-12-27T09:54:03.7087980Z Contents: write
2022-12-27T09:54:03.7088120Z Deployments: write
2022-12-27T09:54:03.7088260Z Discussions: write
2022-12-27T09:54:03.7088390Z Issues: write
2022-12-27T09:54:03.7088520Z Metadata: read
2022-12-27T09:54:03.7088640Z Packages: write
2022-12-27T09:54:03.7088780Z Pages: write
2022-12-27T09:54:03.7088910Z PullRequests: write
2022-12-27T09:54:03.7089070Z RepositoryProjects: write
2022-12-27T09:54:03.7089230Z SecurityEvents: write
2022-12-27T09:54:03.7089370Z Statuses: write
2022-12-27T09:54:03.7089490Z ##[endgroup]
2022-12-27T09:54:03.7091900Z Secret source: Actions
2022-12-27T09:54:03.7092210Z Prepare workflow directory
2022-12-27T09:54:03.7772740Z Prepare all required actions
2022-12-27T09:54:03.7893830Z Getting action download info
2022-12-27T09:54:04.3432660Z Download action repository 'actions/setup-python@v4' (SHA:5ccb29d8773c3f3f653e1705f474dfaa8a06a912)
2022-12-27T09:54:06.2209530Z Download action repository 'actions/upload-artifact@v3' (SHA:83fd05a356d7e2593de66fc9913b3002723633cb)
2022-12-27T09:54:07.5492390Z ##[group]Run echo '{
2022-12-27T09:54:07.5492750Z [36;1mecho '{[0m
2022-12-27T09:54:07.5492990Z [36;1m  "environment_variables": "GRPC_PYTHON_BUILD_WITH_CYTHON=1 GRPC_BUILD_WITH_BORING_SSL_ASM='' GRPC_PYTHON_BUILD_SYSTEM_OPENSSL=TRUE",[0m
2022-12-27T09:54:07.5493230Z [36;1m  "package_name": "grpcio-tools",[0m
2022-12-27T09:54:07.5493530Z [36;1m  "package_url": "https://files.pythonhosted.org/packages/95/54/6adaf86e8f1acbe195eb7c8753f49492ee8302239767b3339dda80b64cb9/grpcio-tools-1.20.1.tar.gz",[0m
2022-12-27T09:54:07.5493770Z [36;1m  "package_version": "1.20.1",[0m
2022-12-27T09:54:07.5493900Z [36;1m  "python_version": "3.7",[0m
2022-12-27T09:54:07.5494080Z [36;1m  "use_ccache": "true"[0m
2022-12-27T09:54:07.5494210Z [36;1m}'[0m
2022-12-27T09:54:07.5509830Z shell: /bin/bash -e {0}
2022-12-27T09:54:07.5510040Z ##[endgroup]
2022-12-27T09:54:07.5725470Z {
2022-12-27T09:54:07.5726930Z   "environment_variables": "GRPC_PYTHON_BUILD_WITH_CYTHON=1 GRPC_BUILD_WITH_BORING_SSL_ASM= GRPC_PYTHON_BUILD_SYSTEM_OPENSSL=TRUE",
2022-12-27T09:54:07.5727470Z   "package_name": "grpcio-tools",
2022-12-27T09:54:07.5727950Z   "package_url": "https://files.pythonhosted.org/packages/95/54/6adaf86e8f1acbe195eb7c8753f49492ee8302239767b3339dda80b64cb9/grpcio-tools-1.20.1.tar.gz",
2022-12-27T09:54:07.5728340Z   "package_version": "1.20.1",
2022-12-27T09:54:07.5728490Z   "python_version": "3.7",
2022-12-27T09:54:07.5728670Z   "use_ccache": "true"
2022-12-27T09:54:07.5728830Z }
2022-12-27T09:54:07.5936800Z ##[group]Run actions/setup-python@v4
2022-12-27T09:54:07.5937110Z with:
2022-12-27T09:54:07.5937300Z   python-version: 3.7
2022-12-27T09:54:07.5937500Z   check-latest: false
2022-12-27T09:54:07.5937790Z   token: ***
2022-12-27T09:54:07.5938010Z   update-environment: true
2022-12-27T09:54:07.5938200Z ##[endgroup]
2022-12-27T09:54:07.7158010Z ##[group]Installed versions
2022-12-27T09:54:07.7269360Z Successfully set up CPython (3.7.15)
2022-12-27T09:54:07.7270130Z ##[endgroup]
2022-12-27T09:54:07.7412310Z ##[group]Run if [ "true" == "true" ]
2022-12-27T09:54:07.7412660Z [36;1mif [ "true" == "true" ][0m
2022-12-27T09:54:07.7412860Z [36;1mthen[0m
2022-12-27T09:54:07.7413100Z [36;1m  echo "CCACHE_PATH_PREPEND=/usr/local/opt/ccache/libexec" >> $GITHUB_OUTPUT[0m
2022-12-27T09:54:07.7413500Z [36;1melse[0m
2022-12-27T09:54:07.7413730Z [36;1m  echo "CCACHE_PATH_PREPEND=" >> $GITHUB_OUTPUT[0m
2022-12-27T09:54:07.7413930Z [36;1mfi[0m
2022-12-27T09:54:07.7430910Z shell: /bin/bash -e {0}
2022-12-27T09:54:07.7431130Z env:
2022-12-27T09:54:07.7431500Z   pythonLocation: /Users/runner/hostedtoolcache/Python/3.7.15/x64
2022-12-27T09:54:07.7431780Z   PKG_CONFIG_PATH: /Users/runner/hostedtoolcache/Python/3.7.15/x64/lib/pkgconfig
2022-12-27T09:54:07.7432390Z   Python_ROOT_DIR: /Users/runner/hostedtoolcache/Python/3.7.15/x64
2022-12-27T09:54:07.7432650Z   Python2_ROOT_DIR: /Users/runner/hostedtoolcache/Python/3.7.15/x64
2022-12-27T09:54:07.7433040Z   Python3_ROOT_DIR: /Users/runner/hostedtoolcache/Python/3.7.15/x64
2022-12-27T09:54:07.7433220Z ##[endgroup]
2022-12-27T09:54:07.7539320Z ##[group]Run echo "BUILD_NAME=$(echo grpcio-tools_1.20.1_3.7 | tr -dc '[:alnum:]\n\r' | tr '[:upper:]' '[:lower:]')" >> $GITHUB_OUTPUT
2022-12-27T09:54:07.7539820Z [36;1mecho "BUILD_NAME=$(echo grpcio-tools_1.20.1_3.7 | tr -dc '[:alnum:]\n\r' | tr '[:upper:]' '[:lower:]')" >> $GITHUB_OUTPUT[0m
2022-12-27T09:54:07.7553850Z shell: /bin/bash -e {0}
2022-12-27T09:54:07.7554080Z env:
2022-12-27T09:54:07.7554300Z   pythonLocation: /Users/runner/hostedtoolcache/Python/3.7.15/x64
2022-12-27T09:54:07.7554570Z   PKG_CONFIG_PATH: /Users/runner/hostedtoolcache/Python/3.7.15/x64/lib/pkgconfig
2022-12-27T09:54:07.7554830Z   Python_ROOT_DIR: /Users/runner/hostedtoolcache/Python/3.7.15/x64
2022-12-27T09:54:07.7555080Z   Python2_ROOT_DIR: /Users/runner/hostedtoolcache/Python/3.7.15/x64
2022-12-27T09:54:07.7555370Z   Python3_ROOT_DIR: /Users/runner/hostedtoolcache/Python/3.7.15/x64
2022-12-27T09:54:07.7594830Z ##[endgroup]
2022-12-27T09:54:07.7702510Z ##[group]Run echo "PYTHON_NO_DOTS=$(echo 3.7 | tr -dc '[:alnum:]\n\r' | tr '[:upper:]' '[:lower:]')" >> $GITHUB_OUTPUT
2022-12-27T09:54:07.7702930Z [36;1mecho "PYTHON_NO_DOTS=$(echo 3.7 | tr -dc '[:alnum:]\n\r' | tr '[:upper:]' '[:lower:]')" >> $GITHUB_OUTPUT[0m
2022-12-27T09:54:07.7716920Z shell: /bin/bash -e {0}
2022-12-27T09:54:07.7717070Z env:
2022-12-27T09:54:07.7717280Z   pythonLocation: /Users/runner/hostedtoolcache/Python/3.7.15/x64
2022-12-27T09:54:07.7717590Z   PKG_CONFIG_PATH: /Users/runner/hostedtoolcache/Python/3.7.15/x64/lib/pkgconfig
2022-12-27T09:54:07.7717810Z   Python_ROOT_DIR: /Users/runner/hostedtoolcache/Python/3.7.15/x64
2022-12-27T09:54:07.7718080Z   Python2_ROOT_DIR: /Users/runner/hostedtoolcache/Python/3.7.15/x64
2022-12-27T09:54:07.7718320Z   Python3_ROOT_DIR: /Users/runner/hostedtoolcache/Python/3.7.15/x64
2022-12-27T09:54:07.7718520Z ##[endgroup]
2022-12-27T09:54:07.7828830Z ##[group]Run rm -rf build_grpciotools120137
2022-12-27T09:54:07.7829180Z [36;1mrm -rf build_grpciotools120137[0m
2022-12-27T09:54:07.7829390Z [36;1mmkdir build_grpciotools120137[0m
2022-12-27T09:54:07.7829550Z [36;1mcd build_grpciotools120137[0m
2022-12-27T09:54:07.7829960Z [36;1m/usr/local/bin/wget --quiet https://files.pythonhosted.org/packages/95/54/6adaf86e8f1acbe195eb7c8753f49492ee8302239767b3339dda80b64cb9/grpcio-tools-1.20.1.tar.gz[0m
2022-12-27T09:54:07.7830250Z [36;1mtar xf *.tar.gz[0m
2022-12-27T09:54:07.7830410Z [36;1mcd *[0m
2022-12-27T09:54:07.7830570Z [36;1mpython -m pip install cibuildwheel==2.11.3[0m
2022-12-27T09:54:07.7830790Z [36;1mpython -m cibuildwheel --output-dir ../wheelsout[0m
2022-12-27T09:54:07.7844840Z shell: /bin/bash -e {0}
2022-12-27T09:54:07.7845070Z env:
2022-12-27T09:54:07.7845250Z   pythonLocation: /Users/runner/hostedtoolcache/Python/3.7.15/x64
2022-12-27T09:54:07.7845610Z   PKG_CONFIG_PATH: /Users/runner/hostedtoolcache/Python/3.7.15/x64/lib/pkgconfig
2022-12-27T09:54:07.7845870Z   Python_ROOT_DIR: /Users/runner/hostedtoolcache/Python/3.7.15/x64
2022-12-27T09:54:07.7846080Z   Python2_ROOT_DIR: /Users/runner/hostedtoolcache/Python/3.7.15/x64
2022-12-27T09:54:07.7846320Z   Python3_ROOT_DIR: /Users/runner/hostedtoolcache/Python/3.7.15/x64
2022-12-27T09:54:07.7846550Z   CIBW_ARCHS_MACOS: arm64
2022-12-27T09:54:07.7846700Z   CIBW_TEST_SKIP: *_arm64
2022-12-27T09:54:07.7846870Z   CIBW_BUILD: cp37-macosx_arm64
2022-12-27T09:54:07.7847050Z   CIBW_BUILD_FRONTEND: pip
2022-12-27T09:54:07.7847190Z   CIBW_BUILD_VERBOSITY: 3
2022-12-27T09:54:07.7847660Z   CIBW_ENVIRONMENT_MACOS: GRPC_PYTHON_BUILD_WITH_CYTHON=1 GRPC_BUILD_WITH_BORING_SSL_ASM='' GRPC_PYTHON_BUILD_SYSTEM_OPENSSL=TRUE CFLAGS="-I/usr/local/opt/openssl@3/include" LDFLAGS="-L/usr/local/opt/openssl@3/lib" CPPFLAGS="-I/usr/local/opt/openssl@3/include" MAKEFLAGS="-j$(sysctl -n hw.logicalcpu)" PATH=/usr/local/opt/ccache/libexec:$PATH
2022-12-27T09:54:07.7848280Z   CIBW_BEFORE_BUILD: pip install Cython; if [[ -f requirements.txt ]]; then pip install -r requirements.txt; fi
2022-12-27T09:54:07.7848530Z   MAKEFLAGS: -j$(sysctl -n hw.logicalcpu)
2022-12-27T09:54:07.7848710Z ##[endgroup]
2022-12-27T09:54:08.4790030Z Requirement already satisfied: cibuildwheel==2.11.3 in /Users/runner/hostedtoolcache/Python/3.7.15/x64/lib/python3.7/site-packages (2.11.3)
2022-12-27T09:54:08.5082640Z Requirement already satisfied: packaging>=20.9 in /Users/runner/hostedtoolcache/Python/3.7.15/x64/lib/python3.7/site-packages (from cibuildwheel==2.11.3) (22.0)
2022-12-27T09:54:08.5085950Z Requirement already satisfied: certifi in /Users/runner/hostedtoolcache/Python/3.7.15/x64/lib/python3.7/site-packages (from cibuildwheel==2.11.3) (2022.12.7)
2022-12-27T09:54:08.5092280Z Requirement already satisfied: tomli in /Users/runner/hostedtoolcache/Python/3.7.15/x64/lib/python3.7/site-packages (from cibuildwheel==2.11.3) (2.0.1)
2022-12-27T09:54:08.5095700Z Requirement already satisfied: filelock in /Users/runner/hostedtoolcache/Python/3.7.15/x64/lib/python3.7/site-packages (from cibuildwheel==2.11.3) (3.8.2)
2022-12-27T09:54:08.5099280Z Requirement already satisfied: bracex in /Users/runner/hostedtoolcache/Python/3.7.15/x64/lib/python3.7/site-packages (from cibuildwheel==2.11.3) (2.3.post1)
2022-12-27T09:54:08.5105430Z Requirement already satisfied: bashlex!=0.13 in /Users/runner/hostedtoolcache/Python/3.7.15/x64/lib/python3.7/site-packages (from cibuildwheel==2.11.3) (0.16)
2022-12-27T09:54:08.5109260Z Requirement already satisfied: platformdirs in /Users/runner/hostedtoolcache/Python/3.7.15/x64/lib/python3.7/site-packages (from cibuildwheel==2.11.3) (2.6.0)
2022-12-27T09:54:08.5118260Z Requirement already satisfied: typing-extensions>=4.1.0 in /Users/runner/hostedtoolcache/Python/3.7.15/x64/lib/python3.7/site-packages (from cibuildwheel==2.11.3) (4.4.0)
2022-12-27T09:54:08.6854860Z 
2022-12-27T09:54:08.6855150Z      _ _       _ _   _       _           _
2022-12-27T09:54:08.6855740Z  ___|_| |_ _ _|_| |_| |_ _ _| |_ ___ ___| |
2022-12-27T09:54:08.6858070Z |  _| | . | | | | | . | | | |   | -_| -_| |
2022-12-27T09:54:08.6858430Z |___|_|___|___|_|_|___|_____|_|_|___|___|_|
2022-12-27T09:54:08.6858600Z 
2022-12-27T09:54:08.6858770Z cibuildwheel version 2.11.3
2022-12-27T09:54:08.6858960Z 
2022-12-27T09:54:08.6859080Z Build options:
2022-12-27T09:54:08.6859490Z   platform: macos
2022-12-27T09:54:08.7031750Z   architectures: arm64[0m
2022-12-27T09:54:08.7032020Z   build_selector: 
2022-12-27T09:54:08.7032740Z     build_config: cp37-macosx_arm64
2022-12-27T09:54:08.7033320Z     skip_config: 
2022-12-27T09:54:08.7033530Z     requires_python: None
2022-12-27T09:54:08.7033860Z     prerelease_pythons: False[0m
2022-12-27T09:54:08.7034210Z   [38;5;244mcontainer_engine: docker[0m
2022-12-27T09:54:08.7034680Z   output_dir: /Users/runner/actions-runner/_work/python.build/python.build/build_grpciotools120137/wheelsout[0m
2022-12-27T09:54:08.7035550Z cibuildwheel: No build identifiers selected: BuildSelector(build_config='cp37-macosx_arm64', skip_config='', requires_python=None, prerelease_pythons=False)
2022-12-27T09:54:08.7036190Z   package_dir: /Users/runner/actions-runner/_work/python.build/python.build/build_grpciotools120137/grpcio-tools-1.20.1[0m
2022-12-27T09:54:08.7036570Z   test_selector: 
2022-12-27T09:54:08.7036870Z     skip_config: *_arm64[0m
2022-12-27T09:54:08.7037130Z   [38;5;244mbefore_all: [0m
2022-12-27T09:54:08.7037630Z   before_build: pip install Cython; if [[ -f requirements.txt ]]; then pip install -r requirements.txt; fi[0m
2022-12-27T09:54:08.7038010Z   [38;5;244mbefore_test: [0m
2022-12-27T09:54:08.7038280Z   [38;5;244mbuild_frontend: pip[0m
2022-12-27T09:54:08.7038590Z   build_verbosity: 3[0m
2022-12-27T09:54:08.7038920Z   [38;5;244mconfig_settings: [0m
2022-12-27T09:54:08.7039230Z   [38;5;244mdependency_constraints: pinned[0m
2022-12-27T09:54:08.7039870Z   environment: 
2022-12-27T09:54:08.7040130Z     GRPC_PYTHON_BUILD_WITH_CYTHON=1
2022-12-27T09:54:08.7040440Z     GRPC_BUILD_WITH_BORING_SSL_ASM=''
2022-12-27T09:54:08.7040870Z     GRPC_PYTHON_BUILD_SYSTEM_OPENSSL=TRUE
2022-12-27T09:54:08.7041230Z     CFLAGS="-I/usr/local/opt/openssl@3/include"
2022-12-27T09:54:08.7041570Z     LDFLAGS="-L/usr/local/opt/openssl@3/lib"
2022-12-27T09:54:08.7041880Z     CPPFLAGS="-I/usr/local/opt/openssl@3/include"
2022-12-27T09:54:08.7042230Z     MAKEFLAGS="-j$(sysctl -n hw.logicalcpu)"
2022-12-27T09:54:08.7042630Z     PATH=/usr/local/opt/ccache/libexec:$PATH[0m
2022-12-27T09:54:08.7042920Z   [38;5;244mmanylinux_images: None[0m
2022-12-27T09:54:08.7043230Z   [38;5;244mmusllinux_images: None[0m
2022-12-27T09:54:08.7043660Z   [38;5;244mrepair_command: delocate-wheel --require-archs {delocate_archs} -w {dest_dir} -v {wheel}[0m
2022-12-27T09:54:08.7043990Z   [38;5;244mtest_command: [0m
2022-12-27T09:54:08.7044320Z   [38;5;244mtest_extras: [0m
2022-12-27T09:54:08.7044600Z   [38;5;244mtest_requires: [0m
2022-12-27T09:54:08.7044740Z 
2022-12-27T09:54:08.7044860Z Cache folder: /Users/runner/Library/Caches/cibuildwheel
2022-12-27T09:54:08.7045030Z 
2022-12-27T09:54:08.7045120Z Here we go!
2022-12-27T09:54:08.7045240Z 
2022-12-27T09:54:08.7172770Z ##[error]Process completed with exit code 3.
2022-12-27T09:54:08.7210890Z ##[group]Run rm -rf build_grpciotools120137 wheelsout
2022-12-27T09:54:08.7211170Z [36;1mrm -rf build_grpciotools120137 wheelsout[0m
2022-12-27T09:54:08.7226020Z shell: /bin/bash -e {0}
2022-12-27T09:54:08.7226190Z env:
2022-12-27T09:54:08.7226450Z   pythonLocation: /Users/runner/hostedtoolcache/Python/3.7.15/x64
2022-12-27T09:54:08.7226680Z   PKG_CONFIG_PATH: /Users/runner/hostedtoolcache/Python/3.7.15/x64/lib/pkgconfig
2022-12-27T09:54:08.7226930Z   Python_ROOT_DIR: /Users/runner/hostedtoolcache/Python/3.7.15/x64
2022-12-27T09:54:08.7227160Z   Python2_ROOT_DIR: /Users/runner/hostedtoolcache/Python/3.7.15/x64
2022-12-27T09:54:08.7227450Z   Python3_ROOT_DIR: /Users/runner/hostedtoolcache/Python/3.7.15/x64
2022-12-27T09:54:08.7227670Z ##[endgroup]
2022-12-27T09:54:08.7854150Z Cleaning up orphan processes
