2022-12-27T08:59:38.5977795Z Requested labels: self-hosted, macOS, X64
2022-12-27T08:59:38.5977880Z Job defined at: kilnbuild/python.build/.github/workflows/mac_arm_build.yml@refs/heads/main
2022-12-27T08:59:38.5977919Z Waiting for a runner to pick up this job...
2022-12-27T12:00:29.5319738Z Job is about to start running on the runner: k1 (organization)
2022-12-27T12:00:33.6046750Z Current runner version: '2.300.2'
2022-12-27T12:00:33.6052020Z Runner name: 'k1'
2022-12-27T12:00:33.6052270Z Runner group name: 'Default'
2022-12-27T12:00:33.6052770Z Machine name: 'k1'
2022-12-27T12:00:33.6054340Z ##[group]GITHUB_TOKEN Permissions
2022-12-27T12:00:33.6054920Z Actions: write
2022-12-27T12:00:33.6055060Z Checks: write
2022-12-27T12:00:33.6055190Z Contents: write
2022-12-27T12:00:33.6055320Z Deployments: write
2022-12-27T12:00:33.6055460Z Discussions: write
2022-12-27T12:00:33.6055590Z Issues: write
2022-12-27T12:00:33.6055710Z Metadata: read
2022-12-27T12:00:33.6055840Z Packages: write
2022-12-27T12:00:33.6055980Z Pages: write
2022-12-27T12:00:33.6056100Z PullRequests: write
2022-12-27T12:00:33.6056270Z RepositoryProjects: write
2022-12-27T12:00:33.6056420Z SecurityEvents: write
2022-12-27T12:00:33.6056560Z Statuses: write
2022-12-27T12:00:33.6056680Z ##[endgroup]
2022-12-27T12:00:33.6059350Z Secret source: Actions
2022-12-27T12:00:33.6059690Z Prepare workflow directory
2022-12-27T12:00:33.6719950Z Prepare all required actions
2022-12-27T12:00:33.6836000Z Getting action download info
2022-12-27T12:00:34.1829270Z Download action repository 'actions/setup-python@v4' (SHA:5ccb29d8773c3f3f653e1705f474dfaa8a06a912)
2022-12-27T12:00:36.0571790Z Download action repository 'actions/upload-artifact@v3' (SHA:83fd05a356d7e2593de66fc9913b3002723633cb)
2022-12-27T12:00:37.3693630Z ##[group]Run echo '{
2022-12-27T12:00:37.3693950Z [36;1mecho '{[0m
2022-12-27T12:00:37.3694130Z [36;1m  "package_name": "lxml",[0m
2022-12-27T12:00:37.3694420Z [36;1m  "package_url": "https://files.pythonhosted.org/packages/06/5a/e11cad7b79f2cf3dd2ff8f81fa8ca667e7591d3d8451768589996b65dec1/lxml-4.9.2.tar.gz",[0m
2022-12-27T12:00:37.3694690Z [36;1m  "package_version": "4.9.2",[0m
2022-12-27T12:00:37.3694850Z [36;1m  "python_version": "3.9",[0m
2022-12-27T12:00:37.3695020Z [36;1m  "use_ccache": "true"[0m
2022-12-27T12:00:37.3695150Z [36;1m}'[0m
2022-12-27T12:00:37.3710710Z shell: /bin/bash -e {0}
2022-12-27T12:00:37.3710860Z ##[endgroup]
2022-12-27T12:00:37.3931840Z {
2022-12-27T12:00:37.3933170Z   "package_name": "lxml",
2022-12-27T12:00:37.3933840Z   "package_url": "https://files.pythonhosted.org/packages/06/5a/e11cad7b79f2cf3dd2ff8f81fa8ca667e7591d3d8451768589996b65dec1/lxml-4.9.2.tar.gz",
2022-12-27T12:00:37.3934210Z   "package_version": "4.9.2",
2022-12-27T12:00:37.3934490Z   "python_version": "3.9",
2022-12-27T12:00:37.3934680Z   "use_ccache": "true"
2022-12-27T12:00:37.3934840Z }
2022-12-27T12:00:37.4162480Z ##[group]Run actions/setup-python@v4
2022-12-27T12:00:37.4162740Z with:
2022-12-27T12:00:37.4162990Z   python-version: 3.9
2022-12-27T12:00:37.4163180Z   check-latest: false
2022-12-27T12:00:37.4163460Z   token: ***
2022-12-27T12:00:37.4163640Z   update-environment: true
2022-12-27T12:00:37.4163830Z ##[endgroup]
2022-12-27T12:00:37.5476410Z ##[group]Installed versions
2022-12-27T12:00:37.5580790Z Successfully set up CPython (3.9.16)
2022-12-27T12:00:37.5581550Z ##[endgroup]
2022-12-27T12:00:37.5736740Z ##[group]Run if [ "true" == "true" ]
2022-12-27T12:00:37.5737060Z [36;1mif [ "true" == "true" ][0m
2022-12-27T12:00:37.5737250Z [36;1mthen[0m
2022-12-27T12:00:37.5737480Z [36;1m  echo "CCACHE_PATH_PREPEND=/usr/local/opt/ccache/libexec" >> $GITHUB_OUTPUT[0m
2022-12-27T12:00:37.5737820Z [36;1melse[0m
2022-12-27T12:00:37.5738030Z [36;1m  echo "CCACHE_PATH_PREPEND=" >> $GITHUB_OUTPUT[0m
2022-12-27T12:00:37.5738250Z [36;1mfi[0m
2022-12-27T12:00:37.5755650Z shell: /bin/bash -e {0}
2022-12-27T12:00:37.5755830Z env:
2022-12-27T12:00:37.5756180Z   pythonLocation: /Users/runner/hostedtoolcache/Python/3.9.16/x64
2022-12-27T12:00:37.5756470Z   PKG_CONFIG_PATH: /Users/runner/hostedtoolcache/Python/3.9.16/x64/lib/pkgconfig
2022-12-27T12:00:37.5756710Z   Python_ROOT_DIR: /Users/runner/hostedtoolcache/Python/3.9.16/x64
2022-12-27T12:00:37.5757000Z   Python2_ROOT_DIR: /Users/runner/hostedtoolcache/Python/3.9.16/x64
2022-12-27T12:00:37.5757370Z   Python3_ROOT_DIR: /Users/runner/hostedtoolcache/Python/3.9.16/x64
2022-12-27T12:00:37.5757870Z ##[endgroup]
2022-12-27T12:00:37.5919110Z ##[group]Run echo "BUILD_NAME=$(echo lxml_4.9.2_3.9 | tr -dc '[:alnum:]\n\r' | tr '[:upper:]' '[:lower:]')" >> $GITHUB_OUTPUT
2022-12-27T12:00:37.5919400Z [36;1mecho "BUILD_NAME=$(echo lxml_4.9.2_3.9 | tr -dc '[:alnum:]\n\r' | tr '[:upper:]' '[:lower:]')" >> $GITHUB_OUTPUT[0m
2022-12-27T12:00:37.5933790Z shell: /bin/bash -e {0}
2022-12-27T12:00:37.5933950Z env:
2022-12-27T12:00:37.5934100Z   pythonLocation: /Users/runner/hostedtoolcache/Python/3.9.16/x64
2022-12-27T12:00:37.5934290Z   PKG_CONFIG_PATH: /Users/runner/hostedtoolcache/Python/3.9.16/x64/lib/pkgconfig
2022-12-27T12:00:37.5934480Z   Python_ROOT_DIR: /Users/runner/hostedtoolcache/Python/3.9.16/x64
2022-12-27T12:00:37.5934670Z   Python2_ROOT_DIR: /Users/runner/hostedtoolcache/Python/3.9.16/x64
2022-12-27T12:00:37.5934850Z   Python3_ROOT_DIR: /Users/runner/hostedtoolcache/Python/3.9.16/x64
2022-12-27T12:00:37.5935010Z ##[endgroup]
2022-12-27T12:00:37.6054810Z ##[group]Run echo "PYTHON_NO_DOTS=$(echo 3.9 | tr -dc '[:alnum:]\n\r' | tr '[:upper:]' '[:lower:]')" >> $GITHUB_OUTPUT
2022-12-27T12:00:37.6055220Z [36;1mecho "PYTHON_NO_DOTS=$(echo 3.9 | tr -dc '[:alnum:]\n\r' | tr '[:upper:]' '[:lower:]')" >> $GITHUB_OUTPUT[0m
2022-12-27T12:00:37.6068850Z shell: /bin/bash -e {0}
2022-12-27T12:00:37.6069040Z env:
2022-12-27T12:00:37.6069250Z   pythonLocation: /Users/runner/hostedtoolcache/Python/3.9.16/x64
2022-12-27T12:00:37.6069920Z   PKG_CONFIG_PATH: /Users/runner/hostedtoolcache/Python/3.9.16/x64/lib/pkgconfig
2022-12-27T12:00:37.6070150Z   Python_ROOT_DIR: /Users/runner/hostedtoolcache/Python/3.9.16/x64
2022-12-27T12:00:37.6070400Z   Python2_ROOT_DIR: /Users/runner/hostedtoolcache/Python/3.9.16/x64
2022-12-27T12:00:37.6070630Z   Python3_ROOT_DIR: /Users/runner/hostedtoolcache/Python/3.9.16/x64
2022-12-27T12:00:37.6070790Z ##[endgroup]
2022-12-27T12:00:37.6194060Z ##[group]Run rm -rf build_lxml49239
2022-12-27T12:00:37.6194440Z [36;1mrm -rf build_lxml49239[0m
2022-12-27T12:00:37.6194590Z [36;1mmkdir build_lxml49239[0m
2022-12-27T12:00:37.6194800Z [36;1mcd build_lxml49239[0m
2022-12-27T12:00:37.6195090Z [36;1m/usr/local/bin/wget --quiet https://files.pythonhosted.org/packages/06/5a/e11cad7b79f2cf3dd2ff8f81fa8ca667e7591d3d8451768589996b65dec1/lxml-4.9.2.tar.gz[0m
2022-12-27T12:00:37.6195390Z [36;1mtar xf *.tar.gz[0m
2022-12-27T12:00:37.6195530Z [36;1mcd *[0m
2022-12-27T12:00:37.6195710Z [36;1mpython -m pip install cibuildwheel==2.11.3[0m
2022-12-27T12:00:37.6195930Z [36;1mpython -m cibuildwheel --output-dir ../wheelsout[0m
2022-12-27T12:00:37.6209680Z shell: /bin/bash -e {0}
2022-12-27T12:00:37.6209880Z env:
2022-12-27T12:00:37.6210090Z   pythonLocation: /Users/runner/hostedtoolcache/Python/3.9.16/x64
2022-12-27T12:00:37.6210320Z   PKG_CONFIG_PATH: /Users/runner/hostedtoolcache/Python/3.9.16/x64/lib/pkgconfig
2022-12-27T12:00:37.6210660Z   Python_ROOT_DIR: /Users/runner/hostedtoolcache/Python/3.9.16/x64
2022-12-27T12:00:37.6210880Z   Python2_ROOT_DIR: /Users/runner/hostedtoolcache/Python/3.9.16/x64
2022-12-27T12:00:37.6211100Z   Python3_ROOT_DIR: /Users/runner/hostedtoolcache/Python/3.9.16/x64
2022-12-27T12:00:37.6211310Z   CIBW_ARCHS_MACOS: arm64
2022-12-27T12:00:37.6211460Z   CIBW_TEST_SKIP: *_arm64
2022-12-27T12:00:37.6211670Z   CIBW_BUILD: cp39-macosx_arm64
2022-12-27T12:00:37.6211850Z   CIBW_BUILD_FRONTEND: pip
2022-12-27T12:00:37.6212000Z   CIBW_BUILD_VERBOSITY: 3
2022-12-27T12:00:37.6212310Z   CIBW_ENVIRONMENT_MACOS:  CFLAGS="-I/usr/local/opt/openssl@3/include" LDFLAGS="-L/usr/local/opt/openssl@3/lib" CPPFLAGS="-I/usr/local/opt/openssl@3/include" MAKEFLAGS="-j$(sysctl -n hw.logicalcpu)" PATH=/usr/local/opt/ccache/libexec:$PATH
2022-12-27T12:00:37.6212710Z   CIBW_BEFORE_BUILD: pip install Cython; if [[ -f requirements.txt ]]; then pip install -r requirements.txt; fi
2022-12-27T12:00:37.6212950Z   MAKEFLAGS: -j$(sysctl -n hw.logicalcpu)
2022-12-27T12:00:37.6213110Z ##[endgroup]
2022-12-27T12:00:38.1006490Z Requirement already satisfied: cibuildwheel==2.11.3 in /Users/runner/hostedtoolcache/Python/3.9.16/x64/lib/python3.9/site-packages (2.11.3)
2022-12-27T12:00:38.1255260Z Requirement already satisfied: bracex in /Users/runner/hostedtoolcache/Python/3.9.16/x64/lib/python3.9/site-packages (from cibuildwheel==2.11.3) (2.3.post1)
2022-12-27T12:00:38.1258610Z Requirement already satisfied: certifi in /Users/runner/hostedtoolcache/Python/3.9.16/x64/lib/python3.9/site-packages (from cibuildwheel==2.11.3) (2022.12.7)
2022-12-27T12:00:38.1263510Z Requirement already satisfied: bashlex!=0.13 in /Users/runner/hostedtoolcache/Python/3.9.16/x64/lib/python3.9/site-packages (from cibuildwheel==2.11.3) (0.16)
2022-12-27T12:00:38.1269100Z Requirement already satisfied: tomli in /Users/runner/hostedtoolcache/Python/3.9.16/x64/lib/python3.9/site-packages (from cibuildwheel==2.11.3) (2.0.1)
2022-12-27T12:00:38.1275390Z Requirement already satisfied: packaging>=20.9 in /Users/runner/hostedtoolcache/Python/3.9.16/x64/lib/python3.9/site-packages (from cibuildwheel==2.11.3) (22.0)
2022-12-27T12:00:38.1278210Z Requirement already satisfied: platformdirs in /Users/runner/hostedtoolcache/Python/3.9.16/x64/lib/python3.9/site-packages (from cibuildwheel==2.11.3) (2.6.0)
2022-12-27T12:00:38.1286480Z Requirement already satisfied: typing-extensions>=4.1.0 in /Users/runner/hostedtoolcache/Python/3.9.16/x64/lib/python3.9/site-packages (from cibuildwheel==2.11.3) (4.4.0)
2022-12-27T12:00:38.1289680Z Requirement already satisfied: filelock in /Users/runner/hostedtoolcache/Python/3.9.16/x64/lib/python3.9/site-packages (from cibuildwheel==2.11.3) (3.8.2)
2022-12-27T12:00:38.3088520Z 
2022-12-27T12:00:38.3088780Z      _ _       _ _   _       _           _
2022-12-27T12:00:38.3089450Z  ___|_| |_ _ _|_| |_| |_ _ _| |_ ___ ___| |
2022-12-27T12:00:38.3090230Z |  _| | . | | | | | . | | | |   | -_| -_| |
2022-12-27T12:00:38.3090530Z |___|_|___|___|_|_|___|_____|_|_|___|___|_|
2022-12-27T12:00:38.3091300Z 
2022-12-27T12:00:38.3091460Z cibuildwheel version 2.11.3
2022-12-27T12:00:38.3091660Z 
2022-12-27T12:00:38.3091850Z Build options:
2022-12-27T12:00:38.3092090Z   platform: macos
2022-12-27T12:00:38.3217270Z   architectures: arm64[0m
2022-12-27T12:00:38.3217760Z   build_selector: 
2022-12-27T12:00:38.3218430Z     build_config: cp39-macosx_arm64
2022-12-27T12:00:38.3219580Z     skip_config: 
2022-12-27T12:00:38.3220160Z     requires_python: None
2022-12-27T12:00:38.3220710Z     prerelease_pythons: False[0m
2022-12-27T12:00:38.3221100Z   [38;5;244mcontainer_engine: docker[0m
2022-12-27T12:00:38.3221700Z   output_dir: /Users/runner/actions-runner/_work/python.build/python.build/build_lxml49239/wheelsout[0m
2022-12-27T12:00:38.3222310Z   package_dir: /Users/runner/actions-runner/_work/python.build/python.build/build_lxml49239/lxml-4.9.2[0m
2022-12-27T12:00:38.3222640Z   test_selector: 
2022-12-27T12:00:38.3222990Z     skip_config: *_arm64[0m
2022-12-27T12:00:38.3223340Z   [38;5;244mbefore_all: [0m
2022-12-27T12:00:38.3223870Z   before_build: pip install Cython; if [[ -f requirements.txt ]]; then pip install -r requirements.txt; fi[0m
2022-12-27T12:00:38.3224540Z   [38;5;244mbefore_test: [0m
2022-12-27T12:00:38.3224870Z   [38;5;244mbuild_frontend: pip[0m
2022-12-27T12:00:38.3225170Z   build_verbosity: 3[0m
2022-12-27T12:00:38.3225430Z   [38;5;244mconfig_settings: [0m
2022-12-27T12:00:38.3225810Z   [38;5;244mdependency_constraints: pinned[0m
2022-12-27T12:00:38.3226090Z   environment: 
2022-12-27T12:00:38.3226390Z     CFLAGS="-I/usr/local/opt/openssl@3/include"
2022-12-27T12:00:38.3226730Z     LDFLAGS="-L/usr/local/opt/openssl@3/lib"
2022-12-27T12:00:38.3227120Z     CPPFLAGS="-I/usr/local/opt/openssl@3/include"
2022-12-27T12:00:38.3227440Z     MAKEFLAGS="-j$(sysctl -n hw.logicalcpu)"
2022-12-27T12:00:38.3227780Z     PATH=/usr/local/opt/ccache/libexec:$PATH[0m
2022-12-27T12:00:38.3228100Z   [38;5;244mmanylinux_images: None[0m
2022-12-27T12:00:38.3228370Z   [38;5;244mmusllinux_images: None[0m
2022-12-27T12:00:38.3228850Z   [38;5;244mrepair_command: delocate-wheel --require-archs {delocate_archs} -w {dest_dir} -v {wheel}[0m
2022-12-27T12:00:38.3229500Z   [38;5;244mtest_command: [0m
2022-12-27T12:00:38.3229800Z   [38;5;244mtest_extras: [0m
2022-12-27T12:00:38.3230060Z   [38;5;244mtest_requires: [0m
2022-12-27T12:00:38.3230210Z 
2022-12-27T12:00:38.3230350Z Cache folder: /Users/runner/Library/Caches/cibuildwheel
2022-12-27T12:00:38.3235860Z 
2022-12-27T12:00:38.3236180Z Here we go!
2022-12-27T12:00:38.3236360Z 
2022-12-27T12:00:38.3358750Z 
2022-12-27T12:00:38.3359890Z [1m[34mBuilding cp39-macosx_arm64 wheel[0m
2022-12-27T12:00:38.3360280Z CPython 3.9 macOS arm64 - Apple Silicon
2022-12-27T12:00:38.3360500Z 
2022-12-27T12:00:38.3362320Z ##[group]Installing Python cp39...
2022-12-27T12:00:38.3362670Z 
2022-12-27T12:00:38.3362910Z + pkgutil --pkgs
2022-12-27T12:00:38.3474490Z ##[endgroup]
2022-12-27T12:00:38.3475400Z                                                               [32mâœ“ [0m0.01s
2022-12-27T12:00:38.3475920Z ##[group]Setting up build environment...
2022-12-27T12:00:38.3476100Z 
2022-12-27T12:00:38.3495460Z + /Users/runner/hostedtoolcache/Python/3.9.16/x64/bin/python -sS /Users/runner/Library/Caches/cibuildwheel/virtualenv-20.17.0.pyz --activators= --no-periodic-update --pip=22.3.1 --setuptools=65.6.3 --wheel=0.38.4 --symlink-app-data --python /Library/Frameworks/Python.framework/Versions/3.9/bin/python3 /private/var/folders/51/hd414ycd67n82196sw51xqtc0000gn/T/cibw-run-g7g3lpj4/cp39-macosx_arm64/build/venv
2022-12-27T12:00:38.5398900Z created virtual environment CPython3.9.13.final.0-64 in 53ms
2022-12-27T12:00:38.5399730Z   creator CPython3Posix(dest=/private/var/folders/51/hd414ycd67n82196sw51xqtc0000gn/T/cibw-run-g7g3lpj4/cp39-macosx_arm64/build/venv, clear=False, no_vcs_ignore=False, global=False)
2022-12-27T12:00:38.5400670Z   seeder FromAppData(download=False, pip=22.3.1, setuptools=65.6.3, wheel=0.38.4, via=symlink, app_data_dir=/Users/runner/Library/Application Support/virtualenv)
2022-12-27T12:00:38.5401250Z     added seed packages: pip==22.3.1, setuptools==65.6.3, wheel==0.38.4
2022-12-27T12:00:38.5510710Z + python -m pip install --upgrade pip -c /Users/runner/hostedtoolcache/Python/3.9.16/x64/lib/python3.9/site-packages/cibuildwheel/resources/constraints-python39.txt
2022-12-27T12:00:38.8693320Z Requirement already satisfied: pip in ./lib/python3.9/site-packages (22.3.1)
2022-12-27T12:00:39.0223430Z + which pip
2022-12-27T12:00:39.0246200Z /private/var/folders/51/hd414ycd67n82196sw51xqtc0000gn/T/cibw-run-g7g3lpj4/cp39-macosx_arm64/build/venv/bin/pip
2022-12-27T12:00:39.0250160Z + pip --version
2022-12-27T12:00:39.2468620Z pip 22.3.1 from /private/var/folders/51/hd414ycd67n82196sw51xqtc0000gn/T/cibw-run-g7g3lpj4/cp39-macosx_arm64/build/venv/lib/python3.9/site-packages/pip (python 3.9)
2022-12-27T12:00:39.2712250Z + which pip
2022-12-27T12:00:39.2741840Z + which python
2022-12-27T12:00:39.2763210Z /private/var/folders/51/hd414ycd67n82196sw51xqtc0000gn/T/cibw-run-g7g3lpj4/cp39-macosx_arm64/build/venv/bin/python
2022-12-27T12:00:39.2766770Z + python --version
2022-12-27T12:00:39.2824410Z Python 3.9.13
2022-12-27T12:00:39.2828630Z + which python
2022-12-27T12:00:39.2883320Z ##[endgroup]
2022-12-27T12:00:39.2883820Z                                                               [32mâœ“ [0m0.94s
2022-12-27T12:00:39.2884480Z ##[group]Installing build tools...
2022-12-27T12:00:39.2884780Z 
2022-12-27T12:00:39.2885370Z + pip install --upgrade setuptools wheel delocate -c /Users/runner/hostedtoolcache/Python/3.9.16/x64/lib/python3.9/site-packages/cibuildwheel/resources/constraints-python39.txt
2022-12-27T12:00:39.6115430Z Requirement already satisfied: setuptools in /private/var/folders/51/hd414ycd67n82196sw51xqtc0000gn/T/cibw-run-g7g3lpj4/cp39-macosx_arm64/build/venv/lib/python3.9/site-packages (65.6.3)
2022-12-27T12:00:39.8384720Z Requirement already satisfied: wheel in /private/var/folders/51/hd414ycd67n82196sw51xqtc0000gn/T/cibw-run-g7g3lpj4/cp39-macosx_arm64/build/venv/lib/python3.9/site-packages (0.38.4)
2022-12-27T12:00:39.8962220Z Collecting delocate
2022-12-27T12:00:39.8989830Z   Using cached delocate-0.10.3-py3-none-any.whl (142 kB)
2022-12-27T12:00:39.9318930Z Collecting packaging>=20.9
2022-12-27T12:00:39.9343670Z   Using cached packaging-21.3-py3-none-any.whl (40 kB)
2022-12-27T12:00:39.9530570Z Collecting typing-extensions
2022-12-27T12:00:39.9557220Z   Using cached typing_extensions-4.4.0-py3-none-any.whl (26 kB)
2022-12-27T12:00:40.0011550Z Collecting pyparsing!=3.0.5,>=2.0.2
2022-12-27T12:00:40.0036330Z   Using cached pyparsing-3.0.9-py3-none-any.whl (98 kB)
2022-12-27T12:00:40.0421070Z Installing collected packages: typing-extensions, pyparsing, packaging, delocate
2022-12-27T12:00:40.2016170Z Successfully installed delocate-0.10.3 packaging-21.3 pyparsing-3.0.9 typing-extensions-4.4.0
2022-12-27T12:00:40.2548020Z ##[endgroup]
2022-12-27T12:00:40.2548890Z                                                               [32mâœ“ [0m0.97s
2022-12-27T12:00:40.2549790Z ##[group]Running before_build...
2022-12-27T12:00:40.2550050Z 
2022-12-27T12:00:40.2557450Z + pip install Cython; if [[ -f requirements.txt ]]; then pip install -r requirements.txt; fi
2022-12-27T12:00:40.9957700Z Collecting Cython
2022-12-27T12:00:41.0002740Z   Using cached Cython-0.29.32-py2.py3-none-any.whl (986 kB)
2022-12-27T12:00:41.0488660Z Installing collected packages: Cython
2022-12-27T12:00:41.5185650Z Successfully installed Cython-0.29.32
2022-12-27T12:00:41.8547610Z Requirement already satisfied: Cython>=0.29.7 in /private/var/folders/51/hd414ycd67n82196sw51xqtc0000gn/T/cibw-run-g7g3lpj4/cp39-macosx_arm64/build/venv/lib/python3.9/site-packages (from -r requirements.txt (line 1)) (0.29.32)
2022-12-27T12:00:41.9220490Z ##[endgroup]
2022-12-27T12:00:41.9221270Z                                                               [32mâœ“ [0m1.67s
2022-12-27T12:00:41.9221760Z ##[group]Building wheel...
2022-12-27T12:00:41.9221890Z 
2022-12-27T12:00:41.9228800Z + python -m pip wheel /Users/runner/actions-runner/_work/python.build/python.build/build_lxml49239/lxml-4.9.2 --wheel-dir=/private/var/folders/51/hd414ycd67n82196sw51xqtc0000gn/T/cibw-run-g7g3lpj4/cp39-macosx_arm64/built_wheel --no-deps -vvv
2022-12-27T12:00:42.2008380Z Created temporary directory: /private/var/folders/51/hd414ycd67n82196sw51xqtc0000gn/T/pip-ephem-wheel-cache-8yrnc3q7
2022-12-27T12:00:42.2014920Z Created temporary directory: /private/var/folders/51/hd414ycd67n82196sw51xqtc0000gn/T/pip-build-tracker-hr9nr5dg
2022-12-27T12:00:42.2016660Z Initialized build tracking at /private/var/folders/51/hd414ycd67n82196sw51xqtc0000gn/T/pip-build-tracker-hr9nr5dg
2022-12-27T12:00:42.2018150Z Created build tracker: /private/var/folders/51/hd414ycd67n82196sw51xqtc0000gn/T/pip-build-tracker-hr9nr5dg
2022-12-27T12:00:42.2019530Z Entered build tracker: /private/var/folders/51/hd414ycd67n82196sw51xqtc0000gn/T/pip-build-tracker-hr9nr5dg
2022-12-27T12:00:42.2023070Z Created temporary directory: /private/var/folders/51/hd414ycd67n82196sw51xqtc0000gn/T/pip-wheel-wgyxr0x3
2022-12-27T12:00:42.2029320Z Created temporary directory: /private/var/folders/51/hd414ycd67n82196sw51xqtc0000gn/T/pip-ephem-wheel-cache-jfd1ysds
2022-12-27T12:00:42.2202500Z Processing /Users/runner/actions-runner/_work/python.build/python.build/build_lxml49239/lxml-4.9.2
2022-12-27T12:00:42.2207840Z   Added file:///Users/runner/actions-runner/_work/python.build/python.build/build_lxml49239/lxml-4.9.2 to build tracker '/private/var/folders/51/hd414ycd67n82196sw51xqtc0000gn/T/pip-build-tracker-hr9nr5dg'
2022-12-27T12:00:42.2211340Z   Running setup.py (path:/Users/runner/actions-runner/_work/python.build/python.build/build_lxml49239/lxml-4.9.2/setup.py) egg_info for package from file:///Users/runner/actions-runner/_work/python.build/python.build/build_lxml49239/lxml-4.9.2
2022-12-27T12:00:42.2214530Z   Created temporary directory: /private/var/folders/51/hd414ycd67n82196sw51xqtc0000gn/T/pip-pip-egg-info-607h9v9u
2022-12-27T12:00:42.2216070Z   Preparing metadata (setup.py): started
2022-12-27T12:00:42.2217870Z   Running command python setup.py egg_info
2022-12-27T12:00:42.6580540Z   Building lxml version 4.9.2.
2022-12-27T12:00:42.6582140Z   Building without Cython.
2022-12-27T12:00:42.6584060Z   Building against libxml2 2.9.4 and libxslt 1.1.29
2022-12-27T12:00:42.6586510Z   Building against libxml2/libxslt in the following directory: /Library/Developer/CommandLineTools/SDKs/MacOSX12.1.sdk/usr/lib
2022-12-27T12:00:42.6588050Z   running egg_info
2022-12-27T12:00:42.6590650Z   creating /private/var/folders/51/hd414ycd67n82196sw51xqtc0000gn/T/pip-pip-egg-info-607h9v9u/lxml.egg-info
2022-12-27T12:00:42.6592400Z   writing /private/var/folders/51/hd414ycd67n82196sw51xqtc0000gn/T/pip-pip-egg-info-607h9v9u/lxml.egg-info/PKG-INFO
2022-12-27T12:00:42.6594950Z   writing dependency_links to /private/var/folders/51/hd414ycd67n82196sw51xqtc0000gn/T/pip-pip-egg-info-607h9v9u/lxml.egg-info/dependency_links.txt
2022-12-27T12:00:42.6597030Z   writing requirements to /private/var/folders/51/hd414ycd67n82196sw51xqtc0000gn/T/pip-pip-egg-info-607h9v9u/lxml.egg-info/requires.txt
2022-12-27T12:00:42.6599180Z   writing top-level names to /private/var/folders/51/hd414ycd67n82196sw51xqtc0000gn/T/pip-pip-egg-info-607h9v9u/lxml.egg-info/top_level.txt
2022-12-27T12:00:42.6601170Z   writing manifest file '/private/var/folders/51/hd414ycd67n82196sw51xqtc0000gn/T/pip-pip-egg-info-607h9v9u/lxml.egg-info/SOURCES.txt'
2022-12-27T12:00:42.6708400Z   reading manifest file '/private/var/folders/51/hd414ycd67n82196sw51xqtc0000gn/T/pip-pip-egg-info-607h9v9u/lxml.egg-info/SOURCES.txt'
2022-12-27T12:00:42.6711160Z   reading manifest template 'MANIFEST.in'
2022-12-27T12:00:42.7619290Z   adding license file 'LICENSE.txt'
2022-12-27T12:00:42.7621160Z   adding license file 'LICENSES.txt'
2022-12-27T12:00:42.7664950Z   writing manifest file '/private/var/folders/51/hd414ycd67n82196sw51xqtc0000gn/T/pip-pip-egg-info-607h9v9u/lxml.egg-info/SOURCES.txt'
2022-12-27T12:00:42.7946860Z   Preparing metadata (setup.py): finished with status 'done'
2022-12-27T12:00:42.7972190Z   Source in /Users/runner/actions-runner/_work/python.build/python.build/build_lxml49239/lxml-4.9.2 has version 4.9.2, which satisfies requirement lxml==4.9.2 from file:///Users/runner/actions-runner/_work/python.build/python.build/build_lxml49239/lxml-4.9.2
2022-12-27T12:00:42.7975260Z   Removed lxml==4.9.2 from file:///Users/runner/actions-runner/_work/python.build/python.build/build_lxml49239/lxml-4.9.2 from build tracker '/private/var/folders/51/hd414ycd67n82196sw51xqtc0000gn/T/pip-build-tracker-hr9nr5dg'
2022-12-27T12:00:42.8000200Z Created temporary directory: /private/var/folders/51/hd414ycd67n82196sw51xqtc0000gn/T/pip-unpack-tqmna26y
2022-12-27T12:00:42.8002230Z Building wheels for collected packages: lxml
2022-12-27T12:00:42.8009350Z   Created temporary directory: /private/var/folders/51/hd414ycd67n82196sw51xqtc0000gn/T/pip-wheel-6_6h8uvj
2022-12-27T12:00:42.8011080Z   Building wheel for lxml (setup.py): started
2022-12-27T12:00:42.8013040Z   Destination directory: /private/var/folders/51/hd414ycd67n82196sw51xqtc0000gn/T/pip-wheel-6_6h8uvj
2022-12-27T12:00:42.8014690Z   Running command python setup.py bdist_wheel
2022-12-27T12:00:43.0337110Z   Building lxml version 4.9.2.
2022-12-27T12:00:43.0337850Z   Building without Cython.
2022-12-27T12:00:43.0643870Z   Building against libxml2 2.9.4 and libxslt 1.1.29
2022-12-27T12:00:43.2087860Z   Building against libxml2/libxslt in the following directory: /Library/Developer/CommandLineTools/SDKs/MacOSX12.1.sdk/usr/lib
2022-12-27T12:00:43.2338660Z   running bdist_wheel
2022-12-27T12:00:43.2381920Z   running build
2022-12-27T12:00:43.2384020Z   running build_py
2022-12-27T12:00:43.2405830Z   creating build
2022-12-27T12:00:43.2408090Z   creating build/lib.macosx-11.0-arm64-cpython-39
2022-12-27T12:00:43.2410040Z   creating build/lib.macosx-11.0-arm64-cpython-39/lxml
2022-12-27T12:00:43.2411860Z   copying src/lxml/_elementpath.py -> build/lib.macosx-11.0-arm64-cpython-39/lxml
2022-12-27T12:00:43.2414230Z   copying src/lxml/sax.py -> build/lib.macosx-11.0-arm64-cpython-39/lxml
2022-12-27T12:00:43.2417960Z   copying src/lxml/pyclasslookup.py -> build/lib.macosx-11.0-arm64-cpython-39/lxml
2022-12-27T12:00:43.2420650Z   copying src/lxml/__init__.py -> build/lib.macosx-11.0-arm64-cpython-39/lxml
2022-12-27T12:00:43.2423120Z   copying src/lxml/builder.py -> build/lib.macosx-11.0-arm64-cpython-39/lxml
2022-12-27T12:00:43.2426280Z   copying src/lxml/doctestcompare.py -> build/lib.macosx-11.0-arm64-cpython-39/lxml
2022-12-27T12:00:43.2429690Z   copying src/lxml/usedoctest.py -> build/lib.macosx-11.0-arm64-cpython-39/lxml
2022-12-27T12:00:43.2432080Z   copying src/lxml/cssselect.py -> build/lib.macosx-11.0-arm64-cpython-39/lxml
2022-12-27T12:00:43.2435100Z   copying src/lxml/ElementInclude.py -> build/lib.macosx-11.0-arm64-cpython-39/lxml
2022-12-27T12:00:43.2439590Z   creating build/lib.macosx-11.0-arm64-cpython-39/lxml/includes
2022-12-27T12:00:43.2441390Z   copying src/lxml/includes/__init__.py -> build/lib.macosx-11.0-arm64-cpython-39/lxml/includes
2022-12-27T12:00:43.2448270Z   creating build/lib.macosx-11.0-arm64-cpython-39/lxml/html
2022-12-27T12:00:43.2449700Z   copying src/lxml/html/soupparser.py -> build/lib.macosx-11.0-arm64-cpython-39/lxml/html
2022-12-27T12:00:43.2453170Z   copying src/lxml/html/defs.py -> build/lib.macosx-11.0-arm64-cpython-39/lxml/html
2022-12-27T12:00:43.2456120Z   copying src/lxml/html/_setmixin.py -> build/lib.macosx-11.0-arm64-cpython-39/lxml/html
2022-12-27T12:00:43.2459350Z   copying src/lxml/html/clean.py -> build/lib.macosx-11.0-arm64-cpython-39/lxml/html
2022-12-27T12:00:43.2461930Z   copying src/lxml/html/_diffcommand.py -> build/lib.macosx-11.0-arm64-cpython-39/lxml/html
2022-12-27T12:00:43.2465550Z   copying src/lxml/html/html5parser.py -> build/lib.macosx-11.0-arm64-cpython-39/lxml/html
2022-12-27T12:00:43.2471150Z   copying src/lxml/html/__init__.py -> build/lib.macosx-11.0-arm64-cpython-39/lxml/html
2022-12-27T12:00:43.2473830Z   copying src/lxml/html/formfill.py -> build/lib.macosx-11.0-arm64-cpython-39/lxml/html
2022-12-27T12:00:43.2476060Z   copying src/lxml/html/builder.py -> build/lib.macosx-11.0-arm64-cpython-39/lxml/html
2022-12-27T12:00:43.2477150Z   copying src/lxml/html/ElementSoup.py -> build/lib.macosx-11.0-arm64-cpython-39/lxml/html
2022-12-27T12:00:43.2480470Z   copying src/lxml/html/_html5builder.py -> build/lib.macosx-11.0-arm64-cpython-39/lxml/html
2022-12-27T12:00:43.2482980Z   copying src/lxml/html/usedoctest.py -> build/lib.macosx-11.0-arm64-cpython-39/lxml/html
2022-12-27T12:00:43.2486100Z   copying src/lxml/html/diff.py -> build/lib.macosx-11.0-arm64-cpython-39/lxml/html
2022-12-27T12:00:43.2490820Z   creating build/lib.macosx-11.0-arm64-cpython-39/lxml/isoschematron
2022-12-27T12:00:43.2492510Z   copying src/lxml/isoschematron/__init__.py -> build/lib.macosx-11.0-arm64-cpython-39/lxml/isoschematron
2022-12-27T12:00:43.2537450Z   copying src/lxml/etree.h -> build/lib.macosx-11.0-arm64-cpython-39/lxml
2022-12-27T12:00:43.2541200Z   copying src/lxml/etree_api.h -> build/lib.macosx-11.0-arm64-cpython-39/lxml
2022-12-27T12:00:43.2544230Z   copying src/lxml/lxml.etree.h -> build/lib.macosx-11.0-arm64-cpython-39/lxml
2022-12-27T12:00:43.2547410Z   copying src/lxml/lxml.etree_api.h -> build/lib.macosx-11.0-arm64-cpython-39/lxml
2022-12-27T12:00:43.2550930Z   copying src/lxml/objectify.pyx -> build/lib.macosx-11.0-arm64-cpython-39/lxml
2022-12-27T12:00:43.2554660Z   copying src/lxml/etree.pyx -> build/lib.macosx-11.0-arm64-cpython-39/lxml
2022-12-27T12:00:43.2559010Z   copying src/lxml/public-api.pxi -> build/lib.macosx-11.0-arm64-cpython-39/lxml
2022-12-27T12:00:43.2562280Z   copying src/lxml/xmlid.pxi -> build/lib.macosx-11.0-arm64-cpython-39/lxml
2022-12-27T12:00:43.2565310Z   copying src/lxml/cleanup.pxi -> build/lib.macosx-11.0-arm64-cpython-39/lxml
2022-12-27T12:00:43.2568250Z   copying src/lxml/xslt.pxi -> build/lib.macosx-11.0-arm64-cpython-39/lxml
2022-12-27T12:00:43.2571500Z   copying src/lxml/xpath.pxi -> build/lib.macosx-11.0-arm64-cpython-39/lxml
2022-12-27T12:00:43.2575440Z   copying src/lxml/debug.pxi -> build/lib.macosx-11.0-arm64-cpython-39/lxml
2022-12-27T12:00:43.2578420Z   copying src/lxml/serializer.pxi -> build/lib.macosx-11.0-arm64-cpython-39/lxml
2022-12-27T12:00:43.2582190Z   copying src/lxml/classlookup.pxi -> build/lib.macosx-11.0-arm64-cpython-39/lxml
2022-12-27T12:00:43.2585950Z   copying src/lxml/saxparser.pxi -> build/lib.macosx-11.0-arm64-cpython-39/lxml
2022-12-27T12:00:43.2589190Z   copying src/lxml/objectpath.pxi -> build/lib.macosx-11.0-arm64-cpython-39/lxml
2022-12-27T12:00:43.2592190Z   copying src/lxml/relaxng.pxi -> build/lib.macosx-11.0-arm64-cpython-39/lxml
2022-12-27T12:00:43.2595680Z   copying src/lxml/xinclude.pxi -> build/lib.macosx-11.0-arm64-cpython-39/lxml
2022-12-27T12:00:43.2598680Z   copying src/lxml/iterparse.pxi -> build/lib.macosx-11.0-arm64-cpython-39/lxml
2022-12-27T12:00:43.2601780Z   copying src/lxml/parser.pxi -> build/lib.macosx-11.0-arm64-cpython-39/lxml
2022-12-27T12:00:43.2605530Z   copying src/lxml/dtd.pxi -> build/lib.macosx-11.0-arm64-cpython-39/lxml
2022-12-27T12:00:43.2608840Z   copying src/lxml/apihelpers.pxi -> build/lib.macosx-11.0-arm64-cpython-39/lxml
2022-12-27T12:00:43.2612250Z   copying src/lxml/xmlerror.pxi -> build/lib.macosx-11.0-arm64-cpython-39/lxml
2022-12-27T12:00:43.2615960Z   copying src/lxml/readonlytree.pxi -> build/lib.macosx-11.0-arm64-cpython-39/lxml
2022-12-27T12:00:43.2619530Z   copying src/lxml/extensions.pxi -> build/lib.macosx-11.0-arm64-cpython-39/lxml
2022-12-27T12:00:43.2622720Z   copying src/lxml/xmlschema.pxi -> build/lib.macosx-11.0-arm64-cpython-39/lxml
2022-12-27T12:00:43.2625710Z   copying src/lxml/schematron.pxi -> build/lib.macosx-11.0-arm64-cpython-39/lxml
2022-12-27T12:00:43.2694540Z   copying src/lxml/docloader.pxi -> build/lib.macosx-11.0-arm64-cpython-39/lxml
2022-12-27T12:00:43.2695040Z   copying src/lxml/nsclasses.pxi -> build/lib.macosx-11.0-arm64-cpython-39/lxml
2022-12-27T12:00:43.2695600Z   copying src/lxml/parsertarget.pxi -> build/lib.macosx-11.0-arm64-cpython-39/lxml
2022-12-27T12:00:43.2699620Z   copying src/lxml/xsltext.pxi -> build/lib.macosx-11.0-arm64-cpython-39/lxml
2022-12-27T12:00:43.2701390Z   copying src/lxml/proxy.pxi -> build/lib.macosx-11.0-arm64-cpython-39/lxml
2022-12-27T12:00:43.2702440Z   copying src/lxml/includes/xmlerror.pxd -> build/lib.macosx-11.0-arm64-cpython-39/lxml/includes
2022-12-27T12:00:43.2703660Z   copying src/lxml/includes/c14n.pxd -> build/lib.macosx-11.0-arm64-cpython-39/lxml/includes
2022-12-27T12:00:43.2705180Z   copying src/lxml/includes/xmlschema.pxd -> build/lib.macosx-11.0-arm64-cpython-39/lxml/includes
2022-12-27T12:00:43.2706680Z   copying src/lxml/includes/__init__.pxd -> build/lib.macosx-11.0-arm64-cpython-39/lxml/includes
2022-12-27T12:00:43.2708500Z   copying src/lxml/includes/schematron.pxd -> build/lib.macosx-11.0-arm64-cpython-39/lxml/includes
2022-12-27T12:00:43.2710180Z   copying src/lxml/includes/tree.pxd -> build/lib.macosx-11.0-arm64-cpython-39/lxml/includes
2022-12-27T12:00:43.2711320Z   copying src/lxml/includes/uri.pxd -> build/lib.macosx-11.0-arm64-cpython-39/lxml/includes
2022-12-27T12:00:43.2712500Z   copying src/lxml/includes/etreepublic.pxd -> build/lib.macosx-11.0-arm64-cpython-39/lxml/includes
2022-12-27T12:00:43.2713450Z   copying src/lxml/includes/xpath.pxd -> build/lib.macosx-11.0-arm64-cpython-39/lxml/includes
2022-12-27T12:00:43.2714400Z   copying src/lxml/includes/htmlparser.pxd -> build/lib.macosx-11.0-arm64-cpython-39/lxml/includes
2022-12-27T12:00:43.2715170Z   copying src/lxml/includes/xslt.pxd -> build/lib.macosx-11.0-arm64-cpython-39/lxml/includes
2022-12-27T12:00:43.2715870Z   copying src/lxml/includes/config.pxd -> build/lib.macosx-11.0-arm64-cpython-39/lxml/includes
2022-12-27T12:00:43.2716530Z   copying src/lxml/includes/xmlparser.pxd -> build/lib.macosx-11.0-arm64-cpython-39/lxml/includes
2022-12-27T12:00:43.2717310Z   copying src/lxml/includes/xinclude.pxd -> build/lib.macosx-11.0-arm64-cpython-39/lxml/includes
2022-12-27T12:00:43.2718030Z   copying src/lxml/includes/dtdvalid.pxd -> build/lib.macosx-11.0-arm64-cpython-39/lxml/includes
2022-12-27T12:00:43.2718680Z   copying src/lxml/includes/relaxng.pxd -> build/lib.macosx-11.0-arm64-cpython-39/lxml/includes
2022-12-27T12:00:43.2719360Z   copying src/lxml/includes/lxml-version.h -> build/lib.macosx-11.0-arm64-cpython-39/lxml/includes
2022-12-27T12:00:43.2720370Z   copying src/lxml/includes/etree_defs.h -> build/lib.macosx-11.0-arm64-cpython-39/lxml/includes
2022-12-27T12:00:43.2721100Z   creating build/lib.macosx-11.0-arm64-cpython-39/lxml/isoschematron/resources
2022-12-27T12:00:43.2721760Z   creating build/lib.macosx-11.0-arm64-cpython-39/lxml/isoschematron/resources/rng
2022-12-27T12:00:43.2722580Z   copying src/lxml/isoschematron/resources/rng/iso-schematron.rng -> build/lib.macosx-11.0-arm64-cpython-39/lxml/isoschematron/resources/rng
2022-12-27T12:00:43.2723400Z   creating build/lib.macosx-11.0-arm64-cpython-39/lxml/isoschematron/resources/xsl
2022-12-27T12:00:43.2724250Z   copying src/lxml/isoschematron/resources/xsl/XSD2Schtrn.xsl -> build/lib.macosx-11.0-arm64-cpython-39/lxml/isoschematron/resources/xsl
2022-12-27T12:00:43.2725020Z   copying src/lxml/isoschematron/resources/xsl/RNG2Schtrn.xsl -> build/lib.macosx-11.0-arm64-cpython-39/lxml/isoschematron/resources/xsl
2022-12-27T12:00:43.2725730Z   creating build/lib.macosx-11.0-arm64-cpython-39/lxml/isoschematron/resources/xsl/iso-schematron-xslt1
2022-12-27T12:00:43.2726550Z   copying src/lxml/isoschematron/resources/xsl/iso-schematron-xslt1/iso_abstract_expand.xsl -> build/lib.macosx-11.0-arm64-cpython-39/lxml/isoschematron/resources/xsl/iso-schematron-xslt1
2022-12-27T12:00:43.2730080Z   copying src/lxml/isoschematron/resources/xsl/iso-schematron-xslt1/iso_dsdl_include.xsl -> build/lib.macosx-11.0-arm64-cpython-39/lxml/isoschematron/resources/xsl/iso-schematron-xslt1
2022-12-27T12:00:43.2734780Z   copying src/lxml/isoschematron/resources/xsl/iso-schematron-xslt1/iso_schematron_skeleton_for_xslt1.xsl -> build/lib.macosx-11.0-arm64-cpython-39/lxml/isoschematron/resources/xsl/iso-schematron-xslt1
2022-12-27T12:00:43.2738670Z   copying src/lxml/isoschematron/resources/xsl/iso-schematron-xslt1/iso_svrl_for_xslt1.xsl -> build/lib.macosx-11.0-arm64-cpython-39/lxml/isoschematron/resources/xsl/iso-schematron-xslt1
2022-12-27T12:00:43.2742250Z   copying src/lxml/isoschematron/resources/xsl/iso-schematron-xslt1/iso_schematron_message.xsl -> build/lib.macosx-11.0-arm64-cpython-39/lxml/isoschematron/resources/xsl/iso-schematron-xslt1
2022-12-27T12:00:43.2745780Z   copying src/lxml/isoschematron/resources/xsl/iso-schematron-xslt1/readme.txt -> build/lib.macosx-11.0-arm64-cpython-39/lxml/isoschematron/resources/xsl/iso-schematron-xslt1
2022-12-27T12:00:43.2759530Z   running build_ext
2022-12-27T12:00:43.3055660Z   building 'lxml.etree' extension
2022-12-27T12:00:43.3057620Z   creating build/temp.macosx-11.0-arm64-cpython-39
2022-12-27T12:00:43.3059500Z   creating build/temp.macosx-11.0-arm64-cpython-39/src
2022-12-27T12:00:43.3061490Z   creating build/temp.macosx-11.0-arm64-cpython-39/src/lxml
2022-12-27T12:00:43.3065120Z   gcc -Wno-unused-result -Wsign-compare -Wunreachable-code -fno-common -dynamic -DNDEBUG -g -fwrapv -O3 -Wall -g -I/usr/local/opt/openssl@3/include -I/usr/local/opt/openssl@3/include -arch arm64 -DCYTHON_CLINE_IN_TRACEBACK=0 -I/Library/Developer/CommandLineTools/SDKs/MacOSX12.1.sdk/usr/include -Isrc -Isrc/lxml/includes -I/private/var/folders/51/hd414ycd67n82196sw51xqtc0000gn/T/cibw-run-g7g3lpj4/cp39-macosx_arm64/build/venv/include -I/Library/Frameworks/Python.framework/Versions/3.9/include/python3.9 -c src/lxml/etree.c -o build/temp.macosx-11.0-arm64-cpython-39/src/lxml/etree.o -w -flat_namespace
2022-12-27T12:01:07.5427640Z   gcc -bundle -undefined dynamic_lookup -g -L/usr/local/opt/openssl@3/lib -I/usr/local/opt/openssl@3/include -I/usr/local/opt/openssl@3/include -arch arm64 build/temp.macosx-11.0-arm64-cpython-39/src/lxml/etree.o -L/Library/Developer/CommandLineTools/SDKs/MacOSX12.1.sdk/usr/lib -lxslt -lexslt -lxml2 -lz -lm -o build/lib.macosx-11.0-arm64-cpython-39/lxml/etree.cpython-39-darwin.so -isysroot /Library/Developer/CommandLineTools/SDKs/MacOSX12.1.sdk
2022-12-27T12:01:07.6377560Z   building 'lxml.objectify' extension
2022-12-27T12:01:07.6380410Z   gcc -Wno-unused-result -Wsign-compare -Wunreachable-code -fno-common -dynamic -DNDEBUG -g -fwrapv -O3 -Wall -g -I/usr/local/opt/openssl@3/include -I/usr/local/opt/openssl@3/include -arch arm64 -DCYTHON_CLINE_IN_TRACEBACK=0 -I/Library/Developer/CommandLineTools/SDKs/MacOSX12.1.sdk/usr/include -Isrc -Isrc/lxml/includes -I/private/var/folders/51/hd414ycd67n82196sw51xqtc0000gn/T/cibw-run-g7g3lpj4/cp39-macosx_arm64/build/venv/include -I/Library/Frameworks/Python.framework/Versions/3.9/include/python3.9 -c src/lxml/objectify.c -o build/temp.macosx-11.0-arm64-cpython-39/src/lxml/objectify.o -w -flat_namespace
2022-12-27T12:01:12.2053990Z   gcc -bundle -undefined dynamic_lookup -g -L/usr/local/opt/openssl@3/lib -I/usr/local/opt/openssl@3/include -I/usr/local/opt/openssl@3/include -arch arm64 build/temp.macosx-11.0-arm64-cpython-39/src/lxml/objectify.o -L/Library/Developer/CommandLineTools/SDKs/MacOSX12.1.sdk/usr/lib -lxslt -lexslt -lxml2 -lz -lm -o build/lib.macosx-11.0-arm64-cpython-39/lxml/objectify.cpython-39-darwin.so -isysroot /Library/Developer/CommandLineTools/SDKs/MacOSX12.1.sdk
2022-12-27T12:01:12.2594520Z   building 'lxml.builder' extension
2022-12-27T12:01:12.2596770Z   gcc -Wno-unused-result -Wsign-compare -Wunreachable-code -fno-common -dynamic -DNDEBUG -g -fwrapv -O3 -Wall -g -I/usr/local/opt/openssl@3/include -I/usr/local/opt/openssl@3/include -arch arm64 -DCYTHON_CLINE_IN_TRACEBACK=0 -I/Library/Developer/CommandLineTools/SDKs/MacOSX12.1.sdk/usr/include -Isrc -Isrc/lxml/includes -I/private/var/folders/51/hd414ycd67n82196sw51xqtc0000gn/T/cibw-run-g7g3lpj4/cp39-macosx_arm64/build/venv/include -I/Library/Frameworks/Python.framework/Versions/3.9/include/python3.9 -c src/lxml/builder.c -o build/temp.macosx-11.0-arm64-cpython-39/src/lxml/builder.o -w -flat_namespace
2022-12-27T12:01:13.2140840Z   gcc -bundle -undefined dynamic_lookup -g -L/usr/local/opt/openssl@3/lib -I/usr/local/opt/openssl@3/include -I/usr/local/opt/openssl@3/include -arch arm64 build/temp.macosx-11.0-arm64-cpython-39/src/lxml/builder.o -o build/lib.macosx-11.0-arm64-cpython-39/lxml/builder.cpython-39-darwin.so
2022-12-27T12:01:13.2597870Z   building 'lxml._elementpath' extension
2022-12-27T12:01:13.2600650Z   gcc -Wno-unused-result -Wsign-compare -Wunreachable-code -fno-common -dynamic -DNDEBUG -g -fwrapv -O3 -Wall -g -I/usr/local/opt/openssl@3/include -I/usr/local/opt/openssl@3/include -arch arm64 -DCYTHON_CLINE_IN_TRACEBACK=0 -I/Library/Developer/CommandLineTools/SDKs/MacOSX12.1.sdk/usr/include -Isrc -Isrc/lxml/includes -I/private/var/folders/51/hd414ycd67n82196sw51xqtc0000gn/T/cibw-run-g7g3lpj4/cp39-macosx_arm64/build/venv/include -I/Library/Frameworks/Python.framework/Versions/3.9/include/python3.9 -c src/lxml/_elementpath.c -o build/temp.macosx-11.0-arm64-cpython-39/src/lxml/_elementpath.o -w -flat_namespace
2022-12-27T12:01:15.0989340Z   gcc -bundle -undefined dynamic_lookup -g -L/usr/local/opt/openssl@3/lib -I/usr/local/opt/openssl@3/include -I/usr/local/opt/openssl@3/include -arch arm64 build/temp.macosx-11.0-arm64-cpython-39/src/lxml/_elementpath.o -o build/lib.macosx-11.0-arm64-cpython-39/lxml/_elementpath.cpython-39-darwin.so
2022-12-27T12:01:15.1474360Z   building 'lxml.html.diff' extension
2022-12-27T12:01:15.1476220Z   creating build/temp.macosx-11.0-arm64-cpython-39/src/lxml/html
2022-12-27T12:01:15.1480010Z   gcc -Wno-unused-result -Wsign-compare -Wunreachable-code -fno-common -dynamic -DNDEBUG -g -fwrapv -O3 -Wall -g -I/usr/local/opt/openssl@3/include -I/usr/local/opt/openssl@3/include -arch arm64 -DCYTHON_CLINE_IN_TRACEBACK=0 -I/Library/Developer/CommandLineTools/SDKs/MacOSX12.1.sdk/usr/include -Isrc -Isrc/lxml/includes -I/private/var/folders/51/hd414ycd67n82196sw51xqtc0000gn/T/cibw-run-g7g3lpj4/cp39-macosx_arm64/build/venv/include -I/Library/Frameworks/Python.framework/Versions/3.9/include/python3.9 -c src/lxml/html/diff.c -o build/temp.macosx-11.0-arm64-cpython-39/src/lxml/html/diff.o -w -flat_namespace
2022-12-27T12:01:19.4027510Z   gcc -bundle -undefined dynamic_lookup -g -L/usr/local/opt/openssl@3/lib -I/usr/local/opt/openssl@3/include -I/usr/local/opt/openssl@3/include -arch arm64 build/temp.macosx-11.0-arm64-cpython-39/src/lxml/html/diff.o -o build/lib.macosx-11.0-arm64-cpython-39/lxml/html/diff.cpython-39-darwin.so
2022-12-27T12:01:19.4525900Z   building 'lxml.html.clean' extension
2022-12-27T12:01:19.4528970Z   gcc -Wno-unused-result -Wsign-compare -Wunreachable-code -fno-common -dynamic -DNDEBUG -g -fwrapv -O3 -Wall -g -I/usr/local/opt/openssl@3/include -I/usr/local/opt/openssl@3/include -arch arm64 -DCYTHON_CLINE_IN_TRACEBACK=0 -I/Library/Developer/CommandLineTools/SDKs/MacOSX12.1.sdk/usr/include -Isrc -Isrc/lxml/includes -I/private/var/folders/51/hd414ycd67n82196sw51xqtc0000gn/T/cibw-run-g7g3lpj4/cp39-macosx_arm64/build/venv/include -I/Library/Frameworks/Python.framework/Versions/3.9/include/python3.9 -c src/lxml/html/clean.c -o build/temp.macosx-11.0-arm64-cpython-39/src/lxml/html/clean.o -w -flat_namespace
2022-12-27T12:01:22.8148390Z   gcc -bundle -undefined dynamic_lookup -g -L/usr/local/opt/openssl@3/lib -I/usr/local/opt/openssl@3/include -I/usr/local/opt/openssl@3/include -arch arm64 build/temp.macosx-11.0-arm64-cpython-39/src/lxml/html/clean.o -o build/lib.macosx-11.0-arm64-cpython-39/lxml/html/clean.cpython-39-darwin.so
2022-12-27T12:01:22.8625160Z   building 'lxml.sax' extension
2022-12-27T12:01:22.8628560Z   gcc -Wno-unused-result -Wsign-compare -Wunreachable-code -fno-common -dynamic -DNDEBUG -g -fwrapv -O3 -Wall -g -I/usr/local/opt/openssl@3/include -I/usr/local/opt/openssl@3/include -arch arm64 -DCYTHON_CLINE_IN_TRACEBACK=0 -I/Library/Developer/CommandLineTools/SDKs/MacOSX12.1.sdk/usr/include -Isrc -Isrc/lxml/includes -I/private/var/folders/51/hd414ycd67n82196sw51xqtc0000gn/T/cibw-run-g7g3lpj4/cp39-macosx_arm64/build/venv/include -I/Library/Frameworks/Python.framework/Versions/3.9/include/python3.9 -c src/lxml/sax.c -o build/temp.macosx-11.0-arm64-cpython-39/src/lxml/sax.o -w -flat_namespace
2022-12-27T12:01:24.5876720Z   gcc -bundle -undefined dynamic_lookup -g -L/usr/local/opt/openssl@3/lib -I/usr/local/opt/openssl@3/include -I/usr/local/opt/openssl@3/include -arch arm64 build/temp.macosx-11.0-arm64-cpython-39/src/lxml/sax.o -o build/lib.macosx-11.0-arm64-cpython-39/lxml/sax.cpython-39-darwin.so
2022-12-27T12:01:24.6381540Z   /private/var/folders/51/hd414ycd67n82196sw51xqtc0000gn/T/cibw-run-g7g3lpj4/cp39-macosx_arm64/build/venv/lib/python3.9/site-packages/setuptools/command/install.py:34: SetuptoolsDeprecationWarning: setup.py install is deprecated. Use build and pip and other standards-based tools.
2022-12-27T12:01:24.6382270Z     warnings.warn(
2022-12-27T12:01:24.6396170Z   installing to build/bdist.macosx-11.0-arm64/wheel
2022-12-27T12:01:24.6397710Z   running install
2022-12-27T12:01:24.6450800Z   running install_lib
2022-12-27T12:01:24.6467340Z   creating build/bdist.macosx-11.0-arm64
2022-12-27T12:01:24.6468850Z   creating build/bdist.macosx-11.0-arm64/wheel
2022-12-27T12:01:24.6472270Z   creating build/bdist.macosx-11.0-arm64/wheel/lxml
2022-12-27T12:01:24.6474360Z   copying build/lib.macosx-11.0-arm64-cpython-39/lxml/public-api.pxi -> build/bdist.macosx-11.0-arm64/wheel/lxml
2022-12-27T12:01:24.6475700Z   copying build/lib.macosx-11.0-arm64-cpython-39/lxml/xmlid.pxi -> build/bdist.macosx-11.0-arm64/wheel/lxml
2022-12-27T12:01:24.6479260Z   copying build/lib.macosx-11.0-arm64-cpython-39/lxml/cleanup.pxi -> build/bdist.macosx-11.0-arm64/wheel/lxml
2022-12-27T12:01:24.6482480Z   copying build/lib.macosx-11.0-arm64-cpython-39/lxml/_elementpath.py -> build/bdist.macosx-11.0-arm64/wheel/lxml
2022-12-27T12:01:24.6484680Z   copying build/lib.macosx-11.0-arm64-cpython-39/lxml/etree.cpython-39-darwin.so -> build/bdist.macosx-11.0-arm64/wheel/lxml
2022-12-27T12:01:24.6506890Z   creating build/bdist.macosx-11.0-arm64/wheel/lxml/isoschematron
2022-12-27T12:01:24.6508720Z   creating build/bdist.macosx-11.0-arm64/wheel/lxml/isoschematron/resources
2022-12-27T12:01:24.6511060Z   creating build/bdist.macosx-11.0-arm64/wheel/lxml/isoschematron/resources/xsl
2022-12-27T12:01:24.6513400Z   copying build/lib.macosx-11.0-arm64-cpython-39/lxml/isoschematron/resources/xsl/XSD2Schtrn.xsl -> build/bdist.macosx-11.0-arm64/wheel/lxml/isoschematron/resources/xsl
2022-12-27T12:01:24.6515550Z   creating build/bdist.macosx-11.0-arm64/wheel/lxml/isoschematron/resources/xsl/iso-schematron-xslt1
2022-12-27T12:01:24.6517540Z   copying build/lib.macosx-11.0-arm64-cpython-39/lxml/isoschematron/resources/xsl/iso-schematron-xslt1/iso_abstract_expand.xsl -> build/bdist.macosx-11.0-arm64/wheel/lxml/isoschematron/resources/xsl/iso-schematron-xslt1
2022-12-27T12:01:24.6520170Z   copying build/lib.macosx-11.0-arm64-cpython-39/lxml/isoschematron/resources/xsl/iso-schematron-xslt1/iso_dsdl_include.xsl -> build/bdist.macosx-11.0-arm64/wheel/lxml/isoschematron/resources/xsl/iso-schematron-xslt1
2022-12-27T12:01:24.6523550Z   copying build/lib.macosx-11.0-arm64-cpython-39/lxml/isoschematron/resources/xsl/iso-schematron-xslt1/iso_schematron_skeleton_for_xslt1.xsl -> build/bdist.macosx-11.0-arm64/wheel/lxml/isoschematron/resources/xsl/iso-schematron-xslt1
2022-12-27T12:01:24.6526770Z   copying build/lib.macosx-11.0-arm64-cpython-39/lxml/isoschematron/resources/xsl/iso-schematron-xslt1/iso_svrl_for_xslt1.xsl -> build/bdist.macosx-11.0-arm64/wheel/lxml/isoschematron/resources/xsl/iso-schematron-xslt1
2022-12-27T12:01:24.6529760Z   copying build/lib.macosx-11.0-arm64-cpython-39/lxml/isoschematron/resources/xsl/iso-schematron-xslt1/iso_schematron_message.xsl -> build/bdist.macosx-11.0-arm64/wheel/lxml/isoschematron/resources/xsl/iso-schematron-xslt1
2022-12-27T12:01:24.6532600Z   copying build/lib.macosx-11.0-arm64-cpython-39/lxml/isoschematron/resources/xsl/iso-schematron-xslt1/readme.txt -> build/bdist.macosx-11.0-arm64/wheel/lxml/isoschematron/resources/xsl/iso-schematron-xslt1
2022-12-27T12:01:24.6535350Z   copying build/lib.macosx-11.0-arm64-cpython-39/lxml/isoschematron/resources/xsl/RNG2Schtrn.xsl -> build/bdist.macosx-11.0-arm64/wheel/lxml/isoschematron/resources/xsl
2022-12-27T12:01:24.6538330Z   creating build/bdist.macosx-11.0-arm64/wheel/lxml/isoschematron/resources/rng
2022-12-27T12:01:24.6539990Z   copying build/lib.macosx-11.0-arm64-cpython-39/lxml/isoschematron/resources/rng/iso-schematron.rng -> build/bdist.macosx-11.0-arm64/wheel/lxml/isoschematron/resources/rng
2022-12-27T12:01:24.6542840Z   copying build/lib.macosx-11.0-arm64-cpython-39/lxml/isoschematron/__init__.py -> build/bdist.macosx-11.0-arm64/wheel/lxml/isoschematron
2022-12-27T12:01:24.6545720Z   copying build/lib.macosx-11.0-arm64-cpython-39/lxml/xslt.pxi -> build/bdist.macosx-11.0-arm64/wheel/lxml
2022-12-27T12:01:24.6549000Z   copying build/lib.macosx-11.0-arm64-cpython-39/lxml/xpath.pxi -> build/bdist.macosx-11.0-arm64/wheel/lxml
2022-12-27T12:01:24.6552290Z   copying build/lib.macosx-11.0-arm64-cpython-39/lxml/objectify.cpython-39-darwin.so -> build/bdist.macosx-11.0-arm64/wheel/lxml
2022-12-27T12:01:24.6559480Z   copying build/lib.macosx-11.0-arm64-cpython-39/lxml/debug.pxi -> build/bdist.macosx-11.0-arm64/wheel/lxml
2022-12-27T12:01:24.6562480Z   copying build/lib.macosx-11.0-arm64-cpython-39/lxml/sax.cpython-39-darwin.so -> build/bdist.macosx-11.0-arm64/wheel/lxml
2022-12-27T12:01:24.6569170Z   copying build/lib.macosx-11.0-arm64-cpython-39/lxml/serializer.pxi -> build/bdist.macosx-11.0-arm64/wheel/lxml
2022-12-27T12:01:24.6573280Z   copying build/lib.macosx-11.0-arm64-cpython-39/lxml/classlookup.pxi -> build/bdist.macosx-11.0-arm64/wheel/lxml
2022-12-27T12:01:24.6577130Z   creating build/bdist.macosx-11.0-arm64/wheel/lxml/includes
2022-12-27T12:01:24.6578710Z   copying build/lib.macosx-11.0-arm64-cpython-39/lxml/includes/xmlerror.pxd -> build/bdist.macosx-11.0-arm64/wheel/lxml/includes
2022-12-27T12:01:24.6581990Z   copying build/lib.macosx-11.0-arm64-cpython-39/lxml/includes/c14n.pxd -> build/bdist.macosx-11.0-arm64/wheel/lxml/includes
2022-12-27T12:01:24.6584390Z   copying build/lib.macosx-11.0-arm64-cpython-39/lxml/includes/xmlschema.pxd -> build/bdist.macosx-11.0-arm64/wheel/lxml/includes
2022-12-27T12:01:24.6587130Z   copying build/lib.macosx-11.0-arm64-cpython-39/lxml/includes/__init__.pxd -> build/bdist.macosx-11.0-arm64/wheel/lxml/includes
2022-12-27T12:01:24.6588750Z   copying build/lib.macosx-11.0-arm64-cpython-39/lxml/includes/lxml-version.h -> build/bdist.macosx-11.0-arm64/wheel/lxml/includes
2022-12-27T12:01:24.6591650Z   copying build/lib.macosx-11.0-arm64-cpython-39/lxml/includes/schematron.pxd -> build/bdist.macosx-11.0-arm64/wheel/lxml/includes
2022-12-27T12:01:24.6594020Z   copying build/lib.macosx-11.0-arm64-cpython-39/lxml/includes/__init__.py -> build/bdist.macosx-11.0-arm64/wheel/lxml/includes
2022-12-27T12:01:24.6596480Z   copying build/lib.macosx-11.0-arm64-cpython-39/lxml/includes/tree.pxd -> build/bdist.macosx-11.0-arm64/wheel/lxml/includes
2022-12-27T12:01:24.6599500Z   copying build/lib.macosx-11.0-arm64-cpython-39/lxml/includes/uri.pxd -> build/bdist.macosx-11.0-arm64/wheel/lxml/includes
2022-12-27T12:01:24.6602310Z   copying build/lib.macosx-11.0-arm64-cpython-39/lxml/includes/etree_defs.h -> build/bdist.macosx-11.0-arm64/wheel/lxml/includes
2022-12-27T12:01:24.6604850Z   copying build/lib.macosx-11.0-arm64-cpython-39/lxml/includes/etreepublic.pxd -> build/bdist.macosx-11.0-arm64/wheel/lxml/includes
2022-12-27T12:01:24.6607500Z   copying build/lib.macosx-11.0-arm64-cpython-39/lxml/includes/xpath.pxd -> build/bdist.macosx-11.0-arm64/wheel/lxml/includes
2022-12-27T12:01:24.6610200Z   copying build/lib.macosx-11.0-arm64-cpython-39/lxml/includes/htmlparser.pxd -> build/bdist.macosx-11.0-arm64/wheel/lxml/includes
2022-12-27T12:01:24.6612960Z   copying build/lib.macosx-11.0-arm64-cpython-39/lxml/includes/xslt.pxd -> build/bdist.macosx-11.0-arm64/wheel/lxml/includes
2022-12-27T12:01:24.6615830Z   copying build/lib.macosx-11.0-arm64-cpython-39/lxml/includes/config.pxd -> build/bdist.macosx-11.0-arm64/wheel/lxml/includes
2022-12-27T12:01:24.6618600Z   copying build/lib.macosx-11.0-arm64-cpython-39/lxml/includes/xmlparser.pxd -> build/bdist.macosx-11.0-arm64/wheel/lxml/includes
2022-12-27T12:01:24.6621370Z   copying build/lib.macosx-11.0-arm64-cpython-39/lxml/includes/xinclude.pxd -> build/bdist.macosx-11.0-arm64/wheel/lxml/includes
2022-12-27T12:01:24.6624170Z   copying build/lib.macosx-11.0-arm64-cpython-39/lxml/includes/dtdvalid.pxd -> build/bdist.macosx-11.0-arm64/wheel/lxml/includes
2022-12-27T12:01:24.6626710Z   copying build/lib.macosx-11.0-arm64-cpython-39/lxml/includes/relaxng.pxd -> build/bdist.macosx-11.0-arm64/wheel/lxml/includes
2022-12-27T12:01:24.6629420Z   copying build/lib.macosx-11.0-arm64-cpython-39/lxml/saxparser.pxi -> build/bdist.macosx-11.0-arm64/wheel/lxml
2022-12-27T12:01:24.6633140Z   copying build/lib.macosx-11.0-arm64-cpython-39/lxml/sax.py -> build/bdist.macosx-11.0-arm64/wheel/lxml
2022-12-27T12:01:24.6635670Z   copying build/lib.macosx-11.0-arm64-cpython-39/lxml/pyclasslookup.py -> build/bdist.macosx-11.0-arm64/wheel/lxml
2022-12-27T12:01:24.6639760Z   copying build/lib.macosx-11.0-arm64-cpython-39/lxml/__init__.py -> build/bdist.macosx-11.0-arm64/wheel/lxml
2022-12-27T12:01:24.6641790Z   creating build/bdist.macosx-11.0-arm64/wheel/lxml/html
2022-12-27T12:01:24.6643660Z   copying build/lib.macosx-11.0-arm64-cpython-39/lxml/html/soupparser.py -> build/bdist.macosx-11.0-arm64/wheel/lxml/html
2022-12-27T12:01:24.6646760Z   copying build/lib.macosx-11.0-arm64-cpython-39/lxml/html/defs.py -> build/bdist.macosx-11.0-arm64/wheel/lxml/html
2022-12-27T12:01:24.6649680Z   copying build/lib.macosx-11.0-arm64-cpython-39/lxml/html/_setmixin.py -> build/bdist.macosx-11.0-arm64/wheel/lxml/html
2022-12-27T12:01:24.6652980Z   copying build/lib.macosx-11.0-arm64-cpython-39/lxml/html/clean.py -> build/bdist.macosx-11.0-arm64/wheel/lxml/html
2022-12-27T12:01:24.6656050Z   copying build/lib.macosx-11.0-arm64-cpython-39/lxml/html/_diffcommand.py -> build/bdist.macosx-11.0-arm64/wheel/lxml/html
2022-12-27T12:01:24.6658790Z   copying build/lib.macosx-11.0-arm64-cpython-39/lxml/html/html5parser.py -> build/bdist.macosx-11.0-arm64/wheel/lxml/html
2022-12-27T12:01:24.6661730Z   copying build/lib.macosx-11.0-arm64-cpython-39/lxml/html/__init__.py -> build/bdist.macosx-11.0-arm64/wheel/lxml/html
2022-12-27T12:01:24.6664980Z   copying build/lib.macosx-11.0-arm64-cpython-39/lxml/html/formfill.py -> build/bdist.macosx-11.0-arm64/wheel/lxml/html
2022-12-27T12:01:24.6667390Z   copying build/lib.macosx-11.0-arm64-cpython-39/lxml/html/builder.py -> build/bdist.macosx-11.0-arm64/wheel/lxml/html
2022-12-27T12:01:24.6670310Z   copying build/lib.macosx-11.0-arm64-cpython-39/lxml/html/diff.cpython-39-darwin.so -> build/bdist.macosx-11.0-arm64/wheel/lxml/html
2022-12-27T12:01:24.6676090Z   copying build/lib.macosx-11.0-arm64-cpython-39/lxml/html/ElementSoup.py -> build/bdist.macosx-11.0-arm64/wheel/lxml/html
2022-12-27T12:01:24.6679050Z   copying build/lib.macosx-11.0-arm64-cpython-39/lxml/html/_html5builder.py -> build/bdist.macosx-11.0-arm64/wheel/lxml/html
2022-12-27T12:01:24.6681470Z   copying build/lib.macosx-11.0-arm64-cpython-39/lxml/html/clean.cpython-39-darwin.so -> build/bdist.macosx-11.0-arm64/wheel/lxml/html
2022-12-27T12:01:24.6687630Z   copying build/lib.macosx-11.0-arm64-cpython-39/lxml/html/usedoctest.py -> build/bdist.macosx-11.0-arm64/wheel/lxml/html
2022-12-27T12:01:24.6690270Z   copying build/lib.macosx-11.0-arm64-cpython-39/lxml/html/diff.py -> build/bdist.macosx-11.0-arm64/wheel/lxml/html
2022-12-27T12:01:24.6694050Z   copying build/lib.macosx-11.0-arm64-cpython-39/lxml/objectpath.pxi -> build/bdist.macosx-11.0-arm64/wheel/lxml
2022-12-27T12:01:24.6696730Z   copying build/lib.macosx-11.0-arm64-cpython-39/lxml/relaxng.pxi -> build/bdist.macosx-11.0-arm64/wheel/lxml
2022-12-27T12:01:24.6699570Z   copying build/lib.macosx-11.0-arm64-cpython-39/lxml/etree_api.h -> build/bdist.macosx-11.0-arm64/wheel/lxml
2022-12-27T12:01:24.6703350Z   copying build/lib.macosx-11.0-arm64-cpython-39/lxml/xinclude.pxi -> build/bdist.macosx-11.0-arm64/wheel/lxml
2022-12-27T12:01:24.6705840Z   copying build/lib.macosx-11.0-arm64-cpython-39/lxml/iterparse.pxi -> build/bdist.macosx-11.0-arm64/wheel/lxml
2022-12-27T12:01:24.6708770Z   copying build/lib.macosx-11.0-arm64-cpython-39/lxml/parser.pxi -> build/bdist.macosx-11.0-arm64/wheel/lxml
2022-12-27T12:01:24.6711960Z   copying build/lib.macosx-11.0-arm64-cpython-39/lxml/objectify.pyx -> build/bdist.macosx-11.0-arm64/wheel/lxml
2022-12-27T12:01:24.6715940Z   copying build/lib.macosx-11.0-arm64-cpython-39/lxml/builder.py -> build/bdist.macosx-11.0-arm64/wheel/lxml
2022-12-27T12:01:24.6718480Z   copying build/lib.macosx-11.0-arm64-cpython-39/lxml/dtd.pxi -> build/bdist.macosx-11.0-arm64/wheel/lxml
2022-12-27T12:01:24.6721170Z   copying build/lib.macosx-11.0-arm64-cpython-39/lxml/apihelpers.pxi -> build/bdist.macosx-11.0-arm64/wheel/lxml
2022-12-27T12:01:24.6724510Z   copying build/lib.macosx-11.0-arm64-cpython-39/lxml/xmlerror.pxi -> build/bdist.macosx-11.0-arm64/wheel/lxml
2022-12-27T12:01:24.6729620Z   copying build/lib.macosx-11.0-arm64-cpython-39/lxml/doctestcompare.py -> build/bdist.macosx-11.0-arm64/wheel/lxml
2022-12-27T12:01:24.6731430Z   copying build/lib.macosx-11.0-arm64-cpython-39/lxml/_elementpath.cpython-39-darwin.so -> build/bdist.macosx-11.0-arm64/wheel/lxml
2022-12-27T12:01:24.6737590Z   copying build/lib.macosx-11.0-arm64-cpython-39/lxml/usedoctest.py -> build/bdist.macosx-11.0-arm64/wheel/lxml
2022-12-27T12:01:24.6740840Z   copying build/lib.macosx-11.0-arm64-cpython-39/lxml/readonlytree.pxi -> build/bdist.macosx-11.0-arm64/wheel/lxml
2022-12-27T12:01:24.6743450Z   copying build/lib.macosx-11.0-arm64-cpython-39/lxml/cssselect.py -> build/bdist.macosx-11.0-arm64/wheel/lxml
2022-12-27T12:01:24.6746120Z   copying build/lib.macosx-11.0-arm64-cpython-39/lxml/etree.pyx -> build/bdist.macosx-11.0-arm64/wheel/lxml
2022-12-27T12:01:24.6749790Z   copying build/lib.macosx-11.0-arm64-cpython-39/lxml/extensions.pxi -> build/bdist.macosx-11.0-arm64/wheel/lxml
2022-12-27T12:01:24.6752790Z   copying build/lib.macosx-11.0-arm64-cpython-39/lxml/xmlschema.pxi -> build/bdist.macosx-11.0-arm64/wheel/lxml
2022-12-27T12:01:24.6755250Z   copying build/lib.macosx-11.0-arm64-cpython-39/lxml/schematron.pxi -> build/bdist.macosx-11.0-arm64/wheel/lxml
2022-12-27T12:01:24.6758850Z   copying build/lib.macosx-11.0-arm64-cpython-39/lxml/lxml.etree.h -> build/bdist.macosx-11.0-arm64/wheel/lxml
2022-12-27T12:01:24.6760850Z   copying build/lib.macosx-11.0-arm64-cpython-39/lxml/docloader.pxi -> build/bdist.macosx-11.0-arm64/wheel/lxml
2022-12-27T12:01:24.6763530Z   copying build/lib.macosx-11.0-arm64-cpython-39/lxml/nsclasses.pxi -> build/bdist.macosx-11.0-arm64/wheel/lxml
2022-12-27T12:01:24.6765610Z   copying build/lib.macosx-11.0-arm64-cpython-39/lxml/etree.h -> build/bdist.macosx-11.0-arm64/wheel/lxml
2022-12-27T12:01:24.6767850Z   copying build/lib.macosx-11.0-arm64-cpython-39/lxml/parsertarget.pxi -> build/bdist.macosx-11.0-arm64/wheel/lxml
2022-12-27T12:01:24.6770700Z   copying build/lib.macosx-11.0-arm64-cpython-39/lxml/ElementInclude.py -> build/bdist.macosx-11.0-arm64/wheel/lxml
2022-12-27T12:01:24.6774030Z   copying build/lib.macosx-11.0-arm64-cpython-39/lxml/xsltext.pxi -> build/bdist.macosx-11.0-arm64/wheel/lxml
2022-12-27T12:01:24.6776140Z   copying build/lib.macosx-11.0-arm64-cpython-39/lxml/lxml.etree_api.h -> build/bdist.macosx-11.0-arm64/wheel/lxml
2022-12-27T12:01:24.6778630Z   copying build/lib.macosx-11.0-arm64-cpython-39/lxml/proxy.pxi -> build/bdist.macosx-11.0-arm64/wheel/lxml
2022-12-27T12:01:24.6781140Z   copying build/lib.macosx-11.0-arm64-cpython-39/lxml/builder.cpython-39-darwin.so -> build/bdist.macosx-11.0-arm64/wheel/lxml
2022-12-27T12:01:24.6786140Z   running install_egg_info
2022-12-27T12:01:24.6862900Z   running egg_info
2022-12-27T12:01:24.6874640Z   writing src/lxml.egg-info/PKG-INFO
2022-12-27T12:01:24.6879800Z   writing dependency_links to src/lxml.egg-info/dependency_links.txt
2022-12-27T12:01:24.6884800Z   writing requirements to src/lxml.egg-info/requires.txt
2022-12-27T12:01:24.6886260Z   writing top-level names to src/lxml.egg-info/top_level.txt
2022-12-27T12:01:24.6956670Z   reading manifest file 'src/lxml.egg-info/SOURCES.txt'
2022-12-27T12:01:24.6988070Z   reading manifest template 'MANIFEST.in'
2022-12-27T12:01:24.7853500Z   adding license file 'LICENSE.txt'
2022-12-27T12:01:24.7855760Z   adding license file 'LICENSES.txt'
2022-12-27T12:01:24.7908620Z   writing manifest file 'src/lxml.egg-info/SOURCES.txt'
2022-12-27T12:01:24.7911970Z   Copying src/lxml.egg-info to build/bdist.macosx-11.0-arm64/wheel/lxml-4.9.2-py3.9.egg-info
2022-12-27T12:01:24.7989320Z   running install_scripts
2022-12-27T12:01:24.8255590Z   creating build/bdist.macosx-11.0-arm64/wheel/lxml-4.9.2.dist-info/WHEEL
2022-12-27T12:01:24.8261560Z   creating '/private/var/folders/51/hd414ycd67n82196sw51xqtc0000gn/T/pip-wheel-6_6h8uvj/lxml-4.9.2-cp39-cp39-macosx_11_0_arm64.whl' and adding 'build/bdist.macosx-11.0-arm64/wheel' to it
2022-12-27T12:01:24.8270110Z   adding 'lxml/ElementInclude.py'
2022-12-27T12:01:24.8274270Z   adding 'lxml/__init__.py'
2022-12-27T12:01:24.8326960Z   adding 'lxml/_elementpath.cpython-39-darwin.so'
2022-12-27T12:01:24.8336580Z   adding 'lxml/_elementpath.py'
2022-12-27T12:01:24.8352050Z   adding 'lxml/apihelpers.pxi'
2022-12-27T12:01:24.8384690Z   adding 'lxml/builder.cpython-39-darwin.so'
2022-12-27T12:01:24.8391920Z   adding 'lxml/builder.py'
2022-12-27T12:01:24.8397730Z   adding 'lxml/classlookup.pxi'
2022-12-27T12:01:24.8401660Z   adding 'lxml/cleanup.pxi'
2022-12-27T12:01:24.8404780Z   adding 'lxml/cssselect.py'
2022-12-27T12:01:24.8407660Z   adding 'lxml/debug.pxi'
2022-12-27T12:01:24.8410860Z   adding 'lxml/docloader.pxi'
2022-12-27T12:01:24.8416100Z   adding 'lxml/doctestcompare.py'
2022-12-27T12:01:24.8420920Z   adding 'lxml/dtd.pxi'
2022-12-27T12:01:24.9059390Z   adding 'lxml/etree.cpython-39-darwin.so'
2022-12-27T12:01:24.9130130Z   adding 'lxml/etree.h'
2022-12-27T12:01:24.9160000Z   adding 'lxml/etree.pyx'
2022-12-27T12:01:24.9167510Z   adding 'lxml/etree_api.h'
2022-12-27T12:01:24.9175930Z   adding 'lxml/extensions.pxi'
2022-12-27T12:01:24.9181930Z   adding 'lxml/iterparse.pxi'
2022-12-27T12:01:24.9185620Z   adding 'lxml/lxml.etree.h'
2022-12-27T12:01:24.9189770Z   adding 'lxml/lxml.etree_api.h'
2022-12-27T12:01:24.9193970Z   adding 'lxml/nsclasses.pxi'
2022-12-27T12:01:24.9314400Z   adding 'lxml/objectify.cpython-39-darwin.so'
2022-12-27T12:01:24.9344110Z   adding 'lxml/objectify.pyx'
2022-12-27T12:01:24.9350550Z   adding 'lxml/objectpath.pxi'
2022-12-27T12:01:24.9366640Z   adding 'lxml/parser.pxi'
2022-12-27T12:01:24.9372300Z   adding 'lxml/parsertarget.pxi'
2022-12-27T12:01:24.9378960Z   adding 'lxml/proxy.pxi'
2022-12-27T12:01:24.9382570Z   adding 'lxml/public-api.pxi'
2022-12-27T12:01:24.9385380Z   adding 'lxml/pyclasslookup.py'
2022-12-27T12:01:24.9390460Z   adding 'lxml/readonlytree.pxi'
2022-12-27T12:01:24.9394050Z   adding 'lxml/relaxng.pxi'
2022-12-27T12:01:24.9445710Z   adding 'lxml/sax.cpython-39-darwin.so'
2022-12-27T12:01:24.9454720Z   adding 'lxml/sax.py'
2022-12-27T12:01:24.9461780Z   adding 'lxml/saxparser.pxi'
2022-12-27T12:01:24.9466100Z   adding 'lxml/schematron.pxi'
2022-12-27T12:01:24.9481090Z   adding 'lxml/serializer.pxi'
2022-12-27T12:01:24.9486140Z   adding 'lxml/usedoctest.py'
2022-12-27T12:01:24.9489240Z   adding 'lxml/xinclude.pxi'
2022-12-27T12:01:24.9499330Z   adding 'lxml/xmlerror.pxi'
2022-12-27T12:01:24.9503980Z   adding 'lxml/xmlid.pxi'
2022-12-27T12:01:24.9507600Z   adding 'lxml/xmlschema.pxi'
2022-12-27T12:01:24.9512930Z   adding 'lxml/xpath.pxi'
2022-12-27T12:01:24.9522490Z   adding 'lxml/xslt.pxi'
2022-12-27T12:01:24.9527470Z   adding 'lxml/xsltext.pxi'
2022-12-27T12:01:24.9530870Z   adding 'lxml/html/ElementSoup.py'
2022-12-27T12:01:24.9546490Z   adding 'lxml/html/__init__.py'
2022-12-27T12:01:24.9551080Z   adding 'lxml/html/_diffcommand.py'
2022-12-27T12:01:24.9554120Z   adding 'lxml/html/_html5builder.py'
2022-12-27T12:01:24.9557530Z   adding 'lxml/html/_setmixin.py'
2022-12-27T12:01:24.9560310Z   adding 'lxml/html/builder.py'
2022-12-27T12:01:24.9643910Z   adding 'lxml/html/clean.cpython-39-darwin.so'
2022-12-27T12:01:24.9659150Z   adding 'lxml/html/clean.py'
2022-12-27T12:01:24.9663710Z   adding 'lxml/html/defs.py'
2022-12-27T12:01:24.9774300Z   adding 'lxml/html/diff.cpython-39-darwin.so'
2022-12-27T12:01:24.9793220Z   adding 'lxml/html/diff.py'
2022-12-27T12:01:24.9798340Z   adding 'lxml/html/formfill.py'
2022-12-27T12:01:24.9802140Z   adding 'lxml/html/html5parser.py'
2022-12-27T12:01:24.9806090Z   adding 'lxml/html/soupparser.py'
2022-12-27T12:01:24.9808900Z   adding 'lxml/html/usedoctest.py'
2022-12-27T12:01:24.9811660Z   adding 'lxml/includes/__init__.pxd'
2022-12-27T12:01:24.9814670Z   adding 'lxml/includes/__init__.py'
2022-12-27T12:01:24.9817000Z   adding 'lxml/includes/c14n.pxd'
2022-12-27T12:01:24.9819480Z   adding 'lxml/includes/config.pxd'
2022-12-27T12:01:24.9821800Z   adding 'lxml/includes/dtdvalid.pxd'
2022-12-27T12:01:24.9826050Z   adding 'lxml/includes/etree_defs.h'
2022-12-27T12:01:24.9830080Z   adding 'lxml/includes/etreepublic.pxd'
2022-12-27T12:01:24.9833070Z   adding 'lxml/includes/htmlparser.pxd'
2022-12-27T12:01:24.9835470Z   adding 'lxml/includes/lxml-version.h'
2022-12-27T12:01:24.9838150Z   adding 'lxml/includes/relaxng.pxd'
2022-12-27T12:01:24.9840510Z   adding 'lxml/includes/schematron.pxd'
2022-12-27T12:01:24.9845610Z   adding 'lxml/includes/tree.pxd'
2022-12-27T12:01:24.9848640Z   adding 'lxml/includes/uri.pxd'
2022-12-27T12:01:24.9851020Z   adding 'lxml/includes/xinclude.pxd'
2022-12-27T12:01:24.9860630Z   adding 'lxml/includes/xmlerror.pxd'
2022-12-27T12:01:24.9866340Z   adding 'lxml/includes/xmlparser.pxd'
2022-12-27T12:01:24.9869160Z   adding 'lxml/includes/xmlschema.pxd'
2022-12-27T12:01:24.9872190Z   adding 'lxml/includes/xpath.pxd'
2022-12-27T12:01:24.9875750Z   adding 'lxml/includes/xslt.pxd'
2022-12-27T12:01:24.9880870Z   adding 'lxml/isoschematron/__init__.py'
2022-12-27T12:01:24.9886120Z   adding 'lxml/isoschematron/resources/rng/iso-schematron.rng'
2022-12-27T12:01:24.9889920Z   adding 'lxml/isoschematron/resources/xsl/RNG2Schtrn.xsl'
2022-12-27T12:01:24.9892900Z   adding 'lxml/isoschematron/resources/xsl/XSD2Schtrn.xsl'
2022-12-27T12:01:24.9897910Z   adding 'lxml/isoschematron/resources/xsl/iso-schematron-xslt1/iso_abstract_expand.xsl'
2022-12-27T12:01:24.9903960Z   adding 'lxml/isoschematron/resources/xsl/iso-schematron-xslt1/iso_dsdl_include.xsl'
2022-12-27T12:01:24.9908220Z   adding 'lxml/isoschematron/resources/xsl/iso-schematron-xslt1/iso_schematron_message.xsl'
2022-12-27T12:01:24.9924990Z   adding 'lxml/isoschematron/resources/xsl/iso-schematron-xslt1/iso_schematron_skeleton_for_xslt1.xsl'
2022-12-27T12:01:24.9932150Z   adding 'lxml/isoschematron/resources/xsl/iso-schematron-xslt1/iso_svrl_for_xslt1.xsl'
2022-12-27T12:01:24.9935140Z   adding 'lxml/isoschematron/resources/xsl/iso-schematron-xslt1/readme.txt'
2022-12-27T12:01:24.9940720Z   adding 'lxml-4.9.2.dist-info/LICENSE.txt'
2022-12-27T12:01:24.9942880Z   adding 'lxml-4.9.2.dist-info/LICENSES.txt'
2022-12-27T12:01:24.9944950Z   adding 'lxml-4.9.2.dist-info/METADATA'
2022-12-27T12:01:24.9946720Z   adding 'lxml-4.9.2.dist-info/WHEEL'
2022-12-27T12:01:24.9948810Z   adding 'lxml-4.9.2.dist-info/top_level.txt'
2022-12-27T12:01:24.9951590Z   adding 'lxml-4.9.2.dist-info/RECORD'
2022-12-27T12:01:24.9955600Z   removing build/bdist.macosx-11.0-arm64/wheel
2022-12-27T12:01:25.0303390Z   Building wheel for lxml (setup.py): finished with status 'done'
2022-12-27T12:01:25.0362530Z   Created wheel for lxml: filename=lxml-4.9.2-cp39-cp39-macosx_11_0_arm64.whl size=1681561 sha256=1bf16f51f1f3d466a36b55c305e45903327312db686e00d82b3e353e53b4c660
2022-12-27T12:01:25.0364560Z   Stored in directory: /Users/runner/Library/Caches/pip/wheels/17/ec/ae/52489beb844a443c7ce3693d71ec58988cdde74444fb46dbbd
2022-12-27T12:01:25.0402370Z Successfully built lxml
2022-12-27T12:01:25.0414620Z Removed build tracker: '/private/var/folders/51/hd414ycd67n82196sw51xqtc0000gn/T/pip-build-tracker-hr9nr5dg'
2022-12-27T12:01:25.0837110Z ##[endgroup]
2022-12-27T12:01:25.0837650Z                                                              [32mâœ“ [0m43.16s
2022-12-27T12:01:25.0837960Z ##[group]Repairing wheel...
2022-12-27T12:01:25.0838070Z 
2022-12-27T12:01:25.0842040Z + delocate-wheel --require-archs arm64 -w /private/var/folders/51/hd414ycd67n82196sw51xqtc0000gn/T/cibw-run-g7g3lpj4/cp39-macosx_arm64/repaired_wheel -v /private/var/folders/51/hd414ycd67n82196sw51xqtc0000gn/T/cibw-run-g7g3lpj4/cp39-macosx_arm64/built_wheel/lxml-4.9.2-cp39-cp39-macosx_11_0_arm64.whl
2022-12-27T12:01:30.5492340Z Fixing: /private/var/folders/51/hd414ycd67n82196sw51xqtc0000gn/T/cibw-run-g7g3lpj4/cp39-macosx_arm64/built_wheel/lxml-4.9.2-cp39-cp39-macosx_11_0_arm64.whl
2022-12-27T12:01:30.5582920Z ##[endgroup]
2022-12-27T12:01:30.5583390Z                                                               [32mâœ“ [0m5.47s
2022-12-27T12:01:30.5902360Z 
2022-12-27T12:01:30.5902940Z [32mâœ“ [0mcp39-macosx_arm64 finished in 52.25s
2022-12-27T12:01:30.5904460Z 
2022-12-27T12:01:30.5904610Z 1 wheels produced in 1 minutes:
2022-12-27T12:01:30.5904920Z   lxml-4.9.2-cp39-cp39-macosx_11_0_arm64.whl   1,643 kB
2022-12-27T12:01:30.6071330Z ##[group]Run actions/upload-artifact@v3
2022-12-27T12:01:30.6071470Z with:
2022-12-27T12:01:30.6071590Z   name: lxml-4.9.2-cp39-cp39-macosx_11_0_arm64.whl.zip
2022-12-27T12:01:30.6071730Z   path: build_lxml49239/wheelsout/*.whl
2022-12-27T12:01:30.6071860Z   if-no-files-found: warn
2022-12-27T12:01:30.6071980Z env:
2022-12-27T12:01:30.6072110Z   pythonLocation: /Users/runner/hostedtoolcache/Python/3.9.16/x64
2022-12-27T12:01:30.6072300Z   PKG_CONFIG_PATH: /Users/runner/hostedtoolcache/Python/3.9.16/x64/lib/pkgconfig
2022-12-27T12:01:30.6072460Z   Python_ROOT_DIR: /Users/runner/hostedtoolcache/Python/3.9.16/x64
2022-12-27T12:01:30.6072620Z   Python2_ROOT_DIR: /Users/runner/hostedtoolcache/Python/3.9.16/x64
2022-12-27T12:01:30.6072780Z   Python3_ROOT_DIR: /Users/runner/hostedtoolcache/Python/3.9.16/x64
2022-12-27T12:01:30.6072910Z ##[endgroup]
2022-12-27T12:01:30.6575520Z With the provided path, there will be 1 file uploaded
2022-12-27T12:01:30.6577490Z Starting artifact upload
2022-12-27T12:01:30.6578210Z For more detailed logs during the artifact upload process, enable step-debugging: https://docs.github.com/actions/monitoring-and-troubleshooting-workflows/enabling-debug-logging#enabling-step-debug-logging
2022-12-27T12:01:30.6578940Z Artifact name is valid!
2022-12-27T12:01:30.9938330Z Container for artifact "lxml-4.9.2-cp39-cp39-macosx_11_0_arm64.whl.zip" successfully created. Starting upload of file(s)
2022-12-27T12:01:33.5708800Z Total size of all the files uploaded is 1665431 bytes
2022-12-27T12:01:33.5709190Z File upload process has finished. Finalizing the artifact upload
2022-12-27T12:01:34.6570910Z Artifact has been finalized. All files have been successfully uploaded!
2022-12-27T12:01:34.6571130Z 
2022-12-27T12:01:34.6571290Z The raw size of all the files that were specified for upload is 1681611 bytes
2022-12-27T12:01:34.6571710Z The size of all the files that were uploaded is 1665431 bytes. This takes into account any gzip compression used to reduce the upload size, time and storage
2022-12-27T12:01:34.6572220Z 
2022-12-27T12:01:34.6572880Z Note: The size of downloaded zips can differ significantly from the reported size. For more information see: https://github.com/actions/upload-artifact#zipped-artifact-downloads 
2022-12-27T12:01:34.6575430Z 
2022-12-27T12:01:34.6576010Z Artifact lxml-4.9.2-cp39-cp39-macosx_11_0_arm64.whl.zip has been successfully uploaded!
2022-12-27T12:01:34.6636330Z ##[group]Run rm -rf build_lxml49239 wheelsout
2022-12-27T12:01:34.6636530Z [36;1mrm -rf build_lxml49239 wheelsout[0m
2022-12-27T12:01:34.6650840Z shell: /bin/bash -e {0}
2022-12-27T12:01:34.6651040Z env:
2022-12-27T12:01:34.6651230Z   pythonLocation: /Users/runner/hostedtoolcache/Python/3.9.16/x64
2022-12-27T12:01:34.6651500Z   PKG_CONFIG_PATH: /Users/runner/hostedtoolcache/Python/3.9.16/x64/lib/pkgconfig
2022-12-27T12:01:34.6651800Z   Python_ROOT_DIR: /Users/runner/hostedtoolcache/Python/3.9.16/x64
2022-12-27T12:01:34.6652040Z   Python2_ROOT_DIR: /Users/runner/hostedtoolcache/Python/3.9.16/x64
2022-12-27T12:01:34.6652250Z   Python3_ROOT_DIR: /Users/runner/hostedtoolcache/Python/3.9.16/x64
2022-12-27T12:01:34.6652460Z ##[endgroup]
2022-12-27T12:01:34.7043070Z Post job cleanup.
2022-12-27T12:01:34.8167500Z Cleaning up orphan processes
