2022-12-27T08:59:33.2191137Z Requested labels: self-hosted, macOS, X64
2022-12-27T08:59:33.2191208Z Job defined at: kilnbuild/python.build/.github/workflows/mac_arm_build.yml@refs/heads/main
2022-12-27T08:59:33.2191247Z Waiting for a runner to pick up this job...
2022-12-27T11:52:52.5854986Z Job is about to start running on the runner: k1 (organization)
2022-12-27T11:52:56.5631940Z Current runner version: '2.300.2'
2022-12-27T11:52:56.5636900Z Runner name: 'k1'
2022-12-27T11:52:56.5637140Z Runner group name: 'Default'
2022-12-27T11:52:56.5637600Z Machine name: 'k1'
2022-12-27T11:52:56.5639090Z ##[group]GITHUB_TOKEN Permissions
2022-12-27T11:52:56.5639490Z Actions: write
2022-12-27T11:52:56.5639630Z Checks: write
2022-12-27T11:52:56.5639750Z Contents: write
2022-12-27T11:52:56.5639880Z Deployments: write
2022-12-27T11:52:56.5640020Z Discussions: write
2022-12-27T11:52:56.5640150Z Issues: write
2022-12-27T11:52:56.5640270Z Metadata: read
2022-12-27T11:52:56.5640400Z Packages: write
2022-12-27T11:52:56.5640530Z Pages: write
2022-12-27T11:52:56.5640660Z PullRequests: write
2022-12-27T11:52:56.5640820Z RepositoryProjects: write
2022-12-27T11:52:56.5640980Z SecurityEvents: write
2022-12-27T11:52:56.5641110Z Statuses: write
2022-12-27T11:52:56.5641240Z ##[endgroup]
2022-12-27T11:52:56.5643670Z Secret source: Actions
2022-12-27T11:52:56.5643980Z Prepare workflow directory
2022-12-27T11:52:56.6287310Z Prepare all required actions
2022-12-27T11:52:56.6403230Z Getting action download info
2022-12-27T11:52:57.0834560Z Download action repository 'actions/setup-python@v4' (SHA:5ccb29d8773c3f3f653e1705f474dfaa8a06a912)
2022-12-27T11:52:59.2842510Z Download action repository 'actions/upload-artifact@v3' (SHA:83fd05a356d7e2593de66fc9913b3002723633cb)
2022-12-27T11:53:01.0571740Z ##[group]Run echo '{
2022-12-27T11:53:01.0572080Z [36;1mecho '{[0m
2022-12-27T11:53:01.0572240Z [36;1m  "package_name": "lxml",[0m
2022-12-27T11:53:01.0572550Z [36;1m  "package_url": "https://files.pythonhosted.org/packages/e5/21/a2e4517e3d216f0051687eea3d3317557bde68736f038a3b105ac3809247/lxml-4.6.3.tar.gz",[0m
2022-12-27T11:53:01.0572790Z [36;1m  "package_version": "4.6.3",[0m
2022-12-27T11:53:01.0572950Z [36;1m  "python_version": "3.9",[0m
2022-12-27T11:53:01.0573090Z [36;1m  "use_ccache": "true"[0m
2022-12-27T11:53:01.0573230Z [36;1m}'[0m
2022-12-27T11:53:01.0588060Z shell: /bin/bash -e {0}
2022-12-27T11:53:01.0588190Z ##[endgroup]
2022-12-27T11:53:01.0798200Z {
2022-12-27T11:53:01.0799590Z   "package_name": "lxml",
2022-12-27T11:53:01.0800280Z   "package_url": "https://files.pythonhosted.org/packages/e5/21/a2e4517e3d216f0051687eea3d3317557bde68736f038a3b105ac3809247/lxml-4.6.3.tar.gz",
2022-12-27T11:53:01.0800560Z   "package_version": "4.6.3",
2022-12-27T11:53:01.0800790Z   "python_version": "3.9",
2022-12-27T11:53:01.0800930Z   "use_ccache": "true"
2022-12-27T11:53:01.0801120Z }
2022-12-27T11:53:01.1007430Z ##[group]Run actions/setup-python@v4
2022-12-27T11:53:01.1007640Z with:
2022-12-27T11:53:01.1007830Z   python-version: 3.9
2022-12-27T11:53:01.1008080Z   check-latest: false
2022-12-27T11:53:01.1008350Z   token: ***
2022-12-27T11:53:01.1008530Z   update-environment: true
2022-12-27T11:53:01.1008700Z ##[endgroup]
2022-12-27T11:53:01.2224980Z ##[group]Installed versions
2022-12-27T11:53:01.2327990Z Successfully set up CPython (3.9.16)
2022-12-27T11:53:01.2328800Z ##[endgroup]
2022-12-27T11:53:01.2476680Z ##[group]Run if [ "true" == "true" ]
2022-12-27T11:53:01.2477030Z [36;1mif [ "true" == "true" ][0m
2022-12-27T11:53:01.2477220Z [36;1mthen[0m
2022-12-27T11:53:01.2477400Z [36;1m  echo "CCACHE_PATH_PREPEND=/usr/local/opt/ccache/libexec" >> $GITHUB_OUTPUT[0m
2022-12-27T11:53:01.2477680Z [36;1melse[0m
2022-12-27T11:53:01.2477870Z [36;1m  echo "CCACHE_PATH_PREPEND=" >> $GITHUB_OUTPUT[0m
2022-12-27T11:53:01.2478100Z [36;1mfi[0m
2022-12-27T11:53:01.2494150Z shell: /bin/bash -e {0}
2022-12-27T11:53:01.2494500Z env:
2022-12-27T11:53:01.2494720Z   pythonLocation: /Users/runner/hostedtoolcache/Python/3.9.16/x64
2022-12-27T11:53:01.2494940Z   PKG_CONFIG_PATH: /Users/runner/hostedtoolcache/Python/3.9.16/x64/lib/pkgconfig
2022-12-27T11:53:01.2495190Z   Python_ROOT_DIR: /Users/runner/hostedtoolcache/Python/3.9.16/x64
2022-12-27T11:53:01.2495490Z   Python2_ROOT_DIR: /Users/runner/hostedtoolcache/Python/3.9.16/x64
2022-12-27T11:53:01.2495740Z   Python3_ROOT_DIR: /Users/runner/hostedtoolcache/Python/3.9.16/x64
2022-12-27T11:53:01.2496270Z ##[endgroup]
2022-12-27T11:53:01.2600880Z ##[group]Run echo "BUILD_NAME=$(echo lxml_4.6.3_3.9 | tr -dc '[:alnum:]\n\r' | tr '[:upper:]' '[:lower:]')" >> $GITHUB_OUTPUT
2022-12-27T11:53:01.2601250Z [36;1mecho "BUILD_NAME=$(echo lxml_4.6.3_3.9 | tr -dc '[:alnum:]\n\r' | tr '[:upper:]' '[:lower:]')" >> $GITHUB_OUTPUT[0m
2022-12-27T11:53:01.2653330Z shell: /bin/bash -e {0}
2022-12-27T11:53:01.2653480Z env:
2022-12-27T11:53:01.2653620Z   pythonLocation: /Users/runner/hostedtoolcache/Python/3.9.16/x64
2022-12-27T11:53:01.2653810Z   PKG_CONFIG_PATH: /Users/runner/hostedtoolcache/Python/3.9.16/x64/lib/pkgconfig
2022-12-27T11:53:01.2653990Z   Python_ROOT_DIR: /Users/runner/hostedtoolcache/Python/3.9.16/x64
2022-12-27T11:53:01.2654150Z   Python2_ROOT_DIR: /Users/runner/hostedtoolcache/Python/3.9.16/x64
2022-12-27T11:53:01.2654310Z   Python3_ROOT_DIR: /Users/runner/hostedtoolcache/Python/3.9.16/x64
2022-12-27T11:53:01.2654500Z ##[endgroup]
2022-12-27T11:53:01.2762740Z ##[group]Run echo "PYTHON_NO_DOTS=$(echo 3.9 | tr -dc '[:alnum:]\n\r' | tr '[:upper:]' '[:lower:]')" >> $GITHUB_OUTPUT
2022-12-27T11:53:01.2763210Z [36;1mecho "PYTHON_NO_DOTS=$(echo 3.9 | tr -dc '[:alnum:]\n\r' | tr '[:upper:]' '[:lower:]')" >> $GITHUB_OUTPUT[0m
2022-12-27T11:53:01.2776650Z shell: /bin/bash -e {0}
2022-12-27T11:53:01.2776800Z env:
2022-12-27T11:53:01.2777010Z   pythonLocation: /Users/runner/hostedtoolcache/Python/3.9.16/x64
2022-12-27T11:53:01.2777730Z   PKG_CONFIG_PATH: /Users/runner/hostedtoolcache/Python/3.9.16/x64/lib/pkgconfig
2022-12-27T11:53:01.2777980Z   Python_ROOT_DIR: /Users/runner/hostedtoolcache/Python/3.9.16/x64
2022-12-27T11:53:01.2778180Z   Python2_ROOT_DIR: /Users/runner/hostedtoolcache/Python/3.9.16/x64
2022-12-27T11:53:01.2778400Z   Python3_ROOT_DIR: /Users/runner/hostedtoolcache/Python/3.9.16/x64
2022-12-27T11:53:01.2778620Z ##[endgroup]
2022-12-27T11:53:01.2890730Z ##[group]Run rm -rf build_lxml46339
2022-12-27T11:53:01.2891120Z [36;1mrm -rf build_lxml46339[0m
2022-12-27T11:53:01.2891280Z [36;1mmkdir build_lxml46339[0m
2022-12-27T11:53:01.2891550Z [36;1mcd build_lxml46339[0m
2022-12-27T11:53:01.2891860Z [36;1m/usr/local/bin/wget --quiet https://files.pythonhosted.org/packages/e5/21/a2e4517e3d216f0051687eea3d3317557bde68736f038a3b105ac3809247/lxml-4.6.3.tar.gz[0m
2022-12-27T11:53:01.2892120Z [36;1mtar xf *.tar.gz[0m
2022-12-27T11:53:01.2892260Z [36;1mcd *[0m
2022-12-27T11:53:01.2892450Z [36;1mpython -m pip install cibuildwheel==2.11.3[0m
2022-12-27T11:53:01.2892700Z [36;1mpython -m cibuildwheel --output-dir ../wheelsout[0m
2022-12-27T11:53:01.2907290Z shell: /bin/bash -e {0}
2022-12-27T11:53:01.2907480Z env:
2022-12-27T11:53:01.2907770Z   pythonLocation: /Users/runner/hostedtoolcache/Python/3.9.16/x64
2022-12-27T11:53:01.2907990Z   PKG_CONFIG_PATH: /Users/runner/hostedtoolcache/Python/3.9.16/x64/lib/pkgconfig
2022-12-27T11:53:01.2908320Z   Python_ROOT_DIR: /Users/runner/hostedtoolcache/Python/3.9.16/x64
2022-12-27T11:53:01.2908530Z   Python2_ROOT_DIR: /Users/runner/hostedtoolcache/Python/3.9.16/x64
2022-12-27T11:53:01.2908770Z   Python3_ROOT_DIR: /Users/runner/hostedtoolcache/Python/3.9.16/x64
2022-12-27T11:53:01.2909020Z   CIBW_ARCHS_MACOS: arm64
2022-12-27T11:53:01.2909170Z   CIBW_TEST_SKIP: *_arm64
2022-12-27T11:53:01.2909350Z   CIBW_BUILD: cp39-macosx_arm64
2022-12-27T11:53:01.2909540Z   CIBW_BUILD_FRONTEND: pip
2022-12-27T11:53:01.2909680Z   CIBW_BUILD_VERBOSITY: 3
2022-12-27T11:53:01.2910060Z   CIBW_ENVIRONMENT_MACOS:  CFLAGS="-I/usr/local/opt/openssl@3/include" LDFLAGS="-L/usr/local/opt/openssl@3/lib" CPPFLAGS="-I/usr/local/opt/openssl@3/include" MAKEFLAGS="-j$(sysctl -n hw.logicalcpu)" PATH=/usr/local/opt/ccache/libexec:$PATH
2022-12-27T11:53:01.2910420Z   CIBW_BEFORE_BUILD: pip install Cython; if [[ -f requirements.txt ]]; then pip install -r requirements.txt; fi
2022-12-27T11:53:01.2910660Z   MAKEFLAGS: -j$(sysctl -n hw.logicalcpu)
2022-12-27T11:53:01.2910820Z ##[endgroup]
2022-12-27T11:53:01.7360720Z Requirement already satisfied: cibuildwheel==2.11.3 in /Users/runner/hostedtoolcache/Python/3.9.16/x64/lib/python3.9/site-packages (2.11.3)
2022-12-27T11:53:01.7612670Z Requirement already satisfied: tomli in /Users/runner/hostedtoolcache/Python/3.9.16/x64/lib/python3.9/site-packages (from cibuildwheel==2.11.3) (2.0.1)
2022-12-27T11:53:01.7615720Z Requirement already satisfied: platformdirs in /Users/runner/hostedtoolcache/Python/3.9.16/x64/lib/python3.9/site-packages (from cibuildwheel==2.11.3) (2.6.0)
2022-12-27T11:53:01.7618990Z Requirement already satisfied: certifi in /Users/runner/hostedtoolcache/Python/3.9.16/x64/lib/python3.9/site-packages (from cibuildwheel==2.11.3) (2022.12.7)
2022-12-27T11:53:01.7622150Z Requirement already satisfied: filelock in /Users/runner/hostedtoolcache/Python/3.9.16/x64/lib/python3.9/site-packages (from cibuildwheel==2.11.3) (3.8.2)
2022-12-27T11:53:01.7625410Z Requirement already satisfied: bracex in /Users/runner/hostedtoolcache/Python/3.9.16/x64/lib/python3.9/site-packages (from cibuildwheel==2.11.3) (2.3.post1)
2022-12-27T11:53:01.7631160Z Requirement already satisfied: bashlex!=0.13 in /Users/runner/hostedtoolcache/Python/3.9.16/x64/lib/python3.9/site-packages (from cibuildwheel==2.11.3) (0.16)
2022-12-27T11:53:01.7636050Z Requirement already satisfied: packaging>=20.9 in /Users/runner/hostedtoolcache/Python/3.9.16/x64/lib/python3.9/site-packages (from cibuildwheel==2.11.3) (22.0)
2022-12-27T11:53:01.7644140Z Requirement already satisfied: typing-extensions>=4.1.0 in /Users/runner/hostedtoolcache/Python/3.9.16/x64/lib/python3.9/site-packages (from cibuildwheel==2.11.3) (4.4.0)
2022-12-27T11:53:01.9358400Z 
2022-12-27T11:53:01.9358710Z      _ _       _ _   _       _           _
2022-12-27T11:53:01.9359360Z  ___|_| |_ _ _|_| |_| |_ _ _| |_ ___ ___| |
2022-12-27T11:53:01.9360400Z |  _| | . | | | | | . | | | |   | -_| -_| |
2022-12-27T11:53:01.9360660Z |___|_|___|___|_|_|___|_____|_|_|___|___|_|
2022-12-27T11:53:01.9361330Z 
2022-12-27T11:53:01.9361460Z cibuildwheel version 2.11.3
2022-12-27T11:53:01.9361600Z 
2022-12-27T11:53:01.9361730Z Build options:
2022-12-27T11:53:01.9362020Z   platform: macos
2022-12-27T11:53:01.9463200Z   architectures: arm64[0m
2022-12-27T11:53:01.9463480Z   build_selector: 
2022-12-27T11:53:01.9464000Z     build_config: cp39-macosx_arm64
2022-12-27T11:53:01.9464300Z     skip_config: 
2022-12-27T11:53:01.9464810Z     requires_python: None
2022-12-27T11:53:01.9465350Z     prerelease_pythons: False[0m
2022-12-27T11:53:01.9465850Z   [38;5;244mcontainer_engine: docker[0m
2022-12-27T11:53:01.9466320Z   output_dir: /Users/runner/actions-runner/_work/python.build/python.build/build_lxml46339/wheelsout[0m
2022-12-27T11:53:01.9466870Z   package_dir: /Users/runner/actions-runner/_work/python.build/python.build/build_lxml46339/lxml-4.6.3[0m
2022-12-27T11:53:01.9467180Z   test_selector: 
2022-12-27T11:53:01.9467430Z     skip_config: *_arm64[0m
2022-12-27T11:53:01.9467710Z   [38;5;244mbefore_all: [0m
2022-12-27T11:53:01.9468120Z   before_build: pip install Cython; if [[ -f requirements.txt ]]; then pip install -r requirements.txt; fi[0m
2022-12-27T11:53:01.9468550Z   [38;5;244mbefore_test: [0m
2022-12-27T11:53:01.9468800Z   [38;5;244mbuild_frontend: pip[0m
2022-12-27T11:53:01.9469070Z   build_verbosity: 3[0m
2022-12-27T11:53:01.9469350Z   [38;5;244mconfig_settings: [0m
2022-12-27T11:53:01.9469650Z   [38;5;244mdependency_constraints: pinned[0m
2022-12-27T11:53:01.9469930Z   environment: 
2022-12-27T11:53:01.9470240Z     CFLAGS="-I/usr/local/opt/openssl@3/include"
2022-12-27T11:53:01.9470530Z     LDFLAGS="-L/usr/local/opt/openssl@3/lib"
2022-12-27T11:53:01.9470860Z     CPPFLAGS="-I/usr/local/opt/openssl@3/include"
2022-12-27T11:53:01.9471230Z     MAKEFLAGS="-j$(sysctl -n hw.logicalcpu)"
2022-12-27T11:53:01.9471520Z     PATH=/usr/local/opt/ccache/libexec:$PATH[0m
2022-12-27T11:53:01.9471820Z   [38;5;244mmanylinux_images: None[0m
2022-12-27T11:53:01.9472120Z   [38;5;244mmusllinux_images: None[0m
2022-12-27T11:53:01.9472490Z   [38;5;244mrepair_command: delocate-wheel --require-archs {delocate_archs} -w {dest_dir} -v {wheel}[0m
2022-12-27T11:53:01.9473180Z   [38;5;244mtest_command: [0m
2022-12-27T11:53:01.9473460Z   [38;5;244mtest_extras: [0m
2022-12-27T11:53:01.9473740Z   [38;5;244mtest_requires: [0m
2022-12-27T11:53:01.9473850Z 
2022-12-27T11:53:01.9474010Z Cache folder: /Users/runner/Library/Caches/cibuildwheel
2022-12-27T11:53:01.9480990Z 
2022-12-27T11:53:01.9481270Z Here we go!
2022-12-27T11:53:01.9481390Z 
2022-12-27T11:53:01.9531340Z 
2022-12-27T11:53:01.9531680Z [1m[34mBuilding cp39-macosx_arm64 wheel[0m
2022-12-27T11:53:01.9532050Z CPython 3.9 macOS arm64 - Apple Silicon
2022-12-27T11:53:01.9532210Z 
2022-12-27T11:53:01.9534630Z ##[group]Installing Python cp39...
2022-12-27T11:53:01.9534810Z 
2022-12-27T11:53:01.9534990Z + pkgutil --pkgs
2022-12-27T11:53:01.9632400Z ##[endgroup]
2022-12-27T11:53:01.9633310Z                                                               [32m✓ [0m0.01s
2022-12-27T11:53:01.9633790Z ##[group]Setting up build environment...
2022-12-27T11:53:01.9633930Z 
2022-12-27T11:53:01.9652210Z + /Users/runner/hostedtoolcache/Python/3.9.16/x64/bin/python -sS /Users/runner/Library/Caches/cibuildwheel/virtualenv-20.17.0.pyz --activators= --no-periodic-update --pip=22.3.1 --setuptools=65.6.3 --wheel=0.38.4 --symlink-app-data --python /Library/Frameworks/Python.framework/Versions/3.9/bin/python3 /private/var/folders/51/hd414ycd67n82196sw51xqtc0000gn/T/cibw-run-x5gy_amn/cp39-macosx_arm64/build/venv
2022-12-27T11:53:02.1450160Z created virtual environment CPython3.9.13.final.0-64 in 50ms
2022-12-27T11:53:02.1450830Z   creator CPython3Posix(dest=/private/var/folders/51/hd414ycd67n82196sw51xqtc0000gn/T/cibw-run-x5gy_amn/cp39-macosx_arm64/build/venv, clear=False, no_vcs_ignore=False, global=False)
2022-12-27T11:53:02.1451660Z   seeder FromAppData(download=False, pip=22.3.1, setuptools=65.6.3, wheel=0.38.4, via=symlink, app_data_dir=/Users/runner/Library/Application Support/virtualenv)
2022-12-27T11:53:02.1452190Z     added seed packages: pip==22.3.1, setuptools==65.6.3, wheel==0.38.4
2022-12-27T11:53:02.1545910Z + python -m pip install --upgrade pip -c /Users/runner/hostedtoolcache/Python/3.9.16/x64/lib/python3.9/site-packages/cibuildwheel/resources/constraints-python39.txt
2022-12-27T11:53:02.4486250Z Requirement already satisfied: pip in ./lib/python3.9/site-packages (22.3.1)
2022-12-27T11:53:02.5901970Z + which pip
2022-12-27T11:53:02.5916960Z /private/var/folders/51/hd414ycd67n82196sw51xqtc0000gn/T/cibw-run-x5gy_amn/cp39-macosx_arm64/build/venv/bin/pip
2022-12-27T11:53:02.5920150Z + pip --version
2022-12-27T11:53:02.8015620Z pip 22.3.1 from /private/var/folders/51/hd414ycd67n82196sw51xqtc0000gn/T/cibw-run-x5gy_amn/cp39-macosx_arm64/build/venv/lib/python3.9/site-packages/pip (python 3.9)
2022-12-27T11:53:02.8237880Z + which pip
2022-12-27T11:53:02.8267200Z + which python
2022-12-27T11:53:02.8286730Z /private/var/folders/51/hd414ycd67n82196sw51xqtc0000gn/T/cibw-run-x5gy_amn/cp39-macosx_arm64/build/venv/bin/python
2022-12-27T11:53:02.8289210Z + python --version
2022-12-27T11:53:02.8339570Z Python 3.9.13
2022-12-27T11:53:02.8343450Z + which python
2022-12-27T11:53:02.8399530Z ##[endgroup]
2022-12-27T11:53:02.8400010Z                                                               [32m✓ [0m0.88s
2022-12-27T11:53:02.8400660Z ##[group]Installing build tools...
2022-12-27T11:53:02.8400800Z 
2022-12-27T11:53:02.8401220Z + pip install --upgrade setuptools wheel delocate -c /Users/runner/hostedtoolcache/Python/3.9.16/x64/lib/python3.9/site-packages/cibuildwheel/resources/constraints-python39.txt
2022-12-27T11:53:03.1270300Z Requirement already satisfied: setuptools in /private/var/folders/51/hd414ycd67n82196sw51xqtc0000gn/T/cibw-run-x5gy_amn/cp39-macosx_arm64/build/venv/lib/python3.9/site-packages (65.6.3)
2022-12-27T11:53:03.3489820Z Requirement already satisfied: wheel in /private/var/folders/51/hd414ycd67n82196sw51xqtc0000gn/T/cibw-run-x5gy_amn/cp39-macosx_arm64/build/venv/lib/python3.9/site-packages (0.38.4)
2022-12-27T11:53:03.4032140Z Collecting delocate
2022-12-27T11:53:03.4056360Z   Using cached delocate-0.10.3-py3-none-any.whl (142 kB)
2022-12-27T11:53:03.4276980Z Collecting typing-extensions
2022-12-27T11:53:03.4297080Z   Using cached typing_extensions-4.4.0-py3-none-any.whl (26 kB)
2022-12-27T11:53:03.4546940Z Collecting packaging>=20.9
2022-12-27T11:53:03.4568700Z   Using cached packaging-21.3-py3-none-any.whl (40 kB)
2022-12-27T11:53:03.4941390Z Collecting pyparsing!=3.0.5,>=2.0.2
2022-12-27T11:53:03.4961840Z   Using cached pyparsing-3.0.9-py3-none-any.whl (98 kB)
2022-12-27T11:53:03.5320270Z Installing collected packages: typing-extensions, pyparsing, packaging, delocate
2022-12-27T11:53:03.6762090Z Successfully installed delocate-0.10.3 packaging-21.3 pyparsing-3.0.9 typing-extensions-4.4.0
2022-12-27T11:53:03.7220640Z ##[endgroup]
2022-12-27T11:53:03.7221390Z                                                               [32m✓ [0m0.88s
2022-12-27T11:53:03.7221810Z ##[group]Running before_build...
2022-12-27T11:53:03.7221950Z 
2022-12-27T11:53:03.7228320Z + pip install Cython; if [[ -f requirements.txt ]]; then pip install -r requirements.txt; fi
2022-12-27T11:53:04.4115790Z Collecting Cython
2022-12-27T11:53:04.4162310Z   Using cached Cython-0.29.32-py2.py3-none-any.whl (986 kB)
2022-12-27T11:53:04.4589060Z Installing collected packages: Cython
2022-12-27T11:53:04.9348600Z Successfully installed Cython-0.29.32
2022-12-27T11:53:05.2653240Z Requirement already satisfied: Cython>=0.29.7 in /private/var/folders/51/hd414ycd67n82196sw51xqtc0000gn/T/cibw-run-x5gy_amn/cp39-macosx_arm64/build/venv/lib/python3.9/site-packages (from -r requirements.txt (line 1)) (0.29.32)
2022-12-27T11:53:05.3301880Z ##[endgroup]
2022-12-27T11:53:05.3302540Z                                                               [32m✓ [0m1.61s
2022-12-27T11:53:05.3303120Z ##[group]Building wheel...
2022-12-27T11:53:05.3303280Z 
2022-12-27T11:53:05.3309610Z + python -m pip wheel /Users/runner/actions-runner/_work/python.build/python.build/build_lxml46339/lxml-4.6.3 --wheel-dir=/private/var/folders/51/hd414ycd67n82196sw51xqtc0000gn/T/cibw-run-x5gy_amn/cp39-macosx_arm64/built_wheel --no-deps -vvv
2022-12-27T11:53:05.6043620Z Created temporary directory: /private/var/folders/51/hd414ycd67n82196sw51xqtc0000gn/T/pip-ephem-wheel-cache-b_24xb1q
2022-12-27T11:53:05.6047720Z Created temporary directory: /private/var/folders/51/hd414ycd67n82196sw51xqtc0000gn/T/pip-build-tracker-e5h8jx_w
2022-12-27T11:53:05.6049700Z Initialized build tracking at /private/var/folders/51/hd414ycd67n82196sw51xqtc0000gn/T/pip-build-tracker-e5h8jx_w
2022-12-27T11:53:05.6051720Z Created build tracker: /private/var/folders/51/hd414ycd67n82196sw51xqtc0000gn/T/pip-build-tracker-e5h8jx_w
2022-12-27T11:53:05.6052700Z Entered build tracker: /private/var/folders/51/hd414ycd67n82196sw51xqtc0000gn/T/pip-build-tracker-e5h8jx_w
2022-12-27T11:53:05.6056040Z Created temporary directory: /private/var/folders/51/hd414ycd67n82196sw51xqtc0000gn/T/pip-wheel-tglpm34h
2022-12-27T11:53:05.6062820Z Created temporary directory: /private/var/folders/51/hd414ycd67n82196sw51xqtc0000gn/T/pip-ephem-wheel-cache-hgzdgtim
2022-12-27T11:53:05.6245080Z Processing /Users/runner/actions-runner/_work/python.build/python.build/build_lxml46339/lxml-4.6.3
2022-12-27T11:53:05.6250350Z   Added file:///Users/runner/actions-runner/_work/python.build/python.build/build_lxml46339/lxml-4.6.3 to build tracker '/private/var/folders/51/hd414ycd67n82196sw51xqtc0000gn/T/pip-build-tracker-e5h8jx_w'
2022-12-27T11:53:05.6254340Z   Running setup.py (path:/Users/runner/actions-runner/_work/python.build/python.build/build_lxml46339/lxml-4.6.3/setup.py) egg_info for package from file:///Users/runner/actions-runner/_work/python.build/python.build/build_lxml46339/lxml-4.6.3
2022-12-27T11:53:05.6258060Z   Created temporary directory: /private/var/folders/51/hd414ycd67n82196sw51xqtc0000gn/T/pip-pip-egg-info-7rziu0_r
2022-12-27T11:53:05.6258920Z   Preparing metadata (setup.py): started
2022-12-27T11:53:05.6260980Z   Running command python setup.py egg_info
2022-12-27T11:53:05.9764050Z   Building lxml version 4.6.3.
2022-12-27T11:53:05.9765260Z   Building without Cython.
2022-12-27T11:53:05.9766740Z   Building against libxml2 2.9.4 and libxslt 1.1.29
2022-12-27T11:53:05.9768720Z   Building against libxml2/libxslt in the following directory: /Library/Developer/CommandLineTools/SDKs/MacOSX12.1.sdk/usr/lib
2022-12-27T11:53:05.9769860Z   running egg_info
2022-12-27T11:53:05.9772440Z   creating /private/var/folders/51/hd414ycd67n82196sw51xqtc0000gn/T/pip-pip-egg-info-7rziu0_r/lxml.egg-info
2022-12-27T11:53:05.9773610Z   writing /private/var/folders/51/hd414ycd67n82196sw51xqtc0000gn/T/pip-pip-egg-info-7rziu0_r/lxml.egg-info/PKG-INFO
2022-12-27T11:53:05.9775320Z   writing dependency_links to /private/var/folders/51/hd414ycd67n82196sw51xqtc0000gn/T/pip-pip-egg-info-7rziu0_r/lxml.egg-info/dependency_links.txt
2022-12-27T11:53:05.9779240Z   writing requirements to /private/var/folders/51/hd414ycd67n82196sw51xqtc0000gn/T/pip-pip-egg-info-7rziu0_r/lxml.egg-info/requires.txt
2022-12-27T11:53:05.9782050Z   writing top-level names to /private/var/folders/51/hd414ycd67n82196sw51xqtc0000gn/T/pip-pip-egg-info-7rziu0_r/lxml.egg-info/top_level.txt
2022-12-27T11:53:05.9784150Z   writing manifest file '/private/var/folders/51/hd414ycd67n82196sw51xqtc0000gn/T/pip-pip-egg-info-7rziu0_r/lxml.egg-info/SOURCES.txt'
2022-12-27T11:53:05.9879620Z   reading manifest file '/private/var/folders/51/hd414ycd67n82196sw51xqtc0000gn/T/pip-pip-egg-info-7rziu0_r/lxml.egg-info/SOURCES.txt'
2022-12-27T11:53:05.9882470Z   reading manifest template 'MANIFEST.in'
2022-12-27T11:53:06.0707690Z   adding license file 'LICENSES.txt'
2022-12-27T11:53:06.0748850Z   writing manifest file '/private/var/folders/51/hd414ycd67n82196sw51xqtc0000gn/T/pip-pip-egg-info-7rziu0_r/lxml.egg-info/SOURCES.txt'
2022-12-27T11:53:06.0994200Z   Preparing metadata (setup.py): finished with status 'done'
2022-12-27T11:53:06.1020830Z   Source in /Users/runner/actions-runner/_work/python.build/python.build/build_lxml46339/lxml-4.6.3 has version 4.6.3, which satisfies requirement lxml==4.6.3 from file:///Users/runner/actions-runner/_work/python.build/python.build/build_lxml46339/lxml-4.6.3
2022-12-27T11:53:06.1023970Z   Removed lxml==4.6.3 from file:///Users/runner/actions-runner/_work/python.build/python.build/build_lxml46339/lxml-4.6.3 from build tracker '/private/var/folders/51/hd414ycd67n82196sw51xqtc0000gn/T/pip-build-tracker-e5h8jx_w'
2022-12-27T11:53:06.1048340Z Created temporary directory: /private/var/folders/51/hd414ycd67n82196sw51xqtc0000gn/T/pip-unpack-3v3w9ac2
2022-12-27T11:53:06.1050670Z Building wheels for collected packages: lxml
2022-12-27T11:53:06.1057550Z   Created temporary directory: /private/var/folders/51/hd414ycd67n82196sw51xqtc0000gn/T/pip-wheel-40ubp0n0
2022-12-27T11:53:06.1059610Z   Building wheel for lxml (setup.py): started
2022-12-27T11:53:06.1061410Z   Destination directory: /private/var/folders/51/hd414ycd67n82196sw51xqtc0000gn/T/pip-wheel-40ubp0n0
2022-12-27T11:53:06.1062790Z   Running command python setup.py bdist_wheel
2022-12-27T11:53:06.2608480Z   Building lxml version 4.6.3.
2022-12-27T11:53:06.2609840Z   Building without Cython.
2022-12-27T11:53:06.2896880Z   Building against libxml2 2.9.4 and libxslt 1.1.29
2022-12-27T11:53:06.4299460Z   Building against libxml2/libxslt in the following directory: /Library/Developer/CommandLineTools/SDKs/MacOSX12.1.sdk/usr/lib
2022-12-27T11:53:06.4569120Z   running bdist_wheel
2022-12-27T11:53:06.4612930Z   running build
2022-12-27T11:53:06.4614610Z   running build_py
2022-12-27T11:53:06.4637290Z   creating build
2022-12-27T11:53:06.4639350Z   creating build/lib.macosx-11.0-arm64-cpython-39
2022-12-27T11:53:06.4641150Z   creating build/lib.macosx-11.0-arm64-cpython-39/lxml
2022-12-27T11:53:06.4642690Z   copying src/lxml/_elementpath.py -> build/lib.macosx-11.0-arm64-cpython-39/lxml
2022-12-27T11:53:06.4644460Z   copying src/lxml/sax.py -> build/lib.macosx-11.0-arm64-cpython-39/lxml
2022-12-27T11:53:06.4648490Z   copying src/lxml/pyclasslookup.py -> build/lib.macosx-11.0-arm64-cpython-39/lxml
2022-12-27T11:53:06.4650160Z   copying src/lxml/__init__.py -> build/lib.macosx-11.0-arm64-cpython-39/lxml
2022-12-27T11:53:06.4651910Z   copying src/lxml/builder.py -> build/lib.macosx-11.0-arm64-cpython-39/lxml
2022-12-27T11:53:06.4654400Z   copying src/lxml/doctestcompare.py -> build/lib.macosx-11.0-arm64-cpython-39/lxml
2022-12-27T11:53:06.4658200Z   copying src/lxml/usedoctest.py -> build/lib.macosx-11.0-arm64-cpython-39/lxml
2022-12-27T11:53:06.4660820Z   copying src/lxml/cssselect.py -> build/lib.macosx-11.0-arm64-cpython-39/lxml
2022-12-27T11:53:06.4662710Z   copying src/lxml/ElementInclude.py -> build/lib.macosx-11.0-arm64-cpython-39/lxml
2022-12-27T11:53:06.4666890Z   creating build/lib.macosx-11.0-arm64-cpython-39/lxml/includes
2022-12-27T11:53:06.4668900Z   copying src/lxml/includes/__init__.py -> build/lib.macosx-11.0-arm64-cpython-39/lxml/includes
2022-12-27T11:53:06.4674540Z   creating build/lib.macosx-11.0-arm64-cpython-39/lxml/html
2022-12-27T11:53:06.4676280Z   copying src/lxml/html/soupparser.py -> build/lib.macosx-11.0-arm64-cpython-39/lxml/html
2022-12-27T11:53:06.4678510Z   copying src/lxml/html/defs.py -> build/lib.macosx-11.0-arm64-cpython-39/lxml/html
2022-12-27T11:53:06.4681630Z   copying src/lxml/html/_setmixin.py -> build/lib.macosx-11.0-arm64-cpython-39/lxml/html
2022-12-27T11:53:06.4683950Z   copying src/lxml/html/clean.py -> build/lib.macosx-11.0-arm64-cpython-39/lxml/html
2022-12-27T11:53:06.4687160Z   copying src/lxml/html/_diffcommand.py -> build/lib.macosx-11.0-arm64-cpython-39/lxml/html
2022-12-27T11:53:06.4689570Z   copying src/lxml/html/html5parser.py -> build/lib.macosx-11.0-arm64-cpython-39/lxml/html
2022-12-27T11:53:06.4692110Z   copying src/lxml/html/__init__.py -> build/lib.macosx-11.0-arm64-cpython-39/lxml/html
2022-12-27T11:53:06.4695200Z   copying src/lxml/html/formfill.py -> build/lib.macosx-11.0-arm64-cpython-39/lxml/html
2022-12-27T11:53:06.4697710Z   copying src/lxml/html/builder.py -> build/lib.macosx-11.0-arm64-cpython-39/lxml/html
2022-12-27T11:53:06.4700000Z   copying src/lxml/html/ElementSoup.py -> build/lib.macosx-11.0-arm64-cpython-39/lxml/html
2022-12-27T11:53:06.4702720Z   copying src/lxml/html/_html5builder.py -> build/lib.macosx-11.0-arm64-cpython-39/lxml/html
2022-12-27T11:53:06.4705400Z   copying src/lxml/html/usedoctest.py -> build/lib.macosx-11.0-arm64-cpython-39/lxml/html
2022-12-27T11:53:06.4707650Z   copying src/lxml/html/diff.py -> build/lib.macosx-11.0-arm64-cpython-39/lxml/html
2022-12-27T11:53:06.4712330Z   creating build/lib.macosx-11.0-arm64-cpython-39/lxml/isoschematron
2022-12-27T11:53:06.4713760Z   copying src/lxml/isoschematron/__init__.py -> build/lib.macosx-11.0-arm64-cpython-39/lxml/isoschematron
2022-12-27T11:53:06.4739930Z   copying src/lxml/etree.h -> build/lib.macosx-11.0-arm64-cpython-39/lxml
2022-12-27T11:53:06.4743320Z   copying src/lxml/etree_api.h -> build/lib.macosx-11.0-arm64-cpython-39/lxml
2022-12-27T11:53:06.4746330Z   copying src/lxml/lxml.etree.h -> build/lib.macosx-11.0-arm64-cpython-39/lxml
2022-12-27T11:53:06.4750530Z   copying src/lxml/lxml.etree_api.h -> build/lib.macosx-11.0-arm64-cpython-39/lxml
2022-12-27T11:53:06.4753430Z   copying src/lxml/includes/xmlerror.pxd -> build/lib.macosx-11.0-arm64-cpython-39/lxml/includes
2022-12-27T11:53:06.4757000Z   copying src/lxml/includes/c14n.pxd -> build/lib.macosx-11.0-arm64-cpython-39/lxml/includes
2022-12-27T11:53:06.4759580Z   copying src/lxml/includes/xmlschema.pxd -> build/lib.macosx-11.0-arm64-cpython-39/lxml/includes
2022-12-27T11:53:06.4762600Z   copying src/lxml/includes/__init__.pxd -> build/lib.macosx-11.0-arm64-cpython-39/lxml/includes
2022-12-27T11:53:06.4764950Z   copying src/lxml/includes/schematron.pxd -> build/lib.macosx-11.0-arm64-cpython-39/lxml/includes
2022-12-27T11:53:06.4766850Z   copying src/lxml/includes/tree.pxd -> build/lib.macosx-11.0-arm64-cpython-39/lxml/includes
2022-12-27T11:53:06.4770310Z   copying src/lxml/includes/uri.pxd -> build/lib.macosx-11.0-arm64-cpython-39/lxml/includes
2022-12-27T11:53:06.4772740Z   copying src/lxml/includes/etreepublic.pxd -> build/lib.macosx-11.0-arm64-cpython-39/lxml/includes
2022-12-27T11:53:06.4776420Z   copying src/lxml/includes/xpath.pxd -> build/lib.macosx-11.0-arm64-cpython-39/lxml/includes
2022-12-27T11:53:06.4778570Z   copying src/lxml/includes/htmlparser.pxd -> build/lib.macosx-11.0-arm64-cpython-39/lxml/includes
2022-12-27T11:53:06.4781570Z   copying src/lxml/includes/xslt.pxd -> build/lib.macosx-11.0-arm64-cpython-39/lxml/includes
2022-12-27T11:53:06.4784210Z   copying src/lxml/includes/config.pxd -> build/lib.macosx-11.0-arm64-cpython-39/lxml/includes
2022-12-27T11:53:06.4786750Z   copying src/lxml/includes/xmlparser.pxd -> build/lib.macosx-11.0-arm64-cpython-39/lxml/includes
2022-12-27T11:53:06.4789710Z   copying src/lxml/includes/xinclude.pxd -> build/lib.macosx-11.0-arm64-cpython-39/lxml/includes
2022-12-27T11:53:06.4793460Z   copying src/lxml/includes/dtdvalid.pxd -> build/lib.macosx-11.0-arm64-cpython-39/lxml/includes
2022-12-27T11:53:06.4796100Z   copying src/lxml/includes/relaxng.pxd -> build/lib.macosx-11.0-arm64-cpython-39/lxml/includes
2022-12-27T11:53:06.4798700Z   copying src/lxml/includes/lxml-version.h -> build/lib.macosx-11.0-arm64-cpython-39/lxml/includes
2022-12-27T11:53:06.4801860Z   copying src/lxml/includes/etree_defs.h -> build/lib.macosx-11.0-arm64-cpython-39/lxml/includes
2022-12-27T11:53:06.4805150Z   creating build/lib.macosx-11.0-arm64-cpython-39/lxml/isoschematron/resources
2022-12-27T11:53:06.4806860Z   creating build/lib.macosx-11.0-arm64-cpython-39/lxml/isoschematron/resources/rng
2022-12-27T11:53:06.4808620Z   copying src/lxml/isoschematron/resources/rng/iso-schematron.rng -> build/lib.macosx-11.0-arm64-cpython-39/lxml/isoschematron/resources/rng
2022-12-27T11:53:06.4810940Z   creating build/lib.macosx-11.0-arm64-cpython-39/lxml/isoschematron/resources/xsl
2022-12-27T11:53:06.4813230Z   copying src/lxml/isoschematron/resources/xsl/XSD2Schtrn.xsl -> build/lib.macosx-11.0-arm64-cpython-39/lxml/isoschematron/resources/xsl
2022-12-27T11:53:06.4815460Z   copying src/lxml/isoschematron/resources/xsl/RNG2Schtrn.xsl -> build/lib.macosx-11.0-arm64-cpython-39/lxml/isoschematron/resources/xsl
2022-12-27T11:53:06.4819320Z   creating build/lib.macosx-11.0-arm64-cpython-39/lxml/isoschematron/resources/xsl/iso-schematron-xslt1
2022-12-27T11:53:06.4821150Z   copying src/lxml/isoschematron/resources/xsl/iso-schematron-xslt1/iso_abstract_expand.xsl -> build/lib.macosx-11.0-arm64-cpython-39/lxml/isoschematron/resources/xsl/iso-schematron-xslt1
2022-12-27T11:53:06.4822950Z   copying src/lxml/isoschematron/resources/xsl/iso-schematron-xslt1/iso_dsdl_include.xsl -> build/lib.macosx-11.0-arm64-cpython-39/lxml/isoschematron/resources/xsl/iso-schematron-xslt1
2022-12-27T11:53:06.4826960Z   copying src/lxml/isoschematron/resources/xsl/iso-schematron-xslt1/iso_schematron_skeleton_for_xslt1.xsl -> build/lib.macosx-11.0-arm64-cpython-39/lxml/isoschematron/resources/xsl/iso-schematron-xslt1
2022-12-27T11:53:06.4830130Z   copying src/lxml/isoschematron/resources/xsl/iso-schematron-xslt1/iso_svrl_for_xslt1.xsl -> build/lib.macosx-11.0-arm64-cpython-39/lxml/isoschematron/resources/xsl/iso-schematron-xslt1
2022-12-27T11:53:06.4833750Z   copying src/lxml/isoschematron/resources/xsl/iso-schematron-xslt1/iso_schematron_message.xsl -> build/lib.macosx-11.0-arm64-cpython-39/lxml/isoschematron/resources/xsl/iso-schematron-xslt1
2022-12-27T11:53:06.4837240Z   copying src/lxml/isoschematron/resources/xsl/iso-schematron-xslt1/readme.txt -> build/lib.macosx-11.0-arm64-cpython-39/lxml/isoschematron/resources/xsl/iso-schematron-xslt1
2022-12-27T11:53:06.4850100Z   running build_ext
2022-12-27T11:53:06.5147820Z   building 'lxml.etree' extension
2022-12-27T11:53:06.5149560Z   creating build/temp.macosx-11.0-arm64-cpython-39
2022-12-27T11:53:06.5151700Z   creating build/temp.macosx-11.0-arm64-cpython-39/src
2022-12-27T11:53:06.5153620Z   creating build/temp.macosx-11.0-arm64-cpython-39/src/lxml
2022-12-27T11:53:06.5157000Z   gcc -Wno-unused-result -Wsign-compare -Wunreachable-code -fno-common -dynamic -DNDEBUG -g -fwrapv -O3 -Wall -g -I/usr/local/opt/openssl@3/include -I/usr/local/opt/openssl@3/include -arch arm64 -DCYTHON_CLINE_IN_TRACEBACK=0 -I/Library/Developer/CommandLineTools/SDKs/MacOSX12.1.sdk/usr/include -Isrc -Isrc/lxml/includes -I/private/var/folders/51/hd414ycd67n82196sw51xqtc0000gn/T/cibw-run-x5gy_amn/cp39-macosx_arm64/build/venv/include -I/Library/Frameworks/Python.framework/Versions/3.9/include/python3.9 -c src/lxml/etree.c -o build/temp.macosx-11.0-arm64-cpython-39/src/lxml/etree.o -w -flat_namespace
2022-12-27T11:53:30.4806580Z   gcc -bundle -undefined dynamic_lookup -g -L/usr/local/opt/openssl@3/lib -I/usr/local/opt/openssl@3/include -I/usr/local/opt/openssl@3/include -arch arm64 build/temp.macosx-11.0-arm64-cpython-39/src/lxml/etree.o -L/Library/Developer/CommandLineTools/SDKs/MacOSX12.1.sdk/usr/lib -lxslt -lexslt -lxml2 -lz -lm -o build/lib.macosx-11.0-arm64-cpython-39/lxml/etree.cpython-39-darwin.so -isysroot /Library/Developer/CommandLineTools/SDKs/MacOSX12.1.sdk
2022-12-27T11:53:30.5717260Z   building 'lxml.objectify' extension
2022-12-27T11:53:30.5721110Z   gcc -Wno-unused-result -Wsign-compare -Wunreachable-code -fno-common -dynamic -DNDEBUG -g -fwrapv -O3 -Wall -g -I/usr/local/opt/openssl@3/include -I/usr/local/opt/openssl@3/include -arch arm64 -DCYTHON_CLINE_IN_TRACEBACK=0 -I/Library/Developer/CommandLineTools/SDKs/MacOSX12.1.sdk/usr/include -Isrc -Isrc/lxml/includes -I/private/var/folders/51/hd414ycd67n82196sw51xqtc0000gn/T/cibw-run-x5gy_amn/cp39-macosx_arm64/build/venv/include -I/Library/Frameworks/Python.framework/Versions/3.9/include/python3.9 -c src/lxml/objectify.c -o build/temp.macosx-11.0-arm64-cpython-39/src/lxml/objectify.o -w -flat_namespace
2022-12-27T11:53:34.9168520Z   gcc -bundle -undefined dynamic_lookup -g -L/usr/local/opt/openssl@3/lib -I/usr/local/opt/openssl@3/include -I/usr/local/opt/openssl@3/include -arch arm64 build/temp.macosx-11.0-arm64-cpython-39/src/lxml/objectify.o -L/Library/Developer/CommandLineTools/SDKs/MacOSX12.1.sdk/usr/lib -lxslt -lexslt -lxml2 -lz -lm -o build/lib.macosx-11.0-arm64-cpython-39/lxml/objectify.cpython-39-darwin.so -isysroot /Library/Developer/CommandLineTools/SDKs/MacOSX12.1.sdk
2022-12-27T11:53:34.9709170Z   building 'lxml.builder' extension
2022-12-27T11:53:34.9712570Z   gcc -Wno-unused-result -Wsign-compare -Wunreachable-code -fno-common -dynamic -DNDEBUG -g -fwrapv -O3 -Wall -g -I/usr/local/opt/openssl@3/include -I/usr/local/opt/openssl@3/include -arch arm64 -DCYTHON_CLINE_IN_TRACEBACK=0 -I/Library/Developer/CommandLineTools/SDKs/MacOSX12.1.sdk/usr/include -Isrc -Isrc/lxml/includes -I/private/var/folders/51/hd414ycd67n82196sw51xqtc0000gn/T/cibw-run-x5gy_amn/cp39-macosx_arm64/build/venv/include -I/Library/Frameworks/Python.framework/Versions/3.9/include/python3.9 -c src/lxml/builder.c -o build/temp.macosx-11.0-arm64-cpython-39/src/lxml/builder.o -w -flat_namespace
2022-12-27T11:53:35.9284670Z   gcc -bundle -undefined dynamic_lookup -g -L/usr/local/opt/openssl@3/lib -I/usr/local/opt/openssl@3/include -I/usr/local/opt/openssl@3/include -arch arm64 build/temp.macosx-11.0-arm64-cpython-39/src/lxml/builder.o -o build/lib.macosx-11.0-arm64-cpython-39/lxml/builder.cpython-39-darwin.so
2022-12-27T11:53:35.9762680Z   building 'lxml._elementpath' extension
2022-12-27T11:53:35.9766890Z   gcc -Wno-unused-result -Wsign-compare -Wunreachable-code -fno-common -dynamic -DNDEBUG -g -fwrapv -O3 -Wall -g -I/usr/local/opt/openssl@3/include -I/usr/local/opt/openssl@3/include -arch arm64 -DCYTHON_CLINE_IN_TRACEBACK=0 -I/Library/Developer/CommandLineTools/SDKs/MacOSX12.1.sdk/usr/include -Isrc -Isrc/lxml/includes -I/private/var/folders/51/hd414ycd67n82196sw51xqtc0000gn/T/cibw-run-x5gy_amn/cp39-macosx_arm64/build/venv/include -I/Library/Frameworks/Python.framework/Versions/3.9/include/python3.9 -c src/lxml/_elementpath.c -o build/temp.macosx-11.0-arm64-cpython-39/src/lxml/_elementpath.o -w -flat_namespace
2022-12-27T11:53:37.8583640Z   gcc -bundle -undefined dynamic_lookup -g -L/usr/local/opt/openssl@3/lib -I/usr/local/opt/openssl@3/include -I/usr/local/opt/openssl@3/include -arch arm64 build/temp.macosx-11.0-arm64-cpython-39/src/lxml/_elementpath.o -o build/lib.macosx-11.0-arm64-cpython-39/lxml/_elementpath.cpython-39-darwin.so
2022-12-27T11:53:37.9069500Z   building 'lxml.html.diff' extension
2022-12-27T11:53:37.9070830Z   creating build/temp.macosx-11.0-arm64-cpython-39/src/lxml/html
2022-12-27T11:53:37.9075110Z   gcc -Wno-unused-result -Wsign-compare -Wunreachable-code -fno-common -dynamic -DNDEBUG -g -fwrapv -O3 -Wall -g -I/usr/local/opt/openssl@3/include -I/usr/local/opt/openssl@3/include -arch arm64 -DCYTHON_CLINE_IN_TRACEBACK=0 -I/Library/Developer/CommandLineTools/SDKs/MacOSX12.1.sdk/usr/include -Isrc -Isrc/lxml/includes -I/private/var/folders/51/hd414ycd67n82196sw51xqtc0000gn/T/cibw-run-x5gy_amn/cp39-macosx_arm64/build/venv/include -I/Library/Frameworks/Python.framework/Versions/3.9/include/python3.9 -c src/lxml/html/diff.c -o build/temp.macosx-11.0-arm64-cpython-39/src/lxml/html/diff.o -w -flat_namespace
2022-12-27T11:53:42.2925110Z   gcc -bundle -undefined dynamic_lookup -g -L/usr/local/opt/openssl@3/lib -I/usr/local/opt/openssl@3/include -I/usr/local/opt/openssl@3/include -arch arm64 build/temp.macosx-11.0-arm64-cpython-39/src/lxml/html/diff.o -o build/lib.macosx-11.0-arm64-cpython-39/lxml/html/diff.cpython-39-darwin.so
2022-12-27T11:53:42.3459370Z   building 'lxml.html.clean' extension
2022-12-27T11:53:42.3463050Z   gcc -Wno-unused-result -Wsign-compare -Wunreachable-code -fno-common -dynamic -DNDEBUG -g -fwrapv -O3 -Wall -g -I/usr/local/opt/openssl@3/include -I/usr/local/opt/openssl@3/include -arch arm64 -DCYTHON_CLINE_IN_TRACEBACK=0 -I/Library/Developer/CommandLineTools/SDKs/MacOSX12.1.sdk/usr/include -Isrc -Isrc/lxml/includes -I/private/var/folders/51/hd414ycd67n82196sw51xqtc0000gn/T/cibw-run-x5gy_amn/cp39-macosx_arm64/build/venv/include -I/Library/Frameworks/Python.framework/Versions/3.9/include/python3.9 -c src/lxml/html/clean.c -o build/temp.macosx-11.0-arm64-cpython-39/src/lxml/html/clean.o -w -flat_namespace
2022-12-27T11:53:45.7331520Z   gcc -bundle -undefined dynamic_lookup -g -L/usr/local/opt/openssl@3/lib -I/usr/local/opt/openssl@3/include -I/usr/local/opt/openssl@3/include -arch arm64 build/temp.macosx-11.0-arm64-cpython-39/src/lxml/html/clean.o -o build/lib.macosx-11.0-arm64-cpython-39/lxml/html/clean.cpython-39-darwin.so
2022-12-27T11:53:45.7858660Z   building 'lxml.sax' extension
2022-12-27T11:53:45.7862910Z   gcc -Wno-unused-result -Wsign-compare -Wunreachable-code -fno-common -dynamic -DNDEBUG -g -fwrapv -O3 -Wall -g -I/usr/local/opt/openssl@3/include -I/usr/local/opt/openssl@3/include -arch arm64 -DCYTHON_CLINE_IN_TRACEBACK=0 -I/Library/Developer/CommandLineTools/SDKs/MacOSX12.1.sdk/usr/include -Isrc -Isrc/lxml/includes -I/private/var/folders/51/hd414ycd67n82196sw51xqtc0000gn/T/cibw-run-x5gy_amn/cp39-macosx_arm64/build/venv/include -I/Library/Frameworks/Python.framework/Versions/3.9/include/python3.9 -c src/lxml/sax.c -o build/temp.macosx-11.0-arm64-cpython-39/src/lxml/sax.o -w -flat_namespace
2022-12-27T11:53:47.5850700Z   gcc -bundle -undefined dynamic_lookup -g -L/usr/local/opt/openssl@3/lib -I/usr/local/opt/openssl@3/include -I/usr/local/opt/openssl@3/include -arch arm64 build/temp.macosx-11.0-arm64-cpython-39/src/lxml/sax.o -o build/lib.macosx-11.0-arm64-cpython-39/lxml/sax.cpython-39-darwin.so
2022-12-27T11:53:47.6393510Z   /private/var/folders/51/hd414ycd67n82196sw51xqtc0000gn/T/cibw-run-x5gy_amn/cp39-macosx_arm64/build/venv/lib/python3.9/site-packages/setuptools/command/install.py:34: SetuptoolsDeprecationWarning: setup.py install is deprecated. Use build and pip and other standards-based tools.
2022-12-27T11:53:47.6394120Z     warnings.warn(
2022-12-27T11:53:47.6407980Z   installing to build/bdist.macosx-11.0-arm64/wheel
2022-12-27T11:53:47.6408810Z   running install
2022-12-27T11:53:47.6462820Z   running install_lib
2022-12-27T11:53:47.6479720Z   creating build/bdist.macosx-11.0-arm64
2022-12-27T11:53:47.6481380Z   creating build/bdist.macosx-11.0-arm64/wheel
2022-12-27T11:53:47.6484720Z   creating build/bdist.macosx-11.0-arm64/wheel/lxml
2022-12-27T11:53:47.6487330Z   copying build/lib.macosx-11.0-arm64-cpython-39/lxml/_elementpath.py -> build/bdist.macosx-11.0-arm64/wheel/lxml
2022-12-27T11:53:47.6489880Z   copying build/lib.macosx-11.0-arm64-cpython-39/lxml/etree.cpython-39-darwin.so -> build/bdist.macosx-11.0-arm64/wheel/lxml
2022-12-27T11:53:47.6510660Z   creating build/bdist.macosx-11.0-arm64/wheel/lxml/isoschematron
2022-12-27T11:53:47.6513110Z   creating build/bdist.macosx-11.0-arm64/wheel/lxml/isoschematron/resources
2022-12-27T11:53:47.6515070Z   creating build/bdist.macosx-11.0-arm64/wheel/lxml/isoschematron/resources/xsl
2022-12-27T11:53:47.6518530Z   copying build/lib.macosx-11.0-arm64-cpython-39/lxml/isoschematron/resources/xsl/XSD2Schtrn.xsl -> build/bdist.macosx-11.0-arm64/wheel/lxml/isoschematron/resources/xsl
2022-12-27T11:53:47.6521990Z   creating build/bdist.macosx-11.0-arm64/wheel/lxml/isoschematron/resources/xsl/iso-schematron-xslt1
2022-12-27T11:53:47.6524400Z   copying build/lib.macosx-11.0-arm64-cpython-39/lxml/isoschematron/resources/xsl/iso-schematron-xslt1/iso_abstract_expand.xsl -> build/bdist.macosx-11.0-arm64/wheel/lxml/isoschematron/resources/xsl/iso-schematron-xslt1
2022-12-27T11:53:47.6526770Z   copying build/lib.macosx-11.0-arm64-cpython-39/lxml/isoschematron/resources/xsl/iso-schematron-xslt1/iso_dsdl_include.xsl -> build/bdist.macosx-11.0-arm64/wheel/lxml/isoschematron/resources/xsl/iso-schematron-xslt1
2022-12-27T11:53:47.6529100Z   copying build/lib.macosx-11.0-arm64-cpython-39/lxml/isoschematron/resources/xsl/iso-schematron-xslt1/iso_schematron_skeleton_for_xslt1.xsl -> build/bdist.macosx-11.0-arm64/wheel/lxml/isoschematron/resources/xsl/iso-schematron-xslt1
2022-12-27T11:53:47.6532160Z   copying build/lib.macosx-11.0-arm64-cpython-39/lxml/isoschematron/resources/xsl/iso-schematron-xslt1/iso_svrl_for_xslt1.xsl -> build/bdist.macosx-11.0-arm64/wheel/lxml/isoschematron/resources/xsl/iso-schematron-xslt1
2022-12-27T11:53:47.6535140Z   copying build/lib.macosx-11.0-arm64-cpython-39/lxml/isoschematron/resources/xsl/iso-schematron-xslt1/iso_schematron_message.xsl -> build/bdist.macosx-11.0-arm64/wheel/lxml/isoschematron/resources/xsl/iso-schematron-xslt1
2022-12-27T11:53:47.6538210Z   copying build/lib.macosx-11.0-arm64-cpython-39/lxml/isoschematron/resources/xsl/iso-schematron-xslt1/readme.txt -> build/bdist.macosx-11.0-arm64/wheel/lxml/isoschematron/resources/xsl/iso-schematron-xslt1
2022-12-27T11:53:47.6540210Z   copying build/lib.macosx-11.0-arm64-cpython-39/lxml/isoschematron/resources/xsl/RNG2Schtrn.xsl -> build/bdist.macosx-11.0-arm64/wheel/lxml/isoschematron/resources/xsl
2022-12-27T11:53:47.6543780Z   creating build/bdist.macosx-11.0-arm64/wheel/lxml/isoschematron/resources/rng
2022-12-27T11:53:47.6545460Z   copying build/lib.macosx-11.0-arm64-cpython-39/lxml/isoschematron/resources/rng/iso-schematron.rng -> build/bdist.macosx-11.0-arm64/wheel/lxml/isoschematron/resources/rng
2022-12-27T11:53:47.6549520Z   copying build/lib.macosx-11.0-arm64-cpython-39/lxml/isoschematron/__init__.py -> build/bdist.macosx-11.0-arm64/wheel/lxml/isoschematron
2022-12-27T11:53:47.6551170Z   copying build/lib.macosx-11.0-arm64-cpython-39/lxml/objectify.cpython-39-darwin.so -> build/bdist.macosx-11.0-arm64/wheel/lxml
2022-12-27T11:53:47.6558740Z   copying build/lib.macosx-11.0-arm64-cpython-39/lxml/sax.cpython-39-darwin.so -> build/bdist.macosx-11.0-arm64/wheel/lxml
2022-12-27T11:53:47.6566500Z   creating build/bdist.macosx-11.0-arm64/wheel/lxml/includes
2022-12-27T11:53:47.6568010Z   copying build/lib.macosx-11.0-arm64-cpython-39/lxml/includes/xmlerror.pxd -> build/bdist.macosx-11.0-arm64/wheel/lxml/includes
2022-12-27T11:53:47.6571460Z   copying build/lib.macosx-11.0-arm64-cpython-39/lxml/includes/c14n.pxd -> build/bdist.macosx-11.0-arm64/wheel/lxml/includes
2022-12-27T11:53:47.6574060Z   copying build/lib.macosx-11.0-arm64-cpython-39/lxml/includes/xmlschema.pxd -> build/bdist.macosx-11.0-arm64/wheel/lxml/includes
2022-12-27T11:53:47.6577160Z   copying build/lib.macosx-11.0-arm64-cpython-39/lxml/includes/__init__.pxd -> build/bdist.macosx-11.0-arm64/wheel/lxml/includes
2022-12-27T11:53:47.6579550Z   copying build/lib.macosx-11.0-arm64-cpython-39/lxml/includes/lxml-version.h -> build/bdist.macosx-11.0-arm64/wheel/lxml/includes
2022-12-27T11:53:47.6582360Z   copying build/lib.macosx-11.0-arm64-cpython-39/lxml/includes/schematron.pxd -> build/bdist.macosx-11.0-arm64/wheel/lxml/includes
2022-12-27T11:53:47.6586530Z   copying build/lib.macosx-11.0-arm64-cpython-39/lxml/includes/__init__.py -> build/bdist.macosx-11.0-arm64/wheel/lxml/includes
2022-12-27T11:53:47.6589890Z   copying build/lib.macosx-11.0-arm64-cpython-39/lxml/includes/tree.pxd -> build/bdist.macosx-11.0-arm64/wheel/lxml/includes
2022-12-27T11:53:47.6592740Z   copying build/lib.macosx-11.0-arm64-cpython-39/lxml/includes/uri.pxd -> build/bdist.macosx-11.0-arm64/wheel/lxml/includes
2022-12-27T11:53:47.6595720Z   copying build/lib.macosx-11.0-arm64-cpython-39/lxml/includes/etree_defs.h -> build/bdist.macosx-11.0-arm64/wheel/lxml/includes
2022-12-27T11:53:47.6598370Z   copying build/lib.macosx-11.0-arm64-cpython-39/lxml/includes/etreepublic.pxd -> build/bdist.macosx-11.0-arm64/wheel/lxml/includes
2022-12-27T11:53:47.6600980Z   copying build/lib.macosx-11.0-arm64-cpython-39/lxml/includes/xpath.pxd -> build/bdist.macosx-11.0-arm64/wheel/lxml/includes
2022-12-27T11:53:47.6603180Z   copying build/lib.macosx-11.0-arm64-cpython-39/lxml/includes/htmlparser.pxd -> build/bdist.macosx-11.0-arm64/wheel/lxml/includes
2022-12-27T11:53:47.6606010Z   copying build/lib.macosx-11.0-arm64-cpython-39/lxml/includes/xslt.pxd -> build/bdist.macosx-11.0-arm64/wheel/lxml/includes
2022-12-27T11:53:47.6608410Z   copying build/lib.macosx-11.0-arm64-cpython-39/lxml/includes/config.pxd -> build/bdist.macosx-11.0-arm64/wheel/lxml/includes
2022-12-27T11:53:47.6611230Z   copying build/lib.macosx-11.0-arm64-cpython-39/lxml/includes/xmlparser.pxd -> build/bdist.macosx-11.0-arm64/wheel/lxml/includes
2022-12-27T11:53:47.6613830Z   copying build/lib.macosx-11.0-arm64-cpython-39/lxml/includes/xinclude.pxd -> build/bdist.macosx-11.0-arm64/wheel/lxml/includes
2022-12-27T11:53:47.6616560Z   copying build/lib.macosx-11.0-arm64-cpython-39/lxml/includes/dtdvalid.pxd -> build/bdist.macosx-11.0-arm64/wheel/lxml/includes
2022-12-27T11:53:47.6619610Z   copying build/lib.macosx-11.0-arm64-cpython-39/lxml/includes/relaxng.pxd -> build/bdist.macosx-11.0-arm64/wheel/lxml/includes
2022-12-27T11:53:47.6622240Z   copying build/lib.macosx-11.0-arm64-cpython-39/lxml/sax.py -> build/bdist.macosx-11.0-arm64/wheel/lxml
2022-12-27T11:53:47.6624850Z   copying build/lib.macosx-11.0-arm64-cpython-39/lxml/pyclasslookup.py -> build/bdist.macosx-11.0-arm64/wheel/lxml
2022-12-27T11:53:47.6627310Z   copying build/lib.macosx-11.0-arm64-cpython-39/lxml/__init__.py -> build/bdist.macosx-11.0-arm64/wheel/lxml
2022-12-27T11:53:47.6631160Z   creating build/bdist.macosx-11.0-arm64/wheel/lxml/html
2022-12-27T11:53:47.6633160Z   copying build/lib.macosx-11.0-arm64-cpython-39/lxml/html/soupparser.py -> build/bdist.macosx-11.0-arm64/wheel/lxml/html
2022-12-27T11:53:47.6636080Z   copying build/lib.macosx-11.0-arm64-cpython-39/lxml/html/defs.py -> build/bdist.macosx-11.0-arm64/wheel/lxml/html
2022-12-27T11:53:47.6638470Z   copying build/lib.macosx-11.0-arm64-cpython-39/lxml/html/_setmixin.py -> build/bdist.macosx-11.0-arm64/wheel/lxml/html
2022-12-27T11:53:47.6641230Z   copying build/lib.macosx-11.0-arm64-cpython-39/lxml/html/clean.py -> build/bdist.macosx-11.0-arm64/wheel/lxml/html
2022-12-27T11:53:47.6644110Z   copying build/lib.macosx-11.0-arm64-cpython-39/lxml/html/_diffcommand.py -> build/bdist.macosx-11.0-arm64/wheel/lxml/html
2022-12-27T11:53:47.6647180Z   copying build/lib.macosx-11.0-arm64-cpython-39/lxml/html/html5parser.py -> build/bdist.macosx-11.0-arm64/wheel/lxml/html
2022-12-27T11:53:47.6649330Z   copying build/lib.macosx-11.0-arm64-cpython-39/lxml/html/__init__.py -> build/bdist.macosx-11.0-arm64/wheel/lxml/html
2022-12-27T11:53:47.6652800Z   copying build/lib.macosx-11.0-arm64-cpython-39/lxml/html/formfill.py -> build/bdist.macosx-11.0-arm64/wheel/lxml/html
2022-12-27T11:53:47.6655900Z   copying build/lib.macosx-11.0-arm64-cpython-39/lxml/html/builder.py -> build/bdist.macosx-11.0-arm64/wheel/lxml/html
2022-12-27T11:53:47.6659510Z   copying build/lib.macosx-11.0-arm64-cpython-39/lxml/html/diff.cpython-39-darwin.so -> build/bdist.macosx-11.0-arm64/wheel/lxml/html
2022-12-27T11:53:47.6665470Z   copying build/lib.macosx-11.0-arm64-cpython-39/lxml/html/ElementSoup.py -> build/bdist.macosx-11.0-arm64/wheel/lxml/html
2022-12-27T11:53:47.6668880Z   copying build/lib.macosx-11.0-arm64-cpython-39/lxml/html/_html5builder.py -> build/bdist.macosx-11.0-arm64/wheel/lxml/html
2022-12-27T11:53:47.6671910Z   copying build/lib.macosx-11.0-arm64-cpython-39/lxml/html/clean.cpython-39-darwin.so -> build/bdist.macosx-11.0-arm64/wheel/lxml/html
2022-12-27T11:53:47.6679490Z   copying build/lib.macosx-11.0-arm64-cpython-39/lxml/html/usedoctest.py -> build/bdist.macosx-11.0-arm64/wheel/lxml/html
2022-12-27T11:53:47.6682510Z   copying build/lib.macosx-11.0-arm64-cpython-39/lxml/html/diff.py -> build/bdist.macosx-11.0-arm64/wheel/lxml/html
2022-12-27T11:53:47.6685560Z   copying build/lib.macosx-11.0-arm64-cpython-39/lxml/etree_api.h -> build/bdist.macosx-11.0-arm64/wheel/lxml
2022-12-27T11:53:47.6689210Z   copying build/lib.macosx-11.0-arm64-cpython-39/lxml/builder.py -> build/bdist.macosx-11.0-arm64/wheel/lxml
2022-12-27T11:53:47.6691760Z   copying build/lib.macosx-11.0-arm64-cpython-39/lxml/doctestcompare.py -> build/bdist.macosx-11.0-arm64/wheel/lxml
2022-12-27T11:53:47.6694040Z   copying build/lib.macosx-11.0-arm64-cpython-39/lxml/_elementpath.cpython-39-darwin.so -> build/bdist.macosx-11.0-arm64/wheel/lxml
2022-12-27T11:53:47.6700260Z   copying build/lib.macosx-11.0-arm64-cpython-39/lxml/usedoctest.py -> build/bdist.macosx-11.0-arm64/wheel/lxml
2022-12-27T11:53:47.6703530Z   copying build/lib.macosx-11.0-arm64-cpython-39/lxml/cssselect.py -> build/bdist.macosx-11.0-arm64/wheel/lxml
2022-12-27T11:53:47.6706690Z   copying build/lib.macosx-11.0-arm64-cpython-39/lxml/lxml.etree.h -> build/bdist.macosx-11.0-arm64/wheel/lxml
2022-12-27T11:53:47.6709580Z   copying build/lib.macosx-11.0-arm64-cpython-39/lxml/etree.h -> build/bdist.macosx-11.0-arm64/wheel/lxml
2022-12-27T11:53:47.6712080Z   copying build/lib.macosx-11.0-arm64-cpython-39/lxml/ElementInclude.py -> build/bdist.macosx-11.0-arm64/wheel/lxml
2022-12-27T11:53:47.6715100Z   copying build/lib.macosx-11.0-arm64-cpython-39/lxml/lxml.etree_api.h -> build/bdist.macosx-11.0-arm64/wheel/lxml
2022-12-27T11:53:47.6718090Z   copying build/lib.macosx-11.0-arm64-cpython-39/lxml/builder.cpython-39-darwin.so -> build/bdist.macosx-11.0-arm64/wheel/lxml
2022-12-27T11:53:47.6723400Z   running install_egg_info
2022-12-27T11:53:47.6805930Z   running egg_info
2022-12-27T11:53:47.6817810Z   writing src/lxml.egg-info/PKG-INFO
2022-12-27T11:53:47.6821960Z   writing dependency_links to src/lxml.egg-info/dependency_links.txt
2022-12-27T11:53:47.6825990Z   writing requirements to src/lxml.egg-info/requires.txt
2022-12-27T11:53:47.6829800Z   writing top-level names to src/lxml.egg-info/top_level.txt
2022-12-27T11:53:47.6884930Z   reading manifest file 'src/lxml.egg-info/SOURCES.txt'
2022-12-27T11:53:47.6917650Z   reading manifest template 'MANIFEST.in'
2022-12-27T11:53:47.7764700Z   adding license file 'LICENSES.txt'
2022-12-27T11:53:47.7818580Z   writing manifest file 'src/lxml.egg-info/SOURCES.txt'
2022-12-27T11:53:47.7822300Z   Copying src/lxml.egg-info to build/bdist.macosx-11.0-arm64/wheel/lxml-4.6.3-py3.9.egg-info
2022-12-27T11:53:47.7842110Z   running install_scripts
2022-12-27T11:53:47.8132060Z   creating build/bdist.macosx-11.0-arm64/wheel/lxml-4.6.3.dist-info/WHEEL
2022-12-27T11:53:47.8137830Z   creating '/private/var/folders/51/hd414ycd67n82196sw51xqtc0000gn/T/pip-wheel-40ubp0n0/lxml-4.6.3-cp39-cp39-macosx_11_0_arm64.whl' and adding 'build/bdist.macosx-11.0-arm64/wheel' to it
2022-12-27T11:53:47.8143890Z   adding 'lxml/ElementInclude.py'
2022-12-27T11:53:47.8147210Z   adding 'lxml/__init__.py'
2022-12-27T11:53:47.8202400Z   adding 'lxml/_elementpath.cpython-39-darwin.so'
2022-12-27T11:53:47.8212810Z   adding 'lxml/_elementpath.py'
2022-12-27T11:53:47.8243640Z   adding 'lxml/builder.cpython-39-darwin.so'
2022-12-27T11:53:47.8251210Z   adding 'lxml/builder.py'
2022-12-27T11:53:47.8254340Z   adding 'lxml/cssselect.py'
2022-12-27T11:53:47.8259600Z   adding 'lxml/doctestcompare.py'
2022-12-27T11:53:47.8916490Z   adding 'lxml/etree.cpython-39-darwin.so'
2022-12-27T11:53:47.8989050Z   adding 'lxml/etree.h'
2022-12-27T11:53:47.8993330Z   adding 'lxml/etree_api.h'
2022-12-27T11:53:47.8997030Z   adding 'lxml/lxml.etree.h'
2022-12-27T11:53:47.9001260Z   adding 'lxml/lxml.etree_api.h'
2022-12-27T11:53:47.9117740Z   adding 'lxml/objectify.cpython-39-darwin.so'
2022-12-27T11:53:47.9132430Z   adding 'lxml/pyclasslookup.py'
2022-12-27T11:53:47.9193650Z   adding 'lxml/sax.cpython-39-darwin.so'
2022-12-27T11:53:47.9204030Z   adding 'lxml/sax.py'
2022-12-27T11:53:47.9206960Z   adding 'lxml/usedoctest.py'
2022-12-27T11:53:47.9212560Z   adding 'lxml/html/ElementSoup.py'
2022-12-27T11:53:47.9227100Z   adding 'lxml/html/__init__.py'
2022-12-27T11:53:47.9231860Z   adding 'lxml/html/_diffcommand.py'
2022-12-27T11:53:47.9236030Z   adding 'lxml/html/_html5builder.py'
2022-12-27T11:53:47.9238510Z   adding 'lxml/html/_setmixin.py'
2022-12-27T11:53:47.9241510Z   adding 'lxml/html/builder.py'
2022-12-27T11:53:47.9325770Z   adding 'lxml/html/clean.cpython-39-darwin.so'
2022-12-27T11:53:47.9342050Z   adding 'lxml/html/clean.py'
2022-12-27T11:53:47.9347070Z   adding 'lxml/html/defs.py'
2022-12-27T11:53:47.9460620Z   adding 'lxml/html/diff.cpython-39-darwin.so'
2022-12-27T11:53:47.9480440Z   adding 'lxml/html/diff.py'
2022-12-27T11:53:47.9485730Z   adding 'lxml/html/formfill.py'
2022-12-27T11:53:47.9489710Z   adding 'lxml/html/html5parser.py'
2022-12-27T11:53:47.9493810Z   adding 'lxml/html/soupparser.py'
2022-12-27T11:53:47.9496860Z   adding 'lxml/html/usedoctest.py'
2022-12-27T11:53:47.9499620Z   adding 'lxml/includes/__init__.pxd'
2022-12-27T11:53:47.9502220Z   adding 'lxml/includes/__init__.py'
2022-12-27T11:53:47.9505090Z   adding 'lxml/includes/c14n.pxd'
2022-12-27T11:53:47.9507060Z   adding 'lxml/includes/config.pxd'
2022-12-27T11:53:47.9509850Z   adding 'lxml/includes/dtdvalid.pxd'
2022-12-27T11:53:47.9513960Z   adding 'lxml/includes/etree_defs.h'
2022-12-27T11:53:47.9518400Z   adding 'lxml/includes/etreepublic.pxd'
2022-12-27T11:53:47.9521410Z   adding 'lxml/includes/htmlparser.pxd'
2022-12-27T11:53:47.9524890Z   adding 'lxml/includes/lxml-version.h'
2022-12-27T11:53:47.9527350Z   adding 'lxml/includes/relaxng.pxd'
2022-12-27T11:53:47.9530280Z   adding 'lxml/includes/schematron.pxd'
2022-12-27T11:53:47.9534990Z   adding 'lxml/includes/tree.pxd'
2022-12-27T11:53:47.9538210Z   adding 'lxml/includes/uri.pxd'
2022-12-27T11:53:47.9540830Z   adding 'lxml/includes/xinclude.pxd'
2022-12-27T11:53:47.9550910Z   adding 'lxml/includes/xmlerror.pxd'
2022-12-27T11:53:47.9557160Z   adding 'lxml/includes/xmlparser.pxd'
2022-12-27T11:53:47.9559670Z   adding 'lxml/includes/xmlschema.pxd'
2022-12-27T11:53:47.9563010Z   adding 'lxml/includes/xpath.pxd'
2022-12-27T11:53:47.9566570Z   adding 'lxml/includes/xslt.pxd'
2022-12-27T11:53:47.9571680Z   adding 'lxml/isoschematron/__init__.py'
2022-12-27T11:53:47.9577040Z   adding 'lxml/isoschematron/resources/rng/iso-schematron.rng'
2022-12-27T11:53:47.9580920Z   adding 'lxml/isoschematron/resources/xsl/RNG2Schtrn.xsl'
2022-12-27T11:53:47.9584110Z   adding 'lxml/isoschematron/resources/xsl/XSD2Schtrn.xsl'
2022-12-27T11:53:47.9589340Z   adding 'lxml/isoschematron/resources/xsl/iso-schematron-xslt1/iso_abstract_expand.xsl'
2022-12-27T11:53:47.9595750Z   adding 'lxml/isoschematron/resources/xsl/iso-schematron-xslt1/iso_dsdl_include.xsl'
2022-12-27T11:53:47.9600110Z   adding 'lxml/isoschematron/resources/xsl/iso-schematron-xslt1/iso_schematron_message.xsl'
2022-12-27T11:53:47.9617500Z   adding 'lxml/isoschematron/resources/xsl/iso-schematron-xslt1/iso_schematron_skeleton_for_xslt1.xsl'
2022-12-27T11:53:47.9624780Z   adding 'lxml/isoschematron/resources/xsl/iso-schematron-xslt1/iso_svrl_for_xslt1.xsl'
2022-12-27T11:53:47.9628590Z   adding 'lxml/isoschematron/resources/xsl/iso-schematron-xslt1/readme.txt'
2022-12-27T11:53:47.9633730Z   adding 'lxml-4.6.3.dist-info/LICENSES.txt'
2022-12-27T11:53:47.9636380Z   adding 'lxml-4.6.3.dist-info/METADATA'
2022-12-27T11:53:47.9638370Z   adding 'lxml-4.6.3.dist-info/WHEEL'
2022-12-27T11:53:47.9640440Z   adding 'lxml-4.6.3.dist-info/top_level.txt'
2022-12-27T11:53:47.9642850Z   adding 'lxml-4.6.3.dist-info/RECORD'
2022-12-27T11:53:47.9646310Z   removing build/bdist.macosx-11.0-arm64/wheel
2022-12-27T11:53:48.0024440Z   Building wheel for lxml (setup.py): finished with status 'done'
2022-12-27T11:53:48.0079620Z   Created wheel for lxml: filename=lxml-4.6.3-cp39-cp39-macosx_11_0_arm64.whl size=1484494 sha256=eff5e2dfa5cab9dfebd40814e5582e37907f602174e5f52a7549d38d3e1e03b4
2022-12-27T11:53:48.0081240Z   Stored in directory: /Users/runner/Library/Caches/pip/wheels/c8/67/4f/89a2aad2106cb448c95d4e1149134ec662e0a7f33a006ae415
2022-12-27T11:53:48.0116140Z Successfully built lxml
2022-12-27T11:53:48.0125950Z Removed build tracker: '/private/var/folders/51/hd414ycd67n82196sw51xqtc0000gn/T/pip-build-tracker-e5h8jx_w'
2022-12-27T11:53:48.0525640Z ##[endgroup]
2022-12-27T11:53:48.0526160Z                                                              [32m✓ [0m42.72s
2022-12-27T11:53:48.0526510Z ##[group]Repairing wheel...
2022-12-27T11:53:48.0526630Z 
2022-12-27T11:53:48.0530950Z + delocate-wheel --require-archs arm64 -w /private/var/folders/51/hd414ycd67n82196sw51xqtc0000gn/T/cibw-run-x5gy_amn/cp39-macosx_arm64/repaired_wheel -v /private/var/folders/51/hd414ycd67n82196sw51xqtc0000gn/T/cibw-run-x5gy_amn/cp39-macosx_arm64/built_wheel/lxml-4.6.3-cp39-cp39-macosx_11_0_arm64.whl
2022-12-27T11:53:52.4218910Z Fixing: /private/var/folders/51/hd414ycd67n82196sw51xqtc0000gn/T/cibw-run-x5gy_amn/cp39-macosx_arm64/built_wheel/lxml-4.6.3-cp39-cp39-macosx_11_0_arm64.whl
2022-12-27T11:53:52.4312420Z ##[endgroup]
2022-12-27T11:53:52.4313360Z                                                               [32m✓ [0m4.38s
2022-12-27T11:53:52.4645240Z 
2022-12-27T11:53:52.4645970Z [32m✓ [0mcp39-macosx_arm64 finished in 50.51s
2022-12-27T11:53:52.4647710Z 
2022-12-27T11:53:52.4647950Z 1 wheels produced in 1 minutes:
2022-12-27T11:53:52.4648330Z   lxml-4.6.3-cp39-cp39-macosx_11_0_arm64.whl   1,450 kB
2022-12-27T11:53:52.4819160Z ##[group]Run actions/upload-artifact@v3
2022-12-27T11:53:52.4819320Z with:
2022-12-27T11:53:52.4819450Z   name: lxml-4.6.3-cp39-cp39-macosx_11_0_arm64.whl.zip
2022-12-27T11:53:52.4819590Z   path: build_lxml46339/wheelsout/*.whl
2022-12-27T11:53:52.4819720Z   if-no-files-found: warn
2022-12-27T11:53:52.4819860Z env:
2022-12-27T11:53:52.4820000Z   pythonLocation: /Users/runner/hostedtoolcache/Python/3.9.16/x64
2022-12-27T11:53:52.4820190Z   PKG_CONFIG_PATH: /Users/runner/hostedtoolcache/Python/3.9.16/x64/lib/pkgconfig
2022-12-27T11:53:52.4820380Z   Python_ROOT_DIR: /Users/runner/hostedtoolcache/Python/3.9.16/x64
2022-12-27T11:53:52.4820550Z   Python2_ROOT_DIR: /Users/runner/hostedtoolcache/Python/3.9.16/x64
2022-12-27T11:53:52.4820710Z   Python3_ROOT_DIR: /Users/runner/hostedtoolcache/Python/3.9.16/x64
2022-12-27T11:53:52.4820850Z ##[endgroup]
2022-12-27T11:53:52.5358700Z With the provided path, there will be 1 file uploaded
2022-12-27T11:53:52.5361650Z Starting artifact upload
2022-12-27T11:53:52.5362800Z For more detailed logs during the artifact upload process, enable step-debugging: https://docs.github.com/actions/monitoring-and-troubleshooting-workflows/enabling-debug-logging#enabling-step-debug-logging
2022-12-27T11:53:52.5363400Z Artifact name is valid!
2022-12-27T11:53:53.6519560Z Container for artifact "lxml-4.6.3-cp39-cp39-macosx_11_0_arm64.whl.zip" successfully created. Starting upload of file(s)
2022-12-27T11:53:55.5681670Z Total size of all the files uploaded is 1465677 bytes
2022-12-27T11:53:55.5681980Z File upload process has finished. Finalizing the artifact upload
2022-12-27T11:53:56.6229820Z Artifact has been finalized. All files have been successfully uploaded!
2022-12-27T11:53:56.6230120Z 
2022-12-27T11:53:56.6230400Z The raw size of all the files that were specified for upload is 1484519 bytes
2022-12-27T11:53:56.6231900Z The size of all the files that were uploaded is 1465677 bytes. This takes into account any gzip compression used to reduce the upload size, time and storage
2022-12-27T11:53:56.6233260Z 
2022-12-27T11:53:56.6233940Z Note: The size of downloaded zips can differ significantly from the reported size. For more information see: https://github.com/actions/upload-artifact#zipped-artifact-downloads 
2022-12-27T11:53:56.6234220Z 
2022-12-27T11:53:56.6234480Z Artifact lxml-4.6.3-cp39-cp39-macosx_11_0_arm64.whl.zip has been successfully uploaded!
2022-12-27T11:53:56.6302790Z ##[group]Run rm -rf build_lxml46339 wheelsout
2022-12-27T11:53:56.6303010Z [36;1mrm -rf build_lxml46339 wheelsout[0m
2022-12-27T11:53:56.6319980Z shell: /bin/bash -e {0}
2022-12-27T11:53:56.6320150Z env:
2022-12-27T11:53:56.6320320Z   pythonLocation: /Users/runner/hostedtoolcache/Python/3.9.16/x64
2022-12-27T11:53:56.6320580Z   PKG_CONFIG_PATH: /Users/runner/hostedtoolcache/Python/3.9.16/x64/lib/pkgconfig
2022-12-27T11:53:56.6320840Z   Python_ROOT_DIR: /Users/runner/hostedtoolcache/Python/3.9.16/x64
2022-12-27T11:53:56.6321110Z   Python2_ROOT_DIR: /Users/runner/hostedtoolcache/Python/3.9.16/x64
2022-12-27T11:53:56.6321310Z   Python3_ROOT_DIR: /Users/runner/hostedtoolcache/Python/3.9.16/x64
2022-12-27T11:53:56.6321500Z ##[endgroup]
2022-12-27T11:53:56.6728800Z Post job cleanup.
2022-12-27T11:53:56.7919350Z Cleaning up orphan processes
