2022-12-27T08:53:28.2964435Z Requested labels: self-hosted, macOS, X64
2022-12-27T08:53:28.2964529Z Job defined at: kilnbuild/python.build/.github/workflows/mac_arm_build.yml@refs/heads/main
2022-12-27T08:53:28.2964560Z Waiting for a runner to pick up this job...
2022-12-27T11:28:26.0015528Z Job is about to start running on the runner: s1 (organization)
2022-12-27T11:28:30.0486260Z Current runner version: '2.300.2'
2022-12-27T11:28:30.0491410Z Runner name: 's1'
2022-12-27T11:28:30.0491660Z Runner group name: 'Default'
2022-12-27T11:28:30.0492080Z Machine name: 's1'
2022-12-27T11:28:30.0493600Z ##[group]GITHUB_TOKEN Permissions
2022-12-27T11:28:30.0494030Z Actions: write
2022-12-27T11:28:30.0494170Z Checks: write
2022-12-27T11:28:30.0494310Z Contents: write
2022-12-27T11:28:30.0494450Z Deployments: write
2022-12-27T11:28:30.0494590Z Discussions: write
2022-12-27T11:28:30.0494730Z Issues: write
2022-12-27T11:28:30.0494860Z Metadata: read
2022-12-27T11:28:30.0494990Z Packages: write
2022-12-27T11:28:30.0495120Z Pages: write
2022-12-27T11:28:30.0495260Z PullRequests: write
2022-12-27T11:28:30.0495420Z RepositoryProjects: write
2022-12-27T11:28:30.0495580Z SecurityEvents: write
2022-12-27T11:28:30.0495730Z Statuses: write
2022-12-27T11:28:30.0495860Z ##[endgroup]
2022-12-27T11:28:30.0498370Z Secret source: Actions
2022-12-27T11:28:30.0498690Z Prepare workflow directory
2022-12-27T11:28:30.1171330Z Prepare all required actions
2022-12-27T11:28:30.1295520Z Getting action download info
2022-12-27T11:28:30.5614950Z Download action repository 'actions/setup-python@v4' (SHA:5ccb29d8773c3f3f653e1705f474dfaa8a06a912)
2022-12-27T11:28:32.3054810Z Download action repository 'actions/upload-artifact@v3' (SHA:83fd05a356d7e2593de66fc9913b3002723633cb)
2022-12-27T11:28:33.6203390Z ##[group]Run echo '{
2022-12-27T11:28:33.6203690Z [36;1mecho '{[0m
2022-12-27T11:28:33.6203820Z [36;1m  "package_name": "lxml",[0m
2022-12-27T11:28:33.6204120Z [36;1m  "package_url": "https://files.pythonhosted.org/packages/be/01/b6d7d678af804289d1600e43598669fabb82b9f31e963d88361f487110e4/lxml-2.1.tar.gz",[0m
2022-12-27T11:28:33.6204400Z [36;1m  "package_version": "2.1",[0m
2022-12-27T11:28:33.6204550Z [36;1m  "python_version": "3.10",[0m
2022-12-27T11:28:33.6204710Z [36;1m  "use_ccache": "true"[0m
2022-12-27T11:28:33.6204850Z [36;1m}'[0m
2022-12-27T11:28:33.6220510Z shell: /bin/bash -e {0}
2022-12-27T11:28:33.6220710Z ##[endgroup]
2022-12-27T11:28:33.6435180Z {
2022-12-27T11:28:33.6436530Z   "package_name": "lxml",
2022-12-27T11:28:33.6437150Z   "package_url": "https://files.pythonhosted.org/packages/be/01/b6d7d678af804289d1600e43598669fabb82b9f31e963d88361f487110e4/lxml-2.1.tar.gz",
2022-12-27T11:28:33.6437430Z   "package_version": "2.1",
2022-12-27T11:28:33.6437660Z   "python_version": "3.10",
2022-12-27T11:28:33.6437820Z   "use_ccache": "true"
2022-12-27T11:28:33.6438020Z }
2022-12-27T11:28:33.6656770Z ##[group]Run actions/setup-python@v4
2022-12-27T11:28:33.6657040Z with:
2022-12-27T11:28:33.6657230Z   python-version: 3.10
2022-12-27T11:28:33.6657390Z   check-latest: false
2022-12-27T11:28:33.6657760Z   token: ***
2022-12-27T11:28:33.6657960Z   update-environment: true
2022-12-27T11:28:33.6658150Z ##[endgroup]
2022-12-27T11:28:33.7921770Z ##[group]Installed versions
2022-12-27T11:28:33.7970950Z Successfully set up CPython (3.10.9)
2022-12-27T11:28:33.7971580Z ##[endgroup]
2022-12-27T11:28:33.8128170Z ##[group]Run if [ "true" == "true" ]
2022-12-27T11:28:33.8128560Z [36;1mif [ "true" == "true" ][0m
2022-12-27T11:28:33.8128760Z [36;1mthen[0m
2022-12-27T11:28:33.8129000Z [36;1m  echo "CCACHE_PATH_PREPEND=/usr/local/opt/ccache/libexec" >> $GITHUB_OUTPUT[0m
2022-12-27T11:28:33.8129180Z [36;1melse[0m
2022-12-27T11:28:33.8129370Z [36;1m  echo "CCACHE_PATH_PREPEND=" >> $GITHUB_OUTPUT[0m
2022-12-27T11:28:33.8130030Z [36;1mfi[0m
2022-12-27T11:28:33.8147070Z shell: /bin/bash -e {0}
2022-12-27T11:28:33.8147290Z env:
2022-12-27T11:28:33.8147580Z   pythonLocation: /Users/runner/hostedtoolcache/Python/3.10.9/x64
2022-12-27T11:28:33.8147860Z   PKG_CONFIG_PATH: /Users/runner/hostedtoolcache/Python/3.10.9/x64/lib/pkgconfig
2022-12-27T11:28:33.8148120Z   Python_ROOT_DIR: /Users/runner/hostedtoolcache/Python/3.10.9/x64
2022-12-27T11:28:33.8148360Z   Python2_ROOT_DIR: /Users/runner/hostedtoolcache/Python/3.10.9/x64
2022-12-27T11:28:33.8148740Z   Python3_ROOT_DIR: /Users/runner/hostedtoolcache/Python/3.10.9/x64
2022-12-27T11:28:33.8149260Z ##[endgroup]
2022-12-27T11:28:33.8255670Z ##[group]Run echo "BUILD_NAME=$(echo lxml_2.1_3.10 | tr -dc '[:alnum:]\n\r' | tr '[:upper:]' '[:lower:]')" >> $GITHUB_OUTPUT
2022-12-27T11:28:33.8256100Z [36;1mecho "BUILD_NAME=$(echo lxml_2.1_3.10 | tr -dc '[:alnum:]\n\r' | tr '[:upper:]' '[:lower:]')" >> $GITHUB_OUTPUT[0m
2022-12-27T11:28:33.8270320Z shell: /bin/bash -e {0}
2022-12-27T11:28:33.8270610Z env:
2022-12-27T11:28:33.8270840Z   pythonLocation: /Users/runner/hostedtoolcache/Python/3.10.9/x64
2022-12-27T11:28:33.8271080Z   PKG_CONFIG_PATH: /Users/runner/hostedtoolcache/Python/3.10.9/x64/lib/pkgconfig
2022-12-27T11:28:33.8271340Z   Python_ROOT_DIR: /Users/runner/hostedtoolcache/Python/3.10.9/x64
2022-12-27T11:28:33.8271660Z   Python2_ROOT_DIR: /Users/runner/hostedtoolcache/Python/3.10.9/x64
2022-12-27T11:28:33.8271880Z   Python3_ROOT_DIR: /Users/runner/hostedtoolcache/Python/3.10.9/x64
2022-12-27T11:28:33.8272090Z ##[endgroup]
2022-12-27T11:28:33.8413120Z ##[group]Run echo "PYTHON_NO_DOTS=$(echo 3.10 | tr -dc '[:alnum:]\n\r' | tr '[:upper:]' '[:lower:]')" >> $GITHUB_OUTPUT
2022-12-27T11:28:33.8413510Z [36;1mecho "PYTHON_NO_DOTS=$(echo 3.10 | tr -dc '[:alnum:]\n\r' | tr '[:upper:]' '[:lower:]')" >> $GITHUB_OUTPUT[0m
2022-12-27T11:28:33.8427690Z shell: /bin/bash -e {0}
2022-12-27T11:28:33.8427890Z env:
2022-12-27T11:28:33.8428070Z   pythonLocation: /Users/runner/hostedtoolcache/Python/3.10.9/x64
2022-12-27T11:28:33.8428330Z   PKG_CONFIG_PATH: /Users/runner/hostedtoolcache/Python/3.10.9/x64/lib/pkgconfig
2022-12-27T11:28:33.8428550Z   Python_ROOT_DIR: /Users/runner/hostedtoolcache/Python/3.10.9/x64
2022-12-27T11:28:33.8428790Z   Python2_ROOT_DIR: /Users/runner/hostedtoolcache/Python/3.10.9/x64
2022-12-27T11:28:33.8429070Z   Python3_ROOT_DIR: /Users/runner/hostedtoolcache/Python/3.10.9/x64
2022-12-27T11:28:33.8429240Z ##[endgroup]
2022-12-27T11:28:33.8547050Z ##[group]Run rm -rf build_lxml21310
2022-12-27T11:28:33.8547410Z [36;1mrm -rf build_lxml21310[0m
2022-12-27T11:28:33.8547600Z [36;1mmkdir build_lxml21310[0m
2022-12-27T11:28:33.8547780Z [36;1mcd build_lxml21310[0m
2022-12-27T11:28:33.8548080Z [36;1m/usr/local/bin/wget --quiet https://files.pythonhosted.org/packages/be/01/b6d7d678af804289d1600e43598669fabb82b9f31e963d88361f487110e4/lxml-2.1.tar.gz[0m
2022-12-27T11:28:33.8548340Z [36;1mtar xf *.tar.gz[0m
2022-12-27T11:28:33.8548490Z [36;1mcd *[0m
2022-12-27T11:28:33.8548670Z [36;1mpython -m pip install cibuildwheel==2.11.3[0m
2022-12-27T11:28:33.8548890Z [36;1mpython -m cibuildwheel --output-dir ../wheelsout[0m
2022-12-27T11:28:33.8562880Z shell: /bin/bash -e {0}
2022-12-27T11:28:33.8563100Z env:
2022-12-27T11:28:33.8563310Z   pythonLocation: /Users/runner/hostedtoolcache/Python/3.10.9/x64
2022-12-27T11:28:33.8563610Z   PKG_CONFIG_PATH: /Users/runner/hostedtoolcache/Python/3.10.9/x64/lib/pkgconfig
2022-12-27T11:28:33.8563890Z   Python_ROOT_DIR: /Users/runner/hostedtoolcache/Python/3.10.9/x64
2022-12-27T11:28:33.8564100Z   Python2_ROOT_DIR: /Users/runner/hostedtoolcache/Python/3.10.9/x64
2022-12-27T11:28:33.8564330Z   Python3_ROOT_DIR: /Users/runner/hostedtoolcache/Python/3.10.9/x64
2022-12-27T11:28:33.8564550Z   CIBW_ARCHS_MACOS: arm64
2022-12-27T11:28:33.8564720Z   CIBW_TEST_SKIP: *_arm64
2022-12-27T11:28:33.8564870Z   CIBW_BUILD: cp310-macosx_arm64
2022-12-27T11:28:33.8565060Z   CIBW_BUILD_FRONTEND: pip
2022-12-27T11:28:33.8565240Z   CIBW_BUILD_VERBOSITY: 3
2022-12-27T11:28:33.8565540Z   CIBW_ENVIRONMENT_MACOS:  CFLAGS="-I/usr/local/opt/openssl@3/include" LDFLAGS="-L/usr/local/opt/openssl@3/lib" CPPFLAGS="-I/usr/local/opt/openssl@3/include" MAKEFLAGS="-j$(sysctl -n hw.logicalcpu)" PATH=/usr/local/opt/ccache/libexec:$PATH
2022-12-27T11:28:33.8565910Z   CIBW_BEFORE_BUILD: pip install Cython; if [[ -f requirements.txt ]]; then pip install -r requirements.txt; fi
2022-12-27T11:28:33.8566150Z   MAKEFLAGS: -j$(sysctl -n hw.logicalcpu)
2022-12-27T11:28:33.8566330Z ##[endgroup]
2022-12-27T11:28:34.3499800Z Requirement already satisfied: cibuildwheel==2.11.3 in /Users/runner/hostedtoolcache/Python/3.10.9/x64/lib/python3.10/site-packages (2.11.3)
2022-12-27T11:28:34.3768790Z Requirement already satisfied: certifi in /Users/runner/hostedtoolcache/Python/3.10.9/x64/lib/python3.10/site-packages (from cibuildwheel==2.11.3) (2022.12.7)
2022-12-27T11:28:34.3774120Z Requirement already satisfied: bashlex!=0.13 in /Users/runner/hostedtoolcache/Python/3.10.9/x64/lib/python3.10/site-packages (from cibuildwheel==2.11.3) (0.16)
2022-12-27T11:28:34.3779880Z Requirement already satisfied: packaging>=20.9 in /Users/runner/hostedtoolcache/Python/3.10.9/x64/lib/python3.10/site-packages (from cibuildwheel==2.11.3) (22.0)
2022-12-27T11:28:34.3789880Z Requirement already satisfied: typing-extensions>=4.1.0 in /Users/runner/hostedtoolcache/Python/3.10.9/x64/lib/python3.10/site-packages (from cibuildwheel==2.11.3) (4.4.0)
2022-12-27T11:28:34.3796580Z Requirement already satisfied: tomli in /Users/runner/hostedtoolcache/Python/3.10.9/x64/lib/python3.10/site-packages (from cibuildwheel==2.11.3) (2.0.1)
2022-12-27T11:28:34.3800340Z Requirement already satisfied: bracex in /Users/runner/hostedtoolcache/Python/3.10.9/x64/lib/python3.10/site-packages (from cibuildwheel==2.11.3) (2.3.post1)
2022-12-27T11:28:34.3804480Z Requirement already satisfied: filelock in /Users/runner/hostedtoolcache/Python/3.10.9/x64/lib/python3.10/site-packages (from cibuildwheel==2.11.3) (3.8.2)
2022-12-27T11:28:34.3808340Z Requirement already satisfied: platformdirs in /Users/runner/hostedtoolcache/Python/3.10.9/x64/lib/python3.10/site-packages (from cibuildwheel==2.11.3) (2.6.0)
2022-12-27T11:28:34.5631420Z 
2022-12-27T11:28:34.5631820Z      _ _       _ _   _       _           _
2022-12-27T11:28:34.5632360Z  ___|_| |_ _ _|_| |_| |_ _ _| |_ ___ ___| |
2022-12-27T11:28:34.5633070Z |  _| | . | | | | | . | | | |   | -_| -_| |
2022-12-27T11:28:34.5634180Z |___|_|___|___|_|_|___|_____|_|_|___|___|_|
2022-12-27T11:28:34.5634400Z 
2022-12-27T11:28:34.5634550Z cibuildwheel version 2.11.3
2022-12-27T11:28:34.5634740Z 
2022-12-27T11:28:34.5634830Z Build options:
2022-12-27T11:28:34.5635120Z   platform: macos
2022-12-27T11:28:34.5701150Z   architectures: arm64[0m
2022-12-27T11:28:34.5701420Z   build_selector: 
2022-12-27T11:28:34.5701930Z     build_config: cp310-macosx_arm64
2022-12-27T11:28:34.5702450Z     skip_config: 
2022-12-27T11:28:34.5702700Z     requires_python: None
2022-12-27T11:28:34.5703040Z     prerelease_pythons: False[0m
2022-12-27T11:28:34.5703360Z   [38;5;244mcontainer_engine: docker[0m
2022-12-27T11:28:34.5704590Z   output_dir: /Users/runner/actions-runner/_work/python.build/python.build/build_lxml21310/wheelsout[0m
2022-12-27T11:28:34.5705130Z   package_dir: /Users/runner/actions-runner/_work/python.build/python.build/build_lxml21310/lxml-2.1[0m
2022-12-27T11:28:34.5705430Z   test_selector: 
2022-12-27T11:28:34.5705740Z     skip_config: *_arm64[0m
2022-12-27T11:28:34.5706060Z   [38;5;244mbefore_all: [0m
2022-12-27T11:28:34.5706480Z   before_build: pip install Cython; if [[ -f requirements.txt ]]; then pip install -r requirements.txt; fi[0m
2022-12-27T11:28:34.5706830Z   [38;5;244mbefore_test: [0m
2022-12-27T11:28:34.5707070Z   [38;5;244mbuild_frontend: pip[0m
2022-12-27T11:28:34.5707350Z   build_verbosity: 3[0m
2022-12-27T11:28:34.5707780Z   [38;5;244mconfig_settings: [0m
2022-12-27T11:28:34.5708090Z   [38;5;244mdependency_constraints: pinned[0m
2022-12-27T11:28:34.5708290Z   environment: 
2022-12-27T11:28:34.5708590Z     CFLAGS="-I/usr/local/opt/openssl@3/include"
2022-12-27T11:28:34.5709040Z     LDFLAGS="-L/usr/local/opt/openssl@3/lib"
2022-12-27T11:28:34.5709340Z     CPPFLAGS="-I/usr/local/opt/openssl@3/include"
2022-12-27T11:28:34.5709840Z     MAKEFLAGS="-j$(sysctl -n hw.logicalcpu)"
2022-12-27T11:28:34.5710210Z     PATH=/usr/local/opt/ccache/libexec:$PATH[0m
2022-12-27T11:28:34.5710470Z   [38;5;244mmanylinux_images: None[0m
2022-12-27T11:28:34.5710930Z   [38;5;244mmusllinux_images: None[0m
2022-12-27T11:28:34.5711350Z   [38;5;244mrepair_command: delocate-wheel --require-archs {delocate_archs} -w {dest_dir} -v {wheel}[0m
2022-12-27T11:28:34.5712010Z   [38;5;244mtest_command: [0m
2022-12-27T11:28:34.5712300Z   [38;5;244mtest_extras: [0m
2022-12-27T11:28:34.5712610Z   [38;5;244mtest_requires: [0m
2022-12-27T11:28:34.5712930Z 
2022-12-27T11:28:34.5713080Z Cache folder: /Users/runner/Library/Caches/cibuildwheel
2022-12-27T11:28:34.5725200Z 
2022-12-27T11:28:34.5725280Z Here we go!
2022-12-27T11:28:34.5725430Z 
2022-12-27T11:28:34.5788500Z 
2022-12-27T11:28:34.5788870Z [1m[34mBuilding cp310-macosx_arm64 wheel[0m
2022-12-27T11:28:34.5789460Z CPython 3.10 macOS arm64 - Apple Silicon
2022-12-27T11:28:34.5789740Z 
2022-12-27T11:28:34.5792690Z ##[group]Installing Python cp310...
2022-12-27T11:28:34.5792850Z 
2022-12-27T11:28:34.5793780Z + pkgutil --pkgs
2022-12-27T11:28:34.5893260Z ##[endgroup]
2022-12-27T11:28:34.5894120Z                                                               [32mâœ“ [0m0.01s
2022-12-27T11:28:34.5894750Z ##[group]Setting up build environment...
2022-12-27T11:28:34.5894940Z 
2022-12-27T11:28:34.5913110Z + /Users/runner/hostedtoolcache/Python/3.10.9/x64/bin/python -sS /Users/runner/Library/Caches/cibuildwheel/virtualenv-20.17.0.pyz --activators= --no-periodic-update --pip=22.3.1 --setuptools=65.6.3 --wheel=0.38.4 --symlink-app-data --python /Library/Frameworks/Python.framework/Versions/3.10/bin/python3 /private/var/folders/51/hd414ycd67n82196sw51xqtc0000gn/T/cibw-run-pfjym66j/cp310-macosx_arm64/build/venv
2022-12-27T11:28:34.7855250Z created virtual environment CPython3.10.8.final.0-64 in 51ms
2022-12-27T11:28:34.7855910Z   creator CPython3Posix(dest=/private/var/folders/51/hd414ycd67n82196sw51xqtc0000gn/T/cibw-run-pfjym66j/cp310-macosx_arm64/build/venv, clear=False, no_vcs_ignore=False, global=False)
2022-12-27T11:28:34.7856540Z   seeder FromAppData(download=False, pip=22.3.1, setuptools=65.6.3, wheel=0.38.4, via=symlink, app_data_dir=/Users/runner/Library/Application Support/virtualenv)
2022-12-27T11:28:34.7856930Z     added seed packages: pip==22.3.1, setuptools==65.6.3, wheel==0.38.4
2022-12-27T11:28:34.7975860Z + python -m pip install --upgrade pip -c /Users/runner/hostedtoolcache/Python/3.10.9/x64/lib/python3.10/site-packages/cibuildwheel/resources/constraints-python310.txt
2022-12-27T11:28:35.0748090Z Requirement already satisfied: pip in ./lib/python3.10/site-packages (22.3.1)
2022-12-27T11:28:35.2097850Z + which pip
2022-12-27T11:28:35.2116950Z /private/var/folders/51/hd414ycd67n82196sw51xqtc0000gn/T/cibw-run-pfjym66j/cp310-macosx_arm64/build/venv/bin/pip
2022-12-27T11:28:35.2119110Z + pip --version
2022-12-27T11:28:35.4174390Z pip 22.3.1 from /private/var/folders/51/hd414ycd67n82196sw51xqtc0000gn/T/cibw-run-pfjym66j/cp310-macosx_arm64/build/venv/lib/python3.10/site-packages/pip (python 3.10)
2022-12-27T11:28:35.4389500Z + which pip
2022-12-27T11:28:35.4418200Z + which python
2022-12-27T11:28:35.4438220Z /private/var/folders/51/hd414ycd67n82196sw51xqtc0000gn/T/cibw-run-pfjym66j/cp310-macosx_arm64/build/venv/bin/python
2022-12-27T11:28:35.4441290Z + python --version
2022-12-27T11:28:35.4488640Z Python 3.10.8
2022-12-27T11:28:35.4491770Z + which python
2022-12-27T11:28:35.4547130Z ##[endgroup]
2022-12-27T11:28:35.4547850Z                                                               [32mâœ“ [0m0.87s
2022-12-27T11:28:35.4548350Z ##[group]Installing build tools...
2022-12-27T11:28:35.4548510Z 
2022-12-27T11:28:35.4548850Z + pip install --upgrade setuptools wheel delocate -c /Users/runner/hostedtoolcache/Python/3.10.9/x64/lib/python3.10/site-packages/cibuildwheel/resources/constraints-python310.txt
2022-12-27T11:28:35.7330970Z Requirement already satisfied: setuptools in /private/var/folders/51/hd414ycd67n82196sw51xqtc0000gn/T/cibw-run-pfjym66j/cp310-macosx_arm64/build/venv/lib/python3.10/site-packages (65.6.3)
2022-12-27T11:28:35.9279110Z Requirement already satisfied: wheel in /private/var/folders/51/hd414ycd67n82196sw51xqtc0000gn/T/cibw-run-pfjym66j/cp310-macosx_arm64/build/venv/lib/python3.10/site-packages (0.38.4)
2022-12-27T11:28:35.9690970Z Collecting delocate
2022-12-27T11:28:35.9713290Z   Using cached delocate-0.10.3-py3-none-any.whl (142 kB)
2022-12-27T11:28:35.9915590Z Collecting typing-extensions
2022-12-27T11:28:35.9933610Z   Using cached typing_extensions-4.4.0-py3-none-any.whl (26 kB)
2022-12-27T11:28:36.0167840Z Collecting packaging>=20.9
2022-12-27T11:28:36.0192170Z   Using cached packaging-21.3-py3-none-any.whl (40 kB)
2022-12-27T11:28:36.0503840Z Collecting pyparsing!=3.0.5,>=2.0.2
2022-12-27T11:28:36.0521370Z   Using cached pyparsing-3.0.9-py3-none-any.whl (98 kB)
2022-12-27T11:28:36.0850190Z Installing collected packages: typing-extensions, pyparsing, packaging, delocate
2022-12-27T11:28:36.2175830Z Successfully installed delocate-0.10.3 packaging-21.3 pyparsing-3.0.9 typing-extensions-4.4.0
2022-12-27T11:28:36.2623610Z ##[endgroup]
2022-12-27T11:28:36.2624750Z                                                               [32mâœ“ [0m0.81s
2022-12-27T11:28:36.2625410Z ##[group]Running before_build...
2022-12-27T11:28:36.2625620Z 
2022-12-27T11:28:36.2631300Z + pip install Cython; if [[ -f requirements.txt ]]; then pip install -r requirements.txt; fi
2022-12-27T11:28:36.8739370Z Collecting Cython
2022-12-27T11:28:36.8782650Z   Using cached Cython-0.29.32-py2.py3-none-any.whl (986 kB)
2022-12-27T11:28:36.9182320Z Installing collected packages: Cython
2022-12-27T11:28:37.3318890Z Successfully installed Cython-0.29.32
2022-12-27T11:28:37.3737010Z ##[endgroup]
2022-12-27T11:28:37.3737660Z                                                               [32mâœ“ [0m1.11s
2022-12-27T11:28:37.3738200Z ##[group]Building wheel...
2022-12-27T11:28:37.3738370Z 
2022-12-27T11:28:37.3743370Z + python -m pip wheel /Users/runner/actions-runner/_work/python.build/python.build/build_lxml21310/lxml-2.1 --wheel-dir=/private/var/folders/51/hd414ycd67n82196sw51xqtc0000gn/T/cibw-run-pfjym66j/cp310-macosx_arm64/built_wheel --no-deps -vvv
2022-12-27T11:28:37.6333450Z Created temporary directory: /private/var/folders/51/hd414ycd67n82196sw51xqtc0000gn/T/pip-ephem-wheel-cache-dtgz7jdg
2022-12-27T11:28:37.6337770Z Created temporary directory: /private/var/folders/51/hd414ycd67n82196sw51xqtc0000gn/T/pip-build-tracker-fb2dm2_n
2022-12-27T11:28:37.6340350Z Initialized build tracking at /private/var/folders/51/hd414ycd67n82196sw51xqtc0000gn/T/pip-build-tracker-fb2dm2_n
2022-12-27T11:28:37.6342440Z Created build tracker: /private/var/folders/51/hd414ycd67n82196sw51xqtc0000gn/T/pip-build-tracker-fb2dm2_n
2022-12-27T11:28:37.6344400Z Entered build tracker: /private/var/folders/51/hd414ycd67n82196sw51xqtc0000gn/T/pip-build-tracker-fb2dm2_n
2022-12-27T11:28:37.6348150Z Created temporary directory: /private/var/folders/51/hd414ycd67n82196sw51xqtc0000gn/T/pip-wheel-1urttbq6
2022-12-27T11:28:37.6354520Z Created temporary directory: /private/var/folders/51/hd414ycd67n82196sw51xqtc0000gn/T/pip-ephem-wheel-cache-fbh_omyz
2022-12-27T11:28:37.6496360Z Processing /Users/runner/actions-runner/_work/python.build/python.build/build_lxml21310/lxml-2.1
2022-12-27T11:28:37.6501850Z   Added file:///Users/runner/actions-runner/_work/python.build/python.build/build_lxml21310/lxml-2.1 to build tracker '/private/var/folders/51/hd414ycd67n82196sw51xqtc0000gn/T/pip-build-tracker-fb2dm2_n'
2022-12-27T11:28:37.6505880Z   Running setup.py (path:/Users/runner/actions-runner/_work/python.build/python.build/build_lxml21310/lxml-2.1/setup.py) egg_info for package from file:///Users/runner/actions-runner/_work/python.build/python.build/build_lxml21310/lxml-2.1
2022-12-27T11:28:37.6509510Z   Created temporary directory: /private/var/folders/51/hd414ycd67n82196sw51xqtc0000gn/T/pip-pip-egg-info-zmoqupu4
2022-12-27T11:28:37.6511300Z   Preparing metadata (setup.py): started
2022-12-27T11:28:37.6513390Z   Running command python setup.py egg_info
2022-12-27T11:28:38.0125970Z   Building lxml version 2.1.
2022-12-27T11:28:38.0127120Z   Building with Cython 0.29.32.
2022-12-27T11:28:38.0128970Z   Using build configuration of libxslt 1.1.29
2022-12-27T11:28:38.0131080Z   Building against libxml2/libxslt in the following directory: /Library/Developer/CommandLineTools/SDKs/MacOSX12.1.sdk/usr/lib
2022-12-27T11:28:38.0132510Z   running egg_info
2022-12-27T11:28:38.0135140Z   creating /private/var/folders/51/hd414ycd67n82196sw51xqtc0000gn/T/pip-pip-egg-info-zmoqupu4/lxml.egg-info
2022-12-27T11:28:38.0137240Z   writing /private/var/folders/51/hd414ycd67n82196sw51xqtc0000gn/T/pip-pip-egg-info-zmoqupu4/lxml.egg-info/PKG-INFO
2022-12-27T11:28:38.0140270Z   writing dependency_links to /private/var/folders/51/hd414ycd67n82196sw51xqtc0000gn/T/pip-pip-egg-info-zmoqupu4/lxml.egg-info/dependency_links.txt
2022-12-27T11:28:38.0144120Z   writing top-level names to /private/var/folders/51/hd414ycd67n82196sw51xqtc0000gn/T/pip-pip-egg-info-zmoqupu4/lxml.egg-info/top_level.txt
2022-12-27T11:28:38.0146170Z   writing manifest file '/private/var/folders/51/hd414ycd67n82196sw51xqtc0000gn/T/pip-pip-egg-info-zmoqupu4/lxml.egg-info/SOURCES.txt'
2022-12-27T11:28:38.0202410Z   reading manifest file '/private/var/folders/51/hd414ycd67n82196sw51xqtc0000gn/T/pip-pip-egg-info-zmoqupu4/lxml.egg-info/SOURCES.txt'
2022-12-27T11:28:38.0205330Z   reading manifest template 'MANIFEST.in'
2022-12-27T11:28:38.1037930Z   adding license file 'LICENSES.txt'
2022-12-27T11:28:38.1098020Z   writing manifest file '/private/var/folders/51/hd414ycd67n82196sw51xqtc0000gn/T/pip-pip-egg-info-zmoqupu4/lxml.egg-info/SOURCES.txt'
2022-12-27T11:28:38.1339750Z   Preparing metadata (setup.py): finished with status 'done'
2022-12-27T11:28:38.1361110Z   Source in /Users/runner/actions-runner/_work/python.build/python.build/build_lxml21310/lxml-2.1 has version 2.1, which satisfies requirement lxml==2.1 from file:///Users/runner/actions-runner/_work/python.build/python.build/build_lxml21310/lxml-2.1
2022-12-27T11:28:38.1365230Z   Removed lxml==2.1 from file:///Users/runner/actions-runner/_work/python.build/python.build/build_lxml21310/lxml-2.1 from build tracker '/private/var/folders/51/hd414ycd67n82196sw51xqtc0000gn/T/pip-build-tracker-fb2dm2_n'
2022-12-27T11:28:38.1380590Z Created temporary directory: /private/var/folders/51/hd414ycd67n82196sw51xqtc0000gn/T/pip-unpack-nijrmbrs
2022-12-27T11:28:38.1383040Z Building wheels for collected packages: lxml
2022-12-27T11:28:38.1389970Z   Created temporary directory: /private/var/folders/51/hd414ycd67n82196sw51xqtc0000gn/T/pip-wheel-7vnod5rt
2022-12-27T11:28:38.1391790Z   Building wheel for lxml (setup.py): started
2022-12-27T11:28:38.1393860Z   Destination directory: /private/var/folders/51/hd414ycd67n82196sw51xqtc0000gn/T/pip-wheel-7vnod5rt
2022-12-27T11:28:38.1395390Z   Running command python setup.py bdist_wheel
2022-12-27T11:28:38.3684090Z   Building lxml version 2.1.
2022-12-27T11:28:38.3685890Z   Building with Cython 0.29.32.
2022-12-27T11:28:38.3812800Z   Using build configuration of libxslt 1.1.29
2022-12-27T11:28:38.4746380Z   Building against libxml2/libxslt in the following directory: /Library/Developer/CommandLineTools/SDKs/MacOSX12.1.sdk/usr/lib
2022-12-27T11:28:38.4971650Z   running bdist_wheel
2022-12-27T11:28:38.5011500Z   running build
2022-12-27T11:28:38.5013970Z   running build_py
2022-12-27T11:28:38.5039550Z   creating build
2022-12-27T11:28:38.5042330Z   creating build/lib.macosx-11.0-arm64-cpython-310
2022-12-27T11:28:38.5044620Z   creating build/lib.macosx-11.0-arm64-cpython-310/lxml
2022-12-27T11:28:38.5047230Z   copying src/lxml/_elementpath.py -> build/lib.macosx-11.0-arm64-cpython-310/lxml
2022-12-27T11:28:38.5049630Z   copying src/lxml/sax.py -> build/lib.macosx-11.0-arm64-cpython-310/lxml
2022-12-27T11:28:38.5053190Z   copying src/lxml/pyclasslookup.py -> build/lib.macosx-11.0-arm64-cpython-310/lxml
2022-12-27T11:28:38.5056210Z   copying src/lxml/__init__.py -> build/lib.macosx-11.0-arm64-cpython-310/lxml
2022-12-27T11:28:38.5059460Z   copying src/lxml/builder.py -> build/lib.macosx-11.0-arm64-cpython-310/lxml
2022-12-27T11:28:38.5063780Z   copying src/lxml/doctestcompare.py -> build/lib.macosx-11.0-arm64-cpython-310/lxml
2022-12-27T11:28:38.5066850Z   copying src/lxml/usedoctest.py -> build/lib.macosx-11.0-arm64-cpython-310/lxml
2022-12-27T11:28:38.5069970Z   copying src/lxml/cssselect.py -> build/lib.macosx-11.0-arm64-cpython-310/lxml
2022-12-27T11:28:38.5073660Z   copying src/lxml/ElementInclude.py -> build/lib.macosx-11.0-arm64-cpython-310/lxml
2022-12-27T11:28:38.5081300Z   creating build/lib.macosx-11.0-arm64-cpython-310/lxml/html
2022-12-27T11:28:38.5083510Z   copying src/lxml/html/soupparser.py -> build/lib.macosx-11.0-arm64-cpython-310/lxml/html
2022-12-27T11:28:38.5086550Z   copying src/lxml/html/defs.py -> build/lib.macosx-11.0-arm64-cpython-310/lxml/html
2022-12-27T11:28:38.5089770Z   copying src/lxml/html/_setmixin.py -> build/lib.macosx-11.0-arm64-cpython-310/lxml/html
2022-12-27T11:28:38.5092590Z   copying src/lxml/html/clean.py -> build/lib.macosx-11.0-arm64-cpython-310/lxml/html
2022-12-27T11:28:38.5096520Z   copying src/lxml/html/_diffcommand.py -> build/lib.macosx-11.0-arm64-cpython-310/lxml/html
2022-12-27T11:28:38.5099030Z   copying src/lxml/html/__init__.py -> build/lib.macosx-11.0-arm64-cpython-310/lxml/html
2022-12-27T11:28:38.5102870Z   copying src/lxml/html/formfill.py -> build/lib.macosx-11.0-arm64-cpython-310/lxml/html
2022-12-27T11:28:38.5105870Z   copying src/lxml/html/builder.py -> build/lib.macosx-11.0-arm64-cpython-310/lxml/html
2022-12-27T11:28:38.5109140Z   copying src/lxml/html/ElementSoup.py -> build/lib.macosx-11.0-arm64-cpython-310/lxml/html
2022-12-27T11:28:38.5111750Z   copying src/lxml/html/usedoctest.py -> build/lib.macosx-11.0-arm64-cpython-310/lxml/html
2022-12-27T11:28:38.5114340Z   copying src/lxml/html/diff.py -> build/lib.macosx-11.0-arm64-cpython-310/lxml/html
2022-12-27T11:28:38.5116790Z   copying src/lxml/html/_dictmixin.py -> build/lib.macosx-11.0-arm64-cpython-310/lxml/html
2022-12-27T11:28:38.5127540Z   running build_ext
2022-12-27T11:28:38.5257630Z   skipping 'src/lxml/lxml.etree.c' Cython extension (up-to-date)
2022-12-27T11:28:38.5261780Z   skipping 'src/lxml/lxml.objectify.c' Cython extension (up-to-date)
2022-12-27T11:28:38.5263680Z   building 'lxml.etree' extension
2022-12-27T11:28:38.5266070Z   creating build/temp.macosx-11.0-arm64-cpython-310
2022-12-27T11:28:38.5268460Z   creating build/temp.macosx-11.0-arm64-cpython-310/src
2022-12-27T11:28:38.5270580Z   creating build/temp.macosx-11.0-arm64-cpython-310/src/lxml
2022-12-27T11:28:38.5273690Z   clang -Wno-unused-result -Wsign-compare -Wunreachable-code -fno-common -dynamic -DNDEBUG -g -fwrapv -O3 -Wall -g -I/usr/local/opt/openssl@3/include -I/usr/local/opt/openssl@3/include -arch arm64 -I/Library/Developer/CommandLineTools/SDKs/MacOSX12.1.sdk/usr/include -I/private/var/folders/51/hd414ycd67n82196sw51xqtc0000gn/T/cibw-run-pfjym66j/cp310-macosx_arm64/build/venv/include -I/Library/Frameworks/Python.framework/Versions/3.10/include/python3.10 -c src/lxml/lxml.etree.c -o build/temp.macosx-11.0-arm64-cpython-310/src/lxml/lxml.etree.o -w -flat_namespace
2022-12-27T11:28:38.9192880Z   src/lxml/lxml.etree.c:101401:3: error: expression is not assignable
2022-12-27T11:28:38.9194810Z     ++Py_REFCNT(o);
2022-12-27T11:28:38.9197030Z     ^ ~~~~~~~~~~~~
2022-12-27T11:28:38.9199150Z   src/lxml/lxml.etree.c:101404:3: error: expression is not assignable
2022-12-27T11:28:38.9201150Z     --Py_REFCNT(o);
2022-12-27T11:28:38.9202780Z     ^ ~~~~~~~~~~~~
2022-12-27T11:28:38.9204970Z   src/lxml/lxml.etree.c:101836:3: error: expression is not assignable
2022-12-27T11:28:38.9206660Z     ++Py_REFCNT(o);
2022-12-27T11:28:38.9208310Z     ^ ~~~~~~~~~~~~
2022-12-27T11:28:38.9210210Z   src/lxml/lxml.etree.c:101839:3: error: expression is not assignable
2022-12-27T11:28:38.9212080Z     --Py_REFCNT(o);
2022-12-27T11:28:38.9213760Z     ^ ~~~~~~~~~~~~
2022-12-27T11:28:38.9387030Z   src/lxml/lxml.etree.c:110260:3: error: expression is not assignable
2022-12-27T11:28:38.9388910Z     ++Py_REFCNT(o);
2022-12-27T11:28:38.9390800Z     ^ ~~~~~~~~~~~~
2022-12-27T11:28:38.9392700Z   src/lxml/lxml.etree.c:110263:3: error: expression is not assignable
2022-12-27T11:28:38.9394550Z     --Py_REFCNT(o);
2022-12-27T11:28:38.9396140Z     ^ ~~~~~~~~~~~~
2022-12-27T11:28:38.9400720Z   src/lxml/lxml.etree.c:110825:3: error: expression is not assignable
2022-12-27T11:28:38.9402530Z     ++Py_REFCNT(o);
2022-12-27T11:28:38.9404370Z     ^ ~~~~~~~~~~~~
2022-12-27T11:28:38.9406230Z   src/lxml/lxml.etree.c:110828:3: error: expression is not assignable
2022-12-27T11:28:38.9407920Z     --Py_REFCNT(o);
2022-12-27T11:28:38.9409500Z     ^ ~~~~~~~~~~~~
2022-12-27T11:28:38.9411430Z   src/lxml/lxml.etree.c:111204:3: error: expression is not assignable
2022-12-27T11:28:38.9413100Z     ++Py_REFCNT(o);
2022-12-27T11:28:38.9414730Z     ^ ~~~~~~~~~~~~
2022-12-27T11:28:38.9416490Z   src/lxml/lxml.etree.c:111207:3: error: expression is not assignable
2022-12-27T11:28:38.9418230Z     --Py_REFCNT(o);
2022-12-27T11:28:38.9419860Z     ^ ~~~~~~~~~~~~
2022-12-27T11:28:38.9421680Z   src/lxml/lxml.etree.c:111377:3: error: expression is not assignable
2022-12-27T11:28:38.9423560Z     ++Py_REFCNT(o);
2022-12-27T11:28:38.9425190Z     ^ ~~~~~~~~~~~~
2022-12-27T11:28:38.9426960Z   src/lxml/lxml.etree.c:111380:3: error: expression is not assignable
2022-12-27T11:28:38.9428650Z     --Py_REFCNT(o);
2022-12-27T11:28:38.9430440Z     ^ ~~~~~~~~~~~~
2022-12-27T11:28:38.9515940Z   src/lxml/lxml.etree.c:115177:3: error: expression is not assignable
2022-12-27T11:28:38.9517910Z     ++Py_REFCNT(o);
2022-12-27T11:28:38.9520100Z     ^ ~~~~~~~~~~~~
2022-12-27T11:28:38.9522280Z   src/lxml/lxml.etree.c:115180:3: error: expression is not assignable
2022-12-27T11:28:38.9524590Z     --Py_REFCNT(o);
2022-12-27T11:28:38.9526400Z     ^ ~~~~~~~~~~~~
2022-12-27T11:28:38.9529660Z   src/lxml/lxml.etree.c:115727:3: error: expression is not assignable
2022-12-27T11:28:38.9531340Z     ++Py_REFCNT(o);
2022-12-27T11:28:38.9533110Z     ^ ~~~~~~~~~~~~
2022-12-27T11:28:38.9534830Z   src/lxml/lxml.etree.c:115730:3: error: expression is not assignable
2022-12-27T11:28:38.9536600Z     --Py_REFCNT(o);
2022-12-27T11:28:38.9538150Z     ^ ~~~~~~~~~~~~
2022-12-27T11:28:38.9542320Z   src/lxml/lxml.etree.c:116263:3: error: expression is not assignable
2022-12-27T11:28:38.9544070Z     ++Py_REFCNT(o);
2022-12-27T11:28:38.9545630Z     ^ ~~~~~~~~~~~~
2022-12-27T11:28:38.9547440Z   src/lxml/lxml.etree.c:116266:3: error: expression is not assignable
2022-12-27T11:28:38.9549130Z     --Py_REFCNT(o);
2022-12-27T11:28:38.9550890Z     ^ ~~~~~~~~~~~~
2022-12-27T11:28:38.9552810Z   src/lxml/lxml.etree.c:116638:3: error: expression is not assignable
2022-12-27T11:28:38.9554380Z     ++Py_REFCNT(o);
2022-12-27T11:28:38.9556030Z     ^ ~~~~~~~~~~~~
2022-12-27T11:28:38.9557970Z   fatal error: too many errors emitted, stopping now [-ferror-limit=]
2022-12-27T11:28:38.9857670Z   20 errors generated.
2022-12-27T11:28:38.9892190Z   error: command '/usr/bin/clang' failed with exit code 1
2022-12-27T11:28:39.0253060Z   error: subprocess-exited-with-error
2022-12-27T11:28:39.0253470Z   
2022-12-27T11:28:39.0253990Z   Ã— python setup.py bdist_wheel did not run successfully.
2022-12-27T11:28:39.0254490Z   â”‚ exit code: 1
2022-12-27T11:28:39.0254950Z   â•°â”€> See above for output.
2022-12-27T11:28:39.0255200Z   
2022-12-27T11:28:39.0255620Z   note: This error originates from a subprocess, and is likely not a problem with pip.
2022-12-27T11:28:39.0264660Z   full command: /private/var/folders/51/hd414ycd67n82196sw51xqtc0000gn/T/cibw-run-pfjym66j/cp310-macosx_arm64/build/venv/bin/python -u -c '
2022-12-27T11:28:39.0265080Z   exec(compile('"'"''"'"''"'"'
2022-12-27T11:28:39.0265490Z   # This is <pip-setuptools-caller> -- a caller that pip uses to run setup.py
2022-12-27T11:28:39.0265730Z   #
2022-12-27T11:28:39.0266160Z   # - It imports setuptools before invoking setup.py, to enable projects that directly
2022-12-27T11:28:39.0266760Z   #   import from `distutils.core` to work with newer packaging standards.
2022-12-27T11:28:39.0267360Z   # - It provides a clear error message when setuptools is not installed.
2022-12-27T11:28:39.0267890Z   # - It sets `sys.argv[0]` to the underlying `setup.py`, when invoking `setup.py` so
2022-12-27T11:28:39.0268430Z   #   setuptools doesn'"'"'t think the script is `-c`. This avoids the following warning:
2022-12-27T11:28:39.0268850Z   #     manifest_maker: standard file '"'"'-c'"'"' not found".
2022-12-27T11:28:39.0269870Z   # - It generates a shim setup.py, for handling setup.cfg-only projects.
2022-12-27T11:28:39.0270230Z   import os, sys, tokenize
2022-12-27T11:28:39.0270440Z   
2022-12-27T11:28:39.0270610Z   try:
2022-12-27T11:28:39.0270860Z       import setuptools
2022-12-27T11:28:39.0271100Z   except ImportError as error:
2022-12-27T11:28:39.0271530Z       print(
2022-12-27T11:28:39.0271860Z           "ERROR: Can not execute `setup.py` since setuptools is not available in "
2022-12-27T11:28:39.0272160Z           "the build environment.",
2022-12-27T11:28:39.0272440Z           file=sys.stderr,
2022-12-27T11:28:39.0272690Z       )
2022-12-27T11:28:39.0272890Z       sys.exit(1)
2022-12-27T11:28:39.0273130Z   
2022-12-27T11:28:39.0273370Z   __file__ = %r
2022-12-27T11:28:39.0273590Z   sys.argv[0] = __file__
2022-12-27T11:28:39.0273840Z   
2022-12-27T11:28:39.0274090Z   if os.path.exists(__file__):
2022-12-27T11:28:39.0274330Z       filename = __file__
2022-12-27T11:28:39.0274580Z       with tokenize.open(__file__) as f:
2022-12-27T11:28:39.0274870Z           setup_py_code = f.read()
2022-12-27T11:28:39.0275300Z   else:
2022-12-27T11:28:39.0275680Z       filename = "<auto-generated setuptools caller>"
2022-12-27T11:28:39.0276030Z       setup_py_code = "from setuptools import setup; setup()"
2022-12-27T11:28:39.0276320Z   
2022-12-27T11:28:39.0276560Z   exec(compile(setup_py_code, filename, "exec"))
2022-12-27T11:28:39.0277500Z   '"'"''"'"''"'"' % ('"'"'/Users/runner/actions-runner/_work/python.build/python.build/build_lxml21310/lxml-2.1/setup.py'"'"',), "<pip-setuptools-caller>", "exec"))' bdist_wheel -d /private/var/folders/51/hd414ycd67n82196sw51xqtc0000gn/T/pip-wheel-7vnod5rt
2022-12-27T11:28:39.0278700Z   cwd: /Users/runner/actions-runner/_work/python.build/python.build/build_lxml21310/lxml-2.1/
2022-12-27T11:28:39.0279150Z   ERROR: Failed building wheel for lxml
2022-12-27T11:28:39.0279420Z   Running command python setup.py clean
2022-12-27T11:28:39.0279890Z   Building wheel for lxml (setup.py): finished with status 'error'
2022-12-27T11:28:39.0280150Z   Running setup.py clean for lxml
2022-12-27T11:28:39.2807820Z   Building lxml version 2.1.
2022-12-27T11:28:39.2809710Z   Building with Cython 0.29.32.
2022-12-27T11:28:39.2936170Z   Using build configuration of libxslt 1.1.29
2022-12-27T11:28:39.3881490Z   Building against libxml2/libxslt in the following directory: /Library/Developer/CommandLineTools/SDKs/MacOSX12.1.sdk/usr/lib
2022-12-27T11:28:39.4003460Z   running clean
2022-12-27T11:28:39.4029320Z   removing 'build/temp.macosx-11.0-arm64-cpython-310' (and everything under it)
2022-12-27T11:28:39.4034110Z   removing 'build/lib.macosx-11.0-arm64-cpython-310' (and everything under it)
2022-12-27T11:28:39.4055730Z   'build/bdist.macosx-11.0-arm64' does not exist -- can't clean it
2022-12-27T11:28:39.4057800Z   'build/scripts-3.10' does not exist -- can't clean it
2022-12-27T11:28:39.4059700Z   removing 'build'
2022-12-27T11:28:39.4304150Z Failed to build lxml
2022-12-27T11:28:39.4308530Z ERROR: Failed to build one or more wheels
2022-12-27T11:28:39.4317920Z Exception information:
2022-12-27T11:28:39.4318550Z Traceback (most recent call last):
2022-12-27T11:28:39.4327400Z   File "/private/var/folders/51/hd414ycd67n82196sw51xqtc0000gn/T/cibw-run-pfjym66j/cp310-macosx_arm64/build/venv/lib/python3.10/site-packages/pip/_internal/cli/base_command.py", line 160, in exc_logging_wrapper
2022-12-27T11:28:39.4327980Z     status = run_func(*args)
2022-12-27T11:28:39.4328790Z   File "/private/var/folders/51/hd414ycd67n82196sw51xqtc0000gn/T/cibw-run-pfjym66j/cp310-macosx_arm64/build/venv/lib/python3.10/site-packages/pip/_internal/cli/req_command.py", line 247, in wrapper
2022-12-27T11:28:39.4329290Z     return func(self, options, args)
2022-12-27T11:28:39.4330070Z   File "/private/var/folders/51/hd414ycd67n82196sw51xqtc0000gn/T/cibw-run-pfjym66j/cp310-macosx_arm64/build/venv/lib/python3.10/site-packages/pip/_internal/commands/wheel.py", line 201, in run
2022-12-27T11:28:39.4330560Z     raise CommandError("Failed to build one or more wheels")
2022-12-27T11:28:39.4331350Z pip._internal.exceptions.CommandError: Failed to build one or more wheels
2022-12-27T11:28:39.4332030Z Removed build tracker: '/private/var/folders/51/hd414ycd67n82196sw51xqtc0000gn/T/pip-build-tracker-fb2dm2_n'
2022-12-27T11:28:39.4712540Z ##[endgroup]
2022-12-27T11:28:39.4735350Z ##[error]Command ['python', '-m', 'pip', 'wheel', '/Users/runner/actions-runner/_work/python.build/python.build/build_lxml21310/lxml-2.1', '--wheel-dir=/private/var/folders/51/hd414ycd67n82196sw51xqtc0000gn/T/cibw-run-pfjym66j/cp310-macosx_arm64/built_wheel', '--no-deps', '-vvv'] failed with code 1. None
2022-12-27T11:28:39.4741980Z 
2022-12-27T11:28:39.4742330Z                                                               [31mâœ• [0m2.10s
2022-12-27T11:28:39.5192680Z ##[error]Process completed with exit code 1.
2022-12-27T11:28:39.5226730Z ##[group]Run rm -rf build_lxml21310 wheelsout
2022-12-27T11:28:39.5226950Z [36;1mrm -rf build_lxml21310 wheelsout[0m
2022-12-27T11:28:39.5242260Z shell: /bin/bash -e {0}
2022-12-27T11:28:39.5242450Z env:
2022-12-27T11:28:39.5242690Z   pythonLocation: /Users/runner/hostedtoolcache/Python/3.10.9/x64
2022-12-27T11:28:39.5242950Z   PKG_CONFIG_PATH: /Users/runner/hostedtoolcache/Python/3.10.9/x64/lib/pkgconfig
2022-12-27T11:28:39.5243270Z   Python_ROOT_DIR: /Users/runner/hostedtoolcache/Python/3.10.9/x64
2022-12-27T11:28:39.5243510Z   Python2_ROOT_DIR: /Users/runner/hostedtoolcache/Python/3.10.9/x64
2022-12-27T11:28:39.5243710Z   Python3_ROOT_DIR: /Users/runner/hostedtoolcache/Python/3.10.9/x64
2022-12-27T11:28:39.5243910Z ##[endgroup]
2022-12-27T11:28:39.5777110Z Cleaning up orphan processes
