2022-12-27T08:47:21.7329813Z Requested labels: self-hosted, macOS, X64
2022-12-27T08:47:21.7329930Z Job defined at: kilnbuild/python.build/.github/workflows/mac_arm_build.yml@refs/heads/main
2022-12-27T08:47:21.7329957Z Waiting for a runner to pick up this job...
2022-12-27T11:11:21.6773916Z Job is about to start running on the runner: kr2 (organization)
2022-12-27T11:11:27.1822570Z Current runner version: '2.300.2'
2022-12-27T11:11:27.1829720Z Runner name: 'kr2'
2022-12-27T11:11:27.1830120Z Runner group name: 'Default'
2022-12-27T11:11:27.1830910Z Machine name: 'kr2'
2022-12-27T11:11:27.1833510Z ##[group]GITHUB_TOKEN Permissions
2022-12-27T11:11:27.1834160Z Actions: write
2022-12-27T11:11:27.1834410Z Checks: write
2022-12-27T11:11:27.1834670Z Contents: write
2022-12-27T11:11:27.1834910Z Deployments: write
2022-12-27T11:11:27.1835170Z Discussions: write
2022-12-27T11:11:27.1835420Z Issues: write
2022-12-27T11:11:27.1835660Z Metadata: read
2022-12-27T11:11:27.1835910Z Packages: write
2022-12-27T11:11:27.1836160Z Pages: write
2022-12-27T11:11:27.1836410Z PullRequests: write
2022-12-27T11:11:27.1836700Z RepositoryProjects: write
2022-12-27T11:11:27.1836990Z SecurityEvents: write
2022-12-27T11:11:27.1837320Z Statuses: write
2022-12-27T11:11:27.1837570Z ##[endgroup]
2022-12-27T11:11:27.1841400Z Secret source: Actions
2022-12-27T11:11:27.1841880Z Prepare workflow directory
2022-12-27T11:11:27.2966580Z Prepare all required actions
2022-12-27T11:11:27.3184580Z Getting action download info
2022-12-27T11:11:27.7674180Z Download action repository 'actions/setup-python@v4' (SHA:5ccb29d8773c3f3f653e1705f474dfaa8a06a912)
2022-12-27T11:11:29.6576680Z Download action repository 'actions/upload-artifact@v3' (SHA:83fd05a356d7e2593de66fc9913b3002723633cb)
2022-12-27T11:11:31.1833920Z ##[group]Run echo '{
2022-12-27T11:11:31.1834530Z [36;1mecho '{[0m
2022-12-27T11:11:31.1834820Z [36;1m  "package_name": "lxml",[0m
2022-12-27T11:11:31.1835250Z [36;1m  "package_url": "https://files.pythonhosted.org/packages/07/76/9f14811d3fb91ed7973a798ded15eda416070bbcb1aadc6a5af9d691d993/lxml-4.0.0.tar.gz",[0m
2022-12-27T11:11:31.1835600Z [36;1m  "package_version": "4.0.0",[0m
2022-12-27T11:11:31.1835870Z [36;1m  "python_version": "3.9",[0m
2022-12-27T11:11:31.1836070Z [36;1m  "use_ccache": "true"[0m
2022-12-27T11:11:31.1836240Z [36;1m}'[0m
2022-12-27T11:11:31.1863570Z shell: /bin/bash -e {0}
2022-12-27T11:11:31.1863800Z ##[endgroup]
2022-12-27T11:11:31.2268620Z {
2022-12-27T11:11:31.2271490Z   "package_name": "lxml",
2022-12-27T11:11:31.2272680Z   "package_url": "https://files.pythonhosted.org/packages/07/76/9f14811d3fb91ed7973a798ded15eda416070bbcb1aadc6a5af9d691d993/lxml-4.0.0.tar.gz",
2022-12-27T11:11:31.2273220Z   "package_version": "4.0.0",
2022-12-27T11:11:31.2273820Z   "python_version": "3.9",
2022-12-27T11:11:31.2274140Z   "use_ccache": "true"
2022-12-27T11:11:31.2274470Z }
2022-12-27T11:11:31.2642520Z ##[group]Run actions/setup-python@v4
2022-12-27T11:11:31.2642980Z with:
2022-12-27T11:11:31.2643310Z   python-version: 3.9
2022-12-27T11:11:31.2643600Z   check-latest: false
2022-12-27T11:11:31.2644220Z   token: ***
2022-12-27T11:11:31.2644660Z   update-environment: true
2022-12-27T11:11:31.2644990Z ##[endgroup]
2022-12-27T11:11:31.4918240Z ##[group]Installed versions
2022-12-27T11:11:31.4992910Z Successfully set up CPython (3.9.16)
2022-12-27T11:11:31.4996230Z ##[endgroup]
2022-12-27T11:11:31.5224560Z ##[group]Run if [ "true" == "true" ]
2022-12-27T11:11:31.5225170Z [36;1mif [ "true" == "true" ][0m
2022-12-27T11:11:31.5225650Z [36;1mthen[0m
2022-12-27T11:11:31.5225990Z [36;1m  echo "CCACHE_PATH_PREPEND=/usr/local/opt/ccache/libexec" >> $GITHUB_OUTPUT[0m
2022-12-27T11:11:31.5226400Z [36;1melse[0m
2022-12-27T11:11:31.5226790Z [36;1m  echo "CCACHE_PATH_PREPEND=" >> $GITHUB_OUTPUT[0m
2022-12-27T11:11:31.5227160Z [36;1mfi[0m
2022-12-27T11:11:31.5256350Z shell: /bin/bash -e {0}
2022-12-27T11:11:31.5256720Z env:
2022-12-27T11:11:31.5257100Z   pythonLocation: /Users/runner/hostedtoolcache/Python/3.9.16/x64
2022-12-27T11:11:31.5257720Z   PKG_CONFIG_PATH: /Users/runner/hostedtoolcache/Python/3.9.16/x64/lib/pkgconfig
2022-12-27T11:11:31.5258130Z   Python_ROOT_DIR: /Users/runner/hostedtoolcache/Python/3.9.16/x64
2022-12-27T11:11:31.5258670Z   Python2_ROOT_DIR: /Users/runner/hostedtoolcache/Python/3.9.16/x64
2022-12-27T11:11:31.5259230Z   Python3_ROOT_DIR: /Users/runner/hostedtoolcache/Python/3.9.16/x64
2022-12-27T11:11:31.5260330Z ##[endgroup]
2022-12-27T11:11:31.5580040Z ##[group]Run echo "BUILD_NAME=$(echo lxml_4.0.0_3.9 | tr -dc '[:alnum:]\n\r' | tr '[:upper:]' '[:lower:]')" >> $GITHUB_OUTPUT
2022-12-27T11:11:31.5580670Z [36;1mecho "BUILD_NAME=$(echo lxml_4.0.0_3.9 | tr -dc '[:alnum:]\n\r' | tr '[:upper:]' '[:lower:]')" >> $GITHUB_OUTPUT[0m
2022-12-27T11:11:31.5608360Z shell: /bin/bash -e {0}
2022-12-27T11:11:31.5608610Z env:
2022-12-27T11:11:31.5608860Z   pythonLocation: /Users/runner/hostedtoolcache/Python/3.9.16/x64
2022-12-27T11:11:31.5609430Z   PKG_CONFIG_PATH: /Users/runner/hostedtoolcache/Python/3.9.16/x64/lib/pkgconfig
2022-12-27T11:11:31.5609870Z   Python_ROOT_DIR: /Users/runner/hostedtoolcache/Python/3.9.16/x64
2022-12-27T11:11:31.5610220Z   Python2_ROOT_DIR: /Users/runner/hostedtoolcache/Python/3.9.16/x64
2022-12-27T11:11:31.5610650Z   Python3_ROOT_DIR: /Users/runner/hostedtoolcache/Python/3.9.16/x64
2022-12-27T11:11:31.5610970Z ##[endgroup]
2022-12-27T11:11:31.5862140Z ##[group]Run echo "PYTHON_NO_DOTS=$(echo 3.9 | tr -dc '[:alnum:]\n\r' | tr '[:upper:]' '[:lower:]')" >> $GITHUB_OUTPUT
2022-12-27T11:11:31.5863010Z [36;1mecho "PYTHON_NO_DOTS=$(echo 3.9 | tr -dc '[:alnum:]\n\r' | tr '[:upper:]' '[:lower:]')" >> $GITHUB_OUTPUT[0m
2022-12-27T11:11:31.5890310Z shell: /bin/bash -e {0}
2022-12-27T11:11:31.5890640Z env:
2022-12-27T11:11:31.5891120Z   pythonLocation: /Users/runner/hostedtoolcache/Python/3.9.16/x64
2022-12-27T11:11:31.5891510Z   PKG_CONFIG_PATH: /Users/runner/hostedtoolcache/Python/3.9.16/x64/lib/pkgconfig
2022-12-27T11:11:31.5892860Z   Python_ROOT_DIR: /Users/runner/hostedtoolcache/Python/3.9.16/x64
2022-12-27T11:11:31.5893300Z   Python2_ROOT_DIR: /Users/runner/hostedtoolcache/Python/3.9.16/x64
2022-12-27T11:11:31.5893730Z   Python3_ROOT_DIR: /Users/runner/hostedtoolcache/Python/3.9.16/x64
2022-12-27T11:11:31.5894110Z ##[endgroup]
2022-12-27T11:11:31.6180230Z ##[group]Run rm -rf build_lxml40039
2022-12-27T11:11:31.6181090Z [36;1mrm -rf build_lxml40039[0m
2022-12-27T11:11:31.6181460Z [36;1mmkdir build_lxml40039[0m
2022-12-27T11:11:31.6181910Z [36;1mcd build_lxml40039[0m
2022-12-27T11:11:31.6182440Z [36;1m/usr/local/bin/wget --quiet https://files.pythonhosted.org/packages/07/76/9f14811d3fb91ed7973a798ded15eda416070bbcb1aadc6a5af9d691d993/lxml-4.0.0.tar.gz[0m
2022-12-27T11:11:31.6182960Z [36;1mtar xf *.tar.gz[0m
2022-12-27T11:11:31.6183280Z [36;1mcd *[0m
2022-12-27T11:11:31.6183590Z [36;1mpython -m pip install cibuildwheel==2.11.3[0m
2022-12-27T11:11:31.6184100Z [36;1mpython -m cibuildwheel --output-dir ../wheelsout[0m
2022-12-27T11:11:31.6212100Z shell: /bin/bash -e {0}
2022-12-27T11:11:31.6212360Z env:
2022-12-27T11:11:31.6212820Z   pythonLocation: /Users/runner/hostedtoolcache/Python/3.9.16/x64
2022-12-27T11:11:31.6213290Z   PKG_CONFIG_PATH: /Users/runner/hostedtoolcache/Python/3.9.16/x64/lib/pkgconfig
2022-12-27T11:11:31.6213760Z   Python_ROOT_DIR: /Users/runner/hostedtoolcache/Python/3.9.16/x64
2022-12-27T11:11:31.6214230Z   Python2_ROOT_DIR: /Users/runner/hostedtoolcache/Python/3.9.16/x64
2022-12-27T11:11:31.6214780Z   Python3_ROOT_DIR: /Users/runner/hostedtoolcache/Python/3.9.16/x64
2022-12-27T11:11:31.6215180Z   CIBW_ARCHS_MACOS: arm64
2022-12-27T11:11:31.6215450Z   CIBW_TEST_SKIP: *_arm64
2022-12-27T11:11:31.6215800Z   CIBW_BUILD: cp39-macosx_arm64
2022-12-27T11:11:31.6216170Z   CIBW_BUILD_FRONTEND: pip
2022-12-27T11:11:31.6216540Z   CIBW_BUILD_VERBOSITY: 3
2022-12-27T11:11:31.6217140Z   CIBW_ENVIRONMENT_MACOS:  CFLAGS="-I/usr/local/opt/openssl@3/include" LDFLAGS="-L/usr/local/opt/openssl@3/lib" CPPFLAGS="-I/usr/local/opt/openssl@3/include" MAKEFLAGS="-j$(sysctl -n hw.logicalcpu)" PATH=/usr/local/opt/ccache/libexec:$PATH
2022-12-27T11:11:31.6217840Z   CIBW_BEFORE_BUILD: pip install Cython; if [[ -f requirements.txt ]]; then pip install -r requirements.txt; fi
2022-12-27T11:11:31.6218300Z   MAKEFLAGS: -j$(sysctl -n hw.logicalcpu)
2022-12-27T11:11:31.6218670Z ##[endgroup]
2022-12-27T11:11:32.4851890Z Requirement already satisfied: cibuildwheel==2.11.3 in /Users/runner/hostedtoolcache/Python/3.9.16/x64/lib/python3.9/site-packages (2.11.3)
2022-12-27T11:11:32.5243660Z Requirement already satisfied: packaging>=20.9 in /Users/runner/hostedtoolcache/Python/3.9.16/x64/lib/python3.9/site-packages (from cibuildwheel==2.11.3) (22.0)
2022-12-27T11:11:32.5259750Z Requirement already satisfied: typing-extensions>=4.1.0 in /Users/runner/hostedtoolcache/Python/3.9.16/x64/lib/python3.9/site-packages (from cibuildwheel==2.11.3) (4.4.0)
2022-12-27T11:11:32.5265030Z Requirement already satisfied: tomli in /Users/runner/hostedtoolcache/Python/3.9.16/x64/lib/python3.9/site-packages (from cibuildwheel==2.11.3) (2.0.1)
2022-12-27T11:11:32.5271060Z Requirement already satisfied: platformdirs in /Users/runner/hostedtoolcache/Python/3.9.16/x64/lib/python3.9/site-packages (from cibuildwheel==2.11.3) (2.6.0)
2022-12-27T11:11:32.5277840Z Requirement already satisfied: bashlex!=0.13 in /Users/runner/hostedtoolcache/Python/3.9.16/x64/lib/python3.9/site-packages (from cibuildwheel==2.11.3) (0.16)
2022-12-27T11:11:32.5282680Z Requirement already satisfied: certifi in /Users/runner/hostedtoolcache/Python/3.9.16/x64/lib/python3.9/site-packages (from cibuildwheel==2.11.3) (2022.12.7)
2022-12-27T11:11:32.5287900Z Requirement already satisfied: filelock in /Users/runner/hostedtoolcache/Python/3.9.16/x64/lib/python3.9/site-packages (from cibuildwheel==2.11.3) (3.8.2)
2022-12-27T11:11:32.5292950Z Requirement already satisfied: bracex in /Users/runner/hostedtoolcache/Python/3.9.16/x64/lib/python3.9/site-packages (from cibuildwheel==2.11.3) (2.3.post1)
2022-12-27T11:11:32.8599800Z 
2022-12-27T11:11:32.8600760Z      _ _       _ _   _       _           _
2022-12-27T11:11:32.8601540Z  ___|_| |_ _ _|_| |_| |_ _ _| |_ ___ ___| |
2022-12-27T11:11:32.8602610Z |  _| | . | | | | | . | | | |   | -_| -_| |
2022-12-27T11:11:32.8604340Z |___|_|___|___|_|_|___|_____|_|_|___|___|_|
2022-12-27T11:11:32.8605900Z 
2022-12-27T11:11:32.8606360Z cibuildwheel version 2.11.3
2022-12-27T11:11:32.8607020Z 
2022-12-27T11:11:32.8607200Z Build options:
2022-12-27T11:11:32.8607830Z   platform: macos
2022-12-27T11:11:32.8786970Z   architectures: arm64[0m
2022-12-27T11:11:32.8787530Z   build_selector: 
2022-12-27T11:11:32.8788390Z     build_config: cp39-macosx_arm64
2022-12-27T11:11:32.8790000Z     skip_config: 
2022-12-27T11:11:32.8790680Z     requires_python: None
2022-12-27T11:11:32.8792490Z     prerelease_pythons: False[0m
2022-12-27T11:11:32.8793640Z   [38;5;244mcontainer_engine: docker[0m
2022-12-27T11:11:32.8796430Z   output_dir: /Users/runner/actions-runner/_work/python.build/python.build/build_lxml40039/wheelsout[0m
2022-12-27T11:11:32.8798080Z   package_dir: /Users/runner/actions-runner/_work/python.build/python.build/build_lxml40039/lxml-4.0.0[0m
2022-12-27T11:11:32.8799070Z   test_selector: 
2022-12-27T11:11:32.8800700Z     skip_config: *_arm64[0m
2022-12-27T11:11:32.8801690Z   [38;5;244mbefore_all: [0m
2022-12-27T11:11:32.8803560Z   before_build: pip install Cython; if [[ -f requirements.txt ]]; then pip install -r requirements.txt; fi[0m
2022-12-27T11:11:32.8804590Z   [38;5;244mbefore_test: [0m
2022-12-27T11:11:32.8805400Z   [38;5;244mbuild_frontend: pip[0m
2022-12-27T11:11:32.8806070Z   build_verbosity: 3[0m
2022-12-27T11:11:32.8806850Z   [38;5;244mconfig_settings: [0m
2022-12-27T11:11:32.8808020Z   [38;5;244mdependency_constraints: pinned[0m
2022-12-27T11:11:32.8808760Z   environment: 
2022-12-27T11:11:32.8809630Z     CFLAGS="-I/usr/local/opt/openssl@3/include"
2022-12-27T11:11:32.8810330Z     LDFLAGS="-L/usr/local/opt/openssl@3/lib"
2022-12-27T11:11:32.8810840Z     CPPFLAGS="-I/usr/local/opt/openssl@3/include"
2022-12-27T11:11:32.8811760Z     MAKEFLAGS="-j$(sysctl -n hw.logicalcpu)"
2022-12-27T11:11:32.8812450Z     PATH=/usr/local/opt/ccache/libexec:$PATH[0m
2022-12-27T11:11:32.8812850Z   [38;5;244mmanylinux_images: None[0m
2022-12-27T11:11:32.8813280Z   [38;5;244mmusllinux_images: None[0m
2022-12-27T11:11:32.8813840Z   [38;5;244mrepair_command: delocate-wheel --require-archs {delocate_archs} -w {dest_dir} -v {wheel}[0m
2022-12-27T11:11:32.8815340Z   [38;5;244mtest_command: [0m
2022-12-27T11:11:32.8815690Z   [38;5;244mtest_extras: [0m
2022-12-27T11:11:32.8816120Z   [38;5;244mtest_requires: [0m
2022-12-27T11:11:32.8816320Z 
2022-12-27T11:11:32.8816530Z Cache folder: /Users/runner/Library/Caches/cibuildwheel
2022-12-27T11:11:32.8816770Z 
2022-12-27T11:11:32.8816840Z Here we go!
2022-12-27T11:11:32.8817020Z 
2022-12-27T11:11:32.8918920Z 
2022-12-27T11:11:32.8920410Z [1m[34mBuilding cp39-macosx_arm64 wheel[0m
2022-12-27T11:11:32.8921250Z CPython 3.9 macOS arm64 - Apple Silicon
2022-12-27T11:11:32.8921650Z 
2022-12-27T11:11:32.8926720Z ##[group]Installing Python cp39...
2022-12-27T11:11:32.8927550Z 
2022-12-27T11:11:32.8929000Z + pkgutil --pkgs
2022-12-27T11:11:32.9142220Z ##[endgroup]
2022-12-27T11:11:32.9144720Z                                                               [32mâœ“ [0m0.02s
2022-12-27T11:11:32.9145490Z ##[group]Setting up build environment...
2022-12-27T11:11:32.9145730Z 
2022-12-27T11:11:32.9178190Z + /Users/runner/hostedtoolcache/Python/3.9.16/x64/bin/python -sS /Users/runner/Library/Caches/cibuildwheel/virtualenv-20.17.0.pyz --activators= --no-periodic-update --pip=22.3.1 --setuptools=65.6.3 --wheel=0.38.4 --symlink-app-data --python /Library/Frameworks/Python.framework/Versions/3.9/bin/python3 /private/var/folders/51/hd414ycd67n82196sw51xqtc0000gn/T/cibw-run-iqw115sp/cp39-macosx_arm64/build/venv
2022-12-27T11:11:33.2316580Z created virtual environment CPython3.9.13.final.0-64 in 89ms
2022-12-27T11:11:33.2318190Z   creator CPython3Posix(dest=/private/var/folders/51/hd414ycd67n82196sw51xqtc0000gn/T/cibw-run-iqw115sp/cp39-macosx_arm64/build/venv, clear=False, no_vcs_ignore=False, global=False)
2022-12-27T11:11:33.2320400Z   seeder FromAppData(download=False, pip=22.3.1, setuptools=65.6.3, wheel=0.38.4, via=symlink, app_data_dir=/Users/runner/Library/Application Support/virtualenv)
2022-12-27T11:11:33.2321680Z     added seed packages: pip==22.3.1, setuptools==65.6.3, wheel==0.38.4
2022-12-27T11:11:33.2559750Z + python -m pip install --upgrade pip -c /Users/runner/hostedtoolcache/Python/3.9.16/x64/lib/python3.9/site-packages/cibuildwheel/resources/constraints-python39.txt
2022-12-27T11:11:33.7815890Z Requirement already satisfied: pip in ./lib/python3.9/site-packages (22.3.1)
2022-12-27T11:11:34.0723690Z + which pip
2022-12-27T11:11:34.0765720Z /private/var/folders/51/hd414ycd67n82196sw51xqtc0000gn/T/cibw-run-iqw115sp/cp39-macosx_arm64/build/venv/bin/pip
2022-12-27T11:11:34.0772090Z + pip --version
2022-12-27T11:11:34.4651410Z pip 22.3.1 from /private/var/folders/51/hd414ycd67n82196sw51xqtc0000gn/T/cibw-run-iqw115sp/cp39-macosx_arm64/build/venv/lib/python3.9/site-packages/pip (python 3.9)
2022-12-27T11:11:34.5242540Z + which pip
2022-12-27T11:11:34.5302480Z + which python
2022-12-27T11:11:34.5347000Z /private/var/folders/51/hd414ycd67n82196sw51xqtc0000gn/T/cibw-run-iqw115sp/cp39-macosx_arm64/build/venv/bin/python
2022-12-27T11:11:34.5355080Z + python --version
2022-12-27T11:11:34.5450650Z Python 3.9.13
2022-12-27T11:11:34.5458560Z + which python
2022-12-27T11:11:34.5574330Z ##[endgroup]
2022-12-27T11:11:34.5575730Z                                                               [32mâœ“ [0m1.64s
2022-12-27T11:11:34.5577440Z ##[group]Installing build tools...
2022-12-27T11:11:34.5578310Z 
2022-12-27T11:11:34.5579620Z + pip install --upgrade setuptools wheel delocate -c /Users/runner/hostedtoolcache/Python/3.9.16/x64/lib/python3.9/site-packages/cibuildwheel/resources/constraints-python39.txt
2022-12-27T11:11:35.0848930Z Requirement already satisfied: setuptools in /private/var/folders/51/hd414ycd67n82196sw51xqtc0000gn/T/cibw-run-iqw115sp/cp39-macosx_arm64/build/venv/lib/python3.9/site-packages (65.6.3)
2022-12-27T11:11:35.5106170Z Requirement already satisfied: wheel in /private/var/folders/51/hd414ycd67n82196sw51xqtc0000gn/T/cibw-run-iqw115sp/cp39-macosx_arm64/build/venv/lib/python3.9/site-packages (0.38.4)
2022-12-27T11:11:35.6221910Z Collecting delocate
2022-12-27T11:11:35.6282520Z   Using cached delocate-0.10.3-py3-none-any.whl (142 kB)
2022-12-27T11:11:35.6852530Z Collecting packaging>=20.9
2022-12-27T11:11:35.6911130Z   Using cached packaging-21.3-py3-none-any.whl (40 kB)
2022-12-27T11:11:35.7274050Z Collecting typing-extensions
2022-12-27T11:11:35.7325850Z   Using cached typing_extensions-4.4.0-py3-none-any.whl (26 kB)
2022-12-27T11:11:35.8103530Z Collecting pyparsing!=3.0.5,>=2.0.2
2022-12-27T11:11:35.8149750Z   Using cached pyparsing-3.0.9-py3-none-any.whl (98 kB)
2022-12-27T11:11:35.8803180Z Installing collected packages: typing-extensions, pyparsing, packaging, delocate
2022-12-27T11:11:36.1329500Z Successfully installed delocate-0.10.3 packaging-21.3 pyparsing-3.0.9 typing-extensions-4.4.0
2022-12-27T11:11:36.2644190Z ##[endgroup]
2022-12-27T11:11:36.2645290Z                                                               [32mâœ“ [0m1.71s
2022-12-27T11:11:36.2646000Z ##[group]Running before_build...
2022-12-27T11:11:36.2646160Z 
2022-12-27T11:11:36.2657090Z + pip install Cython; if [[ -f requirements.txt ]]; then pip install -r requirements.txt; fi
2022-12-27T11:11:37.5397050Z Collecting Cython
2022-12-27T11:11:37.5506250Z   Using cached Cython-0.29.32-py2.py3-none-any.whl (986 kB)
2022-12-27T11:11:37.6330410Z Installing collected packages: Cython
2022-12-27T11:11:38.4901940Z Successfully installed Cython-0.29.32
2022-12-27T11:11:39.1404090Z Requirement already satisfied: Cython>=0.26.1 in /private/var/folders/51/hd414ycd67n82196sw51xqtc0000gn/T/cibw-run-iqw115sp/cp39-macosx_arm64/build/venv/lib/python3.9/site-packages (from -r requirements.txt (line 1)) (0.29.32)
2022-12-27T11:11:39.2937650Z ##[endgroup]
2022-12-27T11:11:39.2939300Z                                                               [32mâœ“ [0m3.03s
2022-12-27T11:11:39.2941090Z ##[group]Building wheel...
2022-12-27T11:11:39.2941500Z 
2022-12-27T11:11:39.2945500Z + python -m pip wheel /Users/runner/actions-runner/_work/python.build/python.build/build_lxml40039/lxml-4.0.0 --wheel-dir=/private/var/folders/51/hd414ycd67n82196sw51xqtc0000gn/T/cibw-run-iqw115sp/cp39-macosx_arm64/built_wheel --no-deps -vvv
2022-12-27T11:11:39.7673590Z Created temporary directory: /private/var/folders/51/hd414ycd67n82196sw51xqtc0000gn/T/pip-ephem-wheel-cache-55dy1izp
2022-12-27T11:11:39.7678630Z Created temporary directory: /private/var/folders/51/hd414ycd67n82196sw51xqtc0000gn/T/pip-build-tracker-ti0jm1xm
2022-12-27T11:11:39.7681820Z Initialized build tracking at /private/var/folders/51/hd414ycd67n82196sw51xqtc0000gn/T/pip-build-tracker-ti0jm1xm
2022-12-27T11:11:39.7685960Z Created build tracker: /private/var/folders/51/hd414ycd67n82196sw51xqtc0000gn/T/pip-build-tracker-ti0jm1xm
2022-12-27T11:11:39.7687740Z Entered build tracker: /private/var/folders/51/hd414ycd67n82196sw51xqtc0000gn/T/pip-build-tracker-ti0jm1xm
2022-12-27T11:11:39.7693290Z Created temporary directory: /private/var/folders/51/hd414ycd67n82196sw51xqtc0000gn/T/pip-wheel-ydpcv5p_
2022-12-27T11:11:39.7705920Z Created temporary directory: /private/var/folders/51/hd414ycd67n82196sw51xqtc0000gn/T/pip-ephem-wheel-cache-b9llnoch
2022-12-27T11:11:39.8047850Z Processing /Users/runner/actions-runner/_work/python.build/python.build/build_lxml40039/lxml-4.0.0
2022-12-27T11:11:39.8060110Z   Added file:///Users/runner/actions-runner/_work/python.build/python.build/build_lxml40039/lxml-4.0.0 to build tracker '/private/var/folders/51/hd414ycd67n82196sw51xqtc0000gn/T/pip-build-tracker-ti0jm1xm'
2022-12-27T11:11:39.8065160Z   Running setup.py (path:/Users/runner/actions-runner/_work/python.build/python.build/build_lxml40039/lxml-4.0.0/setup.py) egg_info for package from file:///Users/runner/actions-runner/_work/python.build/python.build/build_lxml40039/lxml-4.0.0
2022-12-27T11:11:39.8071630Z   Created temporary directory: /private/var/folders/51/hd414ycd67n82196sw51xqtc0000gn/T/pip-pip-egg-info-pipraidr
2022-12-27T11:11:39.8072920Z   Preparing metadata (setup.py): started
2022-12-27T11:11:39.8076110Z   Running command python setup.py egg_info
2022-12-27T11:11:40.3500700Z   Building lxml version 4.0.0.
2022-12-27T11:11:40.3504310Z   Building without Cython.
2022-12-27T11:11:40.3508080Z   Using build configuration of libxslt 1.1.29
2022-12-27T11:11:40.3511060Z   Building against libxml2/libxslt in the following directory: /Library/Developer/CommandLineTools/SDKs/MacOSX12.1.sdk/usr/lib
2022-12-27T11:11:40.3512520Z   running egg_info
2022-12-27T11:11:40.3516460Z   creating /private/var/folders/51/hd414ycd67n82196sw51xqtc0000gn/T/pip-pip-egg-info-pipraidr/lxml.egg-info
2022-12-27T11:11:40.3519330Z   writing /private/var/folders/51/hd414ycd67n82196sw51xqtc0000gn/T/pip-pip-egg-info-pipraidr/lxml.egg-info/PKG-INFO
2022-12-27T11:11:40.3522000Z   writing dependency_links to /private/var/folders/51/hd414ycd67n82196sw51xqtc0000gn/T/pip-pip-egg-info-pipraidr/lxml.egg-info/dependency_links.txt
2022-12-27T11:11:40.3524460Z   writing requirements to /private/var/folders/51/hd414ycd67n82196sw51xqtc0000gn/T/pip-pip-egg-info-pipraidr/lxml.egg-info/requires.txt
2022-12-27T11:11:40.3526100Z   writing top-level names to /private/var/folders/51/hd414ycd67n82196sw51xqtc0000gn/T/pip-pip-egg-info-pipraidr/lxml.egg-info/top_level.txt
2022-12-27T11:11:40.3529740Z   writing manifest file '/private/var/folders/51/hd414ycd67n82196sw51xqtc0000gn/T/pip-pip-egg-info-pipraidr/lxml.egg-info/SOURCES.txt'
2022-12-27T11:11:40.3708990Z   reading manifest file '/private/var/folders/51/hd414ycd67n82196sw51xqtc0000gn/T/pip-pip-egg-info-pipraidr/lxml.egg-info/SOURCES.txt'
2022-12-27T11:11:40.3710700Z   reading manifest template 'MANIFEST.in'
2022-12-27T11:11:40.5933410Z   adding license file 'LICENSES.txt'
2022-12-27T11:11:40.6070790Z   writing manifest file '/private/var/folders/51/hd414ycd67n82196sw51xqtc0000gn/T/pip-pip-egg-info-pipraidr/lxml.egg-info/SOURCES.txt'
2022-12-27T11:11:40.6658160Z   Preparing metadata (setup.py): finished with status 'done'
2022-12-27T11:11:40.6704820Z   Source in /Users/runner/actions-runner/_work/python.build/python.build/build_lxml40039/lxml-4.0.0 has version 4.0.0, which satisfies requirement lxml==4.0.0 from file:///Users/runner/actions-runner/_work/python.build/python.build/build_lxml40039/lxml-4.0.0
2022-12-27T11:11:40.6707460Z   Removed lxml==4.0.0 from file:///Users/runner/actions-runner/_work/python.build/python.build/build_lxml40039/lxml-4.0.0 from build tracker '/private/var/folders/51/hd414ycd67n82196sw51xqtc0000gn/T/pip-build-tracker-ti0jm1xm'
2022-12-27T11:11:40.6746270Z Created temporary directory: /private/var/folders/51/hd414ycd67n82196sw51xqtc0000gn/T/pip-unpack-nhfmsk4l
2022-12-27T11:11:40.6747750Z Building wheels for collected packages: lxml
2022-12-27T11:11:40.6758700Z   Created temporary directory: /private/var/folders/51/hd414ycd67n82196sw51xqtc0000gn/T/pip-wheel-tv2if4nt
2022-12-27T11:11:40.6761590Z   Building wheel for lxml (setup.py): started
2022-12-27T11:11:40.6764470Z   Destination directory: /private/var/folders/51/hd414ycd67n82196sw51xqtc0000gn/T/pip-wheel-tv2if4nt
2022-12-27T11:11:40.6766680Z   Running command python setup.py bdist_wheel
2022-12-27T11:11:40.9578810Z   Building lxml version 4.0.0.
2022-12-27T11:11:40.9584150Z   Building without Cython.
2022-12-27T11:11:40.9847040Z   Using build configuration of libxslt 1.1.29
2022-12-27T11:11:41.1808010Z   Building against libxml2/libxslt in the following directory: /Library/Developer/CommandLineTools/SDKs/MacOSX12.1.sdk/usr/lib
2022-12-27T11:11:41.2315900Z   running bdist_wheel
2022-12-27T11:11:41.2391690Z   running build
2022-12-27T11:11:41.2395910Z   running build_py
2022-12-27T11:11:41.2432910Z   creating build
2022-12-27T11:11:41.2440960Z   creating build/lib.macosx-11.0-arm64-cpython-39
2022-12-27T11:11:41.2445140Z   creating build/lib.macosx-11.0-arm64-cpython-39/lxml
2022-12-27T11:11:41.2451130Z   copying src/lxml/_elementpath.py -> build/lib.macosx-11.0-arm64-cpython-39/lxml
2022-12-27T11:11:41.2456670Z   copying src/lxml/sax.py -> build/lib.macosx-11.0-arm64-cpython-39/lxml
2022-12-27T11:11:41.2461420Z   copying src/lxml/pyclasslookup.py -> build/lib.macosx-11.0-arm64-cpython-39/lxml
2022-12-27T11:11:41.2467350Z   copying src/lxml/__init__.py -> build/lib.macosx-11.0-arm64-cpython-39/lxml
2022-12-27T11:11:41.2471670Z   copying src/lxml/builder.py -> build/lib.macosx-11.0-arm64-cpython-39/lxml
2022-12-27T11:11:41.2477780Z   copying src/lxml/doctestcompare.py -> build/lib.macosx-11.0-arm64-cpython-39/lxml
2022-12-27T11:11:41.2482810Z   copying src/lxml/usedoctest.py -> build/lib.macosx-11.0-arm64-cpython-39/lxml
2022-12-27T11:11:41.2487870Z   copying src/lxml/cssselect.py -> build/lib.macosx-11.0-arm64-cpython-39/lxml
2022-12-27T11:11:41.2492690Z   copying src/lxml/ElementInclude.py -> build/lib.macosx-11.0-arm64-cpython-39/lxml
2022-12-27T11:11:41.2498630Z   creating build/lib.macosx-11.0-arm64-cpython-39/lxml/includes
2022-12-27T11:11:41.2503730Z   copying src/lxml/includes/__init__.py -> build/lib.macosx-11.0-arm64-cpython-39/lxml/includes
2022-12-27T11:11:41.2506630Z   creating build/lib.macosx-11.0-arm64-cpython-39/lxml/html
2022-12-27T11:11:41.2509180Z   copying src/lxml/html/soupparser.py -> build/lib.macosx-11.0-arm64-cpython-39/lxml/html
2022-12-27T11:11:41.2511880Z   copying src/lxml/html/defs.py -> build/lib.macosx-11.0-arm64-cpython-39/lxml/html
2022-12-27T11:11:41.2514790Z   copying src/lxml/html/_setmixin.py -> build/lib.macosx-11.0-arm64-cpython-39/lxml/html
2022-12-27T11:11:41.2517610Z   copying src/lxml/html/clean.py -> build/lib.macosx-11.0-arm64-cpython-39/lxml/html
2022-12-27T11:11:41.2519880Z   copying src/lxml/html/_diffcommand.py -> build/lib.macosx-11.0-arm64-cpython-39/lxml/html
2022-12-27T11:11:41.2522270Z   copying src/lxml/html/html5parser.py -> build/lib.macosx-11.0-arm64-cpython-39/lxml/html
2022-12-27T11:11:41.2525820Z   copying src/lxml/html/__init__.py -> build/lib.macosx-11.0-arm64-cpython-39/lxml/html
2022-12-27T11:11:41.2534700Z   copying src/lxml/html/formfill.py -> build/lib.macosx-11.0-arm64-cpython-39/lxml/html
2022-12-27T11:11:41.2538460Z   copying src/lxml/html/builder.py -> build/lib.macosx-11.0-arm64-cpython-39/lxml/html
2022-12-27T11:11:41.2540490Z   copying src/lxml/html/ElementSoup.py -> build/lib.macosx-11.0-arm64-cpython-39/lxml/html
2022-12-27T11:11:41.2544230Z   copying src/lxml/html/_html5builder.py -> build/lib.macosx-11.0-arm64-cpython-39/lxml/html
2022-12-27T11:11:41.2548090Z   copying src/lxml/html/usedoctest.py -> build/lib.macosx-11.0-arm64-cpython-39/lxml/html
2022-12-27T11:11:41.2552030Z   copying src/lxml/html/diff.py -> build/lib.macosx-11.0-arm64-cpython-39/lxml/html
2022-12-27T11:11:41.2560950Z   creating build/lib.macosx-11.0-arm64-cpython-39/lxml/isoschematron
2022-12-27T11:11:41.2692010Z   copying src/lxml/isoschematron/__init__.py -> build/lib.macosx-11.0-arm64-cpython-39/lxml/isoschematron
2022-12-27T11:11:41.2695140Z   copying src/lxml/etree.h -> build/lib.macosx-11.0-arm64-cpython-39/lxml
2022-12-27T11:11:41.2695740Z   copying src/lxml/etree_api.h -> build/lib.macosx-11.0-arm64-cpython-39/lxml
2022-12-27T11:11:41.2696390Z   copying src/lxml/lxml.etree.h -> build/lib.macosx-11.0-arm64-cpython-39/lxml
2022-12-27T11:11:41.2697010Z   copying src/lxml/lxml.etree_api.h -> build/lib.macosx-11.0-arm64-cpython-39/lxml
2022-12-27T11:11:41.2698030Z   copying src/lxml/includes/xmlerror.pxd -> build/lib.macosx-11.0-arm64-cpython-39/lxml/includes
2022-12-27T11:11:41.2698610Z   copying src/lxml/includes/c14n.pxd -> build/lib.macosx-11.0-arm64-cpython-39/lxml/includes
2022-12-27T11:11:41.2699250Z   copying src/lxml/includes/xmlschema.pxd -> build/lib.macosx-11.0-arm64-cpython-39/lxml/includes
2022-12-27T11:11:41.2699880Z   copying src/lxml/includes/__init__.pxd -> build/lib.macosx-11.0-arm64-cpython-39/lxml/includes
2022-12-27T11:11:41.2700460Z   copying src/lxml/includes/schematron.pxd -> build/lib.macosx-11.0-arm64-cpython-39/lxml/includes
2022-12-27T11:11:41.2701020Z   copying src/lxml/includes/tree.pxd -> build/lib.macosx-11.0-arm64-cpython-39/lxml/includes
2022-12-27T11:11:41.2701810Z   copying src/lxml/includes/uri.pxd -> build/lib.macosx-11.0-arm64-cpython-39/lxml/includes
2022-12-27T11:11:41.2702450Z   copying src/lxml/includes/etreepublic.pxd -> build/lib.macosx-11.0-arm64-cpython-39/lxml/includes
2022-12-27T11:11:41.2703370Z   copying src/lxml/includes/xpath.pxd -> build/lib.macosx-11.0-arm64-cpython-39/lxml/includes
2022-12-27T11:11:41.2704430Z   copying src/lxml/includes/htmlparser.pxd -> build/lib.macosx-11.0-arm64-cpython-39/lxml/includes
2022-12-27T11:11:41.2705050Z   copying src/lxml/includes/xslt.pxd -> build/lib.macosx-11.0-arm64-cpython-39/lxml/includes
2022-12-27T11:11:41.2705670Z   copying src/lxml/includes/config.pxd -> build/lib.macosx-11.0-arm64-cpython-39/lxml/includes
2022-12-27T11:11:41.2706240Z   copying src/lxml/includes/xmlparser.pxd -> build/lib.macosx-11.0-arm64-cpython-39/lxml/includes
2022-12-27T11:11:41.2706880Z   copying src/lxml/includes/xinclude.pxd -> build/lib.macosx-11.0-arm64-cpython-39/lxml/includes
2022-12-27T11:11:41.2710170Z   copying src/lxml/includes/dtdvalid.pxd -> build/lib.macosx-11.0-arm64-cpython-39/lxml/includes
2022-12-27T11:11:41.2715480Z   copying src/lxml/includes/relaxng.pxd -> build/lib.macosx-11.0-arm64-cpython-39/lxml/includes
2022-12-27T11:11:41.2718350Z   copying src/lxml/includes/lxml-version.h -> build/lib.macosx-11.0-arm64-cpython-39/lxml/includes
2022-12-27T11:11:41.2723070Z   copying src/lxml/includes/etree_defs.h -> build/lib.macosx-11.0-arm64-cpython-39/lxml/includes
2022-12-27T11:11:41.2729820Z   creating build/lib.macosx-11.0-arm64-cpython-39/lxml/isoschematron/resources
2022-12-27T11:11:41.2736650Z   creating build/lib.macosx-11.0-arm64-cpython-39/lxml/isoschematron/resources/rng
2022-12-27T11:11:41.2738670Z   copying src/lxml/isoschematron/resources/rng/iso-schematron.rng -> build/lib.macosx-11.0-arm64-cpython-39/lxml/isoschematron/resources/rng
2022-12-27T11:11:41.2741670Z   creating build/lib.macosx-11.0-arm64-cpython-39/lxml/isoschematron/resources/xsl
2022-12-27T11:11:41.2744170Z   copying src/lxml/isoschematron/resources/xsl/XSD2Schtrn.xsl -> build/lib.macosx-11.0-arm64-cpython-39/lxml/isoschematron/resources/xsl
2022-12-27T11:11:41.2748590Z   copying src/lxml/isoschematron/resources/xsl/RNG2Schtrn.xsl -> build/lib.macosx-11.0-arm64-cpython-39/lxml/isoschematron/resources/xsl
2022-12-27T11:11:41.2750400Z   creating build/lib.macosx-11.0-arm64-cpython-39/lxml/isoschematron/resources/xsl/iso-schematron-xslt1
2022-12-27T11:11:41.2752500Z   copying src/lxml/isoschematron/resources/xsl/iso-schematron-xslt1/iso_abstract_expand.xsl -> build/lib.macosx-11.0-arm64-cpython-39/lxml/isoschematron/resources/xsl/iso-schematron-xslt1
2022-12-27T11:11:41.2755180Z   copying src/lxml/isoschematron/resources/xsl/iso-schematron-xslt1/iso_dsdl_include.xsl -> build/lib.macosx-11.0-arm64-cpython-39/lxml/isoschematron/resources/xsl/iso-schematron-xslt1
2022-12-27T11:11:41.2763740Z   copying src/lxml/isoschematron/resources/xsl/iso-schematron-xslt1/iso_schematron_skeleton_for_xslt1.xsl -> build/lib.macosx-11.0-arm64-cpython-39/lxml/isoschematron/resources/xsl/iso-schematron-xslt1
2022-12-27T11:11:41.2767310Z   copying src/lxml/isoschematron/resources/xsl/iso-schematron-xslt1/iso_svrl_for_xslt1.xsl -> build/lib.macosx-11.0-arm64-cpython-39/lxml/isoschematron/resources/xsl/iso-schematron-xslt1
2022-12-27T11:11:41.2774110Z   copying src/lxml/isoschematron/resources/xsl/iso-schematron-xslt1/iso_schematron_message.xsl -> build/lib.macosx-11.0-arm64-cpython-39/lxml/isoschematron/resources/xsl/iso-schematron-xslt1
2022-12-27T11:11:41.2780030Z   copying src/lxml/isoschematron/resources/xsl/iso-schematron-xslt1/readme.txt -> build/lib.macosx-11.0-arm64-cpython-39/lxml/isoschematron/resources/xsl/iso-schematron-xslt1
2022-12-27T11:11:41.2805750Z   running build_ext
2022-12-27T11:11:41.3385950Z   building 'lxml.etree' extension
2022-12-27T11:11:41.3392370Z   creating build/temp.macosx-11.0-arm64-cpython-39
2022-12-27T11:11:41.3397160Z   creating build/temp.macosx-11.0-arm64-cpython-39/src
2022-12-27T11:11:41.3406270Z   creating build/temp.macosx-11.0-arm64-cpython-39/src/lxml
2022-12-27T11:11:41.3410030Z   gcc -Wno-unused-result -Wsign-compare -Wunreachable-code -fno-common -dynamic -DNDEBUG -g -fwrapv -O3 -Wall -g -I/usr/local/opt/openssl@3/include -I/usr/local/opt/openssl@3/include -arch arm64 -I/Library/Developer/CommandLineTools/SDKs/MacOSX12.1.sdk/usr/include -Isrc -Isrc/lxml/includes -I/private/var/folders/51/hd414ycd67n82196sw51xqtc0000gn/T/cibw-run-iqw115sp/cp39-macosx_arm64/build/venv/include -I/Library/Frameworks/Python.framework/Versions/3.9/include/python3.9 -c src/lxml/etree.c -o build/temp.macosx-11.0-arm64-cpython-39/src/lxml/etree.o -w -flat_namespace
2022-12-27T11:11:42.7469200Z   src/lxml/etree.c:233120:33: error: no member named 'tp_print' in 'struct _typeobject'
2022-12-27T11:11:42.7469930Z     __pyx_type_4lxml_5etree_Error.tp_print = 0;
2022-12-27T11:11:42.7470600Z     ~~~~~~~~~~~~~~~~~~~~~~~~~~~~~ ^
2022-12-27T11:11:42.7474150Z   src/lxml/etree.c:233125:37: error: no member named 'tp_print' in 'struct _typeobject'
2022-12-27T11:11:42.7475940Z     __pyx_type_4lxml_5etree_LxmlError.tp_print = 0;
2022-12-27T11:11:42.7478330Z     ~~~~~~~~~~~~~~~~~~~~~~~~~~~~~~~~~ ^
2022-12-27T11:11:42.7481820Z   src/lxml/etree.c:233130:37: error: no member named 'tp_print' in 'struct _typeobject'
2022-12-27T11:11:42.7483900Z     __pyx_type_4lxml_5etree_C14NError.tp_print = 0;
2022-12-27T11:11:42.7486360Z     ~~~~~~~~~~~~~~~~~~~~~~~~~~~~~~~~~ ^
2022-12-27T11:11:42.7489590Z   src/lxml/etree.c:233137:38: error: no member named 'tp_print' in 'struct _typeobject'
2022-12-27T11:11:42.7492060Z     __pyx_type_4lxml_5etree__TempStore.tp_print = 0;
2022-12-27T11:11:42.7494450Z     ~~~~~~~~~~~~~~~~~~~~~~~~~~~~~~~~~~ ^
2022-12-27T11:11:42.7497380Z   src/lxml/etree.c:233147:45: error: no member named 'tp_print' in 'struct _typeobject'
2022-12-27T11:11:42.7499060Z     __pyx_type_4lxml_5etree__ExceptionContext.tp_print = 0;
2022-12-27T11:11:42.7501810Z     ~~~~~~~~~~~~~~~~~~~~~~~~~~~~~~~~~~~~~~~~~ ^
2022-12-27T11:11:42.7504450Z   src/lxml/etree.c:233154:37: error: no member named 'tp_print' in 'struct _typeobject'
2022-12-27T11:11:42.7507450Z     __pyx_type_4lxml_5etree__LogEntry.tp_print = 0;
2022-12-27T11:11:42.7508820Z     ~~~~~~~~~~~~~~~~~~~~~~~~~~~~~~~~~ ^
2022-12-27T11:11:42.7511970Z   src/lxml/etree.c:233166:41: error: no member named 'tp_print' in 'struct _typeobject'
2022-12-27T11:11:42.7514600Z     __pyx_type_4lxml_5etree__BaseErrorLog.tp_print = 0;
2022-12-27T11:11:42.7516620Z     ~~~~~~~~~~~~~~~~~~~~~~~~~~~~~~~~~~~~~ ^
2022-12-27T11:11:42.7519450Z   src/lxml/etree.c:233175:41: error: no member named 'tp_print' in 'struct _typeobject'
2022-12-27T11:11:42.7522490Z     __pyx_type_4lxml_5etree__ListErrorLog.tp_print = 0;
2022-12-27T11:11:42.7525010Z     ~~~~~~~~~~~~~~~~~~~~~~~~~~~~~~~~~~~~~ ^
2022-12-27T11:11:42.7527660Z   src/lxml/etree.c:233180:44: error: no member named 'tp_print' in 'struct _typeobject'
2022-12-27T11:11:42.7530060Z     __pyx_type_4lxml_5etree__ErrorLogContext.tp_print = 0;
2022-12-27T11:11:42.7532840Z     ~~~~~~~~~~~~~~~~~~~~~~~~~~~~~~~~~~~~~~~~ ^
2022-12-27T11:11:42.7535720Z   src/lxml/etree.c:233192:37: error: no member named 'tp_print' in 'struct _typeobject'
2022-12-27T11:11:42.7537560Z     __pyx_type_4lxml_5etree__ErrorLog.tp_print = 0;
2022-12-27T11:11:42.7540880Z     ~~~~~~~~~~~~~~~~~~~~~~~~~~~~~~~~~ ^
2022-12-27T11:11:42.7543400Z   src/lxml/etree.c:233201:43: error: no member named 'tp_print' in 'struct _typeobject'
2022-12-27T11:11:42.7546310Z     __pyx_type_4lxml_5etree__DomainErrorLog.tp_print = 0;
2022-12-27T11:11:42.7548730Z     ~~~~~~~~~~~~~~~~~~~~~~~~~~~~~~~~~~~~~~~ ^
2022-12-27T11:11:42.7551740Z   src/lxml/etree.c:233210:45: error: no member named 'tp_print' in 'struct _typeobject'
2022-12-27T11:11:42.7554550Z     __pyx_type_4lxml_5etree__RotatingErrorLog.tp_print = 0;
2022-12-27T11:11:42.7557130Z     ~~~~~~~~~~~~~~~~~~~~~~~~~~~~~~~~~~~~~~~~~ ^
2022-12-27T11:11:42.7559870Z   src/lxml/etree.c:233220:38: error: no member named 'tp_print' in 'struct _typeobject'
2022-12-27T11:11:42.7562490Z     __pyx_type_4lxml_5etree_PyErrorLog.tp_print = 0;
2022-12-27T11:11:42.7565010Z     ~~~~~~~~~~~~~~~~~~~~~~~~~~~~~~~~~~ ^
2022-12-27T11:11:42.7567850Z   src/lxml/etree.c:233234:20: error: no member named 'tp_print' in 'struct _typeobject'
2022-12-27T11:11:42.7570180Z     LxmlDocumentType.tp_print = 0;
2022-12-27T11:11:42.7572650Z     ~~~~~~~~~~~~~~~~ ^
2022-12-27T11:11:42.7576420Z   src/lxml/etree.c:233241:35: error: no member named 'tp_print' in 'struct _typeobject'
2022-12-27T11:11:42.7577970Z     __pyx_type_4lxml_5etree_DocInfo.tp_print = 0;
2022-12-27T11:11:42.7580710Z     ~~~~~~~~~~~~~~~~~~~~~~~~~~~~~~~ ^
2022-12-27T11:11:42.7583800Z   src/lxml/etree.c:233246:19: error: no member named 'tp_print' in 'struct _typeobject'
2022-12-27T11:11:42.7586010Z     LxmlElementType.tp_print = 0;
2022-12-27T11:11:42.7588410Z     ~~~~~~~~~~~~~~~ ^
2022-12-27T11:11:42.7591630Z   src/lxml/etree.c:233323:48: error: no member named 'tp_print' in 'struct _typeobject'
2022-12-27T11:11:42.7594210Z     __pyx_type_4lxml_5etree___ContentOnlyElement.tp_print = 0;
2022-12-27T11:11:42.7596540Z     ~~~~~~~~~~~~~~~~~~~~~~~~~~~~~~~~~~~~~~~~~~~~ ^
2022-12-27T11:11:42.7599390Z   src/lxml/etree.c:233360:36: error: no member named 'tp_print' in 'struct _typeobject'
2022-12-27T11:11:42.7601950Z     __pyx_type_4lxml_5etree__Comment.tp_print = 0;
2022-12-27T11:11:42.7604500Z     ~~~~~~~~~~~~~~~~~~~~~~~~~~~~~~~~ ^
2022-12-27T11:11:42.7607450Z   src/lxml/etree.c:233368:50: error: no member named 'tp_print' in 'struct _typeobject'
2022-12-27T11:11:42.7609930Z     __pyx_type_4lxml_5etree__ProcessingInstruction.tp_print = 0;
2022-12-27T11:11:42.7612440Z     ~~~~~~~~~~~~~~~~~~~~~~~~~~~~~~~~~~~~~~~~~~~~~~ ^
2022-12-27T11:11:42.7615210Z   fatal error: too many errors emitted, stopping now [-ferror-limit=]
2022-12-27T11:11:42.9310090Z   20 errors generated.
2022-12-27T11:11:42.9398240Z   Compile failed: command '/usr/bin/gcc' failed with exit code 1
2022-12-27T11:11:43.0715870Z   creating var
2022-12-27T11:11:43.0717390Z   creating var/folders
2022-12-27T11:11:43.0719940Z   creating var/folders/51
2022-12-27T11:11:43.0722970Z   creating var/folders/51/hd414ycd67n82196sw51xqtc0000gn
2022-12-27T11:11:43.0725800Z   creating var/folders/51/hd414ycd67n82196sw51xqtc0000gn/T
2022-12-27T11:11:43.0729870Z   cc -arch arm64 -I/Library/Developer/CommandLineTools/SDKs/MacOSX12.1.sdk/usr/include -I/usr/include/libxml2 -c /var/folders/51/hd414ycd67n82196sw51xqtc0000gn/T/xmlXPathInittdpu4oc7.c -o var/folders/51/hd414ycd67n82196sw51xqtc0000gn/T/xmlXPathInittdpu4oc7.o
2022-12-27T11:11:43.1527730Z   cc -arch arm64 var/folders/51/hd414ycd67n82196sw51xqtc0000gn/T/xmlXPathInittdpu4oc7.o -L/Library/Developer/CommandLineTools/SDKs/MacOSX12.1.sdk/usr/lib -lxml2 -o a.out
2022-12-27T11:11:43.2258390Z   error: command '/usr/bin/gcc' failed with exit code 1
2022-12-27T11:11:43.2970380Z   error: subprocess-exited-with-error
2022-12-27T11:11:43.2971360Z   
2022-12-27T11:11:43.2972200Z   Ã— python setup.py bdist_wheel did not run successfully.
2022-12-27T11:11:43.2973000Z   â”‚ exit code: 1
2022-12-27T11:11:43.2974040Z   â•°â”€> See above for output.
2022-12-27T11:11:43.2974570Z   
2022-12-27T11:11:43.2975280Z   note: This error originates from a subprocess, and is likely not a problem with pip.
2022-12-27T11:11:43.2987400Z   full command: /private/var/folders/51/hd414ycd67n82196sw51xqtc0000gn/T/cibw-run-iqw115sp/cp39-macosx_arm64/build/venv/bin/python -u -c '
2022-12-27T11:11:43.2988630Z   exec(compile('"'"''"'"''"'"'
2022-12-27T11:11:43.2989670Z   # This is <pip-setuptools-caller> -- a caller that pip uses to run setup.py
2022-12-27T11:11:43.2990310Z   #
2022-12-27T11:11:43.2991250Z   # - It imports setuptools before invoking setup.py, to enable projects that directly
2022-12-27T11:11:43.2992210Z   #   import from `distutils.core` to work with newer packaging standards.
2022-12-27T11:11:43.2993280Z   # - It provides a clear error message when setuptools is not installed.
2022-12-27T11:11:43.2994270Z   # - It sets `sys.argv[0]` to the underlying `setup.py`, when invoking `setup.py` so
2022-12-27T11:11:43.2995350Z   #   setuptools doesn'"'"'t think the script is `-c`. This avoids the following warning:
2022-12-27T11:11:43.2996370Z   #     manifest_maker: standard file '"'"'-c'"'"' not found".
2022-12-27T11:11:43.2997260Z   # - It generates a shim setup.py, for handling setup.cfg-only projects.
2022-12-27T11:11:43.2999500Z   import os, sys, tokenize
2022-12-27T11:11:43.3000460Z   
2022-12-27T11:11:43.3001010Z   try:
2022-12-27T11:11:43.3001480Z       import setuptools
2022-12-27T11:11:43.3002690Z   except ImportError as error:
2022-12-27T11:11:43.3003430Z       print(
2022-12-27T11:11:43.3004090Z           "ERROR: Can not execute `setup.py` since setuptools is not available in "
2022-12-27T11:11:43.3004720Z           "the build environment.",
2022-12-27T11:11:43.3005360Z           file=sys.stderr,
2022-12-27T11:11:43.3005830Z       )
2022-12-27T11:11:43.3006390Z       sys.exit(1)
2022-12-27T11:11:43.3006850Z   
2022-12-27T11:11:43.3007280Z   __file__ = %r
2022-12-27T11:11:43.3007870Z   sys.argv[0] = __file__
2022-12-27T11:11:43.3008440Z   
2022-12-27T11:11:43.3008890Z   if os.path.exists(__file__):
2022-12-27T11:11:43.3009470Z       filename = __file__
2022-12-27T11:11:43.3010110Z       with tokenize.open(__file__) as f:
2022-12-27T11:11:43.3010690Z           setup_py_code = f.read()
2022-12-27T11:11:43.3011300Z   else:
2022-12-27T11:11:43.3012330Z       filename = "<auto-generated setuptools caller>"
2022-12-27T11:11:43.3013020Z       setup_py_code = "from setuptools import setup; setup()"
2022-12-27T11:11:43.3013680Z   
2022-12-27T11:11:43.3014380Z   exec(compile(setup_py_code, filename, "exec"))
2022-12-27T11:11:43.3016050Z   '"'"''"'"''"'"' % ('"'"'/Users/runner/actions-runner/_work/python.build/python.build/build_lxml40039/lxml-4.0.0/setup.py'"'"',), "<pip-setuptools-caller>", "exec"))' bdist_wheel -d /private/var/folders/51/hd414ycd67n82196sw51xqtc0000gn/T/pip-wheel-tv2if4nt
2022-12-27T11:11:43.3017480Z   cwd: /Users/runner/actions-runner/_work/python.build/python.build/build_lxml40039/lxml-4.0.0/
2022-12-27T11:11:43.3018260Z   ERROR: Failed building wheel for lxml
2022-12-27T11:11:43.3019010Z   Running command python setup.py clean
2022-12-27T11:11:43.3020650Z   Building wheel for lxml (setup.py): finished with status 'error'
2022-12-27T11:11:43.3021860Z   Running setup.py clean for lxml
2022-12-27T11:11:43.5750850Z   Building lxml version 4.0.0.
2022-12-27T11:11:43.5751890Z   Building without Cython.
2022-12-27T11:11:43.6025460Z   Using build configuration of libxslt 1.1.29
2022-12-27T11:11:43.7994420Z   Building against libxml2/libxslt in the following directory: /Library/Developer/CommandLineTools/SDKs/MacOSX12.1.sdk/usr/lib
2022-12-27T11:11:43.8332300Z   running clean
2022-12-27T11:11:43.8376360Z   removing 'build/temp.macosx-11.0-arm64-cpython-39' (and everything under it)
2022-12-27T11:11:43.8380130Z   removing 'build/lib.macosx-11.0-arm64-cpython-39' (and everything under it)
2022-12-27T11:11:43.8469270Z   'build/bdist.macosx-11.0-arm64' does not exist -- can't clean it
2022-12-27T11:11:43.8472330Z   'build/scripts-3.9' does not exist -- can't clean it
2022-12-27T11:11:43.8474090Z   removing 'build'
2022-12-27T11:11:43.9076510Z Failed to build lxml
2022-12-27T11:11:43.9083840Z ERROR: Failed to build one or more wheels
2022-12-27T11:11:43.9102640Z Exception information:
2022-12-27T11:11:43.9103900Z Traceback (most recent call last):
2022-12-27T11:11:43.9122930Z   File "/private/var/folders/51/hd414ycd67n82196sw51xqtc0000gn/T/cibw-run-iqw115sp/cp39-macosx_arm64/build/venv/lib/python3.9/site-packages/pip/_internal/cli/base_command.py", line 160, in exc_logging_wrapper
2022-12-27T11:11:43.9124100Z     status = run_func(*args)
2022-12-27T11:11:43.9125650Z   File "/private/var/folders/51/hd414ycd67n82196sw51xqtc0000gn/T/cibw-run-iqw115sp/cp39-macosx_arm64/build/venv/lib/python3.9/site-packages/pip/_internal/cli/req_command.py", line 247, in wrapper
2022-12-27T11:11:43.9126710Z     return func(self, options, args)
2022-12-27T11:11:43.9128180Z   File "/private/var/folders/51/hd414ycd67n82196sw51xqtc0000gn/T/cibw-run-iqw115sp/cp39-macosx_arm64/build/venv/lib/python3.9/site-packages/pip/_internal/commands/wheel.py", line 201, in run
2022-12-27T11:11:43.9129340Z     raise CommandError("Failed to build one or more wheels")
2022-12-27T11:11:43.9130230Z pip._internal.exceptions.CommandError: Failed to build one or more wheels
2022-12-27T11:11:43.9132270Z Removed build tracker: '/private/var/folders/51/hd414ycd67n82196sw51xqtc0000gn/T/pip-build-tracker-ti0jm1xm'
2022-12-27T11:11:44.0412680Z ##[error]Command ['python', '-m', 'pip', 'wheel', '/Users/runner/actions-runner/_work/python.build/python.build/build_lxml40039/lxml-4.0.0', '--wheel-dir=/private/var/folders/51/hd414ycd67n82196sw51xqtc0000gn/T/cibw-run-iqw115sp/cp39-macosx_arm64/built_wheel', '--no-deps', '-vvv'] failed with code 1. None
2022-12-27T11:11:44.0421680Z 
2022-12-27T11:11:44.0422200Z ##[endgroup]
2022-12-27T11:11:44.0422970Z                                                               [31mâœ• [0m4.74s
2022-12-27T11:11:44.1290200Z ##[error]Process completed with exit code 1.
2022-12-27T11:11:44.1338380Z ##[group]Run rm -rf build_lxml40039 wheelsout
2022-12-27T11:11:44.1338660Z [36;1mrm -rf build_lxml40039 wheelsout[0m
2022-12-27T11:11:44.1364750Z shell: /bin/bash -e {0}
2022-12-27T11:11:44.1364930Z env:
2022-12-27T11:11:44.1365180Z   pythonLocation: /Users/runner/hostedtoolcache/Python/3.9.16/x64
2022-12-27T11:11:44.1365520Z   PKG_CONFIG_PATH: /Users/runner/hostedtoolcache/Python/3.9.16/x64/lib/pkgconfig
2022-12-27T11:11:44.1365830Z   Python_ROOT_DIR: /Users/runner/hostedtoolcache/Python/3.9.16/x64
2022-12-27T11:11:44.1366140Z   Python2_ROOT_DIR: /Users/runner/hostedtoolcache/Python/3.9.16/x64
2022-12-27T11:11:44.1366430Z   Python3_ROOT_DIR: /Users/runner/hostedtoolcache/Python/3.9.16/x64
2022-12-27T11:11:44.1366660Z ##[endgroup]
2022-12-27T11:11:44.2458120Z Cleaning up orphan processes
