2022-12-27T08:50:23.7459687Z Requested labels: self-hosted, macOS, X64
2022-12-27T08:50:23.7459764Z Job defined at: kilnbuild/python.build/.github/workflows/mac_arm_build.yml@refs/heads/main
2022-12-27T08:50:23.7459792Z Waiting for a runner to pick up this job...
2022-12-27T11:20:02.7539444Z Job is about to start running on the runner: s1 (organization)
2022-12-27T11:20:05.7231990Z Current runner version: '2.300.2'
2022-12-27T11:20:05.7237060Z Runner name: 's1'
2022-12-27T11:20:05.7237310Z Runner group name: 'Default'
2022-12-27T11:20:05.7237770Z Machine name: 's1'
2022-12-27T11:20:05.7239320Z ##[group]GITHUB_TOKEN Permissions
2022-12-27T11:20:05.7239720Z Actions: write
2022-12-27T11:20:05.7239870Z Checks: write
2022-12-27T11:20:05.7240000Z Contents: write
2022-12-27T11:20:05.7240150Z Deployments: write
2022-12-27T11:20:05.7240290Z Discussions: write
2022-12-27T11:20:05.7240430Z Issues: write
2022-12-27T11:20:05.7240560Z Metadata: read
2022-12-27T11:20:05.7240690Z Packages: write
2022-12-27T11:20:05.7240830Z Pages: write
2022-12-27T11:20:05.7240970Z PullRequests: write
2022-12-27T11:20:05.7241130Z RepositoryProjects: write
2022-12-27T11:20:05.7241300Z SecurityEvents: write
2022-12-27T11:20:05.7241440Z Statuses: write
2022-12-27T11:20:05.7241570Z ##[endgroup]
2022-12-27T11:20:05.7244280Z Secret source: Actions
2022-12-27T11:20:05.7244610Z Prepare workflow directory
2022-12-27T11:20:05.7919570Z Prepare all required actions
2022-12-27T11:20:05.8042680Z Getting action download info
2022-12-27T11:20:06.2748160Z Download action repository 'actions/setup-python@v4' (SHA:5ccb29d8773c3f3f653e1705f474dfaa8a06a912)
2022-12-27T11:20:08.0275410Z Download action repository 'actions/upload-artifact@v3' (SHA:83fd05a356d7e2593de66fc9913b3002723633cb)
2022-12-27T11:20:09.3486280Z ##[group]Run echo '{
2022-12-27T11:20:09.3486590Z [36;1mecho '{[0m
2022-12-27T11:20:09.3486730Z [36;1m  "package_name": "lxml",[0m
2022-12-27T11:20:09.3487010Z [36;1m  "package_url": "https://files.pythonhosted.org/packages/54/8a/8525f786489b98594c4c56ae8916ebf45d69290b08028dd7eb4bcfb73abb/lxml-1.1beta.tar.gz",[0m
2022-12-27T11:20:09.3487290Z [36;1m  "package_version": "1.1beta",[0m
2022-12-27T11:20:09.3487470Z [36;1m  "python_version": "3.7",[0m
2022-12-27T11:20:09.3487590Z [36;1m  "use_ccache": "true"[0m
2022-12-27T11:20:09.3487720Z [36;1m}'[0m
2022-12-27T11:20:09.3503570Z shell: /bin/bash -e {0}
2022-12-27T11:20:09.3503780Z ##[endgroup]
2022-12-27T11:20:09.3716460Z {
2022-12-27T11:20:09.3717880Z   "package_name": "lxml",
2022-12-27T11:20:09.3718620Z   "package_url": "https://files.pythonhosted.org/packages/54/8a/8525f786489b98594c4c56ae8916ebf45d69290b08028dd7eb4bcfb73abb/lxml-1.1beta.tar.gz",
2022-12-27T11:20:09.3718910Z   "package_version": "1.1beta",
2022-12-27T11:20:09.3719140Z   "python_version": "3.7",
2022-12-27T11:20:09.3719340Z   "use_ccache": "true"
2022-12-27T11:20:09.3719510Z }
2022-12-27T11:20:09.3934430Z ##[group]Run actions/setup-python@v4
2022-12-27T11:20:09.3934700Z with:
2022-12-27T11:20:09.3934890Z   python-version: 3.7
2022-12-27T11:20:09.3935100Z   check-latest: false
2022-12-27T11:20:09.3935390Z   token: ***
2022-12-27T11:20:09.3935580Z   update-environment: true
2022-12-27T11:20:09.3935770Z ##[endgroup]
2022-12-27T11:20:09.5157130Z ##[group]Installed versions
2022-12-27T11:20:09.5201810Z Successfully set up CPython (3.7.15)
2022-12-27T11:20:09.5202300Z ##[endgroup]
2022-12-27T11:20:09.5346740Z ##[group]Run if [ "true" == "true" ]
2022-12-27T11:20:09.5347070Z [36;1mif [ "true" == "true" ][0m
2022-12-27T11:20:09.5347220Z [36;1mthen[0m
2022-12-27T11:20:09.5347450Z [36;1m  echo "CCACHE_PATH_PREPEND=/usr/local/opt/ccache/libexec" >> $GITHUB_OUTPUT[0m
2022-12-27T11:20:09.5347670Z [36;1melse[0m
2022-12-27T11:20:09.5347870Z [36;1m  echo "CCACHE_PATH_PREPEND=" >> $GITHUB_OUTPUT[0m
2022-12-27T11:20:09.5348050Z [36;1mfi[0m
2022-12-27T11:20:09.5365340Z shell: /bin/bash -e {0}
2022-12-27T11:20:09.5365520Z env:
2022-12-27T11:20:09.5365800Z   pythonLocation: /Users/runner/hostedtoolcache/Python/3.7.15/x64
2022-12-27T11:20:09.5366080Z   PKG_CONFIG_PATH: /Users/runner/hostedtoolcache/Python/3.7.15/x64/lib/pkgconfig
2022-12-27T11:20:09.5366340Z   Python_ROOT_DIR: /Users/runner/hostedtoolcache/Python/3.7.15/x64
2022-12-27T11:20:09.5366550Z   Python2_ROOT_DIR: /Users/runner/hostedtoolcache/Python/3.7.15/x64
2022-12-27T11:20:09.5366870Z   Python3_ROOT_DIR: /Users/runner/hostedtoolcache/Python/3.7.15/x64
2022-12-27T11:20:09.5367600Z ##[endgroup]
2022-12-27T11:20:09.5471070Z ##[group]Run echo "BUILD_NAME=$(echo lxml_1.1beta_3.7 | tr -dc '[:alnum:]\n\r' | tr '[:upper:]' '[:lower:]')" >> $GITHUB_OUTPUT
2022-12-27T11:20:09.5471430Z [36;1mecho "BUILD_NAME=$(echo lxml_1.1beta_3.7 | tr -dc '[:alnum:]\n\r' | tr '[:upper:]' '[:lower:]')" >> $GITHUB_OUTPUT[0m
2022-12-27T11:20:09.5485600Z shell: /bin/bash -e {0}
2022-12-27T11:20:09.5485880Z env:
2022-12-27T11:20:09.5486100Z   pythonLocation: /Users/runner/hostedtoolcache/Python/3.7.15/x64
2022-12-27T11:20:09.5486340Z   PKG_CONFIG_PATH: /Users/runner/hostedtoolcache/Python/3.7.15/x64/lib/pkgconfig
2022-12-27T11:20:09.5486610Z   Python_ROOT_DIR: /Users/runner/hostedtoolcache/Python/3.7.15/x64
2022-12-27T11:20:09.5486910Z   Python2_ROOT_DIR: /Users/runner/hostedtoolcache/Python/3.7.15/x64
2022-12-27T11:20:09.5487160Z   Python3_ROOT_DIR: /Users/runner/hostedtoolcache/Python/3.7.15/x64
2022-12-27T11:20:09.5487330Z ##[endgroup]
2022-12-27T11:20:09.5624160Z ##[group]Run echo "PYTHON_NO_DOTS=$(echo 3.7 | tr -dc '[:alnum:]\n\r' | tr '[:upper:]' '[:lower:]')" >> $GITHUB_OUTPUT
2022-12-27T11:20:09.5624550Z [36;1mecho "PYTHON_NO_DOTS=$(echo 3.7 | tr -dc '[:alnum:]\n\r' | tr '[:upper:]' '[:lower:]')" >> $GITHUB_OUTPUT[0m
2022-12-27T11:20:09.5638660Z shell: /bin/bash -e {0}
2022-12-27T11:20:09.5638810Z env:
2022-12-27T11:20:09.5639020Z   pythonLocation: /Users/runner/hostedtoolcache/Python/3.7.15/x64
2022-12-27T11:20:09.5639670Z   PKG_CONFIG_PATH: /Users/runner/hostedtoolcache/Python/3.7.15/x64/lib/pkgconfig
2022-12-27T11:20:09.5639920Z   Python_ROOT_DIR: /Users/runner/hostedtoolcache/Python/3.7.15/x64
2022-12-27T11:20:09.5640120Z   Python2_ROOT_DIR: /Users/runner/hostedtoolcache/Python/3.7.15/x64
2022-12-27T11:20:09.5640360Z   Python3_ROOT_DIR: /Users/runner/hostedtoolcache/Python/3.7.15/x64
2022-12-27T11:20:09.5640550Z ##[endgroup]
2022-12-27T11:20:09.5750660Z ##[group]Run rm -rf build_lxml11beta37
2022-12-27T11:20:09.5751050Z [36;1mrm -rf build_lxml11beta37[0m
2022-12-27T11:20:09.5751270Z [36;1mmkdir build_lxml11beta37[0m
2022-12-27T11:20:09.5751420Z [36;1mcd build_lxml11beta37[0m
2022-12-27T11:20:09.5751720Z [36;1m/usr/local/bin/wget --quiet https://files.pythonhosted.org/packages/54/8a/8525f786489b98594c4c56ae8916ebf45d69290b08028dd7eb4bcfb73abb/lxml-1.1beta.tar.gz[0m
2022-12-27T11:20:09.5752030Z [36;1mtar xf *.tar.gz[0m
2022-12-27T11:20:09.5752170Z [36;1mcd *[0m
2022-12-27T11:20:09.5752350Z [36;1mpython -m pip install cibuildwheel==2.11.3[0m
2022-12-27T11:20:09.5752570Z [36;1mpython -m cibuildwheel --output-dir ../wheelsout[0m
2022-12-27T11:20:09.5766630Z shell: /bin/bash -e {0}
2022-12-27T11:20:09.5766790Z env:
2022-12-27T11:20:09.5766990Z   pythonLocation: /Users/runner/hostedtoolcache/Python/3.7.15/x64
2022-12-27T11:20:09.5767250Z   PKG_CONFIG_PATH: /Users/runner/hostedtoolcache/Python/3.7.15/x64/lib/pkgconfig
2022-12-27T11:20:09.5767560Z   Python_ROOT_DIR: /Users/runner/hostedtoolcache/Python/3.7.15/x64
2022-12-27T11:20:09.5767820Z   Python2_ROOT_DIR: /Users/runner/hostedtoolcache/Python/3.7.15/x64
2022-12-27T11:20:09.5768010Z   Python3_ROOT_DIR: /Users/runner/hostedtoolcache/Python/3.7.15/x64
2022-12-27T11:20:09.5768210Z   CIBW_ARCHS_MACOS: arm64
2022-12-27T11:20:09.5768380Z   CIBW_TEST_SKIP: *_arm64
2022-12-27T11:20:09.5768560Z   CIBW_BUILD: cp37-macosx_arm64
2022-12-27T11:20:09.5768740Z   CIBW_BUILD_FRONTEND: pip
2022-12-27T11:20:09.5768910Z   CIBW_BUILD_VERBOSITY: 3
2022-12-27T11:20:09.5769180Z   CIBW_ENVIRONMENT_MACOS:  CFLAGS="-I/usr/local/opt/openssl@3/include" LDFLAGS="-L/usr/local/opt/openssl@3/lib" CPPFLAGS="-I/usr/local/opt/openssl@3/include" MAKEFLAGS="-j$(sysctl -n hw.logicalcpu)" PATH=/usr/local/opt/ccache/libexec:$PATH
2022-12-27T11:20:09.5769530Z   CIBW_BEFORE_BUILD: pip install Cython; if [[ -f requirements.txt ]]; then pip install -r requirements.txt; fi
2022-12-27T11:20:09.5769810Z   MAKEFLAGS: -j$(sysctl -n hw.logicalcpu)
2022-12-27T11:20:09.5769980Z ##[endgroup]
2022-12-27T11:20:09.9108390Z Requirement already satisfied: cibuildwheel==2.11.3 in /Users/runner/hostedtoolcache/Python/3.7.15/x64/lib/python3.7/site-packages (2.11.3)
2022-12-27T11:20:09.9408390Z Requirement already satisfied: packaging>=20.9 in /Users/runner/hostedtoolcache/Python/3.7.15/x64/lib/python3.7/site-packages (from cibuildwheel==2.11.3) (22.0)
2022-12-27T11:20:09.9411840Z Requirement already satisfied: platformdirs in /Users/runner/hostedtoolcache/Python/3.7.15/x64/lib/python3.7/site-packages (from cibuildwheel==2.11.3) (2.6.0)
2022-12-27T11:20:09.9415220Z Requirement already satisfied: filelock in /Users/runner/hostedtoolcache/Python/3.7.15/x64/lib/python3.7/site-packages (from cibuildwheel==2.11.3) (3.8.2)
2022-12-27T11:20:09.9424920Z Requirement already satisfied: typing-extensions>=4.1.0 in /Users/runner/hostedtoolcache/Python/3.7.15/x64/lib/python3.7/site-packages (from cibuildwheel==2.11.3) (4.4.0)
2022-12-27T11:20:09.9428650Z Requirement already satisfied: bracex in /Users/runner/hostedtoolcache/Python/3.7.15/x64/lib/python3.7/site-packages (from cibuildwheel==2.11.3) (2.3.post1)
2022-12-27T11:20:09.9432240Z Requirement already satisfied: certifi in /Users/runner/hostedtoolcache/Python/3.7.15/x64/lib/python3.7/site-packages (from cibuildwheel==2.11.3) (2022.12.7)
2022-12-27T11:20:09.9438590Z Requirement already satisfied: bashlex!=0.13 in /Users/runner/hostedtoolcache/Python/3.7.15/x64/lib/python3.7/site-packages (from cibuildwheel==2.11.3) (0.16)
2022-12-27T11:20:09.9445120Z Requirement already satisfied: tomli in /Users/runner/hostedtoolcache/Python/3.7.15/x64/lib/python3.7/site-packages (from cibuildwheel==2.11.3) (2.0.1)
2022-12-27T11:20:10.1075310Z 
2022-12-27T11:20:10.1075810Z      _ _       _ _   _       _           _
2022-12-27T11:20:10.1076320Z  ___|_| |_ _ _|_| |_| |_ _ _| |_ ___ ___| |
2022-12-27T11:20:10.1076860Z |  _| | . | | | | | . | | | |   | -_| -_| |
2022-12-27T11:20:10.1077840Z |___|_|___|___|_|_|___|_____|_|_|___|___|_|
2022-12-27T11:20:10.1078030Z 
2022-12-27T11:20:10.1078160Z cibuildwheel version 2.11.3
2022-12-27T11:20:10.1078300Z 
2022-12-27T11:20:10.1078390Z Build options:
2022-12-27T11:20:10.1078640Z   platform: macos
2022-12-27T11:20:10.1159430Z   architectures: arm64[0m
2022-12-27T11:20:10.1159820Z   build_selector: 
2022-12-27T11:20:10.1160350Z     build_config: cp37-macosx_arm64
2022-12-27T11:20:10.1160950Z     skip_config: 
2022-12-27T11:20:10.1161340Z     requires_python: None
2022-12-27T11:20:10.1161640Z     prerelease_pythons: False[0m
2022-12-27T11:20:10.1161960Z   [38;5;244mcontainer_engine: docker[0m
2022-12-27T11:20:10.1162370Z   output_dir: /Users/runner/actions-runner/_work/python.build/python.build/build_lxml11beta37/wheelsout[0m
2022-12-27T11:20:10.1162790Z   package_dir: /Users/runner/actions-runner/_work/python.build/python.build/build_lxml11beta37/lxml-1.1beta[0m
2022-12-27T11:20:10.1163220Z   test_selector: 
2022-12-27T11:20:10.1163500Z     skip_config: *_arm64[0m
2022-12-27T11:20:10.1164070Z cibuildwheel: No build identifiers selected: BuildSelector(build_config='cp37-macosx_arm64', skip_config='', requires_python=None, prerelease_pythons=False)
2022-12-27T11:20:10.1164570Z   [38;5;244mbefore_all: [0m
2022-12-27T11:20:10.1164930Z   before_build: pip install Cython; if [[ -f requirements.txt ]]; then pip install -r requirements.txt; fi[0m
2022-12-27T11:20:10.1165270Z   [38;5;244mbefore_test: [0m
2022-12-27T11:20:10.1165550Z   [38;5;244mbuild_frontend: pip[0m
2022-12-27T11:20:10.1165880Z   build_verbosity: 3[0m
2022-12-27T11:20:10.1166160Z   [38;5;244mconfig_settings: [0m
2022-12-27T11:20:10.1166500Z   [38;5;244mdependency_constraints: pinned[0m
2022-12-27T11:20:10.1166700Z   environment: 
2022-12-27T11:20:10.1167150Z     CFLAGS="-I/usr/local/opt/openssl@3/include"
2022-12-27T11:20:10.1167510Z     LDFLAGS="-L/usr/local/opt/openssl@3/lib"
2022-12-27T11:20:10.1167870Z     CPPFLAGS="-I/usr/local/opt/openssl@3/include"
2022-12-27T11:20:10.1168220Z     MAKEFLAGS="-j$(sysctl -n hw.logicalcpu)"
2022-12-27T11:20:10.1168720Z     PATH=/usr/local/opt/ccache/libexec:$PATH[0m
2022-12-27T11:20:10.1169010Z   [38;5;244mmanylinux_images: None[0m
2022-12-27T11:20:10.1169570Z   [38;5;244mmusllinux_images: None[0m
2022-12-27T11:20:10.1169920Z   [38;5;244mrepair_command: delocate-wheel --require-archs {delocate_archs} -w {dest_dir} -v {wheel}[0m
2022-12-27T11:20:10.1170330Z   [38;5;244mtest_command: [0m
2022-12-27T11:20:10.1170530Z   [38;5;244mtest_extras: [0m
2022-12-27T11:20:10.1170760Z   [38;5;244mtest_requires: [0m
2022-12-27T11:20:10.1170870Z 
2022-12-27T11:20:10.1170990Z Cache folder: /Users/runner/Library/Caches/cibuildwheel
2022-12-27T11:20:10.1171120Z 
2022-12-27T11:20:10.1171300Z Here we go!
2022-12-27T11:20:10.1171370Z 
2022-12-27T11:20:10.1277640Z ##[error]Process completed with exit code 3.
2022-12-27T11:20:10.1316890Z ##[group]Run rm -rf build_lxml11beta37 wheelsout
2022-12-27T11:20:10.1317170Z [36;1mrm -rf build_lxml11beta37 wheelsout[0m
2022-12-27T11:20:10.1332840Z shell: /bin/bash -e {0}
2022-12-27T11:20:10.1333090Z env:
2022-12-27T11:20:10.1333290Z   pythonLocation: /Users/runner/hostedtoolcache/Python/3.7.15/x64
2022-12-27T11:20:10.1333530Z   PKG_CONFIG_PATH: /Users/runner/hostedtoolcache/Python/3.7.15/x64/lib/pkgconfig
2022-12-27T11:20:10.1333790Z   Python_ROOT_DIR: /Users/runner/hostedtoolcache/Python/3.7.15/x64
2022-12-27T11:20:10.1334020Z   Python2_ROOT_DIR: /Users/runner/hostedtoolcache/Python/3.7.15/x64
2022-12-27T11:20:10.1334290Z   Python3_ROOT_DIR: /Users/runner/hostedtoolcache/Python/3.7.15/x64
2022-12-27T11:20:10.1334450Z ##[endgroup]
2022-12-27T11:20:10.1587410Z Cleaning up orphan processes
