2022-12-27T07:29:34.2848249Z Requested labels: self-hosted, macOS, X64
2022-12-27T07:29:34.2848333Z Job defined at: kilnbuild/python.build/.github/workflows/mac_arm_build.yml@refs/heads/main
2022-12-27T07:29:34.2848365Z Waiting for a runner to pick up this job...
2022-12-27T10:55:02.6108406Z Job is about to start running on the runner: kr2 (organization)
2022-12-27T10:55:08.9807450Z Current runner version: '2.300.2'
2022-12-27T10:55:08.9815410Z Runner name: 'kr2'
2022-12-27T10:55:08.9815840Z Runner group name: 'Default'
2022-12-27T10:55:08.9816680Z Machine name: 'kr2'
2022-12-27T10:55:08.9819430Z ##[group]GITHUB_TOKEN Permissions
2022-12-27T10:55:08.9820120Z Actions: write
2022-12-27T10:55:08.9820390Z Checks: write
2022-12-27T10:55:08.9820640Z Contents: write
2022-12-27T10:55:08.9820920Z Deployments: write
2022-12-27T10:55:08.9821200Z Discussions: write
2022-12-27T10:55:08.9821460Z Issues: write
2022-12-27T10:55:08.9821710Z Metadata: read
2022-12-27T10:55:08.9822120Z Packages: write
2022-12-27T10:55:08.9822390Z Pages: write
2022-12-27T10:55:08.9822650Z PullRequests: write
2022-12-27T10:55:08.9822970Z RepositoryProjects: write
2022-12-27T10:55:08.9823280Z SecurityEvents: write
2022-12-27T10:55:08.9823560Z Statuses: write
2022-12-27T10:55:08.9823820Z ##[endgroup]
2022-12-27T10:55:08.9828050Z Secret source: Actions
2022-12-27T10:55:08.9828590Z Prepare workflow directory
2022-12-27T10:55:09.0979310Z Prepare all required actions
2022-12-27T10:55:09.1186780Z Getting action download info
2022-12-27T10:55:09.6569580Z Download action repository 'actions/setup-python@v4' (SHA:5ccb29d8773c3f3f653e1705f474dfaa8a06a912)
2022-12-27T10:55:11.5736410Z Download action repository 'actions/upload-artifact@v3' (SHA:83fd05a356d7e2593de66fc9913b3002723633cb)
2022-12-27T10:55:13.1118190Z ##[group]Run echo '{
2022-12-27T10:55:13.1118860Z [36;1mecho '{[0m
2022-12-27T10:55:13.1119210Z [36;1m  "environment_variables": "GRPC_PYTHON_BUILD_WITH_CYTHON=1 GRPC_BUILD_WITH_BORING_SSL_ASM='' GRPC_PYTHON_BUILD_SYSTEM_OPENSSL=TRUE",[0m
2022-12-27T10:55:13.1119570Z [36;1m  "package_name": "grpcio-tools",[0m
2022-12-27T10:55:13.1120000Z [36;1m  "package_url": "https://files.pythonhosted.org/packages/4a/bc/b21a5b93e4ba3044b5330eb0046f7e8b8b1cec9ea22b92e6c1393319efaa/grpcio-tools-1.46.0.tar.gz",[0m
2022-12-27T10:55:13.1120370Z [36;1m  "package_version": "1.46.0",[0m
2022-12-27T10:55:13.1120590Z [36;1m  "python_version": "3.7",[0m
2022-12-27T10:55:13.1120820Z [36;1m  "use_ccache": "true"[0m
2022-12-27T10:55:13.1121000Z [36;1m}'[0m
2022-12-27T10:55:13.1150670Z shell: /bin/bash -e {0}
2022-12-27T10:55:13.1150890Z ##[endgroup]
2022-12-27T10:55:13.1554310Z {
2022-12-27T10:55:13.1557520Z   "environment_variables": "GRPC_PYTHON_BUILD_WITH_CYTHON=1 GRPC_BUILD_WITH_BORING_SSL_ASM= GRPC_PYTHON_BUILD_SYSTEM_OPENSSL=TRUE",
2022-12-27T10:55:13.1558460Z   "package_name": "grpcio-tools",
2022-12-27T10:55:13.1559250Z   "package_url": "https://files.pythonhosted.org/packages/4a/bc/b21a5b93e4ba3044b5330eb0046f7e8b8b1cec9ea22b92e6c1393319efaa/grpcio-tools-1.46.0.tar.gz",
2022-12-27T10:55:13.1559900Z   "package_version": "1.46.0",
2022-12-27T10:55:13.1560200Z   "python_version": "3.7",
2022-12-27T10:55:13.1560550Z   "use_ccache": "true"
2022-12-27T10:55:13.1560880Z }
2022-12-27T10:55:13.1919250Z ##[group]Run actions/setup-python@v4
2022-12-27T10:55:13.1919810Z with:
2022-12-27T10:55:13.1920140Z   python-version: 3.7
2022-12-27T10:55:13.1920440Z   check-latest: false
2022-12-27T10:55:13.1920940Z   token: ***
2022-12-27T10:55:13.1921340Z   update-environment: true
2022-12-27T10:55:13.1921620Z ##[endgroup]
2022-12-27T10:55:13.3945010Z ##[group]Installed versions
2022-12-27T10:55:13.4017010Z Successfully set up CPython (3.7.15)
2022-12-27T10:55:13.4018050Z ##[endgroup]
2022-12-27T10:55:13.4240500Z ##[group]Run if [ "true" == "true" ]
2022-12-27T10:55:13.4240950Z [36;1mif [ "true" == "true" ][0m
2022-12-27T10:55:13.4241220Z [36;1mthen[0m
2022-12-27T10:55:13.4241600Z [36;1m  echo "CCACHE_PATH_PREPEND=/usr/local/opt/ccache/libexec" >> $GITHUB_OUTPUT[0m
2022-12-27T10:55:13.4242090Z [36;1melse[0m
2022-12-27T10:55:13.4242380Z [36;1m  echo "CCACHE_PATH_PREPEND=" >> $GITHUB_OUTPUT[0m
2022-12-27T10:55:13.4242730Z [36;1mfi[0m
2022-12-27T10:55:13.4272180Z shell: /bin/bash -e {0}
2022-12-27T10:55:13.4272540Z env:
2022-12-27T10:55:13.4272860Z   pythonLocation: /Users/runner/hostedtoolcache/Python/3.7.15/x64
2022-12-27T10:55:13.4273330Z   PKG_CONFIG_PATH: /Users/runner/hostedtoolcache/Python/3.7.15/x64/lib/pkgconfig
2022-12-27T10:55:13.4274610Z   Python_ROOT_DIR: /Users/runner/hostedtoolcache/Python/3.7.15/x64
2022-12-27T10:55:13.4275090Z   Python2_ROOT_DIR: /Users/runner/hostedtoolcache/Python/3.7.15/x64
2022-12-27T10:55:13.4275660Z   Python3_ROOT_DIR: /Users/runner/hostedtoolcache/Python/3.7.15/x64
2022-12-27T10:55:13.4276050Z ##[endgroup]
2022-12-27T10:55:13.4579110Z ##[group]Run echo "BUILD_NAME=$(echo grpcio-tools_1.46.0_3.7 | tr -dc '[:alnum:]\n\r' | tr '[:upper:]' '[:lower:]')" >> $GITHUB_OUTPUT
2022-12-27T10:55:13.4579840Z [36;1mecho "BUILD_NAME=$(echo grpcio-tools_1.46.0_3.7 | tr -dc '[:alnum:]\n\r' | tr '[:upper:]' '[:lower:]')" >> $GITHUB_OUTPUT[0m
2022-12-27T10:55:13.4608350Z shell: /bin/bash -e {0}
2022-12-27T10:55:13.4608540Z env:
2022-12-27T10:55:13.4608790Z   pythonLocation: /Users/runner/hostedtoolcache/Python/3.7.15/x64
2022-12-27T10:55:13.4609190Z   PKG_CONFIG_PATH: /Users/runner/hostedtoolcache/Python/3.7.15/x64/lib/pkgconfig
2022-12-27T10:55:13.4609650Z   Python_ROOT_DIR: /Users/runner/hostedtoolcache/Python/3.7.15/x64
2022-12-27T10:55:13.4609960Z   Python2_ROOT_DIR: /Users/runner/hostedtoolcache/Python/3.7.15/x64
2022-12-27T10:55:13.4610260Z   Python3_ROOT_DIR: /Users/runner/hostedtoolcache/Python/3.7.15/x64
2022-12-27T10:55:13.4610500Z ##[endgroup]
2022-12-27T10:55:13.4843020Z ##[group]Run echo "PYTHON_NO_DOTS=$(echo 3.7 | tr -dc '[:alnum:]\n\r' | tr '[:upper:]' '[:lower:]')" >> $GITHUB_OUTPUT
2022-12-27T10:55:13.4843770Z [36;1mecho "PYTHON_NO_DOTS=$(echo 3.7 | tr -dc '[:alnum:]\n\r' | tr '[:upper:]' '[:lower:]')" >> $GITHUB_OUTPUT[0m
2022-12-27T10:55:13.4870590Z shell: /bin/bash -e {0}
2022-12-27T10:55:13.4870900Z env:
2022-12-27T10:55:13.4871190Z   pythonLocation: /Users/runner/hostedtoolcache/Python/3.7.15/x64
2022-12-27T10:55:13.4872510Z   PKG_CONFIG_PATH: /Users/runner/hostedtoolcache/Python/3.7.15/x64/lib/pkgconfig
2022-12-27T10:55:13.4873030Z   Python_ROOT_DIR: /Users/runner/hostedtoolcache/Python/3.7.15/x64
2022-12-27T10:55:13.4873510Z   Python2_ROOT_DIR: /Users/runner/hostedtoolcache/Python/3.7.15/x64
2022-12-27T10:55:13.4873930Z   Python3_ROOT_DIR: /Users/runner/hostedtoolcache/Python/3.7.15/x64
2022-12-27T10:55:13.4874220Z ##[endgroup]
2022-12-27T10:55:13.5119700Z ##[group]Run rm -rf build_grpciotools146037
2022-12-27T10:55:13.5120440Z [36;1mrm -rf build_grpciotools146037[0m
2022-12-27T10:55:13.5120860Z [36;1mmkdir build_grpciotools146037[0m
2022-12-27T10:55:13.5121300Z [36;1mcd build_grpciotools146037[0m
2022-12-27T10:55:13.5121800Z [36;1m/usr/local/bin/wget --quiet https://files.pythonhosted.org/packages/4a/bc/b21a5b93e4ba3044b5330eb0046f7e8b8b1cec9ea22b92e6c1393319efaa/grpcio-tools-1.46.0.tar.gz[0m
2022-12-27T10:55:13.5122320Z [36;1mtar xf *.tar.gz[0m
2022-12-27T10:55:13.5122640Z [36;1mcd *[0m
2022-12-27T10:55:13.5122930Z [36;1mpython -m pip install cibuildwheel==2.11.3[0m
2022-12-27T10:55:13.5123480Z [36;1mpython -m cibuildwheel --output-dir ../wheelsout[0m
2022-12-27T10:55:13.5152380Z shell: /bin/bash -e {0}
2022-12-27T10:55:13.5152760Z env:
2022-12-27T10:55:13.5153080Z   pythonLocation: /Users/runner/hostedtoolcache/Python/3.7.15/x64
2022-12-27T10:55:13.5153720Z   PKG_CONFIG_PATH: /Users/runner/hostedtoolcache/Python/3.7.15/x64/lib/pkgconfig
2022-12-27T10:55:13.5154190Z   Python_ROOT_DIR: /Users/runner/hostedtoolcache/Python/3.7.15/x64
2022-12-27T10:55:13.5154560Z   Python2_ROOT_DIR: /Users/runner/hostedtoolcache/Python/3.7.15/x64
2022-12-27T10:55:13.5155200Z   Python3_ROOT_DIR: /Users/runner/hostedtoolcache/Python/3.7.15/x64
2022-12-27T10:55:13.5155660Z   CIBW_ARCHS_MACOS: arm64
2022-12-27T10:55:13.5155930Z   CIBW_TEST_SKIP: *_arm64
2022-12-27T10:55:13.5156270Z   CIBW_BUILD: cp37-macosx_arm64
2022-12-27T10:55:13.5156620Z   CIBW_BUILD_FRONTEND: pip
2022-12-27T10:55:13.5156900Z   CIBW_BUILD_VERBOSITY: 3
2022-12-27T10:55:13.5157680Z   CIBW_ENVIRONMENT_MACOS: GRPC_PYTHON_BUILD_WITH_CYTHON=1 GRPC_BUILD_WITH_BORING_SSL_ASM='' GRPC_PYTHON_BUILD_SYSTEM_OPENSSL=TRUE CFLAGS="-I/usr/local/opt/openssl@3/include" LDFLAGS="-L/usr/local/opt/openssl@3/lib" CPPFLAGS="-I/usr/local/opt/openssl@3/include" MAKEFLAGS="-j$(sysctl -n hw.logicalcpu)" PATH=/usr/local/opt/ccache/libexec:$PATH
2022-12-27T10:55:13.5158860Z   CIBW_BEFORE_BUILD: pip install Cython; if [[ -f requirements.txt ]]; then pip install -r requirements.txt; fi
2022-12-27T10:55:13.5159330Z   MAKEFLAGS: -j$(sysctl -n hw.logicalcpu)
2022-12-27T10:55:13.5159680Z ##[endgroup]
2022-12-27T10:55:14.3934630Z Requirement already satisfied: cibuildwheel==2.11.3 in /Users/runner/hostedtoolcache/Python/3.7.15/x64/lib/python3.7/site-packages (2.11.3)
2022-12-27T10:55:14.4409430Z Requirement already satisfied: typing-extensions>=4.1.0 in /Users/runner/hostedtoolcache/Python/3.7.15/x64/lib/python3.7/site-packages (from cibuildwheel==2.11.3) (4.4.0)
2022-12-27T10:55:14.4414550Z Requirement already satisfied: platformdirs in /Users/runner/hostedtoolcache/Python/3.7.15/x64/lib/python3.7/site-packages (from cibuildwheel==2.11.3) (2.6.0)
2022-12-27T10:55:14.4423120Z Requirement already satisfied: bashlex!=0.13 in /Users/runner/hostedtoolcache/Python/3.7.15/x64/lib/python3.7/site-packages (from cibuildwheel==2.11.3) (0.16)
2022-12-27T10:55:14.4429840Z Requirement already satisfied: filelock in /Users/runner/hostedtoolcache/Python/3.7.15/x64/lib/python3.7/site-packages (from cibuildwheel==2.11.3) (3.8.2)
2022-12-27T10:55:14.4440290Z Requirement already satisfied: tomli in /Users/runner/hostedtoolcache/Python/3.7.15/x64/lib/python3.7/site-packages (from cibuildwheel==2.11.3) (2.0.1)
2022-12-27T10:55:14.4445830Z Requirement already satisfied: bracex in /Users/runner/hostedtoolcache/Python/3.7.15/x64/lib/python3.7/site-packages (from cibuildwheel==2.11.3) (2.3.post1)
2022-12-27T10:55:14.4452670Z Requirement already satisfied: packaging>=20.9 in /Users/runner/hostedtoolcache/Python/3.7.15/x64/lib/python3.7/site-packages (from cibuildwheel==2.11.3) (22.0)
2022-12-27T10:55:14.4458110Z Requirement already satisfied: certifi in /Users/runner/hostedtoolcache/Python/3.7.15/x64/lib/python3.7/site-packages (from cibuildwheel==2.11.3) (2022.12.7)
2022-12-27T10:55:14.7626600Z 
2022-12-27T10:55:14.7627880Z      _ _       _ _   _       _           _
2022-12-27T10:55:14.7628600Z  ___|_| |_ _ _|_| |_| |_ _ _| |_ ___ ___| |
2022-12-27T10:55:14.7631040Z |  _| | . | | | | | . | | | |   | -_| -_| |
2022-12-27T10:55:14.7631690Z |___|_|___|___|_|_|___|_____|_|_|___|___|_|
2022-12-27T10:55:14.7632360Z 
2022-12-27T10:55:14.7632580Z cibuildwheel version 2.11.3
2022-12-27T10:55:14.7632840Z 
2022-12-27T10:55:14.7633010Z Build options:
2022-12-27T10:55:14.7633270Z   platform: macos
2022-12-27T10:55:14.7989060Z   architectures: arm64[0m
2022-12-27T10:55:14.7990020Z   build_selector: 
2022-12-27T10:55:14.7990670Z     build_config: cp37-macosx_arm64
2022-12-27T10:55:14.7991220Z     skip_config: 
2022-12-27T10:55:14.7991880Z     requires_python: >=3.6
2022-12-27T10:55:14.7994210Z cibuildwheel: No build identifiers selected: BuildSelector(build_config='cp37-macosx_arm64', skip_config='', requires_python=<SpecifierSet('>=3.6')>, prerelease_pythons=False)
2022-12-27T10:55:14.7995670Z     prerelease_pythons: False[0m
2022-12-27T10:55:14.7996290Z   [38;5;244mcontainer_engine: docker[0m
2022-12-27T10:55:14.7998490Z   output_dir: /Users/runner/actions-runner/_work/python.build/python.build/build_grpciotools146037/wheelsout[0m
2022-12-27T10:55:14.7999800Z   package_dir: /Users/runner/actions-runner/_work/python.build/python.build/build_grpciotools146037/grpcio-tools-1.46.0[0m
2022-12-27T10:55:14.8001070Z   test_selector: 
2022-12-27T10:55:14.8001680Z     skip_config: *_arm64[0m
2022-12-27T10:55:14.8002260Z   [38;5;244mbefore_all: [0m
2022-12-27T10:55:14.8003000Z   before_build: pip install Cython; if [[ -f requirements.txt ]]; then pip install -r requirements.txt; fi[0m
2022-12-27T10:55:14.8003860Z   [38;5;244mbefore_test: [0m
2022-12-27T10:55:14.8004820Z   [38;5;244mbuild_frontend: pip[0m
2022-12-27T10:55:14.8005420Z   build_verbosity: 3[0m
2022-12-27T10:55:14.8005790Z   [38;5;244mconfig_settings: [0m
2022-12-27T10:55:14.8007000Z   [38;5;244mdependency_constraints: pinned[0m
2022-12-27T10:55:14.8007460Z   environment: 
2022-12-27T10:55:14.8007740Z     GRPC_PYTHON_BUILD_WITH_CYTHON=1
2022-12-27T10:55:14.8008160Z     GRPC_BUILD_WITH_BORING_SSL_ASM=''
2022-12-27T10:55:14.8008540Z     GRPC_PYTHON_BUILD_SYSTEM_OPENSSL=TRUE
2022-12-27T10:55:14.8008940Z     CFLAGS="-I/usr/local/opt/openssl@3/include"
2022-12-27T10:55:14.8009500Z     LDFLAGS="-L/usr/local/opt/openssl@3/lib"
2022-12-27T10:55:14.8010000Z     CPPFLAGS="-I/usr/local/opt/openssl@3/include"
2022-12-27T10:55:14.8010470Z     MAKEFLAGS="-j$(sysctl -n hw.logicalcpu)"
2022-12-27T10:55:14.8010880Z     PATH=/usr/local/opt/ccache/libexec:$PATH[0m
2022-12-27T10:55:14.8011340Z   [38;5;244mmanylinux_images: None[0m
2022-12-27T10:55:14.8011890Z   [38;5;244mmusllinux_images: None[0m
2022-12-27T10:55:14.8012390Z   [38;5;244mrepair_command: delocate-wheel --require-archs {delocate_archs} -w {dest_dir} -v {wheel}[0m
2022-12-27T10:55:14.8012880Z   [38;5;244mtest_command: [0m
2022-12-27T10:55:14.8013290Z   [38;5;244mtest_extras: [0m
2022-12-27T10:55:14.8013630Z   [38;5;244mtest_requires: [0m
2022-12-27T10:55:14.8013920Z 
2022-12-27T10:55:14.8014130Z Cache folder: /Users/runner/Library/Caches/cibuildwheel
2022-12-27T10:55:14.8014370Z 
2022-12-27T10:55:14.8014510Z Here we go!
2022-12-27T10:55:14.8014690Z 
2022-12-27T10:55:14.8250180Z ##[error]Process completed with exit code 3.
2022-12-27T10:55:14.8314800Z ##[group]Run rm -rf build_grpciotools146037 wheelsout
2022-12-27T10:55:14.8315200Z [36;1mrm -rf build_grpciotools146037 wheelsout[0m
2022-12-27T10:55:14.8343570Z shell: /bin/bash -e {0}
2022-12-27T10:55:14.8343890Z env:
2022-12-27T10:55:14.8344190Z   pythonLocation: /Users/runner/hostedtoolcache/Python/3.7.15/x64
2022-12-27T10:55:14.8344650Z   PKG_CONFIG_PATH: /Users/runner/hostedtoolcache/Python/3.7.15/x64/lib/pkgconfig
2022-12-27T10:55:14.8345110Z   Python_ROOT_DIR: /Users/runner/hostedtoolcache/Python/3.7.15/x64
2022-12-27T10:55:14.8345650Z   Python2_ROOT_DIR: /Users/runner/hostedtoolcache/Python/3.7.15/x64
2022-12-27T10:55:14.8346030Z   Python3_ROOT_DIR: /Users/runner/hostedtoolcache/Python/3.7.15/x64
2022-12-27T10:55:14.8346390Z ##[endgroup]
2022-12-27T10:55:14.9542270Z Cleaning up orphan processes
