2022-12-27T08:47:16.9712605Z Requested labels: self-hosted, macOS, X64
2022-12-27T08:47:16.9712759Z Job defined at: kilnbuild/python.build/.github/workflows/mac_arm_build.yml@refs/heads/main
2022-12-27T08:47:16.9712791Z Waiting for a runner to pick up this job...
2022-12-27T11:09:38.3734106Z Job is about to start running on the runner: k2 (organization)
2022-12-27T11:09:40.8422680Z Current runner version: '2.300.2'
2022-12-27T11:09:40.8427570Z Runner name: 'k2'
2022-12-27T11:09:40.8427810Z Runner group name: 'Default'
2022-12-27T11:09:40.8428300Z Machine name: 'k2'
2022-12-27T11:09:40.8429740Z ##[group]GITHUB_TOKEN Permissions
2022-12-27T11:09:40.8430160Z Actions: write
2022-12-27T11:09:40.8430290Z Checks: write
2022-12-27T11:09:40.8430420Z Contents: write
2022-12-27T11:09:40.8430560Z Deployments: write
2022-12-27T11:09:40.8430700Z Discussions: write
2022-12-27T11:09:40.8430830Z Issues: write
2022-12-27T11:09:40.8430960Z Metadata: read
2022-12-27T11:09:40.8431090Z Packages: write
2022-12-27T11:09:40.8431230Z Pages: write
2022-12-27T11:09:40.8431360Z PullRequests: write
2022-12-27T11:09:40.8431530Z RepositoryProjects: write
2022-12-27T11:09:40.8431680Z SecurityEvents: write
2022-12-27T11:09:40.8431820Z Statuses: write
2022-12-27T11:09:40.8431950Z ##[endgroup]
2022-12-27T11:09:40.8434360Z Secret source: Actions
2022-12-27T11:09:40.8434660Z Prepare workflow directory
2022-12-27T11:09:40.9080560Z Prepare all required actions
2022-12-27T11:09:40.9198120Z Getting action download info
2022-12-27T11:09:41.3499210Z Download action repository 'actions/setup-python@v4' (SHA:5ccb29d8773c3f3f653e1705f474dfaa8a06a912)
2022-12-27T11:09:43.1370450Z Download action repository 'actions/upload-artifact@v3' (SHA:83fd05a356d7e2593de66fc9913b3002723633cb)
2022-12-27T11:09:44.4598850Z ##[group]Run echo '{
2022-12-27T11:09:44.4599130Z [36;1mecho '{[0m
2022-12-27T11:09:44.4599250Z [36;1m  "package_name": "lxml",[0m
2022-12-27T11:09:44.4599500Z [36;1m  "package_url": "https://files.pythonhosted.org/packages/4f/3f/cf6daac551fc36cddafa1a71ed48ea5fd642e5feabd3a0d83b8c3dfd0cb4/lxml-3.6.4.tar.gz",[0m
2022-12-27T11:09:44.4599740Z [36;1m  "package_version": "3.6.4",[0m
2022-12-27T11:09:44.4599850Z [36;1m  "python_version": "3.9",[0m
2022-12-27T11:09:44.4599970Z [36;1m  "use_ccache": "true"[0m
2022-12-27T11:09:44.4600150Z [36;1m}'[0m
2022-12-27T11:09:44.4615540Z shell: /bin/bash -e {0}
2022-12-27T11:09:44.4615720Z ##[endgroup]
2022-12-27T11:09:44.4828340Z {
2022-12-27T11:09:44.4829640Z   "package_name": "lxml",
2022-12-27T11:09:44.4830390Z   "package_url": "https://files.pythonhosted.org/packages/4f/3f/cf6daac551fc36cddafa1a71ed48ea5fd642e5feabd3a0d83b8c3dfd0cb4/lxml-3.6.4.tar.gz",
2022-12-27T11:09:44.4830740Z   "package_version": "3.6.4",
2022-12-27T11:09:44.4830930Z   "python_version": "3.9",
2022-12-27T11:09:44.4831110Z   "use_ccache": "true"
2022-12-27T11:09:44.4831270Z }
2022-12-27T11:09:44.5037660Z ##[group]Run actions/setup-python@v4
2022-12-27T11:09:44.5037860Z with:
2022-12-27T11:09:44.5038030Z   python-version: 3.9
2022-12-27T11:09:44.5038210Z   check-latest: false
2022-12-27T11:09:44.5038470Z   token: ***
2022-12-27T11:09:44.5038700Z   update-environment: true
2022-12-27T11:09:44.5038880Z ##[endgroup]
2022-12-27T11:09:44.6231390Z ##[group]Installed versions
2022-12-27T11:09:44.6334880Z Successfully set up CPython (3.9.16)
2022-12-27T11:09:44.6336390Z ##[endgroup]
2022-12-27T11:09:44.6483040Z ##[group]Run if [ "true" == "true" ]
2022-12-27T11:09:44.6483350Z [36;1mif [ "true" == "true" ][0m
2022-12-27T11:09:44.6483580Z [36;1mthen[0m
2022-12-27T11:09:44.6483810Z [36;1m  echo "CCACHE_PATH_PREPEND=/usr/local/opt/ccache/libexec" >> $GITHUB_OUTPUT[0m
2022-12-27T11:09:44.6484140Z [36;1melse[0m
2022-12-27T11:09:44.6484300Z [36;1m  echo "CCACHE_PATH_PREPEND=" >> $GITHUB_OUTPUT[0m
2022-12-27T11:09:44.6484760Z [36;1mfi[0m
2022-12-27T11:09:44.6501630Z shell: /bin/bash -e {0}
2022-12-27T11:09:44.6501890Z env:
2022-12-27T11:09:44.6502130Z   pythonLocation: /Users/runner/hostedtoolcache/Python/3.9.16/x64
2022-12-27T11:09:44.6502410Z   PKG_CONFIG_PATH: /Users/runner/hostedtoolcache/Python/3.9.16/x64/lib/pkgconfig
2022-12-27T11:09:44.6502670Z   Python_ROOT_DIR: /Users/runner/hostedtoolcache/Python/3.9.16/x64
2022-12-27T11:09:44.6502880Z   Python2_ROOT_DIR: /Users/runner/hostedtoolcache/Python/3.9.16/x64
2022-12-27T11:09:44.6503240Z   Python3_ROOT_DIR: /Users/runner/hostedtoolcache/Python/3.9.16/x64
2022-12-27T11:09:44.6503840Z ##[endgroup]
2022-12-27T11:09:44.6610940Z ##[group]Run echo "BUILD_NAME=$(echo lxml_3.6.4_3.9 | tr -dc '[:alnum:]\n\r' | tr '[:upper:]' '[:lower:]')" >> $GITHUB_OUTPUT
2022-12-27T11:09:44.6611330Z [36;1mecho "BUILD_NAME=$(echo lxml_3.6.4_3.9 | tr -dc '[:alnum:]\n\r' | tr '[:upper:]' '[:lower:]')" >> $GITHUB_OUTPUT[0m
2022-12-27T11:09:44.6624980Z shell: /bin/bash -e {0}
2022-12-27T11:09:44.6625170Z env:
2022-12-27T11:09:44.6625390Z   pythonLocation: /Users/runner/hostedtoolcache/Python/3.9.16/x64
2022-12-27T11:09:44.6625620Z   PKG_CONFIG_PATH: /Users/runner/hostedtoolcache/Python/3.9.16/x64/lib/pkgconfig
2022-12-27T11:09:44.6625950Z   Python_ROOT_DIR: /Users/runner/hostedtoolcache/Python/3.9.16/x64
2022-12-27T11:09:44.6626200Z   Python2_ROOT_DIR: /Users/runner/hostedtoolcache/Python/3.9.16/x64
2022-12-27T11:09:44.6626400Z   Python3_ROOT_DIR: /Users/runner/hostedtoolcache/Python/3.9.16/x64
2022-12-27T11:09:44.6626610Z ##[endgroup]
2022-12-27T11:09:44.6764570Z ##[group]Run echo "PYTHON_NO_DOTS=$(echo 3.9 | tr -dc '[:alnum:]\n\r' | tr '[:upper:]' '[:lower:]')" >> $GITHUB_OUTPUT
2022-12-27T11:09:44.6765020Z [36;1mecho "PYTHON_NO_DOTS=$(echo 3.9 | tr -dc '[:alnum:]\n\r' | tr '[:upper:]' '[:lower:]')" >> $GITHUB_OUTPUT[0m
2022-12-27T11:09:44.6778360Z shell: /bin/bash -e {0}
2022-12-27T11:09:44.6778500Z env:
2022-12-27T11:09:44.6778700Z   pythonLocation: /Users/runner/hostedtoolcache/Python/3.9.16/x64
2022-12-27T11:09:44.6778950Z   PKG_CONFIG_PATH: /Users/runner/hostedtoolcache/Python/3.9.16/x64/lib/pkgconfig
2022-12-27T11:09:44.6779160Z   Python_ROOT_DIR: /Users/runner/hostedtoolcache/Python/3.9.16/x64
2022-12-27T11:09:44.6779430Z   Python2_ROOT_DIR: /Users/runner/hostedtoolcache/Python/3.9.16/x64
2022-12-27T11:09:44.6779650Z   Python3_ROOT_DIR: /Users/runner/hostedtoolcache/Python/3.9.16/x64
2022-12-27T11:09:44.6779840Z ##[endgroup]
2022-12-27T11:09:44.6887900Z ##[group]Run rm -rf build_lxml36439
2022-12-27T11:09:44.6888170Z [36;1mrm -rf build_lxml36439[0m
2022-12-27T11:09:44.6888350Z [36;1mmkdir build_lxml36439[0m
2022-12-27T11:09:44.6888570Z [36;1mcd build_lxml36439[0m
2022-12-27T11:09:44.6888870Z [36;1m/usr/local/bin/wget --quiet https://files.pythonhosted.org/packages/4f/3f/cf6daac551fc36cddafa1a71ed48ea5fd642e5feabd3a0d83b8c3dfd0cb4/lxml-3.6.4.tar.gz[0m
2022-12-27T11:09:44.6889160Z [36;1mtar xf *.tar.gz[0m
2022-12-27T11:09:44.6889320Z [36;1mcd *[0m
2022-12-27T11:09:44.6889480Z [36;1mpython -m pip install cibuildwheel==2.11.3[0m
2022-12-27T11:09:44.6889730Z [36;1mpython -m cibuildwheel --output-dir ../wheelsout[0m
2022-12-27T11:09:44.6902890Z shell: /bin/bash -e {0}
2022-12-27T11:09:44.6903040Z env:
2022-12-27T11:09:44.6903280Z   pythonLocation: /Users/runner/hostedtoolcache/Python/3.9.16/x64
2022-12-27T11:09:44.6903530Z   PKG_CONFIG_PATH: /Users/runner/hostedtoolcache/Python/3.9.16/x64/lib/pkgconfig
2022-12-27T11:09:44.6903810Z   Python_ROOT_DIR: /Users/runner/hostedtoolcache/Python/3.9.16/x64
2022-12-27T11:09:44.6904020Z   Python2_ROOT_DIR: /Users/runner/hostedtoolcache/Python/3.9.16/x64
2022-12-27T11:09:44.6904280Z   Python3_ROOT_DIR: /Users/runner/hostedtoolcache/Python/3.9.16/x64
2022-12-27T11:09:44.6904480Z   CIBW_ARCHS_MACOS: arm64
2022-12-27T11:09:44.6904620Z   CIBW_TEST_SKIP: *_arm64
2022-12-27T11:09:44.6904790Z   CIBW_BUILD: cp39-macosx_arm64
2022-12-27T11:09:44.6904970Z   CIBW_BUILD_FRONTEND: pip
2022-12-27T11:09:44.6905140Z   CIBW_BUILD_VERBOSITY: 3
2022-12-27T11:09:44.6905450Z   CIBW_ENVIRONMENT_MACOS:  CFLAGS="-I/usr/local/opt/openssl@3/include" LDFLAGS="-L/usr/local/opt/openssl@3/lib" CPPFLAGS="-I/usr/local/opt/openssl@3/include" MAKEFLAGS="-j$(sysctl -n hw.logicalcpu)" PATH=/usr/local/opt/ccache/libexec:$PATH
2022-12-27T11:09:44.6905810Z   CIBW_BEFORE_BUILD: pip install Cython; if [[ -f requirements.txt ]]; then pip install -r requirements.txt; fi
2022-12-27T11:09:44.6906050Z   MAKEFLAGS: -j$(sysctl -n hw.logicalcpu)
2022-12-27T11:09:44.6906200Z ##[endgroup]
2022-12-27T11:09:45.2001780Z Requirement already satisfied: cibuildwheel==2.11.3 in /Users/runner/hostedtoolcache/Python/3.9.16/x64/lib/python3.9/site-packages (2.11.3)
2022-12-27T11:09:45.2246590Z Requirement already satisfied: certifi in /Users/runner/hostedtoolcache/Python/3.9.16/x64/lib/python3.9/site-packages (from cibuildwheel==2.11.3) (2022.12.7)
2022-12-27T11:09:45.2249940Z Requirement already satisfied: filelock in /Users/runner/hostedtoolcache/Python/3.9.16/x64/lib/python3.9/site-packages (from cibuildwheel==2.11.3) (3.8.2)
2022-12-27T11:09:45.2253370Z Requirement already satisfied: platformdirs in /Users/runner/hostedtoolcache/Python/3.9.16/x64/lib/python3.9/site-packages (from cibuildwheel==2.11.3) (2.6.0)
2022-12-27T11:09:45.2258140Z Requirement already satisfied: bashlex!=0.13 in /Users/runner/hostedtoolcache/Python/3.9.16/x64/lib/python3.9/site-packages (from cibuildwheel==2.11.3) (0.16)
2022-12-27T11:09:45.2262690Z Requirement already satisfied: packaging>=20.9 in /Users/runner/hostedtoolcache/Python/3.9.16/x64/lib/python3.9/site-packages (from cibuildwheel==2.11.3) (22.0)
2022-12-27T11:09:45.2271950Z Requirement already satisfied: typing-extensions>=4.1.0 in /Users/runner/hostedtoolcache/Python/3.9.16/x64/lib/python3.9/site-packages (from cibuildwheel==2.11.3) (4.4.0)
2022-12-27T11:09:45.2277730Z Requirement already satisfied: tomli in /Users/runner/hostedtoolcache/Python/3.9.16/x64/lib/python3.9/site-packages (from cibuildwheel==2.11.3) (2.0.1)
2022-12-27T11:09:45.2280990Z Requirement already satisfied: bracex in /Users/runner/hostedtoolcache/Python/3.9.16/x64/lib/python3.9/site-packages (from cibuildwheel==2.11.3) (2.3.post1)
2022-12-27T11:09:45.3977090Z 
2022-12-27T11:09:45.3977340Z      _ _       _ _   _       _           _
2022-12-27T11:09:45.3977790Z  ___|_| |_ _ _|_| |_| |_ _ _| |_ ___ ___| |
2022-12-27T11:09:45.3978450Z |  _| | . | | | | | . | | | |   | -_| -_| |
2022-12-27T11:09:45.3978680Z |___|_|___|___|_|_|___|_____|_|_|___|___|_|
2022-12-27T11:09:45.3979420Z 
2022-12-27T11:09:45.3979570Z cibuildwheel version 2.11.3
2022-12-27T11:09:45.3979740Z 
2022-12-27T11:09:45.3979870Z Build options:
2022-12-27T11:09:45.3980190Z   platform: macos
2022-12-27T11:09:45.4081150Z   architectures: arm64[0m
2022-12-27T11:09:45.4081380Z   build_selector: 
2022-12-27T11:09:45.4081890Z     build_config: cp39-macosx_arm64
2022-12-27T11:09:45.4082530Z     skip_config: 
2022-12-27T11:09:45.4083130Z     requires_python: None
2022-12-27T11:09:45.4083580Z     prerelease_pythons: False[0m
2022-12-27T11:09:45.4084070Z   [38;5;244mcontainer_engine: docker[0m
2022-12-27T11:09:45.4084940Z   output_dir: /Users/runner/actions-runner/_work/python.build/python.build/build_lxml36439/wheelsout[0m
2022-12-27T11:09:45.4085430Z   package_dir: /Users/runner/actions-runner/_work/python.build/python.build/build_lxml36439/lxml-3.6.4[0m
2022-12-27T11:09:45.4085790Z   test_selector: 
2022-12-27T11:09:45.4086120Z     skip_config: *_arm64[0m
2022-12-27T11:09:45.4086430Z   [38;5;244mbefore_all: [0m
2022-12-27T11:09:45.4086930Z   before_build: pip install Cython; if [[ -f requirements.txt ]]; then pip install -r requirements.txt; fi[0m
2022-12-27T11:09:45.4087300Z   [38;5;244mbefore_test: [0m
2022-12-27T11:09:45.4087600Z   [38;5;244mbuild_frontend: pip[0m
2022-12-27T11:09:45.4087890Z   build_verbosity: 3[0m
2022-12-27T11:09:45.4088190Z   [38;5;244mconfig_settings: [0m
2022-12-27T11:09:45.4088610Z   [38;5;244mdependency_constraints: pinned[0m
2022-12-27T11:09:45.4088820Z   environment: 
2022-12-27T11:09:45.4089140Z     CFLAGS="-I/usr/local/opt/openssl@3/include"
2022-12-27T11:09:45.4089480Z     LDFLAGS="-L/usr/local/opt/openssl@3/lib"
2022-12-27T11:09:45.4089860Z     CPPFLAGS="-I/usr/local/opt/openssl@3/include"
2022-12-27T11:09:45.4090260Z     MAKEFLAGS="-j$(sysctl -n hw.logicalcpu)"
2022-12-27T11:09:45.4090570Z     PATH=/usr/local/opt/ccache/libexec:$PATH[0m
2022-12-27T11:09:45.4090820Z   [38;5;244mmanylinux_images: None[0m
2022-12-27T11:09:45.4091100Z   [38;5;244mmusllinux_images: None[0m
2022-12-27T11:09:45.4091530Z   [38;5;244mrepair_command: delocate-wheel --require-archs {delocate_archs} -w {dest_dir} -v {wheel}[0m
2022-12-27T11:09:45.4092100Z   [38;5;244mtest_command: [0m
2022-12-27T11:09:45.4092330Z   [38;5;244mtest_extras: [0m
2022-12-27T11:09:45.4092600Z   [38;5;244mtest_requires: [0m
2022-12-27T11:09:45.4092720Z 
2022-12-27T11:09:45.4092850Z Cache folder: /Users/runner/Library/Caches/cibuildwheel
2022-12-27T11:09:45.4097680Z 
2022-12-27T11:09:45.4097830Z Here we go!
2022-12-27T11:09:45.4097980Z 
2022-12-27T11:09:45.4149260Z 
2022-12-27T11:09:45.4149810Z [1m[34mBuilding cp39-macosx_arm64 wheel[0m
2022-12-27T11:09:45.4150170Z CPython 3.9 macOS arm64 - Apple Silicon
2022-12-27T11:09:45.4150320Z 
2022-12-27T11:09:45.4152880Z ##[group]Installing Python cp39...
2022-12-27T11:09:45.4153080Z 
2022-12-27T11:09:45.4153310Z + pkgutil --pkgs
2022-12-27T11:09:45.4256310Z ##[endgroup]
2022-12-27T11:09:45.4257490Z                                                               [32mâœ“ [0m0.01s
2022-12-27T11:09:45.4258240Z ##[group]Setting up build environment...
2022-12-27T11:09:45.4258410Z 
2022-12-27T11:09:45.4277590Z + /Users/runner/hostedtoolcache/Python/3.9.16/x64/bin/python -sS /Users/runner/Library/Caches/cibuildwheel/virtualenv-20.17.0.pyz --activators= --no-periodic-update --pip=22.3.1 --setuptools=65.6.3 --wheel=0.38.4 --symlink-app-data --python /Library/Frameworks/Python.framework/Versions/3.9/bin/python3 /private/var/folders/51/hd414ycd67n82196sw51xqtc0000gn/T/cibw-run-k8i367hz/cp39-macosx_arm64/build/venv
2022-12-27T11:09:45.6165130Z created virtual environment CPython3.9.13.final.0-64 in 52ms
2022-12-27T11:09:45.6165730Z   creator CPython3Posix(dest=/private/var/folders/51/hd414ycd67n82196sw51xqtc0000gn/T/cibw-run-k8i367hz/cp39-macosx_arm64/build/venv, clear=False, no_vcs_ignore=False, global=False)
2022-12-27T11:09:45.6166430Z   seeder FromAppData(download=False, pip=22.3.1, setuptools=65.6.3, wheel=0.38.4, via=symlink, app_data_dir=/Users/runner/Library/Application Support/virtualenv)
2022-12-27T11:09:45.6166810Z     added seed packages: pip==22.3.1, setuptools==65.6.3, wheel==0.38.4
2022-12-27T11:09:45.6295320Z + python -m pip install --upgrade pip -c /Users/runner/hostedtoolcache/Python/3.9.16/x64/lib/python3.9/site-packages/cibuildwheel/resources/constraints-python39.txt
2022-12-27T11:09:45.9316070Z Requirement already satisfied: pip in ./lib/python3.9/site-packages (22.3.1)
2022-12-27T11:09:46.0711520Z + which pip
2022-12-27T11:09:46.0730870Z /private/var/folders/51/hd414ycd67n82196sw51xqtc0000gn/T/cibw-run-k8i367hz/cp39-macosx_arm64/build/venv/bin/pip
2022-12-27T11:09:46.0733320Z + pip --version
2022-12-27T11:09:46.2930450Z pip 22.3.1 from /private/var/folders/51/hd414ycd67n82196sw51xqtc0000gn/T/cibw-run-k8i367hz/cp39-macosx_arm64/build/venv/lib/python3.9/site-packages/pip (python 3.9)
2022-12-27T11:09:46.3174230Z + which pip
2022-12-27T11:09:46.3204930Z + which python
2022-12-27T11:09:46.3225010Z /private/var/folders/51/hd414ycd67n82196sw51xqtc0000gn/T/cibw-run-k8i367hz/cp39-macosx_arm64/build/venv/bin/python
2022-12-27T11:09:46.3228200Z + python --version
2022-12-27T11:09:46.3280430Z Python 3.9.13
2022-12-27T11:09:46.3283850Z + which python
2022-12-27T11:09:46.3343360Z ##[endgroup]
2022-12-27T11:09:46.3343840Z                                                               [32mâœ“ [0m0.91s
2022-12-27T11:09:46.3344330Z ##[group]Installing build tools...
2022-12-27T11:09:46.3344500Z 
2022-12-27T11:09:46.3345110Z + pip install --upgrade setuptools wheel delocate -c /Users/runner/hostedtoolcache/Python/3.9.16/x64/lib/python3.9/site-packages/cibuildwheel/resources/constraints-python39.txt
2022-12-27T11:09:46.6352580Z Requirement already satisfied: setuptools in /private/var/folders/51/hd414ycd67n82196sw51xqtc0000gn/T/cibw-run-k8i367hz/cp39-macosx_arm64/build/venv/lib/python3.9/site-packages (65.6.3)
2022-12-27T11:09:46.8585690Z Requirement already satisfied: wheel in /private/var/folders/51/hd414ycd67n82196sw51xqtc0000gn/T/cibw-run-k8i367hz/cp39-macosx_arm64/build/venv/lib/python3.9/site-packages (0.38.4)
2022-12-27T11:09:46.9127880Z Collecting delocate
2022-12-27T11:09:46.9153170Z   Using cached delocate-0.10.3-py3-none-any.whl (142 kB)
2022-12-27T11:09:46.9380000Z Collecting typing-extensions
2022-12-27T11:09:46.9400880Z   Using cached typing_extensions-4.4.0-py3-none-any.whl (26 kB)
2022-12-27T11:09:46.9661430Z Collecting packaging>=20.9
2022-12-27T11:09:46.9683430Z   Using cached packaging-21.3-py3-none-any.whl (40 kB)
2022-12-27T11:09:47.0085510Z Collecting pyparsing!=3.0.5,>=2.0.2
2022-12-27T11:09:47.0109080Z   Using cached pyparsing-3.0.9-py3-none-any.whl (98 kB)
2022-12-27T11:09:47.0476650Z Installing collected packages: typing-extensions, pyparsing, packaging, delocate
2022-12-27T11:09:47.1921890Z Successfully installed delocate-0.10.3 packaging-21.3 pyparsing-3.0.9 typing-extensions-4.4.0
2022-12-27T11:09:47.2340340Z ##[endgroup]
2022-12-27T11:09:47.2340830Z                                                               [32mâœ“ [0m0.90s
2022-12-27T11:09:47.2341340Z ##[group]Running before_build...
2022-12-27T11:09:47.2341520Z 
2022-12-27T11:09:47.2347590Z + pip install Cython; if [[ -f requirements.txt ]]; then pip install -r requirements.txt; fi
2022-12-27T11:09:47.9233610Z Collecting Cython
2022-12-27T11:09:47.9283540Z   Using cached Cython-0.29.32-py2.py3-none-any.whl (986 kB)
2022-12-27T11:09:47.9707610Z Installing collected packages: Cython
2022-12-27T11:09:48.4420010Z Successfully installed Cython-0.29.32
2022-12-27T11:09:48.7850600Z Requirement already satisfied: Cython>=0.20 in /private/var/folders/51/hd414ycd67n82196sw51xqtc0000gn/T/cibw-run-k8i367hz/cp39-macosx_arm64/build/venv/lib/python3.9/site-packages (from -r requirements.txt (line 1)) (0.29.32)
2022-12-27T11:09:48.8563600Z ##[endgroup]
2022-12-27T11:09:48.8564230Z                                                               [32mâœ“ [0m1.62s
2022-12-27T11:09:48.8564660Z ##[group]Building wheel...
2022-12-27T11:09:48.8564960Z 
2022-12-27T11:09:48.8569940Z + python -m pip wheel /Users/runner/actions-runner/_work/python.build/python.build/build_lxml36439/lxml-3.6.4 --wheel-dir=/private/var/folders/51/hd414ycd67n82196sw51xqtc0000gn/T/cibw-run-k8i367hz/cp39-macosx_arm64/built_wheel --no-deps -vvv
2022-12-27T11:09:49.1340170Z Created temporary directory: /private/var/folders/51/hd414ycd67n82196sw51xqtc0000gn/T/pip-ephem-wheel-cache-9121fc7v
2022-12-27T11:09:49.1344880Z Created temporary directory: /private/var/folders/51/hd414ycd67n82196sw51xqtc0000gn/T/pip-build-tracker-16j53963
2022-12-27T11:09:49.1346900Z Initialized build tracking at /private/var/folders/51/hd414ycd67n82196sw51xqtc0000gn/T/pip-build-tracker-16j53963
2022-12-27T11:09:49.1348280Z Created build tracker: /private/var/folders/51/hd414ycd67n82196sw51xqtc0000gn/T/pip-build-tracker-16j53963
2022-12-27T11:09:49.1349600Z Entered build tracker: /private/var/folders/51/hd414ycd67n82196sw51xqtc0000gn/T/pip-build-tracker-16j53963
2022-12-27T11:09:49.1352850Z Created temporary directory: /private/var/folders/51/hd414ycd67n82196sw51xqtc0000gn/T/pip-wheel-9yityol7
2022-12-27T11:09:49.1359980Z Created temporary directory: /private/var/folders/51/hd414ycd67n82196sw51xqtc0000gn/T/pip-ephem-wheel-cache-bfmbkki4
2022-12-27T11:09:49.1522720Z Processing /Users/runner/actions-runner/_work/python.build/python.build/build_lxml36439/lxml-3.6.4
2022-12-27T11:09:49.1527910Z   Added file:///Users/runner/actions-runner/_work/python.build/python.build/build_lxml36439/lxml-3.6.4 to build tracker '/private/var/folders/51/hd414ycd67n82196sw51xqtc0000gn/T/pip-build-tracker-16j53963'
2022-12-27T11:09:49.1531940Z   Running setup.py (path:/Users/runner/actions-runner/_work/python.build/python.build/build_lxml36439/lxml-3.6.4/setup.py) egg_info for package from file:///Users/runner/actions-runner/_work/python.build/python.build/build_lxml36439/lxml-3.6.4
2022-12-27T11:09:49.1534900Z   Created temporary directory: /private/var/folders/51/hd414ycd67n82196sw51xqtc0000gn/T/pip-pip-egg-info-nl5fnsf_
2022-12-27T11:09:49.1536110Z   Preparing metadata (setup.py): started
2022-12-27T11:09:49.1538220Z   Running command python setup.py egg_info
2022-12-27T11:09:49.4494960Z   Building lxml version 3.6.4.
2022-12-27T11:09:49.4495840Z   Building without Cython.
2022-12-27T11:09:49.4497460Z   Using build configuration of libxslt 1.1.29
2022-12-27T11:09:49.4499360Z   Building against libxml2/libxslt in the following directory: /Library/Developer/CommandLineTools/SDKs/MacOSX12.1.sdk/usr/lib
2022-12-27T11:09:49.4500690Z   running egg_info
2022-12-27T11:09:49.4503100Z   creating /private/var/folders/51/hd414ycd67n82196sw51xqtc0000gn/T/pip-pip-egg-info-nl5fnsf_/lxml.egg-info
2022-12-27T11:09:49.4504320Z   writing /private/var/folders/51/hd414ycd67n82196sw51xqtc0000gn/T/pip-pip-egg-info-nl5fnsf_/lxml.egg-info/PKG-INFO
2022-12-27T11:09:49.4505900Z   writing dependency_links to /private/var/folders/51/hd414ycd67n82196sw51xqtc0000gn/T/pip-pip-egg-info-nl5fnsf_/lxml.egg-info/dependency_links.txt
2022-12-27T11:09:49.4507510Z   writing requirements to /private/var/folders/51/hd414ycd67n82196sw51xqtc0000gn/T/pip-pip-egg-info-nl5fnsf_/lxml.egg-info/requires.txt
2022-12-27T11:09:49.4509250Z   writing top-level names to /private/var/folders/51/hd414ycd67n82196sw51xqtc0000gn/T/pip-pip-egg-info-nl5fnsf_/lxml.egg-info/top_level.txt
2022-12-27T11:09:49.4510970Z   writing manifest file '/private/var/folders/51/hd414ycd67n82196sw51xqtc0000gn/T/pip-pip-egg-info-nl5fnsf_/lxml.egg-info/SOURCES.txt'
2022-12-27T11:09:49.4607170Z   reading manifest file '/private/var/folders/51/hd414ycd67n82196sw51xqtc0000gn/T/pip-pip-egg-info-nl5fnsf_/lxml.egg-info/SOURCES.txt'
2022-12-27T11:09:49.4610790Z   reading manifest template 'MANIFEST.in'
2022-12-27T11:09:49.5678850Z   adding license file 'LICENSES.txt'
2022-12-27T11:09:49.5748210Z   writing manifest file '/private/var/folders/51/hd414ycd67n82196sw51xqtc0000gn/T/pip-pip-egg-info-nl5fnsf_/lxml.egg-info/SOURCES.txt'
2022-12-27T11:09:49.6014250Z   Preparing metadata (setup.py): finished with status 'done'
2022-12-27T11:09:49.6041690Z   Source in /Users/runner/actions-runner/_work/python.build/python.build/build_lxml36439/lxml-3.6.4 has version 3.6.4, which satisfies requirement lxml==3.6.4 from file:///Users/runner/actions-runner/_work/python.build/python.build/build_lxml36439/lxml-3.6.4
2022-12-27T11:09:49.6044990Z   Removed lxml==3.6.4 from file:///Users/runner/actions-runner/_work/python.build/python.build/build_lxml36439/lxml-3.6.4 from build tracker '/private/var/folders/51/hd414ycd67n82196sw51xqtc0000gn/T/pip-build-tracker-16j53963'
2022-12-27T11:09:49.6063150Z Created temporary directory: /private/var/folders/51/hd414ycd67n82196sw51xqtc0000gn/T/pip-unpack-75jnx5ys
2022-12-27T11:09:49.6065540Z Building wheels for collected packages: lxml
2022-12-27T11:09:49.6071360Z   Created temporary directory: /private/var/folders/51/hd414ycd67n82196sw51xqtc0000gn/T/pip-wheel-x2mff331
2022-12-27T11:09:49.6073050Z   Building wheel for lxml (setup.py): started
2022-12-27T11:09:49.6075100Z   Destination directory: /private/var/folders/51/hd414ycd67n82196sw51xqtc0000gn/T/pip-wheel-x2mff331
2022-12-27T11:09:49.6076330Z   Running command python setup.py bdist_wheel
2022-12-27T11:09:49.7669380Z   Building lxml version 3.6.4.
2022-12-27T11:09:49.7670920Z   Building without Cython.
2022-12-27T11:09:49.7805090Z   Using build configuration of libxslt 1.1.29
2022-12-27T11:09:49.8774810Z   Building against libxml2/libxslt in the following directory: /Library/Developer/CommandLineTools/SDKs/MacOSX12.1.sdk/usr/lib
2022-12-27T11:09:49.9040760Z   running bdist_wheel
2022-12-27T11:09:49.9083660Z   running build
2022-12-27T11:09:49.9085690Z   running build_py
2022-12-27T11:09:49.9106480Z   creating build
2022-12-27T11:09:49.9109120Z   creating build/lib.macosx-11.0-arm64-cpython-39
2022-12-27T11:09:49.9111260Z   creating build/lib.macosx-11.0-arm64-cpython-39/lxml
2022-12-27T11:09:49.9112640Z   copying src/lxml/_elementpath.py -> build/lib.macosx-11.0-arm64-cpython-39/lxml
2022-12-27T11:09:49.9114180Z   copying src/lxml/sax.py -> build/lib.macosx-11.0-arm64-cpython-39/lxml
2022-12-27T11:09:49.9115870Z   copying src/lxml/pyclasslookup.py -> build/lib.macosx-11.0-arm64-cpython-39/lxml
2022-12-27T11:09:49.9121420Z   copying src/lxml/__init__.py -> build/lib.macosx-11.0-arm64-cpython-39/lxml
2022-12-27T11:09:49.9123180Z   copying src/lxml/builder.py -> build/lib.macosx-11.0-arm64-cpython-39/lxml
2022-12-27T11:09:49.9125050Z   copying src/lxml/doctestcompare.py -> build/lib.macosx-11.0-arm64-cpython-39/lxml
2022-12-27T11:09:49.9127400Z   copying src/lxml/usedoctest.py -> build/lib.macosx-11.0-arm64-cpython-39/lxml
2022-12-27T11:09:49.9129630Z   copying src/lxml/cssselect.py -> build/lib.macosx-11.0-arm64-cpython-39/lxml
2022-12-27T11:09:49.9132770Z   copying src/lxml/ElementInclude.py -> build/lib.macosx-11.0-arm64-cpython-39/lxml
2022-12-27T11:09:49.9136730Z   creating build/lib.macosx-11.0-arm64-cpython-39/lxml/includes
2022-12-27T11:09:49.9138480Z   copying src/lxml/includes/__init__.py -> build/lib.macosx-11.0-arm64-cpython-39/lxml/includes
2022-12-27T11:09:49.9144550Z   creating build/lib.macosx-11.0-arm64-cpython-39/lxml/html
2022-12-27T11:09:49.9146340Z   copying src/lxml/html/soupparser.py -> build/lib.macosx-11.0-arm64-cpython-39/lxml/html
2022-12-27T11:09:49.9150480Z   copying src/lxml/html/defs.py -> build/lib.macosx-11.0-arm64-cpython-39/lxml/html
2022-12-27T11:09:49.9152110Z   copying src/lxml/html/_setmixin.py -> build/lib.macosx-11.0-arm64-cpython-39/lxml/html
2022-12-27T11:09:49.9154670Z   copying src/lxml/html/clean.py -> build/lib.macosx-11.0-arm64-cpython-39/lxml/html
2022-12-27T11:09:49.9157680Z   copying src/lxml/html/_diffcommand.py -> build/lib.macosx-11.0-arm64-cpython-39/lxml/html
2022-12-27T11:09:49.9160080Z   copying src/lxml/html/html5parser.py -> build/lib.macosx-11.0-arm64-cpython-39/lxml/html
2022-12-27T11:09:49.9162670Z   copying src/lxml/html/__init__.py -> build/lib.macosx-11.0-arm64-cpython-39/lxml/html
2022-12-27T11:09:49.9165610Z   copying src/lxml/html/formfill.py -> build/lib.macosx-11.0-arm64-cpython-39/lxml/html
2022-12-27T11:09:49.9169020Z   copying src/lxml/html/builder.py -> build/lib.macosx-11.0-arm64-cpython-39/lxml/html
2022-12-27T11:09:49.9171100Z   copying src/lxml/html/ElementSoup.py -> build/lib.macosx-11.0-arm64-cpython-39/lxml/html
2022-12-27T11:09:49.9175170Z   copying src/lxml/html/_html5builder.py -> build/lib.macosx-11.0-arm64-cpython-39/lxml/html
2022-12-27T11:09:49.9179420Z   copying src/lxml/html/usedoctest.py -> build/lib.macosx-11.0-arm64-cpython-39/lxml/html
2022-12-27T11:09:49.9183020Z   copying src/lxml/html/diff.py -> build/lib.macosx-11.0-arm64-cpython-39/lxml/html
2022-12-27T11:09:49.9186960Z   creating build/lib.macosx-11.0-arm64-cpython-39/lxml/isoschematron
2022-12-27T11:09:49.9189850Z   copying src/lxml/isoschematron/__init__.py -> build/lib.macosx-11.0-arm64-cpython-39/lxml/isoschematron
2022-12-27T11:09:49.9214120Z   copying src/lxml/lxml.etree.h -> build/lib.macosx-11.0-arm64-cpython-39/lxml
2022-12-27T11:09:49.9217550Z   copying src/lxml/lxml.etree_api.h -> build/lib.macosx-11.0-arm64-cpython-39/lxml
2022-12-27T11:09:49.9220540Z   copying src/lxml/includes/xmlerror.pxd -> build/lib.macosx-11.0-arm64-cpython-39/lxml/includes
2022-12-27T11:09:49.9223690Z   copying src/lxml/includes/c14n.pxd -> build/lib.macosx-11.0-arm64-cpython-39/lxml/includes
2022-12-27T11:09:49.9226730Z   copying src/lxml/includes/xmlschema.pxd -> build/lib.macosx-11.0-arm64-cpython-39/lxml/includes
2022-12-27T11:09:49.9230290Z   copying src/lxml/includes/schematron.pxd -> build/lib.macosx-11.0-arm64-cpython-39/lxml/includes
2022-12-27T11:09:49.9232170Z   copying src/lxml/includes/tree.pxd -> build/lib.macosx-11.0-arm64-cpython-39/lxml/includes
2022-12-27T11:09:49.9235220Z   copying src/lxml/includes/uri.pxd -> build/lib.macosx-11.0-arm64-cpython-39/lxml/includes
2022-12-27T11:09:49.9237900Z   copying src/lxml/includes/etreepublic.pxd -> build/lib.macosx-11.0-arm64-cpython-39/lxml/includes
2022-12-27T11:09:49.9241520Z   copying src/lxml/includes/xpath.pxd -> build/lib.macosx-11.0-arm64-cpython-39/lxml/includes
2022-12-27T11:09:49.9244400Z   copying src/lxml/includes/htmlparser.pxd -> build/lib.macosx-11.0-arm64-cpython-39/lxml/includes
2022-12-27T11:09:49.9246870Z   copying src/lxml/includes/xslt.pxd -> build/lib.macosx-11.0-arm64-cpython-39/lxml/includes
2022-12-27T11:09:49.9250060Z   copying src/lxml/includes/config.pxd -> build/lib.macosx-11.0-arm64-cpython-39/lxml/includes
2022-12-27T11:09:49.9252600Z   copying src/lxml/includes/xmlparser.pxd -> build/lib.macosx-11.0-arm64-cpython-39/lxml/includes
2022-12-27T11:09:49.9255010Z   copying src/lxml/includes/xinclude.pxd -> build/lib.macosx-11.0-arm64-cpython-39/lxml/includes
2022-12-27T11:09:49.9258310Z   copying src/lxml/includes/dtdvalid.pxd -> build/lib.macosx-11.0-arm64-cpython-39/lxml/includes
2022-12-27T11:09:49.9260640Z   copying src/lxml/includes/relaxng.pxd -> build/lib.macosx-11.0-arm64-cpython-39/lxml/includes
2022-12-27T11:09:49.9264110Z   copying src/lxml/includes/lxml-version.h -> build/lib.macosx-11.0-arm64-cpython-39/lxml/includes
2022-12-27T11:09:49.9266880Z   copying src/lxml/includes/etree_defs.h -> build/lib.macosx-11.0-arm64-cpython-39/lxml/includes
2022-12-27T11:09:49.9270030Z   creating build/lib.macosx-11.0-arm64-cpython-39/lxml/isoschematron/resources
2022-12-27T11:09:49.9271480Z   creating build/lib.macosx-11.0-arm64-cpython-39/lxml/isoschematron/resources/rng
2022-12-27T11:09:49.9273150Z   copying src/lxml/isoschematron/resources/rng/iso-schematron.rng -> build/lib.macosx-11.0-arm64-cpython-39/lxml/isoschematron/resources/rng
2022-12-27T11:09:49.9275800Z   creating build/lib.macosx-11.0-arm64-cpython-39/lxml/isoschematron/resources/xsl
2022-12-27T11:09:49.9277800Z   copying src/lxml/isoschematron/resources/xsl/XSD2Schtrn.xsl -> build/lib.macosx-11.0-arm64-cpython-39/lxml/isoschematron/resources/xsl
2022-12-27T11:09:49.9280000Z   copying src/lxml/isoschematron/resources/xsl/RNG2Schtrn.xsl -> build/lib.macosx-11.0-arm64-cpython-39/lxml/isoschematron/resources/xsl
2022-12-27T11:09:49.9283300Z   creating build/lib.macosx-11.0-arm64-cpython-39/lxml/isoschematron/resources/xsl/iso-schematron-xslt1
2022-12-27T11:09:49.9285380Z   copying src/lxml/isoschematron/resources/xsl/iso-schematron-xslt1/iso_abstract_expand.xsl -> build/lib.macosx-11.0-arm64-cpython-39/lxml/isoschematron/resources/xsl/iso-schematron-xslt1
2022-12-27T11:09:49.9286840Z   copying src/lxml/isoschematron/resources/xsl/iso-schematron-xslt1/iso_dsdl_include.xsl -> build/lib.macosx-11.0-arm64-cpython-39/lxml/isoschematron/resources/xsl/iso-schematron-xslt1
2022-12-27T11:09:49.9290440Z   copying src/lxml/isoschematron/resources/xsl/iso-schematron-xslt1/iso_schematron_skeleton_for_xslt1.xsl -> build/lib.macosx-11.0-arm64-cpython-39/lxml/isoschematron/resources/xsl/iso-schematron-xslt1
2022-12-27T11:09:49.9293900Z   copying src/lxml/isoschematron/resources/xsl/iso-schematron-xslt1/iso_svrl_for_xslt1.xsl -> build/lib.macosx-11.0-arm64-cpython-39/lxml/isoschematron/resources/xsl/iso-schematron-xslt1
2022-12-27T11:09:49.9298060Z   copying src/lxml/isoschematron/resources/xsl/iso-schematron-xslt1/iso_schematron_message.xsl -> build/lib.macosx-11.0-arm64-cpython-39/lxml/isoschematron/resources/xsl/iso-schematron-xslt1
2022-12-27T11:09:49.9300370Z   copying src/lxml/isoschematron/resources/xsl/iso-schematron-xslt1/readme.txt -> build/lib.macosx-11.0-arm64-cpython-39/lxml/isoschematron/resources/xsl/iso-schematron-xslt1
2022-12-27T11:09:49.9313670Z   running build_ext
2022-12-27T11:09:49.9619150Z   building 'lxml.etree' extension
2022-12-27T11:09:49.9621200Z   creating build/temp.macosx-11.0-arm64-cpython-39
2022-12-27T11:09:49.9622910Z   creating build/temp.macosx-11.0-arm64-cpython-39/src
2022-12-27T11:09:49.9624650Z   creating build/temp.macosx-11.0-arm64-cpython-39/src/lxml
2022-12-27T11:09:49.9627770Z   gcc -Wno-unused-result -Wsign-compare -Wunreachable-code -fno-common -dynamic -DNDEBUG -g -fwrapv -O3 -Wall -g -I/usr/local/opt/openssl@3/include -I/usr/local/opt/openssl@3/include -arch arm64 -I/Library/Developer/CommandLineTools/SDKs/MacOSX12.1.sdk/usr/include -Isrc/lxml/includes -I/private/var/folders/51/hd414ycd67n82196sw51xqtc0000gn/T/cibw-run-k8i367hz/cp39-macosx_arm64/build/venv/include -I/Library/Frameworks/Python.framework/Versions/3.9/include/python3.9 -c src/lxml/lxml.etree.c -o build/temp.macosx-11.0-arm64-cpython-39/src/lxml/lxml.etree.o -w -flat_namespace
2022-12-27T11:09:50.6766400Z   src/lxml/lxml.etree.c:214085:38: error: no member named 'tp_print' in 'struct _typeobject'
2022-12-27T11:09:50.6767810Z     __pyx_type_4lxml_5etree__TempStore.tp_print = 0;
2022-12-27T11:09:50.6769900Z     ~~~~~~~~~~~~~~~~~~~~~~~~~~~~~~~~~~ ^
2022-12-27T11:09:50.6771920Z   src/lxml/lxml.etree.c:214095:45: error: no member named 'tp_print' in 'struct _typeobject'
2022-12-27T11:09:50.6840350Z     __pyx_type_4lxml_5etree__ExceptionContext.tp_print = 0;
2022-12-27T11:09:50.6840720Z     ~~~~~~~~~~~~~~~~~~~~~~~~~~~~~~~~~~~~~~~~~ ^
2022-12-27T11:09:50.6841080Z   src/lxml/lxml.etree.c:214102:37: error: no member named 'tp_print' in 'struct _typeobject'
2022-12-27T11:09:50.6841310Z     __pyx_type_4lxml_5etree__LogEntry.tp_print = 0;
2022-12-27T11:09:50.6841610Z     ~~~~~~~~~~~~~~~~~~~~~~~~~~~~~~~~~ ^
2022-12-27T11:09:50.6842110Z   src/lxml/lxml.etree.c:214114:41: error: no member named 'tp_print' in 'struct _typeobject'
2022-12-27T11:09:50.6843740Z     __pyx_type_4lxml_5etree__BaseErrorLog.tp_print = 0;
2022-12-27T11:09:50.6845220Z     ~~~~~~~~~~~~~~~~~~~~~~~~~~~~~~~~~~~~~ ^
2022-12-27T11:09:50.6846220Z   src/lxml/lxml.etree.c:214123:41: error: no member named 'tp_print' in 'struct _typeobject'
2022-12-27T11:09:50.6846990Z     __pyx_type_4lxml_5etree__ListErrorLog.tp_print = 0;
2022-12-27T11:09:50.6847870Z     ~~~~~~~~~~~~~~~~~~~~~~~~~~~~~~~~~~~~~ ^
2022-12-27T11:09:50.6848710Z   src/lxml/lxml.etree.c:214128:44: error: no member named 'tp_print' in 'struct _typeobject'
2022-12-27T11:09:50.6849340Z     __pyx_type_4lxml_5etree__ErrorLogContext.tp_print = 0;
2022-12-27T11:09:50.6849900Z     ~~~~~~~~~~~~~~~~~~~~~~~~~~~~~~~~~~~~~~~~ ^
2022-12-27T11:09:50.6850410Z   src/lxml/lxml.etree.c:214140:37: error: no member named 'tp_print' in 'struct _typeobject'
2022-12-27T11:09:50.6851290Z     __pyx_type_4lxml_5etree__ErrorLog.tp_print = 0;
2022-12-27T11:09:50.6851770Z     ~~~~~~~~~~~~~~~~~~~~~~~~~~~~~~~~~ ^
2022-12-27T11:09:50.6852330Z   src/lxml/lxml.etree.c:214149:43: error: no member named 'tp_print' in 'struct _typeobject'
2022-12-27T11:09:50.6852660Z     __pyx_type_4lxml_5etree__DomainErrorLog.tp_print = 0;
2022-12-27T11:09:50.6853240Z     ~~~~~~~~~~~~~~~~~~~~~~~~~~~~~~~~~~~~~~~ ^
2022-12-27T11:09:50.6853670Z   src/lxml/lxml.etree.c:214158:45: error: no member named 'tp_print' in 'struct _typeobject'
2022-12-27T11:09:50.6853980Z     __pyx_type_4lxml_5etree__RotatingErrorLog.tp_print = 0;
2022-12-27T11:09:50.6854270Z     ~~~~~~~~~~~~~~~~~~~~~~~~~~~~~~~~~~~~~~~~~ ^
2022-12-27T11:09:50.6854960Z   src/lxml/lxml.etree.c:214168:38: error: no member named 'tp_print' in 'struct _typeobject'
2022-12-27T11:09:50.6855370Z     __pyx_type_4lxml_5etree_PyErrorLog.tp_print = 0;
2022-12-27T11:09:50.6855610Z     ~~~~~~~~~~~~~~~~~~~~~~~~~~~~~~~~~~ ^
2022-12-27T11:09:50.6856160Z   src/lxml/lxml.etree.c:214182:20: error: no member named 'tp_print' in 'struct _typeobject'
2022-12-27T11:09:50.6856530Z     LxmlDocumentType.tp_print = 0;
2022-12-27T11:09:50.6856760Z     ~~~~~~~~~~~~~~~~ ^
2022-12-27T11:09:50.6857210Z   src/lxml/lxml.etree.c:214189:35: error: no member named 'tp_print' in 'struct _typeobject'
2022-12-27T11:09:50.6857580Z     __pyx_type_4lxml_5etree_DocInfo.tp_print = 0;
2022-12-27T11:09:50.6858340Z     ~~~~~~~~~~~~~~~~~~~~~~~~~~~~~~~ ^
2022-12-27T11:09:50.6858780Z   src/lxml/lxml.etree.c:214194:19: error: no member named 'tp_print' in 'struct _typeobject'
2022-12-27T11:09:50.6859100Z     LxmlElementType.tp_print = 0;
2022-12-27T11:09:50.6859640Z     ~~~~~~~~~~~~~~~ ^
2022-12-27T11:09:50.6860020Z   src/lxml/lxml.etree.c:214271:48: error: no member named 'tp_print' in 'struct _typeobject'
2022-12-27T11:09:50.6860360Z     __pyx_type_4lxml_5etree___ContentOnlyElement.tp_print = 0;
2022-12-27T11:09:50.6860640Z     ~~~~~~~~~~~~~~~~~~~~~~~~~~~~~~~~~~~~~~~~~~~~ ^
2022-12-27T11:09:50.6861010Z   src/lxml/lxml.etree.c:214308:36: error: no member named 'tp_print' in 'struct _typeobject'
2022-12-27T11:09:50.6861330Z     __pyx_type_4lxml_5etree__Comment.tp_print = 0;
2022-12-27T11:09:50.6861550Z     ~~~~~~~~~~~~~~~~~~~~~~~~~~~~~~~~ ^
2022-12-27T11:09:50.6862260Z   src/lxml/lxml.etree.c:214316:50: error: no member named 'tp_print' in 'struct _typeobject'
2022-12-27T11:09:50.6862560Z     __pyx_type_4lxml_5etree__ProcessingInstruction.tp_print = 0;
2022-12-27T11:09:50.6862830Z     ~~~~~~~~~~~~~~~~~~~~~~~~~~~~~~~~~~~~~~~~~~~~~~ ^
2022-12-27T11:09:50.6863220Z   src/lxml/lxml.etree.c:214324:35: error: no member named 'tp_print' in 'struct _typeobject'
2022-12-27T11:09:50.6863460Z     __pyx_type_4lxml_5etree__Entity.tp_print = 0;
2022-12-27T11:09:50.6863730Z     ~~~~~~~~~~~~~~~~~~~~~~~~~~~~~~~ ^
2022-12-27T11:09:50.6864130Z   src/lxml/lxml.etree.c:214329:33: error: no member named 'tp_print' in 'struct _typeobject'
2022-12-27T11:09:50.6864440Z     __pyx_type_4lxml_5etree_QName.tp_print = 0;
2022-12-27T11:09:50.6864660Z     ~~~~~~~~~~~~~~~~~~~~~~~~~~~~~ ^
2022-12-27T11:09:50.6865060Z   src/lxml/lxml.etree.c:214335:23: error: no member named 'tp_print' in 'struct _typeobject'
2022-12-27T11:09:50.6865350Z     LxmlElementTreeType.tp_print = 0;
2022-12-27T11:09:50.6865560Z     ~~~~~~~~~~~~~~~~~~~ ^
2022-12-27T11:09:50.6865930Z   fatal error: too many errors emitted, stopping now [-ferror-limit=]
2022-12-27T11:09:50.7505310Z   20 errors generated.
2022-12-27T11:09:50.7545550Z   Compile failed: command '/usr/bin/gcc' failed with exit code 1
2022-12-27T11:09:50.8214890Z   creating var
2022-12-27T11:09:50.8216850Z   creating var/folders
2022-12-27T11:09:50.8218410Z   creating var/folders/51
2022-12-27T11:09:50.8220550Z   creating var/folders/51/hd414ycd67n82196sw51xqtc0000gn
2022-12-27T11:09:50.8221730Z   creating var/folders/51/hd414ycd67n82196sw51xqtc0000gn/T
2022-12-27T11:09:50.8224590Z   cc -arch arm64 -I/Library/Developer/CommandLineTools/SDKs/MacOSX12.1.sdk/usr/include -I/usr/include/libxml2 -c /var/folders/51/hd414ycd67n82196sw51xqtc0000gn/T/xmlXPathInitx_a0a5r_.c -o var/folders/51/hd414ycd67n82196sw51xqtc0000gn/T/xmlXPathInitx_a0a5r_.o
2022-12-27T11:09:50.8649280Z   cc -arch arm64 var/folders/51/hd414ycd67n82196sw51xqtc0000gn/T/xmlXPathInitx_a0a5r_.o -L/Library/Developer/CommandLineTools/SDKs/MacOSX12.1.sdk/usr/lib -lxml2 -o a.out
2022-12-27T11:09:50.9052310Z   error: command '/usr/bin/gcc' failed with exit code 1
2022-12-27T11:09:50.9377270Z   error: subprocess-exited-with-error
2022-12-27T11:09:50.9377650Z   
2022-12-27T11:09:50.9378130Z   Ã— python setup.py bdist_wheel did not run successfully.
2022-12-27T11:09:50.9378380Z   â”‚ exit code: 1
2022-12-27T11:09:50.9378690Z   â•°â”€> See above for output.
2022-12-27T11:09:50.9378860Z   
2022-12-27T11:09:50.9379110Z   note: This error originates from a subprocess, and is likely not a problem with pip.
2022-12-27T11:09:50.9385710Z   full command: /private/var/folders/51/hd414ycd67n82196sw51xqtc0000gn/T/cibw-run-k8i367hz/cp39-macosx_arm64/build/venv/bin/python -u -c '
2022-12-27T11:09:50.9386300Z   exec(compile('"'"''"'"''"'"'
2022-12-27T11:09:50.9386890Z   # This is <pip-setuptools-caller> -- a caller that pip uses to run setup.py
2022-12-27T11:09:50.9387290Z   #
2022-12-27T11:09:50.9387950Z   # - It imports setuptools before invoking setup.py, to enable projects that directly
2022-12-27T11:09:50.9388440Z   #   import from `distutils.core` to work with newer packaging standards.
2022-12-27T11:09:50.9389010Z   # - It provides a clear error message when setuptools is not installed.
2022-12-27T11:09:50.9389770Z   # - It sets `sys.argv[0]` to the underlying `setup.py`, when invoking `setup.py` so
2022-12-27T11:09:50.9390400Z   #   setuptools doesn'"'"'t think the script is `-c`. This avoids the following warning:
2022-12-27T11:09:50.9390910Z   #     manifest_maker: standard file '"'"'-c'"'"' not found".
2022-12-27T11:09:50.9391450Z   # - It generates a shim setup.py, for handling setup.cfg-only projects.
2022-12-27T11:09:50.9391820Z   import os, sys, tokenize
2022-12-27T11:09:50.9392060Z   
2022-12-27T11:09:50.9392320Z   try:
2022-12-27T11:09:50.9392570Z       import setuptools
2022-12-27T11:09:50.9392860Z   except ImportError as error:
2022-12-27T11:09:50.9393160Z       print(
2022-12-27T11:09:50.9394010Z           "ERROR: Can not execute `setup.py` since setuptools is not available in "
2022-12-27T11:09:50.9394400Z           "the build environment.",
2022-12-27T11:09:50.9394680Z           file=sys.stderr,
2022-12-27T11:09:50.9394960Z       )
2022-12-27T11:09:50.9395510Z       sys.exit(1)
2022-12-27T11:09:50.9395740Z   
2022-12-27T11:09:50.9396010Z   __file__ = %r
2022-12-27T11:09:50.9396300Z   sys.argv[0] = __file__
2022-12-27T11:09:50.9396540Z   
2022-12-27T11:09:50.9396830Z   if os.path.exists(__file__):
2022-12-27T11:09:50.9397140Z       filename = __file__
2022-12-27T11:09:50.9397380Z       with tokenize.open(__file__) as f:
2022-12-27T11:09:50.9397700Z           setup_py_code = f.read()
2022-12-27T11:09:50.9397990Z   else:
2022-12-27T11:09:50.9398380Z       filename = "<auto-generated setuptools caller>"
2022-12-27T11:09:50.9398770Z       setup_py_code = "from setuptools import setup; setup()"
2022-12-27T11:09:50.9399100Z   
2022-12-27T11:09:50.9399380Z   exec(compile(setup_py_code, filename, "exec"))
2022-12-27T11:09:50.9400240Z   '"'"''"'"''"'"' % ('"'"'/Users/runner/actions-runner/_work/python.build/python.build/build_lxml36439/lxml-3.6.4/setup.py'"'"',), "<pip-setuptools-caller>", "exec"))' bdist_wheel -d /private/var/folders/51/hd414ycd67n82196sw51xqtc0000gn/T/pip-wheel-x2mff331
2022-12-27T11:09:50.9400930Z   cwd: /Users/runner/actions-runner/_work/python.build/python.build/build_lxml36439/lxml-3.6.4/
2022-12-27T11:09:50.9401380Z   Building wheel for lxml (setup.py): finished with status 'error'
2022-12-27T11:09:50.9401650Z   ERROR: Failed building wheel for lxml
2022-12-27T11:09:50.9401940Z   Running command python setup.py clean
2022-12-27T11:09:50.9402260Z   Running setup.py clean for lxml
2022-12-27T11:09:51.0995980Z   Building lxml version 3.6.4.
2022-12-27T11:09:51.0997810Z   Building without Cython.
2022-12-27T11:09:51.1134730Z   Using build configuration of libxslt 1.1.29
2022-12-27T11:09:51.2099050Z   Building against libxml2/libxslt in the following directory: /Library/Developer/CommandLineTools/SDKs/MacOSX12.1.sdk/usr/lib
2022-12-27T11:09:51.2271280Z   running clean
2022-12-27T11:09:51.2299950Z   removing 'build/temp.macosx-11.0-arm64-cpython-39' (and everything under it)
2022-12-27T11:09:51.2303270Z   removing 'build/lib.macosx-11.0-arm64-cpython-39' (and everything under it)
2022-12-27T11:09:51.2351970Z   'build/bdist.macosx-11.0-arm64' does not exist -- can't clean it
2022-12-27T11:09:51.2353970Z   'build/scripts-3.9' does not exist -- can't clean it
2022-12-27T11:09:51.2355920Z   removing 'build'
2022-12-27T11:09:51.2606020Z Failed to build lxml
2022-12-27T11:09:51.2610900Z ERROR: Failed to build one or more wheels
2022-12-27T11:09:51.2621520Z Exception information:
2022-12-27T11:09:51.2621970Z Traceback (most recent call last):
2022-12-27T11:09:51.2631100Z   File "/private/var/folders/51/hd414ycd67n82196sw51xqtc0000gn/T/cibw-run-k8i367hz/cp39-macosx_arm64/build/venv/lib/python3.9/site-packages/pip/_internal/cli/base_command.py", line 160, in exc_logging_wrapper
2022-12-27T11:09:51.2631550Z     status = run_func(*args)
2022-12-27T11:09:51.2632140Z   File "/private/var/folders/51/hd414ycd67n82196sw51xqtc0000gn/T/cibw-run-k8i367hz/cp39-macosx_arm64/build/venv/lib/python3.9/site-packages/pip/_internal/cli/req_command.py", line 247, in wrapper
2022-12-27T11:09:51.2632470Z     return func(self, options, args)
2022-12-27T11:09:51.2632960Z   File "/private/var/folders/51/hd414ycd67n82196sw51xqtc0000gn/T/cibw-run-k8i367hz/cp39-macosx_arm64/build/venv/lib/python3.9/site-packages/pip/_internal/commands/wheel.py", line 201, in run
2022-12-27T11:09:51.2633370Z     raise CommandError("Failed to build one or more wheels")
2022-12-27T11:09:51.2633730Z pip._internal.exceptions.CommandError: Failed to build one or more wheels
2022-12-27T11:09:51.2634190Z Removed build tracker: '/private/var/folders/51/hd414ycd67n82196sw51xqtc0000gn/T/pip-build-tracker-16j53963'
2022-12-27T11:09:51.3041390Z ##[endgroup]
2022-12-27T11:09:51.3064020Z ##[error]Command ['python', '-m', 'pip', 'wheel', '/Users/runner/actions-runner/_work/python.build/python.build/build_lxml36439/lxml-3.6.4', '--wheel-dir=/private/var/folders/51/hd414ycd67n82196sw51xqtc0000gn/T/cibw-run-k8i367hz/cp39-macosx_arm64/built_wheel', '--no-deps', '-vvv'] failed with code 1. None
2022-12-27T11:09:51.3070640Z 
2022-12-27T11:09:51.3070940Z                                                               [31mâœ• [0m2.45s
2022-12-27T11:09:51.3507950Z ##[error]Process completed with exit code 1.
2022-12-27T11:09:51.3536930Z ##[group]Run rm -rf build_lxml36439 wheelsout
2022-12-27T11:09:51.3537120Z [36;1mrm -rf build_lxml36439 wheelsout[0m
2022-12-27T11:09:51.3551540Z shell: /bin/bash -e {0}
2022-12-27T11:09:51.3551660Z env:
2022-12-27T11:09:51.3551800Z   pythonLocation: /Users/runner/hostedtoolcache/Python/3.9.16/x64
2022-12-27T11:09:51.3551990Z   PKG_CONFIG_PATH: /Users/runner/hostedtoolcache/Python/3.9.16/x64/lib/pkgconfig
2022-12-27T11:09:51.3552170Z   Python_ROOT_DIR: /Users/runner/hostedtoolcache/Python/3.9.16/x64
2022-12-27T11:09:51.3552340Z   Python2_ROOT_DIR: /Users/runner/hostedtoolcache/Python/3.9.16/x64
2022-12-27T11:09:51.3552540Z   Python3_ROOT_DIR: /Users/runner/hostedtoolcache/Python/3.9.16/x64
2022-12-27T11:09:51.3552670Z ##[endgroup]
2022-12-27T11:09:51.4117020Z Cleaning up orphan processes
