2022-12-27T08:51:20.3963125Z Requested labels: self-hosted, macOS, X64
2022-12-27T08:51:20.3963189Z Job defined at: kilnbuild/python.build/.github/workflows/mac_arm_build.yml@refs/heads/main
2022-12-27T08:51:20.3963215Z Waiting for a runner to pick up this job...
2022-12-27T11:21:17.0045246Z Job is about to start running on the runner: s1 (organization)
2022-12-27T11:21:20.5952830Z Current runner version: '2.300.2'
2022-12-27T11:21:20.5957810Z Runner name: 's1'
2022-12-27T11:21:20.5958060Z Runner group name: 'Default'
2022-12-27T11:21:20.5958500Z Machine name: 's1'
2022-12-27T11:21:20.5960060Z ##[group]GITHUB_TOKEN Permissions
2022-12-27T11:21:20.5960480Z Actions: write
2022-12-27T11:21:20.5960640Z Checks: write
2022-12-27T11:21:20.5960780Z Contents: write
2022-12-27T11:21:20.5960920Z Deployments: write
2022-12-27T11:21:20.5961070Z Discussions: write
2022-12-27T11:21:20.5961210Z Issues: write
2022-12-27T11:21:20.5961350Z Metadata: read
2022-12-27T11:21:20.5961480Z Packages: write
2022-12-27T11:21:20.5961620Z Pages: write
2022-12-27T11:21:20.5961760Z PullRequests: write
2022-12-27T11:21:20.5961920Z RepositoryProjects: write
2022-12-27T11:21:20.5962090Z SecurityEvents: write
2022-12-27T11:21:20.5962240Z Statuses: write
2022-12-27T11:21:20.5962370Z ##[endgroup]
2022-12-27T11:21:20.5964870Z Secret source: Actions
2022-12-27T11:21:20.5965200Z Prepare workflow directory
2022-12-27T11:21:20.6636280Z Prepare all required actions
2022-12-27T11:21:20.6757860Z Getting action download info
2022-12-27T11:21:21.0996090Z Download action repository 'actions/setup-python@v4' (SHA:5ccb29d8773c3f3f653e1705f474dfaa8a06a912)
2022-12-27T11:21:22.8570370Z Download action repository 'actions/upload-artifact@v3' (SHA:83fd05a356d7e2593de66fc9913b3002723633cb)
2022-12-27T11:21:24.1804410Z ##[group]Run echo '{
2022-12-27T11:21:24.1804720Z [36;1mecho '{[0m
2022-12-27T11:21:24.1804850Z [36;1m  "package_name": "lxml",[0m
2022-12-27T11:21:24.1805100Z [36;1m  "package_url": "https://files.pythonhosted.org/packages/6c/f0/21c7a77867c9987ffc6e6e5a5858118466964cbdfffa15d5d4996f80edd9/lxml-1.3beta.tar.gz",[0m
2022-12-27T11:21:24.1805320Z [36;1m  "package_version": "1.3beta",[0m
2022-12-27T11:21:24.1805450Z [36;1m  "python_version": "3.9",[0m
2022-12-27T11:21:24.1805630Z [36;1m  "use_ccache": "true"[0m
2022-12-27T11:21:24.1805760Z [36;1m}'[0m
2022-12-27T11:21:24.1821970Z shell: /bin/bash -e {0}
2022-12-27T11:21:24.1822220Z ##[endgroup]
2022-12-27T11:21:24.2043030Z {
2022-12-27T11:21:24.2044470Z   "package_name": "lxml",
2022-12-27T11:21:24.2045110Z   "package_url": "https://files.pythonhosted.org/packages/6c/f0/21c7a77867c9987ffc6e6e5a5858118466964cbdfffa15d5d4996f80edd9/lxml-1.3beta.tar.gz",
2022-12-27T11:21:24.2045410Z   "package_version": "1.3beta",
2022-12-27T11:21:24.2045650Z   "python_version": "3.9",
2022-12-27T11:21:24.2045810Z   "use_ccache": "true"
2022-12-27T11:21:24.2046020Z }
2022-12-27T11:21:24.2267070Z ##[group]Run actions/setup-python@v4
2022-12-27T11:21:24.2267360Z with:
2022-12-27T11:21:24.2267560Z   python-version: 3.9
2022-12-27T11:21:24.2267750Z   check-latest: false
2022-12-27T11:21:24.2268060Z   token: ***
2022-12-27T11:21:24.2268260Z   update-environment: true
2022-12-27T11:21:24.2268450Z ##[endgroup]
2022-12-27T11:21:24.3540270Z ##[group]Installed versions
2022-12-27T11:21:24.3580020Z Successfully set up CPython (3.9.16)
2022-12-27T11:21:24.3580730Z ##[endgroup]
2022-12-27T11:21:24.3733090Z ##[group]Run if [ "true" == "true" ]
2022-12-27T11:21:24.3733440Z [36;1mif [ "true" == "true" ][0m
2022-12-27T11:21:24.3733600Z [36;1mthen[0m
2022-12-27T11:21:24.3733830Z [36;1m  echo "CCACHE_PATH_PREPEND=/usr/local/opt/ccache/libexec" >> $GITHUB_OUTPUT[0m
2022-12-27T11:21:24.3734090Z [36;1melse[0m
2022-12-27T11:21:24.3734250Z [36;1m  echo "CCACHE_PATH_PREPEND=" >> $GITHUB_OUTPUT[0m
2022-12-27T11:21:24.3734690Z [36;1mfi[0m
2022-12-27T11:21:24.3751700Z shell: /bin/bash -e {0}
2022-12-27T11:21:24.3751930Z env:
2022-12-27T11:21:24.3752170Z   pythonLocation: /Users/runner/hostedtoolcache/Python/3.9.16/x64
2022-12-27T11:21:24.3752470Z   PKG_CONFIG_PATH: /Users/runner/hostedtoolcache/Python/3.9.16/x64/lib/pkgconfig
2022-12-27T11:21:24.3752700Z   Python_ROOT_DIR: /Users/runner/hostedtoolcache/Python/3.9.16/x64
2022-12-27T11:21:24.3753130Z   Python2_ROOT_DIR: /Users/runner/hostedtoolcache/Python/3.9.16/x64
2022-12-27T11:21:24.3753500Z   Python3_ROOT_DIR: /Users/runner/hostedtoolcache/Python/3.9.16/x64
2022-12-27T11:21:24.3754020Z ##[endgroup]
2022-12-27T11:21:24.3862910Z ##[group]Run echo "BUILD_NAME=$(echo lxml_1.3beta_3.9 | tr -dc '[:alnum:]\n\r' | tr '[:upper:]' '[:lower:]')" >> $GITHUB_OUTPUT
2022-12-27T11:21:24.3863350Z [36;1mecho "BUILD_NAME=$(echo lxml_1.3beta_3.9 | tr -dc '[:alnum:]\n\r' | tr '[:upper:]' '[:lower:]')" >> $GITHUB_OUTPUT[0m
2022-12-27T11:21:24.3877350Z shell: /bin/bash -e {0}
2022-12-27T11:21:24.3877510Z env:
2022-12-27T11:21:24.3877730Z   pythonLocation: /Users/runner/hostedtoolcache/Python/3.9.16/x64
2022-12-27T11:21:24.3878000Z   PKG_CONFIG_PATH: /Users/runner/hostedtoolcache/Python/3.9.16/x64/lib/pkgconfig
2022-12-27T11:21:24.3878220Z   Python_ROOT_DIR: /Users/runner/hostedtoolcache/Python/3.9.16/x64
2022-12-27T11:21:24.3878680Z   Python2_ROOT_DIR: /Users/runner/hostedtoolcache/Python/3.9.16/x64
2022-12-27T11:21:24.3879000Z   Python3_ROOT_DIR: /Users/runner/hostedtoolcache/Python/3.9.16/x64
2022-12-27T11:21:24.3879230Z ##[endgroup]
2022-12-27T11:21:24.4020690Z ##[group]Run echo "PYTHON_NO_DOTS=$(echo 3.9 | tr -dc '[:alnum:]\n\r' | tr '[:upper:]' '[:lower:]')" >> $GITHUB_OUTPUT
2022-12-27T11:21:24.4021050Z [36;1mecho "PYTHON_NO_DOTS=$(echo 3.9 | tr -dc '[:alnum:]\n\r' | tr '[:upper:]' '[:lower:]')" >> $GITHUB_OUTPUT[0m
2022-12-27T11:21:24.4034960Z shell: /bin/bash -e {0}
2022-12-27T11:21:24.4035110Z env:
2022-12-27T11:21:24.4035320Z   pythonLocation: /Users/runner/hostedtoolcache/Python/3.9.16/x64
2022-12-27T11:21:24.4035580Z   PKG_CONFIG_PATH: /Users/runner/hostedtoolcache/Python/3.9.16/x64/lib/pkgconfig
2022-12-27T11:21:24.4035800Z   Python_ROOT_DIR: /Users/runner/hostedtoolcache/Python/3.9.16/x64
2022-12-27T11:21:24.4036030Z   Python2_ROOT_DIR: /Users/runner/hostedtoolcache/Python/3.9.16/x64
2022-12-27T11:21:24.4036260Z   Python3_ROOT_DIR: /Users/runner/hostedtoolcache/Python/3.9.16/x64
2022-12-27T11:21:24.4036450Z ##[endgroup]
2022-12-27T11:21:24.4148450Z ##[group]Run rm -rf build_lxml13beta39
2022-12-27T11:21:24.4148830Z [36;1mrm -rf build_lxml13beta39[0m
2022-12-27T11:21:24.4149030Z [36;1mmkdir build_lxml13beta39[0m
2022-12-27T11:21:24.4149230Z [36;1mcd build_lxml13beta39[0m
2022-12-27T11:21:24.4149560Z [36;1m/usr/local/bin/wget --quiet https://files.pythonhosted.org/packages/6c/f0/21c7a77867c9987ffc6e6e5a5858118466964cbdfffa15d5d4996f80edd9/lxml-1.3beta.tar.gz[0m
2022-12-27T11:21:24.4149890Z [36;1mtar xf *.tar.gz[0m
2022-12-27T11:21:24.4150030Z [36;1mcd *[0m
2022-12-27T11:21:24.4150230Z [36;1mpython -m pip install cibuildwheel==2.11.3[0m
2022-12-27T11:21:24.4150450Z [36;1mpython -m cibuildwheel --output-dir ../wheelsout[0m
2022-12-27T11:21:24.4164590Z shell: /bin/bash -e {0}
2022-12-27T11:21:24.4164760Z env:
2022-12-27T11:21:24.4164980Z   pythonLocation: /Users/runner/hostedtoolcache/Python/3.9.16/x64
2022-12-27T11:21:24.4165240Z   PKG_CONFIG_PATH: /Users/runner/hostedtoolcache/Python/3.9.16/x64/lib/pkgconfig
2022-12-27T11:21:24.4165560Z   Python_ROOT_DIR: /Users/runner/hostedtoolcache/Python/3.9.16/x64
2022-12-27T11:21:24.4165780Z   Python2_ROOT_DIR: /Users/runner/hostedtoolcache/Python/3.9.16/x64
2022-12-27T11:21:24.4166010Z   Python3_ROOT_DIR: /Users/runner/hostedtoolcache/Python/3.9.16/x64
2022-12-27T11:21:24.4166220Z   CIBW_ARCHS_MACOS: arm64
2022-12-27T11:21:24.4166430Z   CIBW_TEST_SKIP: *_arm64
2022-12-27T11:21:24.4166590Z   CIBW_BUILD: cp39-macosx_arm64
2022-12-27T11:21:24.4166770Z   CIBW_BUILD_FRONTEND: pip
2022-12-27T11:21:24.4166940Z   CIBW_BUILD_VERBOSITY: 3
2022-12-27T11:21:24.4167230Z   CIBW_ENVIRONMENT_MACOS:  CFLAGS="-I/usr/local/opt/openssl@3/include" LDFLAGS="-L/usr/local/opt/openssl@3/lib" CPPFLAGS="-I/usr/local/opt/openssl@3/include" MAKEFLAGS="-j$(sysctl -n hw.logicalcpu)" PATH=/usr/local/opt/ccache/libexec:$PATH
2022-12-27T11:21:24.4167650Z   CIBW_BEFORE_BUILD: pip install Cython; if [[ -f requirements.txt ]]; then pip install -r requirements.txt; fi
2022-12-27T11:21:24.4167890Z   MAKEFLAGS: -j$(sysctl -n hw.logicalcpu)
2022-12-27T11:21:24.4168080Z ##[endgroup]
2022-12-27T11:21:24.7699410Z Requirement already satisfied: cibuildwheel==2.11.3 in /Users/runner/hostedtoolcache/Python/3.9.16/x64/lib/python3.9/site-packages (2.11.3)
2022-12-27T11:21:24.7972540Z Requirement already satisfied: typing-extensions>=4.1.0 in /Users/runner/hostedtoolcache/Python/3.9.16/x64/lib/python3.9/site-packages (from cibuildwheel==2.11.3) (4.4.0)
2022-12-27T11:21:24.7975650Z Requirement already satisfied: platformdirs in /Users/runner/hostedtoolcache/Python/3.9.16/x64/lib/python3.9/site-packages (from cibuildwheel==2.11.3) (2.6.0)
2022-12-27T11:21:24.7983010Z Requirement already satisfied: tomli in /Users/runner/hostedtoolcache/Python/3.9.16/x64/lib/python3.9/site-packages (from cibuildwheel==2.11.3) (2.0.1)
2022-12-27T11:21:24.7986810Z Requirement already satisfied: bracex in /Users/runner/hostedtoolcache/Python/3.9.16/x64/lib/python3.9/site-packages (from cibuildwheel==2.11.3) (2.3.post1)
2022-12-27T11:21:24.7990300Z Requirement already satisfied: certifi in /Users/runner/hostedtoolcache/Python/3.9.16/x64/lib/python3.9/site-packages (from cibuildwheel==2.11.3) (2022.12.7)
2022-12-27T11:21:24.7995250Z Requirement already satisfied: packaging>=20.9 in /Users/runner/hostedtoolcache/Python/3.9.16/x64/lib/python3.9/site-packages (from cibuildwheel==2.11.3) (22.0)
2022-12-27T11:21:24.8000400Z Requirement already satisfied: bashlex!=0.13 in /Users/runner/hostedtoolcache/Python/3.9.16/x64/lib/python3.9/site-packages (from cibuildwheel==2.11.3) (0.16)
2022-12-27T11:21:24.8003810Z Requirement already satisfied: filelock in /Users/runner/hostedtoolcache/Python/3.9.16/x64/lib/python3.9/site-packages (from cibuildwheel==2.11.3) (3.8.2)
2022-12-27T11:21:24.9686310Z 
2022-12-27T11:21:24.9686790Z      _ _       _ _   _       _           _
2022-12-27T11:21:24.9687230Z  ___|_| |_ _ _|_| |_| |_ _ _| |_ ___ ___| |
2022-12-27T11:21:24.9687750Z |  _| | . | | | | | . | | | |   | -_| -_| |
2022-12-27T11:21:24.9688730Z |___|_|___|___|_|_|___|_____|_|_|___|___|_|
2022-12-27T11:21:24.9688870Z 
2022-12-27T11:21:24.9689010Z cibuildwheel version 2.11.3
2022-12-27T11:21:24.9689170Z 
2022-12-27T11:21:24.9689300Z Build options:
2022-12-27T11:21:24.9689510Z   platform: macos
2022-12-27T11:21:24.9723290Z   architectures: arm64[0m
2022-12-27T11:21:24.9723750Z   build_selector: 
2022-12-27T11:21:24.9724400Z     build_config: cp39-macosx_arm64
2022-12-27T11:21:24.9724960Z     skip_config: 
2022-12-27T11:21:24.9725350Z     requires_python: None
2022-12-27T11:21:24.9725830Z     prerelease_pythons: False[0m
2022-12-27T11:21:24.9726350Z   [38;5;244mcontainer_engine: docker[0m
2022-12-27T11:21:24.9727120Z   output_dir: /Users/runner/actions-runner/_work/python.build/python.build/build_lxml13beta39/wheelsout[0m
2022-12-27T11:21:24.9727950Z   package_dir: /Users/runner/actions-runner/_work/python.build/python.build/build_lxml13beta39/lxml-1.3beta[0m
2022-12-27T11:21:24.9728420Z   test_selector: 
2022-12-27T11:21:24.9728930Z     skip_config: *_arm64[0m
2022-12-27T11:21:24.9729310Z   [38;5;244mbefore_all: [0m
2022-12-27T11:21:24.9729850Z   before_build: pip install Cython; if [[ -f requirements.txt ]]; then pip install -r requirements.txt; fi[0m
2022-12-27T11:21:24.9730480Z   [38;5;244mbefore_test: [0m
2022-12-27T11:21:24.9730830Z   [38;5;244mbuild_frontend: pip[0m
2022-12-27T11:21:24.9731280Z   build_verbosity: 3[0m
2022-12-27T11:21:24.9731660Z   [38;5;244mconfig_settings: [0m
2022-12-27T11:21:24.9732020Z   [38;5;244mdependency_constraints: pinned[0m
2022-12-27T11:21:24.9732460Z   environment: 
2022-12-27T11:21:24.9732880Z     CFLAGS="-I/usr/local/opt/openssl@3/include"
2022-12-27T11:21:24.9733250Z     LDFLAGS="-L/usr/local/opt/openssl@3/lib"
2022-12-27T11:21:24.9733660Z     CPPFLAGS="-I/usr/local/opt/openssl@3/include"
2022-12-27T11:21:24.9734080Z     MAKEFLAGS="-j$(sysctl -n hw.logicalcpu)"
2022-12-27T11:21:24.9734590Z     PATH=/usr/local/opt/ccache/libexec:$PATH[0m
2022-12-27T11:21:24.9735010Z   [38;5;244mmanylinux_images: None[0m
2022-12-27T11:21:24.9735390Z   [38;5;244mmusllinux_images: None[0m
2022-12-27T11:21:24.9735900Z   [38;5;244mrepair_command: delocate-wheel --require-archs {delocate_archs} -w {dest_dir} -v {wheel}[0m
2022-12-27T11:21:24.9736660Z   [38;5;244mtest_command: [0m
2022-12-27T11:21:24.9737190Z   [38;5;244mtest_extras: [0m
2022-12-27T11:21:24.9737550Z   [38;5;244mtest_requires: [0m
2022-12-27T11:21:24.9737720Z 
2022-12-27T11:21:24.9737840Z Cache folder: /Users/runner/Library/Caches/cibuildwheel
2022-12-27T11:21:24.9746420Z 
2022-12-27T11:21:24.9746610Z Here we go!
2022-12-27T11:21:24.9746760Z 
2022-12-27T11:21:24.9803030Z 
2022-12-27T11:21:24.9803590Z [1m[34mBuilding cp39-macosx_arm64 wheel[0m
2022-12-27T11:21:24.9804060Z CPython 3.9 macOS arm64 - Apple Silicon
2022-12-27T11:21:24.9804230Z 
2022-12-27T11:21:24.9806820Z ##[group]Installing Python cp39...
2022-12-27T11:21:24.9807030Z 
2022-12-27T11:21:24.9807260Z + pkgutil --pkgs
2022-12-27T11:21:24.9907630Z ##[endgroup]
2022-12-27T11:21:24.9908550Z                                                               [32m✓ [0m0.01s
2022-12-27T11:21:24.9909010Z ##[group]Setting up build environment...
2022-12-27T11:21:24.9909170Z 
2022-12-27T11:21:24.9928240Z + /Users/runner/hostedtoolcache/Python/3.9.16/x64/bin/python -sS /Users/runner/Library/Caches/cibuildwheel/virtualenv-20.17.0.pyz --activators= --no-periodic-update --pip=22.3.1 --setuptools=65.6.3 --wheel=0.38.4 --symlink-app-data --python /Library/Frameworks/Python.framework/Versions/3.9/bin/python3 /private/var/folders/51/hd414ycd67n82196sw51xqtc0000gn/T/cibw-run-mysmu3ze/cp39-macosx_arm64/build/venv
2022-12-27T11:21:25.1803560Z created virtual environment CPython3.9.13.final.0-64 in 48ms
2022-12-27T11:21:25.1804160Z   creator CPython3Posix(dest=/private/var/folders/51/hd414ycd67n82196sw51xqtc0000gn/T/cibw-run-mysmu3ze/cp39-macosx_arm64/build/venv, clear=False, no_vcs_ignore=False, global=False)
2022-12-27T11:21:25.1804890Z   seeder FromAppData(download=False, pip=22.3.1, setuptools=65.6.3, wheel=0.38.4, via=symlink, app_data_dir=/Users/runner/Library/Application Support/virtualenv)
2022-12-27T11:21:25.1805310Z     added seed packages: pip==22.3.1, setuptools==65.6.3, wheel==0.38.4
2022-12-27T11:21:25.1896340Z + python -m pip install --upgrade pip -c /Users/runner/hostedtoolcache/Python/3.9.16/x64/lib/python3.9/site-packages/cibuildwheel/resources/constraints-python39.txt
2022-12-27T11:21:25.4940970Z Requirement already satisfied: pip in ./lib/python3.9/site-packages (22.3.1)
2022-12-27T11:21:25.6362750Z + which pip
2022-12-27T11:21:25.6379440Z /private/var/folders/51/hd414ycd67n82196sw51xqtc0000gn/T/cibw-run-mysmu3ze/cp39-macosx_arm64/build/venv/bin/pip
2022-12-27T11:21:25.6381920Z + pip --version
2022-12-27T11:21:25.8666410Z pip 22.3.1 from /private/var/folders/51/hd414ycd67n82196sw51xqtc0000gn/T/cibw-run-mysmu3ze/cp39-macosx_arm64/build/venv/lib/python3.9/site-packages/pip (python 3.9)
2022-12-27T11:21:25.8888840Z + which pip
2022-12-27T11:21:25.8915210Z + which python
2022-12-27T11:21:25.8932670Z /private/var/folders/51/hd414ycd67n82196sw51xqtc0000gn/T/cibw-run-mysmu3ze/cp39-macosx_arm64/build/venv/bin/python
2022-12-27T11:21:25.8934660Z + python --version
2022-12-27T11:21:25.8979780Z Python 3.9.13
2022-12-27T11:21:25.8982400Z + which python
2022-12-27T11:21:25.9042470Z ##[endgroup]
2022-12-27T11:21:25.9042970Z                                                               [32m✓ [0m0.91s
2022-12-27T11:21:25.9043600Z ##[group]Installing build tools...
2022-12-27T11:21:25.9043750Z 
2022-12-27T11:21:25.9044110Z + pip install --upgrade setuptools wheel delocate -c /Users/runner/hostedtoolcache/Python/3.9.16/x64/lib/python3.9/site-packages/cibuildwheel/resources/constraints-python39.txt
2022-12-27T11:21:26.2135130Z Requirement already satisfied: setuptools in /private/var/folders/51/hd414ycd67n82196sw51xqtc0000gn/T/cibw-run-mysmu3ze/cp39-macosx_arm64/build/venv/lib/python3.9/site-packages (65.6.3)
2022-12-27T11:21:26.4455970Z Requirement already satisfied: wheel in /private/var/folders/51/hd414ycd67n82196sw51xqtc0000gn/T/cibw-run-mysmu3ze/cp39-macosx_arm64/build/venv/lib/python3.9/site-packages (0.38.4)
2022-12-27T11:21:26.4941530Z Collecting delocate
2022-12-27T11:21:26.4966630Z   Using cached delocate-0.10.3-py3-none-any.whl (142 kB)
2022-12-27T11:21:26.5290020Z Collecting packaging>=20.9
2022-12-27T11:21:26.5312750Z   Using cached packaging-21.3-py3-none-any.whl (40 kB)
2022-12-27T11:21:26.5490650Z Collecting typing-extensions
2022-12-27T11:21:26.5511520Z   Using cached typing_extensions-4.4.0-py3-none-any.whl (26 kB)
2022-12-27T11:21:26.5898690Z Collecting pyparsing!=3.0.5,>=2.0.2
2022-12-27T11:21:26.5920180Z   Using cached pyparsing-3.0.9-py3-none-any.whl (98 kB)
2022-12-27T11:21:26.6304100Z Installing collected packages: typing-extensions, pyparsing, packaging, delocate
2022-12-27T11:21:26.7840940Z Successfully installed delocate-0.10.3 packaging-21.3 pyparsing-3.0.9 typing-extensions-4.4.0
2022-12-27T11:21:26.8275790Z ##[endgroup]
2022-12-27T11:21:26.8276430Z                                                               [32m✓ [0m0.92s
2022-12-27T11:21:26.8276990Z ##[group]Running before_build...
2022-12-27T11:21:26.8277150Z 
2022-12-27T11:21:26.8282150Z + pip install Cython; if [[ -f requirements.txt ]]; then pip install -r requirements.txt; fi
2022-12-27T11:21:27.5367070Z Collecting Cython
2022-12-27T11:21:27.5416070Z   Using cached Cython-0.29.32-py2.py3-none-any.whl (986 kB)
2022-12-27T11:21:27.5857930Z Installing collected packages: Cython
2022-12-27T11:21:28.0621350Z Successfully installed Cython-0.29.32
2022-12-27T11:21:28.1042870Z ##[endgroup]
2022-12-27T11:21:28.1043480Z                                                               [32m✓ [0m1.28s
2022-12-27T11:21:28.1044130Z ##[group]Building wheel...
2022-12-27T11:21:28.1044270Z 
2022-12-27T11:21:28.1048630Z + python -m pip wheel /Users/runner/actions-runner/_work/python.build/python.build/build_lxml13beta39/lxml-1.3beta --wheel-dir=/private/var/folders/51/hd414ycd67n82196sw51xqtc0000gn/T/cibw-run-mysmu3ze/cp39-macosx_arm64/built_wheel --no-deps -vvv
2022-12-27T11:21:28.3865200Z Created temporary directory: /private/var/folders/51/hd414ycd67n82196sw51xqtc0000gn/T/pip-ephem-wheel-cache-v5l4dkie
2022-12-27T11:21:28.3869070Z Created temporary directory: /private/var/folders/51/hd414ycd67n82196sw51xqtc0000gn/T/pip-build-tracker-fst8mzl0
2022-12-27T11:21:28.3871050Z Initialized build tracking at /private/var/folders/51/hd414ycd67n82196sw51xqtc0000gn/T/pip-build-tracker-fst8mzl0
2022-12-27T11:21:28.3872700Z Created build tracker: /private/var/folders/51/hd414ycd67n82196sw51xqtc0000gn/T/pip-build-tracker-fst8mzl0
2022-12-27T11:21:28.3874230Z Entered build tracker: /private/var/folders/51/hd414ycd67n82196sw51xqtc0000gn/T/pip-build-tracker-fst8mzl0
2022-12-27T11:21:28.3877610Z Created temporary directory: /private/var/folders/51/hd414ycd67n82196sw51xqtc0000gn/T/pip-wheel-o6njqvvt
2022-12-27T11:21:28.3884130Z Created temporary directory: /private/var/folders/51/hd414ycd67n82196sw51xqtc0000gn/T/pip-ephem-wheel-cache-kezljezn
2022-12-27T11:21:28.4033710Z Processing /Users/runner/actions-runner/_work/python.build/python.build/build_lxml13beta39/lxml-1.3beta
2022-12-27T11:21:28.4039230Z   Added file:///Users/runner/actions-runner/_work/python.build/python.build/build_lxml13beta39/lxml-1.3beta to build tracker '/private/var/folders/51/hd414ycd67n82196sw51xqtc0000gn/T/pip-build-tracker-fst8mzl0'
2022-12-27T11:21:28.4043080Z   Running setup.py (path:/Users/runner/actions-runner/_work/python.build/python.build/build_lxml13beta39/lxml-1.3beta/setup.py) egg_info for package from file:///Users/runner/actions-runner/_work/python.build/python.build/build_lxml13beta39/lxml-1.3beta
2022-12-27T11:21:28.4046410Z   Created temporary directory: /private/var/folders/51/hd414ycd67n82196sw51xqtc0000gn/T/pip-pip-egg-info-ig7lgdiv
2022-12-27T11:21:28.4048170Z   Preparing metadata (setup.py): started
2022-12-27T11:21:28.4050390Z   Running command python setup.py egg_info
2022-12-27T11:21:28.5639590Z   Traceback (most recent call last):
2022-12-27T11:21:28.5648420Z     File "<string>", line 2, in <module>
2022-12-27T11:21:28.5649120Z     File "<pip-setuptools-caller>", line 34, in <module>
2022-12-27T11:21:28.5649580Z     File "/Users/runner/actions-runner/_work/python.build/python.build/build_lxml13beta39/lxml-1.3beta/setup.py", line 25
2022-12-27T11:21:28.5650280Z       print "Building lxml version", svn_version
2022-12-27T11:21:28.5650440Z             ^
2022-12-27T11:21:28.5651090Z   SyntaxError: Missing parentheses in call to 'print'. Did you mean print("Building lxml version", svn_version)?
2022-12-27T11:21:28.5796430Z   error: subprocess-exited-with-error
2022-12-27T11:21:28.5796720Z   
2022-12-27T11:21:28.5797040Z   × python setup.py egg_info did not run successfully.
2022-12-27T11:21:28.5797350Z   │ exit code: 1
2022-12-27T11:21:28.5797770Z   ╰─> See above for output.
2022-12-27T11:21:28.5797950Z   
2022-12-27T11:21:28.5798220Z   note: This error originates from a subprocess, and is likely not a problem with pip.
2022-12-27T11:21:28.5806580Z   full command: /private/var/folders/51/hd414ycd67n82196sw51xqtc0000gn/T/cibw-run-mysmu3ze/cp39-macosx_arm64/build/venv/bin/python -c '
2022-12-27T11:21:28.5807350Z   exec(compile('"'"''"'"''"'"'
2022-12-27T11:21:28.5807810Z   # This is <pip-setuptools-caller> -- a caller that pip uses to run setup.py
2022-12-27T11:21:28.5808170Z   #
2022-12-27T11:21:28.5808720Z   # - It imports setuptools before invoking setup.py, to enable projects that directly
2022-12-27T11:21:28.5809260Z   #   import from `distutils.core` to work with newer packaging standards.
2022-12-27T11:21:28.5809780Z   # - It provides a clear error message when setuptools is not installed.
2022-12-27T11:21:28.5810300Z   # - It sets `sys.argv[0]` to the underlying `setup.py`, when invoking `setup.py` so
2022-12-27T11:21:28.5811020Z   #   setuptools doesn'"'"'t think the script is `-c`. This avoids the following warning:
2022-12-27T11:21:28.5811480Z   #     manifest_maker: standard file '"'"'-c'"'"' not found".
2022-12-27T11:21:28.5811960Z   # - It generates a shim setup.py, for handling setup.cfg-only projects.
2022-12-27T11:21:28.5812680Z   import os, sys, tokenize
2022-12-27T11:21:28.5812940Z   
2022-12-27T11:21:28.5813310Z   try:
2022-12-27T11:21:28.5813610Z       import setuptools
2022-12-27T11:21:28.5813910Z   except ImportError as error:
2022-12-27T11:21:28.5814150Z       print(
2022-12-27T11:21:28.5814480Z           "ERROR: Can not execute `setup.py` since setuptools is not available in "
2022-12-27T11:21:28.5814980Z           "the build environment.",
2022-12-27T11:21:28.5815220Z           file=sys.stderr,
2022-12-27T11:21:28.5815460Z       )
2022-12-27T11:21:28.5815700Z       sys.exit(1)
2022-12-27T11:21:28.5815900Z   
2022-12-27T11:21:28.5816280Z   __file__ = %r
2022-12-27T11:21:28.5816550Z   sys.argv[0] = __file__
2022-12-27T11:21:28.5816750Z   
2022-12-27T11:21:28.5817000Z   if os.path.exists(__file__):
2022-12-27T11:21:28.5817420Z       filename = __file__
2022-12-27T11:21:28.5817670Z       with tokenize.open(__file__) as f:
2022-12-27T11:21:28.5817960Z           setup_py_code = f.read()
2022-12-27T11:21:28.5818230Z   else:
2022-12-27T11:21:28.5818580Z       filename = "<auto-generated setuptools caller>"
2022-12-27T11:21:28.5819070Z       setup_py_code = "from setuptools import setup; setup()"
2022-12-27T11:21:28.5819360Z   
2022-12-27T11:21:28.5819600Z   exec(compile(setup_py_code, filename, "exec"))
2022-12-27T11:21:28.5820340Z   '"'"''"'"''"'"' % ('"'"'/Users/runner/actions-runner/_work/python.build/python.build/build_lxml13beta39/lxml-1.3beta/setup.py'"'"',), "<pip-setuptools-caller>", "exec"))' egg_info --egg-base /private/var/folders/51/hd414ycd67n82196sw51xqtc0000gn/T/pip-pip-egg-info-ig7lgdiv
2022-12-27T11:21:28.5820830Z   cwd: /Users/runner/actions-runner/_work/python.build/python.build/build_lxml13beta39/lxml-1.3beta/
2022-12-27T11:21:28.5821220Z   Preparing metadata (setup.py): finished with status 'error'
2022-12-27T11:21:28.5828580Z error: metadata-generation-failed
2022-12-27T11:21:28.5828810Z 
2022-12-27T11:21:28.5829110Z × Encountered error while generating package metadata.
2022-12-27T11:21:28.5829540Z ╰─> See above for output.
2022-12-27T11:21:28.5829860Z 
2022-12-27T11:21:28.5830040Z note: This is an issue with the package mentioned above, not pip.
2022-12-27T11:21:28.5830650Z hint: See above for details.
2022-12-27T11:21:28.5857130Z Exception information:
2022-12-27T11:21:28.5857420Z Traceback (most recent call last):
2022-12-27T11:21:28.5858220Z   File "/private/var/folders/51/hd414ycd67n82196sw51xqtc0000gn/T/cibw-run-mysmu3ze/cp39-macosx_arm64/build/venv/lib/python3.9/site-packages/pip/_internal/operations/build/metadata_legacy.py", line 64, in generate_metadata
2022-12-27T11:21:28.5858640Z     call_subprocess(
2022-12-27T11:21:28.5859180Z   File "/private/var/folders/51/hd414ycd67n82196sw51xqtc0000gn/T/cibw-run-mysmu3ze/cp39-macosx_arm64/build/venv/lib/python3.9/site-packages/pip/_internal/utils/subprocess.py", line 224, in call_subprocess
2022-12-27T11:21:28.5859550Z     raise error
2022-12-27T11:21:28.5860360Z pip._internal.exceptions.InstallationSubprocessError: python setup.py egg_info exited with 1
2022-12-27T11:21:28.5860620Z 
2022-12-27T11:21:28.5860780Z The above exception was the direct cause of the following exception:
2022-12-27T11:21:28.5861210Z 
2022-12-27T11:21:28.5861470Z Traceback (most recent call last):
2022-12-27T11:21:28.5862190Z   File "/private/var/folders/51/hd414ycd67n82196sw51xqtc0000gn/T/cibw-run-mysmu3ze/cp39-macosx_arm64/build/venv/lib/python3.9/site-packages/pip/_internal/cli/base_command.py", line 160, in exc_logging_wrapper
2022-12-27T11:21:28.5862530Z     status = run_func(*args)
2022-12-27T11:21:28.5863090Z   File "/private/var/folders/51/hd414ycd67n82196sw51xqtc0000gn/T/cibw-run-mysmu3ze/cp39-macosx_arm64/build/venv/lib/python3.9/site-packages/pip/_internal/cli/req_command.py", line 247, in wrapper
2022-12-27T11:21:28.5863460Z     return func(self, options, args)
2022-12-27T11:21:28.5864400Z   File "/private/var/folders/51/hd414ycd67n82196sw51xqtc0000gn/T/cibw-run-mysmu3ze/cp39-macosx_arm64/build/venv/lib/python3.9/site-packages/pip/_internal/commands/wheel.py", line 170, in run
2022-12-27T11:21:28.5864880Z     requirement_set = resolver.resolve(reqs, check_supported_wheels=True)
2022-12-27T11:21:28.5865510Z   File "/private/var/folders/51/hd414ycd67n82196sw51xqtc0000gn/T/cibw-run-mysmu3ze/cp39-macosx_arm64/build/venv/lib/python3.9/site-packages/pip/_internal/resolution/resolvelib/resolver.py", line 73, in resolve
2022-12-27T11:21:28.5865890Z     collected = self.factory.collect_root_requirements(root_reqs)
2022-12-27T11:21:28.5866690Z   File "/private/var/folders/51/hd414ycd67n82196sw51xqtc0000gn/T/cibw-run-mysmu3ze/cp39-macosx_arm64/build/venv/lib/python3.9/site-packages/pip/_internal/resolution/resolvelib/factory.py", line 491, in collect_root_requirements
2022-12-27T11:21:28.5867110Z     req = self._make_requirement_from_install_req(
2022-12-27T11:21:28.5867700Z   File "/private/var/folders/51/hd414ycd67n82196sw51xqtc0000gn/T/cibw-run-mysmu3ze/cp39-macosx_arm64/build/venv/lib/python3.9/site-packages/pip/_internal/resolution/resolvelib/factory.py", line 453, in _make_requirement_from_install_req
2022-12-27T11:21:28.5868030Z     cand = self._make_candidate_from_link(
2022-12-27T11:21:28.5868460Z   File "/private/var/folders/51/hd414ycd67n82196sw51xqtc0000gn/T/cibw-run-mysmu3ze/cp39-macosx_arm64/build/venv/lib/python3.9/site-packages/pip/_internal/resolution/resolvelib/factory.py", line 206, in _make_candidate_from_link
2022-12-27T11:21:28.5868940Z     self._link_candidate_cache[link] = LinkCandidate(
2022-12-27T11:21:28.5869400Z   File "/private/var/folders/51/hd414ycd67n82196sw51xqtc0000gn/T/cibw-run-mysmu3ze/cp39-macosx_arm64/build/venv/lib/python3.9/site-packages/pip/_internal/resolution/resolvelib/candidates.py", line 297, in __init__
2022-12-27T11:21:28.5869700Z     super().__init__(
2022-12-27T11:21:28.5870120Z   File "/private/var/folders/51/hd414ycd67n82196sw51xqtc0000gn/T/cibw-run-mysmu3ze/cp39-macosx_arm64/build/venv/lib/python3.9/site-packages/pip/_internal/resolution/resolvelib/candidates.py", line 162, in __init__
2022-12-27T11:21:28.5870520Z     self.dist = self._prepare()
2022-12-27T11:21:28.5871050Z   File "/private/var/folders/51/hd414ycd67n82196sw51xqtc0000gn/T/cibw-run-mysmu3ze/cp39-macosx_arm64/build/venv/lib/python3.9/site-packages/pip/_internal/resolution/resolvelib/candidates.py", line 231, in _prepare
2022-12-27T11:21:28.5871610Z     dist = self._prepare_distribution()
2022-12-27T11:21:28.5872150Z   File "/private/var/folders/51/hd414ycd67n82196sw51xqtc0000gn/T/cibw-run-mysmu3ze/cp39-macosx_arm64/build/venv/lib/python3.9/site-packages/pip/_internal/resolution/resolvelib/candidates.py", line 308, in _prepare_distribution
2022-12-27T11:21:28.5872490Z     return preparer.prepare_linked_requirement(self._ireq, parallel_builds=True)
2022-12-27T11:21:28.5873290Z   File "/private/var/folders/51/hd414ycd67n82196sw51xqtc0000gn/T/cibw-run-mysmu3ze/cp39-macosx_arm64/build/venv/lib/python3.9/site-packages/pip/_internal/operations/prepare.py", line 491, in prepare_linked_requirement
2022-12-27T11:21:28.5873650Z     return self._prepare_linked_requirement(req, parallel_builds)
2022-12-27T11:21:28.5874130Z   File "/private/var/folders/51/hd414ycd67n82196sw51xqtc0000gn/T/cibw-run-mysmu3ze/cp39-macosx_arm64/build/venv/lib/python3.9/site-packages/pip/_internal/operations/prepare.py", line 577, in _prepare_linked_requirement
2022-12-27T11:21:28.5874460Z     dist = _get_prepared_distribution(
2022-12-27T11:21:28.5874970Z   File "/private/var/folders/51/hd414ycd67n82196sw51xqtc0000gn/T/cibw-run-mysmu3ze/cp39-macosx_arm64/build/venv/lib/python3.9/site-packages/pip/_internal/operations/prepare.py", line 69, in _get_prepared_distribution
2022-12-27T11:21:28.5875310Z     abstract_dist.prepare_distribution_metadata(
2022-12-27T11:21:28.5875780Z   File "/private/var/folders/51/hd414ycd67n82196sw51xqtc0000gn/T/cibw-run-mysmu3ze/cp39-macosx_arm64/build/venv/lib/python3.9/site-packages/pip/_internal/distributions/sdist.py", line 61, in prepare_distribution_metadata
2022-12-27T11:21:28.5876090Z     self.req.prepare_metadata()
2022-12-27T11:21:28.5876730Z   File "/private/var/folders/51/hd414ycd67n82196sw51xqtc0000gn/T/cibw-run-mysmu3ze/cp39-macosx_arm64/build/venv/lib/python3.9/site-packages/pip/_internal/req/req_install.py", line 541, in prepare_metadata
2022-12-27T11:21:28.5877090Z     self.metadata_directory = generate_metadata_legacy(
2022-12-27T11:21:28.5877550Z   File "/private/var/folders/51/hd414ycd67n82196sw51xqtc0000gn/T/cibw-run-mysmu3ze/cp39-macosx_arm64/build/venv/lib/python3.9/site-packages/pip/_internal/operations/build/metadata_legacy.py", line 71, in generate_metadata
2022-12-27T11:21:28.5877930Z     raise MetadataGenerationFailed(package_details=details) from error
2022-12-27T11:21:28.5878240Z pip._internal.exceptions.MetadataGenerationFailed: metadata generation failed
2022-12-27T11:21:28.5878830Z Removed file:///Users/runner/actions-runner/_work/python.build/python.build/build_lxml13beta39/lxml-1.3beta from build tracker '/private/var/folders/51/hd414ycd67n82196sw51xqtc0000gn/T/pip-build-tracker-fst8mzl0'
2022-12-27T11:21:28.5879260Z Removed build tracker: '/private/var/folders/51/hd414ycd67n82196sw51xqtc0000gn/T/pip-build-tracker-fst8mzl0'
2022-12-27T11:21:28.6247840Z ##[endgroup]
2022-12-27T11:21:28.6271510Z ##[error]Command ['python', '-m', 'pip', 'wheel', '/Users/runner/actions-runner/_work/python.build/python.build/build_lxml13beta39/lxml-1.3beta', '--wheel-dir=/private/var/folders/51/hd414ycd67n82196sw51xqtc0000gn/T/cibw-run-mysmu3ze/cp39-macosx_arm64/built_wheel', '--no-deps', '-vvv'] failed with code 1. None
2022-12-27T11:21:28.6277530Z 
2022-12-27T11:21:28.6277860Z                                                               [31m✕ [0m0.52s
2022-12-27T11:21:28.6709360Z ##[error]Process completed with exit code 1.
2022-12-27T11:21:28.6803110Z ##[group]Run rm -rf build_lxml13beta39 wheelsout
2022-12-27T11:21:28.6803400Z [36;1mrm -rf build_lxml13beta39 wheelsout[0m
2022-12-27T11:21:28.6818850Z shell: /bin/bash -e {0}
2022-12-27T11:21:28.6819040Z env:
2022-12-27T11:21:28.6819240Z   pythonLocation: /Users/runner/hostedtoolcache/Python/3.9.16/x64
2022-12-27T11:21:28.6819470Z   PKG_CONFIG_PATH: /Users/runner/hostedtoolcache/Python/3.9.16/x64/lib/pkgconfig
2022-12-27T11:21:28.6819710Z   Python_ROOT_DIR: /Users/runner/hostedtoolcache/Python/3.9.16/x64
2022-12-27T11:21:28.6820140Z   Python2_ROOT_DIR: /Users/runner/hostedtoolcache/Python/3.9.16/x64
2022-12-27T11:21:28.6820430Z   Python3_ROOT_DIR: /Users/runner/hostedtoolcache/Python/3.9.16/x64
2022-12-27T11:21:28.6820600Z ##[endgroup]
2022-12-27T11:21:28.7116480Z Cleaning up orphan processes
