2022-12-27T08:54:25.4262094Z Requested labels: self-hosted, macOS, X64
2022-12-27T08:54:25.4262170Z Job defined at: kilnbuild/python.build/.github/workflows/mac_arm_build.yml@refs/heads/main
2022-12-27T08:54:25.4262194Z Waiting for a runner to pick up this job...
2022-12-27T11:30:03.7573837Z Job is about to start running on the runner: k2 (organization)
2022-12-27T11:30:06.2527450Z Current runner version: '2.300.2'
2022-12-27T11:30:06.2532460Z Runner name: 'k2'
2022-12-27T11:30:06.2532700Z Runner group name: 'Default'
2022-12-27T11:30:06.2533120Z Machine name: 'k2'
2022-12-27T11:30:06.2534580Z ##[group]GITHUB_TOKEN Permissions
2022-12-27T11:30:06.2534990Z Actions: write
2022-12-27T11:30:06.2535130Z Checks: write
2022-12-27T11:30:06.2535260Z Contents: write
2022-12-27T11:30:06.2535400Z Deployments: write
2022-12-27T11:30:06.2535530Z Discussions: write
2022-12-27T11:30:06.2535660Z Issues: write
2022-12-27T11:30:06.2535780Z Metadata: read
2022-12-27T11:30:06.2535910Z Packages: write
2022-12-27T11:30:06.2536040Z Pages: write
2022-12-27T11:30:06.2536180Z PullRequests: write
2022-12-27T11:30:06.2536330Z RepositoryProjects: write
2022-12-27T11:30:06.2536490Z SecurityEvents: write
2022-12-27T11:30:06.2536630Z Statuses: write
2022-12-27T11:30:06.2536750Z ##[endgroup]
2022-12-27T11:30:06.2539200Z Secret source: Actions
2022-12-27T11:30:06.2539650Z Prepare workflow directory
2022-12-27T11:30:06.3187540Z Prepare all required actions
2022-12-27T11:30:06.3311320Z Getting action download info
2022-12-27T11:30:06.8271210Z Download action repository 'actions/setup-python@v4' (SHA:5ccb29d8773c3f3f653e1705f474dfaa8a06a912)
2022-12-27T11:30:08.5935920Z Download action repository 'actions/upload-artifact@v3' (SHA:83fd05a356d7e2593de66fc9913b3002723633cb)
2022-12-27T11:30:09.9079630Z ##[group]Run echo '{
2022-12-27T11:30:09.9079930Z [36;1mecho '{[0m
2022-12-27T11:30:09.9080050Z [36;1m  "package_name": "lxml",[0m
2022-12-27T11:30:09.9080310Z [36;1m  "package_url": "https://files.pythonhosted.org/packages/ca/72/d14a53fcd587b0704658a188f46d28ba6412d5cb2c3f6553208944831950/lxml-2.2alpha1.tar.gz",[0m
2022-12-27T11:30:09.9080600Z [36;1m  "package_version": "2.2alpha1",[0m
2022-12-27T11:30:09.9080750Z [36;1m  "python_version": "3.10",[0m
2022-12-27T11:30:09.9080900Z [36;1m  "use_ccache": "true"[0m
2022-12-27T11:30:09.9081050Z [36;1m}'[0m
2022-12-27T11:30:09.9096060Z shell: /bin/bash -e {0}
2022-12-27T11:30:09.9096220Z ##[endgroup]
2022-12-27T11:30:09.9318350Z {
2022-12-27T11:30:09.9319650Z   "package_name": "lxml",
2022-12-27T11:30:09.9320300Z   "package_url": "https://files.pythonhosted.org/packages/ca/72/d14a53fcd587b0704658a188f46d28ba6412d5cb2c3f6553208944831950/lxml-2.2alpha1.tar.gz",
2022-12-27T11:30:09.9320590Z   "package_version": "2.2alpha1",
2022-12-27T11:30:09.9320890Z   "python_version": "3.10",
2022-12-27T11:30:09.9321050Z   "use_ccache": "true"
2022-12-27T11:30:09.9321220Z }
2022-12-27T11:30:09.9526490Z ##[group]Run actions/setup-python@v4
2022-12-27T11:30:09.9526790Z with:
2022-12-27T11:30:09.9526970Z   python-version: 3.10
2022-12-27T11:30:09.9527110Z   check-latest: false
2022-12-27T11:30:09.9527390Z   token: ***
2022-12-27T11:30:09.9527560Z   update-environment: true
2022-12-27T11:30:09.9527790Z ##[endgroup]
2022-12-27T11:30:10.0747100Z ##[group]Installed versions
2022-12-27T11:30:10.0853620Z Successfully set up CPython (3.10.9)
2022-12-27T11:30:10.0854340Z ##[endgroup]
2022-12-27T11:30:10.0995000Z ##[group]Run if [ "true" == "true" ]
2022-12-27T11:30:10.0995260Z [36;1mif [ "true" == "true" ][0m
2022-12-27T11:30:10.0995480Z [36;1mthen[0m
2022-12-27T11:30:10.0995700Z [36;1m  echo "CCACHE_PATH_PREPEND=/usr/local/opt/ccache/libexec" >> $GITHUB_OUTPUT[0m
2022-12-27T11:30:10.0995950Z [36;1melse[0m
2022-12-27T11:30:10.0996150Z [36;1m  echo "CCACHE_PATH_PREPEND=" >> $GITHUB_OUTPUT[0m
2022-12-27T11:30:10.0996340Z [36;1mfi[0m
2022-12-27T11:30:10.1013250Z shell: /bin/bash -e {0}
2022-12-27T11:30:10.1013420Z env:
2022-12-27T11:30:10.1013650Z   pythonLocation: /Users/runner/hostedtoolcache/Python/3.10.9/x64
2022-12-27T11:30:10.1013920Z   PKG_CONFIG_PATH: /Users/runner/hostedtoolcache/Python/3.10.9/x64/lib/pkgconfig
2022-12-27T11:30:10.1014150Z   Python_ROOT_DIR: /Users/runner/hostedtoolcache/Python/3.10.9/x64
2022-12-27T11:30:10.1014450Z   Python2_ROOT_DIR: /Users/runner/hostedtoolcache/Python/3.10.9/x64
2022-12-27T11:30:10.1014750Z   Python3_ROOT_DIR: /Users/runner/hostedtoolcache/Python/3.10.9/x64
2022-12-27T11:30:10.1015240Z ##[endgroup]
2022-12-27T11:30:10.1130420Z ##[group]Run echo "BUILD_NAME=$(echo lxml_2.2alpha1_3.10 | tr -dc '[:alnum:]\n\r' | tr '[:upper:]' '[:lower:]')" >> $GITHUB_OUTPUT
2022-12-27T11:30:10.1130760Z [36;1mecho "BUILD_NAME=$(echo lxml_2.2alpha1_3.10 | tr -dc '[:alnum:]\n\r' | tr '[:upper:]' '[:lower:]')" >> $GITHUB_OUTPUT[0m
2022-12-27T11:30:10.1145570Z shell: /bin/bash -e {0}
2022-12-27T11:30:10.1145770Z env:
2022-12-27T11:30:10.1145990Z   pythonLocation: /Users/runner/hostedtoolcache/Python/3.10.9/x64
2022-12-27T11:30:10.1146280Z   PKG_CONFIG_PATH: /Users/runner/hostedtoolcache/Python/3.10.9/x64/lib/pkgconfig
2022-12-27T11:30:10.1146640Z   Python_ROOT_DIR: /Users/runner/hostedtoolcache/Python/3.10.9/x64
2022-12-27T11:30:10.1146890Z   Python2_ROOT_DIR: /Users/runner/hostedtoolcache/Python/3.10.9/x64
2022-12-27T11:30:10.1147360Z   Python3_ROOT_DIR: /Users/runner/hostedtoolcache/Python/3.10.9/x64
2022-12-27T11:30:10.1147540Z ##[endgroup]
2022-12-27T11:30:10.1294930Z ##[group]Run echo "PYTHON_NO_DOTS=$(echo 3.10 | tr -dc '[:alnum:]\n\r' | tr '[:upper:]' '[:lower:]')" >> $GITHUB_OUTPUT
2022-12-27T11:30:10.1295330Z [36;1mecho "PYTHON_NO_DOTS=$(echo 3.10 | tr -dc '[:alnum:]\n\r' | tr '[:upper:]' '[:lower:]')" >> $GITHUB_OUTPUT[0m
2022-12-27T11:30:10.1308990Z shell: /bin/bash -e {0}
2022-12-27T11:30:10.1309150Z env:
2022-12-27T11:30:10.1309420Z   pythonLocation: /Users/runner/hostedtoolcache/Python/3.10.9/x64
2022-12-27T11:30:10.1310070Z   PKG_CONFIG_PATH: /Users/runner/hostedtoolcache/Python/3.10.9/x64/lib/pkgconfig
2022-12-27T11:30:10.1310330Z   Python_ROOT_DIR: /Users/runner/hostedtoolcache/Python/3.10.9/x64
2022-12-27T11:30:10.1310530Z   Python2_ROOT_DIR: /Users/runner/hostedtoolcache/Python/3.10.9/x64
2022-12-27T11:30:10.1310790Z   Python3_ROOT_DIR: /Users/runner/hostedtoolcache/Python/3.10.9/x64
2022-12-27T11:30:10.1310980Z ##[endgroup]
2022-12-27T11:30:10.1420550Z ##[group]Run rm -rf build_lxml22alpha1310
2022-12-27T11:30:10.1420920Z [36;1mrm -rf build_lxml22alpha1310[0m
2022-12-27T11:30:10.1421130Z [36;1mmkdir build_lxml22alpha1310[0m
2022-12-27T11:30:10.1421360Z [36;1mcd build_lxml22alpha1310[0m
2022-12-27T11:30:10.1421680Z [36;1m/usr/local/bin/wget --quiet https://files.pythonhosted.org/packages/ca/72/d14a53fcd587b0704658a188f46d28ba6412d5cb2c3f6553208944831950/lxml-2.2alpha1.tar.gz[0m
2022-12-27T11:30:10.1421940Z [36;1mtar xf *.tar.gz[0m
2022-12-27T11:30:10.1422080Z [36;1mcd *[0m
2022-12-27T11:30:10.1422300Z [36;1mpython -m pip install cibuildwheel==2.11.3[0m
2022-12-27T11:30:10.1422520Z [36;1mpython -m cibuildwheel --output-dir ../wheelsout[0m
2022-12-27T11:30:10.1436540Z shell: /bin/bash -e {0}
2022-12-27T11:30:10.1436740Z env:
2022-12-27T11:30:10.1437010Z   pythonLocation: /Users/runner/hostedtoolcache/Python/3.10.9/x64
2022-12-27T11:30:10.1437280Z   PKG_CONFIG_PATH: /Users/runner/hostedtoolcache/Python/3.10.9/x64/lib/pkgconfig
2022-12-27T11:30:10.1437530Z   Python_ROOT_DIR: /Users/runner/hostedtoolcache/Python/3.10.9/x64
2022-12-27T11:30:10.1437780Z   Python2_ROOT_DIR: /Users/runner/hostedtoolcache/Python/3.10.9/x64
2022-12-27T11:30:10.1438050Z   Python3_ROOT_DIR: /Users/runner/hostedtoolcache/Python/3.10.9/x64
2022-12-27T11:30:10.1438220Z   CIBW_ARCHS_MACOS: arm64
2022-12-27T11:30:10.1438400Z   CIBW_TEST_SKIP: *_arm64
2022-12-27T11:30:10.1438590Z   CIBW_BUILD: cp310-macosx_arm64
2022-12-27T11:30:10.1438750Z   CIBW_BUILD_FRONTEND: pip
2022-12-27T11:30:10.1438970Z   CIBW_BUILD_VERBOSITY: 3
2022-12-27T11:30:10.1439290Z   CIBW_ENVIRONMENT_MACOS:  CFLAGS="-I/usr/local/opt/openssl@3/include" LDFLAGS="-L/usr/local/opt/openssl@3/lib" CPPFLAGS="-I/usr/local/opt/openssl@3/include" MAKEFLAGS="-j$(sysctl -n hw.logicalcpu)" PATH=/usr/local/opt/ccache/libexec:$PATH
2022-12-27T11:30:10.1439670Z   CIBW_BEFORE_BUILD: pip install Cython; if [[ -f requirements.txt ]]; then pip install -r requirements.txt; fi
2022-12-27T11:30:10.1439880Z   MAKEFLAGS: -j$(sysctl -n hw.logicalcpu)
2022-12-27T11:30:10.1440120Z ##[endgroup]
2022-12-27T11:30:10.6204340Z Requirement already satisfied: cibuildwheel==2.11.3 in /Users/runner/hostedtoolcache/Python/3.10.9/x64/lib/python3.10/site-packages (2.11.3)
2022-12-27T11:30:10.6459690Z Requirement already satisfied: typing-extensions>=4.1.0 in /Users/runner/hostedtoolcache/Python/3.10.9/x64/lib/python3.10/site-packages (from cibuildwheel==2.11.3) (4.4.0)
2022-12-27T11:30:10.6464180Z Requirement already satisfied: platformdirs in /Users/runner/hostedtoolcache/Python/3.10.9/x64/lib/python3.10/site-packages (from cibuildwheel==2.11.3) (2.6.0)
2022-12-27T11:30:10.6467760Z Requirement already satisfied: filelock in /Users/runner/hostedtoolcache/Python/3.10.9/x64/lib/python3.10/site-packages (from cibuildwheel==2.11.3) (3.8.2)
2022-12-27T11:30:10.6472650Z Requirement already satisfied: bashlex!=0.13 in /Users/runner/hostedtoolcache/Python/3.10.9/x64/lib/python3.10/site-packages (from cibuildwheel==2.11.3) (0.16)
2022-12-27T11:30:10.6477500Z Requirement already satisfied: packaging>=20.9 in /Users/runner/hostedtoolcache/Python/3.10.9/x64/lib/python3.10/site-packages (from cibuildwheel==2.11.3) (22.0)
2022-12-27T11:30:10.6483380Z Requirement already satisfied: tomli in /Users/runner/hostedtoolcache/Python/3.10.9/x64/lib/python3.10/site-packages (from cibuildwheel==2.11.3) (2.0.1)
2022-12-27T11:30:10.6486950Z Requirement already satisfied: certifi in /Users/runner/hostedtoolcache/Python/3.10.9/x64/lib/python3.10/site-packages (from cibuildwheel==2.11.3) (2022.12.7)
2022-12-27T11:30:10.6492030Z Requirement already satisfied: bracex in /Users/runner/hostedtoolcache/Python/3.10.9/x64/lib/python3.10/site-packages (from cibuildwheel==2.11.3) (2.3.post1)
2022-12-27T11:30:10.8248170Z 
2022-12-27T11:30:10.8248370Z      _ _       _ _   _       _           _
2022-12-27T11:30:10.8248660Z  ___|_| |_ _ _|_| |_| |_ _ _| |_ ___ ___| |
2022-12-27T11:30:10.8249200Z |  _| | . | | | | | . | | | |   | -_| -_| |
2022-12-27T11:30:10.8250650Z |___|_|___|___|_|_|___|_____|_|_|___|___|_|
2022-12-27T11:30:10.8250830Z 
2022-12-27T11:30:10.8250950Z cibuildwheel version 2.11.3
2022-12-27T11:30:10.8251100Z 
2022-12-27T11:30:10.8251210Z Build options:
2022-12-27T11:30:10.8251400Z   platform: macos
2022-12-27T11:30:10.8313580Z   architectures: arm64[0m
2022-12-27T11:30:10.8313880Z   build_selector: 
2022-12-27T11:30:10.8314240Z     build_config: cp310-macosx_arm64
2022-12-27T11:30:10.8314720Z     skip_config: 
2022-12-27T11:30:10.8315140Z     requires_python: None
2022-12-27T11:30:10.8315420Z     prerelease_pythons: False[0m
2022-12-27T11:30:10.8315810Z   [38;5;244mcontainer_engine: docker[0m
2022-12-27T11:30:10.8316260Z   output_dir: /Users/runner/actions-runner/_work/python.build/python.build/build_lxml22alpha1310/wheelsout[0m
2022-12-27T11:30:10.8316850Z   package_dir: /Users/runner/actions-runner/_work/python.build/python.build/build_lxml22alpha1310/lxml-2.2alpha1[0m
2022-12-27T11:30:10.8317190Z   test_selector: 
2022-12-27T11:30:10.8317500Z     skip_config: *_arm64[0m
2022-12-27T11:30:10.8317780Z   [38;5;244mbefore_all: [0m
2022-12-27T11:30:10.8318150Z   before_build: pip install Cython; if [[ -f requirements.txt ]]; then pip install -r requirements.txt; fi[0m
2022-12-27T11:30:10.8318510Z   [38;5;244mbefore_test: [0m
2022-12-27T11:30:10.8318840Z   [38;5;244mbuild_frontend: pip[0m
2022-12-27T11:30:10.8319090Z   build_verbosity: 3[0m
2022-12-27T11:30:10.8319370Z   [38;5;244mconfig_settings: [0m
2022-12-27T11:30:10.8319680Z   [38;5;244mdependency_constraints: pinned[0m
2022-12-27T11:30:10.8319980Z   environment: 
2022-12-27T11:30:10.8320250Z     CFLAGS="-I/usr/local/opt/openssl@3/include"
2022-12-27T11:30:10.8320580Z     LDFLAGS="-L/usr/local/opt/openssl@3/lib"
2022-12-27T11:30:10.8320900Z     CPPFLAGS="-I/usr/local/opt/openssl@3/include"
2022-12-27T11:30:10.8321200Z     MAKEFLAGS="-j$(sysctl -n hw.logicalcpu)"
2022-12-27T11:30:10.8321740Z     PATH=/usr/local/opt/ccache/libexec:$PATH[0m
2022-12-27T11:30:10.8322150Z   [38;5;244mmanylinux_images: None[0m
2022-12-27T11:30:10.8322420Z   [38;5;244mmusllinux_images: None[0m
2022-12-27T11:30:10.8322840Z   [38;5;244mrepair_command: delocate-wheel --require-archs {delocate_archs} -w {dest_dir} -v {wheel}[0m
2022-12-27T11:30:10.8323480Z   [38;5;244mtest_command: [0m
2022-12-27T11:30:10.8323770Z   [38;5;244mtest_extras: [0m
2022-12-27T11:30:10.8324100Z   [38;5;244mtest_requires: [0m
2022-12-27T11:30:10.8324250Z 
2022-12-27T11:30:10.8324410Z Cache folder: /Users/runner/Library/Caches/cibuildwheel
2022-12-27T11:30:10.8332110Z 
2022-12-27T11:30:10.8332470Z Here we go!
2022-12-27T11:30:10.8332660Z 
2022-12-27T11:30:10.8450880Z 
2022-12-27T11:30:10.8451530Z [1m[34mBuilding cp310-macosx_arm64 wheel[0m
2022-12-27T11:30:10.8451890Z CPython 3.10 macOS arm64 - Apple Silicon
2022-12-27T11:30:10.8452070Z 
2022-12-27T11:30:10.8454600Z ##[group]Installing Python cp310...
2022-12-27T11:30:10.8454800Z 
2022-12-27T11:30:10.8454980Z + pkgutil --pkgs
2022-12-27T11:30:10.8553900Z ##[endgroup]
2022-12-27T11:30:10.8555460Z                                                               [32m✓ [0m0.01s
2022-12-27T11:30:10.8555980Z ##[group]Setting up build environment...
2022-12-27T11:30:10.8556220Z 
2022-12-27T11:30:10.8573390Z + /Users/runner/hostedtoolcache/Python/3.10.9/x64/bin/python -sS /Users/runner/Library/Caches/cibuildwheel/virtualenv-20.17.0.pyz --activators= --no-periodic-update --pip=22.3.1 --setuptools=65.6.3 --wheel=0.38.4 --symlink-app-data --python /Library/Frameworks/Python.framework/Versions/3.10/bin/python3 /private/var/folders/51/hd414ycd67n82196sw51xqtc0000gn/T/cibw-run-fg4fpvfe/cp310-macosx_arm64/build/venv
2022-12-27T11:30:11.0642410Z created virtual environment CPython3.10.8.final.0-64 in 55ms
2022-12-27T11:30:11.0643080Z   creator CPython3Posix(dest=/private/var/folders/51/hd414ycd67n82196sw51xqtc0000gn/T/cibw-run-fg4fpvfe/cp310-macosx_arm64/build/venv, clear=False, no_vcs_ignore=False, global=False)
2022-12-27T11:30:11.0643760Z   seeder FromAppData(download=False, pip=22.3.1, setuptools=65.6.3, wheel=0.38.4, via=symlink, app_data_dir=/Users/runner/Library/Application Support/virtualenv)
2022-12-27T11:30:11.0644120Z     added seed packages: pip==22.3.1, setuptools==65.6.3, wheel==0.38.4
2022-12-27T11:30:11.0797710Z + python -m pip install --upgrade pip -c /Users/runner/hostedtoolcache/Python/3.10.9/x64/lib/python3.10/site-packages/cibuildwheel/resources/constraints-python310.txt
2022-12-27T11:30:11.3473610Z Requirement already satisfied: pip in ./lib/python3.10/site-packages (22.3.1)
2022-12-27T11:30:11.4713650Z + which pip
2022-12-27T11:30:11.4735960Z /private/var/folders/51/hd414ycd67n82196sw51xqtc0000gn/T/cibw-run-fg4fpvfe/cp310-macosx_arm64/build/venv/bin/pip
2022-12-27T11:30:11.4739280Z + pip --version
2022-12-27T11:30:11.6704460Z pip 22.3.1 from /private/var/folders/51/hd414ycd67n82196sw51xqtc0000gn/T/cibw-run-fg4fpvfe/cp310-macosx_arm64/build/venv/lib/python3.10/site-packages/pip (python 3.10)
2022-12-27T11:30:11.6919700Z + which pip
2022-12-27T11:30:11.6948070Z + which python
2022-12-27T11:30:11.6967300Z /private/var/folders/51/hd414ycd67n82196sw51xqtc0000gn/T/cibw-run-fg4fpvfe/cp310-macosx_arm64/build/venv/bin/python
2022-12-27T11:30:11.6971060Z + python --version
2022-12-27T11:30:11.7018970Z Python 3.10.8
2022-12-27T11:30:11.7023700Z + which python
2022-12-27T11:30:11.7088530Z ##[endgroup]
2022-12-27T11:30:11.7089120Z                                                               [32m✓ [0m0.85s
2022-12-27T11:30:11.7089590Z ##[group]Installing build tools...
2022-12-27T11:30:11.7089750Z 
2022-12-27T11:30:11.7090250Z + pip install --upgrade setuptools wheel delocate -c /Users/runner/hostedtoolcache/Python/3.10.9/x64/lib/python3.10/site-packages/cibuildwheel/resources/constraints-python310.txt
2022-12-27T11:30:11.9745080Z Requirement already satisfied: setuptools in /private/var/folders/51/hd414ycd67n82196sw51xqtc0000gn/T/cibw-run-fg4fpvfe/cp310-macosx_arm64/build/venv/lib/python3.10/site-packages (65.6.3)
2022-12-27T11:30:12.1916830Z Requirement already satisfied: wheel in /private/var/folders/51/hd414ycd67n82196sw51xqtc0000gn/T/cibw-run-fg4fpvfe/cp310-macosx_arm64/build/venv/lib/python3.10/site-packages (0.38.4)
2022-12-27T11:30:12.2376830Z Collecting delocate
2022-12-27T11:30:12.2399310Z   Using cached delocate-0.10.3-py3-none-any.whl (142 kB)
2022-12-27T11:30:12.2689900Z Collecting packaging>=20.9
2022-12-27T11:30:12.2713820Z   Using cached packaging-21.3-py3-none-any.whl (40 kB)
2022-12-27T11:30:12.2866330Z Collecting typing-extensions
2022-12-27T11:30:12.2883490Z   Using cached typing_extensions-4.4.0-py3-none-any.whl (26 kB)
2022-12-27T11:30:12.3198090Z Collecting pyparsing!=3.0.5,>=2.0.2
2022-12-27T11:30:12.3220110Z   Using cached pyparsing-3.0.9-py3-none-any.whl (98 kB)
2022-12-27T11:30:12.3537270Z Installing collected packages: typing-extensions, pyparsing, packaging, delocate
2022-12-27T11:30:12.4816270Z Successfully installed delocate-0.10.3 packaging-21.3 pyparsing-3.0.9 typing-extensions-4.4.0
2022-12-27T11:30:12.5288010Z ##[endgroup]
2022-12-27T11:30:12.5288570Z                                                               [32m✓ [0m0.82s
2022-12-27T11:30:12.5288990Z ##[group]Running before_build...
2022-12-27T11:30:12.5289200Z 
2022-12-27T11:30:12.5296720Z + pip install Cython; if [[ -f requirements.txt ]]; then pip install -r requirements.txt; fi
2022-12-27T11:30:13.1190510Z Collecting Cython
2022-12-27T11:30:13.1235590Z   Using cached Cython-0.29.32-py2.py3-none-any.whl (986 kB)
2022-12-27T11:30:13.1676550Z Installing collected packages: Cython
2022-12-27T11:30:13.5534980Z Successfully installed Cython-0.29.32
2022-12-27T11:30:13.5956720Z ##[endgroup]
2022-12-27T11:30:13.5957590Z                                                               [32m✓ [0m1.07s
2022-12-27T11:30:13.5958080Z ##[group]Building wheel...
2022-12-27T11:30:13.5958190Z 
2022-12-27T11:30:13.5963440Z + python -m pip wheel /Users/runner/actions-runner/_work/python.build/python.build/build_lxml22alpha1310/lxml-2.2alpha1 --wheel-dir=/private/var/folders/51/hd414ycd67n82196sw51xqtc0000gn/T/cibw-run-fg4fpvfe/cp310-macosx_arm64/built_wheel --no-deps -vvv
2022-12-27T11:30:13.8425410Z Created temporary directory: /private/var/folders/51/hd414ycd67n82196sw51xqtc0000gn/T/pip-ephem-wheel-cache-wil_w27b
2022-12-27T11:30:13.8429270Z Created temporary directory: /private/var/folders/51/hd414ycd67n82196sw51xqtc0000gn/T/pip-build-tracker-pc33k3ir
2022-12-27T11:30:13.8431270Z Initialized build tracking at /private/var/folders/51/hd414ycd67n82196sw51xqtc0000gn/T/pip-build-tracker-pc33k3ir
2022-12-27T11:30:13.8431990Z Created build tracker: /private/var/folders/51/hd414ycd67n82196sw51xqtc0000gn/T/pip-build-tracker-pc33k3ir
2022-12-27T11:30:13.8433430Z Entered build tracker: /private/var/folders/51/hd414ycd67n82196sw51xqtc0000gn/T/pip-build-tracker-pc33k3ir
2022-12-27T11:30:13.8436340Z Created temporary directory: /private/var/folders/51/hd414ycd67n82196sw51xqtc0000gn/T/pip-wheel-v7fszoo0
2022-12-27T11:30:13.8441850Z Created temporary directory: /private/var/folders/51/hd414ycd67n82196sw51xqtc0000gn/T/pip-ephem-wheel-cache-byrm3mz7
2022-12-27T11:30:13.8576200Z Processing /Users/runner/actions-runner/_work/python.build/python.build/build_lxml22alpha1310/lxml-2.2alpha1
2022-12-27T11:30:13.8581000Z   Added file:///Users/runner/actions-runner/_work/python.build/python.build/build_lxml22alpha1310/lxml-2.2alpha1 to build tracker '/private/var/folders/51/hd414ycd67n82196sw51xqtc0000gn/T/pip-build-tracker-pc33k3ir'
2022-12-27T11:30:13.8584570Z   Running setup.py (path:/Users/runner/actions-runner/_work/python.build/python.build/build_lxml22alpha1310/lxml-2.2alpha1/setup.py) egg_info for package from file:///Users/runner/actions-runner/_work/python.build/python.build/build_lxml22alpha1310/lxml-2.2alpha1
2022-12-27T11:30:13.8587330Z   Created temporary directory: /private/var/folders/51/hd414ycd67n82196sw51xqtc0000gn/T/pip-pip-egg-info-3ecjbcfv
2022-12-27T11:30:13.8588640Z   Preparing metadata (setup.py): started
2022-12-27T11:30:13.8590240Z   Running command python setup.py egg_info
2022-12-27T11:30:14.1925560Z   /private/var/folders/51/hd414ycd67n82196sw51xqtc0000gn/T/cibw-run-fg4fpvfe/cp310-macosx_arm64/build/venv/lib/python3.10/site-packages/setuptools/dist.py:529: UserWarning: Normalizing '2.2alpha1' to '2.2a1'
2022-12-27T11:30:14.1926690Z     warnings.warn(tmpl.format(**locals()))
2022-12-27T11:30:14.1973900Z   Building lxml version 2.2.alpha1.
2022-12-27T11:30:14.1975360Z   Building with Cython 0.29.32.
2022-12-27T11:30:14.1977130Z   Using build configuration of libxslt 1.1.29
2022-12-27T11:30:14.1979150Z   Building against libxml2/libxslt in the following directory: /Library/Developer/CommandLineTools/SDKs/MacOSX12.1.sdk/usr/lib
2022-12-27T11:30:14.1980150Z   running egg_info
2022-12-27T11:30:14.1982330Z   creating /private/var/folders/51/hd414ycd67n82196sw51xqtc0000gn/T/pip-pip-egg-info-3ecjbcfv/lxml.egg-info
2022-12-27T11:30:14.1991540Z   writing /private/var/folders/51/hd414ycd67n82196sw51xqtc0000gn/T/pip-pip-egg-info-3ecjbcfv/lxml.egg-info/PKG-INFO
2022-12-27T11:30:14.1995860Z   writing dependency_links to /private/var/folders/51/hd414ycd67n82196sw51xqtc0000gn/T/pip-pip-egg-info-3ecjbcfv/lxml.egg-info/dependency_links.txt
2022-12-27T11:30:14.2001730Z   writing top-level names to /private/var/folders/51/hd414ycd67n82196sw51xqtc0000gn/T/pip-pip-egg-info-3ecjbcfv/lxml.egg-info/top_level.txt
2022-12-27T11:30:14.2003020Z   writing manifest file '/private/var/folders/51/hd414ycd67n82196sw51xqtc0000gn/T/pip-pip-egg-info-3ecjbcfv/lxml.egg-info/SOURCES.txt'
2022-12-27T11:30:14.2052250Z   reading manifest file '/private/var/folders/51/hd414ycd67n82196sw51xqtc0000gn/T/pip-pip-egg-info-3ecjbcfv/lxml.egg-info/SOURCES.txt'
2022-12-27T11:30:14.2054150Z   reading manifest template 'MANIFEST.in'
2022-12-27T11:30:14.2818880Z   adding license file 'LICENSES.txt'
2022-12-27T11:30:14.2876310Z   writing manifest file '/private/var/folders/51/hd414ycd67n82196sw51xqtc0000gn/T/pip-pip-egg-info-3ecjbcfv/lxml.egg-info/SOURCES.txt'
2022-12-27T11:30:14.3137640Z   Preparing metadata (setup.py): finished with status 'done'
2022-12-27T11:30:14.3159320Z   Source in /Users/runner/actions-runner/_work/python.build/python.build/build_lxml22alpha1310/lxml-2.2alpha1 has version 2.2a1, which satisfies requirement lxml==2.2a1 from file:///Users/runner/actions-runner/_work/python.build/python.build/build_lxml22alpha1310/lxml-2.2alpha1
2022-12-27T11:30:14.3162560Z   Removed lxml==2.2a1 from file:///Users/runner/actions-runner/_work/python.build/python.build/build_lxml22alpha1310/lxml-2.2alpha1 from build tracker '/private/var/folders/51/hd414ycd67n82196sw51xqtc0000gn/T/pip-build-tracker-pc33k3ir'
2022-12-27T11:30:14.3176920Z Created temporary directory: /private/var/folders/51/hd414ycd67n82196sw51xqtc0000gn/T/pip-unpack-oosyeyue
2022-12-27T11:30:14.3178850Z Building wheels for collected packages: lxml
2022-12-27T11:30:14.3184520Z   Created temporary directory: /private/var/folders/51/hd414ycd67n82196sw51xqtc0000gn/T/pip-wheel-24jp7wwe
2022-12-27T11:30:14.3186470Z   Building wheel for lxml (setup.py): started
2022-12-27T11:30:14.3188670Z   Destination directory: /private/var/folders/51/hd414ycd67n82196sw51xqtc0000gn/T/pip-wheel-24jp7wwe
2022-12-27T11:30:14.3189900Z   Running command python setup.py bdist_wheel
2022-12-27T11:30:14.5357800Z   Building lxml version 2.2.alpha1.
2022-12-27T11:30:14.5359660Z   Building with Cython 0.29.32.
2022-12-27T11:30:14.5482440Z   Using build configuration of libxslt 1.1.29
2022-12-27T11:30:14.6418630Z   Building against libxml2/libxslt in the following directory: /Library/Developer/CommandLineTools/SDKs/MacOSX12.1.sdk/usr/lib
2022-12-27T11:30:14.6508010Z   /private/var/folders/51/hd414ycd67n82196sw51xqtc0000gn/T/cibw-run-fg4fpvfe/cp310-macosx_arm64/build/venv/lib/python3.10/site-packages/setuptools/dist.py:529: UserWarning: Normalizing '2.2alpha1' to '2.2a1'
2022-12-27T11:30:14.6509730Z     warnings.warn(tmpl.format(**locals()))
2022-12-27T11:30:14.6630390Z   running bdist_wheel
2022-12-27T11:30:14.6666250Z   running build
2022-12-27T11:30:14.6668110Z   running build_py
2022-12-27T11:30:14.6690530Z   creating build
2022-12-27T11:30:14.6692870Z   creating build/lib.macosx-11.0-arm64-cpython-310
2022-12-27T11:30:14.6694250Z   creating build/lib.macosx-11.0-arm64-cpython-310/lxml
2022-12-27T11:30:14.6695850Z   copying src/lxml/_elementpath.py -> build/lib.macosx-11.0-arm64-cpython-310/lxml
2022-12-27T11:30:14.6699570Z   copying src/lxml/sax.py -> build/lib.macosx-11.0-arm64-cpython-310/lxml
2022-12-27T11:30:14.6702610Z   copying src/lxml/pyclasslookup.py -> build/lib.macosx-11.0-arm64-cpython-310/lxml
2022-12-27T11:30:14.6707580Z   copying src/lxml/__init__.py -> build/lib.macosx-11.0-arm64-cpython-310/lxml
2022-12-27T11:30:14.6709630Z   copying src/lxml/builder.py -> build/lib.macosx-11.0-arm64-cpython-310/lxml
2022-12-27T11:30:14.6710990Z   copying src/lxml/doctestcompare.py -> build/lib.macosx-11.0-arm64-cpython-310/lxml
2022-12-27T11:30:14.6714520Z   copying src/lxml/usedoctest.py -> build/lib.macosx-11.0-arm64-cpython-310/lxml
2022-12-27T11:30:14.6716460Z   copying src/lxml/cssselect.py -> build/lib.macosx-11.0-arm64-cpython-310/lxml
2022-12-27T11:30:14.6719240Z   copying src/lxml/ElementInclude.py -> build/lib.macosx-11.0-arm64-cpython-310/lxml
2022-12-27T11:30:14.6726720Z   creating build/lib.macosx-11.0-arm64-cpython-310/lxml/html
2022-12-27T11:30:14.6728200Z   copying src/lxml/html/soupparser.py -> build/lib.macosx-11.0-arm64-cpython-310/lxml/html
2022-12-27T11:30:14.6731290Z   copying src/lxml/html/defs.py -> build/lib.macosx-11.0-arm64-cpython-310/lxml/html
2022-12-27T11:30:14.6733490Z   copying src/lxml/html/_setmixin.py -> build/lib.macosx-11.0-arm64-cpython-310/lxml/html
2022-12-27T11:30:14.6736180Z   copying src/lxml/html/clean.py -> build/lib.macosx-11.0-arm64-cpython-310/lxml/html
2022-12-27T11:30:14.6737980Z   copying src/lxml/html/_diffcommand.py -> build/lib.macosx-11.0-arm64-cpython-310/lxml/html
2022-12-27T11:30:14.6741080Z   copying src/lxml/html/html5parser.py -> build/lib.macosx-11.0-arm64-cpython-310/lxml/html
2022-12-27T11:30:14.6743140Z   copying src/lxml/html/__init__.py -> build/lib.macosx-11.0-arm64-cpython-310/lxml/html
2022-12-27T11:30:14.6746080Z   copying src/lxml/html/formfill.py -> build/lib.macosx-11.0-arm64-cpython-310/lxml/html
2022-12-27T11:30:14.6748930Z   copying src/lxml/html/builder.py -> build/lib.macosx-11.0-arm64-cpython-310/lxml/html
2022-12-27T11:30:14.6750530Z   copying src/lxml/html/ElementSoup.py -> build/lib.macosx-11.0-arm64-cpython-310/lxml/html
2022-12-27T11:30:14.6753410Z   copying src/lxml/html/_html5builder.py -> build/lib.macosx-11.0-arm64-cpython-310/lxml/html
2022-12-27T11:30:14.6755090Z   copying src/lxml/html/usedoctest.py -> build/lib.macosx-11.0-arm64-cpython-310/lxml/html
2022-12-27T11:30:14.6757890Z   copying src/lxml/html/diff.py -> build/lib.macosx-11.0-arm64-cpython-310/lxml/html
2022-12-27T11:30:14.6761210Z   copying src/lxml/html/_dictmixin.py -> build/lib.macosx-11.0-arm64-cpython-310/lxml/html
2022-12-27T11:30:14.6771180Z   running build_ext
2022-12-27T11:30:14.6896990Z   skipping 'src/lxml/lxml.etree.c' Cython extension (up-to-date)
2022-12-27T11:30:14.6900350Z   skipping 'src/lxml/lxml.objectify.c' Cython extension (up-to-date)
2022-12-27T11:30:14.6902060Z   building 'lxml.etree' extension
2022-12-27T11:30:14.6904310Z   creating build/temp.macosx-11.0-arm64-cpython-310
2022-12-27T11:30:14.6905860Z   creating build/temp.macosx-11.0-arm64-cpython-310/src
2022-12-27T11:30:14.6907320Z   creating build/temp.macosx-11.0-arm64-cpython-310/src/lxml
2022-12-27T11:30:14.6909790Z   clang -Wno-unused-result -Wsign-compare -Wunreachable-code -fno-common -dynamic -DNDEBUG -g -fwrapv -O3 -Wall -g -I/usr/local/opt/openssl@3/include -I/usr/local/opt/openssl@3/include -arch arm64 -I/Library/Developer/CommandLineTools/SDKs/MacOSX12.1.sdk/usr/include -I/private/var/folders/51/hd414ycd67n82196sw51xqtc0000gn/T/cibw-run-fg4fpvfe/cp310-macosx_arm64/build/venv/include -I/Library/Frameworks/Python.framework/Versions/3.10/include/python3.10 -c src/lxml/lxml.etree.c -o build/temp.macosx-11.0-arm64-cpython-310/src/lxml/lxml.etree.o -w -flat_namespace
2022-12-27T11:30:15.0778330Z   src/lxml/lxml.etree.c:105320:5: error: expression is not assignable
2022-12-27T11:30:15.0779840Z       ++Py_REFCNT(o);
2022-12-27T11:30:15.0781640Z       ^ ~~~~~~~~~~~~
2022-12-27T11:30:15.0783180Z   src/lxml/lxml.etree.c:105323:5: error: expression is not assignable
2022-12-27T11:30:15.0785110Z       --Py_REFCNT(o);
2022-12-27T11:30:15.0785840Z       ^ ~~~~~~~~~~~~
2022-12-27T11:30:15.0787660Z   src/lxml/lxml.etree.c:105517:5: error: expression is not assignable
2022-12-27T11:30:15.0788960Z       ++Py_REFCNT(o);
2022-12-27T11:30:15.0790190Z       ^ ~~~~~~~~~~~~
2022-12-27T11:30:15.0791500Z   src/lxml/lxml.etree.c:105520:5: error: expression is not assignable
2022-12-27T11:30:15.0792870Z       --Py_REFCNT(o);
2022-12-27T11:30:15.0794940Z       ^ ~~~~~~~~~~~~
2022-12-27T11:30:15.0972790Z   src/lxml/lxml.etree.c:114642:5: error: expression is not assignable
2022-12-27T11:30:15.0974000Z       ++Py_REFCNT(o);
2022-12-27T11:30:15.0976040Z       ^ ~~~~~~~~~~~~
2022-12-27T11:30:15.0977550Z   src/lxml/lxml.etree.c:114645:5: error: expression is not assignable
2022-12-27T11:30:15.0978910Z       --Py_REFCNT(o);
2022-12-27T11:30:15.0980450Z       ^ ~~~~~~~~~~~~
2022-12-27T11:30:15.0984430Z   src/lxml/lxml.etree.c:115207:5: error: expression is not assignable
2022-12-27T11:30:15.0985540Z       ++Py_REFCNT(o);
2022-12-27T11:30:15.0987110Z       ^ ~~~~~~~~~~~~
2022-12-27T11:30:15.0988190Z   src/lxml/lxml.etree.c:115210:5: error: expression is not assignable
2022-12-27T11:30:15.0989910Z       --Py_REFCNT(o);
2022-12-27T11:30:15.0990660Z       ^ ~~~~~~~~~~~~
2022-12-27T11:30:15.0992200Z   src/lxml/lxml.etree.c:115586:5: error: expression is not assignable
2022-12-27T11:30:15.0993400Z       ++Py_REFCNT(o);
2022-12-27T11:30:15.0994580Z       ^ ~~~~~~~~~~~~
2022-12-27T11:30:15.0995990Z   src/lxml/lxml.etree.c:115589:5: error: expression is not assignable
2022-12-27T11:30:15.0997190Z       --Py_REFCNT(o);
2022-12-27T11:30:15.0998320Z       ^ ~~~~~~~~~~~~
2022-12-27T11:30:15.0999650Z   src/lxml/lxml.etree.c:115759:5: error: expression is not assignable
2022-12-27T11:30:15.1001130Z       ++Py_REFCNT(o);
2022-12-27T11:30:15.1002100Z       ^ ~~~~~~~~~~~~
2022-12-27T11:30:15.1003410Z   src/lxml/lxml.etree.c:115762:5: error: expression is not assignable
2022-12-27T11:30:15.1004670Z       --Py_REFCNT(o);
2022-12-27T11:30:15.1006360Z       ^ ~~~~~~~~~~~~
2022-12-27T11:30:15.1084980Z   src/lxml/lxml.etree.c:119559:5: error: expression is not assignable
2022-12-27T11:30:15.1085980Z       ++Py_REFCNT(o);
2022-12-27T11:30:15.1087540Z       ^ ~~~~~~~~~~~~
2022-12-27T11:30:15.1088680Z   src/lxml/lxml.etree.c:119562:5: error: expression is not assignable
2022-12-27T11:30:15.1090070Z       --Py_REFCNT(o);
2022-12-27T11:30:15.1153530Z       ^ ~~~~~~~~~~~~
2022-12-27T11:30:15.1154100Z   src/lxml/lxml.etree.c:120109:5: error: expression is not assignable
2022-12-27T11:30:15.1154690Z       ++Py_REFCNT(o);
2022-12-27T11:30:15.1154920Z       ^ ~~~~~~~~~~~~
2022-12-27T11:30:15.1155290Z   src/lxml/lxml.etree.c:120112:5: error: expression is not assignable
2022-12-27T11:30:15.1155790Z       --Py_REFCNT(o);
2022-12-27T11:30:15.1156060Z       ^ ~~~~~~~~~~~~
2022-12-27T11:30:15.1156310Z   src/lxml/lxml.etree.c:120645:5: error: expression is not assignable
2022-12-27T11:30:15.1156600Z       ++Py_REFCNT(o);
2022-12-27T11:30:15.1156880Z       ^ ~~~~~~~~~~~~
2022-12-27T11:30:15.1157260Z   src/lxml/lxml.etree.c:120648:5: error: expression is not assignable
2022-12-27T11:30:15.1157710Z       --Py_REFCNT(o);
2022-12-27T11:30:15.1157950Z       ^ ~~~~~~~~~~~~
2022-12-27T11:30:15.1158260Z   src/lxml/lxml.etree.c:121020:5: error: expression is not assignable
2022-12-27T11:30:15.1158520Z       ++Py_REFCNT(o);
2022-12-27T11:30:15.1158860Z       ^ ~~~~~~~~~~~~
2022-12-27T11:30:15.1159290Z   fatal error: too many errors emitted, stopping now [-ferror-limit=]
2022-12-27T11:30:15.1497110Z   20 errors generated.
2022-12-27T11:30:15.1534720Z   error: command '/usr/bin/clang' failed with exit code 1
2022-12-27T11:30:15.1894750Z   error: subprocess-exited-with-error
2022-12-27T11:30:15.1895140Z   
2022-12-27T11:30:15.1895610Z   × python setup.py bdist_wheel did not run successfully.
2022-12-27T11:30:15.1895910Z   │ exit code: 1
2022-12-27T11:30:15.1896230Z   ╰─> See above for output.
2022-12-27T11:30:15.1896990Z   
2022-12-27T11:30:15.1897290Z   note: This error originates from a subprocess, and is likely not a problem with pip.
2022-12-27T11:30:15.1903100Z   full command: /private/var/folders/51/hd414ycd67n82196sw51xqtc0000gn/T/cibw-run-fg4fpvfe/cp310-macosx_arm64/build/venv/bin/python -u -c '
2022-12-27T11:30:15.1903930Z   exec(compile('"'"''"'"''"'"'
2022-12-27T11:30:15.1904640Z   # This is <pip-setuptools-caller> -- a caller that pip uses to run setup.py
2022-12-27T11:30:15.1905000Z   #
2022-12-27T11:30:15.1905810Z   # - It imports setuptools before invoking setup.py, to enable projects that directly
2022-12-27T11:30:15.1906400Z   #   import from `distutils.core` to work with newer packaging standards.
2022-12-27T11:30:15.1906990Z   # - It provides a clear error message when setuptools is not installed.
2022-12-27T11:30:15.1908140Z   # - It sets `sys.argv[0]` to the underlying `setup.py`, when invoking `setup.py` so
2022-12-27T11:30:15.1908690Z   #   setuptools doesn'"'"'t think the script is `-c`. This avoids the following warning:
2022-12-27T11:30:15.1909140Z   #     manifest_maker: standard file '"'"'-c'"'"' not found".
2022-12-27T11:30:15.1909520Z   # - It generates a shim setup.py, for handling setup.cfg-only projects.
2022-12-27T11:30:15.1909880Z   import os, sys, tokenize
2022-12-27T11:30:15.1910110Z   
2022-12-27T11:30:15.1910270Z   try:
2022-12-27T11:30:15.1910500Z       import setuptools
2022-12-27T11:30:15.1910780Z   except ImportError as error:
2022-12-27T11:30:15.1910980Z       print(
2022-12-27T11:30:15.1911280Z           "ERROR: Can not execute `setup.py` since setuptools is not available in "
2022-12-27T11:30:15.1911580Z           "the build environment.",
2022-12-27T11:30:15.1911790Z           file=sys.stderr,
2022-12-27T11:30:15.1912090Z       )
2022-12-27T11:30:15.1912270Z       sys.exit(1)
2022-12-27T11:30:15.1912440Z   
2022-12-27T11:30:15.1912890Z   __file__ = %r
2022-12-27T11:30:15.1913150Z   sys.argv[0] = __file__
2022-12-27T11:30:15.1913400Z   
2022-12-27T11:30:15.1913610Z   if os.path.exists(__file__):
2022-12-27T11:30:15.1913870Z       filename = __file__
2022-12-27T11:30:15.1914140Z       with tokenize.open(__file__) as f:
2022-12-27T11:30:15.1914400Z           setup_py_code = f.read()
2022-12-27T11:30:15.1914630Z   else:
2022-12-27T11:30:15.1914980Z       filename = "<auto-generated setuptools caller>"
2022-12-27T11:30:15.1915260Z       setup_py_code = "from setuptools import setup; setup()"
2022-12-27T11:30:15.1915680Z   Building wheel for lxml (setup.py): finished with status 'error'
2022-12-27T11:30:15.1915920Z   
2022-12-27T11:30:15.1916120Z   exec(compile(setup_py_code, filename, "exec"))
2022-12-27T11:30:15.1916910Z   '"'"''"'"''"'"' % ('"'"'/Users/runner/actions-runner/_work/python.build/python.build/build_lxml22alpha1310/lxml-2.2alpha1/setup.py'"'"',), "<pip-setuptools-caller>", "exec"))' bdist_wheel -d /private/var/folders/51/hd414ycd67n82196sw51xqtc0000gn/T/pip-wheel-24jp7wwe
2022-12-27T11:30:15.1917640Z   cwd: /Users/runner/actions-runner/_work/python.build/python.build/build_lxml22alpha1310/lxml-2.2alpha1/
2022-12-27T11:30:15.1918000Z   ERROR: Failed building wheel for lxml
2022-12-27T11:30:15.1918250Z   Running command python setup.py clean
2022-12-27T11:30:15.1918520Z   Running setup.py clean for lxml
2022-12-27T11:30:15.4098100Z   Building lxml version 2.2.alpha1.
2022-12-27T11:30:15.4099370Z   Building with Cython 0.29.32.
2022-12-27T11:30:15.4227460Z   Using build configuration of libxslt 1.1.29
2022-12-27T11:30:15.5159470Z   Building against libxml2/libxslt in the following directory: /Library/Developer/CommandLineTools/SDKs/MacOSX12.1.sdk/usr/lib
2022-12-27T11:30:15.5248640Z   /private/var/folders/51/hd414ycd67n82196sw51xqtc0000gn/T/cibw-run-fg4fpvfe/cp310-macosx_arm64/build/venv/lib/python3.10/site-packages/setuptools/dist.py:529: UserWarning: Normalizing '2.2alpha1' to '2.2a1'
2022-12-27T11:30:15.5249730Z     warnings.warn(tmpl.format(**locals()))
2022-12-27T11:30:15.5279410Z   running clean
2022-12-27T11:30:15.5302790Z   removing 'build/temp.macosx-11.0-arm64-cpython-310' (and everything under it)
2022-12-27T11:30:15.5306050Z   removing 'build/lib.macosx-11.0-arm64-cpython-310' (and everything under it)
2022-12-27T11:30:15.5325580Z   'build/bdist.macosx-11.0-arm64' does not exist -- can't clean it
2022-12-27T11:30:15.5327400Z   'build/scripts-3.10' does not exist -- can't clean it
2022-12-27T11:30:15.5328690Z   removing 'build'
2022-12-27T11:30:15.5565950Z Failed to build lxml
2022-12-27T11:30:15.5569980Z ERROR: Failed to build one or more wheels
2022-12-27T11:30:15.5579280Z Exception information:
2022-12-27T11:30:15.5579480Z Traceback (most recent call last):
2022-12-27T11:30:15.5586140Z   File "/private/var/folders/51/hd414ycd67n82196sw51xqtc0000gn/T/cibw-run-fg4fpvfe/cp310-macosx_arm64/build/venv/lib/python3.10/site-packages/pip/_internal/cli/base_command.py", line 160, in exc_logging_wrapper
2022-12-27T11:30:15.5586590Z     status = run_func(*args)
2022-12-27T11:30:15.5587170Z   File "/private/var/folders/51/hd414ycd67n82196sw51xqtc0000gn/T/cibw-run-fg4fpvfe/cp310-macosx_arm64/build/venv/lib/python3.10/site-packages/pip/_internal/cli/req_command.py", line 247, in wrapper
2022-12-27T11:30:15.5587560Z     return func(self, options, args)
2022-12-27T11:30:15.5588120Z   File "/private/var/folders/51/hd414ycd67n82196sw51xqtc0000gn/T/cibw-run-fg4fpvfe/cp310-macosx_arm64/build/venv/lib/python3.10/site-packages/pip/_internal/commands/wheel.py", line 201, in run
2022-12-27T11:30:15.5588550Z     raise CommandError("Failed to build one or more wheels")
2022-12-27T11:30:15.5588830Z pip._internal.exceptions.CommandError: Failed to build one or more wheels
2022-12-27T11:30:15.5589240Z Removed build tracker: '/private/var/folders/51/hd414ycd67n82196sw51xqtc0000gn/T/pip-build-tracker-pc33k3ir'
2022-12-27T11:30:15.5980440Z ##[endgroup]
2022-12-27T11:30:15.6001910Z ##[error]Command ['python', '-m', 'pip', 'wheel', '/Users/runner/actions-runner/_work/python.build/python.build/build_lxml22alpha1310/lxml-2.2alpha1', '--wheel-dir=/private/var/folders/51/hd414ycd67n82196sw51xqtc0000gn/T/cibw-run-fg4fpvfe/cp310-macosx_arm64/built_wheel', '--no-deps', '-vvv'] failed with code 1. None
2022-12-27T11:30:15.6007860Z 
2022-12-27T11:30:15.6008110Z                                                               [31m✕ [0m2.00s
2022-12-27T11:30:15.6428670Z ##[error]Process completed with exit code 1.
2022-12-27T11:30:15.6460850Z ##[group]Run rm -rf build_lxml22alpha1310 wheelsout
2022-12-27T11:30:15.6461040Z [36;1mrm -rf build_lxml22alpha1310 wheelsout[0m
2022-12-27T11:30:15.6475660Z shell: /bin/bash -e {0}
2022-12-27T11:30:15.6475770Z env:
2022-12-27T11:30:15.6475900Z   pythonLocation: /Users/runner/hostedtoolcache/Python/3.10.9/x64
2022-12-27T11:30:15.6476090Z   PKG_CONFIG_PATH: /Users/runner/hostedtoolcache/Python/3.10.9/x64/lib/pkgconfig
2022-12-27T11:30:15.6476290Z   Python_ROOT_DIR: /Users/runner/hostedtoolcache/Python/3.10.9/x64
2022-12-27T11:30:15.6476460Z   Python2_ROOT_DIR: /Users/runner/hostedtoolcache/Python/3.10.9/x64
2022-12-27T11:30:15.6476620Z   Python3_ROOT_DIR: /Users/runner/hostedtoolcache/Python/3.10.9/x64
2022-12-27T11:30:15.6476750Z ##[endgroup]
2022-12-27T11:30:15.6998680Z Cleaning up orphan processes
