2022-12-27T01:56:04.4571976Z Requested labels: self-hosted, macOS, X64
2022-12-27T01:56:04.4572042Z Job defined at: kilnbuild/python.build/.github/workflows/mac_arm_build.yml@refs/heads/main
2022-12-27T01:56:04.4572069Z Waiting for a runner to pick up this job...
2022-12-27T02:29:39.6715203Z Job is about to start running on the runner: k1 (organization)
2022-12-27T02:29:43.4714250Z Current runner version: '2.300.2'
2022-12-27T02:29:43.4718930Z Runner name: 'k1'
2022-12-27T02:29:43.4719170Z Runner group name: 'Default'
2022-12-27T02:29:43.4719600Z Machine name: 'k1'
2022-12-27T02:29:43.4721050Z ##[group]GITHUB_TOKEN Permissions
2022-12-27T02:29:43.4721450Z Actions: write
2022-12-27T02:29:43.4721580Z Checks: write
2022-12-27T02:29:43.4721720Z Contents: write
2022-12-27T02:29:43.4721860Z Deployments: write
2022-12-27T02:29:43.4721990Z Discussions: write
2022-12-27T02:29:43.4722120Z Issues: write
2022-12-27T02:29:43.4722250Z Metadata: read
2022-12-27T02:29:43.4722370Z Packages: write
2022-12-27T02:29:43.4722500Z Pages: write
2022-12-27T02:29:43.4722640Z PullRequests: write
2022-12-27T02:29:43.4722790Z RepositoryProjects: write
2022-12-27T02:29:43.4722950Z SecurityEvents: write
2022-12-27T02:29:43.4723080Z Statuses: write
2022-12-27T02:29:43.4723210Z ##[endgroup]
2022-12-27T02:29:43.4725570Z Secret source: Actions
2022-12-27T02:29:43.4725880Z Prepare workflow directory
2022-12-27T02:29:43.5370320Z Prepare all required actions
2022-12-27T02:29:43.5489500Z Getting action download info
2022-12-27T02:29:44.0482710Z Download action repository 'actions/setup-python@v4' (SHA:5ccb29d8773c3f3f653e1705f474dfaa8a06a912)
2022-12-27T02:29:45.7832390Z Download action repository 'actions/upload-artifact@v3' (SHA:83fd05a356d7e2593de66fc9913b3002723633cb)
2022-12-27T02:29:48.0825120Z ##[group]Run echo '{
2022-12-27T02:29:48.0825400Z [36;1mecho '{[0m
2022-12-27T02:29:48.0825600Z [36;1m  "environment_variables": "GRPC_PYTHON_BUILD_WITH_CYTHON=1 GRPC_BUILD_WITH_BORING_SSL_ASM='' GRPC_PYTHON_BUILD_SYSTEM_OPENSSL=TRUE",[0m
2022-12-27T02:29:48.0825790Z [36;1m  "package_name": "grpcio",[0m
2022-12-27T02:29:48.0826030Z [36;1m  "package_url": "https://files.pythonhosted.org/packages/a4/92/be89519c8328d78f88136a4b11951378a28525fd9606fc51c279fff48e5c/grpcio-1.14.2.tar.gz",[0m
2022-12-27T02:29:48.0826240Z [36;1m  "package_version": "1.14.2",[0m
2022-12-27T02:29:48.0826360Z [36;1m  "python_version": "3.8",[0m
2022-12-27T02:29:48.0826480Z [36;1m  "use_ccache": "true"[0m
2022-12-27T02:29:48.0826620Z [36;1m}'[0m
2022-12-27T02:29:48.0842070Z shell: /bin/bash -e {0}
2022-12-27T02:29:48.0842230Z ##[endgroup]
2022-12-27T02:29:48.1072410Z {
2022-12-27T02:29:48.1073850Z   "environment_variables": "GRPC_PYTHON_BUILD_WITH_CYTHON=1 GRPC_BUILD_WITH_BORING_SSL_ASM= GRPC_PYTHON_BUILD_SYSTEM_OPENSSL=TRUE",
2022-12-27T02:29:48.1074160Z   "package_name": "grpcio",
2022-12-27T02:29:48.1074790Z   "package_url": "https://files.pythonhosted.org/packages/a4/92/be89519c8328d78f88136a4b11951378a28525fd9606fc51c279fff48e5c/grpcio-1.14.2.tar.gz",
2022-12-27T02:29:48.1075090Z   "package_version": "1.14.2",
2022-12-27T02:29:48.1075240Z   "python_version": "3.8",
2022-12-27T02:29:48.1075580Z   "use_ccache": "true"
2022-12-27T02:29:48.1075780Z }
2022-12-27T02:29:48.1290370Z ##[group]Run actions/setup-python@v4
2022-12-27T02:29:48.1290620Z with:
2022-12-27T02:29:48.1290880Z   python-version: 3.8
2022-12-27T02:29:48.1291030Z   check-latest: false
2022-12-27T02:29:48.1291410Z   token: ***
2022-12-27T02:29:48.1291680Z   update-environment: true
2022-12-27T02:29:48.1291860Z ##[endgroup]
2022-12-27T02:29:48.2548490Z ##[group]Installed versions
2022-12-27T02:29:48.2649520Z Successfully set up CPython (3.8.15)
2022-12-27T02:29:48.2650710Z ##[endgroup]
2022-12-27T02:29:48.2800880Z ##[group]Run if [ "true" == "true" ]
2022-12-27T02:29:48.2801190Z [36;1mif [ "true" == "true" ][0m
2022-12-27T02:29:48.2801380Z [36;1mthen[0m
2022-12-27T02:29:48.2801570Z [36;1m  echo "CCACHE_PATH_PREPEND=/usr/local/opt/ccache/libexec" >> $GITHUB_OUTPUT[0m
2022-12-27T02:29:48.2801870Z [36;1melse[0m
2022-12-27T02:29:48.2802070Z [36;1m  echo "CCACHE_PATH_PREPEND=" >> $GITHUB_OUTPUT[0m
2022-12-27T02:29:48.2802260Z [36;1mfi[0m
2022-12-27T02:29:48.2819450Z shell: /bin/bash -e {0}
2022-12-27T02:29:48.2819660Z env:
2022-12-27T02:29:48.2819890Z   pythonLocation: /Users/runner/hostedtoolcache/Python/3.8.15/x64
2022-12-27T02:29:48.2820130Z   PKG_CONFIG_PATH: /Users/runner/hostedtoolcache/Python/3.8.15/x64/lib/pkgconfig
2022-12-27T02:29:48.2820940Z   Python_ROOT_DIR: /Users/runner/hostedtoolcache/Python/3.8.15/x64
2022-12-27T02:29:48.2821270Z   Python2_ROOT_DIR: /Users/runner/hostedtoolcache/Python/3.8.15/x64
2022-12-27T02:29:48.2821520Z   Python3_ROOT_DIR: /Users/runner/hostedtoolcache/Python/3.8.15/x64
2022-12-27T02:29:48.2821730Z ##[endgroup]
2022-12-27T02:29:48.2935300Z ##[group]Run echo "BUILD_NAME=$(echo grpcio_1.14.2_3.8 | tr -dc '[:alnum:]\n\r' | tr '[:upper:]' '[:lower:]')" >> $GITHUB_OUTPUT
2022-12-27T02:29:48.2935680Z [36;1mecho "BUILD_NAME=$(echo grpcio_1.14.2_3.8 | tr -dc '[:alnum:]\n\r' | tr '[:upper:]' '[:lower:]')" >> $GITHUB_OUTPUT[0m
2022-12-27T02:29:48.2949660Z shell: /bin/bash -e {0}
2022-12-27T02:29:48.2949850Z env:
2022-12-27T02:29:48.2950070Z   pythonLocation: /Users/runner/hostedtoolcache/Python/3.8.15/x64
2022-12-27T02:29:48.2950310Z   PKG_CONFIG_PATH: /Users/runner/hostedtoolcache/Python/3.8.15/x64/lib/pkgconfig
2022-12-27T02:29:48.2950650Z   Python_ROOT_DIR: /Users/runner/hostedtoolcache/Python/3.8.15/x64
2022-12-27T02:29:48.2951010Z   Python2_ROOT_DIR: /Users/runner/hostedtoolcache/Python/3.8.15/x64
2022-12-27T02:29:48.2951210Z   Python3_ROOT_DIR: /Users/runner/hostedtoolcache/Python/3.8.15/x64
2022-12-27T02:29:48.2951420Z ##[endgroup]
2022-12-27T02:29:48.3108900Z ##[group]Run echo "PYTHON_NO_DOTS=$(echo 3.8 | tr -dc '[:alnum:]\n\r' | tr '[:upper:]' '[:lower:]')" >> $GITHUB_OUTPUT
2022-12-27T02:29:48.3109310Z [36;1mecho "PYTHON_NO_DOTS=$(echo 3.8 | tr -dc '[:alnum:]\n\r' | tr '[:upper:]' '[:lower:]')" >> $GITHUB_OUTPUT[0m
2022-12-27T02:29:48.3123530Z shell: /bin/bash -e {0}
2022-12-27T02:29:48.3123700Z env:
2022-12-27T02:29:48.3123900Z   pythonLocation: /Users/runner/hostedtoolcache/Python/3.8.15/x64
2022-12-27T02:29:48.3124160Z   PKG_CONFIG_PATH: /Users/runner/hostedtoolcache/Python/3.8.15/x64/lib/pkgconfig
2022-12-27T02:29:48.3124370Z   Python_ROOT_DIR: /Users/runner/hostedtoolcache/Python/3.8.15/x64
2022-12-27T02:29:48.3124640Z   Python2_ROOT_DIR: /Users/runner/hostedtoolcache/Python/3.8.15/x64
2022-12-27T02:29:48.3124900Z   Python3_ROOT_DIR: /Users/runner/hostedtoolcache/Python/3.8.15/x64
2022-12-27T02:29:48.3125070Z ##[endgroup]
2022-12-27T02:29:48.3241130Z ##[group]Run rm -rf build_grpcio114238
2022-12-27T02:29:48.3241440Z [36;1mrm -rf build_grpcio114238[0m
2022-12-27T02:29:48.3241640Z [36;1mmkdir build_grpcio114238[0m
2022-12-27T02:29:48.3241810Z [36;1mcd build_grpcio114238[0m
2022-12-27T02:29:48.3242070Z [36;1m/usr/local/bin/wget --quiet https://files.pythonhosted.org/packages/a4/92/be89519c8328d78f88136a4b11951378a28525fd9606fc51c279fff48e5c/grpcio-1.14.2.tar.gz[0m
2022-12-27T02:29:48.3242360Z [36;1mtar xf *.tar.gz[0m
2022-12-27T02:29:48.3242540Z [36;1mcd grpcio-*/[0m
2022-12-27T02:29:48.3242730Z [36;1mpython -m pip install cibuildwheel==2.11.3[0m
2022-12-27T02:29:48.3242920Z [36;1mpython -m cibuildwheel --output-dir ../wheelsout[0m
2022-12-27T02:29:48.3256770Z shell: /bin/bash -e {0}
2022-12-27T02:29:48.3256950Z env:
2022-12-27T02:29:48.3257160Z   pythonLocation: /Users/runner/hostedtoolcache/Python/3.8.15/x64
2022-12-27T02:29:48.3257500Z   PKG_CONFIG_PATH: /Users/runner/hostedtoolcache/Python/3.8.15/x64/lib/pkgconfig
2022-12-27T02:29:48.3257750Z   Python_ROOT_DIR: /Users/runner/hostedtoolcache/Python/3.8.15/x64
2022-12-27T02:29:48.3257980Z   Python2_ROOT_DIR: /Users/runner/hostedtoolcache/Python/3.8.15/x64
2022-12-27T02:29:48.3258210Z   Python3_ROOT_DIR: /Users/runner/hostedtoolcache/Python/3.8.15/x64
2022-12-27T02:29:48.3258380Z   CIBW_ARCHS_MACOS: arm64
2022-12-27T02:29:48.3258590Z   CIBW_TEST_SKIP: *_arm64
2022-12-27T02:29:48.3258770Z   CIBW_BUILD: cp38-macosx_arm64
2022-12-27T02:29:48.3258920Z   CIBW_BUILD_FRONTEND: pip
2022-12-27T02:29:48.3259090Z   CIBW_BUILD_VERBOSITY: 3
2022-12-27T02:29:48.3259490Z   CIBW_ENVIRONMENT_MACOS: GRPC_PYTHON_BUILD_WITH_CYTHON=1 GRPC_BUILD_WITH_BORING_SSL_ASM='' GRPC_PYTHON_BUILD_SYSTEM_OPENSSL=TRUE CFLAGS="-I/usr/local/opt/openssl@3/include" LDFLAGS="-L/usr/local/opt/openssl@3/lib" CPPFLAGS="-I/usr/local/opt/openssl@3/include" MAKEFLAGS="-j$(sysctl -n hw.logicalcpu)" PATH=/usr/local/opt/ccache/libexec:$PATH
2022-12-27T02:29:48.3260110Z   CIBW_BEFORE_BUILD: pip install Cython; if [[ -f requirements.txt ]]; then pip install -r requirements.txt; fi
2022-12-27T02:29:48.3260330Z   MAKEFLAGS: -j$(sysctl -n hw.logicalcpu)
2022-12-27T02:29:48.3260510Z ##[endgroup]
2022-12-27T02:29:49.6496540Z Requirement already satisfied: cibuildwheel==2.11.3 in /Users/runner/hostedtoolcache/Python/3.8.15/x64/lib/python3.8/site-packages (2.11.3)
2022-12-27T02:29:49.6837930Z Requirement already satisfied: platformdirs in /Users/runner/hostedtoolcache/Python/3.8.15/x64/lib/python3.8/site-packages (from cibuildwheel==2.11.3) (2.6.0)
2022-12-27T02:29:49.6846020Z Requirement already satisfied: typing-extensions>=4.1.0 in /Users/runner/hostedtoolcache/Python/3.8.15/x64/lib/python3.8/site-packages (from cibuildwheel==2.11.3) (4.4.0)
2022-12-27T02:29:49.6849020Z Requirement already satisfied: certifi in /Users/runner/hostedtoolcache/Python/3.8.15/x64/lib/python3.8/site-packages (from cibuildwheel==2.11.3) (2022.12.7)
2022-12-27T02:29:49.6854420Z Requirement already satisfied: packaging>=20.9 in /Users/runner/hostedtoolcache/Python/3.8.15/x64/lib/python3.8/site-packages (from cibuildwheel==2.11.3) (22.0)
2022-12-27T02:29:49.6860240Z Requirement already satisfied: bashlex!=0.13 in /Users/runner/hostedtoolcache/Python/3.8.15/x64/lib/python3.8/site-packages (from cibuildwheel==2.11.3) (0.16)
2022-12-27T02:29:49.6863810Z Requirement already satisfied: filelock in /Users/runner/hostedtoolcache/Python/3.8.15/x64/lib/python3.8/site-packages (from cibuildwheel==2.11.3) (3.8.2)
2022-12-27T02:29:49.6869940Z Requirement already satisfied: tomli in /Users/runner/hostedtoolcache/Python/3.8.15/x64/lib/python3.8/site-packages (from cibuildwheel==2.11.3) (2.0.1)
2022-12-27T02:29:49.6873450Z Requirement already satisfied: bracex in /Users/runner/hostedtoolcache/Python/3.8.15/x64/lib/python3.8/site-packages (from cibuildwheel==2.11.3) (2.3.post1)
2022-12-27T02:29:49.8756740Z 
2022-12-27T02:29:49.8758080Z      _ _       _ _   _       _           _
2022-12-27T02:29:49.8758770Z  ___|_| |_ _ _|_| |_| |_ _ _| |_ ___ ___| |
2022-12-27T02:29:49.8760620Z |  _| | . | | | | | . | | | |   | -_| -_| |
2022-12-27T02:29:49.8761220Z |___|_|___|___|_|_|___|_____|_|_|___|___|_|
2022-12-27T02:29:49.8761390Z 
2022-12-27T02:29:49.8761590Z cibuildwheel version 2.11.3
2022-12-27T02:29:49.8761840Z 
2022-12-27T02:29:49.8762020Z Build options:
2022-12-27T02:29:49.8762530Z   platform: macos
2022-12-27T02:29:49.8961020Z   architectures: arm64[0m
2022-12-27T02:29:49.8961810Z   build_selector: 
2022-12-27T02:29:49.8962430Z     build_config: cp38-macosx_arm64
2022-12-27T02:29:49.8962760Z     skip_config: 
2022-12-27T02:29:49.8963150Z     requires_python: None
2022-12-27T02:29:49.8963530Z     prerelease_pythons: False[0m
2022-12-27T02:29:49.8963990Z   [38;5;244mcontainer_engine: docker[0m
2022-12-27T02:29:49.8964480Z   output_dir: /Users/runner/actions-runner/_work/python.build/python.build/build_grpcio114238/wheelsout[0m
2022-12-27T02:29:49.8965110Z   package_dir: /Users/runner/actions-runner/_work/python.build/python.build/build_grpcio114238/grpcio-1.14.2[0m
2022-12-27T02:29:49.8965520Z   test_selector: 
2022-12-27T02:29:49.8965850Z     skip_config: *_arm64[0m
2022-12-27T02:29:49.8966240Z   [38;5;244mbefore_all: [0m
2022-12-27T02:29:49.8966740Z   before_build: pip install Cython; if [[ -f requirements.txt ]]; then pip install -r requirements.txt; fi[0m
2022-12-27T02:29:49.8967150Z   [38;5;244mbefore_test: [0m
2022-12-27T02:29:49.8967440Z   [38;5;244mbuild_frontend: pip[0m
2022-12-27T02:29:49.8967790Z   build_verbosity: 3[0m
2022-12-27T02:29:49.8968120Z   [38;5;244mconfig_settings: [0m
2022-12-27T02:29:49.8968440Z   [38;5;244mdependency_constraints: pinned[0m
2022-12-27T02:29:49.8968710Z   environment: 
2022-12-27T02:29:49.8968980Z     GRPC_PYTHON_BUILD_WITH_CYTHON=1
2022-12-27T02:29:49.8969310Z     GRPC_BUILD_WITH_BORING_SSL_ASM=''
2022-12-27T02:29:49.8969600Z     GRPC_PYTHON_BUILD_SYSTEM_OPENSSL=TRUE
2022-12-27T02:29:49.8970290Z     CFLAGS="-I/usr/local/opt/openssl@3/include"
2022-12-27T02:29:49.8970630Z     LDFLAGS="-L/usr/local/opt/openssl@3/lib"
2022-12-27T02:29:49.8971080Z     CPPFLAGS="-I/usr/local/opt/openssl@3/include"
2022-12-27T02:29:49.8971510Z     MAKEFLAGS="-j$(sysctl -n hw.logicalcpu)"
2022-12-27T02:29:49.8971870Z     PATH=/usr/local/opt/ccache/libexec:$PATH[0m
2022-12-27T02:29:49.8972230Z   [38;5;244mmanylinux_images: None[0m
2022-12-27T02:29:49.8972560Z   [38;5;244mmusllinux_images: None[0m
2022-12-27T02:29:49.8973080Z   [38;5;244mrepair_command: delocate-wheel --require-archs {delocate_archs} -w {dest_dir} -v {wheel}[0m
2022-12-27T02:29:49.8973450Z   [38;5;244mtest_command: [0m
2022-12-27T02:29:49.8973770Z   [38;5;244mtest_extras: [0m
2022-12-27T02:29:49.8974080Z   [38;5;244mtest_requires: [0m
2022-12-27T02:29:49.8974230Z 
2022-12-27T02:29:49.8974360Z Cache folder: /Users/runner/Library/Caches/cibuildwheel
2022-12-27T02:29:49.8984580Z 
2022-12-27T02:29:49.8985020Z Here we go!
2022-12-27T02:29:49.8985260Z 
2022-12-27T02:29:49.9116710Z 
2022-12-27T02:29:49.9117410Z [1m[34mBuilding cp38-macosx_arm64 wheel[0m
2022-12-27T02:29:49.9118400Z CPython 3.8 macOS arm64 - Apple Silicon
2022-12-27T02:29:49.9118680Z 
2022-12-27T02:29:49.9120560Z ##[group]Installing Python cp38...
2022-12-27T02:29:49.9120890Z 
2022-12-27T02:29:49.9121870Z + pkgutil --pkgs
2022-12-27T02:29:49.9219520Z ##[endgroup]
2022-12-27T02:29:49.9221200Z                                                               [32m✓ [0m0.01s
2022-12-27T02:29:49.9221860Z ##[group]Setting up build environment...
2022-12-27T02:29:49.9222060Z 
2022-12-27T02:29:49.9239500Z + /Users/runner/hostedtoolcache/Python/3.8.15/x64/bin/python -sS /Users/runner/Library/Caches/cibuildwheel/virtualenv-20.17.0.pyz --activators= --no-periodic-update --pip=22.3.1 --setuptools=65.6.3 --wheel=0.38.4 --symlink-app-data --python /Library/Frameworks/Python.framework/Versions/3.8/bin/python3 /private/var/folders/51/hd414ycd67n82196sw51xqtc0000gn/T/cibw-run-660jl4aa/cp38-macosx_arm64/build/venv
2022-12-27T02:29:50.1172140Z created virtual environment CPython3.8.10.final.0-64 in 54ms
2022-12-27T02:29:50.1172930Z   creator CPython3Posix(dest=/private/var/folders/51/hd414ycd67n82196sw51xqtc0000gn/T/cibw-run-660jl4aa/cp38-macosx_arm64/build/venv, clear=False, no_vcs_ignore=False, global=False)
2022-12-27T02:29:50.1173520Z   seeder FromAppData(download=False, pip=22.3.1, setuptools=65.6.3, wheel=0.38.4, via=symlink, app_data_dir=/Users/runner/Library/Application Support/virtualenv)
2022-12-27T02:29:50.1173860Z     added seed packages: pip==22.3.1, setuptools==65.6.3, wheel==0.38.4
2022-12-27T02:29:50.1314940Z + python -m pip install --upgrade pip -c /Users/runner/hostedtoolcache/Python/3.8.15/x64/lib/python3.8/site-packages/cibuildwheel/resources/constraints-python38.txt
2022-12-27T02:29:50.4337070Z Requirement already satisfied: pip in ./lib/python3.8/site-packages (22.3.1)
2022-12-27T02:29:50.8100970Z + which pip
2022-12-27T02:29:50.8118110Z /private/var/folders/51/hd414ycd67n82196sw51xqtc0000gn/T/cibw-run-660jl4aa/cp38-macosx_arm64/build/venv/bin/pip
2022-12-27T02:29:50.8122230Z + pip --version
2022-12-27T02:29:51.0340460Z pip 22.3.1 from /private/var/folders/51/hd414ycd67n82196sw51xqtc0000gn/T/cibw-run-660jl4aa/cp38-macosx_arm64/build/venv/lib/python3.8/site-packages/pip (python 3.8)
2022-12-27T02:29:51.0570520Z + which pip
2022-12-27T02:29:51.0598990Z + which python
2022-12-27T02:29:51.0616650Z /private/var/folders/51/hd414ycd67n82196sw51xqtc0000gn/T/cibw-run-660jl4aa/cp38-macosx_arm64/build/venv/bin/python
2022-12-27T02:29:51.0619520Z + python --version
2022-12-27T02:29:51.0665990Z Python 3.8.10
2022-12-27T02:29:51.0668900Z + which python
2022-12-27T02:29:51.0721270Z ##[endgroup]
2022-12-27T02:29:51.0721910Z                                                               [32m✓ [0m1.15s
2022-12-27T02:29:51.0722510Z ##[group]Installing build tools...
2022-12-27T02:29:51.0722690Z 
2022-12-27T02:29:51.0723200Z + pip install --upgrade setuptools wheel delocate -c /Users/runner/hostedtoolcache/Python/3.8.15/x64/lib/python3.8/site-packages/cibuildwheel/resources/constraints-python38.txt
2022-12-27T02:29:51.3736730Z Requirement already satisfied: setuptools in /private/var/folders/51/hd414ycd67n82196sw51xqtc0000gn/T/cibw-run-660jl4aa/cp38-macosx_arm64/build/venv/lib/python3.8/site-packages (65.6.3)
2022-12-27T02:29:51.5921640Z Requirement already satisfied: wheel in /private/var/folders/51/hd414ycd67n82196sw51xqtc0000gn/T/cibw-run-660jl4aa/cp38-macosx_arm64/build/venv/lib/python3.8/site-packages (0.38.4)
2022-12-27T02:29:51.6461880Z Collecting delocate
2022-12-27T02:29:51.6485980Z   Using cached delocate-0.10.3-py3-none-any.whl (142 kB)
2022-12-27T02:29:51.6706400Z Collecting typing-extensions
2022-12-27T02:29:51.6727830Z   Using cached typing_extensions-4.4.0-py3-none-any.whl (26 kB)
2022-12-27T02:29:51.6974380Z Collecting packaging>=20.9
2022-12-27T02:29:51.6995370Z   Using cached packaging-21.3-py3-none-any.whl (40 kB)
2022-12-27T02:29:51.7389430Z Collecting pyparsing!=3.0.5,>=2.0.2
2022-12-27T02:29:51.7414910Z   Using cached pyparsing-3.0.9-py3-none-any.whl (98 kB)
2022-12-27T02:29:51.7784370Z Installing collected packages: typing-extensions, pyparsing, packaging, delocate
2022-12-27T02:29:51.9079680Z Successfully installed delocate-0.10.3 packaging-21.3 pyparsing-3.0.9 typing-extensions-4.4.0
2022-12-27T02:29:51.9493910Z ##[endgroup]
2022-12-27T02:29:51.9494600Z                                                               [32m✓ [0m0.88s
2022-12-27T02:29:51.9495090Z ##[group]Running before_build...
2022-12-27T02:29:51.9495280Z 
2022-12-27T02:29:51.9502090Z + pip install Cython; if [[ -f requirements.txt ]]; then pip install -r requirements.txt; fi
2022-12-27T02:29:52.6165270Z Collecting Cython
2022-12-27T02:29:52.6211570Z   Using cached Cython-0.29.32-py2.py3-none-any.whl (986 kB)
2022-12-27T02:29:52.6703690Z Installing collected packages: Cython
2022-12-27T02:29:53.1141950Z Successfully installed Cython-0.29.32
2022-12-27T02:29:53.8773120Z Collecting coverage>=4.0
2022-12-27T02:29:53.8804050Z   Using cached coverage-7.0.1-cp38-cp38-macosx_10_9_x86_64.whl (187 kB)
2022-12-27T02:29:54.2349020Z Collecting cython==0.28.3
2022-12-27T02:29:54.2413760Z   Using cached Cython-0.28.3.tar.gz (1.9 MB)
2022-12-27T02:29:54.7622870Z   Preparing metadata (setup.py): started
2022-12-27T02:30:02.3888230Z   Preparing metadata (setup.py): finished with status 'done'
2022-12-27T02:30:02.4117980Z Collecting enum34>=1.0.4
2022-12-27T02:30:02.4147510Z   Using cached enum34-1.1.10-py3-none-any.whl (11 kB)
2022-12-27T02:30:02.7604530Z Collecting protobuf>=3.5.0.post1
2022-12-27T02:30:02.7641160Z   Using cached protobuf-4.21.12-cp37-abi3-macosx_10_9_universal2.whl (486 kB)
2022-12-27T02:30:02.7836640Z Collecting six>=1.10
2022-12-27T02:30:02.7859980Z   Using cached six-1.16.0-py2.py3-none-any.whl (11 kB)
2022-12-27T02:30:02.7878150Z Requirement already satisfied: wheel>=0.29 in /private/var/folders/51/hd414ycd67n82196sw51xqtc0000gn/T/cibw-run-660jl4aa/cp38-macosx_arm64/build/venv/lib/python3.8/site-packages (from -r requirements.txt (line 7)) (0.38.4)
2022-12-27T02:30:02.7961990Z Building wheels for collected packages: cython
2022-12-27T02:30:02.7966670Z   Building wheel for cython (setup.py): started
2022-12-27T02:30:59.4819070Z   Building wheel for cython (setup.py): finished with status 'done'
2022-12-27T02:30:59.4917140Z   Created wheel for cython: filename=Cython-0.28.3-cp38-cp38-macosx_11_0_arm64.whl size=2782867 sha256=c098f11bbeb71803c555c592849f4f5f1dd09e30495fd22213ace73bf7e35643
2022-12-27T02:30:59.4918400Z   Stored in directory: /Users/runner/Library/Caches/pip/wheels/23/f6/6b/17d3e69e31dbfb391f0440c2dc993ecd2fc7c17010f6f115c3
2022-12-27T02:30:59.4961310Z Successfully built cython
2022-12-27T02:30:59.5329870Z Installing collected packages: enum34, six, protobuf, cython, coverage
2022-12-27T02:30:59.6983380Z   Attempting uninstall: cython
2022-12-27T02:30:59.6990980Z     Found existing installation: Cython 0.29.32
2022-12-27T02:30:59.8526390Z     Uninstalling Cython-0.29.32:
2022-12-27T02:30:59.8633300Z       Successfully uninstalled Cython-0.29.32
2022-12-27T02:31:00.3989620Z Successfully installed coverage-7.0.1 cython-0.28.3 enum34-1.1.10 protobuf-4.21.12 six-1.16.0
2022-12-27T02:31:00.5794090Z ##[endgroup]
2022-12-27T02:31:00.5794720Z                                                              [32m✓ [0m68.63s
2022-12-27T02:31:00.5795530Z ##[group]Building wheel...
2022-12-27T02:31:00.5795640Z 
2022-12-27T02:31:00.5800530Z + python -m pip wheel /Users/runner/actions-runner/_work/python.build/python.build/build_grpcio114238/grpcio-1.14.2 --wheel-dir=/private/var/folders/51/hd414ycd67n82196sw51xqtc0000gn/T/cibw-run-660jl4aa/cp38-macosx_arm64/built_wheel --no-deps -vvv
2022-12-27T02:31:00.8604260Z Created temporary directory: /private/var/folders/51/hd414ycd67n82196sw51xqtc0000gn/T/pip-ephem-wheel-cache-ggglvz0d
2022-12-27T02:31:00.8608710Z Created temporary directory: /private/var/folders/51/hd414ycd67n82196sw51xqtc0000gn/T/pip-build-tracker-q6g8rsqx
2022-12-27T02:31:00.8610850Z Initialized build tracking at /private/var/folders/51/hd414ycd67n82196sw51xqtc0000gn/T/pip-build-tracker-q6g8rsqx
2022-12-27T02:31:00.8612060Z Created build tracker: /private/var/folders/51/hd414ycd67n82196sw51xqtc0000gn/T/pip-build-tracker-q6g8rsqx
2022-12-27T02:31:00.8613890Z Entered build tracker: /private/var/folders/51/hd414ycd67n82196sw51xqtc0000gn/T/pip-build-tracker-q6g8rsqx
2022-12-27T02:31:00.8617650Z Created temporary directory: /private/var/folders/51/hd414ycd67n82196sw51xqtc0000gn/T/pip-wheel-qunjuu3z
2022-12-27T02:31:00.8623780Z Created temporary directory: /private/var/folders/51/hd414ycd67n82196sw51xqtc0000gn/T/pip-ephem-wheel-cache-olayfflc
2022-12-27T02:31:00.8768160Z Processing /Users/runner/actions-runner/_work/python.build/python.build/build_grpcio114238/grpcio-1.14.2
2022-12-27T02:31:00.8768870Z   Running command python setup.py egg_info
2022-12-27T02:31:00.8770030Z   Added file:///Users/runner/actions-runner/_work/python.build/python.build/build_grpcio114238/grpcio-1.14.2 to build tracker '/private/var/folders/51/hd414ycd67n82196sw51xqtc0000gn/T/pip-build-tracker-q6g8rsqx'
2022-12-27T02:31:00.8771490Z   Running setup.py (path:/Users/runner/actions-runner/_work/python.build/python.build/build_grpcio114238/grpcio-1.14.2/setup.py) egg_info for package from file:///Users/runner/actions-runner/_work/python.build/python.build/build_grpcio114238/grpcio-1.14.2
2022-12-27T02:31:00.8772340Z   Created temporary directory: /private/var/folders/51/hd414ycd67n82196sw51xqtc0000gn/T/pip-pip-egg-info-xieqqjn9
2022-12-27T02:31:00.8772830Z   Preparing metadata (setup.py): started
2022-12-27T02:31:01.1703750Z   running egg_info
2022-12-27T02:31:01.1705550Z   creating /private/var/folders/51/hd414ycd67n82196sw51xqtc0000gn/T/pip-pip-egg-info-xieqqjn9/grpcio.egg-info
2022-12-27T02:31:01.1709840Z   writing /private/var/folders/51/hd414ycd67n82196sw51xqtc0000gn/T/pip-pip-egg-info-xieqqjn9/grpcio.egg-info/PKG-INFO
2022-12-27T02:31:01.1713410Z   writing dependency_links to /private/var/folders/51/hd414ycd67n82196sw51xqtc0000gn/T/pip-pip-egg-info-xieqqjn9/grpcio.egg-info/dependency_links.txt
2022-12-27T02:31:01.1716240Z   writing requirements to /private/var/folders/51/hd414ycd67n82196sw51xqtc0000gn/T/pip-pip-egg-info-xieqqjn9/grpcio.egg-info/requires.txt
2022-12-27T02:31:01.1718280Z   writing top-level names to /private/var/folders/51/hd414ycd67n82196sw51xqtc0000gn/T/pip-pip-egg-info-xieqqjn9/grpcio.egg-info/top_level.txt
2022-12-27T02:31:01.1720090Z   writing manifest file '/private/var/folders/51/hd414ycd67n82196sw51xqtc0000gn/T/pip-pip-egg-info-xieqqjn9/grpcio.egg-info/SOURCES.txt'
2022-12-27T02:31:01.1777320Z   reading manifest file '/private/var/folders/51/hd414ycd67n82196sw51xqtc0000gn/T/pip-pip-egg-info-xieqqjn9/grpcio.egg-info/SOURCES.txt'
2022-12-27T02:31:01.1779020Z   reading manifest template 'PYTHON-MANIFEST.in'
2022-12-27T02:31:01.1796110Z   This package needs to generate C files with Cython but it cannot. Poisoning extension sources to disallow extension commands...warning: no files found matching '*.c' under directory 'src/python/grpcio/grpc'
2022-12-27T02:31:01.1810840Z   warning: no files found matching '*.h' under directory 'src/python/grpcio/grpc'
2022-12-27T02:31:01.1893870Z   warning: no files found matching '*.python' under directory 'src/python/grpcio/grpc'
2022-12-27T02:31:01.1910560Z   warning: no previously-included files matching '*.so' found under directory 'src/python/grpcio/grpc/_cython'
2022-12-27T02:31:01.1912140Z   warning: no previously-included files matching '*.pyd' found under directory 'src/python/grpcio/grpc/_cython'
2022-12-27T02:31:01.2240580Z   warning: no files found matching 'src/python/grpcio/precompiled.py'
2022-12-27T02:31:01.2413280Z   writing manifest file '/private/var/folders/51/hd414ycd67n82196sw51xqtc0000gn/T/pip-pip-egg-info-xieqqjn9/grpcio.egg-info/SOURCES.txt'
2022-12-27T02:31:01.2664350Z   Preparing metadata (setup.py): finished with status 'done'
2022-12-27T02:31:01.2688720Z   Source in /Users/runner/actions-runner/_work/python.build/python.build/build_grpcio114238/grpcio-1.14.2 has version 1.14.2, which satisfies requirement grpcio==1.14.2 from file:///Users/runner/actions-runner/_work/python.build/python.build/build_grpcio114238/grpcio-1.14.2
2022-12-27T02:31:01.2692140Z   Removed grpcio==1.14.2 from file:///Users/runner/actions-runner/_work/python.build/python.build/build_grpcio114238/grpcio-1.14.2 from build tracker '/private/var/folders/51/hd414ycd67n82196sw51xqtc0000gn/T/pip-build-tracker-q6g8rsqx'
2022-12-27T02:31:01.2804940Z Created temporary directory: /private/var/folders/51/hd414ycd67n82196sw51xqtc0000gn/T/pip-unpack-mvb9yagw
2022-12-27T02:31:01.2806570Z Building wheels for collected packages: grpcio
2022-12-27T02:31:01.2811950Z   Created temporary directory: /private/var/folders/51/hd414ycd67n82196sw51xqtc0000gn/T/pip-wheel-d06ia6z5
2022-12-27T02:31:01.2813410Z   Building wheel for grpcio (setup.py): started
2022-12-27T02:31:01.2815270Z   Destination directory: /private/var/folders/51/hd414ycd67n82196sw51xqtc0000gn/T/pip-wheel-d06ia6z5
2022-12-27T02:31:01.2816740Z   Running command python setup.py bdist_wheel
2022-12-27T02:31:01.5859070Z   This package needs to generate C files with Cython but it cannot. Poisoning extension sources to disallow extension commands...running bdist_wheel
2022-12-27T02:31:01.5884940Z   running build
2022-12-27T02:31:01.5886870Z   running build_py
2022-12-27T02:31:01.5888460Z   running build_project_metadata
2022-12-27T02:31:01.5893590Z   creating python_build
2022-12-27T02:31:01.5895300Z   creating python_build/lib.macosx-11.0-arm64-cpython-38
2022-12-27T02:31:01.5896760Z   creating python_build/lib.macosx-11.0-arm64-cpython-38/grpc
2022-12-27T02:31:01.5898660Z   copying src/python/grpcio/grpc/_channel.py -> python_build/lib.macosx-11.0-arm64-cpython-38/grpc
2022-12-27T02:31:01.5900340Z   copying src/python/grpcio/grpc/_common.py -> python_build/lib.macosx-11.0-arm64-cpython-38/grpc
2022-12-27T02:31:01.5902300Z   copying src/python/grpcio/grpc/__init__.py -> python_build/lib.macosx-11.0-arm64-cpython-38/grpc
2022-12-27T02:31:01.5905820Z   copying src/python/grpcio/grpc/_utilities.py -> python_build/lib.macosx-11.0-arm64-cpython-38/grpc
2022-12-27T02:31:01.5907760Z   copying src/python/grpcio/grpc/_plugin_wrapping.py -> python_build/lib.macosx-11.0-arm64-cpython-38/grpc
2022-12-27T02:31:01.5909910Z   copying src/python/grpcio/grpc/_interceptor.py -> python_build/lib.macosx-11.0-arm64-cpython-38/grpc
2022-12-27T02:31:01.5912490Z   copying src/python/grpcio/grpc/_grpcio_metadata.py -> python_build/lib.macosx-11.0-arm64-cpython-38/grpc
2022-12-27T02:31:01.5915130Z   copying src/python/grpcio/grpc/_server.py -> python_build/lib.macosx-11.0-arm64-cpython-38/grpc
2022-12-27T02:31:01.5917890Z   copying src/python/grpcio/grpc/_auth.py -> python_build/lib.macosx-11.0-arm64-cpython-38/grpc
2022-12-27T02:31:01.5923880Z   creating python_build/lib.macosx-11.0-arm64-cpython-38/grpc/beta
2022-12-27T02:31:01.5926480Z   copying src/python/grpcio/grpc/beta/_server_adaptations.py -> python_build/lib.macosx-11.0-arm64-cpython-38/grpc/beta
2022-12-27T02:31:01.5927960Z   copying src/python/grpcio/grpc/beta/interfaces.py -> python_build/lib.macosx-11.0-arm64-cpython-38/grpc/beta
2022-12-27T02:31:01.5931180Z   copying src/python/grpcio/grpc/beta/_metadata.py -> python_build/lib.macosx-11.0-arm64-cpython-38/grpc/beta
2022-12-27T02:31:01.5933300Z   copying src/python/grpcio/grpc/beta/__init__.py -> python_build/lib.macosx-11.0-arm64-cpython-38/grpc/beta
2022-12-27T02:31:01.5935020Z   copying src/python/grpcio/grpc/beta/utilities.py -> python_build/lib.macosx-11.0-arm64-cpython-38/grpc/beta
2022-12-27T02:31:01.5937690Z   copying src/python/grpcio/grpc/beta/implementations.py -> python_build/lib.macosx-11.0-arm64-cpython-38/grpc/beta
2022-12-27T02:31:01.5939990Z   copying src/python/grpcio/grpc/beta/_client_adaptations.py -> python_build/lib.macosx-11.0-arm64-cpython-38/grpc/beta
2022-12-27T02:31:01.5944730Z   creating python_build/lib.macosx-11.0-arm64-cpython-38/grpc/experimental
2022-12-27T02:31:01.5946290Z   copying src/python/grpcio/grpc/experimental/gevent.py -> python_build/lib.macosx-11.0-arm64-cpython-38/grpc/experimental
2022-12-27T02:31:01.5949010Z   copying src/python/grpcio/grpc/experimental/__init__.py -> python_build/lib.macosx-11.0-arm64-cpython-38/grpc/experimental
2022-12-27T02:31:01.5950810Z   copying src/python/grpcio/grpc/experimental/session_cache.py -> python_build/lib.macosx-11.0-arm64-cpython-38/grpc/experimental
2022-12-27T02:31:01.5954850Z   creating python_build/lib.macosx-11.0-arm64-cpython-38/grpc/framework
2022-12-27T02:31:01.5956430Z   copying src/python/grpcio/grpc/framework/__init__.py -> python_build/lib.macosx-11.0-arm64-cpython-38/grpc/framework
2022-12-27T02:31:01.5960420Z   creating python_build/lib.macosx-11.0-arm64-cpython-38/grpc/_cython
2022-12-27T02:31:01.5961940Z   copying src/python/grpcio/grpc/_cython/__init__.py -> python_build/lib.macosx-11.0-arm64-cpython-38/grpc/_cython
2022-12-27T02:31:01.5967190Z   creating python_build/lib.macosx-11.0-arm64-cpython-38/grpc/framework/foundation
2022-12-27T02:31:01.5968680Z   copying src/python/grpcio/grpc/framework/foundation/callable_util.py -> python_build/lib.macosx-11.0-arm64-cpython-38/grpc/framework/foundation
2022-12-27T02:31:01.5971330Z   copying src/python/grpcio/grpc/framework/foundation/abandonment.py -> python_build/lib.macosx-11.0-arm64-cpython-38/grpc/framework/foundation
2022-12-27T02:31:01.5974160Z   copying src/python/grpcio/grpc/framework/foundation/__init__.py -> python_build/lib.macosx-11.0-arm64-cpython-38/grpc/framework/foundation
2022-12-27T02:31:01.5976510Z   copying src/python/grpcio/grpc/framework/foundation/stream.py -> python_build/lib.macosx-11.0-arm64-cpython-38/grpc/framework/foundation
2022-12-27T02:31:01.5978490Z   copying src/python/grpcio/grpc/framework/foundation/stream_util.py -> python_build/lib.macosx-11.0-arm64-cpython-38/grpc/framework/foundation
2022-12-27T02:31:01.5981230Z   copying src/python/grpcio/grpc/framework/foundation/future.py -> python_build/lib.macosx-11.0-arm64-cpython-38/grpc/framework/foundation
2022-12-27T02:31:01.5983910Z   copying src/python/grpcio/grpc/framework/foundation/logging_pool.py -> python_build/lib.macosx-11.0-arm64-cpython-38/grpc/framework/foundation
2022-12-27T02:31:01.5987960Z   creating python_build/lib.macosx-11.0-arm64-cpython-38/grpc/framework/common
2022-12-27T02:31:01.5989600Z   copying src/python/grpcio/grpc/framework/common/style.py -> python_build/lib.macosx-11.0-arm64-cpython-38/grpc/framework/common
2022-12-27T02:31:01.5991820Z   copying src/python/grpcio/grpc/framework/common/cardinality.py -> python_build/lib.macosx-11.0-arm64-cpython-38/grpc/framework/common
2022-12-27T02:31:01.5994660Z   copying src/python/grpcio/grpc/framework/common/__init__.py -> python_build/lib.macosx-11.0-arm64-cpython-38/grpc/framework/common
2022-12-27T02:31:01.5998620Z   creating python_build/lib.macosx-11.0-arm64-cpython-38/grpc/framework/interfaces
2022-12-27T02:31:01.6000480Z   copying src/python/grpcio/grpc/framework/interfaces/__init__.py -> python_build/lib.macosx-11.0-arm64-cpython-38/grpc/framework/interfaces
2022-12-27T02:31:01.6004520Z   creating python_build/lib.macosx-11.0-arm64-cpython-38/grpc/framework/interfaces/face
2022-12-27T02:31:01.6006400Z   copying src/python/grpcio/grpc/framework/interfaces/face/__init__.py -> python_build/lib.macosx-11.0-arm64-cpython-38/grpc/framework/interfaces/face
2022-12-27T02:31:01.6008090Z   copying src/python/grpcio/grpc/framework/interfaces/face/utilities.py -> python_build/lib.macosx-11.0-arm64-cpython-38/grpc/framework/interfaces/face
2022-12-27T02:31:01.6011230Z   copying src/python/grpcio/grpc/framework/interfaces/face/face.py -> python_build/lib.macosx-11.0-arm64-cpython-38/grpc/framework/interfaces/face
2022-12-27T02:31:01.6016030Z   creating python_build/lib.macosx-11.0-arm64-cpython-38/grpc/framework/interfaces/base
2022-12-27T02:31:01.6017720Z   copying src/python/grpcio/grpc/framework/interfaces/base/__init__.py -> python_build/lib.macosx-11.0-arm64-cpython-38/grpc/framework/interfaces/base
2022-12-27T02:31:01.6019330Z   copying src/python/grpcio/grpc/framework/interfaces/base/utilities.py -> python_build/lib.macosx-11.0-arm64-cpython-38/grpc/framework/interfaces/base
2022-12-27T02:31:01.6022460Z   copying src/python/grpcio/grpc/framework/interfaces/base/base.py -> python_build/lib.macosx-11.0-arm64-cpython-38/grpc/framework/interfaces/base
2022-12-27T02:31:01.6026710Z   creating python_build/lib.macosx-11.0-arm64-cpython-38/grpc/_cython/_cygrpc
2022-12-27T02:31:01.6028350Z   copying src/python/grpcio/grpc/_cython/_cygrpc/__init__.py -> python_build/lib.macosx-11.0-arm64-cpython-38/grpc/_cython/_cygrpc
2022-12-27T02:31:01.6033030Z   creating python_build/lib.macosx-11.0-arm64-cpython-38/grpc/_cython/_credentials
2022-12-27T02:31:01.6034790Z   copying src/python/grpcio/grpc/_cython/_credentials/roots.pem -> python_build/lib.macosx-11.0-arm64-cpython-38/grpc/_cython/_credentials
2022-12-27T02:31:01.6058640Z   running build_ext
2022-12-27T02:31:05.5346390Z   b'[C]       Compiling third_party/zlib/adler32.c\n[C]       Compiling third_party/zlib/compress.c\n[C]       Compiling third_party/zlib/crc32.c\n[C]       Compiling third_party/zlib/gzclose.c\n[C]       Compiling third_party/zlib/deflate.c\n[C]       Compiling third_party/zlib/gzlib.c\n[C]       Compiling third_party/zlib/gzread.c\n[C]       Compiling third_party/zlib/gzwrite.c\n[C]       Compiling third_party/zlib/infback.c\n[C]       Compiling third_party/zlib/inffast.c\n[C]       Compiling third_party/zlib/inflate.c\n[C]       Compiling third_party/zlib/inftrees.c\n[C]       Compiling third_party/zlib/trees.c\n[C]       Compiling third_party/zlib/uncompr.c\n[C]       Compiling third_party/zlib/zutil.c\n[C]       Compiling third_party/cares/cares/ares__close_sockets.c\n[C]       Compiling third_party/cares/cares/ares__get_hostent.c\n[C]       Compiling third_party/cares/cares/ares__read_line.c\n[C]       Compiling third_party/cares/cares/ares__timeval.c\n[C]       Compiling third_party/cares/cares/ares_cancel.c\n[C]       Compiling third_party/cares/cares/ares_create_query.c\n[C]       Compiling third_party/cares/cares/ares_data.c\n[C]       Compiling third_party/cares/cares/ares_destroy.c\n[C]       Compiling third_party/cares/cares/ares_expand_name.c\n[C]       Compiling third_party/cares/cares/ares_expand_string.c\n[C]       Compiling third_party/cares/cares/ares_fds.c\n[C]       Compiling third_party/cares/cares/ares_free_hostent.c\n[C]       Compiling third_party/cares/cares/ares_free_string.c\n[C]       Compiling third_party/cares/cares/ares_getenv.c\n[C]       Compiling third_party/cares/cares/ares_gethostbyaddr.c\n[C]       Compiling third_party/cares/cares/ares_gethostbyname.c\n[C]       Compiling third_party/cares/cares/ares_getnameinfo.c\n[C]       Compiling third_party/cares/cares/ares_getopt.c\n[C]       Compiling third_party/cares/cares/ares_getsock.c\n[C]       Compiling third_party/cares/cares/ares_init.c\n[C]       Compiling third_party/cares/cares/ares_library_init.c\n[C]       Compiling third_party/cares/cares/ares_llist.c\n[C]       Compiling third_party/cares/cares/ares_mkquery.c\n[C]       Compiling third_party/cares/cares/ares_nowarn.c\n[C]       Compiling third_party/cares/cares/ares_options.c\n[C]       Compiling third_party/cares/cares/ares_parse_a_reply.c\n[C]       Compiling third_party/cares/cares/ares_parse_aaaa_reply.c\n[C]       Compiling third_party/cares/cares/ares_parse_mx_reply.c\n[C]       Compiling third_party/cares/cares/ares_parse_naptr_reply.c\n[C]       Compiling third_party/cares/cares/ares_parse_ns_reply.c\n[C]       Compiling third_party/cares/cares/ares_parse_ptr_reply.c\n[C]       Compiling third_party/cares/cares/ares_parse_soa_reply.c\n[C]       Compiling third_party/cares/cares/ares_parse_srv_reply.c\n[C]       Compiling third_party/cares/cares/ares_parse_txt_reply.c\n[C]       Compiling third_party/cares/cares/ares_platform.c\n[C]       Compiling third_party/cares/cares/ares_process.c\n[C]       Compiling third_party/cares/cares/ares_query.c\n[C]       Compiling third_party/cares/cares/ares_search.c\n[C]       Compiling third_party/cares/cares/ares_send.c\n[C]       Compiling third_party/cares/cares/ares_strcasecmp.c\n[C]       Compiling third_party/cares/cares/ares_strdup.c\n[C]       Compiling third_party/cares/cares/ares_strerror.c\n[C]       Compiling third_party/cares/cares/ares_timeout.c\n[C]       Compiling third_party/cares/cares/ares_version.c\n[C]       Compiling third_party/cares/cares/ares_writev.c\n[C]       Compiling third_party/cares/cares/bitncmp.c\n[C]       Compiling third_party/cares/cares/inet_net_pton.c\n[C]       Compiling third_party/cares/cares/inet_ntop.c\n[C]       Compiling third_party/cares/cares/windows_port.c\n[C]       Compiling third_party/address_sorting/address_sorting.c\n[C]       Compiling third_party/address_sorting/address_sorting_posix.c\n[C]       Compiling third_party/address_sorting/address_sorting_windows.c\n[C]       Compiling src/boringssl/err_data.c\n[C]       Compiling third_party/boringssl/crypto/asn1/a_bitstr.c\n[C]       Compiling third_party/boringssl/crypto/asn1/a_bool.c\n[C]       Compiling third_party/boringssl/crypto/asn1/a_d2i_fp.c\n[C]       Compiling third_party/boringssl/crypto/asn1/a_dup.c\n[C]       Compiling third_party/boringssl/crypto/asn1/a_enum.c\n[C]       Compiling third_party/boringssl/crypto/asn1/a_gentm.c\n[C]       Compiling third_party/boringssl/crypto/asn1/a_i2d_fp.c\n[C]       Compiling third_party/boringssl/crypto/asn1/a_int.c\n[C]       Compiling third_party/boringssl/crypto/asn1/a_mbstr.c\n[C]       Compiling third_party/boringssl/crypto/asn1/a_object.c\n[C]       Compiling third_party/boringssl/crypto/asn1/a_octet.c\n[C]       Compiling third_party/boringssl/crypto/asn1/a_print.c\n[C]       Compiling third_party/boringssl/crypto/asn1/a_strnid.c\n'
2022-12-27T02:31:05.5538070Z   b"In file included from src/boringssl/err_data.c:17:\nthird_party/boringssl/include/openssl/base.h:147:9: error: 'OPENSSL_VERSION_NUMBER' macro redefined [-Werror,-Wmacro-redefined]\n#define OPENSSL_VERSION_NUMBER 0x1010007f\n        ^\n/usr/local/opt/openssl@3/include/openssl/opensslv.h:99:10: note: previous definition is here\n# define OPENSSL_VERSION_NUMBER          \\\n         ^\nIn file included from src/boringssl/err_data.c:18:\nIn file included from /usr/local/opt/openssl@3/include/openssl/err.h:21:\n/usr/local/opt/openssl@3/include/openssl/e_os2.h:183:11: error: 'OPENSSL_EXPORT' macro redefined [-Werror,-Wmacro-redefined]\n#  define OPENSSL_EXPORT extern\n          ^\nthird_party/boringssl/include/openssl/base.h:182:9: note: previous definition is here\n#define OPENSSL_EXPORT\n        ^\nIn file included from src/boringssl/err_data.c:18:\nIn file included from /usr/local/opt/openssl@3/include/openssl/err.h:28:\nIn file included from /usr/local/opt/openssl@3/include/openssl/types.h:21:\n/usr/local/opt/openssl@3/include/openssl/safestack.h:264:15: error: redefinition of typedef 'OPENSSL_BLOCK' is a C11 feature [-Werror,-Wtypedef-redefinition]\ntypedef void *OPENSSL_BLOCK;\n              ^\nthird_party/boringssl/include/openssl/base.h:349:15: note: previous definition is here\ntypedef void *OPENSSL_BLOCK;\n              ^\nIn file included from src/boringssl/err_data.c:18:\nIn file included from /usr/local/opt/openssl@3/include/openssl/err.h:28:\n/usr/local/opt/openssl@3/include/openssl/types.h:45:31: error: redefinition of typedef 'ASN1_INTEGER' is a C11 feature [-Werror,-Wtypedef-redefinition]\ntypedef struct asn1_string_st ASN1_INTEGER;\n                              ^\nthird_party/boringssl/include/openssl/base.h:244:31: note: previous definition is here\ntypedef struct asn1_string_st ASN1_INTEGER;\n                              ^\nIn file included from src/boringssl/err_data.c:18:\nIn file included from /usr/local/opt/openssl@3/include/openssl/err.h:28:\n/usr/local/opt/openssl@3/include/openssl/types.h:46:31: error: redefinition of typedef 'ASN1_ENUMERATED' is a C11 feature [-Werror,-Wtypedef-redefinition]\ntypedef struct asn1_string_st ASN1_ENUMERATED;\n                              ^\nthird_party/boringssl/include/openssl/base.h:240:31: note: previous definition is here\ntypedef struct asn1_string_st ASN1_ENUMERATED;\n                              ^\nIn file included from src/boringssl/err_data.c:18:\nIn file included from /usr/local/opt/openssl@3/include/openssl/err.h:28:\n/usr/local/opt/openssl@3/include/openssl/types.h:47:31: error: redefinition of typedef 'ASN1_BIT_STRING' is a C11 feature [-Werror,-Wtypedef-redefinition]\ntypedef struct asn1_string_st ASN1_BIT_STRING;\n                              ^\nthird_party/boringssl/include/openssl/base.h:238:31: note: previous definition is here\ntypedef struct asn1_string_st ASN1_BIT_STRING;\n                              ^\nIn file included from src/boringssl/err_data.c:18:\nIn file included from /usr/local/opt/openssl@3/include/openssl/err.h:28:\n/usr/local/opt/openssl@3/include/openssl/types.h:48:31: error: redefinition of typedef 'ASN1_OCTET_STRING' is a C11 feature [-Werror,-Wtypedef-redefinition]\ntypedef struct asn1_string_st ASN1_OCTET_STRING;\n                              ^\nthird_party/boringssl/include/openssl/base.h:245:31: note: previous definition is here\ntypedef struct asn1_string_st ASN1_OCTET_STRING;\n                              ^\nIn file included from src/boringssl/err_data.c:18:\nIn file included from /usr/local/opt/openssl@3/include/openssl/err.h:28:\n/usr/local/opt/openssl@3/include/openssl/types.h:49:31: error: redefinition of typedef 'ASN1_PRINTABLESTRING' is a C11 feature [-Werror,-Wtypedef-redefinition]\ntypedef struct asn1_string_st ASN1_PRINTABLESTRING;\n                              ^\nthird_party/boringssl/include/openssl/base.h:246:31: note: previous definition is here\ntypedef struct asn1_string_st ASN1_PRINTABLESTRING;\n                              ^\nIn file included from src/boringssl/err_data.c:18:\nIn file included from /usr/local/opt/openssl@3/include/openssl/err.h:28:\n/usr/local/opt/openssl@3/include/openssl/types.h:50:31: error: redefinition of typedef 'ASN1_T61STRING' is a C11 feature [-Werror,-Wtypedef-redefinition]\ntypedef struct asn1_string_st ASN1_T61STRING;\n                              ^\nthird_party/boringssl/include/openssl/base.h:248:31: note: previous definition is here\ntypedef struct asn1_string_st ASN1_T61STRING;\n                              ^\nIn file included from src/boringssl/err_data.c:18:\nIn file included from /usr/local/opt/openssl@3/include/openssl/err.h:28:\n/usr/local/opt/openssl@3/include/openssl/types.h:51:31: error: redefinition of typedef 'ASN1_IA5STRING' is a C11 feature [-Werror,-Wtypedef-redefinition]\ntypedef struct asn1_string_st ASN1_IA5STRING;\n                              ^\nthird_party/boringssl/include/openssl/base.h:243:31: note: previous definition is here\ntypedef struct asn1_string_st ASN1_IA5STRING;\n                              ^\nIn file included from src/boringssl/err_data.c:18:\nIn file included from /usr/local/opt/openssl@3/include/openssl/err.h:28:\n/usr/local/opt/openssl@3/include/openssl/types.h:52:31: error: redefinition of typedef 'ASN1_GENERALSTRING' is a C11 feature [-Werror,-Wtypedef-redefinition]\ntypedef struct asn1_string_st ASN1_GENERALSTRING;\n                              ^\nthird_party/boringssl/include/openssl/base.h:242:31: note: previous definition is here\ntypedef struct asn1_string_st ASN1_GENERALSTRING;\n                              ^\nIn file included from src/boringssl/err_data.c:18:\nIn file included from /usr/local/opt/openssl@3/include/openssl/err.h:28:\n/usr/local/opt/openssl@3/include/openssl/types.h:53:31: error: redefinition of typedef 'ASN1_UNIVERSALSTRING' is a C11 feature [-Werror,-Wtypedef-redefinition]\ntypedef struct asn1_string_st ASN1_UNIVERSALSTRING;\n                              ^\nthird_party/boringssl/include/openssl/base.h:250:31: note: previous definition is here\ntypedef struct asn1_string_st ASN1_UNIVERSALSTRING;\n                              ^\nIn file included from src/boringssl/err_data.c:18:\nIn file included from /usr/local/opt/openssl@3/include/openssl/err.h:28:\n/usr/local/opt/openssl@3/include/openssl/types.h:54:31: error: redefinition of typedef 'ASN1_BMPSTRING' is a C11 feature [-Werror,-Wtypedef-redefinition]\ntypedef struct asn1_string_st ASN1_BMPSTRING;\n                              ^\nthird_party/boringssl/include/openssl/base.h:239:31: note: previous definition is here\ntypedef struct asn1_string_st ASN1_BMPSTRING;\n                              ^\nIn file included from src/boringssl/err_data.c:18:\nIn file included from /usr/local/opt/openssl@3/include/openssl/err.h:28:\n/usr/local/opt/openssl@3/include/openssl/types.h:55:31: error: redefinition of typedef 'ASN1_UTCTIME' is a C11 feature [-Werror,-Wtypedef-redefinition]\ntypedef struct asn1_string_st ASN1_UTCTIME;\n                              ^\nthird_party/boringssl/include/openssl/base.h:251:31: note: previous definition is here\ntypedef struct asn1_string_st ASN1_UTCTIME;\n                              ^\nIn file included from src/boringssl/err_data.c:18:\nIn file included from /usr/local/opt/openssl@3/include/openssl/err.h:28:\n/usr/local/opt/openssl@3/include/openssl/types.h:56:31: error: redefinition of typedef 'ASN1_TIME' is a C11 feature [-Werror,-Wtypedef-redefinition]\ntypedef struct asn1_string_st ASN1_TIME;\n                              ^\nthird_party/boringssl/include/openssl/base.h:249:31: note: previous definition is here\ntypedef struct asn1_string_st ASN1_TIME;\n                              ^\nIn file included from src/boringssl/err_data.c:18:\nIn file included from /usr/local/opt/openssl@3/include/openssl/err.h:28:\n/usr/local/opt/openssl@3/include/openssl/types.h:57:31: error: redefinition of typedef 'ASN1_GENERALIZEDTIME' is a C11 feature [-Werror,-Wtypedef-redefinition]\ntypedef struct asn1_string_st ASN1_GENERALIZEDTIME;\n                              ^\nthird_party/boringssl/include/openssl/base.h:241:31: note: previous definition is here\ntypedef struct asn1_string_st ASN1_GENERALIZEDTIME;\n                              ^\nIn file included from src/boringssl/err_data.c:18:\nIn file included from /usr/local/opt/openssl@3/include/openssl/err.h:28:\n/usr/local/opt/openssl@3/include/openssl/types.h:58:31: error: redefinition of typedef 'ASN1_VISIBLESTRING' is a C11 feature [-Werror,-Wtypedef-redefinition]\ntypedef struct asn1_string_st ASN1_VISIBLESTRING;\n                              ^\nthird_party/boringssl/include/openssl/base.h:253:31: note: previous definition is here\ntypedef struct asn1_string_st ASN1_VISIBLESTRING;\n                              ^\nIn file included from src/boringssl/err_data.c:18:\nIn file included from /usr/local/opt/openssl@3/include/openssl/err.h:28:\n/usr/local/opt/openssl@3/include/openssl/types.h:59:31: error: redefinition of typedef 'ASN1_UTF8STRING' is a C11 feature [-Werror,-Wtypedef-redefinition]\ntypedef struct asn1_string_st ASN1_UTF8STRING;\n                              ^\nthird_party/boringssl/include/openssl/base.h:252:31: note: previous definition is here\ntypedef struct asn1_string_st ASN1_UTF8STRING;\n                              ^\nIn file included from src/boringssl/err_data.c:18:\nIn file included from /usr/local/opt/openssl@3/include/openssl/err.h:28:\n/usr/local/opt/openssl@3/include/openssl/types.h:60:31: error: redefinition of typedef 'ASN1_STRING' is a C11 feature [-Werror,-Wtypedef-redefinition]\ntypedef struct asn1_string_st ASN1_STRING;\n                              ^\nthird_party/boringssl/include/openssl/base.h:247:31: note: previous definition is here\ntypedef struct asn1_string_st ASN1_STRING;\n                              ^\nfatal error: too many errors emitted, stopping now [-ferror-limit=]\nIn file included from third_party/boringssl/crypto/asn1/a_d2i_fp.c:61:\nIn file included from third_party/boringssl/include/openssl/buf.h:60:\nthird_party/boringssl/include/openssl/base.h:147:9: error: 'OPENSSL_VERSION_NUMBER' macro redefined [-Werror,-Wmacro-redefined]\n#define OPENSSL_VERSION_NUMBER 0x1010007f\n        ^\n/usr/local/opt/openssl@3/include/openssl/opensslv.h:99:10: note: previous definition is here\n# define OPENSSL_VERSION_NUMBER          \\\n         ^\nIn file included from third_party/boringssl/crypto/asn1/a_d2i_fp.c:61:\nIn file included from third_party/boringssl/include/openssl/buf.h:60:\nthird_party/boringssl/include/openssl/base.h:182:9: error: 'OPENSSL_EXPORT' macro redefined [-Werror,-Wmacro-redefined]\n#define OPENSSL_EXPORT\n        ^\n/usr/local/opt/openssl@3/include/openssl/e_os2.h:183:11: note: previous definition is here\n#  define OPENSSL_EXPORT extern\n          ^\nIn file included from third_party/boringssl/crypto/asn1/a_d2i_fp.c:61:\nIn file included from third_party/boringssl/include/openssl/buf.h:60:\nthird_party/boringssl/include/openssl/base.h:231:13: error: typedef redefinition with different types ('int' vs 'struct crypto_threadid_st')\ntypedef int CRYPTO_THREADID;\n            ^\n/usr/local/opt/openssl@3/include/openssl/crypto.h:308:3: note: previous definition is here\n} CRYPTO_THREADID;\n  ^\nIn file included from third_party/boringssl/crypto/asn1/a_d2i_fp.c:61:\nIn file included from third_party/boringssl/include/openssl/buf.h:60:\nthird_party/boringssl/include/openssl/base.h:233:13: error: redefinition of typedef 'ASN1_BOOLEAN' is a C11 feature [-Werror,-Wtypedef-redefinition]\ntypedef int ASN1_BOOLEAN;\n            ^\n/usr/local/opt/openssl@3/include/openssl/types.h:61:13: note: previous definition is here\ntypedef int ASN1_BOOLEAN;\n            ^\nIn file included from third_party/boringssl/crypto/asn1/a_d2i_fp.c:61:\nIn file included from third_party/boringssl/include/openssl/buf.h:60:\nthird_party/boringssl/include/openssl/base.h:234:13: error: redefinition of typedef 'ASN1_NULL' is a C11 feature [-Werror,-Wtypedef-redefinition]\ntypedef int ASN1_NULL;\n            ^\n/usr/local/opt/openssl@3/include/openssl/types.h:62:13: note: previous definition is here\ntypedef int ASN1_NULL;\n            ^\nIn file included from third_party/boringssl/crypto/asn1/a_d2i_fp.c:61:\nIn file included from third_party/boringssl/include/openssl/buf.h:60:\nthird_party/boringssl/include/openssl/base.h:235:29: error: redefinition of typedef 'ASN1_ITEM' is a C11 feature [-Werror,-Wtypedef-redefinition]\ntypedef struct ASN1_ITEM_st ASN1_ITEM;\n                            ^\n/usr/local/opt/openssl@3/include/openssl/types.h:69:29: note: previous definition is here\ntypedef struct ASN1_ITEM_st ASN1_ITEM;\n                            ^\nIn file included from third_party/boringssl/crypto/asn1/a_d2i_fp.c:61:\nIn file included from third_party/boringssl/include/openssl/buf.h:60:\nthird_party/boringssl/include/openssl/base.h:236:31: error: redefinition of typedef 'ASN1_OBJECT' is a C11 feature [-Werror,-Wtypedef-redefinition]\ntypedef struct asn1_object_st ASN1_OBJECT;\n                              ^\n/usr/local/opt/openssl@3/include/openssl/types.h:66:31: note: previous definition is here\ntypedef struct asn1_object_st ASN1_OBJECT;\n                              ^\nIn file included from third_party/boringssl/crypto/asn1/a_d2i_fp.c:61:\nIn file included from third_party/boringssl/include/openssl/buf.h:60:\nthird_party/boringssl/include/openssl/base.h:237:29: error: redefinition of typedef 'ASN1_PCTX' is a C11 feature [-Werror,-Wtypedef-redefinition]\ntypedef struct asn1_pctx_st ASN1_PCTX;\n                            ^\n/usr/local/opt/openssl@3/include/openssl/types.h:70:29: note: previous definition is here\ntypedef struct asn1_pctx_st ASN1_PCTX;\n                            ^\nIn file included from third_party/boringssl/crypto/asn1/a_d2i_fp.c:61:\nIn file included from third_party/boringssl/include/openssl/buf.h:60:\nthird_party/boringssl/include/openssl/base.h:238:31: error: redefinition of typedef 'ASN1_BIT_STRING' is a C11 feature [-Werror,-Wtypedef-redefinition]\ntypedef struct asn1_string_st ASN1_BIT_STRING;\n                              ^\n/usr/local/opt/openssl@3/include/openssl/types.h:47:31: note: previous definition is here\ntypedef struct asn1_string_st ASN1_BIT_STRING;\n                              ^\nIn file included from third_party/boringssl/crypto/asn1/a_d2i_fp.c:61:\nIn file included from third_party/boringssl/include/openssl/buf.h:60:\nthird_party/boringssl/include/openssl/base.h:239:31: error: redefinition of typedef 'ASN1_BMPSTRING' is a C11 feature [-Werror,-Wtypedef-redefinition]\ntypedef struct asn1_string_st ASN1_BMPSTRING;\n                              ^\n/usr/local/opt/openssl@3/include/openssl/types.h:54:31: note: previous definition is here\ntypedef struct asn1_string_st ASN1_BMPSTRING;\n                              ^\nIn file included from third_party/boringssl/crypto/asn1/a_d2i_fp.c:61:\nIn file included from third_party/boringssl/include/openssl/buf.h:60:\nthird_party/boringssl/include/openssl/base.h:240:31: error: redefinition of typedef 'ASN1_ENUMERATED' is a C11 feature [-Werror,-Wtypedef-redefinition]\ntypedef struct asn1_string_st ASN1_ENUMERATED;\n                              ^\n/usr/local/opt/openssl@3/include/openssl/types.h:46:31: note: previous definition is here\ntypedef struct asn1_string_st ASN1_ENUMERATED;\n                              ^\nIn file included from third_party/boringssl/crypto/asn1/a_d2i_fp.c:61:\nIn file included from third_party/boringssl/include/openssl/buf.h:60:\nthird_party/boringssl/include/openssl/base.h:241:31: error: redefinition of typedef 'ASN1_GENERALIZEDTIME' is a C11 feature [-Werror,-Wtypedef-redefinition]\ntypedef struct asn1_string_st ASN1_GENERALIZEDTIME;\n                              ^\n/usr/local/opt/openssl@3/include/openssl/types.h:57:31: note: previous definition is here\ntypedef struct asn1_string_st ASN1_GENERALIZEDTIME;\n                              ^\nIn file included from third_party/boringssl/crypto/asn1/a_d2i_fp.c:61:\nIn file included from third_party/boringssl/include/openssl/buf.h:60:\nthird_party/boringssl/include/openssl/base.h:242:31: error: redefinition of typedef 'ASN1_GENERALSTRING' is a C11 feature [-Werror,-Wtypedef-redefinition]\ntypedef struct asn1_string_st ASN1_GENERALSTRING;\n                              ^\n/usr/local/opt/openssl@3/include/openssl/types.h:52:31: note: previous definition is here\ntypedef struct asn1_string_st ASN1_GENERALSTRING;\n                              ^\nIn file included from third_party/boringssl/crypto/asn1/a_d2i_fp.c:61:\nIn file included from third_party/boringssl/include/openssl/buf.h:60:\nthird_party/boringssl/include/openssl/base.h:243:31: error: redefinition of typedef 'ASN1_IA5STRING' is a C11 feature [-Werror,-Wtypedef-redefinition]\ntypedef struct asn1_string_st ASN1_IA5STRING;\n                              ^\n/usr/local/opt/openssl@3/include/openssl/types.h:51:31: note: previous definition is here\ntypedef struct asn1_string_st ASN1_IA5STRING;\n                              ^\nIn file included from third_party/boringssl/crypto/asn1/a_d2i_fp.c:61:\nIn file included from third_party/boringssl/include/openssl/buf.h:60:\nthird_party/boringssl/include/openssl/base.h:244:31: error: redefinition of typedef 'ASN1_INTEGER' is a C11 feature [-Werror,-Wtypedef-redefinition]\ntypedef struct asn1_string_st ASN1_INTEGER;\n                              ^\n/usr/local/opt/openssl@3/include/openssl/types.h:45:31: note: previous definition is here\ntypedef struct asn1_string_st ASN1_INTEGER;\n                              ^\nIn file included from third_party/boringssl/crypto/asn1/a_d2i_fp.c:61:\nIn file included from third_party/boringssl/include/openssl/buf.h:60:\nthird_party/boringssl/include/openssl/base.h:245:31: error: redefinition of typedef 'ASN1_OCTET_STRING' is a C11 feature [-Werror,-Wtypedef-redefinition]\ntypedef struct asn1_string_st ASN1_OCTET_STRING;\n                              ^\n/usr/local/opt/openssl@3/include/openssl/types.h:48:31: note: previous definition is here\ntypedef struct asn1_string_st ASN1_OCTET_STRING;\n                              ^\nIn file included from third_party/boringssl/crypto/asn1/a_d2i_fp.c:61:\nIn file included from third_party/boringssl/include/openssl/buf.h:60:\nthird_party/boringssl/include/openssl/base.h:246:31: error: redefinition of typedef 'ASN1_PRINTABLESTRING' is a C11 feature [-Werror,-Wtypedef-redefinition]\ntypedef struct asn1_string_st ASN1_PRINTABLESTRING;\n                              ^\n/usr/local/opt/openssl@3/include/openssl/types.h:49:31: note: previous definition is here\ntypedef struct asn1_string_st ASN1_PRINTABLESTRING;\n                              ^\nIn file included from third_party/boringssl/crypto/asn1/a_d2i_fp.c:61:\nIn file included from third_party/boringssl/include/openssl/buf.h:60:\nthird_party/boringssl/include/openssl/base.h:247:31: error: redefinition of typedef 'ASN1_STRING' is a C11 feature [-Werror,-Wtypedef-redefinition]\ntypedef struct asn1_string_st ASN1_STRING;\n                              ^\n/usr/local/opt/openssl@3/include/openssl/types.h:60:31: note: previous definition is here\ntypedef struct asn1_string_st ASN1_STRING;\n                              ^\nIn file included from third_party/boringssl/crypto/asn1/a_d2i_fp.c:61:\nIn file included from third_party/boringssl/include/openssl/buf.h:60:\nthird_party/boringssl/include/openssl/base.h:248:31: error: redefinition of typedef 'ASN1_T61STRING' is a C11 feature [-Werror,-Wtypedef-redefinition]\ntypedef struct asn1_string_st ASN1_T61STRING;\n                              ^\n/usr/local/opt/openssl@3/include/openssl/types.h:50:31: note: previous definition is here\ntypedef struct asn1_string_st ASN1_T61STRING;\n                              ^\nfatal error: too many errors emitted, stopping now [-ferror-limit=]\n20 errors generated.\nIn file included from third_party/boringssl/crypto/asn1/a_mbstr.c:62:\nIn file included from third_party/boringssl/include/openssl/mem.h:60:\nthird_party/boringssl/include/openssl/base.h:147:9: error: 'OPENSSL_VERSION_NUMBER' macro redefined [-Werror,-Wmacro-redefined]\n#define OPENSSL_VERSION_NUMBER 0x1010007f\n        ^\n/usr/local/opt/openssl@3/include/openssl/opensslv.h:99:10: note: previous definition is here\n# define OPENSSL_VERSION_NUMBER          \\\n         ^\nIn file included from third_party/boringssl/crypto/asn1/a_mbstr.c:62:\nIn file included from third_party/boringssl/include/openssl/mem.h:60:\nthird_party/boringssl/include/openssl/base.h:182:9: error: 'OPENSSL_EXPORT' macro redefined [-Werror,-Wmacro-redefined]\n#define OPENSSL_EXPORT\n        ^\n/usr/local/opt/openssl@3/include/openssl/e_os2.h:183:11: note: previous definition is here\n#  define OPENSSL_EXPORT extern\n          ^\nIn file included from third_party/boringssl/crypto/asn1/a_mbstr.c:62:\nIn file included from third_party/boringssl/include/openssl/mem.h:60:\nthird_party/boringssl/include/openssl/base.h:231:13: error: typedef redefinition with different types ('int' vs 'struct crypto_threadid_st')\ntypedef int CRYPTO_THREADID;\n            ^\n/usr/local/opt/openssl@3/include/openssl/crypto.h:308:3: note: previous definition is here\n} CRYPTO_THREADID;\n  ^\nIn file included from third_party/boringssl/crypto/asn1/a_mbstr.c:62:\nIn file included from third_party/boringssl/include/openssl/mem.h:60:\nthird_party/boringssl/include/openssl/base.h:233:13: error: redefinition of typedef 'ASN1_BOOLEAN' is a C11 feature [-Werror,-Wtypedef-redefinition]\ntypedef int ASN1_BOOLEAN;\n            ^\n/usr/local/opt/openssl@3/include/openssl/types.h:61:13: note: previous definition is here\ntypedef int ASN1_BOOLEAN;\n            ^\nIn file included from third_party/boringssl/crypto/asn1/a_mbstr.c:62:\nIn file included from third_party/boringssl/include/openssl/mem.h:60:\nthird_party/boringssl/include/openssl/base.h:234:13: error: redefinition of typedef 'ASN1_NULL' is a C11 feature [-Werror,-Wtypedef-redefinition]\ntypedef int ASN1_NULL;\n            ^\n/usr/local/opt/openssl@3/include/openssl/types.h:62:13: note: previous definition is here\ntypedef int ASN1_NULL;\n            ^\nIn file included from third_party/boringssl/crypto/asn1/a_mbstr.c:62:\nIn file included from third_party/boringssl/include/openssl/mem.h:60:\nthird_party/boringssl/include/openssl/base.h:235:29: error: redefinition of typedef 'ASN1_ITEM' is a C11 feature [-Werror,-Wtypedef-redefinition]\ntypedef struct ASN1_ITEM_st ASN1_ITEM;\n                            ^\n/usr/local/opt/openssl@3/include/openssl/types.h:69:29: note: previous definition is here\ntypedef struct ASN1_ITEM_st ASN1_ITEM;\n                            ^\nIn file included from third_party/boringssl/crypto/asn1/a_mbstr.c:62:\nIn file included from third_party/boringssl/include/openssl/mem.h:60:\nthird_party/boringssl/include/openssl/base.h:236:31: error: redefinition of typedef 'ASN1_OBJECT' is a C11 feature [-Werror,-Wtypedef-redefinition]\ntypedef struct asn1_object_st ASN1_OBJECT;\n                              ^\n/usr/local/opt/openssl@3/include/openssl/types.h:66:31: note: previous definition is here\ntypedef struct asn1_object_st ASN1_OBJECT;\n                              ^\nIn file included from third_party/boringssl/crypto/asn1/a_mbstr.c:62:\nIn file included from third_party/boringssl/include/openssl/mem.h:60:\nthird_party/boringssl/include/openssl/base.h:237:29: error: redefinition of typedef 'ASN1_PCTX' is a C11 feature [-Werror,-Wtypedef-redefinition]\ntypedef struct asn1_pctx_st ASN1_PCTX;\n                            ^\n/usr/local/opt/openssl@3/include/openssl/types.h:70:29: note: previous definition is here\ntypedef struct asn1_pctx_st ASN1_PCTX;\n                            ^\nIn file included from third_party/boringssl/crypto/asn1/a_mbstr.c:62:\nIn file included from third_party/boringssl/include/openssl/mem.h:60:\nthird_party/boringssl/include/openssl/base.h:238:31: error: redefinition of typedef 'ASN1_BIT_STRING' is a C11 feature [-Werror,-Wtypedef-redefinition]\ntypedef struct asn1_string_st ASN1_BIT_STRING;\n                              ^\n/usr/local/opt/openssl@3/include/openssl/types.h:47:31: note: previous definition is here\ntypedef struct asn1_string_st ASN1_BIT_STRING;\n                              ^\nIn file included from third_party/boringssl/crypto/asn1/a_mbstr.c:62:\nIn file included from third_party/boringssl/include/openssl/mem.h:60:\nthird_party/boringssl/include/openssl/base.h:239:31: error: redefinition of typedef 'ASN1_BMPSTRING' is a C11 feature [-Werror,-Wtypedef-redefinition]\ntypedef struct asn1_string_st ASN1_BMPSTRING;\n                              ^\n/usr/local/opt/openssl@3/include/openssl/types.h:54:31: note: previous definition is here\ntypedef struct asn1_string_st ASN1_BMPSTRING;\n                              ^\nIn file included from third_party/boringssl/crypto/asn1/a_mbstr.c:62:\nIn file included from third_party/boringssl/include/openssl/mem.h:60:\nthird_party/boringssl/include/openssl/base.h:240:31: error: redefinition of typedef 'ASN1_ENUMERATED' is a C11 feature [-Werror,-Wtypedef-redefinition]\ntypedef struct asn1_string_st ASN1_ENUMERATED;\n                              ^\n/usr/local/opt/openssl@3/include/openssl/types.h:46:31: note: previous definition is here\ntypedef struct asn1_string_st ASN1_ENUMERATED;\n                              ^\nIn file included from third_party/boringssl/crypto/asn1/a_mbstr.c:62:\nIn file included from third_party/boringssl/include/openssl/mem.h:60:\nthird_party/boringssl/include/openssl/base.h:241:31: error: redefinition of typedef 'ASN1_GENERALIZEDTIME' is a C11 feature [-Werror,-Wtypedef-redefinition]\ntypedef struct asn1_string_st ASN1_GENERALIZEDTIME;\n                              ^\n/usr/local/opt/openssl@3/include/openssl/types.h:57:31: note: previous definition is here\ntypedef struct asn1_string_st ASN1_GENERALIZEDTIME;\n                              ^\nIn file included from third_party/boringssl/crypto/asn1/a_mbstr.c:62:\nIn file included from third_party/boringssl/include/openssl/mem.h:60:\nthird_party/boringssl/include/openssl/base.h:242:31: error: redefinition of typedef 'ASN1_GENERALSTRING' is a C11 feature [-Werror,-Wtypedef-redefinition]\ntypedef struct asn1_string_st ASN1_GENERALSTRING;\n                              ^\n/usr/local/opt/openssl@3/include/openssl/types.h:52:31: note: previous definition is here\ntypedef struct asn1_string_st ASN1_GENERALSTRING;\n                              ^\nIn file included from third_party/boringssl/crypto/asn1/a_mbstr.c:62:\nIn file included from third_party/boringssl/include/openssl/mem.h:60:\nthird_party/boringssl/include/openssl/base.h:243:31: error: redefinition of typedef 'ASN1_IA5STRING' is a C11 feature [-Werror,-Wtypedef-redefinition]\ntypedef struct asn1_string_st ASN1_IA5STRING;\n                              ^\n/usr/local/opt/openssl@3/include/openssl/types.h:51:31: note: previous definition is here\ntypedef struct asn1_string_st ASN1_IA5STRING;\n                              ^\nIn file included from third_party/boringssl/crypto/asn1/a_mbstr.c:62:\nIn file included from third_party/boringssl/include/openssl/mem.h:60:\nthird_party/boringssl/include/openssl/base.h:244:31: error: redefinition of typedef 'ASN1_INTEGER' is a C11 feature [-Werror,-Wtypedef-redefinition]\ntypedef struct asn1_string_st ASN1_INTEGER;\n                              ^\n/usr/local/opt/openssl@3/include/openssl/types.h:45:31: note: previous definition is here\ntypedef struct asn1_string_st ASN1_INTEGER;\n                              ^\nIn file included from third_party/boringssl/crypto/asn1/a_mbstr.c:62:\nIn file included from third_party/boringssl/include/openssl/mem.h:60:\nthird_party/boringssl/include/openssl/base.h:245:31: error: redefinition of typedef 'ASN1_OCTET_STRING' is a C11 feature [-Werror,-Wtypedef-redefinition]\ntypedef struct asn1_string_st ASN1_OCTET_STRING;\n                              ^\n/usr/local/opt/openssl@3/include/openssl/types.h:48:31: note: previous definition is here\ntypedef struct asn1_string_st ASN1_OCTET_STRING;\n                              ^\nIn file included from third_party/boringssl/crypto/asn1/a_mbstr.c:62:\nIn file included from third_party/boringssl/include/openssl/mem.h:60:\nthird_party/boringssl/include/openssl/base.h:246:31: error: redefinition of typedef 'ASN1_PRINTABLESTRING' is a C11 feature [-Werror,-Wtypedef-redefinition]\ntypedef struct asn1_string_st ASN1_PRINTABLESTRING;\n                              ^\n/usr/local/opt/openssl@3/include/openssl/types.h:49:31: note: previous definition is here\ntypedef struct asn1_string_st ASN1_PRINTABLESTRING;\n                              ^\nIn file included from third_party/boringssl/crypto/asn1/a_mbstr.c:62:\nIn file included from third_party/boringssl/include/openssl/mem.h:60:\nthird_party/boringssl/include/openssl/base.h:247:31: error: redefinition of typedef 'ASN1_STRING' is a C11 feature [-Werror,-Wtypedef-redefinition]\ntypedef struct asn1_string_st ASN1_STRING;\n                              ^\n/usr/local/opt/openssl@3/include/openssl/types.h:60:31: note: previous definition is here\ntypedef struct asn1_string_st ASN1_STRING;\n                              ^\nIn file included from third_party/boringssl/crypto/asn1/a_mbstr.c:62:\nIn file included from third_party/boringssl/include/openssl/mem.h:60:\nthird_party/boringssl/include/openssl/base.h:248:31: error: redefinition of typedef 'ASN1_T61STRING' is a C11 feature [-Werror,-Wtypedef-redefinition]\ntypedef struct asn1_string_st ASN1_T61STRING;\n                              ^\n/usr/local/opt/openssl@3/include/openssl/types.h:50:31: note: previous definition is here\ntypedef struct asn1_string_st ASN1_T61STRING;\n                              ^\nfatal error: too many errors emitted, stopping now [-ferror-limit=]\nmake: *** [/Users/runner/actions-runner/_work/python.build/python.build/build_grpcio114238/grpcio-1.14.2/objs/opt/third_party/boringssl/crypto/asn1/a_d2i_fp.o] Error 1\nmake: *** Waiting for unfinished jobs....\n20 errors generated.\nIn file included from third_party/boringssl/crypto/asn1/a_bitstr.c:63:\nIn file included from third_party/boringssl/include/openssl/mem.h:60:\nthird_party/boringssl/include/openssl/base.h:147:9: error: 'OPENSSL_VERSION_NUMBER' macro redefined [-Werror,-Wmacro-redefined]\n#define OPENSSL_VERSION_NUMBER 0x1010007f\n        ^\n/usr/local/opt/openssl@3/include/openssl/opensslv.h:99:10: note: previous definition is here\n# define OPENSSL_VERSION_NUMBER          \\\n         ^\nIn file included from third_party/boringssl/crypto/asn1/a_bitstr.c:63:\nIn file included from third_party/boringssl/include/openssl/mem.h:60:\nthird_party/boringssl/include/openssl/base.h:182:9: error: 'OPENSSL_EXPORT' macro redefined [-Werror,-Wmacro-redefined]\n#define OPENSSL_EXPORT\n        ^\n/usr/local/opt/openssl@3/include/openssl/e_os2.h:183:11: note: previous definition is here\n#  define OPENSSL_EXPORT extern\n          ^\n20 errors generated.\nIn file included from third_party/boringssl/crypto/asn1/a_bitstr.c:63:\nIn file included from third_party/boringssl/include/openssl/mem.h:60:\nthird_party/boringssl/include/openssl/base.h:231:13: error: typedef redefinition with different types ('int' vs 'struct crypto_threadid_st')\ntypedef int CRYPTO_THREADID;\n            ^\n/usr/local/opt/openssl@3/include/openssl/crypto.h:308:3: note: previous definition is here\n} CRYPTO_THREADID;\n  ^\nIn file included from third_party/boringssl/crypto/asn1/a_bitstr.c:63:\nIn file included from third_party/boringssl/include/openssl/mem.h:60:\nthird_party/boringssl/include/openssl/base.h:233:In file included from 13: error: redefinition of typedef 'ASN1_BOOLEAN' is a C11 feature [-Werror,-Wtypedef-redefinition]\nthird_party/boringssl/crypto/asn1/a_enum.c:63:\nIn file included from typedef int ASN1_BOOLEAN;\n            ^\nthird_party/boringssl/include/openssl/mem.h:60:\nthird_party/boringssl/include/openssl/base.h:147:9: error: 'OPENSSL_VERSION_NUMBER' macro redefined [-Werror,-Wmacro-redefined]/usr/local/opt/openssl@3/include/openssl/types.h:\n61:13: note: previous definition is here\ntypedef int ASN1_BOOLEAN;\n            ^\nIn file included from third_party/boringssl/crypto/asn1/a_bitstr.c:63:\nIn file included from third_party/boringssl/include/openssl/mem.h:60:\n#define OPENSSL_VERSION_NUMBER 0x1010007f\n        ^third_party/boringssl/include/openssl/base.h:234:13: error: redefinition of typedef 'ASN1_NULL' is a C11 feature [-Werror,-Wtypedef-redefinition]\n\ntypedef int ASN1_NULL;\n            ^\n/usr/local/opt/openssl@3/include/openssl/types.h:62/usr/local/opt/openssl@3/include/openssl/opensslv.h:13::99 :10: note: previous definition is here\nnote: previous definition is here\n# define OPENSSL_VERSION_NUMBER          \\\n         ^typedef int ASN1_NULL;\n\n            ^\nIn file included from third_party/boringssl/crypto/asn1/a_enum.c:63:\nIn file included from third_party/boringssl/include/openssl/mem.hIn file included from :third_party/boringssl/crypto/asn1/a_bitstr.c60::\n63third_party/boringssl/include/openssl/base.h:\n:In file included from 182third_party/boringssl/include/openssl/mem.h::9: error: 60'OPENSSL_EXPORT' macro redefined [-Werror,-Wmacro-redefined]:\nthird_party/boringssl/include/openssl/base.h:235:29: error: \nredefinition of typedef 'ASN1_ITEM' is a C11 feature [-Werror,-Wtypedef-redefinition]\n#define OPENSSL_EXPORT\n        ^typedef struct ASN1_ITEM_st ASN1_ITEM;\n                            ^\n/usr/local/opt/openssl@3/include/openssl/types.h:69\n:29: note: previous definition is here\n/usr/local/opt/openssl@3/include/openssl/e_os2.h:183typedef struct ASN1_ITEM_st ASN1_ITEM;:\n11: note: previous definition is here                            ^\n\nIn file included from third_party/boringssl/crypto/asn1/a_bitstr.c:63:\nIn file included from third_party/boringssl/include/openssl/mem.h:60#  define OPENSSL_EXPORT extern:\n\nthird_party/boringssl/include/openssl/base.h          ^:\n236:31: error: redefinition of typedef 'ASN1_OBJECT' is a C11 feature [-Werror,-Wtypedef-redefinition]\ntypedef struct asn1_object_st ASN1_OBJECT;\n                              ^\n/usr/local/opt/openssl@3/include/openssl/types.h:66:31: note: previous definition is here\ntypedef struct asn1_object_st ASN1_OBJECT;\n                              ^\nIn file included from third_party/boringssl/crypto/asn1/a_bitstr.c:63:\nIn file included from third_party/boringssl/include/openssl/mem.h:60:\nthird_party/boringssl/include/openssl/base.h:237In file included from :29: error: third_party/boringssl/crypto/asn1/a_enum.credefinition of typedef 'ASN1_PCTX' is a C11 feature [-Werror,-Wtypedef-redefinition]:\n63:\nIn file included from third_party/boringssl/include/openssl/mem.h:60:\nthird_party/boringssl/include/openssl/base.h:231:13: error: typedef redefinition with different types ('int' vs 'struct crypto_threadid_st')\ntypedef struct asn1_pctx_st ASN1_PCTX;\n                            ^\n/usr/local/opt/openssl@3/include/openssl/types.h:70typedef int CRYPTO_THREADID;\n            ^\n:29: note: previous definition is here\ntypedef struct asn1_pctx_st ASN1_PCTX;\n                            ^\nIn file included from third_party/boringssl/crypto/asn1/a_bitstr.c:63:\nIn file included from third_party/boringssl/include/openssl/mem.h:60:\nthird_party/boringssl/include/openssl/base.h/usr/local/opt/openssl@3/include/openssl/crypto.h:308:3: note: previous definition is here\n:} CRYPTO_THREADID;238:31: error: redefinition of typedef 'ASN1_BIT_STRING' is a C11 feature [-Werror,-Wtypedef-redefinition]\nIn file included from third_party/boringssl/crypto/asn1/a_gentm.c\n:typedef struct asn1_string_st ASN1_BIT_STRING;\n                              ^\n  ^63\n:\n/usr/local/opt/openssl@3/include/openssl/types.h:In file included from 47third_party/boringssl/include/openssl/mem.h:60:\nthird_party/boringssl/include/openssl/base.h::14731::9 : error: 'OPENSSL_VERSION_NUMBER' macro redefined [-Werror,-Wmacro-redefined]\nnote: In file included from previous definition is herethird_party/boringssl/crypto/asn1/a_enum.c\n:63:\nIn file included from third_party/boringssl/include/openssl/mem.h:60:\ntypedef struct asn1_string_st ASN1_BIT_STRING;third_party/boringssl/include/openssl/base.h\n:                              ^#define OPENSSL_VERSION_NUMBER 0x1010007f\n\n        ^233\n:13: error: redefinition of typedef 'ASN1_BOOLEAN' is a C11 feature [-Werror,-Wtypedef-redefinition]In file included from /usr/local/opt/openssl@3/include/openssl/opensslv.hthird_party/boringssl/crypto/asn1/a_bitstr.c::9963::\n10In file included from third_party/boringssl/include/openssl/mem.h:60:\nthird_party/boringssl/include/openssl/base.h:\n239:: 31note::  previous definition is hereerror\n: typedef int ASN1_BOOLEAN;redefinition of typedef 'ASN1_BMPSTRING' is a C11 feature [-Werror,-Wtypedef-redefinition]\n\n# define OPENSSL_VERSION_NUMBER          \\\ntypedef struct asn1_string_st ASN1_BMPSTRING;            ^\n\n                              ^\n         ^\n/usr/local/opt/openssl@3/include/openssl/types.h:54:31: note: /usr/local/opt/openssl@3/include/openssl/types.hprevious definition is hereIn file included from third_party/boringssl/crypto/asn1/a_gentm.c:63:\nIn file included from third_party/boringssl/include/openssl/mem.h:60:61:\n13::\nthird_party/boringssl/include/openssl/base.h:182:9: error: 'OPENSSL_EXPORT' macro redefined [-Werror,-Wmacro-redefined]\ntypedef struct asn1_string_st ASN1_BMPSTRING;\n                              ^\n#define OPENSSL_EXPORT\n        ^\n/usr/local/opt/openssl@3/include/openssl/e_os2.h:183:11:In file included from  third_party/boringssl/crypto/asn1/a_bitstr.cnote:: 63previous definition is here:\n\n noteIn file included from : previous definition is herethird_party/boringssl/include/openssl/mem.h\n:60:\nthird_party/boringssl/include/openssl/base.h:240:31#  define OPENSSL_EXPORT extern:\n typedef int ASN1_BOOLEAN;          ^\n\n            ^\nerror: redefinition of typedef 'ASN1_ENUMERATED' is a C11 feature [-Werror,-Wtypedef-redefinition]\nIn file included from third_party/boringssl/crypto/asn1/a_enum.c:63:\nIn file included from third_party/boringssl/include/openssl/mem.h:60typedef struct asn1_string_st ASN1_ENUMERATED;:\n\nthird_party/boringssl/include/openssl/base.h                              ^:\n234:13: /usr/local/opt/openssl@3/include/openssl/types.h:46:31: errornote: : previous definition is here\nredefinition of typedef 'ASN1_NULL' is a C11 feature [-Werror,-Wtypedef-redefinition]\ntypedef struct asn1_string_st ASN1_ENUMERATED;\n                              ^typedef int ASN1_NULL;\n            ^\n/usr/local/opt/openssl@3/include/openssl/types.h:62:13: note: previous definition is here\ntypedef int ASN1_NULL;\n            ^\n\nIn file included from third_party/boringssl/crypto/asn1/a_gentm.c:63:\nIn file included from In file included from third_party/boringssl/include/openssl/mem.hthird_party/boringssl/crypto/asn1/a_enum.c::6063:\n:\nthird_party/boringssl/include/openssl/base.hIn file included from :231third_party/boringssl/crypto/asn1/a_bitstr.c:13: error: typedef redefinition with different types ('int' vs 'struct crypto_threadid_st')\ntypedef int CRYPTO_THREADID;\n            ^\nIn file included from third_party/boringssl/include/openssl/mem.h:/usr/local/opt/openssl@3/include/openssl/crypto.h60::\n308third_party/boringssl/include/openssl/base.h::3235::29: error: redefinition of typedef 'ASN1_ITEM' is a C11 feature [-Werror,-Wtypedef-redefinition]:\n63:\nIn file included from third_party/boringssl/include/openssl/mem.h:60:\nthird_party/boringssl/include/openssl/base.h:241:31:  errornote: redefinition of typedef 'ASN1_GENERALIZEDTIME' is a C11 feature [-Werror,-Wtypedef-redefinition]\ntypedef struct ASN1_ITEM_st ASN1_ITEM;\n                            ^\n: previous definition is here\n/usr/local/opt/openssl@3/include/openssl/types.h:69:29: } CRYPTO_THREADID;\ntypedef struct asn1_string_st ASN1_GENERALIZEDTIME;  ^\n                              ^\nnote/usr/local/opt/openssl@3/include/openssl/types.h: previous definition is here\n\n:57:31: note: typedef struct ASN1_ITEM_st ASN1_ITEM;\n                            ^\nprevious definition is here\nIn file included from third_party/boringssl/crypto/asn1/a_gentm.c:63:\ntypedef struct asn1_string_st ASN1_GENERALIZEDTIME;In file included from \nIn file included from third_party/boringssl/crypto/asn1/a_enum.c:63:\nIn file included from third_party/boringssl/include/openssl/mem.h:                              ^\nthird_party/boringssl/include/openssl/mem.h:6060:\nthird_party/boringssl/include/openssl/base.h:233::\n13In file included from :third_party/boringssl/crypto/asn1/a_bitstr.c :63error:\n: redefinition of typedef 'ASN1_BOOLEAN' is a C11 feature [-Werror,-Wtypedef-redefinition]In file included from third_party/boringssl/include/openssl/base.hthird_party/boringssl/include/openssl/mem.h::236:31: error60:\nthird_party/boringssl/include/openssl/base.h:\n: redefinition of typedef 'ASN1_OBJECT' is a C11 feature [-Werror,-Wtypedef-redefinition]\n242typedef int ASN1_BOOLEAN;\n            ^\n:31: error: redefinition of typedef 'ASN1_GENERALSTRING' is a C11 feature [-Werror,-Wtypedef-redefinition]\n/usr/local/opt/openssl@3/include/openssl/types.h:61:13: notetypedef struct asn1_object_st ASN1_OBJECT;: \nprevious definition is here                              ^\ntypedef struct asn1_string_st ASN1_GENERALSTRING;\n                              ^\n/usr/local/opt/openssl@3/include/openssl/types.htypedef int ASN1_BOOLEAN;:\n52            ^\n:\n31: /usr/local/opt/openssl@3/include/openssl/types.hnoteIn file included from : :66:31: note: third_party/boringssl/crypto/asn1/a_gentm.cprevious definition is here\nprevious definition is here\n:typedef struct asn1_object_st ASN1_OBJECT;\n                              ^\ntypedef struct asn1_string_st ASN1_GENERALSTRING;\n                              ^\nIn file included from 63third_party/boringssl/crypto/asn1/a_enum.c:\n:In file included from 63third_party/boringssl/include/openssl/mem.h:\n:In file included from 60third_party/boringssl/include/openssl/mem.h:\n:third_party/boringssl/include/openssl/base.h60::\n234third_party/boringssl/include/openssl/base.h::13237:: 29error::  redefinition of typedef 'ASN1_NULL' is a C11 feature [-Werror,-Wtypedef-redefinition]error\nIn file included from third_party/boringssl/crypto/asn1/a_bitstr.c:63:\n: redefinition of typedef 'ASN1_PCTX' is a C11 feature [-Werror,-Wtypedef-redefinition]\nIn file included from typedef int ASN1_NULL;\nthird_party/boringssl/include/openssl/mem.h            ^:\n60:\nthird_party/boringssl/include/openssl/base.h:typedef struct asn1_pctx_st ASN1_PCTX;243\n:                            ^31: error/usr/local/opt/openssl@3/include/openssl/types.h: :redefinition of typedef 'ASN1_IA5STRING' is a C11 feature [-Werror,-Wtypedef-redefinition]\n62\n:13: note: /usr/local/opt/openssl@3/include/openssl/types.h:70:29: note: previous definition is here\ntypedef struct asn1_string_st ASN1_IA5STRING;\n                              ^\n/usr/local/opt/openssl@3/include/openssl/types.h:51:31: note: previous definition is here\nprevious definition is heretypedef struct asn1_pctx_st ASN1_PCTX;\n\n                            ^\ntypedef int ASN1_NULL;typedef struct asn1_string_st ASN1_IA5STRING;\n            ^\n\n                              ^\nIn file included from third_party/boringssl/crypto/asn1/a_enum.c:63:\nIn file included from third_party/boringssl/include/openssl/mem.h:60In file included from :\nthird_party/boringssl/crypto/asn1/a_bitstr.cthird_party/boringssl/include/openssl/base.h::63238:\n:In file included from third_party/boringssl/include/openssl/mem.h:60:\nthird_party/boringssl/include/openssl/base.h:24431::31 :error : errorredefinition of typedef 'ASN1_BIT_STRING' is a C11 feature [-Werror,-Wtypedef-redefinition]: \nredefinition of typedef 'ASN1_INTEGER' is a C11 feature [-Werror,-Wtypedef-redefinition]\nIn file included from third_party/boringssl/crypto/asn1/a_gentm.c:63:\ntypedef struct asn1_string_st ASN1_BIT_STRING;In file included from typedef struct asn1_string_st ASN1_INTEGER;\n\n                              ^\n                              ^\n/usr/local/opt/openssl@3/include/openssl/types.h:47:31:/usr/local/opt/openssl@3/include/openssl/types.h:third_party/boringssl/include/openssl/mem.h45:60:\nthird_party/boringssl/include/openssl/base.h:235 :31:note: :previous definition is here\n note: 29previous definition is here\n: error: redefinition of typedef 'ASN1_ITEM' is a C11 feature [-Werror,-Wtypedef-redefinition]\ntypedef struct asn1_string_st ASN1_BIT_STRING;\n                              ^\ntypedef struct asn1_string_st ASN1_INTEGER;In file included from third_party/boringssl/crypto/asn1/a_enum.c:\n63:\n                              ^In file included from \ntypedef struct ASN1_ITEM_st ASN1_ITEM;In file included from \nthird_party/boringssl/crypto/asn1/a_bitstr.cthird_party/boringssl/include/openssl/mem.h:63::\n60:\n                            ^\nIn file included from third_party/boringssl/include/openssl/mem.h:60:\nthird_party/boringssl/include/openssl/base.h:/usr/local/opt/openssl@3/include/openssl/types.h239:31: error: redefinition of typedef 'ASN1_BMPSTRING' is a C11 feature [-Werror,-Wtypedef-redefinition]\nthird_party/boringssl/include/openssl/base.h:69:29: note:: previous definition is here\n245typedef struct asn1_string_st ASN1_BMPSTRING;:\ntypedef struct ASN1_ITEM_st ASN1_ITEM;\n                            ^\n                              ^\nIn file included from third_party/boringssl/crypto/asn1/a_gentm.c:63:\nIn file included from third_party/boringssl/include/openssl/mem.h:6031:\nthird_party/boringssl/include/openssl/base.h:: 236error:: 31: error: redefinition of typedef 'ASN1_OBJECT' is a C11 feature [-Werror,-Wtypedef-redefinition]\n/usr/local/opt/openssl@3/include/openssl/types.h:54redefinition of typedef 'ASN1_OCTET_STRING' is a C11 feature [-Werror,-Wtypedef-redefinition]\ntypedef struct asn1_object_st ASN1_OBJECT;\n                              ^\n:31: note: previous definition is here\ntypedef struct asn1_string_st ASN1_OCTET_STRING;\n                              ^\n/usr/local/opt/openssl@3/include/openssl/types.h:48:/usr/local/opt/openssl@3/include/openssl/types.h31:: typedef struct asn1_string_st ASN1_BMPSTRING;\n                              ^note\n: previous definition is here\n66:31:typedef struct asn1_string_st ASN1_OCTET_STRING;\n                               ^note\n: In file included from previous definition is herethird_party/boringssl/crypto/asn1/a_enum.c:63:\nIn file included from In file included from third_party/boringssl/crypto/asn1/a_bitstr.cthird_party/boringssl/include/openssl/mem.h::\nmake: 63*** [/Users/runner/actions-runner/_work/python.build/python.build/build_grpcio114238/grpcio-1.14.2/objs/opt/src/boringssl/err_data.o] Error 1\n:\nIn file included from third_party/boringssl/include/openssl/mem.h:6060:\nthird_party/boringssl/include/openssl/base.h:\nthird_party/boringssl/include/openssl/base.htypedef struct asn1_object_st ASN1_OBJECT;:\n                              ^246:\n31: error: redefinition of typedef 'ASN1_PRINTABLESTRING' is a C11 feature [-Werror,-Wtypedef-redefinition]\n:240:31: errortypedef struct asn1_string_st ASN1_PRINTABLESTRING;: \nIn file included from third_party/boringssl/crypto/asn1/a_gentm.c:63:\nredefinition of typedef 'ASN1_ENUMERATED' is a C11 feature [-Werror,-Wtypedef-redefinition]                              ^\nIn file included from /usr/local/opt/openssl@3/include/openssl/types.hthird_party/boringssl/include/openssl/mem.h\n:60:\nthird_party/boringssl/include/openssl/base.h:237:29: error: redefinition of typedef 'ASN1_PCTX' is a C11 feature [-Werror,-Wtypedef-redefinition]\n:typedef struct asn1_string_st ASN1_ENUMERATED;49\n:                              ^\n31: note/usr/local/opt/openssl@3/include/openssl/types.h: :previous definition is here46typedef struct asn1_pctx_st ASN1_PCTX;:\n31                            ^:\n note\n/usr/local/opt/openssl@3/include/openssl/types.h:70:29: : previous definition is here\nnote: typedef struct asn1_string_st ASN1_PRINTABLESTRING;previous definition is here\n\n                              ^typedef struct asn1_string_st ASN1_ENUMERATED;\n\n                              ^\nIn file included from third_party/boringssl/crypto/asn1/a_bitstr.c:typedef struct asn1_pctx_st ASN1_PCTX;63\n:\n                            ^In file included from \nthird_party/boringssl/include/openssl/mem.h:60:\nIn file included from third_party/boringssl/include/openssl/base.hthird_party/boringssl/crypto/asn1/a_enum.c:63:\nIn file included from third_party/boringssl/include/openssl/mem.h::60In file included from :\nthird_party/boringssl/crypto/asn1/a_gentm.c247third_party/boringssl/include/openssl/base.h::31241:: 31error:: :redefinition of typedef 'ASN1_STRING' is a C11 feature [-Werror,-Wtypedef-redefinition]\n63:\nIn file included from third_party/boringssl/include/openssl/mem.h:60:\n third_party/boringssl/include/openssl/base.h:238:31: error: errorredefinition of typedef 'ASN1_BIT_STRING' is a C11 feature [-Werror,-Wtypedef-redefinition]: \nredefinition of typedef 'ASN1_GENERALIZEDTIME' is a C11 feature [-Werror,-Wtypedef-redefinition]\ntypedef struct asn1_string_st ASN1_STRING;\n                              ^\ntypedef struct asn1_string_st ASN1_BIT_STRING;/usr/local/opt/openssl@3/include/openssl/types.h\n:                              ^60\n:31:typedef struct asn1_string_st ASN1_GENERALIZEDTIME;\n                              ^\n/usr/local/opt/openssl@3/include/openssl/types.h:47 :31: /usr/local/opt/openssl@3/include/openssl/types.h:57:31: note: previous definition is herenote\n: previous definition is here\nnote: previous definition is here\ntypedef struct asn1_string_st ASN1_GENERALIZEDTIME;\n                              ^\ntypedef struct asn1_string_st ASN1_STRING;\n                              ^\nIn file included from third_party/boringssl/crypto/asn1/a_enum.c:63:\ntypedef struct asn1_string_st ASN1_BIT_STRING;In file included from \nthird_party/boringssl/include/openssl/mem.h:In file included from 60third_party/boringssl/crypto/asn1/a_bitstr.c:\n:third_party/boringssl/include/openssl/base.h63::\n242                              ^\nIn file included from :31: third_party/boringssl/include/openssl/mem.herror:: 60redefinition of typedef 'ASN1_GENERALSTRING' is a C11 feature [-Werror,-Wtypedef-redefinition]:\n\nthird_party/boringssl/include/openssl/base.h:248:In file included from 31:third_party/boringssl/crypto/asn1/a_gentm.c :63:\nIn file included from third_party/boringssl/include/openssl/mem.h:error: redefinition of typedef 'ASN1_T61STRING' is a C11 feature [-Werror,-Wtypedef-redefinition]\ntypedef struct asn1_string_st ASN1_GENERALSTRING;60\n:\n                              ^\nthird_party/boringssl/include/openssl/base.h:239:/usr/local/opt/openssl@3/include/openssl/types.h31::52 :error31: :redefinition of typedef 'ASN1_BMPSTRING' is a C11 feature [-Werror,-Wtypedef-redefinition] \nnote: previous definition is heretypedef struct asn1_string_st ASN1_T61STRING;\n\n                              ^\n/usr/local/opt/openssl@3/include/openssl/types.h:50:typedef struct asn1_string_st ASN1_BMPSTRING;31\n                              ^\ntypedef struct asn1_string_st ASN1_GENERALSTRING;/usr/local/opt/openssl@3/include/openssl/types.h\n                              ^::54 :note31: : previous definition is herenote\n\n: previous definition is here\ntypedef struct asn1_string_st ASN1_T61STRING;\n                              ^\nIn file included from typedef struct asn1_string_st ASN1_BMPSTRING;third_party/boringssl/crypto/asn1/a_enum.c\n                              ^\nfatal error: too many errors emitted, stopping now [-ferror-limit=]\n:In file included from third_party/boringssl/crypto/asn1/a_gentm.c:6363:\n:\nIn file included from In file included from third_party/boringssl/include/openssl/mem.hthird_party/boringssl/include/openssl/mem.h:60:\nthird_party/boringssl/include/openssl/base.h:243::31:60 :\nerrorthird_party/boringssl/include/openssl/base.h: :redefinition of typedef 'ASN1_IA5STRING' is a C11 feature [-Werror,-Wtypedef-redefinition]240\n:31: error: redefinition of typedef 'ASN1_ENUMERATED' is a C11 feature [-Werror,-Wtypedef-redefinition]\ntypedef struct asn1_string_st ASN1_IA5STRING;\n                              ^\ntypedef struct asn1_string_st ASN1_ENUMERATED;/usr/local/opt/openssl@3/include/openssl/types.h\n:                              ^51\n:31: /usr/local/opt/openssl@3/include/openssl/types.hnote: previous definition is here:46\n:31: note: previous definition is here\ntypedef struct asn1_string_st ASN1_IA5STRING;\n                              ^\ntypedef struct asn1_string_st ASN1_ENUMERATED;\n                              ^\nIn file included from third_party/boringssl/crypto/asn1/a_enum.c:63:\nIn file included from third_party/boringssl/include/openssl/mem.h:60:\nthird_party/boringssl/include/openssl/base.h:244In file included from third_party/boringssl/crypto/asn1/a_gentm.c:63:\nIn file included from third_party/boringssl/include/openssl/mem.h::60:\n31third_party/boringssl/include/openssl/base.h:: 241error: redefinition of typedef 'ASN1_INTEGER' is a C11 feature [-Werror,-Wtypedef-redefinition]:\n31: error: redefinition of typedef 'ASN1_GENERALIZEDTIME' is a C11 feature [-Werror,-Wtypedef-redefinition]\ntypedef struct asn1_string_st ASN1_INTEGER;\n                              ^\n/usr/local/opt/openssl@3/include/openssl/types.h:45:31:typedef struct asn1_string_st ASN1_GENERALIZEDTIME; note: previous definition is here\n\n                              ^\n/usr/local/opt/openssl@3/include/openssl/types.h:typedef struct asn1_string_st ASN1_INTEGER;57\n:                              ^31\n: note: previous definition is here\nIn file included from third_party/boringssl/crypto/asn1/a_enum.c:63:\nIn file included from third_party/boringssl/include/openssl/mem.htypedef struct asn1_string_st ASN1_GENERALIZEDTIME;:60:\nthird_party/boringssl/include/openssl/base.h:245:31\n                              ^\n: error: redefinition of typedef 'ASN1_OCTET_STRING' is a C11 feature [-Werror,-Wtypedef-redefinition]\nIn file included from In file included from third_party/boringssl/crypto/asn1/a_gentm.c:63:\nIn file included from third_party/boringssl/include/openssl/mem.h:60:\nthird_party/boringssl/crypto/asn1/a_dup.cthird_party/boringssl/include/openssl/base.h::24260::\n31In file included from :third_party/boringssl/include/openssl/mem.h :errortypedef struct asn1_string_st ASN1_OCTET_STRING;\n                              ^\n/usr/local/opt/openssl@3/include/openssl/types.h:: 60redefinition of typedef 'ASN1_GENERALSTRING' is a C11 feature [-Werror,-Wtypedef-redefinition]\n:\n48:third_party/boringssl/include/openssl/base.hmake: *** [/Users/runner/actions-runner/_work/python.build/python.build/build_grpcio114238/grpcio-1.14.2/objs/opt/third_party/boringssl/crypto/asn1/a_mbstr.o] Error 1\n31:typedef struct asn1_string_st ASN1_GENERALSTRING; \nnote                              ^:147:9:: \n errorprevious definition is here: \n'OPENSSL_VERSION_NUMBER' macro redefined [-Werror,-Wmacro-redefined]/usr/local/opt/openssl@3/include/openssl/types.h\n:52:31: note: previous definition is here\ntypedef struct asn1_string_st ASN1_OCTET_STRING;\n                              ^\n#define OPENSSL_VERSION_NUMBER 0x1010007f\n        ^\ntypedef struct asn1_string_st ASN1_GENERALSTRING;\n                              ^\nIn file included from third_party/boringssl/crypto/asn1/a_enum.c:/usr/local/opt/openssl@3/include/openssl/opensslv.h63::\n99In file included from :third_party/boringssl/include/openssl/mem.h10:60:\nIn file included from :third_party/boringssl/crypto/asn1/a_gentm.c :63:\nIn file included from third_party/boringssl/include/openssl/mem.hnote:60: :\nthird_party/boringssl/include/openssl/base.hprevious definition is herethird_party/boringssl/include/openssl/base.h:246:31\n: :243:31: errorerror: # define OPENSSL_VERSION_NUMBER          \\redefinition of typedef 'ASN1_PRINTABLESTRING' is a C11 feature [-Werror,-Wtypedef-redefinition]\n\n         ^\n: redefinition of typedef 'ASN1_IA5STRING' is a C11 feature [-Werror,-Wtypedef-redefinition]\nIn file included from typedef struct asn1_string_st ASN1_PRINTABLESTRING;third_party/boringssl/crypto/asn1/a_dup.c\n:                              ^typedef struct asn1_string_st ASN1_IA5STRING;\n\n                              ^/usr/local/opt/openssl@3/include/openssl/types.h\n:49:/usr/local/opt/openssl@3/include/openssl/types.h:6051::\nIn file included from third_party/boringssl/include/openssl/mem.h:31: note3160::\n third_party/boringssl/include/openssl/base.h:182:9:note: : previous definition is hereprevious definition is here\n\n error: 'OPENSSL_EXPORT' macro redefined [-Werror,-Wmacro-redefined]\ntypedef struct asn1_string_st ASN1_IA5STRING;\n                              ^#define OPENSSL_EXPORT\n\ntypedef struct asn1_string_st ASN1_PRINTABLESTRING;        ^\n                              ^\n\nIn file included from /usr/local/opt/openssl@3/include/openssl/e_os2.hthird_party/boringssl/crypto/asn1/a_gentm.c::18363::\n11In file included from :third_party/boringssl/include/openssl/mem.h In file included from note: previous definition is here\nthird_party/boringssl/crypto/asn1/a_enum.c:63:#  define OPENSSL_EXPORT extern60:\n:\nIn file included from third_party/boringssl/include/openssl/mem.h:60:\nthird_party/boringssl/include/openssl/base.hthird_party/boringssl/include/openssl/base.h:247:31: error: \nredefinition of typedef 'ASN1_STRING' is a C11 feature [-Werror,-Wtypedef-redefinition]\n          ^\n:244:31: error: redefinition of typedef 'ASN1_INTEGER' is a C11 feature [-Werror,-Wtypedef-redefinition]typedef struct asn1_string_st ASN1_STRING;\n\n                              ^\n/usr/local/opt/openssl@3/include/openssl/types.h:60:31: note: previous definition is here\ntypedef struct asn1_string_st ASN1_INTEGER;\n                              ^\ntypedef struct asn1_string_st ASN1_STRING;\n                              ^\n/usr/local/opt/openssl@3/include/openssl/types.h:45:31: note: In file included from previous definition is herethird_party/boringssl/crypto/asn1/a_enum.c\n:63:\nIn file included from typedef struct asn1_string_st ASN1_INTEGER;In file included from third_party/boringssl/include/openssl/mem.h:60:\nthird_party/boringssl/include/openssl/base.hthird_party/boringssl/crypto/asn1/a_dup.c::248\n:31                              ^\n60:\nIn file included from third_party/boringssl/include/openssl/mem.h::60:\n third_party/boringssl/include/openssl/base.herror: redefinition of typedef 'ASN1_T61STRING' is a C11 feature [-Werror,-Wtypedef-redefinition]\n:231:13: In file included from third_party/boringssl/crypto/asn1/a_gentm.c:63error:\n: In file included from typedef redefinition with different types ('int' vs 'struct crypto_threadid_st')third_party/boringssl/include/openssl/mem.h\ntypedef struct asn1_string_st ASN1_T61STRING;:\n60                              ^:\n\nthird_party/boringssl/include/openssl/base.h:typedef int CRYPTO_THREADID;245\n:31            ^/usr/local/opt/openssl@3/include/openssl/types.h:\n: 50error:31: note: : previous definition is hereredefinition of typedef 'ASN1_OCTET_STRING' is a C11 feature [-Werror,-Wtypedef-redefinition]\n\ntypedef struct asn1_string_st ASN1_OCTET_STRING;\n                              ^\ntypedef struct asn1_string_st ASN1_T61STRING;/usr/local/opt/openssl@3/include/openssl/types.h\n:48:31: note/usr/local/opt/openssl@3/include/openssl/crypto.h                              ^:\n: 308:3: notefatal errorprevious definition is here: : \nprevious definition is here\n} CRYPTO_THREADID;too many errors emitted, stopping now [-ferror-limit=]\n  ^\ntypedef struct asn1_string_st ASN1_OCTET_STRING;\n                              ^\n\nIn file included from third_party/boringssl/crypto/asn1/a_gentm.c:In file included from 63third_party/boringssl/crypto/asn1/a_dup.c:\n:In file included from 60third_party/boringssl/include/openssl/mem.h:\n:In file included from 60third_party/boringssl/include/openssl/mem.h:\n:60:\nthird_party/boringssl/include/openssl/base.h:233:13third_party/boringssl/include/openssl/base.h:: error: redefinition of typedef 'ASN1_BOOLEAN' is a C11 feature [-Werror,-Wtypedef-redefinition]\n246:31: error: redefinition of typedef 'ASN1_PRINTABLESTRING' is a C11 feature [-Werror,-Wtypedef-redefinition]typedef int ASN1_BOOLEAN;\n            ^\n\n/usr/local/opt/openssl@3/include/openssl/types.h:61typedef struct asn1_string_st ASN1_PRINTABLESTRING;:\n13                              ^\n/usr/local/opt/openssl@3/include/openssl/types.h:: note: previous definition is here49\n:31: note: previous definition is here\ntypedef int ASN1_BOOLEAN;\n            ^\ntypedef struct asn1_string_st ASN1_PRINTABLESTRING;In file included from \nthird_party/boringssl/crypto/asn1/a_dup.c                              ^:\n60:\nIn file included from third_party/boringssl/include/openssl/mem.h:60:\nthird_party/boringssl/include/openssl/base.h:234:13: In file included from third_party/boringssl/crypto/asn1/a_gentm.c:63:\nIn file included from third_party/boringssl/include/openssl/mem.herror: redefinition of typedef 'ASN1_NULL' is a C11 feature [-Werror,-Wtypedef-redefinition]\n:60:\nthird_party/boringssl/include/openssl/base.h:typedef int ASN1_NULL;\n            ^\n/usr/local/opt/openssl@3/include/openssl/types.h:62:13:247 :note31: error: redefinition of typedef 'ASN1_STRING' is a C11 feature [-Werror,-Wtypedef-redefinition]\n: previous definition is here\ntypedef int ASN1_NULL;\n            ^\ntypedef struct asn1_string_st ASN1_STRING;\nIn file included from                               ^third_party/boringssl/crypto/asn1/a_dup.c\n:60:\nIn file included from third_party/boringssl/include/openssl/mem.h:60:\nthird_party/boringssl/include/openssl/base.h:235:29/usr/local/opt/openssl@3/include/openssl/types.h: error: redefinition of typedef 'ASN1_ITEM' is a C11 feature [-Werror,-Wtypedef-redefinition]\n:60:31: note: typedef struct ASN1_ITEM_st ASN1_ITEM;\n                            ^\n/usr/local/opt/openssl@3/include/openssl/types.h:69:29: previous definition is here\nnote: previous definition is heretypedef struct asn1_string_st ASN1_STRING;\n\n                              ^\nIn file included from third_party/boringssl/crypto/asn1/a_gentm.c:63:\nIn file included from third_party/boringssl/include/openssl/mem.h:60:\nthird_party/boringssl/include/openssl/base.h:248:typedef struct ASN1_ITEM_st ASN1_ITEM;31: error: redefinition of typedef 'ASN1_T61STRING' is a C11 feature [-Werror,-Wtypedef-redefinition]\n\n                            ^\ntypedef struct asn1_string_st ASN1_T61STRING;\n                              ^\n/usr/local/opt/openssl@3/include/openssl/types.hIn file included from :third_party/boringssl/crypto/asn1/a_dup.c50::6031: note: previous definition is here\n:\nIn file included from third_party/boringssl/include/openssl/mem.h:60:\nthird_party/boringssl/include/openssl/base.h:236typedef struct asn1_string_st ASN1_T61STRING;:\n31: error                              ^: redefinition of typedef 'ASN1_OBJECT' is a C11 feature [-Werror,-Wtypedef-redefinition]\n\ntypedef struct asn1_object_st ASN1_OBJECT;\nfatal error                              ^: \ntoo many errors emitted, stopping now [-ferror-limit=]\n/usr/local/opt/openssl@3/include/openssl/types.h:66:31: note: previous definition is here\ntypedef struct asn1_object_st ASN1_OBJECT;\n                              ^\nIn file included from third_party/boringssl/crypto/asn1/a_dup.c:60:\nIn file included from third_party/boringssl/include/openssl/mem.h:60:\nthird_party/boringssl/include/openssl/base.h:237:29: error: redefinition of typedef 'ASN1_PCTX' is a C11 feature [-Werror,-Wtypedef-redefinition]\ntypedef struct asn1_pctx_st ASN1_PCTX;\n                            ^\n/usr/local/opt/openssl@3/include/openssl/types.h:70:29: note: previous definition is here\ntypedef struct asn1_pctx_st ASN1_PCTX;\n                            ^\nIn file included from third_party/boringssl/crypto/asn1/a_dup.c:60:\nIn file included from third_party/boringssl/include/openssl/mem.h:60:\nthird_party/boringssl/include/openssl/base.h:238:31: error: redefinition of typedef 'ASN1_BIT_STRING' is a C11 feature [-Werror,-Wtypedef-redefinition]\ntypedef struct asn1_string_st ASN1_BIT_STRING;\n                              ^\n/usr/local/opt/openssl@3/include/openssl/types.h:47:31: note: previous definition is here\ntypedef struct asn1_string_st ASN1_BIT_STRING;\n                              ^\nIn file included from third_party/boringssl/crypto/asn1/a_dup.c:60:\nIn file included from third_party/boringssl/include/openssl/mem.h:60:\nthird_party/boringssl/include/openssl/base.h:239:31: error: redefinition of typedef 'ASN1_BMPSTRING' is a C11 feature [-Werror,-Wtypedef-redefinition]\ntypedef struct asn1_string_st ASN1_BMPSTRING;\n                              ^\nIn file included from /usr/local/opt/openssl@3/include/openssl/types.hthird_party/boringssl/crypto/asn1/a_i2d_fp.c::5460::\n31: note: In file included from third_party/boringssl/include/openssl/mem.h:60previous definition is here:\n\nthird_party/boringssl/include/openssl/base.h:147:9: error: 'OPENSSL_VERSION_NUMBER' macro redefined [-Werror,-Wmacro-redefined]typedef struct asn1_string_st ASN1_BMPSTRING;\n\n                              ^\nIn file included from third_party/boringssl/crypto/asn1/a_dup.c:60:\nIn file included from third_party/boringssl/include/openssl/mem.h:60:\nthird_party/boringssl/include/openssl/base.h:240:31: error: redefinition of typedef 'ASN1_ENUMERATED' is a C11 feature [-Werror,-Wtypedef-redefinition]\n#define OPENSSL_VERSION_NUMBER 0x1010007f\n        ^\n/usr/local/opt/openssl@3/include/openssl/opensslv.h:99:10: note: previous definition is here\ntypedef struct asn1_string_st ASN1_ENUMERATED;\n                              ^\n# define OPENSSL_VERSION_NUMBER          \\\n         ^\n/usr/local/opt/openssl@3/include/openssl/types.h:46:31: noteIn file included from : third_party/boringssl/crypto/asn1/a_i2d_fp.c:previous definition is here60\n:\nIn file included from third_party/boringssl/include/openssl/mem.h:60:\nthird_party/boringssl/include/openssl/base.h:182:9: error: 'OPENSSL_EXPORT' macro redefined [-Werror,-Wmacro-redefined]\ntypedef struct asn1_string_st ASN1_ENUMERATED;\n                              ^#define OPENSSL_EXPORT\n\n        ^\n/usr/local/opt/openssl@3/include/openssl/e_os2.h:183:11: note: previous definition is hereIn file included from third_party/boringssl/crypto/asn1/a_dup.c:60:\nIn file included from \nIn file included from third_party/boringssl/include/openssl/mem.h#  define OPENSSL_EXPORT externthird_party/boringssl/crypto/asn1/a_bool.c\n:          ^60\n:\nIn file included from third_party/boringssl/include/openssl/mem.h::60:\n60:\nthird_party/boringssl/include/openssl/base.h:third_party/boringssl/include/openssl/base.h:147:9: error: 'OPENSSL_VERSION_NUMBER' macro redefined [-Werror,-Wmacro-redefined]\n241:31: error: redefinition of typedef 'ASN1_GENERALIZEDTIME' is a C11 feature [-Werror,-Wtypedef-redefinition]\n#define OPENSSL_VERSION_NUMBER 0x1010007f\n        ^\n/usr/local/opt/openssl@3/include/openssl/opensslv.h:99typedef struct asn1_string_st ASN1_GENERALIZEDTIME;:\n10:                              ^ \nnote: previous definition is here\n/usr/local/opt/openssl@3/include/openssl/types.h:57:31: note# define OPENSSL_VERSION_NUMBER          \\\n         ^\n: previous definition is hereIn file included from \nthird_party/boringssl/crypto/asn1/a_i2d_fp.c:60:\nIn file included from third_party/boringssl/include/openssl/mem.h:60:\nIn file included from third_party/boringssl/crypto/asn1/a_bool.c:60typedef struct asn1_string_st ASN1_GENERALIZEDTIME;\n                              ^\nthird_party/boringssl/include/openssl/base.h:231::\nIn file included from 13third_party/boringssl/include/openssl/mem.h: error: typedef redefinition with different types ('int' vs 'struct crypto_threadid_st')\n:In file included from 60:\nthird_party/boringssl/crypto/asn1/a_dup.ctypedef int CRYPTO_THREADID;third_party/boringssl/include/openssl/base.h:182::9\n60::\n In file included from errorthird_party/boringssl/include/openssl/mem.h            ^:60:\n\nthird_party/boringssl/include/openssl/base.h:: 242:'OPENSSL_EXPORT' macro redefined [-Werror,-Wmacro-redefined]\n31: error: redefinition of typedef 'ASN1_GENERALSTRING' is a C11 feature [-Werror,-Wtypedef-redefinition]\n#define OPENSSL_EXPORT\n        ^\n/usr/local/opt/openssl@3/include/openssl/e_os2.h:183typedef struct asn1_string_st ASN1_GENERALSTRING;:\n11                              ^:\n note: previous definition is here/usr/local/opt/openssl@3/include/openssl/types.h:52:31/usr/local/opt/openssl@3/include/openssl/crypto.h::\n308:3: note:  previous definition is herenote\n: previous definition is here\n} CRYPTO_THREADID;\n  ^\n#  define OPENSSL_EXPORT extern\ntypedef struct asn1_string_st ASN1_GENERALSTRING;\n                              ^\n          ^In file included from \nthird_party/boringssl/crypto/asn1/a_i2d_fp.c:60:\nIn file included from third_party/boringssl/include/openssl/mem.h:60:\nthird_party/boringssl/include/openssl/base.h:233:13In file included from :third_party/boringssl/crypto/asn1/a_dup.c:60:\n error: redefinition of typedef 'ASN1_BOOLEAN' is a C11 feature [-Werror,-Wtypedef-redefinition]In file included from \nthird_party/boringssl/include/openssl/mem.h:60:\nthird_party/boringssl/include/openssl/base.h:243:typedef int ASN1_BOOLEAN;\n31            ^\n: error: redefinition of typedef 'ASN1_IA5STRING' is a C11 feature [-Werror,-Wtypedef-redefinition]/usr/local/opt/openssl@3/include/openssl/types.h\n:61:13: note: previous definition is here\ntypedef struct asn1_string_st ASN1_IA5STRING;\n                              ^typedef int ASN1_BOOLEAN;\n\n            ^/usr/local/opt/openssl@3/include/openssl/types.h:51:31: \nnote: previous definition is here\nIn file included from third_party/boringssl/crypto/asn1/a_i2d_fp.cIn file included from third_party/boringssl/crypto/asn1/a_bool.ctypedef struct asn1_string_st ASN1_IA5STRING;:\n60                              ^:\nIn file included from :third_party/boringssl/include/openssl/mem.h:6060:\n\nthird_party/boringssl/include/openssl/base.h:231::\n13: In file included from third_party/boringssl/include/openssl/mem.h:60:\nthird_party/boringssl/include/openssl/base.herror:: 234typedef redefinition with different types ('int' vs 'struct crypto_threadid_st'):\n13: error: In file included from redefinition of typedef 'ASN1_NULL' is a C11 feature [-Werror,-Wtypedef-redefinition]\nthird_party/boringssl/crypto/asn1/a_dup.ctypedef int CRYPTO_THREADID;:\n60            ^:\n\nIn file included from typedef int ASN1_NULL;third_party/boringssl/include/openssl/mem.h\n:            ^60:\n\nthird_party/boringssl/include/openssl/base.h:244:31/usr/local/opt/openssl@3/include/openssl/types.h:: 62error: :redefinition of typedef 'ASN1_INTEGER' is a C11 feature [-Werror,-Wtypedef-redefinition]\n13: note: previous definition is here\ntypedef struct asn1_string_st ASN1_INTEGER;\n                              ^\ntypedef int ASN1_NULL;\n/usr/local/opt/openssl@3/include/openssl/types.h            ^\n/usr/local/opt/openssl@3/include/openssl/crypto.h::308:453::31 note: previous definition is here:\n In file included from note: third_party/boringssl/crypto/asn1/a_i2d_fp.c:60:\n} CRYPTO_THREADID;In file included from \nprevious definition is here\nthird_party/boringssl/include/openssl/mem.h  ^:typedef struct asn1_string_st ASN1_INTEGER;\n\n60:\nthird_party/boringssl/include/openssl/base.h                              ^\n:235:29:In file included from  third_party/boringssl/crypto/asn1/a_bool.c:60:\nIn file included from errorthird_party/boringssl/include/openssl/mem.hIn file included from third_party/boringssl/crypto/asn1/a_dup.c:60:\n:In file included from third_party/boringssl/include/openssl/mem.h:60: :\nredefinition of typedef 'ASN1_ITEM' is a C11 feature [-Werror,-Wtypedef-redefinition]third_party/boringssl/include/openssl/base.h\n60::\nthird_party/boringssl/include/openssl/base.h:233:typedef struct ASN1_ITEM_st ASN1_ITEM;13245:: error: redefinition of typedef 'ASN1_BOOLEAN' is a C11 feature [-Werror,-Wtypedef-redefinition]\n\n                            ^31\n: error: redefinition of typedef 'ASN1_OCTET_STRING' is a C11 feature [-Werror,-Wtypedef-redefinition]/usr/local/opt/openssl@3/include/openssl/types.h\ntypedef int ASN1_BOOLEAN;:\n            ^69\n:29:typedef struct asn1_string_st ASN1_OCTET_STRING;\n                              ^\n/usr/local/opt/openssl@3/include/openssl/types.h: 48note:: 31previous definition is here:\n note: previous definition is here\n/usr/local/opt/openssl@3/include/openssl/types.h:61:13:typedef struct asn1_string_st ASN1_OCTET_STRING; \nnote                              ^: previous definition is here\n\ntypedef struct ASN1_ITEM_st ASN1_ITEM;\n                            ^\nIn file included from typedef int ASN1_BOOLEAN;third_party/boringssl/crypto/asn1/a_dup.c\n:60            ^:\n\nIn file included from third_party/boringssl/include/openssl/mem.h:60:\nthird_party/boringssl/include/openssl/base.h:246:In file included from 31: errorIn file included from : third_party/boringssl/crypto/asn1/a_i2d_fp.credefinition of typedef 'ASN1_PRINTABLESTRING' is a C11 feature [-Werror,-Wtypedef-redefinition]:\n60third_party/boringssl/crypto/asn1/a_bool.c:60:\nIn file included from typedef struct asn1_string_st ASN1_PRINTABLESTRING;\n                              ^\n/usr/local/opt/openssl@3/include/openssl/types.h:\nthird_party/boringssl/include/openssl/mem.h:60:In file included from 49:\n:third_party/boringssl/include/openssl/base.h:234:13: error: redefinition of typedef 'ASN1_NULL' is a C11 feature [-Werror,-Wtypedef-redefinition]\n31typedef int ASN1_NULL;:\n            ^ \nnote: previous definition is here\n/usr/local/opt/openssl@3/include/openssl/types.hthird_party/boringssl/include/openssl/mem.h::60:\nthird_party/boringssl/include/openssl/base.h:62236typedef struct asn1_string_st ASN1_PRINTABLESTRING;:\n31                              ^:\n :13: note: previous definition is hereerror: In file included from redefinition of typedef 'ASN1_OBJECT' is a C11 feature [-Werror,-Wtypedef-redefinition]third_party/boringssl/crypto/asn1/a_dup.c\n:60\n:\nIn file included from third_party/boringssl/include/openssl/mem.htypedef int ASN1_NULL;\n            ^\n:typedef struct asn1_object_st ASN1_OBJECT;60\n:\n                              ^\nthird_party/boringssl/include/openssl/base.h:247/usr/local/opt/openssl@3/include/openssl/types.h::3166: error: :redefinition of typedef 'ASN1_STRING' is a C11 feature [-Werror,-Wtypedef-redefinition]\n31: note: previous definition is here\nIn file included from third_party/boringssl/crypto/asn1/a_bool.c:60:\nIn file included from third_party/boringssl/include/openssl/mem.h:60:\nthird_party/boringssl/include/openssl/base.h:235typedef struct asn1_object_st ASN1_OBJECT;\ntypedef struct asn1_string_st ASN1_STRING;                              ^\n\n                              ^\n:/usr/local/opt/openssl@3/include/openssl/types.h29::60 :31: note: previous definition is here\nIn file included from third_party/boringssl/crypto/asn1/a_i2d_fp.cerror: redefinition of typedef 'ASN1_ITEM' is a C11 feature [-Werror,-Wtypedef-redefinition]typedef struct asn1_string_st ASN1_STRING;\n\n                              ^\ntypedef struct ASN1_ITEM_st ASN1_ITEM;\n:                            ^60:\nIn file included from third_party/boringssl/include/openssl/mem.hIn file included from :60third_party/boringssl/crypto/asn1/a_dup.c:\n:60third_party/boringssl/include/openssl/base.h:237::\n\nIn file included from third_party/boringssl/include/openssl/mem.h:60:\nthird_party/boringssl/include/openssl/base.h:248:3129::  errorerror: /usr/local/opt/openssl@3/include/openssl/types.hredefinition of typedef 'ASN1_T61STRING' is a C11 feature [-Werror,-Wtypedef-redefinition]:\n69:29: redefinition of typedef 'ASN1_PCTX' is a C11 feature [-Werror,-Wtypedef-redefinition]\n: note: previous definition is heretypedef struct asn1_pctx_st ASN1_PCTX;\n\n                            ^\ntypedef struct asn1_string_st ASN1_T61STRING;\n                              ^/usr/local/opt/openssl@3/include/openssl/types.h\n:70/usr/local/opt/openssl@3/include/openssl/types.h::2950: note: :31: note: previous definition is here\nprevious definition is heretypedef struct ASN1_ITEM_st ASN1_ITEM;\n                            ^\ntypedef struct asn1_string_st ASN1_T61STRING;\n\n                              ^\nfatal error: too many errors emitted, stopping now [-ferror-limit=]\ntypedef struct asn1_pctx_st ASN1_PCTX;\nIn file included from                             ^third_party/boringssl/crypto/asn1/a_bool.c\n:60:\nIn file included from third_party/boringssl/include/openssl/mem.h:60:\nthird_party/boringssl/include/openssl/base.h:236:31: In file included from third_party/boringssl/crypto/asn1/a_i2d_fp.c:60:\nIn file included from third_party/boringssl/include/openssl/mem.herror: redefinition of typedef 'ASN1_OBJECT' is a C11 feature [-Werror,-Wtypedef-redefinition]\n:60:\nthird_party/boringssl/include/openssl/base.h:238typedef struct asn1_object_st ASN1_OBJECT;\n                              ^\n/usr/local/opt/openssl@3/include/openssl/types.h:31: error: redefinition of typedef 'ASN1_BIT_STRING' is a C11 feature [-Werror,-Wtypedef-redefinition]\n:66:31: typedef struct asn1_string_st ASN1_BIT_STRING;note\n:                               ^\n/usr/local/opt/openssl@3/include/openssl/types.hprevious definition is here:\n47:31: note: previous definition is here\ntypedef struct asn1_object_st ASN1_OBJECT;\n                              ^\ntypedef struct asn1_string_st ASN1_BIT_STRING;\n                              ^\nIn file included from third_party/boringssl/crypto/asn1/a_bool.c:In file included from third_party/boringssl/crypto/asn1/a_i2d_fp.c:60:\nIn file included from third_party/boringssl/include/openssl/mem.h60:\nIn file included from third_party/boringssl/include/openssl/mem.h::60:\n60third_party/boringssl/include/openssl/base.h:\n:third_party/boringssl/include/openssl/base.h:239:31:237:29: error error: redefinition of typedef 'ASN1_BMPSTRING' is a C11 feature [-Werror,-Wtypedef-redefinition]\n: redefinition of typedef 'ASN1_PCTX' is a C11 feature [-Werror,-Wtypedef-redefinition]\ntypedef struct asn1_string_st ASN1_BMPSTRING;\n                              ^\n/usr/local/opt/openssl@3/include/openssl/types.htypedef struct asn1_pctx_st ASN1_PCTX;:\n54                            ^:\n31: note: previous definition is here\n/usr/local/opt/openssl@3/include/openssl/types.h:70:29:typedef struct asn1_string_st ASN1_BMPSTRING; \nnote                              ^: \nprevious definition is here\nIn file included from typedef struct asn1_pctx_st ASN1_PCTX;third_party/boringssl/crypto/asn1/a_i2d_fp.c\n:60:\n                            ^In file included from \nthird_party/boringssl/include/openssl/mem.h:60:\nthird_party/boringssl/include/openssl/base.h:240:31: In file included from third_party/boringssl/crypto/asn1/a_bool.c:60error:\n: In file included from third_party/boringssl/include/openssl/mem.h:60:\nthird_party/boringssl/include/openssl/base.h:238:31redefinition of typedef 'ASN1_ENUMERATED' is a C11 feature [-Werror,-Wtypedef-redefinition]\n: error: redefinition of typedef 'ASN1_BIT_STRING' is a C11 feature [-Werror,-Wtypedef-redefinition]\ntypedef struct asn1_string_st ASN1_ENUMERATED;\n                              ^typedef struct asn1_string_st ASN1_BIT_STRING;\n\n                              ^\n/usr/local/opt/openssl@3/include/openssl/types.h:46:31: note/usr/local/opt/openssl@3/include/openssl/types.h: previous definition is here:47:31\n: note: previous definition is here\ntypedef struct asn1_string_st ASN1_ENUMERATED;\n                              ^\ntypedef struct asn1_string_st ASN1_BIT_STRING;In file included from \nthird_party/boringssl/crypto/asn1/a_i2d_fp.c                              ^:60:\nIn file included from third_party/boringssl/include/openssl/mem.h:\n60:\nthird_party/boringssl/include/openssl/base.h:241:31: error: redefinition of typedef 'ASN1_GENERALIZEDTIME' is a C11 feature [-Werror,-Wtypedef-redefinition]\nIn file included from third_party/boringssl/crypto/asn1/a_bool.c:60:\nIn file included from third_party/boringssl/include/openssl/mem.h:60:\nthird_party/boringssl/include/openssl/base.h:239:31: error: redefinition of typedef 'ASN1_BMPSTRING' is a C11 feature [-Werror,-Wtypedef-redefinition]typedef struct asn1_string_st ASN1_GENERALIZEDTIME;\n\n                              ^\n/usr/local/opt/openssl@3/include/openssl/types.h:57:31typedef struct asn1_string_st ASN1_BMPSTRING;\n                              ^\n:/usr/local/opt/openssl@3/include/openssl/types.h:54:31:  notenote: : previous definition is hereprevious definition is here\n\ntypedef struct asn1_string_st ASN1_BMPSTRING;\ntypedef struct asn1_string_st ASN1_GENERALIZEDTIME;                              ^\n\n                              ^\nIn file included from In file included from third_party/boringssl/crypto/asn1/a_i2d_fp.cthird_party/boringssl/crypto/asn1/a_bool.c::60:\nIn file included from third_party/boringssl/include/openssl/mem.h:60:\nthird_party/boringssl/include/openssl/base.h:240:3160::\nIn file included from third_party/boringssl/include/openssl/mem.h:60:\nthird_party/boringssl/include/openssl/base.h :error242: :31redefinition of typedef 'ASN1_ENUMERATED' is a C11 feature [-Werror,-Wtypedef-redefinition]:\n error: redefinition of typedef 'ASN1_GENERALSTRING' is a C11 feature [-Werror,-Wtypedef-redefinition]\ntypedef struct asn1_string_st ASN1_ENUMERATED;\n                              ^\ntypedef struct asn1_string_st ASN1_GENERALSTRING;/usr/local/opt/openssl@3/include/openssl/types.h\n:                              ^46\n:31:/usr/local/opt/openssl@3/include/openssl/types.h :note52: :previous definition is here31\n: note: previous definition is here\ntypedef struct asn1_string_st ASN1_ENUMERATED;\n                              ^\ntypedef struct asn1_string_st ASN1_GENERALSTRING;\n                              ^In file included from third_party/boringssl/crypto/asn1/a_bool.c:60:\nIn file included from \nthird_party/boringssl/include/openssl/mem.h:60:\nthird_party/boringssl/include/openssl/base.h:241:31: error: redefinition of typedef 'ASN1_GENERALIZEDTIME' is a C11 feature [-Werror,-Wtypedef-redefinition]\nIn file included from third_party/boringssl/crypto/asn1/a_i2d_fp.c:60:\nIn file included from third_party/boringssl/include/openssl/mem.h:60:\nthird_party/boringssl/include/openssl/base.h:243:31:typedef struct asn1_string_st ASN1_GENERALIZEDTIME;\n                              ^\n error/usr/local/opt/openssl@3/include/openssl/types.h: :57redefinition of typedef 'ASN1_IA5STRING' is a C11 feature [-Werror,-Wtypedef-redefinition]:\n31: note: previous definition is here\ntypedef struct asn1_string_st ASN1_IA5STRING;\n                              ^\n/usr/local/opt/openssl@3/include/openssl/types.htypedef struct asn1_string_st ASN1_GENERALIZEDTIME;:\n51                              ^:\n31: note: previous definition is hereIn file included from third_party/boringssl/crypto/asn1/a_bool.c:60:\nIn file included from \nthird_party/boringssl/include/openssl/mem.h:60:\nthird_party/boringssl/include/openssl/base.h:242:typedef struct asn1_string_st ASN1_IA5STRING;\n31                              ^:\n error: redefinition of typedef 'ASN1_GENERALSTRING' is a C11 feature [-Werror,-Wtypedef-redefinition]\nIn file included from third_party/boringssl/crypto/asn1/a_i2d_fp.c:60:\nIn file included from typedef struct asn1_string_st ASN1_GENERALSTRING;third_party/boringssl/include/openssl/mem.h\n:                              ^60:\n\nthird_party/boringssl/include/openssl/base.h:244:31: /usr/local/opt/openssl@3/include/openssl/types.h:52:error31: :redefinition of typedef 'ASN1_INTEGER' is a C11 feature [-Werror,-Wtypedef-redefinition]\n note: previous definition is here\ntypedef struct asn1_string_st ASN1_INTEGER;\n                              ^\n/usr/local/opt/openssl@3/include/openssl/types.htypedef struct asn1_string_st ASN1_GENERALSTRING;\n                              ^\n:45:31: note: In file included from previous definition is here\nthird_party/boringssl/crypto/asn1/a_bool.c:60:\nIn file included from third_party/boringssl/include/openssl/mem.h:60:\nthird_party/boringssl/include/openssl/base.h:typedef struct asn1_string_st ASN1_INTEGER;243\n:                              ^31\n: error: redefinition of typedef 'ASN1_IA5STRING' is a C11 feature [-Werror,-Wtypedef-redefinition]\nIn file included from third_party/boringssl/crypto/asn1/a_i2d_fp.c:60:\nIn file included from typedef struct asn1_string_st ASN1_IA5STRING;third_party/boringssl/include/openssl/mem.h20\n errors                              ^ generated\n.\n/usr/local/opt/openssl@3/include/openssl/types.h:51:60:\nthird_party/boringssl/include/openssl/base.h:245:31:: 31error: redefinition of typedef 'ASN1_OCTET_STRING' is a C11 feature [-Werror,-Wtypedef-redefinition]\n: note: previous definition is here\ntypedef struct asn1_string_st ASN1_OCTET_STRING;\ntypedef struct asn1_string_st ASN1_IA5STRING;                              ^\n\n                              ^\n/usr/local/opt/openssl@3/include/openssl/types.h:48:31: In file included from notethird_party/boringssl/crypto/asn1/a_bool.c:: previous definition is here\n60:\nIn file included from third_party/boringssl/include/openssl/mem.htypedef struct asn1_string_st ASN1_OCTET_STRING;\n                              ^\n:60:\nthird_party/boringssl/include/openssl/base.h:244:In file included from 31third_party/boringssl/crypto/asn1/a_i2d_fp.c: error: redefinition of typedef 'ASN1_INTEGER' is a C11 feature [-Werror,-Wtypedef-redefinition]\n:60:\nIn file included from third_party/boringssl/include/openssl/mem.h:60:\nthird_party/boringssl/include/openssl/base.h:246:31: error: redefinition of typedef 'ASN1_PRINTABLESTRING' is a C11 feature [-Werror,-Wtypedef-redefinition]\ntypedef struct asn1_string_st ASN1_INTEGER;\n                              ^\ntypedef struct asn1_string_st ASN1_PRINTABLESTRING;\n/usr/local/opt/openssl@3/include/openssl/types.h                              ^\n/usr/local/opt/openssl@3/include/openssl/types.h::45:31: 49note:: 31previous definition is here:\n note: previous definition is here\ntypedef struct asn1_string_st ASN1_INTEGER;\n                              ^\ntypedef struct asn1_string_st ASN1_PRINTABLESTRING;In file included from \nthird_party/boringssl/crypto/asn1/a_bool.c                              ^:\n60:\nIn file included from third_party/boringssl/include/openssl/mem.h:60:\nthird_party/boringssl/include/openssl/base.h:245:31:In file included from  third_party/boringssl/crypto/asn1/a_i2d_fp.cerror:: redefinition of typedef 'ASN1_OCTET_STRING' is a C11 feature [-Werror,-Wtypedef-redefinition]\n60:\nIn file included from third_party/boringssl/include/openssl/mem.h:60:\nthird_party/boringssl/include/openssl/base.htypedef struct asn1_string_st ASN1_OCTET_STRING;:\n247                              ^:\n31: error: redefinition of typedef 'ASN1_STRING' is a C11 feature [-Werror,-Wtypedef-redefinition]\n/usr/local/opt/openssl@3/include/openssl/types.h:48:20 errors generated31typedef struct asn1_string_st ASN1_STRING;\n                              ^\n.\n/usr/local/opt/openssl@3/include/openssl/types.h::60: 31note: : previous definition is herenote20 errors generated.\n\n: previous definition is here\ntypedef struct asn1_string_st ASN1_STRING;\n                              ^\ntypedef struct asn1_string_st ASN1_OCTET_STRING;In file included from \nthird_party/boringssl/crypto/asn1/a_i2d_fp.c                              ^:\n60:\nIn file included from third_party/boringssl/include/openssl/mem.h:60:\nthird_party/boringssl/include/openssl/base.hIn file included from :248:31third_party/boringssl/crypto/asn1/a_bool.c: error: redefinition of typedef 'ASN1_T61STRING' is a C11 feature [-Werror,-Wtypedef-redefinition]\ntypedef struct asn1_string_st ASN1_T61STRING;\n                              ^:\n60/usr/local/opt/openssl@3/include/openssl/types.h:\n:50In file included from :third_party/boringssl/include/openssl/mem.h31:60:\nthird_party/boringssl/include/openssl/base.h:246:31: error: redefinition of typedef 'ASN1_PRINTABLESTRING' is a C11 feature [-Werror,-Wtypedef-redefinition]\n: note: previous definition is here\ntypedef struct asn1_string_st ASN1_PRINTABLESTRING;\n                              ^\n/usr/local/opt/openssl@3/include/openssl/types.h:49:31: note: previous definition is here\ntypedef struct asn1_string_st ASN1_T61STRING;\n                              ^\ntypedef struct asn1_string_st ASN1_PRINTABLESTRING;\n                              ^\nfatal error: too many errors emitted, stopping now [-ferror-limit=]\nIn file included from third_party/boringssl/crypto/asn1/a_bool.c:60:\nIn file included from third_party/boringssl/include/openssl/mem.h:60:\nthird_party/boringssl/include/openssl/base.h:247:31: error: redefinition of typedef 'ASN1_STRING' is a C11 feature [-Werror,-Wtypedef-redefinition]\ntypedef struct asn1_string_st ASN1_STRING;\n                              ^\n/usr/local/opt/openssl@3/include/openssl/types.h:60:31: note: previous definition is here\ntypedef struct asn1_string_st ASN1_STRING;\n                              ^\nIn file included from third_party/boringssl/crypto/asn1/a_bool.c:20 errors generated.\n60:\nIn file included from third_party/boringssl/include/openssl/mem.h:60:\nthird_party/boringssl/include/openssl/base.h:248:31: error: redefinition of typedef 'ASN1_T61STRING' is a C11 feature [-Werror,-Wtypedef-redefinition]\ntypedef struct asn1_string_st ASN1_T61STRING;\n                              ^\n/usr/local/opt/openssl@3/include/openssl/types.h:50:31: note: previous definition is here\ntypedef struct asn1_string_st ASN1_T61STRING;\n                              ^\nfatal error: too many errors emitted, stopping now [-ferror-limit=]\nIn file included from third_party/boringssl/crypto/asn1/a_int.c:63:\nIn file included from third_party/boringssl/include/openssl/mem.h:60:\nthird_party/boringssl/include/openssl/base.h:147:9: error: 'OPENSSL_VERSION_NUMBER' macro redefined [-Werror,-Wmacro-redefined]\n#define OPENSSL_VERSION_NUMBER 0x1010007f\n        ^\n/usr/local/opt/openssl@3/include/openssl/opensslv.h:99:10: note: previous definition is here\n# define OPENSSL_VERSION_NUMBER          \\\n         ^\nIn file included from third_party/boringssl/crypto/asn1/a_int.c:63:\nIn file included from third_party/boringssl/include/openssl/mem.h:60:\nthird_party/boringssl/include/openssl/base.h:182:9: error: 'OPENSSL_EXPORT' macro redefined [-Werror,-Wmacro-redefined]\n#define OPENSSL_EXPORT\n        ^\n/usr/local/opt/openssl@3/include/openssl/e_os2.h:183:11: note: previous definition is here\n#  define OPENSSL_EXPORT extern\n          ^\nIn file included from third_party/boringssl/crypto/asn1/a_int.c:63:\nIn file included from third_party/boringssl/include/openssl/mem.h:60:\nthird_party/boringssl/include/openssl/base.h:231:13: error: typedef redefinition with different types ('int' vs 'struct crypto_threadid_st')\ntypedef int CRYPTO_THREADID;\n            ^\n20 errors generated.\n/usr/local/opt/openssl@3/include/openssl/crypto.h:308:3: note: previous definition is here\n} CRYPTO_THREADID;\n  ^\nIn file included from third_party/boringssl/crypto/asn1/a_int.c:63:\nIn file included from third_party/boringssl/include/openssl/mem.h:60:\nthird_party/boringssl/include/openssl/base.h:233:13: error: redefinition of typedef 'ASN1_BOOLEAN' is a C11 feature [-Werror,-Wtypedef-redefinition]\ntypedef int ASN1_BOOLEAN;\n            ^\n/usr/local/opt/openssl@3/include/openssl/types.h:61:13: note: previous definition is here\ntypedef int ASN1_BOOLEAN;\n            ^\nIn file included from third_party/boringssl/crypto/asn1/a_int.c:63:\nIn file included from third_party/boringssl/include/openssl/mem.h:60:\nthird_party/boringssl/include/openssl/base.h:234:13: error: redefinition of typedef 'ASN1_NULL' is a C11 feature [-Werror,-Wtypedef-redefinition]\ntypedef int ASN1_NULL;\n            ^\n/usr/local/opt/openssl@3/include/openssl/types.h:62:13: note: previous definition is here\ntypedef int ASN1_NULL;\n            ^\nIn file included from third_party/boringssl/crypto/asn1/a_int.c:63:\nIn file included from third_party/boringssl/include/openssl/mem.h:60:\nthird_party/boringssl/include/openssl/base.h:235:29: error: redefinition of typedef 'ASN1_ITEM' is a C11 feature [-Werror,-Wtypedef-redefinition]\ntypedef struct ASN1_ITEM_st ASN1_ITEM;\n                            ^\n/usr/local/opt/openssl@3/include/openssl/types.h:69:29: note: previous definition is here\ntypedef struct ASN1_ITEM_st ASN1_ITEM;\n                            ^\nIn file included from third_party/boringssl/crypto/asn1/a_int.c:63:\nIn file included from third_party/boringssl/include/openssl/mem.h20: errors generated.\n60:\nthird_party/boringssl/include/openssl/base.h:236:31: error: redefinition of typedef 'ASN1_OBJECT' is a C11 feature [-Werror,-Wtypedef-redefinition]\ntypedef struct asn1_object_st ASN1_OBJECT;\n                              ^\n/usr/local/opt/openssl@3/include/openssl/types.h:66:31: note: previous definition is here\ntypedef struct asn1_object_st ASN1_OBJECT;\n                              ^\nIn file included from third_party/boringssl/crypto/asn1/a_int.c:63:\nIn file included from third_party/boringssl/include/openssl/mem.h:60:\nthird_party/boringssl/include/openssl/base.h:237:29: error: redefinition of typedef 'ASN1_PCTX' is a C11 feature [-Werror,-Wtypedef-redefinition]\ntypedef struct asn1_pctx_st ASN1_PCTX;\n                            ^\n/usr/local/opt/openssl@3/include/openssl/types.h:70:29: note: previous definition is here\ntypedef struct asn1_pctx_st ASN1_PCTX;\n                            ^\nIn file included from third_party/boringssl/crypto/asn1/a_int.c:63:\nIn file included from third_party/boringssl/include/openssl/mem.h:60:\nthird_party/boringssl/include/openssl/base.h:238:31: error: redefinition of typedef 'ASN1_BIT_STRING' is a C11 feature [-Werror,-Wtypedef-redefinition]\ntypedef struct asn1_string_st ASN1_BIT_STRING;\n                              ^\n/usr/local/opt/openssl@3/include/openssl/types.h:47:31: note: previous definition is here\ntypedef struct asn1_string_st ASN1_BIT_STRING;\n                              ^\nIn file included from third_party/boringssl/crypto/asn1/a_int.c:63:\nIn file included from third_party/boringssl/include/openssl/mem.h:60:\nthird_party/boringssl/include/openssl/base.h:239:31: errormake: : redefinition of typedef 'ASN1_BMPSTRING' is a C11 feature [-Werror,-Wtypedef-redefinition]\n*** [/Users/runner/actions-runner/_work/python.build/python.build/build_grpcio114238/grpcio-1.14.2/objs/opt/third_party/boringssl/crypto/asn1/a_dup.o] Error 1\ntypedef struct asn1_string_st ASN1_BMPSTRING;\n                              ^\n/usr/local/opt/openssl@3/include/openssl/types.h:54:31: note: previous definition is here\ntypedef struct asn1_string_st ASN1_BMPSTRING;\n                              ^\nIn file included from third_party/boringssl/crypto/asn1/a_int.c:63:\nIn file included from third_party/boringssl/include/openssl/mem.h:60:\nthird_party/boringssl/include/openssl/base.h:240:31: error: redefinition of typedef 'ASN1_ENUMERATED' is a C11 feature [-Werror,-Wtypedef-redefinition]\ntypedef struct asn1_string_st ASN1_ENUMERATED;\n                              ^\n/usr/local/opt/openssl@3/include/openssl/types.h:46:31: note: previous definition is here\ntypedef struct asn1_string_st ASN1_ENUMERATED;\n                              ^\nIn file included from third_party/boringssl/crypto/asn1/a_int.c:63:\nIn file included from third_party/boringssl/include/openssl/mem.h:60:\nthird_party/boringssl/include/openssl/base.h:241:31: error: redefinition of typedef 'ASN1_GENERALIZEDTIME' is a C11 feature [-Werror,-Wtypedef-redefinition]\ntypedef struct asn1_string_st ASN1_GENERALIZEDTIME;\n                              ^\n/usr/local/opt/openssl@3/include/openssl/types.h:57:31: note: previous definition is here\ntypedef struct asn1_string_st ASN1_GENERALIZEDTIME;\n                              ^\nIn file included from third_party/boringssl/crypto/asn1/a_int.c:63:\nIn file included from third_party/boringssl/include/openssl/mem.h:60:\nthird_party/boringssl/include/openssl/base.h:242:31: error: redefinition of typedef 'ASN1_GENERALSTRING' is a C11 feature [-Werror,-Wtypedef-redefinition]\ntypedef struct asn1_string_st ASN1_GENERALSTRING;\n                              ^\n/usr/local/opt/openssl@3/include/openssl/types.h:52:31: note: previous definition is here\ntypedef struct asn1_string_st ASN1_GENERALSTRING;\n                              ^\nIn file included from third_party/boringssl/crypto/asn1/a_int.c:63:\nIn file included from third_party/boringssl/include/openssl/mem.h:60:\nthird_party/boringssl/include/openssl/base.h:243:31: error: redefinition of typedef 'ASN1_IA5STRING' is a C11 feature [-Werror,-Wtypedef-redefinition]\ntypedef struct asn1_string_st ASN1_IA5STRING;\n                              ^\nmake: /usr/local/opt/openssl@3/include/openssl/types.h*** [/Users/runner/actions-runner/_work/python.build/python.build/build_grpcio114238/grpcio-1.14.2/objs/opt/third_party/boringssl/crypto/asn1/a_enum.o] Error 1:\n51:31: note: previous definition is here\ntypedef struct asn1_string_st ASN1_IA5STRING;\n                              ^\nIn file included from third_party/boringssl/crypto/asn1/a_int.c:63:\nIn file included from third_party/boringssl/include/openssl/mem.h:60:\nthird_party/boringssl/include/openssl/base.h:244:31: error: redefinition of typedef 'ASN1_INTEGER' is a C11 feature [-Werror,-Wtypedef-redefinition]\ntypedef struct asn1_string_st ASN1_INTEGER;\n                              ^\n/usr/local/opt/openssl@3/include/openssl/types.h:45:31: note: previous definition is here\ntypedef struct asn1_string_st ASN1_INTEGER;\n                              ^\nIn file included from third_party/boringssl/crypto/asn1/a_int.c:63:\nIn file included from third_party/boringssl/include/openssl/mem.h:60:\nthird_party/boringssl/include/openssl/base.h:245:31: error: redefinition of typedef 'ASN1_OCTET_STRING' is a C11 feature [-Werror,-Wtypedef-redefinition]\ntypedef struct asn1_string_st ASN1_OCTET_STRING;\n                              ^\n/usr/local/opt/openssl@3/include/openssl/types.h:48:31: note: previous definition is here\ntypedef struct asn1_string_st ASN1_OCTET_STRING;\n                              ^\nIn file included from third_party/boringssl/crypto/asn1/a_int.c:63:\nmake: *** [/Users/runner/actions-runner/_work/python.build/python.build/build_grpcio114238/grpcio-1.14.2/objs/opt/third_party/boringssl/crypto/asn1/a_gentm.o] Error 1\nIn file included from third_party/boringssl/include/openssl/mem.h:60:\nthird_party/boringssl/include/openssl/base.h:246:31: error: redefinition of typedef 'ASN1_PRINTABLESTRING' is a C11 feature [-Werror,-Wtypedef-redefinition]\ntypedef struct asn1_string_st ASN1_PRINTABLESTRING;\n                              ^\n/usr/local/opt/openssl@3/include/openssl/types.h:49:31: note: previous definition is here\ntypedef struct asn1_string_st ASN1_PRINTABLESTRING;\n                              ^\nIn file included from third_party/boringssl/crypto/asn1/a_int.c:63:\nIn file included from third_party/boringssl/include/openssl/mem.h:60:\nthird_party/boringssl/include/openssl/base.h:247:31: error: redefinition of typedef 'ASN1_STRING' is a C11 feature [-Werror,-Wtypedef-redefinition]\ntypedef struct asn1_string_st ASN1_STRING;\n                              ^\n/usr/local/opt/openssl@3/include/openssl/types.h:60:31: note: previous definition is here\nmake: *** [/Users/runner/actions-runner/_work/python.build/python.build/build_grpcio114238/grpcio-1.14.2/objs/opt/third_party/boringssl/crypto/asn1/a_bitstr.o] Error 1\ntypedef struct asn1_string_st ASN1_STRING;\n                              ^\nIn file included from third_party/boringssl/crypto/asn1/a_int.c:63:\nIn file included from third_party/boringssl/include/openssl/mem.h:60:\nthird_party/boringssl/include/openssl/base.h:248:31: error: redefinition of typedef 'ASN1_T61STRING' is a C11 feature [-Werror,-Wtypedef-redefinition]\ntypedef struct asn1_string_st ASN1_T61STRING;\n                              ^\n/usr/local/opt/openssl@3/include/openssl/types.h:50:31: note: previous definition is here\ntypedef struct asn1_string_st ASN1_T61STRING;\n                              ^\nfatal error: too many errors emitted, stopping now [-ferror-limit=]\nIn file included from third_party/boringssl/crypto/asn1/a_object.c:63:\nIn file included from third_party/boringssl/include/openssl/mem.h:60:\nthird_party/boringssl/include/openssl/base.h:147:9: error: 'OPENSSL_VERSION_NUMBER' macro redefined [-Werror,-Wmacro-redefined]\n#define OPENSSL_VERSION_NUMBER 0x1010007f\n        ^\n/usr/local/opt/openssl@3/include/openssl/opensslv.h:99:10: note: previous definition is here\n# define OPENSSL_VERSION_NUMBER          \\\n         ^\nIn file included from third_party/boringssl/crypto/asn1/a_object.c:63:\nIn file included from third_party/boringssl/include/openssl/mem.h:60:\nthird_party/boringssl/include/openssl/base.h:182:9: error: 'OPENSSL_EXPORT' macro redefined [-Werror,-Wmacro-redefined]\n#define OPENSSL_EXPORT\n        ^\n/usr/local/opt/openssl@3/include/openssl/e_os2.h:183:11: note: previous definition is here\n#  define OPENSSL_EXPORT extern\n          ^\nIn file included from third_party/boringssl/crypto/asn1/a_object.c:63:\nIn file included from third_party/boringssl/include/openssl/mem.h:60:\nthird_party/boringssl/include/openssl/base.h:231:13: error: typedef redefinition with different types ('int' vs 'struct crypto_threadid_st')\ntypedef int CRYPTO_THREADID;\n            ^\n/usr/local/opt/openssl@3/include/openssl/crypto.h:308:3: note: previous definition is here\n} CRYPTO_THREADID;\n  ^\nIn file included from third_party/boringssl/crypto/asn1/a_object.c:63:\nIn file included from third_party/boringssl/include/openssl/mem.h:60:\nthird_party/boringssl/include/openssl/base.h:233:13: error: redefinition of typedef 'ASN1_BOOLEAN' is a C11 feature [-Werror,-Wtypedef-redefinition]\ntypedef int ASN1_BOOLEAN;\n            ^\n/usr/local/opt/openssl@3/include/openssl/types.h:61:13: note: previous definition is here\ntypedef int ASN1_BOOLEAN;\n            ^\nIn file included from third_party/boringssl/crypto/asn1/a_object.c:63:\nIn file included from third_party/boringssl/include/openssl/mem.h:60:\nthird_party/boringssl/include/openssl/base.h:234:13: error: redefinition of typedef 'ASN1_NULL' is a C11 feature [-Werror,-Wtypedef-redefinition]\ntypedef int ASN1_NULL;\n            ^\n/usr/local/opt/openssl@3/include/openssl/types.h:62:13: note: previous definition is here\ntypedef int ASN1_NULL;\n            ^\nIn file included from third_party/boringssl/crypto/asn1/a_object.c:63:\nIn file included from third_party/boringssl/include/openssl/mem.h:60:\nthird_party/boringssl/include/openssl/base.h:235:29:make:  error*** [/Users/runner/actions-runner/_work/python.build/python.build/build_grpcio114238/grpcio-1.14.2/objs/opt/third_party/boringssl/crypto/asn1/a_i2d_fp.o] Error 1: \nredefinition of typedef 'ASN1_ITEM' is a C11 feature [-Werror,-Wtypedef-redefinition]\ntypedef struct ASN1_ITEM_st ASN1_ITEM;\n                            ^\n/usr/local/opt/openssl@3/include/openssl/types.h:69:29: note: previous definition is here\ntypedef struct ASN1_ITEM_st ASN1_ITEM;\n                            ^\nIn file included from third_party/boringssl/crypto/asn1/a_object.c:63:\nIn file included from third_party/boringssl/include/openssl/mem.h:60:\nthird_party/boringssl/include/openssl/base.h:236:31: error: redefinition of typedef 'ASN1_OBJECT' is a C11 feature [-Werror,-Wtypedef-redefinition]\ntypedef struct asn1_object_st ASN1_OBJECT;\n                              ^\n/usr/local/opt/openssl@3/include/openssl/types.h:66:31: note: previous definition is here\ntypedef struct asn1_object_st ASN1_OBJECT;\n                              ^\nIn file included from third_party/boringssl/crypto/asn1/a_object.c:63:\nIn file included from third_party/boringssl/include/openssl/mem.h:60:\nthird_party/boringssl/include/openssl/base.h:237:29: error: redefinition of typedef 'ASN1_PCTX' is a C11 feature [-Werror,-Wtypedef-redefinition]\ntypedef struct asn1_pctx_st ASN1_PCTX;\n                            ^\n/usr/local/opt/openssl@3/include/openssl/types.h:70:29: note: previous definition is here\ntypedef struct asn1_pctx_st ASN1_PCTX;\n                            ^\nIn file included from third_party/boringssl/crypto/asn1/a_object.c:63:\nIn file included from third_party/boringssl/include/openssl/mem.h:60:\nthird_party/boringssl/include/openssl/base.h:238:31: error: redefinition of typedef 'ASN1_BIT_STRING' is a C11 feature [-Werror,-Wtypedef-redefinition]\ntypedef struct asn1_string_st ASN1_BIT_STRING;\n                              ^\n/usr/local/opt/openssl@3/include/openssl/types.h:47:31: note: previous definition is here\ntypedef struct asn1_string_st ASN1_BIT_STRING;\n                              ^\nIn file included from third_party/boringssl/crypto/asn1/a_object.c:63:\nIn file included from third_party/boringssl/include/openssl/mem.h:60:\nthird_party/boringssl/include/openssl/base.h:239:31: error: redefinition of typedef 'ASN1_BMPSTRING' is a C11 feature [-Werror,-Wtypedef-redefinition]\ntypedef struct asn1_string_st ASN1_BMPSTRING;\n                              ^\n/usr/local/opt/openssl@3/include/openssl/types.h:54:31: note: previous definition is here\ntypedef struct asn1_string_st ASN1_BMPSTRING;\n                              ^\nIn file included from third_party/boringssl/crypto/asn1/a_object.c:63:\nIn file included from third_party/boringssl/include/openssl/mem.h:60:\nthird_party/boringssl/include/openssl/base.h:240:31: error: redefinition of typedef 'ASN1_ENUMERATED' is a C11 feature [-Werror,-Wtypedef-redefinition]\ntypedef struct asn1_string_st ASN1_ENUMERATED;\n                              ^\n/usr/local/opt/openssl@3/include/openssl/types.h:46:31: note: previous definition is here\ntypedef struct asn1_string_st ASN1_ENUMERATED;\n                              ^\nIn file included from third_party/boringssl/crypto/asn1/a_object.c:63:\nIn file included from third_party/boringssl/include/openssl/mem.h:60:\nthird_party/boringssl/include/openssl/base.h:241:31: error: redefinition of typedef 'ASN1_GENERALIZEDTIME' is a C11 feature [-Werror,-Wtypedef-redefinition]\ntypedef struct asn1_string_st ASN1_GENERALIZEDTIME;\n                              ^\n/usr/local/opt/openssl@3/include/openssl/types.h:57:31: note: previous definition is here\ntypedef struct asn1_string_st ASN1_GENERALIZEDTIME;\n                              ^\nIn file included from third_party/boringssl/crypto/asn1/a_object.c:63:\nIn file included from third_party/boringssl/include/openssl/mem.h:60:\nthird_party/boringssl/include/openssl/base.h:242:31: error: redefinition of typedef 'ASN1_GENERALSTRING' is a C11 feature [-Werror,-Wtypedef-redefinition]\ntypedef struct asn1_string_st ASN1_GENERALSTRING;\n                              ^\n/usr/local/opt/openssl@3/include/openssl/types.h:52:31: note: previous definition is here\nmake: *** [/Users/runner/actions-runner/_work/python.build/python.build/build_grpcio114238/grpcio-1.14.2/objs/opt/third_party/boringssl/crypto/asn1/a_bool.o] Error 1\ntypedef struct asn1_string_st ASN1_GENERALSTRING;\n                              ^\nIn file included from third_party/boringssl/crypto/asn1/a_object.c:63:\nIn file included from third_party/boringssl/include/openssl/mem.h:60:\nthird_party/boringssl/include/openssl/base.h:243:31: error: redefinition of typedef 'ASN1_IA5STRING' is a C11 feature [-Werror,-Wtypedef-redefinition]\ntypedef struct asn1_string_st ASN1_IA5STRING;\n                              ^\n/usr/local/opt/openssl@3/include/openssl/types.h:51:31: note: previous definition is here\ntypedef struct asn1_string_st ASN1_IA5STRING;\n                              ^\nIn file included from third_party/boringssl/crypto/asn1/a_object.c:63:\nIn file included from third_party/boringssl/include/openssl/mem.h:60:\nthird_party/boringssl/include/openssl/base.h:244:31: error: redefinition of typedef 'ASN1_INTEGER' is a C11 feature [-Werror,-Wtypedef-redefinition]\ntypedef struct asn1_string_st ASN1_INTEGER;\n                              ^\n/usr/local/opt/openssl@3/include/openssl/types.h:45:31: note: previous definition is here\ntypedef struct asn1_string_st ASN1_INTEGER;\n                              ^\nIn file included from third_party/boringssl/crypto/asn1/a_object.c:63:\nIn file included from third_party/boringssl/include/openssl/mem.h:60:\nthird_party/boringssl/include/openssl/base.h:245:31: error: redefinition of typedef 'ASN1_OCTET_STRING' is a C11 feature [-Werror,-Wtypedef-redefinition]\ntypedef struct asn1_string_st ASN1_OCTET_STRING;\n                              ^\n/usr/local/opt/openssl@3/include/openssl/types.h:48:31: note: previous definition is here\ntypedef struct asn1_string_st ASN1_OCTET_STRING;\n                              ^\nIn file included from third_party/boringssl/crypto/asn1/a_object.c:63:\nIn file included from third_party/boringssl/include/openssl/mem.h:60:\nthird_party/boringssl/include/openssl/base.h:246:31: error: redefinition of typedef 'ASN1_PRINTABLESTRING' is a C11 feature [-Werror,-Wtypedef-redefinition]\ntypedef struct asn1_string_st ASN1_PRINTABLESTRING;\n                              ^\n/usr/local/opt/openssl@3/include/openssl/types.h:49:31: note: previous definition is here\ntypedef struct asn1_string_st ASN1_PRINTABLESTRING;\n                              ^\nIn file included from third_party/boringssl/crypto/asn1/a_object.c:63:\nIn file included from third_party/boringssl/include/openssl/mem.h:60:\nthird_party/boringssl/include/openssl/base.h:247:31: error: redefinition of typedef 'ASN1_STRING' is a C11 feature [-Werror,-Wtypedef-redefinition]\ntypedef struct asn1_string_st ASN1_STRING;\n                              ^\n/usr/local/opt/openssl@3/include/openssl/types.h:60:31: note: previous definition is here\ntypedef struct asn1_string_st ASN1_STRING;\n                              ^\nIn file included from third_party/boringssl/crypto/asn1/a_object.c:63:\nIn file included from third_party/boringssl/include/openssl/mem.h:60:\nthird_party/boringssl/include/openssl/base.h:248:31: error: redefinition of typedef 'ASN1_T61STRING' is a C11 feature [-Werror,-Wtypedef-redefinition]\ntypedef struct asn1_string_st ASN1_T61STRING;\n                              ^\n/usr/local/opt/openssl@3/include/openssl/types.h:50:31: note: previous definition is here\ntypedef struct asn1_string_st ASN1_T61STRING;\n                              ^\nfatal error: too many errors emitted, stopping now [-ferror-limit=]\n20 errors generated.\nmake: *** [/Users/runner/actions-runner/_work/python.build/python.build/build_grpcio114238/grpcio-1.14.2/objs/opt/third_party/boringssl/crypto/asn1/a_int.o] Error 1\n20 errors generated.\nmake: *** [/Users/runner/actions-runner/_work/python.build/python.build/build_grpcio114238/grpcio-1.14.2/objs/opt/third_party/boringssl/crypto/asn1/a_object.o] Error 1\nIn file included from third_party/boringssl/crypto/asn1/a_octet.c:60:\nIn file included from third_party/boringssl/include/openssl/mem.h:60:\nthird_party/boringssl/include/openssl/base.h:147:9: error: 'OPENSSL_VERSION_NUMBER' macro redefined [-Werror,-Wmacro-redefined]\n#define OPENSSL_VERSION_NUMBER 0x1010007f\n        ^\n/usr/local/opt/openssl@3/include/openssl/opensslv.h:99:10: note: previous definition is here\n# define OPENSSL_VERSION_NUMBER          \\\n         ^\nIn file included from third_party/boringssl/crypto/asn1/a_octet.c:60:\nIn file included from third_party/boringssl/include/openssl/mem.h:60:\nthird_party/boringssl/include/openssl/base.h:182:9: error: 'OPENSSL_EXPORT' macro redefined [-Werror,-Wmacro-redefined]\n#define OPENSSL_EXPORT\n        ^\n/usr/local/opt/openssl@3/include/openssl/e_os2.h:183:11: note: previous definition is here\n#  define OPENSSL_EXPORT extern\n          ^\nIn file included from third_party/boringssl/crypto/asn1/a_octet.c:60:\nIn file included from third_party/boringssl/include/openssl/mem.h:60:\nthird_party/boringssl/include/openssl/base.h:231:13: error: typedef redefinition with different types ('int' vs 'struct crypto_threadid_st')\ntypedef int CRYPTO_THREADID;\n            ^\n/usr/local/opt/openssl@3/include/openssl/crypto.h:308:3: note: previous definition is here\n} CRYPTO_THREADID;\n  ^\nIn file included from third_party/boringssl/crypto/asn1/a_octet.c:60:\nIn file included from third_party/boringssl/include/openssl/mem.h:60:\nthird_party/boringssl/include/openssl/base.h:233:13: error: redefinition of typedef 'ASN1_BOOLEAN' is a C11 feature [-Werror,-Wtypedef-redefinition]\ntypedef int ASN1_BOOLEAN;\n            ^\n/usr/local/opt/openssl@3/include/openssl/types.h:61:13: note: previous definition is here\ntypedef int ASN1_BOOLEAN;\n            ^\nIn file included from third_party/boringssl/crypto/asn1/a_octet.c:60:\nIn file included from third_party/boringssl/include/openssl/mem.h:60:\nthird_party/boringssl/include/openssl/base.h:234:13: error: redefinition of typedef 'ASN1_NULL' is a C11 feature [-Werror,-Wtypedef-redefinition]\ntypedef int ASN1_NULL;\n            ^\n/usr/local/opt/openssl@3/include/openssl/types.h:62:13: note: previous definition is here\ntypedef int ASN1_NULL;\n            ^\nIn file included from third_party/boringssl/crypto/asn1/a_octet.c:60:\nIn file included from third_party/boringssl/include/openssl/mem.h:60:\nthird_party/boringssl/include/openssl/base.h:235:29: error: redefinition of typedef 'ASN1_ITEM' is a C11 feature [-Werror,-Wtypedef-redefinition]\ntypedef struct ASN1_ITEM_st ASN1_ITEM;\n                            ^\n/usr/local/opt/openssl@3/include/openssl/types.h:69:29: note: previous definition is here\ntypedef struct ASN1_ITEM_st ASN1_ITEM;\n                            ^\nIn file included from third_party/boringssl/crypto/asn1/a_octet.c:60:\nIn file included from third_party/boringssl/include/openssl/mem.h:60:\nthird_party/boringssl/include/openssl/base.h:236:31: error: redefinition of typedef 'ASN1_OBJECT' is a C11 feature [-Werror,-Wtypedef-redefinition]\ntypedef struct asn1_object_st ASN1_OBJECT;\n                              ^\n/usr/local/opt/openssl@3/include/openssl/types.h:66:31: note: previous definition is here\ntypedef struct asn1_object_st ASN1_OBJECT;\n                              ^\nIn file included from third_party/boringssl/crypto/asn1/a_octet.c:60:\nIn file included from third_party/boringssl/include/openssl/mem.h:60:\nthird_party/boringssl/include/openssl/base.h:237:29: error: redefinition of typedef 'ASN1_PCTX' is a C11 feature [-Werror,-Wtypedef-redefinition]\ntypedef struct asn1_pctx_st ASN1_PCTX;\n                            ^\n/usr/local/opt/openssl@3/include/openssl/types.h:70:29: note: previous definition is here\ntypedef struct asn1_pctx_st ASN1_PCTX;\n                            ^\nIn file included from third_party/boringssl/crypto/asn1/a_octet.c:60:\nIn file included from third_party/boringssl/include/openssl/mem.h:60:\nthird_party/boringssl/include/openssl/base.h:238:31: error: redefinition of typedef 'ASN1_BIT_STRING' is a C11 feature [-Werror,-Wtypedef-redefinition]\ntypedef struct asn1_string_st ASN1_BIT_STRING;\n                              ^\n/usr/local/opt/openssl@3/include/openssl/types.h:47:31: note: previous definition is here\ntypedef struct asn1_string_st ASN1_BIT_STRING;\n                              ^\nIn file included from third_party/boringssl/crypto/asn1/a_octet.c:60:\nIn file included from third_party/boringssl/include/openssl/mem.h:60:\nthird_party/boringssl/include/openssl/base.h:239:31: error: redefinition of typedef 'ASN1_BMPSTRING' is a C11 feature [-Werror,-Wtypedef-redefinition]\ntypedef struct asn1_string_st ASN1_BMPSTRING;\n                              ^\n/usr/local/opt/openssl@3/include/openssl/types.h:54:31: note: previous definition is here\ntypedef struct asn1_string_st ASN1_BMPSTRING;\n                              ^\nIn file included from third_party/boringssl/crypto/asn1/a_octet.c:60:\nIn file included from third_party/boringssl/include/openssl/mem.h:60:\nthird_party/boringssl/include/openssl/base.h:240:31: error: redefinition of typedef 'ASN1_ENUMERATED' is a C11 feature [-Werror,-Wtypedef-redefinition]\ntypedef struct asn1_string_st ASN1_ENUMERATED;\n                              ^\n/usr/local/opt/openssl@3/include/openssl/types.h:46:31: note: previous definition is here\ntypedef struct asn1_string_st ASN1_ENUMERATED;\n                              ^\nIn file included from third_party/boringssl/crypto/asn1/a_octet.c:60:\nIn file included from third_party/boringssl/include/openssl/mem.h:60:\nthird_party/boringssl/include/openssl/base.h:241:31: error: redefinition of typedef 'ASN1_GENERALIZEDTIME' is a C11 feature [-Werror,-Wtypedef-redefinition]\ntypedef struct asn1_string_st ASN1_GENERALIZEDTIME;\n                              ^\n/usr/local/opt/openssl@3/include/openssl/types.h:57:31: note: previous definition is here\ntypedef struct asn1_string_st ASN1_GENERALIZEDTIME;\n                              ^\nIn file included from third_party/boringssl/crypto/asn1/a_octet.c:60:\nIn file included from third_party/boringssl/include/openssl/mem.h:60:\nthird_party/boringssl/include/openssl/base.h:242:31: error: redefinition of typedef 'ASN1_GENERALSTRING' is a C11 feature [-Werror,-Wtypedef-redefinition]\ntypedef struct asn1_string_st ASN1_GENERALSTRING;\n                              ^\n/usr/local/opt/openssl@3/include/openssl/types.h:52:31: note: previous definition is here\ntypedef struct asn1_string_st ASN1_GENERALSTRING;\n                              ^\nIn file included from third_party/boringssl/crypto/asn1/a_octet.c:60:\nIn file included from third_party/boringssl/include/openssl/mem.h:60:\nthird_party/boringssl/include/openssl/base.h:243:31: error: redefinition of typedef 'ASN1_IA5STRING' is a C11 feature [-Werror,-Wtypedef-redefinition]\ntypedef struct asn1_string_st ASN1_IA5STRING;\n                              ^\n/usr/local/opt/openssl@3/include/openssl/types.h:51:31: note: previous definition is here\ntypedef struct asn1_string_st ASN1_IA5STRING;\n                              ^\nIn file included from third_party/boringssl/crypto/asn1/a_octet.c:60:\nIn file included from third_party/boringssl/include/openssl/mem.h:60:\nthird_party/boringssl/include/openssl/base.h:244:31: error: redefinition of typedef 'ASN1_INTEGER' is a C11 feature [-Werror,-Wtypedef-redefinition]\ntypedef struct asn1_string_st ASN1_INTEGER;\n                              ^\n/usr/local/opt/openssl@3/include/openssl/types.h:45:31: note: previous definition is here\ntypedef struct asn1_string_st ASN1_INTEGER;\n                              ^\nIn file included from third_party/boringssl/crypto/asn1/a_octet.c:60:\nIn file included from third_party/boringssl/include/openssl/mem.h:60:\nthird_party/boringssl/include/openssl/base.h:245:31: error: redefinition of typedef 'ASN1_OCTET_STRING' is a C11 feature [-Werror,-Wtypedef-redefinition]\ntypedef struct asn1_string_st ASN1_OCTET_STRING;\n                              ^\n/usr/local/opt/openssl@3/include/openssl/types.h:48:31: note: previous definition is here\ntypedef struct asn1_string_st ASN1_OCTET_STRING;\n                              ^\nIn file included from third_party/boringssl/crypto/asn1/a_octet.c:60:\nIn file included from third_party/boringssl/include/openssl/mem.h:60:\nthird_party/boringssl/include/openssl/base.h:246:31: error: redefinition of typedef 'ASN1_PRINTABLESTRING' is a C11 feature [-Werror,-Wtypedef-redefinition]\ntypedef struct asn1_string_st ASN1_PRINTABLESTRING;\n                              ^\n/usr/local/opt/openssl@3/include/openssl/types.h:49:31: note: previous definition is here\ntypedef struct asn1_string_st ASN1_PRINTABLESTRING;\n                              ^\nIn file included from third_party/boringssl/crypto/asn1/a_octet.c:60:\nIn file included from third_party/boringssl/include/openssl/mem.h:60:\nthird_party/boringssl/include/openssl/base.h:247:31: error: redefinition of typedef 'ASN1_STRING' is a C11 feature [-Werror,-Wtypedef-redefinition]\ntypedef struct asn1_string_st ASN1_STRING;\n                              ^\n/usr/local/opt/openssl@3/include/openssl/types.h:60:31: note: previous definition is here\ntypedef struct asn1_string_st ASN1_STRING;\n                              ^\nIn file included from third_party/boringssl/crypto/asn1/a_octet.c:60:\nIn file included from third_party/boringssl/include/openssl/mem.h:60:\nthird_party/boringssl/include/openssl/base.h:248:31: error: redefinition of typedef 'ASN1_T61STRING' is a C11 feature [-Werror,-Wtypedef-redefinition]\ntypedef struct asn1_string_st ASN1_T61STRING;\n                              ^\n/usr/local/opt/openssl@3/include/openssl/types.h:50:31: note: previous definition is here\ntypedef struct asn1_string_st ASN1_T61STRING;\n                              ^\nfatal error: too many errors emitted, stopping now [-ferror-limit=]\n20 errors generated.\nmake: *** [/Users/runner/actions-runner/_work/python.build/python.build/build_grpcio114238/grpcio-1.14.2/objs/opt/third_party/boringssl/crypto/asn1/a_octet.o] Error 1\nIn file included from third_party/boringssl/crypto/asn1/a_strnid.c:63:\nIn file included from third_party/boringssl/include/openssl/mem.h:60:\nthird_party/boringssl/include/openssl/base.h:147:9: error: 'OPENSSL_VERSION_NUMBER' macro redefined [-Werror,-Wmacro-redefined]\n#define OPENSSL_VERSION_NUMBER 0x1010007f\n        ^\n/usr/local/opt/openssl@3/include/openssl/opensslv.h:99:10: note: previous definition is here\n# define OPENSSL_VERSION_NUMBER          \\\n         ^\nIn file included from third_party/boringssl/crypto/asn1/a_strnid.c:63:\nIn file included from third_party/boringssl/include/openssl/mem.h:60:\nthird_party/boringssl/include/openssl/base.h:182:9: error: 'OPENSSL_EXPORT' macro redefined [-Werror,-Wmacro-redefined]\n#define OPENSSL_EXPORT\n        ^\n/usr/local/opt/openssl@3/include/openssl/e_os2.h:183:11: note: previous definition is here\n#  define OPENSSL_EXPORT extern\n          ^\nIn file included from third_party/boringssl/crypto/asn1/a_strnid.c:63:\nIn file included from third_party/boringssl/include/openssl/mem.h:60:\nthird_party/boringssl/include/openssl/base.h:231:13: error: typedef redefinition with different types ('int' vs 'struct crypto_threadid_st')\ntypedef int CRYPTO_THREADID;\n            ^\n/usr/local/opt/openssl@3/include/openssl/crypto.h:308:3: note: previous definition is here\n} CRYPTO_THREADID;\n  ^\nIn file included from third_party/boringssl/crypto/asn1/a_strnid.c:63:\nIn file included from third_party/boringssl/include/openssl/mem.h:60:\nthird_party/boringssl/include/openssl/base.h:233:13: error: redefinition of typedef 'ASN1_BOOLEAN' is a C11 feature [-Werror,-Wtypedef-redefinition]\ntypedef int ASN1_BOOLEAN;\n            ^\n/usr/local/opt/openssl@3/include/openssl/types.h:61:13: note: previous definition is here\ntypedef int ASN1_BOOLEAN;\n            ^\nIn file included from third_party/boringssl/crypto/asn1/a_strnid.c:63:\nIn file included from third_party/boringssl/include/openssl/mem.h:60:\nthird_party/boringssl/include/openssl/base.h:234:13: error: redefinition of typedef 'ASN1_NULL' is a C11 feature [-Werror,-Wtypedef-redefinition]\ntypedef int ASN1_NULL;\n            ^\n/usr/local/opt/openssl@3/include/openssl/types.h:62:13: note: previous definition is here\ntypedef int ASN1_NULL;\n            ^\nIn file included from third_party/boringssl/crypto/asn1/a_strnid.c:63:\nIn file included from third_party/boringssl/include/openssl/mem.h:60:\nthird_party/boringssl/include/openssl/base.h:235:29: error: redefinition of typedef 'ASN1_ITEM' is a C11 feature [-Werror,-Wtypedef-redefinition]\ntypedef struct ASN1_ITEM_st ASN1_ITEM;\n                            ^\n/usr/local/opt/openssl@3/include/openssl/types.h:69:29: note: previous definition is here\ntypedef struct ASN1_ITEM_st ASN1_ITEM;\n                            ^\nIn file included from third_party/boringssl/crypto/asn1/a_strnid.c:63:\nIn file included from third_party/boringssl/include/openssl/mem.h:60:\nthird_party/boringssl/include/openssl/base.h:236:31: error: redefinition of typedef 'ASN1_OBJECT' is a C11 feature [-Werror,-Wtypedef-redefinition]\ntypedef struct asn1_object_st ASN1_OBJECT;\n                              ^\n/usr/local/opt/openssl@3/include/openssl/types.h:66:31: note: previous definition is here\ntypedef struct asn1_object_st ASN1_OBJECT;\n                              ^\nIn file included from third_party/boringssl/crypto/asn1/a_strnid.c:63:\nIn file included from third_party/boringssl/include/openssl/mem.h:60:\nthird_party/boringssl/include/openssl/base.h:237:29: error: redefinition of typedef 'ASN1_PCTX' is a C11 feature [-Werror,-Wtypedef-redefinition]\ntypedef struct asn1_pctx_st ASN1_PCTX;\n                            ^\n/usr/local/opt/openssl@3/include/openssl/types.h:70:29: note: previous definition is here\ntypedef struct asn1_pctx_st ASN1_PCTX;\n                            ^\nIn file included from third_party/boringssl/crypto/asn1/a_strnid.c:63:\nIn file included from third_party/boringssl/include/openssl/mem.h:60:\nthird_party/boringssl/include/openssl/base.h:238:31: error: redefinition of typedef 'ASN1_BIT_STRING' is a C11 feature [-Werror,-Wtypedef-redefinition]\ntypedef struct asn1_string_st ASN1_BIT_STRING;\n                              ^\n/usr/local/opt/openssl@3/include/openssl/types.h:47:31: note: previous definition is here\ntypedef struct asn1_string_st ASN1_BIT_STRING;\n                              ^\nIn file included from third_party/boringssl/crypto/asn1/a_strnid.c:63:\nIn file included from third_party/boringssl/include/openssl/mem.h:60:\nthird_party/boringssl/include/openssl/base.h:239:31: error: redefinition of typedef 'ASN1_BMPSTRING' is a C11 feature [-Werror,-Wtypedef-redefinition]\ntypedef struct asn1_string_st ASN1_BMPSTRING;\n                              ^\n/usr/local/opt/openssl@3/include/openssl/types.h:54:31: note: previous definition is here\ntypedef struct asn1_string_st ASN1_BMPSTRING;\n                              ^\nIn file included from third_party/boringssl/crypto/asn1/a_strnid.c:63:\nIn file included from third_party/boringssl/include/openssl/mem.h:60:\nthird_party/boringssl/include/openssl/base.h:240:31: error: redefinition of typedef 'ASN1_ENUMERATED' is a C11 feature [-Werror,-Wtypedef-redefinition]\nIn file included from third_party/boringssl/crypto/asn1/a_print.c:60:\nIn file included from third_party/boringssl/include/openssl/mem.h:60:\ntypedef struct asn1_string_st ASN1_ENUMERATED;\nthird_party/boringssl/include/openssl/base.h:147:                              ^\n/usr/local/opt/openssl@3/include/openssl/types.h9: error:46:31::  note'OPENSSL_VERSION_NUMBER' macro redefined [-Werror,-Wmacro-redefined]: \nprevious definition is here\ntypedef struct asn1_string_st ASN1_ENUMERATED;\n#define OPENSSL_VERSION_NUMBER 0x1010007f                              ^\n\n        ^\nIn file included from /usr/local/opt/openssl@3/include/openssl/opensslv.hthird_party/boringssl/crypto/asn1/a_strnid.c::9963::\n10In file included from :third_party/boringssl/include/openssl/mem.h note: previous definition is here\n:60:\nthird_party/boringssl/include/openssl/base.h:# define OPENSSL_VERSION_NUMBER          \\241\n         ^\n:31:In file included from  third_party/boringssl/crypto/asn1/a_print.cerror:: 60redefinition of typedef 'ASN1_GENERALIZEDTIME' is a C11 feature [-Werror,-Wtypedef-redefinition]:\n\nIn file included from third_party/boringssl/include/openssl/mem.h:60:\nthird_party/boringssl/include/openssl/base.h:182:9: error: 'OPENSSL_EXPORT' macro redefined [-Werror,-Wmacro-redefined]typedef struct asn1_string_st ASN1_GENERALIZEDTIME;\n\n                              ^#define OPENSSL_EXPORT\n        ^\n/usr/local/opt/openssl@3/include/openssl/e_os2.h\n:183:/usr/local/opt/openssl@3/include/openssl/types.h:57:31:11 :note : noteprevious definition is here: \nprevious definition is here\n#  define OPENSSL_EXPORT extern\n          ^\ntypedef struct asn1_string_st ASN1_GENERALIZEDTIME;\n                              ^\nIn file included from third_party/boringssl/crypto/asn1/a_strnid.c:63:\nIn file included from third_party/boringssl/include/openssl/mem.h:60:\nthird_party/boringssl/include/openssl/base.h:242:31: error: redefinition of typedef 'ASN1_GENERALSTRING' is a C11 feature [-Werror,-Wtypedef-redefinition]\ntypedef struct asn1_string_st ASN1_GENERALSTRING;\n                              ^\n/usr/local/opt/openssl@3/include/openssl/types.h:52:31:In file included from  third_party/boringssl/crypto/asn1/a_print.cnote:60:\nIn file included from third_party/boringssl/include/openssl/mem.h:60: previous definition is here\n:\nthird_party/boringssl/include/openssl/base.h:231:13: typedef struct asn1_string_st ASN1_GENERALSTRING;\n                              ^error\n: typedef redefinition with different types ('int' vs 'struct crypto_threadid_st')\nIn file included from third_party/boringssl/crypto/asn1/a_strnid.c:63typedef int CRYPTO_THREADID;\n            ^\n:\nIn file included from third_party/boringssl/include/openssl/mem.h:60:\nthird_party/boringssl/include/openssl/base.h:243:31: error: redefinition of typedef 'ASN1_IA5STRING' is a C11 feature [-Werror,-Wtypedef-redefinition]\n/usr/local/opt/openssl@3/include/openssl/crypto.h:308:3: typedef struct asn1_string_st ASN1_IA5STRING;note\n:                               ^previous definition is here\n\n/usr/local/opt/openssl@3/include/openssl/types.h:51} CRYPTO_THREADID;:\n31  ^: note: previous definition is here\n\nIn file included from typedef struct asn1_string_st ASN1_IA5STRING;third_party/boringssl/crypto/asn1/a_print.c\n:                              ^60\n:\nIn file included from third_party/boringssl/include/openssl/mem.h:60:\nIn file included from third_party/boringssl/crypto/asn1/a_strnid.c:63:\nthird_party/boringssl/include/openssl/base.hIn file included from :third_party/boringssl/include/openssl/mem.h:23360::\n13third_party/boringssl/include/openssl/base.h:: 244error:: 31redefinition of typedef 'ASN1_BOOLEAN' is a C11 feature [-Werror,-Wtypedef-redefinition]:\n error: redefinition of typedef 'ASN1_INTEGER' is a C11 feature [-Werror,-Wtypedef-redefinition]\ntypedef struct asn1_string_st ASN1_INTEGER;\n                              ^\n/usr/local/opt/openssl@3/include/openssl/types.htypedef int ASN1_BOOLEAN;:\n45            ^:\n31: note/usr/local/opt/openssl@3/include/openssl/types.h:: 61previous definition is here:\n13: note: previous definition is here\ntypedef int ASN1_BOOLEAN;typedef struct asn1_string_st ASN1_INTEGER;\n\n            ^\n                              ^\nIn file included from In file included from third_party/boringssl/crypto/asn1/a_strnid.cthird_party/boringssl/crypto/asn1/a_print.c::6360:\n:\nIn file included from third_party/boringssl/include/openssl/mem.h:60:\nthird_party/boringssl/include/openssl/base.hIn file included from :245third_party/boringssl/include/openssl/mem.h::3160:\n:third_party/boringssl/include/openssl/base.h :error234: :redefinition of typedef 'ASN1_OCTET_STRING' is a C11 feature [-Werror,-Wtypedef-redefinition]13\n: error: redefinition of typedef 'ASN1_NULL' is a C11 feature [-Werror,-Wtypedef-redefinition]\ntypedef struct asn1_string_st ASN1_OCTET_STRING;\n                              ^\ntypedef int ASN1_NULL;\n            ^/usr/local/opt/openssl@3/include/openssl/types.h\n:48:31/usr/local/opt/openssl@3/include/openssl/types.h:62:13: :note : noteprevious definition is here: \nprevious definition is here\ntypedef int ASN1_NULL;\n            ^\ntypedef struct asn1_string_st ASN1_OCTET_STRING;\n                              ^\nIn file included from third_party/boringssl/crypto/asn1/a_print.cIn file included from :60third_party/boringssl/crypto/asn1/a_strnid.c:\n:In file included from 63third_party/boringssl/include/openssl/mem.h:\n:In file included from 60third_party/boringssl/include/openssl/mem.h:\n:third_party/boringssl/include/openssl/base.h60::\n235third_party/boringssl/include/openssl/base.h::29246:: 31error::  redefinition of typedef 'ASN1_ITEM' is a C11 feature [-Werror,-Wtypedef-redefinition]error\n: redefinition of typedef 'ASN1_PRINTABLESTRING' is a C11 feature [-Werror,-Wtypedef-redefinition]\ntypedef struct ASN1_ITEM_st ASN1_ITEM;\n                            ^\ntypedef struct asn1_string_st ASN1_PRINTABLESTRING;\n/usr/local/opt/openssl@3/include/openssl/types.h:                              ^\n69:/usr/local/opt/openssl@3/include/openssl/types.h:49:31: note29: previous definition is here\n: note: previous definition is here\ntypedef struct asn1_string_st ASN1_PRINTABLESTRING;\n                              ^\ntypedef struct ASN1_ITEM_st ASN1_ITEM;\n                            ^\nIn file included from third_party/boringssl/crypto/asn1/a_strnid.c:63:\nIn file included from third_party/boringssl/include/openssl/mem.h:60:\nthird_party/boringssl/include/openssl/base.h:247In file included from :third_party/boringssl/crypto/asn1/a_print.c31::60 :\nerrorIn file included from : third_party/boringssl/include/openssl/mem.hredefinition of typedef 'ASN1_STRING' is a C11 feature [-Werror,-Wtypedef-redefinition]:\n60:\nthird_party/boringssl/include/openssl/base.h:236:31: error: typedef struct asn1_string_st ASN1_STRING;redefinition of typedef 'ASN1_OBJECT' is a C11 feature [-Werror,-Wtypedef-redefinition]\n\n                              ^\ntypedef struct asn1_object_st ASN1_OBJECT;\n                              ^\n/usr/local/opt/openssl@3/include/openssl/types.h/usr/local/opt/openssl@3/include/openssl/types.h:66:31: :note60: :previous definition is here31\n: note: previous definition is here\ntypedef struct asn1_object_st ASN1_OBJECT;\n                              ^\ntypedef struct asn1_string_st ASN1_STRING;\n                              ^\nIn file included from third_party/boringssl/crypto/asn1/a_print.c:60:\nIn file included from In file included from third_party/boringssl/crypto/asn1/a_strnid.cthird_party/boringssl/include/openssl/mem.h:63:\nIn file included from third_party/boringssl/include/openssl/mem.h:60:\nthird_party/boringssl/include/openssl/base.h::24860::\n31third_party/boringssl/include/openssl/base.h:: 237error:: 29redefinition of typedef 'ASN1_T61STRING' is a C11 feature [-Werror,-Wtypedef-redefinition]:\n error: redefinition of typedef 'ASN1_PCTX' is a C11 feature [-Werror,-Wtypedef-redefinition]typedef struct asn1_string_st ASN1_T61STRING;\n\n                              ^\n/usr/local/opt/openssl@3/include/openssl/types.h:50:31: typedef struct asn1_pctx_st ASN1_PCTX;note\n:                             ^previous definition is here\n/usr/local/opt/openssl@3/include/openssl/types.h:70:29\n: note: previous definition is here\ntypedef struct asn1_string_st ASN1_T61STRING;\n                              ^\ntypedef struct asn1_pctx_st ASN1_PCTX;\n                            ^\nfatal error: too many errors emitted, stopping now [-ferror-limit=]\nIn file included from third_party/boringssl/crypto/asn1/a_print.c:60:\nIn file included from third_party/boringssl/include/openssl/mem.h:60:\nthird_party/boringssl/include/openssl/base.h:238:31: error: redefinition of typedef 'ASN1_BIT_STRING' is a C11 feature [-Werror,-Wtypedef-redefinition]\ntypedef struct asn1_string_st ASN1_BIT_STRING;\n                              ^\n/usr/local/opt/openssl@3/include/openssl/types.h:47:31: note: previous definition is here\ntypedef struct asn1_string_st ASN1_BIT_STRING;\n                              ^\nIn file included from third_party/boringssl/crypto/asn1/a_print.c:60:\nIn file included from third_party/boringssl/include/openssl/mem.h:60:\nthird_party/boringssl/include/openssl/base.h:239:31: error: redefinition of typedef 'ASN1_BMPSTRING' is a C11 feature [-Werror,-Wtypedef-redefinition]\ntypedef struct asn1_string_st ASN1_BMPSTRING;\n                              ^\n/usr/local/opt/openssl@3/include/openssl/types.h:54:31: note: previous definition is here\ntypedef struct asn1_string_st ASN1_BMPSTRING;\n                              ^\nIn file included from third_party/boringssl/crypto/asn1/a_print.c:60:\nIn file included from third_party/boringssl/include/openssl/mem.h:60:\nthird_party/boringssl/include/openssl/base.h:240:31: error: redefinition of typedef 'ASN1_ENUMERATED' is a C11 feature [-Werror,-Wtypedef-redefinition]\ntypedef struct asn1_string_st ASN1_ENUMERATED;\n                              ^\n/usr/local/opt/openssl@3/include/openssl/types.h:46:31: note: previous definition is here\ntypedef struct asn1_string_st ASN1_ENUMERATED;\n                              ^\nIn file included from third_party/boringssl/crypto/asn1/a_print.c:60:\nIn file included from third_party/boringssl/include/openssl/mem.h:60:\nthird_party/boringssl/include/openssl/base.h:241:31: error: redefinition of typedef 'ASN1_GENERALIZEDTIME' is a C11 feature [-Werror,-Wtypedef-redefinition]\ntypedef struct asn1_string_st ASN1_GENERALIZEDTIME;\n                              ^\n/usr/local/opt/openssl@3/include/openssl/types.h:57:31: note: previous definition is here\ntypedef struct asn1_string_st ASN1_GENERALIZEDTIME;\n                              ^\nIn file included from third_party/boringssl/crypto/asn1/a_print.c:60:\nIn file included from third_party/boringssl/include/openssl/mem.h:60:\nthird_party/boringssl/include/openssl/base.h:242:31: error: redefinition of typedef 'ASN1_GENERALSTRING' is a C11 feature [-Werror,-Wtypedef-redefinition]\ntypedef struct asn1_string_st ASN1_GENERALSTRING;\n                              ^\n/usr/local/opt/openssl@3/include/openssl/types.h:52:31: note: previous definition is here\ntypedef struct asn1_string_st ASN1_GENERALSTRING;\n                              ^\nIn file included from third_party/boringssl/crypto/asn1/a_print.c:60:\nIn file included from third_party/boringssl/include/openssl/mem.h:60:\nthird_party/boringssl/include/openssl/base.h:243:31: error: redefinition of typedef 'ASN1_IA5STRING' is a C11 feature [-Werror,-Wtypedef-redefinition]\ntypedef struct asn1_string_st ASN1_IA5STRING;\n                              ^\n/usr/local/opt/openssl@3/include/openssl/types.h:51:31: note: previous definition is here\ntypedef struct asn1_string_st ASN1_IA5STRING;\n                              ^\nIn file included from third_party/boringssl/crypto/asn1/a_print.c:60:\nIn file included from third_party/boringssl/include/openssl/mem.h:60:\nthird_party/boringssl/include/openssl/base.h:244:31: error: redefinition of typedef 'ASN1_INTEGER' is a C11 feature [-Werror,-Wtypedef-redefinition]\ntypedef struct asn1_string_st ASN1_INTEGER;\n                              ^\n/usr/local/opt/openssl@3/include/openssl/types.h:45:31: note: previous definition is here\ntypedef struct asn1_string_st ASN1_INTEGER;\n                              ^\nIn file included from third_party/boringssl/crypto/asn1/a_print.c:60:\nIn file included from third_party/boringssl/include/openssl/mem.h:60:\nthird_party/boringssl/include/openssl/base.h:245:31: error: redefinition of typedef 'ASN1_OCTET_STRING' is a C11 feature [-Werror,-Wtypedef-redefinition]\ntypedef struct asn1_string_st ASN1_OCTET_STRING;\n                              ^\n/usr/local/opt/openssl@3/include/openssl/types.h:48:31: note: previous definition is here\ntypedef struct asn1_string_st ASN1_OCTET_STRING;\n                              ^\nIn file included from third_party/boringssl/crypto/asn1/a_print.c:60:\nIn file included from third_party/boringssl/include/openssl/mem.h:60:\nthird_party/boringssl/include/openssl/base.h:246:31: error: redefinition of typedef 'ASN1_PRINTABLESTRING' is a C11 feature [-Werror,-Wtypedef-redefinition]\ntypedef struct asn1_string_st ASN1_PRINTABLESTRING;\n                              ^\n/usr/local/opt/openssl@3/include/openssl/types.h:49:31: note: previous definition is here\ntypedef struct asn1_string_st ASN1_PRINTABLESTRING;\n                              ^\nIn file included from third_party/boringssl/crypto/asn1/a_print.c:60:\nIn file included from third_party/boringssl/include/openssl/mem.h:60:\nthird_party/boringssl/include/openssl/base.h:247:31: error: redefinition of typedef 'ASN1_STRING' is a C11 feature [-Werror,-Wtypedef-redefinition]\ntypedef struct asn1_string_st ASN1_STRING;\n                              ^\n/usr/local/opt/openssl@3/include/openssl/types.h:60:31: note: previous definition is here\ntypedef struct asn1_string_st ASN1_STRING;\n                              ^\nIn file included from third_party/boringssl/crypto/asn1/a_print.c:60:\nIn file included from third_party/boringssl/include/openssl/mem.h:60:\nthird_party/boringssl/include/openssl/base.h:248:31: error: redefinition of typedef 'ASN1_T61STRING' is a C11 feature [-Werror,-Wtypedef-redefinition]\ntypedef struct asn1_string_st ASN1_T61STRING;\n                              ^\n/usr/local/opt/openssl@3/include/openssl/types.h:50:31: note: previous definition is here\ntypedef struct asn1_string_st ASN1_T61STRING;\n                              ^\nfatal error: too many errors emitted, stopping now [-ferror-limit=]\n20 errors generated.\nmake: *** [/Users/runner/actions-runner/_work/python.build/python.build/build_grpcio114238/grpcio-1.14.2/objs/opt/third_party/boringssl/crypto/asn1/a_print.o] Error 1\n20 errors generated.\nmake: *** [/Users/runner/actions-runner/_work/python.build/python.build/build_grpcio114238/grpcio-1.14.2/objs/opt/third_party/boringssl/crypto/asn1/a_strnid.o] Error 1\n"
2022-12-27T02:31:05.5622320Z   Traceback (most recent call last):
2022-12-27T02:31:05.5628790Z     File "<string>", line 2, in <module>
2022-12-27T02:31:05.5629260Z     File "<pip-setuptools-caller>", line 34, in <module>
2022-12-27T02:31:05.5629670Z     File "/Users/runner/actions-runner/_work/python.build/python.build/build_grpcio114238/grpcio-1.14.2/setup.py", line 332, in <module>
2022-12-27T02:31:05.5629930Z       setuptools.setup(
2022-12-27T02:31:05.5630470Z     File "/private/var/folders/51/hd414ycd67n82196sw51xqtc0000gn/T/cibw-run-660jl4aa/cp38-macosx_arm64/build/venv/lib/python3.8/site-packages/setuptools/__init__.py", line 87, in setup
2022-12-27T02:31:05.5630760Z       return distutils.core.setup(**attrs)
2022-12-27T02:31:05.5631170Z     File "/private/var/folders/51/hd414ycd67n82196sw51xqtc0000gn/T/cibw-run-660jl4aa/cp38-macosx_arm64/build/venv/lib/python3.8/site-packages/setuptools/_distutils/core.py", line 185, in setup
2022-12-27T02:31:05.5631460Z       return run_commands(dist)
2022-12-27T02:31:05.5631890Z     File "/private/var/folders/51/hd414ycd67n82196sw51xqtc0000gn/T/cibw-run-660jl4aa/cp38-macosx_arm64/build/venv/lib/python3.8/site-packages/setuptools/_distutils/core.py", line 201, in run_commands
2022-12-27T02:31:05.5632210Z       dist.run_commands()
2022-12-27T02:31:05.5632620Z     File "/private/var/folders/51/hd414ycd67n82196sw51xqtc0000gn/T/cibw-run-660jl4aa/cp38-macosx_arm64/build/venv/lib/python3.8/site-packages/setuptools/_distutils/dist.py", line 969, in run_commands
2022-12-27T02:31:05.5632860Z       self.run_command(cmd)
2022-12-27T02:31:05.5633250Z     File "/private/var/folders/51/hd414ycd67n82196sw51xqtc0000gn/T/cibw-run-660jl4aa/cp38-macosx_arm64/build/venv/lib/python3.8/site-packages/setuptools/dist.py", line 1208, in run_command
2022-12-27T02:31:05.5633520Z       super().run_command(command)
2022-12-27T02:31:05.5633930Z     File "/private/var/folders/51/hd414ycd67n82196sw51xqtc0000gn/T/cibw-run-660jl4aa/cp38-macosx_arm64/build/venv/lib/python3.8/site-packages/setuptools/_distutils/dist.py", line 988, in run_command
2022-12-27T02:31:05.5634200Z       cmd_obj.run()
2022-12-27T02:31:05.5634580Z     File "/private/var/folders/51/hd414ycd67n82196sw51xqtc0000gn/T/cibw-run-660jl4aa/cp38-macosx_arm64/build/venv/lib/python3.8/site-packages/wheel/bdist_wheel.py", line 325, in run
2022-12-27T02:31:05.5634850Z       self.run_command("build")
2022-12-27T02:31:05.5635280Z     File "/private/var/folders/51/hd414ycd67n82196sw51xqtc0000gn/T/cibw-run-660jl4aa/cp38-macosx_arm64/build/venv/lib/python3.8/site-packages/setuptools/_distutils/cmd.py", line 318, in run_command
2022-12-27T02:31:05.5635670Z       self.distribution.run_command(command)
2022-12-27T02:31:05.5636090Z     File "/private/var/folders/51/hd414ycd67n82196sw51xqtc0000gn/T/cibw-run-660jl4aa/cp38-macosx_arm64/build/venv/lib/python3.8/site-packages/setuptools/dist.py", line 1208, in run_command
2022-12-27T02:31:05.5636330Z       super().run_command(command)
2022-12-27T02:31:05.5636730Z     File "/private/var/folders/51/hd414ycd67n82196sw51xqtc0000gn/T/cibw-run-660jl4aa/cp38-macosx_arm64/build/venv/lib/python3.8/site-packages/setuptools/_distutils/dist.py", line 988, in run_command
2022-12-27T02:31:05.5637030Z       cmd_obj.run()
2022-12-27T02:31:05.5637430Z     File "/private/var/folders/51/hd414ycd67n82196sw51xqtc0000gn/T/cibw-run-660jl4aa/cp38-macosx_arm64/build/venv/lib/python3.8/site-packages/setuptools/_distutils/command/build.py", line 132, in run
2022-12-27T02:31:05.5637720Z       self.run_command(cmd_name)
2022-12-27T02:31:05.5638170Z     File "/private/var/folders/51/hd414ycd67n82196sw51xqtc0000gn/T/cibw-run-660jl4aa/cp38-macosx_arm64/build/venv/lib/python3.8/site-packages/setuptools/_distutils/cmd.py", line 318, in run_command
2022-12-27T02:31:05.5638500Z       self.distribution.run_command(command)
2022-12-27T02:31:05.5638910Z     File "/private/var/folders/51/hd414ycd67n82196sw51xqtc0000gn/T/cibw-run-660jl4aa/cp38-macosx_arm64/build/venv/lib/python3.8/site-packages/setuptools/dist.py", line 1208, in run_command
2022-12-27T02:31:05.5639180Z       super().run_command(command)
2022-12-27T02:31:05.5639580Z     File "/private/var/folders/51/hd414ycd67n82196sw51xqtc0000gn/T/cibw-run-660jl4aa/cp38-macosx_arm64/build/venv/lib/python3.8/site-packages/setuptools/_distutils/dist.py", line 988, in run_command
2022-12-27T02:31:05.5639810Z       cmd_obj.run()
2022-12-27T02:31:05.5640200Z     File "/private/var/folders/51/hd414ycd67n82196sw51xqtc0000gn/T/cibw-run-660jl4aa/cp38-macosx_arm64/build/venv/lib/python3.8/site-packages/setuptools/command/build_ext.py", line 84, in run
2022-12-27T02:31:05.5640550Z       _build_ext.run(self)
2022-12-27T02:31:05.5640940Z     File "/private/var/folders/51/hd414ycd67n82196sw51xqtc0000gn/T/cibw-run-660jl4aa/cp38-macosx_arm64/build/venv/lib/python3.8/site-packages/setuptools/_distutils/command/build_ext.py", line 346, in run
2022-12-27T02:31:05.5641190Z       self.build_extensions()
2022-12-27T02:31:05.5641530Z     File "/Users/runner/actions-runner/_work/python.build/python.build/build_grpcio114238/grpcio-1.14.2/src/python/grpcio/commands.py", line 278, in build_extensions
2022-12-27T02:31:05.5641760Z       raise Exception("make command failed!")
2022-12-27T02:31:05.5641920Z   Exception: make command failed!
2022-12-27T02:31:05.5735590Z   error: subprocess-exited-with-error
2022-12-27T02:31:05.5735870Z   
2022-12-27T02:31:05.5736380Z   × python setup.py bdist_wheel did not run successfully.
2022-12-27T02:31:05.5736760Z   │ exit code: 1
2022-12-27T02:31:05.5737070Z   ╰─> See above for output.
2022-12-27T02:31:05.5737300Z   
2022-12-27T02:31:05.5738070Z   note: This error originates from a subprocess, and is likely not a problem with pip.
2022-12-27T02:31:05.5745410Z   full command: /private/var/folders/51/hd414ycd67n82196sw51xqtc0000gn/T/cibw-run-660jl4aa/cp38-macosx_arm64/build/venv/bin/python -u -c '
2022-12-27T02:31:05.5745800Z   exec(compile('"'"''"'"''"'"'
2022-12-27T02:31:05.5746120Z   # This is <pip-setuptools-caller> -- a caller that pip uses to run setup.py
2022-12-27T02:31:05.5746410Z   #
2022-12-27T02:31:05.5746830Z   # - It imports setuptools before invoking setup.py, to enable projects that directly
2022-12-27T02:31:05.5747170Z   #   import from `distutils.core` to work with newer packaging standards.
2022-12-27T02:31:05.5747570Z   # - It provides a clear error message when setuptools is not installed.
2022-12-27T02:31:05.5748290Z   # - It sets `sys.argv[0]` to the underlying `setup.py`, when invoking `setup.py` so
2022-12-27T02:31:05.5749030Z   #   setuptools doesn'"'"'t think the script is `-c`. This avoids the following warning:
2022-12-27T02:31:05.5749340Z   #     manifest_maker: standard file '"'"'-c'"'"' not found".
2022-12-27T02:31:05.5749660Z   # - It generates a shim setup.py, for handling setup.cfg-only projects.
2022-12-27T02:31:05.5749860Z   import os, sys, tokenize
2022-12-27T02:31:05.5750010Z   
2022-12-27T02:31:05.5750130Z   try:
2022-12-27T02:31:05.5750270Z       import setuptools
2022-12-27T02:31:05.5750440Z   except ImportError as error:
2022-12-27T02:31:05.5750590Z       print(
2022-12-27T02:31:05.5750860Z   Building wheel for grpcio (setup.py): finished with status 'error'
2022-12-27T02:31:05.5752870Z           "ERROR: Can not execute `setup.py` since setuptools is not available in "
2022-12-27T02:31:05.5753150Z           "the build environment.",
2022-12-27T02:31:05.5753390Z           file=sys.stderr,
2022-12-27T02:31:05.5753560Z       )
2022-12-27T02:31:05.5753710Z       sys.exit(1)
2022-12-27T02:31:05.5753860Z   
2022-12-27T02:31:05.5754000Z   __file__ = %r
2022-12-27T02:31:05.5754160Z   sys.argv[0] = __file__
2022-12-27T02:31:05.5754310Z   
2022-12-27T02:31:05.5754470Z   if os.path.exists(__file__):
2022-12-27T02:31:05.5754650Z       filename = __file__
2022-12-27T02:31:05.5754830Z       with tokenize.open(__file__) as f:
2022-12-27T02:31:05.5755020Z           setup_py_code = f.read()
2022-12-27T02:31:05.5755180Z   else:
2022-12-27T02:31:05.5755490Z       filename = "<auto-generated setuptools caller>"
2022-12-27T02:31:05.5755730Z       setup_py_code = "from setuptools import setup; setup()"
2022-12-27T02:31:05.5755920Z   
2022-12-27T02:31:05.5756100Z   exec(compile(setup_py_code, filename, "exec"))
2022-12-27T02:31:05.5756760Z   '"'"''"'"''"'"' % ('"'"'/Users/runner/actions-runner/_work/python.build/python.build/build_grpcio114238/grpcio-1.14.2/setup.py'"'"',), "<pip-setuptools-caller>", "exec"))' bdist_wheel -d /private/var/folders/51/hd414ycd67n82196sw51xqtc0000gn/T/pip-wheel-d06ia6z5
2022-12-27T02:31:05.5757390Z   cwd: /Users/runner/actions-runner/_work/python.build/python.build/build_grpcio114238/grpcio-1.14.2/
2022-12-27T02:31:05.5757810Z   ERROR: Failed building wheel for grpcio
2022-12-27T02:31:05.5758100Z   Running command python setup.py clean
2022-12-27T02:31:05.5758310Z   Running setup.py clean for grpcio
2022-12-27T02:31:05.8757270Z   This package needs to generate C files with Cython but it cannot. Poisoning extension sources to disallow extension commands...running clean
2022-12-27T02:31:05.8772600Z   removing 'python_build/lib.macosx-11.0-arm64-cpython-38' (and everything under it)
2022-12-27T02:31:05.8817330Z   'python_build/bdist.macosx-11.0-arm64' does not exist -- can't clean it
2022-12-27T02:31:05.8819030Z   'python_build/scripts-3.8' does not exist -- can't clean it
2022-12-27T02:31:05.8820980Z   removing 'python_build'
2022-12-27T02:31:05.9064710Z Failed to build grpcio
2022-12-27T02:31:05.9068840Z ERROR: Failed to build one or more wheels
2022-12-27T02:31:05.9078810Z Exception information:
2022-12-27T02:31:05.9079020Z Traceback (most recent call last):
2022-12-27T02:31:05.9079870Z   File "/private/var/folders/51/hd414ycd67n82196sw51xqtc0000gn/T/cibw-run-660jl4aa/cp38-macosx_arm64/build/venv/lib/python3.8/site-packages/pip/_internal/cli/base_command.py", line 160, in exc_logging_wrapper
2022-12-27T02:31:05.9080220Z     status = run_func(*args)
2022-12-27T02:31:05.9080730Z   File "/private/var/folders/51/hd414ycd67n82196sw51xqtc0000gn/T/cibw-run-660jl4aa/cp38-macosx_arm64/build/venv/lib/python3.8/site-packages/pip/_internal/cli/req_command.py", line 247, in wrapper
2022-12-27T02:31:05.9081060Z     return func(self, options, args)
2022-12-27T02:31:05.9081650Z   File "/private/var/folders/51/hd414ycd67n82196sw51xqtc0000gn/T/cibw-run-660jl4aa/cp38-macosx_arm64/build/venv/lib/python3.8/site-packages/pip/_internal/commands/wheel.py", line 201, in run
2022-12-27T02:31:05.9082040Z     raise CommandError("Failed to build one or more wheels")
2022-12-27T02:31:05.9082580Z pip._internal.exceptions.CommandError: Failed to build one or more wheels
2022-12-27T02:31:05.9083020Z Removed build tracker: '/private/var/folders/51/hd414ycd67n82196sw51xqtc0000gn/T/pip-build-tracker-q6g8rsqx'
2022-12-27T02:31:05.9465370Z ##[endgroup]
2022-12-27T02:31:05.9465790Z                                                               [31m✕ [0m5.37s
2022-12-27T02:31:05.9955540Z ##[error]Command ['python', '-m', 'pip', 'wheel', '/Users/runner/actions-runner/_work/python.build/python.build/build_grpcio114238/grpcio-1.14.2', '--wheel-dir=/private/var/folders/51/hd414ycd67n82196sw51xqtc0000gn/T/cibw-run-660jl4aa/cp38-macosx_arm64/built_wheel', '--no-deps', '-vvv'] failed with code 1. None
2022-12-27T02:31:05.9961330Z 
2022-12-27T02:31:06.0071690Z ##[error]Process completed with exit code 1.
2022-12-27T02:31:06.0101780Z ##[group]Run rm -rf build_grpcio114238 wheelsout
2022-12-27T02:31:06.0101970Z [36;1mrm -rf build_grpcio114238 wheelsout[0m
2022-12-27T02:31:06.0116620Z shell: /bin/bash -e {0}
2022-12-27T02:31:06.0116740Z env:
2022-12-27T02:31:06.0116890Z   pythonLocation: /Users/runner/hostedtoolcache/Python/3.8.15/x64
2022-12-27T02:31:06.0117090Z   PKG_CONFIG_PATH: /Users/runner/hostedtoolcache/Python/3.8.15/x64/lib/pkgconfig
2022-12-27T02:31:06.0117260Z   Python_ROOT_DIR: /Users/runner/hostedtoolcache/Python/3.8.15/x64
2022-12-27T02:31:06.0117430Z   Python2_ROOT_DIR: /Users/runner/hostedtoolcache/Python/3.8.15/x64
2022-12-27T02:31:06.0117600Z   Python3_ROOT_DIR: /Users/runner/hostedtoolcache/Python/3.8.15/x64
2022-12-27T02:31:06.0117730Z ##[endgroup]
2022-12-27T02:31:06.1429730Z Cleaning up orphan processes
