2022-12-27T01:50:49.8885886Z Requested labels: self-hosted, macOS, X64
2022-12-27T01:50:49.8885965Z Job defined at: kilnbuild/python.build/.github/workflows/mac_arm_build.yml@refs/heads/main
2022-12-27T01:50:49.8885998Z Waiting for a runner to pick up this job...
2022-12-27T01:50:51.5483115Z Job is about to start running on the runner: kr1 (organization)
2022-12-27T01:50:57.7042230Z Current runner version: '2.300.2'
2022-12-27T01:50:57.7050150Z Runner name: 'kr1'
2022-12-27T01:50:57.7050560Z Runner group name: 'Default'
2022-12-27T01:50:57.7051360Z Machine name: 'kr1'
2022-12-27T01:50:57.7054140Z ##[group]GITHUB_TOKEN Permissions
2022-12-27T01:50:57.7054730Z Actions: write
2022-12-27T01:50:57.7054990Z Checks: write
2022-12-27T01:50:57.7055240Z Contents: write
2022-12-27T01:50:57.7055520Z Deployments: write
2022-12-27T01:50:57.7055800Z Discussions: write
2022-12-27T01:50:57.7056070Z Issues: write
2022-12-27T01:50:57.7056310Z Metadata: read
2022-12-27T01:50:57.7056580Z Packages: write
2022-12-27T01:50:57.7056850Z Pages: write
2022-12-27T01:50:57.7057110Z PullRequests: write
2022-12-27T01:50:57.7057420Z RepositoryProjects: write
2022-12-27T01:50:57.7057730Z SecurityEvents: write
2022-12-27T01:50:57.7058000Z Statuses: write
2022-12-27T01:50:57.7058260Z ##[endgroup]
2022-12-27T01:50:57.7062670Z Secret source: Actions
2022-12-27T01:50:57.7063240Z Prepare workflow directory
2022-12-27T01:50:57.8314660Z Prepare all required actions
2022-12-27T01:50:57.8527430Z Getting action download info
2022-12-27T01:50:58.2939790Z Download action repository 'actions/setup-python@v4' (SHA:5ccb29d8773c3f3f653e1705f474dfaa8a06a912)
2022-12-27T01:50:59.8498770Z Download action repository 'actions/upload-artifact@v3' (SHA:83fd05a356d7e2593de66fc9913b3002723633cb)
2022-12-27T01:51:01.2641890Z ##[group]Run echo '{
2022-12-27T01:51:01.2642430Z [36;1mecho '{[0m
2022-12-27T01:51:01.2642880Z [36;1m  "environment_variables": "GRPC_PYTHON_BUILD_WITH_CYTHON=1 GRPC_BUILD_WITH_BORING_SSL_ASM='' GRPC_PYTHON_BUILD_SYSTEM_OPENSSL=TRUE",[0m
2022-12-27T01:51:01.2643220Z [36;1m  "package_name": "grpcio",[0m
2022-12-27T01:51:01.2643700Z [36;1m  "package_url": "https://files.pythonhosted.org/packages/cf/55/4ca745906236b81ec2b6d16739acffcac99a2f1abf095a4e039929b3f9c6/grpcio-0.4.0a13.tar.gz",[0m
2022-12-27T01:51:01.2644060Z [36;1m  "package_version": "0.4.0a13",[0m
2022-12-27T01:51:01.2644270Z [36;1m  "python_version": "3.11",[0m
2022-12-27T01:51:01.2644480Z [36;1m  "use_ccache": "true"[0m
2022-12-27T01:51:01.2644650Z [36;1m}'[0m
2022-12-27T01:51:01.2672690Z shell: /bin/bash -e {0}
2022-12-27T01:51:01.2672970Z ##[endgroup]
2022-12-27T01:51:01.3039070Z {
2022-12-27T01:51:01.3042410Z   "environment_variables": "GRPC_PYTHON_BUILD_WITH_CYTHON=1 GRPC_BUILD_WITH_BORING_SSL_ASM= GRPC_PYTHON_BUILD_SYSTEM_OPENSSL=TRUE",
2022-12-27T01:51:01.3042930Z   "package_name": "grpcio",
2022-12-27T01:51:01.3044080Z   "package_url": "https://files.pythonhosted.org/packages/cf/55/4ca745906236b81ec2b6d16739acffcac99a2f1abf095a4e039929b3f9c6/grpcio-0.4.0a13.tar.gz",
2022-12-27T01:51:01.3044580Z   "package_version": "0.4.0a13",
2022-12-27T01:51:01.3044860Z   "python_version": "3.11",
2022-12-27T01:51:01.3045230Z   "use_ccache": "true"
2022-12-27T01:51:01.3045610Z }
2022-12-27T01:51:01.3419430Z ##[group]Run actions/setup-python@v4
2022-12-27T01:51:01.3419890Z with:
2022-12-27T01:51:01.3420160Z   python-version: 3.11
2022-12-27T01:51:01.3420490Z   check-latest: false
2022-12-27T01:51:01.3421180Z   token: ***
2022-12-27T01:51:01.3421700Z   update-environment: true
2022-12-27T01:51:01.3421990Z ##[endgroup]
2022-12-27T01:51:01.8222120Z ##[group]Installed versions
2022-12-27T01:51:01.8380100Z Successfully set up CPython (3.11.1)
2022-12-27T01:51:01.8381890Z ##[endgroup]
2022-12-27T01:51:01.8624740Z ##[group]Run if [ "true" == "true" ]
2022-12-27T01:51:01.8625180Z [36;1mif [ "true" == "true" ][0m
2022-12-27T01:51:01.8625520Z [36;1mthen[0m
2022-12-27T01:51:01.8626030Z [36;1m  echo "CCACHE_PATH_PREPEND=/usr/local/opt/ccache/libexec" >> $GITHUB_OUTPUT[0m
2022-12-27T01:51:01.8626570Z [36;1melse[0m
2022-12-27T01:51:01.8626980Z [36;1m  echo "CCACHE_PATH_PREPEND=" >> $GITHUB_OUTPUT[0m
2022-12-27T01:51:01.8627270Z [36;1mfi[0m
2022-12-27T01:51:01.8683590Z shell: /bin/bash -e {0}
2022-12-27T01:51:01.8684010Z env:
2022-12-27T01:51:01.8684490Z   pythonLocation: /Users/runner/hostedtoolcache/Python/3.11.1/x64
2022-12-27T01:51:01.8685080Z   PKG_CONFIG_PATH: /Users/runner/hostedtoolcache/Python/3.11.1/x64/lib/pkgconfig
2022-12-27T01:51:01.8686460Z   Python_ROOT_DIR: /Users/runner/hostedtoolcache/Python/3.11.1/x64
2022-12-27T01:51:01.8687100Z   Python2_ROOT_DIR: /Users/runner/hostedtoolcache/Python/3.11.1/x64
2022-12-27T01:51:01.8687680Z   Python3_ROOT_DIR: /Users/runner/hostedtoolcache/Python/3.11.1/x64
2022-12-27T01:51:01.8688100Z ##[endgroup]
2022-12-27T01:51:01.8967270Z ##[group]Run echo "BUILD_NAME=$(echo grpcio_0.4.0a13_3.11 | tr -dc '[:alnum:]\n\r' | tr '[:upper:]' '[:lower:]')" >> $GITHUB_OUTPUT
2022-12-27T01:51:01.8967920Z [36;1mecho "BUILD_NAME=$(echo grpcio_0.4.0a13_3.11 | tr -dc '[:alnum:]\n\r' | tr '[:upper:]' '[:lower:]')" >> $GITHUB_OUTPUT[0m
2022-12-27T01:51:01.8997690Z shell: /bin/bash -e {0}
2022-12-27T01:51:01.8997920Z env:
2022-12-27T01:51:01.8998160Z   pythonLocation: /Users/runner/hostedtoolcache/Python/3.11.1/x64
2022-12-27T01:51:01.8998540Z   PKG_CONFIG_PATH: /Users/runner/hostedtoolcache/Python/3.11.1/x64/lib/pkgconfig
2022-12-27T01:51:01.8999340Z   Python_ROOT_DIR: /Users/runner/hostedtoolcache/Python/3.11.1/x64
2022-12-27T01:51:01.8999870Z   Python2_ROOT_DIR: /Users/runner/hostedtoolcache/Python/3.11.1/x64
2022-12-27T01:51:01.9000500Z   Python3_ROOT_DIR: /Users/runner/hostedtoolcache/Python/3.11.1/x64
2022-12-27T01:51:01.9000990Z ##[endgroup]
2022-12-27T01:51:01.9273410Z ##[group]Run echo "PYTHON_NO_DOTS=$(echo 3.11 | tr -dc '[:alnum:]\n\r' | tr '[:upper:]' '[:lower:]')" >> $GITHUB_OUTPUT
2022-12-27T01:51:01.9274030Z [36;1mecho "PYTHON_NO_DOTS=$(echo 3.11 | tr -dc '[:alnum:]\n\r' | tr '[:upper:]' '[:lower:]')" >> $GITHUB_OUTPUT[0m
2022-12-27T01:51:01.9303740Z shell: /bin/bash -e {0}
2022-12-27T01:51:01.9304090Z env:
2022-12-27T01:51:01.9304490Z   pythonLocation: /Users/runner/hostedtoolcache/Python/3.11.1/x64
2022-12-27T01:51:01.9305640Z   PKG_CONFIG_PATH: /Users/runner/hostedtoolcache/Python/3.11.1/x64/lib/pkgconfig
2022-12-27T01:51:01.9306240Z   Python_ROOT_DIR: /Users/runner/hostedtoolcache/Python/3.11.1/x64
2022-12-27T01:51:01.9306840Z   Python2_ROOT_DIR: /Users/runner/hostedtoolcache/Python/3.11.1/x64
2022-12-27T01:51:01.9307540Z   Python3_ROOT_DIR: /Users/runner/hostedtoolcache/Python/3.11.1/x64
2022-12-27T01:51:01.9307930Z ##[endgroup]
2022-12-27T01:51:01.9530290Z ##[group]Run rm -rf build_grpcio040a13311
2022-12-27T01:51:01.9531090Z [36;1mrm -rf build_grpcio040a13311[0m
2022-12-27T01:51:01.9531400Z [36;1mmkdir build_grpcio040a13311[0m
2022-12-27T01:51:01.9531760Z [36;1mcd build_grpcio040a13311[0m
2022-12-27T01:51:01.9532450Z [36;1m/usr/local/bin/wget --quiet https://files.pythonhosted.org/packages/cf/55/4ca745906236b81ec2b6d16739acffcac99a2f1abf095a4e039929b3f9c6/grpcio-0.4.0a13.tar.gz[0m
2022-12-27T01:51:01.9533000Z [36;1mtar xf *.tar.gz[0m
2022-12-27T01:51:01.9533400Z [36;1mcd grpcio-*/[0m
2022-12-27T01:51:01.9533770Z [36;1mpython -m pip install cibuildwheel==2.11.3[0m
2022-12-27T01:51:01.9534190Z [36;1mpython -m cibuildwheel --output-dir ../wheelsout[0m
2022-12-27T01:51:01.9566410Z shell: /bin/bash -e {0}
2022-12-27T01:51:01.9566790Z env:
2022-12-27T01:51:01.9567160Z   pythonLocation: /Users/runner/hostedtoolcache/Python/3.11.1/x64
2022-12-27T01:51:01.9567760Z   PKG_CONFIG_PATH: /Users/runner/hostedtoolcache/Python/3.11.1/x64/lib/pkgconfig
2022-12-27T01:51:01.9568160Z   Python_ROOT_DIR: /Users/runner/hostedtoolcache/Python/3.11.1/x64
2022-12-27T01:51:01.9568590Z   Python2_ROOT_DIR: /Users/runner/hostedtoolcache/Python/3.11.1/x64
2022-12-27T01:51:01.9569010Z   Python3_ROOT_DIR: /Users/runner/hostedtoolcache/Python/3.11.1/x64
2022-12-27T01:51:01.9569380Z   CIBW_ARCHS_MACOS: arm64
2022-12-27T01:51:01.9569810Z   CIBW_TEST_SKIP: *_arm64
2022-12-27T01:51:01.9570150Z   CIBW_BUILD: cp311-macosx_arm64
2022-12-27T01:51:01.9570530Z   CIBW_BUILD_FRONTEND: pip
2022-12-27T01:51:01.9570920Z   CIBW_BUILD_VERBOSITY: 3
2022-12-27T01:51:01.9571730Z   CIBW_ENVIRONMENT_MACOS: GRPC_PYTHON_BUILD_WITH_CYTHON=1 GRPC_BUILD_WITH_BORING_SSL_ASM='' GRPC_PYTHON_BUILD_SYSTEM_OPENSSL=TRUE CFLAGS="-I/usr/local/opt/openssl@3/include" LDFLAGS="-L/usr/local/opt/openssl@3/lib" CPPFLAGS="-I/usr/local/opt/openssl@3/include" MAKEFLAGS="-j$(sysctl -n hw.logicalcpu)" PATH=/usr/local/opt/ccache/libexec:$PATH
2022-12-27T01:51:01.9572980Z   CIBW_BEFORE_BUILD: pip install Cython; if [[ -f requirements.txt ]]; then pip install -r requirements.txt; fi
2022-12-27T01:51:01.9573450Z   MAKEFLAGS: -j$(sysctl -n hw.logicalcpu)
2022-12-27T01:51:01.9573740Z ##[endgroup]
2022-12-27T01:51:03.1315770Z Requirement already satisfied: cibuildwheel==2.11.3 in /Library/Frameworks/Python.framework/Versions/3.11/lib/python3.11/site-packages (2.11.3)
2022-12-27T01:51:03.1886630Z Requirement already satisfied: bashlex!=0.13 in /Library/Frameworks/Python.framework/Versions/3.11/lib/python3.11/site-packages (from cibuildwheel==2.11.3) (0.16)
2022-12-27T01:51:03.1894570Z Requirement already satisfied: bracex in /Library/Frameworks/Python.framework/Versions/3.11/lib/python3.11/site-packages (from cibuildwheel==2.11.3) (2.3.post1)
2022-12-27T01:51:03.1903730Z Requirement already satisfied: certifi in /Library/Frameworks/Python.framework/Versions/3.11/lib/python3.11/site-packages (from cibuildwheel==2.11.3) (2022.12.7)
2022-12-27T01:51:03.1912800Z Requirement already satisfied: filelock in /Library/Frameworks/Python.framework/Versions/3.11/lib/python3.11/site-packages (from cibuildwheel==2.11.3) (3.8.2)
2022-12-27T01:51:03.1929990Z Requirement already satisfied: packaging>=20.9 in /Library/Frameworks/Python.framework/Versions/3.11/lib/python3.11/site-packages (from cibuildwheel==2.11.3) (22.0)
2022-12-27T01:51:03.1941090Z Requirement already satisfied: platformdirs in /Library/Frameworks/Python.framework/Versions/3.11/lib/python3.11/site-packages (from cibuildwheel==2.11.3) (2.6.0)
2022-12-27T01:51:03.5967520Z 
2022-12-27T01:51:03.5967970Z      _ _       _ _   _       _           _
2022-12-27T01:51:03.5968350Z  ___|_| |_ _ _|_| |_| |_ _ _| |_ ___ ___| |
2022-12-27T01:51:03.5970010Z |  _| | . | | | | | . | | | |   | -_| -_| |
2022-12-27T01:51:03.5971120Z |___|_|___|___|_|_|___|_____|_|_|___|___|_|
2022-12-27T01:51:03.5971330Z 
2022-12-27T01:51:03.5971550Z cibuildwheel version 2.11.3
2022-12-27T01:51:03.5971750Z 
2022-12-27T01:51:03.5971900Z Build options:
2022-12-27T01:51:03.5973730Z   platform: macos
2022-12-27T01:51:03.6051650Z   architectures: arm64[0m
2022-12-27T01:51:03.6052610Z   build_selector: 
2022-12-27T01:51:03.6053420Z     build_config: cp311-macosx_arm64
2022-12-27T01:51:03.6054580Z     skip_config: 
2022-12-27T01:51:03.6054920Z     requires_python: None
2022-12-27T01:51:03.6055530Z     prerelease_pythons: False[0m
2022-12-27T01:51:03.6056220Z   [38;5;244mcontainer_engine: docker[0m
2022-12-27T01:51:03.6057020Z   output_dir: /Users/runner/actions-runner/_work/python.build/python.build/build_grpcio040a13311/wheelsout[0m
2022-12-27T01:51:03.6058540Z   package_dir: /Users/runner/actions-runner/_work/python.build/python.build/build_grpcio040a13311/grpcio-0.4.0a13[0m
2022-12-27T01:51:03.6059220Z   test_selector: 
2022-12-27T01:51:03.6059720Z     skip_config: *_arm64[0m
2022-12-27T01:51:03.6060150Z   [38;5;244mbefore_all: [0m
2022-12-27T01:51:03.6060960Z   before_build: pip install Cython; if [[ -f requirements.txt ]]; then pip install -r requirements.txt; fi[0m
2022-12-27T01:51:03.6061750Z   [38;5;244mbefore_test: [0m
2022-12-27T01:51:03.6062160Z   [38;5;244mbuild_frontend: pip[0m
2022-12-27T01:51:03.6062630Z   build_verbosity: 3[0m
2022-12-27T01:51:03.6063110Z   [38;5;244mconfig_settings: [0m
2022-12-27T01:51:03.6063560Z   [38;5;244mdependency_constraints: pinned[0m
2022-12-27T01:51:03.6064140Z   environment: 
2022-12-27T01:51:03.6064530Z     GRPC_PYTHON_BUILD_WITH_CYTHON=1
2022-12-27T01:51:03.6064950Z     GRPC_BUILD_WITH_BORING_SSL_ASM=''
2022-12-27T01:51:03.6065380Z     GRPC_PYTHON_BUILD_SYSTEM_OPENSSL=TRUE
2022-12-27T01:51:03.6066290Z     CFLAGS="-I/usr/local/opt/openssl@3/include"
2022-12-27T01:51:03.6066800Z     LDFLAGS="-L/usr/local/opt/openssl@3/lib"
2022-12-27T01:51:03.6067350Z     CPPFLAGS="-I/usr/local/opt/openssl@3/include"
2022-12-27T01:51:03.6067890Z     MAKEFLAGS="-j$(sysctl -n hw.logicalcpu)"
2022-12-27T01:51:03.6069150Z     PATH=/usr/local/opt/ccache/libexec:$PATH[0m
2022-12-27T01:51:03.6070020Z   [38;5;244mmanylinux_images: None[0m
2022-12-27T01:51:03.6070550Z   [38;5;244mmusllinux_images: None[0m
2022-12-27T01:51:03.6071220Z   [38;5;244mrepair_command: delocate-wheel --require-archs {delocate_archs} -w {dest_dir} -v {wheel}[0m
2022-12-27T01:51:03.6071750Z   [38;5;244mtest_command: [0m
2022-12-27T01:51:03.6072210Z   [38;5;244mtest_extras: [0m
2022-12-27T01:51:03.6072820Z   [38;5;244mtest_requires: [0m
2022-12-27T01:51:03.6073130Z 
2022-12-27T01:51:03.6073280Z Cache folder: /Users/runner/Library/Caches/cibuildwheel
2022-12-27T01:51:03.6078880Z 
2022-12-27T01:51:03.6079460Z Here we go!
2022-12-27T01:51:03.6079700Z 
2022-12-27T01:51:03.6165780Z 
2022-12-27T01:51:03.6166800Z [1m[34mBuilding cp311-macosx_arm64 wheel[0m
2022-12-27T01:51:03.6167280Z CPython 3.11 macOS arm64 - Apple Silicon
2022-12-27T01:51:03.6168280Z 
2022-12-27T01:51:03.6170180Z ##[group]Installing Python cp311...
2022-12-27T01:51:03.6170460Z 
2022-12-27T01:51:03.6171800Z + pkgutil --pkgs
2022-12-27T01:51:03.6577960Z ##[endgroup]
2022-12-27T01:51:03.6579830Z                                                               [32mâœ“ [0m0.04s
2022-12-27T01:51:03.6580560Z ##[group]Setting up build environment...
2022-12-27T01:51:03.6580780Z 
2022-12-27T01:51:03.6615570Z + /Library/Frameworks/Python.framework/Versions/3.11/bin/python -sS /Users/runner/Library/Caches/cibuildwheel/virtualenv-20.17.0.pyz --activators= --no-periodic-update --pip=22.3.1 --setuptools=65.6.3 --wheel=0.38.4 --symlink-app-data --python /Library/Frameworks/Python.framework/Versions/3.11/bin/python3 /private/var/folders/51/hd414ycd67n82196sw51xqtc0000gn/T/cibw-run-lcqotgtd/cp311-macosx_arm64/build/venv
2022-12-27T01:51:03.9938990Z created virtual environment CPython3.11.1.final.0-64 in 85ms
2022-12-27T01:51:03.9940050Z   creator CPython3Posix(dest=/private/var/folders/51/hd414ycd67n82196sw51xqtc0000gn/T/cibw-run-lcqotgtd/cp311-macosx_arm64/build/venv, clear=False, no_vcs_ignore=False, global=False)
2022-12-27T01:51:03.9941240Z   seeder FromAppData(download=False, pip=22.3.1, setuptools=65.6.3, wheel=0.38.4, via=symlink, app_data_dir=/Users/runner/Library/Application Support/virtualenv)
2022-12-27T01:51:03.9941770Z     added seed packages: pip==22.3.1, setuptools==65.6.3, wheel==0.38.4
2022-12-27T01:51:04.0187770Z + python -m pip install --upgrade pip -c /Library/Frameworks/Python.framework/Versions/3.11/lib/python3.11/site-packages/cibuildwheel/resources/constraints-python311.txt
2022-12-27T01:51:04.5629650Z Requirement already satisfied: pip in ./lib/python3.11/site-packages (22.3.1)
2022-12-27T01:51:04.8192280Z + which pip
2022-12-27T01:51:04.8259150Z /private/var/folders/51/hd414ycd67n82196sw51xqtc0000gn/T/cibw-run-lcqotgtd/cp311-macosx_arm64/build/venv/bin/pip
2022-12-27T01:51:04.8261180Z + pip --version
2022-12-27T01:51:05.1247010Z pip 22.3.1 from /private/var/folders/51/hd414ycd67n82196sw51xqtc0000gn/T/cibw-run-lcqotgtd/cp311-macosx_arm64/build/venv/lib/python3.11/site-packages/pip (python 3.11)
2022-12-27T01:51:05.1703070Z + which pip
2022-12-27T01:51:05.1743980Z + which python
2022-12-27T01:51:05.1789790Z /private/var/folders/51/hd414ycd67n82196sw51xqtc0000gn/T/cibw-run-lcqotgtd/cp311-macosx_arm64/build/venv/bin/python
2022-12-27T01:51:05.1792980Z + python --version
2022-12-27T01:51:05.1884060Z Python 3.11.1
2022-12-27T01:51:05.1887890Z + which python
2022-12-27T01:51:05.1973520Z ##[endgroup]
2022-12-27T01:51:05.1974310Z                                                               [32mâœ“ [0m1.54s
2022-12-27T01:51:05.1975000Z ##[group]Installing build tools...
2022-12-27T01:51:05.1975450Z 
2022-12-27T01:51:05.1976070Z + pip install --upgrade setuptools wheel delocate -c /Library/Frameworks/Python.framework/Versions/3.11/lib/python3.11/site-packages/cibuildwheel/resources/constraints-python311.txt
2022-12-27T01:51:05.6094890Z Requirement already satisfied: setuptools in /private/var/folders/51/hd414ycd67n82196sw51xqtc0000gn/T/cibw-run-lcqotgtd/cp311-macosx_arm64/build/venv/lib/python3.11/site-packages (65.6.3)
2022-12-27T01:51:06.1243640Z Requirement already satisfied: wheel in /private/var/folders/51/hd414ycd67n82196sw51xqtc0000gn/T/cibw-run-lcqotgtd/cp311-macosx_arm64/build/venv/lib/python3.11/site-packages (0.38.4)
2022-12-27T01:51:06.1866920Z Collecting delocate
2022-12-27T01:51:06.1912450Z   Using cached delocate-0.10.3-py3-none-any.whl (142 kB)
2022-12-27T01:51:06.2323410Z Collecting packaging>=20.9
2022-12-27T01:51:06.2363820Z   Using cached packaging-21.3-py3-none-any.whl (40 kB)
2022-12-27T01:51:06.2610630Z Collecting typing-extensions
2022-12-27T01:51:06.2650670Z   Using cached typing_extensions-4.4.0-py3-none-any.whl (26 kB)
2022-12-27T01:51:06.3112630Z Collecting pyparsing!=3.0.5,>=2.0.2
2022-12-27T01:51:06.3149070Z   Using cached pyparsing-3.0.9-py3-none-any.whl (98 kB)
2022-12-27T01:51:06.4033870Z Installing collected packages: typing-extensions, pyparsing, packaging, delocate
2022-12-27T01:51:06.6098180Z Successfully installed delocate-0.10.3 packaging-21.3 pyparsing-3.0.9 typing-extensions-4.4.0
2022-12-27T01:51:06.7052600Z ##[endgroup]
2022-12-27T01:51:06.7053890Z                                                               [32mâœ“ [0m1.51s
2022-12-27T01:51:06.7054920Z ##[group]Running before_build...
2022-12-27T01:51:06.7055320Z 
2022-12-27T01:51:06.7058960Z + pip install Cython; if [[ -f requirements.txt ]]; then pip install -r requirements.txt; fi
2022-12-27T01:51:07.5697290Z Collecting Cython
2022-12-27T01:51:07.5773080Z   Using cached Cython-0.29.32-py2.py3-none-any.whl (986 kB)
2022-12-27T01:51:07.6405180Z Installing collected packages: Cython
2022-12-27T01:51:08.3302270Z Successfully installed Cython-0.29.32
2022-12-27T01:51:08.4219240Z ##[endgroup]
2022-12-27T01:51:08.4220050Z                                                               [32mâœ“ [0m1.72s
2022-12-27T01:51:08.4220730Z ##[group]Building wheel...
2022-12-27T01:51:08.4220950Z 
2022-12-27T01:51:08.4227290Z + python -m pip wheel /Users/runner/actions-runner/_work/python.build/python.build/build_grpcio040a13311/grpcio-0.4.0a13 --wheel-dir=/private/var/folders/51/hd414ycd67n82196sw51xqtc0000gn/T/cibw-run-lcqotgtd/cp311-macosx_arm64/built_wheel --no-deps -vvv
2022-12-27T01:51:08.7962700Z Created temporary directory: /private/var/folders/51/hd414ycd67n82196sw51xqtc0000gn/T/pip-ephem-wheel-cache-9bgp86bo
2022-12-27T01:51:08.7966840Z Created temporary directory: /private/var/folders/51/hd414ycd67n82196sw51xqtc0000gn/T/pip-build-tracker-wpdvwgs8
2022-12-27T01:51:08.7968660Z Initialized build tracking at /private/var/folders/51/hd414ycd67n82196sw51xqtc0000gn/T/pip-build-tracker-wpdvwgs8
2022-12-27T01:51:08.7969890Z Created build tracker: /private/var/folders/51/hd414ycd67n82196sw51xqtc0000gn/T/pip-build-tracker-wpdvwgs8
2022-12-27T01:51:08.7972620Z Entered build tracker: /private/var/folders/51/hd414ycd67n82196sw51xqtc0000gn/T/pip-build-tracker-wpdvwgs8
2022-12-27T01:51:08.7976780Z Created temporary directory: /private/var/folders/51/hd414ycd67n82196sw51xqtc0000gn/T/pip-wheel-6a7v_obg
2022-12-27T01:51:08.7984480Z Created temporary directory: /private/var/folders/51/hd414ycd67n82196sw51xqtc0000gn/T/pip-ephem-wheel-cache-g4axsjr7
2022-12-27T01:51:08.8104040Z Processing /Users/runner/actions-runner/_work/python.build/python.build/build_grpcio040a13311/grpcio-0.4.0a13
2022-12-27T01:51:08.8111020Z   Added file:///Users/runner/actions-runner/_work/python.build/python.build/build_grpcio040a13311/grpcio-0.4.0a13 to build tracker '/private/var/folders/51/hd414ycd67n82196sw51xqtc0000gn/T/pip-build-tracker-wpdvwgs8'
2022-12-27T01:51:08.8116620Z   Running setup.py (path:/Users/runner/actions-runner/_work/python.build/python.build/build_grpcio040a13311/grpcio-0.4.0a13/setup.py) egg_info for package from file:///Users/runner/actions-runner/_work/python.build/python.build/build_grpcio040a13311/grpcio-0.4.0a13
2022-12-27T01:51:08.8120850Z   Created temporary directory: /private/var/folders/51/hd414ycd67n82196sw51xqtc0000gn/T/pip-pip-egg-info-0pyxuyjv
2022-12-27T01:51:08.8122860Z   Preparing metadata (setup.py): started
2022-12-27T01:51:08.8126720Z   Running command python setup.py egg_info
2022-12-27T01:51:09.0857690Z   running egg_info
2022-12-27T01:51:09.0859670Z   creating /private/var/folders/51/hd414ycd67n82196sw51xqtc0000gn/T/pip-pip-egg-info-0pyxuyjv/grpcio.egg-info
2022-12-27T01:51:09.0868920Z   writing /private/var/folders/51/hd414ycd67n82196sw51xqtc0000gn/T/pip-pip-egg-info-0pyxuyjv/grpcio.egg-info/PKG-INFO
2022-12-27T01:51:09.0875480Z   writing dependency_links to /private/var/folders/51/hd414ycd67n82196sw51xqtc0000gn/T/pip-pip-egg-info-0pyxuyjv/grpcio.egg-info/dependency_links.txt
2022-12-27T01:51:09.0879000Z   writing requirements to /private/var/folders/51/hd414ycd67n82196sw51xqtc0000gn/T/pip-pip-egg-info-0pyxuyjv/grpcio.egg-info/requires.txt
2022-12-27T01:51:09.0880830Z   writing top-level names to /private/var/folders/51/hd414ycd67n82196sw51xqtc0000gn/T/pip-pip-egg-info-0pyxuyjv/grpcio.egg-info/top_level.txt
2022-12-27T01:51:09.0882810Z   writing manifest file '/private/var/folders/51/hd414ycd67n82196sw51xqtc0000gn/T/pip-pip-egg-info-0pyxuyjv/grpcio.egg-info/SOURCES.txt'
2022-12-27T01:51:09.2238270Z   reading manifest file '/private/var/folders/51/hd414ycd67n82196sw51xqtc0000gn/T/pip-pip-egg-info-0pyxuyjv/grpcio.egg-info/SOURCES.txt'
2022-12-27T01:51:09.2239850Z   reading manifest template 'MANIFEST.in'
2022-12-27T01:51:09.2285290Z   writing manifest file '/private/var/folders/51/hd414ycd67n82196sw51xqtc0000gn/T/pip-pip-egg-info-0pyxuyjv/grpcio.egg-info/SOURCES.txt'
2022-12-27T01:51:09.2705520Z   Preparing metadata (setup.py): finished with status 'done'
2022-12-27T01:51:09.2736120Z   Source in /Users/runner/actions-runner/_work/python.build/python.build/build_grpcio040a13311/grpcio-0.4.0a13 has version 0.4.0a13, which satisfies requirement grpcio==0.4.0a13 from file:///Users/runner/actions-runner/_work/python.build/python.build/build_grpcio040a13311/grpcio-0.4.0a13
2022-12-27T01:51:09.2739300Z   Removed grpcio==0.4.0a13 from file:///Users/runner/actions-runner/_work/python.build/python.build/build_grpcio040a13311/grpcio-0.4.0a13 from build tracker '/private/var/folders/51/hd414ycd67n82196sw51xqtc0000gn/T/pip-build-tracker-wpdvwgs8'
2022-12-27T01:51:09.2763270Z Created temporary directory: /private/var/folders/51/hd414ycd67n82196sw51xqtc0000gn/T/pip-unpack-nkrm9p01
2022-12-27T01:51:09.2764280Z Building wheels for collected packages: grpcio
2022-12-27T01:51:09.2771600Z   Created temporary directory: /private/var/folders/51/hd414ycd67n82196sw51xqtc0000gn/T/pip-wheel-0mg3tbkf
2022-12-27T01:51:09.2773200Z   Building wheel for grpcio (setup.py): started
2022-12-27T01:51:09.2775710Z   Destination directory: /private/var/folders/51/hd414ycd67n82196sw51xqtc0000gn/T/pip-wheel-0mg3tbkf
2022-12-27T01:51:09.2777110Z   Running command python setup.py bdist_wheel
2022-12-27T01:51:09.5377410Z   running bdist_wheel
2022-12-27T01:51:09.6617970Z   running build
2022-12-27T01:51:09.6619270Z   running build_py
2022-12-27T01:51:09.6643840Z   creating build
2022-12-27T01:51:09.6646820Z   creating build/lib.macosx-11.0-arm64-cpython-311
2022-12-27T01:51:09.6650920Z   creating build/lib.macosx-11.0-arm64-cpython-311/grpc
2022-12-27T01:51:09.6652530Z   copying grpc/__init__.py -> build/lib.macosx-11.0-arm64-cpython-311/grpc
2022-12-27T01:51:09.6659870Z   creating build/lib.macosx-11.0-arm64-cpython-311/grpc/_adapter
2022-12-27T01:51:09.6661470Z   copying grpc/_adapter/fore.py -> build/lib.macosx-11.0-arm64-cpython-311/grpc/_adapter
2022-12-27T01:51:09.6666890Z   copying grpc/_adapter/_event_invocation_synchronous_event_service_test.py -> build/lib.macosx-11.0-arm64-cpython-311/grpc/_adapter
2022-12-27T01:51:09.6671440Z   copying grpc/_adapter/_lonely_rear_link_test.py -> build/lib.macosx-11.0-arm64-cpython-311/grpc/_adapter
2022-12-27T01:51:09.6675380Z   copying grpc/_adapter/_face_test_case.py -> build/lib.macosx-11.0-arm64-cpython-311/grpc/_adapter
2022-12-27T01:51:09.6678880Z   copying grpc/_adapter/_future_invocation_asynchronous_event_service_test.py -> build/lib.macosx-11.0-arm64-cpython-311/grpc/_adapter
2022-12-27T01:51:09.6680750Z   copying grpc/_adapter/_common.py -> build/lib.macosx-11.0-arm64-cpython-311/grpc/_adapter
2022-12-27T01:51:09.6683190Z   copying grpc/_adapter/__init__.py -> build/lib.macosx-11.0-arm64-cpython-311/grpc/_adapter
2022-12-27T01:51:09.6690220Z   copying grpc/_adapter/_low.py -> build/lib.macosx-11.0-arm64-cpython-311/grpc/_adapter
2022-12-27T01:51:09.6693450Z   copying grpc/_adapter/_blocking_invocation_inline_service_test.py -> build/lib.macosx-11.0-arm64-cpython-311/grpc/_adapter
2022-12-27T01:51:09.6697530Z   copying grpc/_adapter/_test_links.py -> build/lib.macosx-11.0-arm64-cpython-311/grpc/_adapter
2022-12-27T01:51:09.6700230Z   copying grpc/_adapter/rear.py -> build/lib.macosx-11.0-arm64-cpython-311/grpc/_adapter
2022-12-27T01:51:09.6701910Z   copying grpc/_adapter/_proto_scenarios.py -> build/lib.macosx-11.0-arm64-cpython-311/grpc/_adapter
2022-12-27T01:51:09.6703840Z   copying grpc/_adapter/_low_test.py -> build/lib.macosx-11.0-arm64-cpython-311/grpc/_adapter
2022-12-27T01:51:09.6707620Z   copying grpc/_adapter/_datatypes.py -> build/lib.macosx-11.0-arm64-cpython-311/grpc/_adapter
2022-12-27T01:51:09.6714220Z   copying grpc/_adapter/_links_test.py -> build/lib.macosx-11.0-arm64-cpython-311/grpc/_adapter
2022-12-27T01:51:09.6715740Z   copying grpc/_adapter/_c_test.py -> build/lib.macosx-11.0-arm64-cpython-311/grpc/_adapter
2022-12-27T01:51:09.6722460Z   creating build/lib.macosx-11.0-arm64-cpython-311/grpc/_junkdrawer
2022-12-27T01:51:09.6726440Z   copying grpc/_junkdrawer/stock_pb2.py -> build/lib.macosx-11.0-arm64-cpython-311/grpc/_junkdrawer
2022-12-27T01:51:09.6729910Z   copying grpc/_junkdrawer/__init__.py -> build/lib.macosx-11.0-arm64-cpython-311/grpc/_junkdrawer
2022-12-27T01:51:09.6733870Z   copying grpc/_junkdrawer/math_pb2.py -> build/lib.macosx-11.0-arm64-cpython-311/grpc/_junkdrawer
2022-12-27T01:51:09.6737470Z   creating build/lib.macosx-11.0-arm64-cpython-311/grpc/early_adopter
2022-12-27T01:51:09.6741020Z   copying grpc/early_adopter/__init__.py -> build/lib.macosx-11.0-arm64-cpython-311/grpc/early_adopter
2022-12-27T01:51:09.6744950Z   copying grpc/early_adopter/implementations_test.py -> build/lib.macosx-11.0-arm64-cpython-311/grpc/early_adopter
2022-12-27T01:51:09.6748460Z   copying grpc/early_adopter/implementations.py -> build/lib.macosx-11.0-arm64-cpython-311/grpc/early_adopter
2022-12-27T01:51:09.6750110Z   creating build/lib.macosx-11.0-arm64-cpython-311/grpc/framework
2022-12-27T01:51:09.6752030Z   copying grpc/framework/__init__.py -> build/lib.macosx-11.0-arm64-cpython-311/grpc/framework
2022-12-27T01:51:09.6758890Z   creating build/lib.macosx-11.0-arm64-cpython-311/grpc/framework/alpha
2022-12-27T01:51:09.6760440Z   copying grpc/framework/alpha/interfaces.py -> build/lib.macosx-11.0-arm64-cpython-311/grpc/framework/alpha
2022-12-27T01:51:09.6765950Z   copying grpc/framework/alpha/_face_utilities.py -> build/lib.macosx-11.0-arm64-cpython-311/grpc/framework/alpha
2022-12-27T01:51:09.6767600Z   copying grpc/framework/alpha/__init__.py -> build/lib.macosx-11.0-arm64-cpython-311/grpc/framework/alpha
2022-12-27T01:51:09.6771400Z   copying grpc/framework/alpha/exceptions.py -> build/lib.macosx-11.0-arm64-cpython-311/grpc/framework/alpha
2022-12-27T01:51:09.6775590Z   copying grpc/framework/alpha/_reexport.py -> build/lib.macosx-11.0-arm64-cpython-311/grpc/framework/alpha
2022-12-27T01:51:09.6779410Z   copying grpc/framework/alpha/utilities.py -> build/lib.macosx-11.0-arm64-cpython-311/grpc/framework/alpha
2022-12-27T01:51:09.6792120Z   creating build/lib.macosx-11.0-arm64-cpython-311/grpc/framework/base
2022-12-27T01:51:09.6794810Z   copying grpc/framework/base/interfaces.py -> build/lib.macosx-11.0-arm64-cpython-311/grpc/framework/base
2022-12-27T01:51:09.6796890Z   copying grpc/framework/base/_constants.py -> build/lib.macosx-11.0-arm64-cpython-311/grpc/framework/base
2022-12-27T01:51:09.6800620Z   copying grpc/framework/base/_expiration.py -> build/lib.macosx-11.0-arm64-cpython-311/grpc/framework/base
2022-12-27T01:51:09.6804100Z   copying grpc/framework/base/_transmission.py -> build/lib.macosx-11.0-arm64-cpython-311/grpc/framework/base
2022-12-27T01:51:09.6808460Z   copying grpc/framework/base/_reception.py -> build/lib.macosx-11.0-arm64-cpython-311/grpc/framework/base
2022-12-27T01:51:09.6811450Z   copying grpc/framework/base/_ingestion.py -> build/lib.macosx-11.0-arm64-cpython-311/grpc/framework/base
2022-12-27T01:51:09.6816030Z   copying grpc/framework/base/util.py -> build/lib.macosx-11.0-arm64-cpython-311/grpc/framework/base
2022-12-27T01:51:09.6819230Z   copying grpc/framework/base/_termination.py -> build/lib.macosx-11.0-arm64-cpython-311/grpc/framework/base
2022-12-27T01:51:09.6822620Z   copying grpc/framework/base/null.py -> build/lib.macosx-11.0-arm64-cpython-311/grpc/framework/base
2022-12-27T01:51:09.6826800Z   copying grpc/framework/base/__init__.py -> build/lib.macosx-11.0-arm64-cpython-311/grpc/framework/base
2022-12-27T01:51:09.6830760Z   copying grpc/framework/base/_interfaces.py -> build/lib.macosx-11.0-arm64-cpython-311/grpc/framework/base
2022-12-27T01:51:09.6834350Z   copying grpc/framework/base/_context.py -> build/lib.macosx-11.0-arm64-cpython-311/grpc/framework/base
2022-12-27T01:51:09.6837400Z   copying grpc/framework/base/implementations_test.py -> build/lib.macosx-11.0-arm64-cpython-311/grpc/framework/base
2022-12-27T01:51:09.6841180Z   copying grpc/framework/base/interfaces_test_case.py -> build/lib.macosx-11.0-arm64-cpython-311/grpc/framework/base
2022-12-27T01:51:09.6845010Z   copying grpc/framework/base/exceptions.py -> build/lib.macosx-11.0-arm64-cpython-311/grpc/framework/base
2022-12-27T01:51:09.6848960Z   copying grpc/framework/base/_ends.py -> build/lib.macosx-11.0-arm64-cpython-311/grpc/framework/base
2022-12-27T01:51:09.6853380Z   copying grpc/framework/base/_emission.py -> build/lib.macosx-11.0-arm64-cpython-311/grpc/framework/base
2022-12-27T01:51:09.6857530Z   copying grpc/framework/base/implementations.py -> build/lib.macosx-11.0-arm64-cpython-311/grpc/framework/base
2022-12-27T01:51:09.6861340Z   copying grpc/framework/base/in_memory.py -> build/lib.macosx-11.0-arm64-cpython-311/grpc/framework/base
2022-12-27T01:51:09.6865230Z   copying grpc/framework/base/_cancellation.py -> build/lib.macosx-11.0-arm64-cpython-311/grpc/framework/base
2022-12-27T01:51:09.6872250Z   creating build/lib.macosx-11.0-arm64-cpython-311/grpc/framework/common
2022-12-27T01:51:09.6874550Z   copying grpc/framework/common/style.py -> build/lib.macosx-11.0-arm64-cpython-311/grpc/framework/common
2022-12-27T01:51:09.6877300Z   copying grpc/framework/common/cardinality.py -> build/lib.macosx-11.0-arm64-cpython-311/grpc/framework/common
2022-12-27T01:51:09.6880010Z   copying grpc/framework/common/__init__.py -> build/lib.macosx-11.0-arm64-cpython-311/grpc/framework/common
2022-12-27T01:51:09.6891120Z   creating build/lib.macosx-11.0-arm64-cpython-311/grpc/framework/face
2022-12-27T01:51:09.6893540Z   copying grpc/framework/face/_service.py -> build/lib.macosx-11.0-arm64-cpython-311/grpc/framework/face
2022-12-27T01:51:09.6896300Z   copying grpc/framework/face/interfaces.py -> build/lib.macosx-11.0-arm64-cpython-311/grpc/framework/face
2022-12-27T01:51:09.6901030Z   copying grpc/framework/face/_control.py -> build/lib.macosx-11.0-arm64-cpython-311/grpc/framework/face
2022-12-27T01:51:09.6905590Z   copying grpc/framework/face/blocking_invocation_inline_service_test.py -> build/lib.macosx-11.0-arm64-cpython-311/grpc/framework/face
2022-12-27T01:51:09.6908190Z   copying grpc/framework/face/__init__.py -> build/lib.macosx-11.0-arm64-cpython-311/grpc/framework/face
2022-12-27T01:51:09.6911480Z   copying grpc/framework/face/demonstration.py -> build/lib.macosx-11.0-arm64-cpython-311/grpc/framework/face
2022-12-27T01:51:09.6915170Z   copying grpc/framework/face/_calls.py -> build/lib.macosx-11.0-arm64-cpython-311/grpc/framework/face
2022-12-27T01:51:09.6919320Z   copying grpc/framework/face/exceptions.py -> build/lib.macosx-11.0-arm64-cpython-311/grpc/framework/face
2022-12-27T01:51:09.6927150Z   copying grpc/framework/face/utilities.py -> build/lib.macosx-11.0-arm64-cpython-311/grpc/framework/face
2022-12-27T01:51:09.6929630Z   copying grpc/framework/face/event_invocation_synchronous_event_service_test.py -> build/lib.macosx-11.0-arm64-cpython-311/grpc/framework/face
2022-12-27T01:51:09.6931970Z   copying grpc/framework/face/_test_case.py -> build/lib.macosx-11.0-arm64-cpython-311/grpc/framework/face
2022-12-27T01:51:09.6934100Z   copying grpc/framework/face/implementations.py -> build/lib.macosx-11.0-arm64-cpython-311/grpc/framework/face
2022-12-27T01:51:09.6939200Z   copying grpc/framework/face/future_invocation_asynchronous_event_service_test.py -> build/lib.macosx-11.0-arm64-cpython-311/grpc/framework/face
2022-12-27T01:51:09.6949780Z   creating build/lib.macosx-11.0-arm64-cpython-311/grpc/framework/face/testing
2022-12-27T01:51:09.6951850Z   copying grpc/framework/face/testing/callback.py -> build/lib.macosx-11.0-arm64-cpython-311/grpc/framework/face/testing
2022-12-27T01:51:09.6956910Z   copying grpc/framework/face/testing/digest.py -> build/lib.macosx-11.0-arm64-cpython-311/grpc/framework/face/testing
2022-12-27T01:51:09.6959890Z   copying grpc/framework/face/testing/interfaces.py -> build/lib.macosx-11.0-arm64-cpython-311/grpc/framework/face/testing
2022-12-27T01:51:09.6962330Z   copying grpc/framework/face/testing/stock_service.py -> build/lib.macosx-11.0-arm64-cpython-311/grpc/framework/face/testing
2022-12-27T01:51:09.6966510Z   copying grpc/framework/face/testing/service.py -> build/lib.macosx-11.0-arm64-cpython-311/grpc/framework/face/testing
2022-12-27T01:51:09.6970110Z   copying grpc/framework/face/testing/blocking_invocation_inline_service_test_case.py -> build/lib.macosx-11.0-arm64-cpython-311/grpc/framework/face/testing
2022-12-27T01:51:09.6972850Z   copying grpc/framework/face/testing/base_util.py -> build/lib.macosx-11.0-arm64-cpython-311/grpc/framework/face/testing
2022-12-27T01:51:09.6977030Z   copying grpc/framework/face/testing/control.py -> build/lib.macosx-11.0-arm64-cpython-311/grpc/framework/face/testing
2022-12-27T01:51:09.6980310Z   copying grpc/framework/face/testing/__init__.py -> build/lib.macosx-11.0-arm64-cpython-311/grpc/framework/face/testing
2022-12-27T01:51:09.6984950Z   copying grpc/framework/face/testing/coverage.py -> build/lib.macosx-11.0-arm64-cpython-311/grpc/framework/face/testing
2022-12-27T01:51:09.6987600Z   copying grpc/framework/face/testing/event_invocation_synchronous_event_service_test_case.py -> build/lib.macosx-11.0-arm64-cpython-311/grpc/framework/face/testing
2022-12-27T01:51:09.6991430Z   copying grpc/framework/face/testing/test_case.py -> build/lib.macosx-11.0-arm64-cpython-311/grpc/framework/face/testing
2022-12-27T01:51:09.6995430Z   copying grpc/framework/face/testing/serial.py -> build/lib.macosx-11.0-arm64-cpython-311/grpc/framework/face/testing
2022-12-27T01:51:09.6998400Z   copying grpc/framework/face/testing/future_invocation_asynchronous_event_service_test_case.py -> build/lib.macosx-11.0-arm64-cpython-311/grpc/framework/face/testing
2022-12-27T01:51:09.7008900Z   creating build/lib.macosx-11.0-arm64-cpython-311/grpc/framework/foundation
2022-12-27T01:51:09.7011230Z   copying grpc/framework/foundation/callable_util.py -> build/lib.macosx-11.0-arm64-cpython-311/grpc/framework/foundation
2022-12-27T01:51:09.7014720Z   copying grpc/framework/foundation/abandonment.py -> build/lib.macosx-11.0-arm64-cpython-311/grpc/framework/foundation
2022-12-27T01:51:09.7018130Z   copying grpc/framework/foundation/stream_testing.py -> build/lib.macosx-11.0-arm64-cpython-311/grpc/framework/foundation
2022-12-27T01:51:09.7021550Z   copying grpc/framework/foundation/__init__.py -> build/lib.macosx-11.0-arm64-cpython-311/grpc/framework/foundation
2022-12-27T01:51:09.7027840Z   copying grpc/framework/foundation/stream.py -> build/lib.macosx-11.0-arm64-cpython-311/grpc/framework/foundation
2022-12-27T01:51:09.7031810Z   copying grpc/framework/foundation/activated.py -> build/lib.macosx-11.0-arm64-cpython-311/grpc/framework/foundation
2022-12-27T01:51:09.7035560Z   copying grpc/framework/foundation/later.py -> build/lib.macosx-11.0-arm64-cpython-311/grpc/framework/foundation
2022-12-27T01:51:09.7039340Z   copying grpc/framework/foundation/_later_test.py -> build/lib.macosx-11.0-arm64-cpython-311/grpc/framework/foundation
2022-12-27T01:51:09.7043520Z   copying grpc/framework/foundation/_logging_pool_test.py -> build/lib.macosx-11.0-arm64-cpython-311/grpc/framework/foundation
2022-12-27T01:51:09.7046590Z   copying grpc/framework/foundation/stream_util.py -> build/lib.macosx-11.0-arm64-cpython-311/grpc/framework/foundation
2022-12-27T01:51:09.7050560Z   copying grpc/framework/foundation/future.py -> build/lib.macosx-11.0-arm64-cpython-311/grpc/framework/foundation
2022-12-27T01:51:09.7053880Z   copying grpc/framework/foundation/_timer_future.py -> build/lib.macosx-11.0-arm64-cpython-311/grpc/framework/foundation
2022-12-27T01:51:09.7057770Z   copying grpc/framework/foundation/logging_pool.py -> build/lib.macosx-11.0-arm64-cpython-311/grpc/framework/foundation
2022-12-27T01:51:09.7109000Z   running build_ext
2022-12-27T01:51:09.7143320Z   building 'grpc._adapter._c' extension
2022-12-27T01:51:09.7146530Z   creating build/temp.macosx-11.0-arm64-cpython-311
2022-12-27T01:51:09.7149000Z   creating build/temp.macosx-11.0-arm64-cpython-311/grpc
2022-12-27T01:51:09.7150480Z   creating build/temp.macosx-11.0-arm64-cpython-311/grpc/_adapter
2022-12-27T01:51:09.7153940Z   clang -Wsign-compare -Wunreachable-code -fno-common -dynamic -DNDEBUG -g -fwrapv -O3 -Wall -g -I/usr/local/opt/openssl@3/include -I/usr/local/opt/openssl@3/include -arch arm64 -I. -I/private/var/folders/51/hd414ycd67n82196sw51xqtc0000gn/T/cibw-run-lcqotgtd/cp311-macosx_arm64/build/venv/include -I/Library/Frameworks/Python.framework/Versions/3.11/include/python3.11 -c grpc/_adapter/_c.c -o build/temp.macosx-11.0-arm64-cpython-311/grpc/_adapter/_c.o
2022-12-27T01:51:10.1899430Z   grpc/_adapter/_c.c:35:10: fatal error: 'grpc/grpc.h' file not found
2022-12-27T01:51:10.1902080Z   #include <grpc/grpc.h>
2022-12-27T01:51:10.1905460Z            ^~~~~~~~~~~~~
2022-12-27T01:51:10.1989010Z   1 error generated.
2022-12-27T01:51:10.2025910Z   error: command '/usr/bin/clang' failed with exit code 1
2022-12-27T01:51:10.2854700Z   error: subprocess-exited-with-error
2022-12-27T01:51:10.2854970Z   
2022-12-27T01:51:10.2856070Z   Ã— python setup.py bdist_wheel did not run successfully.
2022-12-27T01:51:10.2856480Z   â”‚ exit code: 1
2022-12-27T01:51:10.2856850Z   â•°â”€> See above for output.
2022-12-27T01:51:10.2857110Z   
2022-12-27T01:51:10.2857500Z   note: This error originates from a subprocess, and is likely not a problem with pip.
2022-12-27T01:51:10.2866080Z   full command: /private/var/folders/51/hd414ycd67n82196sw51xqtc0000gn/T/cibw-run-lcqotgtd/cp311-macosx_arm64/build/venv/bin/python -u -c '
2022-12-27T01:51:10.2867090Z   exec(compile('"'"''"'"''"'"'
2022-12-27T01:51:10.2867830Z   # This is <pip-setuptools-caller> -- a caller that pip uses to run setup.py
2022-12-27T01:51:10.2868410Z   #
2022-12-27T01:51:10.2868970Z   # - It imports setuptools before invoking setup.py, to enable projects that directly
2022-12-27T01:51:10.2869520Z   #   import from `distutils.core` to work with newer packaging standards.
2022-12-27T01:51:10.2870190Z   # - It provides a clear error message when setuptools is not installed.
2022-12-27T01:51:10.2870950Z   # - It sets `sys.argv[0]` to the underlying `setup.py`, when invoking `setup.py` so
2022-12-27T01:51:10.2871570Z   #   setuptools doesn'"'"'t think the script is `-c`. This avoids the following warning:
2022-12-27T01:51:10.2872090Z   #     manifest_maker: standard file '"'"'-c'"'"' not found".
2022-12-27T01:51:10.2872630Z   # - It generates a shim setup.py, for handling setup.cfg-only projects.
2022-12-27T01:51:10.2873040Z   import os, sys, tokenize
2022-12-27T01:51:10.2873280Z   
2022-12-27T01:51:10.2873500Z   try:
2022-12-27T01:51:10.2873670Z       import setuptools
2022-12-27T01:51:10.2873950Z   except ImportError as error:
2022-12-27T01:51:10.2874210Z       print(
2022-12-27T01:51:10.2874570Z           "ERROR: Can not execute `setup.py` since setuptools is not available in "
2022-12-27T01:51:10.2875450Z           "the build environment.",
2022-12-27T01:51:10.2875650Z           file=sys.stderr,
2022-12-27T01:51:10.2875820Z       )
2022-12-27T01:51:10.2875990Z       sys.exit(1)
2022-12-27T01:51:10.2876160Z   
2022-12-27T01:51:10.2876350Z   __file__ = %r
2022-12-27T01:51:10.2876570Z   sys.argv[0] = __file__
2022-12-27T01:51:10.2876740Z   
2022-12-27T01:51:10.2876920Z   if os.path.exists(__file__):
2022-12-27T01:51:10.2877120Z       filename = __file__
2022-12-27T01:51:10.2877340Z       with tokenize.open(__file__) as f:
2022-12-27T01:51:10.2877560Z           setup_py_code = f.read()
2022-12-27T01:51:10.2877750Z   else:
2022-12-27T01:51:10.2878100Z       filename = "<auto-generated setuptools caller>"
2022-12-27T01:51:10.2878380Z       setup_py_code = "from setuptools import setup; setup()"
2022-12-27T01:51:10.2878600Z   
2022-12-27T01:51:10.2878810Z   exec(compile(setup_py_code, filename, "exec"))
2022-12-27T01:51:10.2879600Z   '"'"''"'"''"'"' % ('"'"'/Users/runner/actions-runner/_work/python.build/python.build/build_grpcio040a13311/grpcio-0.4.0a13/setup.py'"'"',), "<pip-setuptools-caller>", "exec"))' bdist_wheel -d /private/var/folders/51/hd414ycd67n82196sw51xqtc0000gn/T/pip-wheel-0mg3tbkf
2022-12-27T01:51:10.2880430Z   cwd: /Users/runner/actions-runner/_work/python.build/python.build/build_grpcio040a13311/grpcio-0.4.0a13/
2022-12-27T01:51:10.2880910Z   Building wheel for grpcio (setup.py): finished with status 'error'
2022-12-27T01:51:10.2881210Z   ERROR: Failed building wheel for grpcio
2022-12-27T01:51:10.2881450Z   Running command python setup.py clean
2022-12-27T01:51:10.2881690Z   Running setup.py clean for grpcio
2022-12-27T01:51:10.5295680Z   running clean
2022-12-27T01:51:10.5327010Z   removing 'build/temp.macosx-11.0-arm64-cpython-311' (and everything under it)
2022-12-27T01:51:10.5329990Z   removing 'build/lib.macosx-11.0-arm64-cpython-311' (and everything under it)
2022-12-27T01:51:10.5454900Z   'build/bdist.macosx-11.0-arm64' does not exist -- can't clean it
2022-12-27T01:51:10.5456810Z   'build/scripts-3.11' does not exist -- can't clean it
2022-12-27T01:51:10.5458780Z   removing 'build'
2022-12-27T01:51:10.5832670Z Failed to build grpcio
2022-12-27T01:51:10.5837750Z ERROR: Failed to build one or more wheels
2022-12-27T01:51:10.5871810Z Exception information:
2022-12-27T01:51:10.5872300Z Traceback (most recent call last):
2022-12-27T01:51:10.5886280Z   File "/private/var/folders/51/hd414ycd67n82196sw51xqtc0000gn/T/cibw-run-lcqotgtd/cp311-macosx_arm64/build/venv/lib/python3.11/site-packages/pip/_internal/cli/base_command.py", line 160, in exc_logging_wrapper
2022-12-27T01:51:10.5886810Z     status = run_func(*args)
2022-12-27T01:51:10.5887010Z              ^^^^^^^^^^^^^^^
2022-12-27T01:51:10.5887720Z   File "/private/var/folders/51/hd414ycd67n82196sw51xqtc0000gn/T/cibw-run-lcqotgtd/cp311-macosx_arm64/build/venv/lib/python3.11/site-packages/pip/_internal/cli/req_command.py", line 247, in wrapper
2022-12-27T01:51:10.5888140Z     return func(self, options, args)
2022-12-27T01:51:10.5888360Z            ^^^^^^^^^^^^^^^^^^^^^^^^^
2022-12-27T01:51:10.5888990Z   File "/private/var/folders/51/hd414ycd67n82196sw51xqtc0000gn/T/cibw-run-lcqotgtd/cp311-macosx_arm64/build/venv/lib/python3.11/site-packages/pip/_internal/commands/wheel.py", line 201, in run
2022-12-27T01:51:10.5889480Z     raise CommandError("Failed to build one or more wheels")
2022-12-27T01:51:10.5889800Z pip._internal.exceptions.CommandError: Failed to build one or more wheels
2022-12-27T01:51:10.5890310Z Removed build tracker: '/private/var/folders/51/hd414ycd67n82196sw51xqtc0000gn/T/pip-build-tracker-wpdvwgs8'
2022-12-27T01:51:10.6727170Z ##[error]Command ['python', '-m', 'pip', 'wheel', '/Users/runner/actions-runner/_work/python.build/python.build/build_grpcio040a13311/grpcio-0.4.0a13', '--wheel-dir=/private/var/folders/51/hd414ycd67n82196sw51xqtc0000gn/T/cibw-run-lcqotgtd/cp311-macosx_arm64/built_wheel', '--no-deps', '-vvv'] failed with code 1. None
2022-12-27T01:51:10.6745060Z ##[endgroup]
2022-12-27T01:51:10.6745340Z 
2022-12-27T01:51:10.6747120Z                                                               [31mâœ• [0m2.24s
2022-12-27T01:51:10.7430330Z ##[error]Process completed with exit code 1.
2022-12-27T01:51:10.7481870Z ##[group]Run rm -rf build_grpcio040a13311 wheelsout
2022-12-27T01:51:10.7482210Z [36;1mrm -rf build_grpcio040a13311 wheelsout[0m
2022-12-27T01:51:10.7513430Z shell: /bin/bash -e {0}
2022-12-27T01:51:10.7513630Z env:
2022-12-27T01:51:10.7513880Z   pythonLocation: /Users/runner/hostedtoolcache/Python/3.11.1/x64
2022-12-27T01:51:10.7514220Z   PKG_CONFIG_PATH: /Users/runner/hostedtoolcache/Python/3.11.1/x64/lib/pkgconfig
2022-12-27T01:51:10.7514540Z   Python_ROOT_DIR: /Users/runner/hostedtoolcache/Python/3.11.1/x64
2022-12-27T01:51:10.7514860Z   Python2_ROOT_DIR: /Users/runner/hostedtoolcache/Python/3.11.1/x64
2022-12-27T01:51:10.7515180Z   Python3_ROOT_DIR: /Users/runner/hostedtoolcache/Python/3.11.1/x64
2022-12-27T01:51:10.7515430Z ##[endgroup]
2022-12-27T01:51:10.7972990Z Cleaning up orphan processes
