2022-12-27T08:58:29.9603501Z Requested labels: self-hosted, macOS, X64
2022-12-27T08:58:29.9603589Z Job defined at: kilnbuild/python.build/.github/workflows/mac_arm_build.yml@refs/heads/main
2022-12-27T08:58:29.9603631Z Waiting for a runner to pick up this job...
2022-12-27T11:43:02.3966427Z Job is about to start running on the runner: k2 (organization)
2022-12-27T11:43:04.7107690Z Current runner version: '2.300.2'
2022-12-27T11:43:04.7112750Z Runner name: 'k2'
2022-12-27T11:43:04.7112980Z Runner group name: 'Default'
2022-12-27T11:43:04.7113390Z Machine name: 'k2'
2022-12-27T11:43:04.7114850Z ##[group]GITHUB_TOKEN Permissions
2022-12-27T11:43:04.7115250Z Actions: write
2022-12-27T11:43:04.7115390Z Checks: write
2022-12-27T11:43:04.7115530Z Contents: write
2022-12-27T11:43:04.7115660Z Deployments: write
2022-12-27T11:43:04.7115800Z Discussions: write
2022-12-27T11:43:04.7115930Z Issues: write
2022-12-27T11:43:04.7116060Z Metadata: read
2022-12-27T11:43:04.7116190Z Packages: write
2022-12-27T11:43:04.7116320Z Pages: write
2022-12-27T11:43:04.7116460Z PullRequests: write
2022-12-27T11:43:04.7116620Z RepositoryProjects: write
2022-12-27T11:43:04.7116780Z SecurityEvents: write
2022-12-27T11:43:04.7116920Z Statuses: write
2022-12-27T11:43:04.7117050Z ##[endgroup]
2022-12-27T11:43:04.7119640Z Secret source: Actions
2022-12-27T11:43:04.7119950Z Prepare workflow directory
2022-12-27T11:43:04.7770000Z Prepare all required actions
2022-12-27T11:43:04.7889570Z Getting action download info
2022-12-27T11:43:05.2193080Z Download action repository 'actions/setup-python@v4' (SHA:5ccb29d8773c3f3f653e1705f474dfaa8a06a912)
2022-12-27T11:43:07.0558140Z Download action repository 'actions/upload-artifact@v3' (SHA:83fd05a356d7e2593de66fc9913b3002723633cb)
2022-12-27T11:43:08.3690680Z ##[group]Run echo '{
2022-12-27T11:43:08.3691060Z [36;1mecho '{[0m
2022-12-27T11:43:08.3691200Z [36;1m  "package_name": "lxml",[0m
2022-12-27T11:43:08.3691490Z [36;1m  "package_url": "https://files.pythonhosted.org/packages/16/4a/b085a04d6dad79aa5c00c65c9b2bbcb2c6c22e5ac341e7968e0ad2c57e2f/lxml-4.3.0.tar.gz",[0m
2022-12-27T11:43:08.3691760Z [36;1m  "package_version": "4.3.0",[0m
2022-12-27T11:43:08.3691920Z [36;1m  "python_version": "3.8",[0m
2022-12-27T11:43:08.3692040Z [36;1m  "use_ccache": "true"[0m
2022-12-27T11:43:08.3692150Z [36;1m}'[0m
2022-12-27T11:43:08.3707390Z shell: /bin/bash -e {0}
2022-12-27T11:43:08.3707560Z ##[endgroup]
2022-12-27T11:43:08.3922440Z {
2022-12-27T11:43:08.3923730Z   "package_name": "lxml",
2022-12-27T11:43:08.3924310Z   "package_url": "https://files.pythonhosted.org/packages/16/4a/b085a04d6dad79aa5c00c65c9b2bbcb2c6c22e5ac341e7968e0ad2c57e2f/lxml-4.3.0.tar.gz",
2022-12-27T11:43:08.3924600Z   "package_version": "4.3.0",
2022-12-27T11:43:08.3924870Z   "python_version": "3.8",
2022-12-27T11:43:08.3925030Z   "use_ccache": "true"
2022-12-27T11:43:08.3925190Z }
2022-12-27T11:43:08.4133100Z ##[group]Run actions/setup-python@v4
2022-12-27T11:43:08.4133410Z with:
2022-12-27T11:43:08.4133570Z   python-version: 3.8
2022-12-27T11:43:08.4133740Z   check-latest: false
2022-12-27T11:43:08.4134030Z   token: ***
2022-12-27T11:43:08.4134180Z   update-environment: true
2022-12-27T11:43:08.4134430Z ##[endgroup]
2022-12-27T11:43:08.5367130Z ##[group]Installed versions
2022-12-27T11:43:08.5469960Z Successfully set up CPython (3.8.15)
2022-12-27T11:43:08.5471000Z ##[endgroup]
2022-12-27T11:43:08.5615440Z ##[group]Run if [ "true" == "true" ]
2022-12-27T11:43:08.5615820Z [36;1mif [ "true" == "true" ][0m
2022-12-27T11:43:08.5616100Z [36;1mthen[0m
2022-12-27T11:43:08.5616330Z [36;1m  echo "CCACHE_PATH_PREPEND=/usr/local/opt/ccache/libexec" >> $GITHUB_OUTPUT[0m
2022-12-27T11:43:08.5616510Z [36;1melse[0m
2022-12-27T11:43:08.5616700Z [36;1m  echo "CCACHE_PATH_PREPEND=" >> $GITHUB_OUTPUT[0m
2022-12-27T11:43:08.5616890Z [36;1mfi[0m
2022-12-27T11:43:08.5633380Z shell: /bin/bash -e {0}
2022-12-27T11:43:08.5633600Z env:
2022-12-27T11:43:08.5633830Z   pythonLocation: /Users/runner/hostedtoolcache/Python/3.8.15/x64
2022-12-27T11:43:08.5634190Z   PKG_CONFIG_PATH: /Users/runner/hostedtoolcache/Python/3.8.15/x64/lib/pkgconfig
2022-12-27T11:43:08.5634410Z   Python_ROOT_DIR: /Users/runner/hostedtoolcache/Python/3.8.15/x64
2022-12-27T11:43:08.5634650Z   Python2_ROOT_DIR: /Users/runner/hostedtoolcache/Python/3.8.15/x64
2022-12-27T11:43:08.5634940Z   Python3_ROOT_DIR: /Users/runner/hostedtoolcache/Python/3.8.15/x64
2022-12-27T11:43:08.5635490Z ##[endgroup]
2022-12-27T11:43:08.5739870Z ##[group]Run echo "BUILD_NAME=$(echo lxml_4.3.0_3.8 | tr -dc '[:alnum:]\n\r' | tr '[:upper:]' '[:lower:]')" >> $GITHUB_OUTPUT
2022-12-27T11:43:08.5740390Z [36;1mecho "BUILD_NAME=$(echo lxml_4.3.0_3.8 | tr -dc '[:alnum:]\n\r' | tr '[:upper:]' '[:lower:]')" >> $GITHUB_OUTPUT[0m
2022-12-27T11:43:08.5753830Z shell: /bin/bash -e {0}
2022-12-27T11:43:08.5754030Z env:
2022-12-27T11:43:08.5754330Z   pythonLocation: /Users/runner/hostedtoolcache/Python/3.8.15/x64
2022-12-27T11:43:08.5754600Z   PKG_CONFIG_PATH: /Users/runner/hostedtoolcache/Python/3.8.15/x64/lib/pkgconfig
2022-12-27T11:43:08.5796110Z   Python_ROOT_DIR: /Users/runner/hostedtoolcache/Python/3.8.15/x64
2022-12-27T11:43:08.5796380Z   Python2_ROOT_DIR: /Users/runner/hostedtoolcache/Python/3.8.15/x64
2022-12-27T11:43:08.5796580Z   Python3_ROOT_DIR: /Users/runner/hostedtoolcache/Python/3.8.15/x64
2022-12-27T11:43:08.5796720Z ##[endgroup]
2022-12-27T11:43:08.5897260Z ##[group]Run echo "PYTHON_NO_DOTS=$(echo 3.8 | tr -dc '[:alnum:]\n\r' | tr '[:upper:]' '[:lower:]')" >> $GITHUB_OUTPUT
2022-12-27T11:43:08.5897710Z [36;1mecho "PYTHON_NO_DOTS=$(echo 3.8 | tr -dc '[:alnum:]\n\r' | tr '[:upper:]' '[:lower:]')" >> $GITHUB_OUTPUT[0m
2022-12-27T11:43:08.5911260Z shell: /bin/bash -e {0}
2022-12-27T11:43:08.5911410Z env:
2022-12-27T11:43:08.5911610Z   pythonLocation: /Users/runner/hostedtoolcache/Python/3.8.15/x64
2022-12-27T11:43:08.5911870Z   PKG_CONFIG_PATH: /Users/runner/hostedtoolcache/Python/3.8.15/x64/lib/pkgconfig
2022-12-27T11:43:08.5912070Z   Python_ROOT_DIR: /Users/runner/hostedtoolcache/Python/3.8.15/x64
2022-12-27T11:43:08.5912330Z   Python2_ROOT_DIR: /Users/runner/hostedtoolcache/Python/3.8.15/x64
2022-12-27T11:43:08.5912830Z   Python3_ROOT_DIR: /Users/runner/hostedtoolcache/Python/3.8.15/x64
2022-12-27T11:43:08.5913020Z ##[endgroup]
2022-12-27T11:43:08.6018790Z ##[group]Run rm -rf build_lxml43038
2022-12-27T11:43:08.6019190Z [36;1mrm -rf build_lxml43038[0m
2022-12-27T11:43:08.6019340Z [36;1mmkdir build_lxml43038[0m
2022-12-27T11:43:08.6019550Z [36;1mcd build_lxml43038[0m
2022-12-27T11:43:08.6019880Z [36;1m/usr/local/bin/wget --quiet https://files.pythonhosted.org/packages/16/4a/b085a04d6dad79aa5c00c65c9b2bbcb2c6c22e5ac341e7968e0ad2c57e2f/lxml-4.3.0.tar.gz[0m
2022-12-27T11:43:08.6020200Z [36;1mtar xf *.tar.gz[0m
2022-12-27T11:43:08.6020330Z [36;1mcd *[0m
2022-12-27T11:43:08.6020520Z [36;1mpython -m pip install cibuildwheel==2.11.3[0m
2022-12-27T11:43:08.6020730Z [36;1mpython -m cibuildwheel --output-dir ../wheelsout[0m
2022-12-27T11:43:08.6034310Z shell: /bin/bash -e {0}
2022-12-27T11:43:08.6034500Z env:
2022-12-27T11:43:08.6034700Z   pythonLocation: /Users/runner/hostedtoolcache/Python/3.8.15/x64
2022-12-27T11:43:08.6034930Z   PKG_CONFIG_PATH: /Users/runner/hostedtoolcache/Python/3.8.15/x64/lib/pkgconfig
2022-12-27T11:43:08.6035290Z   Python_ROOT_DIR: /Users/runner/hostedtoolcache/Python/3.8.15/x64
2022-12-27T11:43:08.6035490Z   Python2_ROOT_DIR: /Users/runner/hostedtoolcache/Python/3.8.15/x64
2022-12-27T11:43:08.6035720Z   Python3_ROOT_DIR: /Users/runner/hostedtoolcache/Python/3.8.15/x64
2022-12-27T11:43:08.6035920Z   CIBW_ARCHS_MACOS: arm64
2022-12-27T11:43:08.6036070Z   CIBW_TEST_SKIP: *_arm64
2022-12-27T11:43:08.6036270Z   CIBW_BUILD: cp38-macosx_arm64
2022-12-27T11:43:08.6036450Z   CIBW_BUILD_FRONTEND: pip
2022-12-27T11:43:08.6036600Z   CIBW_BUILD_VERBOSITY: 3
2022-12-27T11:43:08.6036900Z   CIBW_ENVIRONMENT_MACOS:  CFLAGS="-I/usr/local/opt/openssl@3/include" LDFLAGS="-L/usr/local/opt/openssl@3/lib" CPPFLAGS="-I/usr/local/opt/openssl@3/include" MAKEFLAGS="-j$(sysctl -n hw.logicalcpu)" PATH=/usr/local/opt/ccache/libexec:$PATH
2022-12-27T11:43:08.6037310Z   CIBW_BEFORE_BUILD: pip install Cython; if [[ -f requirements.txt ]]; then pip install -r requirements.txt; fi
2022-12-27T11:43:08.6037550Z   MAKEFLAGS: -j$(sysctl -n hw.logicalcpu)
2022-12-27T11:43:08.6037700Z ##[endgroup]
2022-12-27T11:43:08.9946040Z Requirement already satisfied: cibuildwheel==2.11.3 in /Users/runner/hostedtoolcache/Python/3.8.15/x64/lib/python3.8/site-packages (2.11.3)
2022-12-27T11:43:09.0276420Z Requirement already satisfied: tomli in /Users/runner/hostedtoolcache/Python/3.8.15/x64/lib/python3.8/site-packages (from cibuildwheel==2.11.3) (2.0.1)
2022-12-27T11:43:09.0280920Z Requirement already satisfied: bashlex!=0.13 in /Users/runner/hostedtoolcache/Python/3.8.15/x64/lib/python3.8/site-packages (from cibuildwheel==2.11.3) (0.16)
2022-12-27T11:43:09.0285880Z Requirement already satisfied: packaging>=20.9 in /Users/runner/hostedtoolcache/Python/3.8.15/x64/lib/python3.8/site-packages (from cibuildwheel==2.11.3) (22.0)
2022-12-27T11:43:09.0289250Z Requirement already satisfied: bracex in /Users/runner/hostedtoolcache/Python/3.8.15/x64/lib/python3.8/site-packages (from cibuildwheel==2.11.3) (2.3.post1)
2022-12-27T11:43:09.0293130Z Requirement already satisfied: platformdirs in /Users/runner/hostedtoolcache/Python/3.8.15/x64/lib/python3.8/site-packages (from cibuildwheel==2.11.3) (2.6.0)
2022-12-27T11:43:09.0301870Z Requirement already satisfied: typing-extensions>=4.1.0 in /Users/runner/hostedtoolcache/Python/3.8.15/x64/lib/python3.8/site-packages (from cibuildwheel==2.11.3) (4.4.0)
2022-12-27T11:43:09.0305200Z Requirement already satisfied: filelock in /Users/runner/hostedtoolcache/Python/3.8.15/x64/lib/python3.8/site-packages (from cibuildwheel==2.11.3) (3.8.2)
2022-12-27T11:43:09.0308500Z Requirement already satisfied: certifi in /Users/runner/hostedtoolcache/Python/3.8.15/x64/lib/python3.8/site-packages (from cibuildwheel==2.11.3) (2022.12.7)
2022-12-27T11:43:09.1998910Z 
2022-12-27T11:43:09.1999200Z      _ _       _ _   _       _           _
2022-12-27T11:43:09.1999560Z  ___|_| |_ _ _|_| |_| |_ _ _| |_ ___ ___| |
2022-12-27T11:43:09.2000790Z |  _| | . | | | | | . | | | |   | -_| -_| |
2022-12-27T11:43:09.2001060Z |___|_|___|___|_|_|___|_____|_|_|___|___|_|
2022-12-27T11:43:09.2002120Z 
2022-12-27T11:43:09.2002290Z cibuildwheel version 2.11.3
2022-12-27T11:43:09.2002520Z 
2022-12-27T11:43:09.2002630Z Build options:
2022-12-27T11:43:09.2002900Z   platform: macos
2022-12-27T11:43:09.2150350Z   architectures: arm64[0m
2022-12-27T11:43:09.2151220Z   build_selector: 
2022-12-27T11:43:09.2152200Z     build_config: cp38-macosx_arm64
2022-12-27T11:43:09.2152580Z     skip_config: 
2022-12-27T11:43:09.2153110Z     requires_python: None
2022-12-27T11:43:09.2153660Z     prerelease_pythons: False[0m
2022-12-27T11:43:09.2154070Z   [38;5;244mcontainer_engine: docker[0m
2022-12-27T11:43:09.2154650Z   output_dir: /Users/runner/actions-runner/_work/python.build/python.build/build_lxml43038/wheelsout[0m
2022-12-27T11:43:09.2155320Z   package_dir: /Users/runner/actions-runner/_work/python.build/python.build/build_lxml43038/lxml-4.3.0[0m
2022-12-27T11:43:09.2155860Z   test_selector: 
2022-12-27T11:43:09.2156190Z     skip_config: *_arm64[0m
2022-12-27T11:43:09.2156560Z   [38;5;244mbefore_all: [0m
2022-12-27T11:43:09.2157120Z   before_build: pip install Cython; if [[ -f requirements.txt ]]; then pip install -r requirements.txt; fi[0m
2022-12-27T11:43:09.2157560Z   [38;5;244mbefore_test: [0m
2022-12-27T11:43:09.2158020Z   [38;5;244mbuild_frontend: pip[0m
2022-12-27T11:43:09.2158390Z   build_verbosity: 3[0m
2022-12-27T11:43:09.2158770Z   [38;5;244mconfig_settings: [0m
2022-12-27T11:43:09.2159170Z   [38;5;244mdependency_constraints: pinned[0m
2022-12-27T11:43:09.2159520Z   environment: 
2022-12-27T11:43:09.2159820Z     CFLAGS="-I/usr/local/opt/openssl@3/include"
2022-12-27T11:43:09.2160070Z     LDFLAGS="-L/usr/local/opt/openssl@3/lib"
2022-12-27T11:43:09.2160370Z     CPPFLAGS="-I/usr/local/opt/openssl@3/include"
2022-12-27T11:43:09.2160690Z     MAKEFLAGS="-j$(sysctl -n hw.logicalcpu)"
2022-12-27T11:43:09.2161040Z     PATH=/usr/local/opt/ccache/libexec:$PATH[0m
2022-12-27T11:43:09.2161320Z   [38;5;244mmanylinux_images: None[0m
2022-12-27T11:43:09.2161580Z   [38;5;244mmusllinux_images: None[0m
2022-12-27T11:43:09.2161910Z   [38;5;244mrepair_command: delocate-wheel --require-archs {delocate_archs} -w {dest_dir} -v {wheel}[0m
2022-12-27T11:43:09.2162550Z   [38;5;244mtest_command: [0m
2022-12-27T11:43:09.2162900Z   [38;5;244mtest_extras: [0m
2022-12-27T11:43:09.2163120Z   [38;5;244mtest_requires: [0m
2022-12-27T11:43:09.2163250Z 
2022-12-27T11:43:09.2163370Z Cache folder: /Users/runner/Library/Caches/cibuildwheel
2022-12-27T11:43:09.2169170Z 
2022-12-27T11:43:09.2169430Z Here we go!
2022-12-27T11:43:09.2169580Z 
2022-12-27T11:43:09.2230480Z 
2022-12-27T11:43:09.2231290Z [1m[34mBuilding cp38-macosx_arm64 wheel[0m
2022-12-27T11:43:09.2231750Z CPython 3.8 macOS arm64 - Apple Silicon
2022-12-27T11:43:09.2231950Z 
2022-12-27T11:43:09.2234530Z ##[group]Installing Python cp38...
2022-12-27T11:43:09.2234740Z 
2022-12-27T11:43:09.2235190Z + pkgutil --pkgs
2022-12-27T11:43:09.2335390Z ##[endgroup]
2022-12-27T11:43:09.2336370Z                                                               [32m✓ [0m0.01s
2022-12-27T11:43:09.2336990Z ##[group]Setting up build environment...
2022-12-27T11:43:09.2337190Z 
2022-12-27T11:43:09.2358850Z + /Users/runner/hostedtoolcache/Python/3.8.15/x64/bin/python -sS /Users/runner/Library/Caches/cibuildwheel/virtualenv-20.17.0.pyz --activators= --no-periodic-update --pip=22.3.1 --setuptools=65.6.3 --wheel=0.38.4 --symlink-app-data --python /Library/Frameworks/Python.framework/Versions/3.8/bin/python3 /private/var/folders/51/hd414ycd67n82196sw51xqtc0000gn/T/cibw-run-ci2rj_fi/cp38-macosx_arm64/build/venv
2022-12-27T11:43:09.4192250Z created virtual environment CPython3.8.10.final.0-64 in 45ms
2022-12-27T11:43:09.4192880Z   creator CPython3Posix(dest=/private/var/folders/51/hd414ycd67n82196sw51xqtc0000gn/T/cibw-run-ci2rj_fi/cp38-macosx_arm64/build/venv, clear=False, no_vcs_ignore=False, global=False)
2022-12-27T11:43:09.4193610Z   seeder FromAppData(download=False, pip=22.3.1, setuptools=65.6.3, wheel=0.38.4, via=symlink, app_data_dir=/Users/runner/Library/Application Support/virtualenv)
2022-12-27T11:43:09.4194060Z     added seed packages: pip==22.3.1, setuptools==65.6.3, wheel==0.38.4
2022-12-27T11:43:09.4302370Z + python -m pip install --upgrade pip -c /Users/runner/hostedtoolcache/Python/3.8.15/x64/lib/python3.8/site-packages/cibuildwheel/resources/constraints-python38.txt
2022-12-27T11:43:09.7307430Z Requirement already satisfied: pip in ./lib/python3.8/site-packages (22.3.1)
2022-12-27T11:43:09.8728220Z + which pip
2022-12-27T11:43:09.8745940Z /private/var/folders/51/hd414ycd67n82196sw51xqtc0000gn/T/cibw-run-ci2rj_fi/cp38-macosx_arm64/build/venv/bin/pip
2022-12-27T11:43:09.8747850Z + pip --version
2022-12-27T11:43:10.0934230Z pip 22.3.1 from /private/var/folders/51/hd414ycd67n82196sw51xqtc0000gn/T/cibw-run-ci2rj_fi/cp38-macosx_arm64/build/venv/lib/python3.8/site-packages/pip (python 3.8)
2022-12-27T11:43:10.1163370Z + which pip
2022-12-27T11:43:10.1191950Z + which python
2022-12-27T11:43:10.1210890Z /private/var/folders/51/hd414ycd67n82196sw51xqtc0000gn/T/cibw-run-ci2rj_fi/cp38-macosx_arm64/build/venv/bin/python
2022-12-27T11:43:10.1213480Z + python --version
2022-12-27T11:43:10.1260390Z Python 3.8.10
2022-12-27T11:43:10.1263770Z + which python
2022-12-27T11:43:10.1316530Z ##[endgroup]
2022-12-27T11:43:10.1317090Z                                                               [32m✓ [0m0.90s
2022-12-27T11:43:10.1317720Z ##[group]Installing build tools...
2022-12-27T11:43:10.1317840Z 
2022-12-27T11:43:10.1318370Z + pip install --upgrade setuptools wheel delocate -c /Users/runner/hostedtoolcache/Python/3.8.15/x64/lib/python3.8/site-packages/cibuildwheel/resources/constraints-python38.txt
2022-12-27T11:43:10.4308770Z Requirement already satisfied: setuptools in /private/var/folders/51/hd414ycd67n82196sw51xqtc0000gn/T/cibw-run-ci2rj_fi/cp38-macosx_arm64/build/venv/lib/python3.8/site-packages (65.6.3)
2022-12-27T11:43:10.6470630Z Requirement already satisfied: wheel in /private/var/folders/51/hd414ycd67n82196sw51xqtc0000gn/T/cibw-run-ci2rj_fi/cp38-macosx_arm64/build/venv/lib/python3.8/site-packages (0.38.4)
2022-12-27T11:43:10.7001020Z Collecting delocate
2022-12-27T11:43:10.7024690Z   Using cached delocate-0.10.3-py3-none-any.whl (142 kB)
2022-12-27T11:43:10.7325880Z Collecting packaging>=20.9
2022-12-27T11:43:10.7346820Z   Using cached packaging-21.3-py3-none-any.whl (40 kB)
2022-12-27T11:43:10.7520520Z Collecting typing-extensions
2022-12-27T11:43:10.7540240Z   Using cached typing_extensions-4.4.0-py3-none-any.whl (26 kB)
2022-12-27T11:43:10.7877420Z Collecting pyparsing!=3.0.5,>=2.0.2
2022-12-27T11:43:10.7898130Z   Using cached pyparsing-3.0.9-py3-none-any.whl (98 kB)
2022-12-27T11:43:10.8261090Z Installing collected packages: typing-extensions, pyparsing, packaging, delocate
2022-12-27T11:43:10.9566030Z Successfully installed delocate-0.10.3 packaging-21.3 pyparsing-3.0.9 typing-extensions-4.4.0
2022-12-27T11:43:11.0005560Z ##[endgroup]
2022-12-27T11:43:11.0006280Z                                                               [32m✓ [0m0.87s
2022-12-27T11:43:11.0006730Z ##[group]Running before_build...
2022-12-27T11:43:11.0006980Z 
2022-12-27T11:43:11.0012410Z + pip install Cython; if [[ -f requirements.txt ]]; then pip install -r requirements.txt; fi
2022-12-27T11:43:11.6625660Z Collecting Cython
2022-12-27T11:43:11.6673690Z   Using cached Cython-0.29.32-py2.py3-none-any.whl (986 kB)
2022-12-27T11:43:11.7166160Z Installing collected packages: Cython
2022-12-27T11:43:12.1435840Z Successfully installed Cython-0.29.32
2022-12-27T11:43:12.4615380Z Requirement already satisfied: Cython>=0.29.1 in /private/var/folders/51/hd414ycd67n82196sw51xqtc0000gn/T/cibw-run-ci2rj_fi/cp38-macosx_arm64/build/venv/lib/python3.8/site-packages (from -r requirements.txt (line 1)) (0.29.32)
2022-12-27T11:43:12.5296020Z ##[endgroup]
2022-12-27T11:43:12.5296880Z                                                               [32m✓ [0m1.53s
2022-12-27T11:43:12.5297490Z ##[group]Building wheel...
2022-12-27T11:43:12.5297650Z 
2022-12-27T11:43:12.5301820Z + python -m pip wheel /Users/runner/actions-runner/_work/python.build/python.build/build_lxml43038/lxml-4.3.0 --wheel-dir=/private/var/folders/51/hd414ycd67n82196sw51xqtc0000gn/T/cibw-run-ci2rj_fi/cp38-macosx_arm64/built_wheel --no-deps -vvv
2022-12-27T11:43:12.8073620Z Created temporary directory: /private/var/folders/51/hd414ycd67n82196sw51xqtc0000gn/T/pip-ephem-wheel-cache-yqdlzvoy
2022-12-27T11:43:12.8079450Z Created temporary directory: /private/var/folders/51/hd414ycd67n82196sw51xqtc0000gn/T/pip-build-tracker-7sg95abd
2022-12-27T11:43:12.8081600Z Initialized build tracking at /private/var/folders/51/hd414ycd67n82196sw51xqtc0000gn/T/pip-build-tracker-7sg95abd
2022-12-27T11:43:12.8082930Z Created build tracker: /private/var/folders/51/hd414ycd67n82196sw51xqtc0000gn/T/pip-build-tracker-7sg95abd
2022-12-27T11:43:12.8084530Z Entered build tracker: /private/var/folders/51/hd414ycd67n82196sw51xqtc0000gn/T/pip-build-tracker-7sg95abd
2022-12-27T11:43:12.8088190Z Created temporary directory: /private/var/folders/51/hd414ycd67n82196sw51xqtc0000gn/T/pip-wheel-_b4sfcf0
2022-12-27T11:43:12.8094490Z Created temporary directory: /private/var/folders/51/hd414ycd67n82196sw51xqtc0000gn/T/pip-ephem-wheel-cache-dey4jh8r
2022-12-27T11:43:12.8172680Z Processing /Users/runner/actions-runner/_work/python.build/python.build/build_lxml43038/lxml-4.3.0
2022-12-27T11:43:12.8177740Z   Added file:///Users/runner/actions-runner/_work/python.build/python.build/build_lxml43038/lxml-4.3.0 to build tracker '/private/var/folders/51/hd414ycd67n82196sw51xqtc0000gn/T/pip-build-tracker-7sg95abd'
2022-12-27T11:43:12.8180940Z   Running setup.py (path:/Users/runner/actions-runner/_work/python.build/python.build/build_lxml43038/lxml-4.3.0/setup.py) egg_info for package from file:///Users/runner/actions-runner/_work/python.build/python.build/build_lxml43038/lxml-4.3.0
2022-12-27T11:43:12.8184150Z   Created temporary directory: /private/var/folders/51/hd414ycd67n82196sw51xqtc0000gn/T/pip-pip-egg-info-ou3foiup
2022-12-27T11:43:12.8185860Z   Preparing metadata (setup.py): started
2022-12-27T11:43:12.8187720Z   Running command python setup.py egg_info
2022-12-27T11:43:13.1203470Z   Building lxml version 4.3.0.
2022-12-27T11:43:13.1204430Z   Building without Cython.
2022-12-27T11:43:13.1206340Z   Using build configuration of libxslt 1.1.29
2022-12-27T11:43:13.1207970Z   Building against libxml2/libxslt in the following directory: /Library/Developer/CommandLineTools/SDKs/MacOSX12.1.sdk/usr/lib
2022-12-27T11:43:13.1209230Z   running egg_info
2022-12-27T11:43:13.1211500Z   creating /private/var/folders/51/hd414ycd67n82196sw51xqtc0000gn/T/pip-pip-egg-info-ou3foiup/lxml.egg-info
2022-12-27T11:43:13.1216160Z   writing /private/var/folders/51/hd414ycd67n82196sw51xqtc0000gn/T/pip-pip-egg-info-ou3foiup/lxml.egg-info/PKG-INFO
2022-12-27T11:43:13.1220620Z   writing dependency_links to /private/var/folders/51/hd414ycd67n82196sw51xqtc0000gn/T/pip-pip-egg-info-ou3foiup/lxml.egg-info/dependency_links.txt
2022-12-27T11:43:13.1224070Z   writing requirements to /private/var/folders/51/hd414ycd67n82196sw51xqtc0000gn/T/pip-pip-egg-info-ou3foiup/lxml.egg-info/requires.txt
2022-12-27T11:43:13.1226480Z   writing top-level names to /private/var/folders/51/hd414ycd67n82196sw51xqtc0000gn/T/pip-pip-egg-info-ou3foiup/lxml.egg-info/top_level.txt
2022-12-27T11:43:13.1228120Z   writing manifest file '/private/var/folders/51/hd414ycd67n82196sw51xqtc0000gn/T/pip-pip-egg-info-ou3foiup/lxml.egg-info/SOURCES.txt'
2022-12-27T11:43:13.1326230Z   reading manifest file '/private/var/folders/51/hd414ycd67n82196sw51xqtc0000gn/T/pip-pip-egg-info-ou3foiup/lxml.egg-info/SOURCES.txt'
2022-12-27T11:43:13.1328470Z   reading manifest template 'MANIFEST.in'
2022-12-27T11:43:13.1797680Z   warning: no files found matching '*.html' under directory 'doc'
2022-12-27T11:43:13.1881300Z   adding license file 'LICENSES.txt'
2022-12-27T11:43:13.1910830Z   writing manifest file '/private/var/folders/51/hd414ycd67n82196sw51xqtc0000gn/T/pip-pip-egg-info-ou3foiup/lxml.egg-info/SOURCES.txt'
2022-12-27T11:43:13.2139500Z   Preparing metadata (setup.py): finished with status 'done'
2022-12-27T11:43:13.2165130Z   Source in /Users/runner/actions-runner/_work/python.build/python.build/build_lxml43038/lxml-4.3.0 has version 4.3.0, which satisfies requirement lxml==4.3.0 from file:///Users/runner/actions-runner/_work/python.build/python.build/build_lxml43038/lxml-4.3.0
2022-12-27T11:43:13.2168630Z   Removed lxml==4.3.0 from file:///Users/runner/actions-runner/_work/python.build/python.build/build_lxml43038/lxml-4.3.0 from build tracker '/private/var/folders/51/hd414ycd67n82196sw51xqtc0000gn/T/pip-build-tracker-7sg95abd'
2022-12-27T11:43:13.2301600Z Created temporary directory: /private/var/folders/51/hd414ycd67n82196sw51xqtc0000gn/T/pip-unpack-amxabsdw
2022-12-27T11:43:13.2303370Z Building wheels for collected packages: lxml
2022-12-27T11:43:13.2309540Z   Created temporary directory: /private/var/folders/51/hd414ycd67n82196sw51xqtc0000gn/T/pip-wheel-fts62fjp
2022-12-27T11:43:13.2311510Z   Building wheel for lxml (setup.py): started
2022-12-27T11:43:13.2313260Z   Destination directory: /private/var/folders/51/hd414ycd67n82196sw51xqtc0000gn/T/pip-wheel-fts62fjp
2022-12-27T11:43:13.2314640Z   Running command python setup.py bdist_wheel
2022-12-27T11:43:13.3934620Z   Building lxml version 4.3.0.
2022-12-27T11:43:13.3936010Z   Building without Cython.
2022-12-27T11:43:13.4066480Z   Using build configuration of libxslt 1.1.29
2022-12-27T11:43:13.5101320Z   Building against libxml2/libxslt in the following directory: /Library/Developer/CommandLineTools/SDKs/MacOSX12.1.sdk/usr/lib
2022-12-27T11:43:13.5367460Z   running bdist_wheel
2022-12-27T11:43:13.5411510Z   running build
2022-12-27T11:43:13.5413600Z   running build_py
2022-12-27T11:43:13.5435520Z   creating build
2022-12-27T11:43:13.5437690Z   creating build/lib.macosx-11.0-arm64-cpython-38
2022-12-27T11:43:13.5439560Z   creating build/lib.macosx-11.0-arm64-cpython-38/lxml
2022-12-27T11:43:13.5441130Z   copying src/lxml/_elementpath.py -> build/lib.macosx-11.0-arm64-cpython-38/lxml
2022-12-27T11:43:13.5442750Z   copying src/lxml/sax.py -> build/lib.macosx-11.0-arm64-cpython-38/lxml
2022-12-27T11:43:13.5445680Z   copying src/lxml/pyclasslookup.py -> build/lib.macosx-11.0-arm64-cpython-38/lxml
2022-12-27T11:43:13.5448100Z   copying src/lxml/__init__.py -> build/lib.macosx-11.0-arm64-cpython-38/lxml
2022-12-27T11:43:13.5450080Z   copying src/lxml/builder.py -> build/lib.macosx-11.0-arm64-cpython-38/lxml
2022-12-27T11:43:13.5453150Z   copying src/lxml/doctestcompare.py -> build/lib.macosx-11.0-arm64-cpython-38/lxml
2022-12-27T11:43:13.5456040Z   copying src/lxml/usedoctest.py -> build/lib.macosx-11.0-arm64-cpython-38/lxml
2022-12-27T11:43:13.5458430Z   copying src/lxml/cssselect.py -> build/lib.macosx-11.0-arm64-cpython-38/lxml
2022-12-27T11:43:13.5461010Z   copying src/lxml/ElementInclude.py -> build/lib.macosx-11.0-arm64-cpython-38/lxml
2022-12-27T11:43:13.5465330Z   creating build/lib.macosx-11.0-arm64-cpython-38/lxml/includes
2022-12-27T11:43:13.5466970Z   copying src/lxml/includes/__init__.py -> build/lib.macosx-11.0-arm64-cpython-38/lxml/includes
2022-12-27T11:43:13.5473420Z   creating build/lib.macosx-11.0-arm64-cpython-38/lxml/html
2022-12-27T11:43:13.5474870Z   copying src/lxml/html/soupparser.py -> build/lib.macosx-11.0-arm64-cpython-38/lxml/html
2022-12-27T11:43:13.5477940Z   copying src/lxml/html/defs.py -> build/lib.macosx-11.0-arm64-cpython-38/lxml/html
2022-12-27T11:43:13.5481030Z   copying src/lxml/html/_setmixin.py -> build/lib.macosx-11.0-arm64-cpython-38/lxml/html
2022-12-27T11:43:13.5483090Z   copying src/lxml/html/clean.py -> build/lib.macosx-11.0-arm64-cpython-38/lxml/html
2022-12-27T11:43:13.5486010Z   copying src/lxml/html/_diffcommand.py -> build/lib.macosx-11.0-arm64-cpython-38/lxml/html
2022-12-27T11:43:13.5488190Z   copying src/lxml/html/html5parser.py -> build/lib.macosx-11.0-arm64-cpython-38/lxml/html
2022-12-27T11:43:13.5490930Z   copying src/lxml/html/__init__.py -> build/lib.macosx-11.0-arm64-cpython-38/lxml/html
2022-12-27T11:43:13.5494500Z   copying src/lxml/html/formfill.py -> build/lib.macosx-11.0-arm64-cpython-38/lxml/html
2022-12-27T11:43:13.5497710Z   copying src/lxml/html/builder.py -> build/lib.macosx-11.0-arm64-cpython-38/lxml/html
2022-12-27T11:43:13.5500080Z   copying src/lxml/html/ElementSoup.py -> build/lib.macosx-11.0-arm64-cpython-38/lxml/html
2022-12-27T11:43:13.5501990Z   copying src/lxml/html/_html5builder.py -> build/lib.macosx-11.0-arm64-cpython-38/lxml/html
2022-12-27T11:43:13.5504520Z   copying src/lxml/html/usedoctest.py -> build/lib.macosx-11.0-arm64-cpython-38/lxml/html
2022-12-27T11:43:13.5506950Z   copying src/lxml/html/diff.py -> build/lib.macosx-11.0-arm64-cpython-38/lxml/html
2022-12-27T11:43:13.5511570Z   creating build/lib.macosx-11.0-arm64-cpython-38/lxml/isoschematron
2022-12-27T11:43:13.5513120Z   copying src/lxml/isoschematron/__init__.py -> build/lib.macosx-11.0-arm64-cpython-38/lxml/isoschematron
2022-12-27T11:43:13.5539570Z   copying src/lxml/etree.h -> build/lib.macosx-11.0-arm64-cpython-38/lxml
2022-12-27T11:43:13.5542460Z   copying src/lxml/etree_api.h -> build/lib.macosx-11.0-arm64-cpython-38/lxml
2022-12-27T11:43:13.5546190Z   copying src/lxml/lxml.etree.h -> build/lib.macosx-11.0-arm64-cpython-38/lxml
2022-12-27T11:43:13.5549190Z   copying src/lxml/lxml.etree_api.h -> build/lib.macosx-11.0-arm64-cpython-38/lxml
2022-12-27T11:43:13.5551720Z   copying src/lxml/includes/xmlerror.pxd -> build/lib.macosx-11.0-arm64-cpython-38/lxml/includes
2022-12-27T11:43:13.5555090Z   copying src/lxml/includes/c14n.pxd -> build/lib.macosx-11.0-arm64-cpython-38/lxml/includes
2022-12-27T11:43:13.5557960Z   copying src/lxml/includes/xmlschema.pxd -> build/lib.macosx-11.0-arm64-cpython-38/lxml/includes
2022-12-27T11:43:13.5560660Z   copying src/lxml/includes/__init__.pxd -> build/lib.macosx-11.0-arm64-cpython-38/lxml/includes
2022-12-27T11:43:13.5563210Z   copying src/lxml/includes/schematron.pxd -> build/lib.macosx-11.0-arm64-cpython-38/lxml/includes
2022-12-27T11:43:13.5565810Z   copying src/lxml/includes/tree.pxd -> build/lib.macosx-11.0-arm64-cpython-38/lxml/includes
2022-12-27T11:43:13.5568780Z   copying src/lxml/includes/uri.pxd -> build/lib.macosx-11.0-arm64-cpython-38/lxml/includes
2022-12-27T11:43:13.5571900Z   copying src/lxml/includes/etreepublic.pxd -> build/lib.macosx-11.0-arm64-cpython-38/lxml/includes
2022-12-27T11:43:13.5574390Z   copying src/lxml/includes/xpath.pxd -> build/lib.macosx-11.0-arm64-cpython-38/lxml/includes
2022-12-27T11:43:13.5577130Z   copying src/lxml/includes/htmlparser.pxd -> build/lib.macosx-11.0-arm64-cpython-38/lxml/includes
2022-12-27T11:43:13.5580000Z   copying src/lxml/includes/xslt.pxd -> build/lib.macosx-11.0-arm64-cpython-38/lxml/includes
2022-12-27T11:43:13.5582520Z   copying src/lxml/includes/config.pxd -> build/lib.macosx-11.0-arm64-cpython-38/lxml/includes
2022-12-27T11:43:13.5585500Z   copying src/lxml/includes/xmlparser.pxd -> build/lib.macosx-11.0-arm64-cpython-38/lxml/includes
2022-12-27T11:43:13.5588400Z   copying src/lxml/includes/xinclude.pxd -> build/lib.macosx-11.0-arm64-cpython-38/lxml/includes
2022-12-27T11:43:13.5590970Z   copying src/lxml/includes/dtdvalid.pxd -> build/lib.macosx-11.0-arm64-cpython-38/lxml/includes
2022-12-27T11:43:13.5593910Z   copying src/lxml/includes/relaxng.pxd -> build/lib.macosx-11.0-arm64-cpython-38/lxml/includes
2022-12-27T11:43:13.5596730Z   copying src/lxml/includes/lxml-version.h -> build/lib.macosx-11.0-arm64-cpython-38/lxml/includes
2022-12-27T11:43:13.5599300Z   copying src/lxml/includes/etree_defs.h -> build/lib.macosx-11.0-arm64-cpython-38/lxml/includes
2022-12-27T11:43:13.5602410Z   creating build/lib.macosx-11.0-arm64-cpython-38/lxml/isoschematron/resources
2022-12-27T11:43:13.5604040Z   creating build/lib.macosx-11.0-arm64-cpython-38/lxml/isoschematron/resources/rng
2022-12-27T11:43:13.5605790Z   copying src/lxml/isoschematron/resources/rng/iso-schematron.rng -> build/lib.macosx-11.0-arm64-cpython-38/lxml/isoschematron/resources/rng
2022-12-27T11:43:13.5608270Z   creating build/lib.macosx-11.0-arm64-cpython-38/lxml/isoschematron/resources/xsl
2022-12-27T11:43:13.5610270Z   copying src/lxml/isoschematron/resources/xsl/XSD2Schtrn.xsl -> build/lib.macosx-11.0-arm64-cpython-38/lxml/isoschematron/resources/xsl
2022-12-27T11:43:13.5611930Z   copying src/lxml/isoschematron/resources/xsl/RNG2Schtrn.xsl -> build/lib.macosx-11.0-arm64-cpython-38/lxml/isoschematron/resources/xsl
2022-12-27T11:43:13.5615340Z   creating build/lib.macosx-11.0-arm64-cpython-38/lxml/isoschematron/resources/xsl/iso-schematron-xslt1
2022-12-27T11:43:13.5617670Z   copying src/lxml/isoschematron/resources/xsl/iso-schematron-xslt1/iso_abstract_expand.xsl -> build/lib.macosx-11.0-arm64-cpython-38/lxml/isoschematron/resources/xsl/iso-schematron-xslt1
2022-12-27T11:43:13.5619540Z   copying src/lxml/isoschematron/resources/xsl/iso-schematron-xslt1/iso_dsdl_include.xsl -> build/lib.macosx-11.0-arm64-cpython-38/lxml/isoschematron/resources/xsl/iso-schematron-xslt1
2022-12-27T11:43:13.5622980Z   copying src/lxml/isoschematron/resources/xsl/iso-schematron-xslt1/iso_schematron_skeleton_for_xslt1.xsl -> build/lib.macosx-11.0-arm64-cpython-38/lxml/isoschematron/resources/xsl/iso-schematron-xslt1
2022-12-27T11:43:13.5626140Z   copying src/lxml/isoschematron/resources/xsl/iso-schematron-xslt1/iso_svrl_for_xslt1.xsl -> build/lib.macosx-11.0-arm64-cpython-38/lxml/isoschematron/resources/xsl/iso-schematron-xslt1
2022-12-27T11:43:13.5629510Z   copying src/lxml/isoschematron/resources/xsl/iso-schematron-xslt1/iso_schematron_message.xsl -> build/lib.macosx-11.0-arm64-cpython-38/lxml/isoschematron/resources/xsl/iso-schematron-xslt1
2022-12-27T11:43:13.5699430Z   copying src/lxml/isoschematron/resources/xsl/iso-schematron-xslt1/readme.txt -> build/lib.macosx-11.0-arm64-cpython-38/lxml/isoschematron/resources/xsl/iso-schematron-xslt1
2022-12-27T11:43:13.5699890Z   running build_ext
2022-12-27T11:43:13.5948720Z   building 'lxml.etree' extension
2022-12-27T11:43:13.5950500Z   creating build/temp.macosx-11.0-arm64-cpython-38
2022-12-27T11:43:13.5952490Z   creating build/temp.macosx-11.0-arm64-cpython-38/src
2022-12-27T11:43:13.5954240Z   creating build/temp.macosx-11.0-arm64-cpython-38/src/lxml
2022-12-27T11:43:13.5957170Z   gcc -Wno-unused-result -Wsign-compare -Wunreachable-code -fno-common -dynamic -DNDEBUG -g -fwrapv -O3 -Wall -g -I/usr/local/opt/openssl@3/include -I/usr/local/opt/openssl@3/include -arch arm64 -DCYTHON_CLINE_IN_TRACEBACK=0 -I/Library/Developer/CommandLineTools/SDKs/MacOSX12.1.sdk/usr/include -Isrc -Isrc/lxml/includes -I/private/var/folders/51/hd414ycd67n82196sw51xqtc0000gn/T/cibw-run-ci2rj_fi/cp38-macosx_arm64/build/venv/include -I/Library/Frameworks/Python.framework/Versions/3.8/include/python3.8 -c src/lxml/etree.c -o build/temp.macosx-11.0-arm64-cpython-38/src/lxml/etree.o -w -flat_namespace
2022-12-27T11:43:35.9895140Z   gcc -bundle -undefined dynamic_lookup -g -L/usr/local/opt/openssl@3/lib -I/usr/local/opt/openssl@3/include -I/usr/local/opt/openssl@3/include -arch arm64 build/temp.macosx-11.0-arm64-cpython-38/src/lxml/etree.o -L/Library/Developer/CommandLineTools/SDKs/MacOSX12.1.sdk/usr/lib -lxslt -lexslt -lxml2 -lz -lm -o build/lib.macosx-11.0-arm64-cpython-38/lxml/etree.cpython-38-darwin.so -isysroot /Library/Developer/CommandLineTools/SDKs/MacOSX12.1.sdk
2022-12-27T11:43:36.0906250Z   building 'lxml.objectify' extension
2022-12-27T11:43:36.0909420Z   gcc -Wno-unused-result -Wsign-compare -Wunreachable-code -fno-common -dynamic -DNDEBUG -g -fwrapv -O3 -Wall -g -I/usr/local/opt/openssl@3/include -I/usr/local/opt/openssl@3/include -arch arm64 -DCYTHON_CLINE_IN_TRACEBACK=0 -I/Library/Developer/CommandLineTools/SDKs/MacOSX12.1.sdk/usr/include -Isrc -Isrc/lxml/includes -I/private/var/folders/51/hd414ycd67n82196sw51xqtc0000gn/T/cibw-run-ci2rj_fi/cp38-macosx_arm64/build/venv/include -I/Library/Frameworks/Python.framework/Versions/3.8/include/python3.8 -c src/lxml/objectify.c -o build/temp.macosx-11.0-arm64-cpython-38/src/lxml/objectify.o -w -flat_namespace
2022-12-27T11:43:40.2889620Z   gcc -bundle -undefined dynamic_lookup -g -L/usr/local/opt/openssl@3/lib -I/usr/local/opt/openssl@3/include -I/usr/local/opt/openssl@3/include -arch arm64 build/temp.macosx-11.0-arm64-cpython-38/src/lxml/objectify.o -L/Library/Developer/CommandLineTools/SDKs/MacOSX12.1.sdk/usr/lib -lxslt -lexslt -lxml2 -lz -lm -o build/lib.macosx-11.0-arm64-cpython-38/lxml/objectify.cpython-38-darwin.so -isysroot /Library/Developer/CommandLineTools/SDKs/MacOSX12.1.sdk
2022-12-27T11:43:40.3439220Z   building 'lxml.builder' extension
2022-12-27T11:43:40.3442330Z   gcc -Wno-unused-result -Wsign-compare -Wunreachable-code -fno-common -dynamic -DNDEBUG -g -fwrapv -O3 -Wall -g -I/usr/local/opt/openssl@3/include -I/usr/local/opt/openssl@3/include -arch arm64 -DCYTHON_CLINE_IN_TRACEBACK=0 -I/Library/Developer/CommandLineTools/SDKs/MacOSX12.1.sdk/usr/include -Isrc -Isrc/lxml/includes -I/private/var/folders/51/hd414ycd67n82196sw51xqtc0000gn/T/cibw-run-ci2rj_fi/cp38-macosx_arm64/build/venv/include -I/Library/Frameworks/Python.framework/Versions/3.8/include/python3.8 -c src/lxml/builder.c -o build/temp.macosx-11.0-arm64-cpython-38/src/lxml/builder.o -w -flat_namespace
2022-12-27T11:43:41.2572180Z   gcc -bundle -undefined dynamic_lookup -g -L/usr/local/opt/openssl@3/lib -I/usr/local/opt/openssl@3/include -I/usr/local/opt/openssl@3/include -arch arm64 build/temp.macosx-11.0-arm64-cpython-38/src/lxml/builder.o -o build/lib.macosx-11.0-arm64-cpython-38/lxml/builder.cpython-38-darwin.so
2022-12-27T11:43:41.3053030Z   building 'lxml._elementpath' extension
2022-12-27T11:43:41.3056700Z   gcc -Wno-unused-result -Wsign-compare -Wunreachable-code -fno-common -dynamic -DNDEBUG -g -fwrapv -O3 -Wall -g -I/usr/local/opt/openssl@3/include -I/usr/local/opt/openssl@3/include -arch arm64 -DCYTHON_CLINE_IN_TRACEBACK=0 -I/Library/Developer/CommandLineTools/SDKs/MacOSX12.1.sdk/usr/include -Isrc -Isrc/lxml/includes -I/private/var/folders/51/hd414ycd67n82196sw51xqtc0000gn/T/cibw-run-ci2rj_fi/cp38-macosx_arm64/build/venv/include -I/Library/Frameworks/Python.framework/Versions/3.8/include/python3.8 -c src/lxml/_elementpath.c -o build/temp.macosx-11.0-arm64-cpython-38/src/lxml/_elementpath.o -w -flat_namespace
2022-12-27T11:43:43.1405840Z   gcc -bundle -undefined dynamic_lookup -g -L/usr/local/opt/openssl@3/lib -I/usr/local/opt/openssl@3/include -I/usr/local/opt/openssl@3/include -arch arm64 build/temp.macosx-11.0-arm64-cpython-38/src/lxml/_elementpath.o -o build/lib.macosx-11.0-arm64-cpython-38/lxml/_elementpath.cpython-38-darwin.so
2022-12-27T11:43:43.1892980Z   building 'lxml.html.diff' extension
2022-12-27T11:43:43.1894240Z   creating build/temp.macosx-11.0-arm64-cpython-38/src/lxml/html
2022-12-27T11:43:43.1897980Z   gcc -Wno-unused-result -Wsign-compare -Wunreachable-code -fno-common -dynamic -DNDEBUG -g -fwrapv -O3 -Wall -g -I/usr/local/opt/openssl@3/include -I/usr/local/opt/openssl@3/include -arch arm64 -DCYTHON_CLINE_IN_TRACEBACK=0 -I/Library/Developer/CommandLineTools/SDKs/MacOSX12.1.sdk/usr/include -Isrc -Isrc/lxml/includes -I/private/var/folders/51/hd414ycd67n82196sw51xqtc0000gn/T/cibw-run-ci2rj_fi/cp38-macosx_arm64/build/venv/include -I/Library/Frameworks/Python.framework/Versions/3.8/include/python3.8 -c src/lxml/html/diff.c -o build/temp.macosx-11.0-arm64-cpython-38/src/lxml/html/diff.o -w -flat_namespace
2022-12-27T11:43:47.3618240Z   gcc -bundle -undefined dynamic_lookup -g -L/usr/local/opt/openssl@3/lib -I/usr/local/opt/openssl@3/include -I/usr/local/opt/openssl@3/include -arch arm64 build/temp.macosx-11.0-arm64-cpython-38/src/lxml/html/diff.o -o build/lib.macosx-11.0-arm64-cpython-38/lxml/html/diff.cpython-38-darwin.so
2022-12-27T11:43:47.4133350Z   building 'lxml.html.clean' extension
2022-12-27T11:43:47.4136770Z   gcc -Wno-unused-result -Wsign-compare -Wunreachable-code -fno-common -dynamic -DNDEBUG -g -fwrapv -O3 -Wall -g -I/usr/local/opt/openssl@3/include -I/usr/local/opt/openssl@3/include -arch arm64 -DCYTHON_CLINE_IN_TRACEBACK=0 -I/Library/Developer/CommandLineTools/SDKs/MacOSX12.1.sdk/usr/include -Isrc -Isrc/lxml/includes -I/private/var/folders/51/hd414ycd67n82196sw51xqtc0000gn/T/cibw-run-ci2rj_fi/cp38-macosx_arm64/build/venv/include -I/Library/Frameworks/Python.framework/Versions/3.8/include/python3.8 -c src/lxml/html/clean.c -o build/temp.macosx-11.0-arm64-cpython-38/src/lxml/html/clean.o -w -flat_namespace
2022-12-27T11:43:50.6600810Z   gcc -bundle -undefined dynamic_lookup -g -L/usr/local/opt/openssl@3/lib -I/usr/local/opt/openssl@3/include -I/usr/local/opt/openssl@3/include -arch arm64 build/temp.macosx-11.0-arm64-cpython-38/src/lxml/html/clean.o -o build/lib.macosx-11.0-arm64-cpython-38/lxml/html/clean.cpython-38-darwin.so
2022-12-27T11:43:50.7101730Z   building 'lxml.sax' extension
2022-12-27T11:43:50.7104920Z   gcc -Wno-unused-result -Wsign-compare -Wunreachable-code -fno-common -dynamic -DNDEBUG -g -fwrapv -O3 -Wall -g -I/usr/local/opt/openssl@3/include -I/usr/local/opt/openssl@3/include -arch arm64 -DCYTHON_CLINE_IN_TRACEBACK=0 -I/Library/Developer/CommandLineTools/SDKs/MacOSX12.1.sdk/usr/include -Isrc -Isrc/lxml/includes -I/private/var/folders/51/hd414ycd67n82196sw51xqtc0000gn/T/cibw-run-ci2rj_fi/cp38-macosx_arm64/build/venv/include -I/Library/Frameworks/Python.framework/Versions/3.8/include/python3.8 -c src/lxml/sax.c -o build/temp.macosx-11.0-arm64-cpython-38/src/lxml/sax.o -w -flat_namespace
2022-12-27T11:43:52.4738940Z   gcc -bundle -undefined dynamic_lookup -g -L/usr/local/opt/openssl@3/lib -I/usr/local/opt/openssl@3/include -I/usr/local/opt/openssl@3/include -arch arm64 build/temp.macosx-11.0-arm64-cpython-38/src/lxml/sax.o -o build/lib.macosx-11.0-arm64-cpython-38/lxml/sax.cpython-38-darwin.so
2022-12-27T11:43:52.5250080Z   /private/var/folders/51/hd414ycd67n82196sw51xqtc0000gn/T/cibw-run-ci2rj_fi/cp38-macosx_arm64/build/venv/lib/python3.8/site-packages/setuptools/command/install.py:34: SetuptoolsDeprecationWarning: setup.py install is deprecated. Use build and pip and other standards-based tools.
2022-12-27T11:43:52.5250890Z     warnings.warn(
2022-12-27T11:43:52.5265530Z   installing to build/bdist.macosx-11.0-arm64/wheel
2022-12-27T11:43:52.5267010Z   running install
2022-12-27T11:43:52.5322520Z   running install_lib
2022-12-27T11:43:52.5340240Z   creating build/bdist.macosx-11.0-arm64
2022-12-27T11:43:52.5342120Z   creating build/bdist.macosx-11.0-arm64/wheel
2022-12-27T11:43:52.5343980Z   creating build/bdist.macosx-11.0-arm64/wheel/lxml
2022-12-27T11:43:52.5346220Z   copying build/lib.macosx-11.0-arm64-cpython-38/lxml/_elementpath.py -> build/bdist.macosx-11.0-arm64/wheel/lxml
2022-12-27T11:43:52.5349010Z   creating build/bdist.macosx-11.0-arm64/wheel/lxml/isoschematron
2022-12-27T11:43:52.5350740Z   creating build/bdist.macosx-11.0-arm64/wheel/lxml/isoschematron/resources
2022-12-27T11:43:52.5352700Z   creating build/bdist.macosx-11.0-arm64/wheel/lxml/isoschematron/resources/xsl
2022-12-27T11:43:52.5354660Z   copying build/lib.macosx-11.0-arm64-cpython-38/lxml/isoschematron/resources/xsl/XSD2Schtrn.xsl -> build/bdist.macosx-11.0-arm64/wheel/lxml/isoschematron/resources/xsl
2022-12-27T11:43:52.5357710Z   creating build/bdist.macosx-11.0-arm64/wheel/lxml/isoschematron/resources/xsl/iso-schematron-xslt1
2022-12-27T11:43:52.5359790Z   copying build/lib.macosx-11.0-arm64-cpython-38/lxml/isoschematron/resources/xsl/iso-schematron-xslt1/iso_abstract_expand.xsl -> build/bdist.macosx-11.0-arm64/wheel/lxml/isoschematron/resources/xsl/iso-schematron-xslt1
2022-12-27T11:43:52.5362620Z   copying build/lib.macosx-11.0-arm64-cpython-38/lxml/isoschematron/resources/xsl/iso-schematron-xslt1/iso_dsdl_include.xsl -> build/bdist.macosx-11.0-arm64/wheel/lxml/isoschematron/resources/xsl/iso-schematron-xslt1
2022-12-27T11:43:52.5365280Z   copying build/lib.macosx-11.0-arm64-cpython-38/lxml/isoschematron/resources/xsl/iso-schematron-xslt1/iso_schematron_skeleton_for_xslt1.xsl -> build/bdist.macosx-11.0-arm64/wheel/lxml/isoschematron/resources/xsl/iso-schematron-xslt1
2022-12-27T11:43:52.5368830Z   copying build/lib.macosx-11.0-arm64-cpython-38/lxml/isoschematron/resources/xsl/iso-schematron-xslt1/iso_svrl_for_xslt1.xsl -> build/bdist.macosx-11.0-arm64/wheel/lxml/isoschematron/resources/xsl/iso-schematron-xslt1
2022-12-27T11:43:52.5371630Z   copying build/lib.macosx-11.0-arm64-cpython-38/lxml/isoschematron/resources/xsl/iso-schematron-xslt1/iso_schematron_message.xsl -> build/bdist.macosx-11.0-arm64/wheel/lxml/isoschematron/resources/xsl/iso-schematron-xslt1
2022-12-27T11:43:52.5374260Z   copying build/lib.macosx-11.0-arm64-cpython-38/lxml/isoschematron/resources/xsl/iso-schematron-xslt1/readme.txt -> build/bdist.macosx-11.0-arm64/wheel/lxml/isoschematron/resources/xsl/iso-schematron-xslt1
2022-12-27T11:43:52.5376540Z   copying build/lib.macosx-11.0-arm64-cpython-38/lxml/isoschematron/resources/xsl/RNG2Schtrn.xsl -> build/bdist.macosx-11.0-arm64/wheel/lxml/isoschematron/resources/xsl
2022-12-27T11:43:52.5379750Z   creating build/bdist.macosx-11.0-arm64/wheel/lxml/isoschematron/resources/rng
2022-12-27T11:43:52.5381560Z   copying build/lib.macosx-11.0-arm64-cpython-38/lxml/isoschematron/resources/rng/iso-schematron.rng -> build/bdist.macosx-11.0-arm64/wheel/lxml/isoschematron/resources/rng
2022-12-27T11:43:52.5384900Z   copying build/lib.macosx-11.0-arm64-cpython-38/lxml/isoschematron/__init__.py -> build/bdist.macosx-11.0-arm64/wheel/lxml/isoschematron
2022-12-27T11:43:52.5386630Z   copying build/lib.macosx-11.0-arm64-cpython-38/lxml/etree.cpython-38-darwin.so -> build/bdist.macosx-11.0-arm64/wheel/lxml
2022-12-27T11:43:52.5411160Z   creating build/bdist.macosx-11.0-arm64/wheel/lxml/includes
2022-12-27T11:43:52.5412870Z   copying build/lib.macosx-11.0-arm64-cpython-38/lxml/includes/xmlerror.pxd -> build/bdist.macosx-11.0-arm64/wheel/lxml/includes
2022-12-27T11:43:52.5416370Z   copying build/lib.macosx-11.0-arm64-cpython-38/lxml/includes/c14n.pxd -> build/bdist.macosx-11.0-arm64/wheel/lxml/includes
2022-12-27T11:43:52.5418550Z   copying build/lib.macosx-11.0-arm64-cpython-38/lxml/includes/xmlschema.pxd -> build/bdist.macosx-11.0-arm64/wheel/lxml/includes
2022-12-27T11:43:52.5421760Z   copying build/lib.macosx-11.0-arm64-cpython-38/lxml/includes/__init__.pxd -> build/bdist.macosx-11.0-arm64/wheel/lxml/includes
2022-12-27T11:43:52.5423870Z   copying build/lib.macosx-11.0-arm64-cpython-38/lxml/includes/lxml-version.h -> build/bdist.macosx-11.0-arm64/wheel/lxml/includes
2022-12-27T11:43:52.5426020Z   copying build/lib.macosx-11.0-arm64-cpython-38/lxml/includes/schematron.pxd -> build/bdist.macosx-11.0-arm64/wheel/lxml/includes
2022-12-27T11:43:52.5428280Z   copying build/lib.macosx-11.0-arm64-cpython-38/lxml/includes/__init__.py -> build/bdist.macosx-11.0-arm64/wheel/lxml/includes
2022-12-27T11:43:52.5430140Z   copying build/lib.macosx-11.0-arm64-cpython-38/lxml/includes/tree.pxd -> build/bdist.macosx-11.0-arm64/wheel/lxml/includes
2022-12-27T11:43:52.5434390Z   copying build/lib.macosx-11.0-arm64-cpython-38/lxml/includes/uri.pxd -> build/bdist.macosx-11.0-arm64/wheel/lxml/includes
2022-12-27T11:43:52.5435950Z   copying build/lib.macosx-11.0-arm64-cpython-38/lxml/includes/etree_defs.h -> build/bdist.macosx-11.0-arm64/wheel/lxml/includes
2022-12-27T11:43:52.5438530Z   copying build/lib.macosx-11.0-arm64-cpython-38/lxml/includes/etreepublic.pxd -> build/bdist.macosx-11.0-arm64/wheel/lxml/includes
2022-12-27T11:43:52.5441320Z   copying build/lib.macosx-11.0-arm64-cpython-38/lxml/includes/xpath.pxd -> build/bdist.macosx-11.0-arm64/wheel/lxml/includes
2022-12-27T11:43:52.5444030Z   copying build/lib.macosx-11.0-arm64-cpython-38/lxml/includes/htmlparser.pxd -> build/bdist.macosx-11.0-arm64/wheel/lxml/includes
2022-12-27T11:43:52.5446520Z   copying build/lib.macosx-11.0-arm64-cpython-38/lxml/includes/xslt.pxd -> build/bdist.macosx-11.0-arm64/wheel/lxml/includes
2022-12-27T11:43:52.5449160Z   copying build/lib.macosx-11.0-arm64-cpython-38/lxml/includes/config.pxd -> build/bdist.macosx-11.0-arm64/wheel/lxml/includes
2022-12-27T11:43:52.5451630Z   copying build/lib.macosx-11.0-arm64-cpython-38/lxml/includes/xmlparser.pxd -> build/bdist.macosx-11.0-arm64/wheel/lxml/includes
2022-12-27T11:43:52.5454610Z   copying build/lib.macosx-11.0-arm64-cpython-38/lxml/includes/xinclude.pxd -> build/bdist.macosx-11.0-arm64/wheel/lxml/includes
2022-12-27T11:43:52.5457600Z   copying build/lib.macosx-11.0-arm64-cpython-38/lxml/includes/dtdvalid.pxd -> build/bdist.macosx-11.0-arm64/wheel/lxml/includes
2022-12-27T11:43:52.5459650Z   copying build/lib.macosx-11.0-arm64-cpython-38/lxml/includes/relaxng.pxd -> build/bdist.macosx-11.0-arm64/wheel/lxml/includes
2022-12-27T11:43:52.5462330Z   copying build/lib.macosx-11.0-arm64-cpython-38/lxml/sax.py -> build/bdist.macosx-11.0-arm64/wheel/lxml
2022-12-27T11:43:52.5464990Z   copying build/lib.macosx-11.0-arm64-cpython-38/lxml/pyclasslookup.py -> build/bdist.macosx-11.0-arm64/wheel/lxml
2022-12-27T11:43:52.5467220Z   copying build/lib.macosx-11.0-arm64-cpython-38/lxml/__init__.py -> build/bdist.macosx-11.0-arm64/wheel/lxml
2022-12-27T11:43:52.5470930Z   creating build/bdist.macosx-11.0-arm64/wheel/lxml/html
2022-12-27T11:43:52.5472480Z   copying build/lib.macosx-11.0-arm64-cpython-38/lxml/html/soupparser.py -> build/bdist.macosx-11.0-arm64/wheel/lxml/html
2022-12-27T11:43:52.5474960Z   copying build/lib.macosx-11.0-arm64-cpython-38/lxml/html/defs.py -> build/bdist.macosx-11.0-arm64/wheel/lxml/html
2022-12-27T11:43:52.5478210Z   copying build/lib.macosx-11.0-arm64-cpython-38/lxml/html/_setmixin.py -> build/bdist.macosx-11.0-arm64/wheel/lxml/html
2022-12-27T11:43:52.5480380Z   copying build/lib.macosx-11.0-arm64-cpython-38/lxml/html/clean.py -> build/bdist.macosx-11.0-arm64/wheel/lxml/html
2022-12-27T11:43:52.5483260Z   copying build/lib.macosx-11.0-arm64-cpython-38/lxml/html/_diffcommand.py -> build/bdist.macosx-11.0-arm64/wheel/lxml/html
2022-12-27T11:43:52.5485830Z   copying build/lib.macosx-11.0-arm64-cpython-38/lxml/html/html5parser.py -> build/bdist.macosx-11.0-arm64/wheel/lxml/html
2022-12-27T11:43:52.5488420Z   copying build/lib.macosx-11.0-arm64-cpython-38/lxml/html/__init__.py -> build/bdist.macosx-11.0-arm64/wheel/lxml/html
2022-12-27T11:43:52.5491810Z   copying build/lib.macosx-11.0-arm64-cpython-38/lxml/html/formfill.py -> build/bdist.macosx-11.0-arm64/wheel/lxml/html
2022-12-27T11:43:52.5494240Z   copying build/lib.macosx-11.0-arm64-cpython-38/lxml/html/builder.py -> build/bdist.macosx-11.0-arm64/wheel/lxml/html
2022-12-27T11:43:52.5496940Z   copying build/lib.macosx-11.0-arm64-cpython-38/lxml/html/ElementSoup.py -> build/bdist.macosx-11.0-arm64/wheel/lxml/html
2022-12-27T11:43:52.5499440Z   copying build/lib.macosx-11.0-arm64-cpython-38/lxml/html/_html5builder.py -> build/bdist.macosx-11.0-arm64/wheel/lxml/html
2022-12-27T11:43:52.5502040Z   copying build/lib.macosx-11.0-arm64-cpython-38/lxml/html/usedoctest.py -> build/bdist.macosx-11.0-arm64/wheel/lxml/html
2022-12-27T11:43:52.5504990Z   copying build/lib.macosx-11.0-arm64-cpython-38/lxml/html/diff.py -> build/bdist.macosx-11.0-arm64/wheel/lxml/html
2022-12-27T11:43:52.5508200Z   copying build/lib.macosx-11.0-arm64-cpython-38/lxml/html/diff.cpython-38-darwin.so -> build/bdist.macosx-11.0-arm64/wheel/lxml/html
2022-12-27T11:43:52.5515130Z   copying build/lib.macosx-11.0-arm64-cpython-38/lxml/html/clean.cpython-38-darwin.so -> build/bdist.macosx-11.0-arm64/wheel/lxml/html
2022-12-27T11:43:52.5522660Z   copying build/lib.macosx-11.0-arm64-cpython-38/lxml/etree_api.h -> build/bdist.macosx-11.0-arm64/wheel/lxml
2022-12-27T11:43:52.5526030Z   copying build/lib.macosx-11.0-arm64-cpython-38/lxml/objectify.cpython-38-darwin.so -> build/bdist.macosx-11.0-arm64/wheel/lxml
2022-12-27T11:43:52.5532870Z   copying build/lib.macosx-11.0-arm64-cpython-38/lxml/sax.cpython-38-darwin.so -> build/bdist.macosx-11.0-arm64/wheel/lxml
2022-12-27T11:43:52.5538880Z   copying build/lib.macosx-11.0-arm64-cpython-38/lxml/builder.py -> build/bdist.macosx-11.0-arm64/wheel/lxml
2022-12-27T11:43:52.5542160Z   copying build/lib.macosx-11.0-arm64-cpython-38/lxml/doctestcompare.py -> build/bdist.macosx-11.0-arm64/wheel/lxml
2022-12-27T11:43:52.5545030Z   copying build/lib.macosx-11.0-arm64-cpython-38/lxml/usedoctest.py -> build/bdist.macosx-11.0-arm64/wheel/lxml
2022-12-27T11:43:52.5547760Z   copying build/lib.macosx-11.0-arm64-cpython-38/lxml/cssselect.py -> build/bdist.macosx-11.0-arm64/wheel/lxml
2022-12-27T11:43:52.5550360Z   copying build/lib.macosx-11.0-arm64-cpython-38/lxml/builder.cpython-38-darwin.so -> build/bdist.macosx-11.0-arm64/wheel/lxml
2022-12-27T11:43:52.5555650Z   copying build/lib.macosx-11.0-arm64-cpython-38/lxml/lxml.etree.h -> build/bdist.macosx-11.0-arm64/wheel/lxml
2022-12-27T11:43:52.5558770Z   copying build/lib.macosx-11.0-arm64-cpython-38/lxml/etree.h -> build/bdist.macosx-11.0-arm64/wheel/lxml
2022-12-27T11:43:52.5562310Z   copying build/lib.macosx-11.0-arm64-cpython-38/lxml/ElementInclude.py -> build/bdist.macosx-11.0-arm64/wheel/lxml
2022-12-27T11:43:52.5564140Z   copying build/lib.macosx-11.0-arm64-cpython-38/lxml/lxml.etree_api.h -> build/bdist.macosx-11.0-arm64/wheel/lxml
2022-12-27T11:43:52.5567130Z   copying build/lib.macosx-11.0-arm64-cpython-38/lxml/_elementpath.cpython-38-darwin.so -> build/bdist.macosx-11.0-arm64/wheel/lxml
2022-12-27T11:43:52.5573410Z   running install_egg_info
2022-12-27T11:43:52.5647330Z   running egg_info
2022-12-27T11:43:52.5659190Z   writing src/lxml.egg-info/PKG-INFO
2022-12-27T11:43:52.5662770Z   writing dependency_links to src/lxml.egg-info/dependency_links.txt
2022-12-27T11:43:52.5666320Z   writing requirements to src/lxml.egg-info/requires.txt
2022-12-27T11:43:52.5668550Z   writing top-level names to src/lxml.egg-info/top_level.txt
2022-12-27T11:43:52.5721490Z   reading manifest file 'src/lxml.egg-info/SOURCES.txt'
2022-12-27T11:43:52.5743420Z   reading manifest template 'MANIFEST.in'
2022-12-27T11:43:52.6204870Z   warning: no files found matching '*.html' under directory 'doc'
2022-12-27T11:43:52.6287160Z   adding license file 'LICENSES.txt'
2022-12-27T11:43:52.6324960Z   writing manifest file 'src/lxml.egg-info/SOURCES.txt'
2022-12-27T11:43:52.6327190Z   Copying src/lxml.egg-info to build/bdist.macosx-11.0-arm64/wheel/lxml-4.3.0-py3.8.egg-info
2022-12-27T11:43:52.6345500Z   running install_scripts
2022-12-27T11:43:52.6606150Z   creating build/bdist.macosx-11.0-arm64/wheel/lxml-4.3.0.dist-info/WHEEL
2022-12-27T11:43:52.6610840Z   creating '/private/var/folders/51/hd414ycd67n82196sw51xqtc0000gn/T/pip-wheel-fts62fjp/lxml-4.3.0-cp38-cp38-macosx_11_0_arm64.whl' and adding 'build/bdist.macosx-11.0-arm64/wheel' to it
2022-12-27T11:43:52.6618630Z   adding 'lxml/ElementInclude.py'
2022-12-27T11:43:52.6621630Z   adding 'lxml/__init__.py'
2022-12-27T11:43:52.6678390Z   adding 'lxml/_elementpath.cpython-38-darwin.so'
2022-12-27T11:43:52.6689090Z   adding 'lxml/_elementpath.py'
2022-12-27T11:43:52.6720670Z   adding 'lxml/builder.cpython-38-darwin.so'
2022-12-27T11:43:52.6728020Z   adding 'lxml/builder.py'
2022-12-27T11:43:52.6731080Z   adding 'lxml/cssselect.py'
2022-12-27T11:43:52.6736280Z   adding 'lxml/doctestcompare.py'
2022-12-27T11:43:52.7362960Z   adding 'lxml/etree.cpython-38-darwin.so'
2022-12-27T11:43:52.7433860Z   adding 'lxml/etree.h'
2022-12-27T11:43:52.7437570Z   adding 'lxml/etree_api.h'
2022-12-27T11:43:52.7441580Z   adding 'lxml/lxml.etree.h'
2022-12-27T11:43:52.7445510Z   adding 'lxml/lxml.etree_api.h'
2022-12-27T11:43:52.7564610Z   adding 'lxml/objectify.cpython-38-darwin.so'
2022-12-27T11:43:52.7578790Z   adding 'lxml/pyclasslookup.py'
2022-12-27T11:43:52.7632100Z   adding 'lxml/sax.cpython-38-darwin.so'
2022-12-27T11:43:52.7641470Z   adding 'lxml/sax.py'
2022-12-27T11:43:52.7645120Z   adding 'lxml/usedoctest.py'
2022-12-27T11:43:52.7648000Z   adding 'lxml/html/ElementSoup.py'
2022-12-27T11:43:52.7663680Z   adding 'lxml/html/__init__.py'
2022-12-27T11:43:52.7668510Z   adding 'lxml/html/_diffcommand.py'
2022-12-27T11:43:52.7671560Z   adding 'lxml/html/_html5builder.py'
2022-12-27T11:43:52.7674270Z   adding 'lxml/html/_setmixin.py'
2022-12-27T11:43:52.7677630Z   adding 'lxml/html/builder.py'
2022-12-27T11:43:52.7763450Z   adding 'lxml/html/clean.cpython-38-darwin.so'
2022-12-27T11:43:52.7779590Z   adding 'lxml/html/clean.py'
2022-12-27T11:43:52.7783860Z   adding 'lxml/html/defs.py'
2022-12-27T11:43:52.7896320Z   adding 'lxml/html/diff.cpython-38-darwin.so'
2022-12-27T11:43:52.7916330Z   adding 'lxml/html/diff.py'
2022-12-27T11:43:52.7921540Z   adding 'lxml/html/formfill.py'
2022-12-27T11:43:52.7925630Z   adding 'lxml/html/html5parser.py'
2022-12-27T11:43:52.7929960Z   adding 'lxml/html/soupparser.py'
2022-12-27T11:43:52.7932460Z   adding 'lxml/html/usedoctest.py'
2022-12-27T11:43:52.7935270Z   adding 'lxml/includes/__init__.pxd'
2022-12-27T11:43:52.7937540Z   adding 'lxml/includes/__init__.py'
2022-12-27T11:43:52.7940540Z   adding 'lxml/includes/c14n.pxd'
2022-12-27T11:43:52.7942730Z   adding 'lxml/includes/config.pxd'
2022-12-27T11:43:52.7945990Z   adding 'lxml/includes/dtdvalid.pxd'
2022-12-27T11:43:52.7950010Z   adding 'lxml/includes/etree_defs.h'
2022-12-27T11:43:52.7954020Z   adding 'lxml/includes/etreepublic.pxd'
2022-12-27T11:43:52.7956970Z   adding 'lxml/includes/htmlparser.pxd'
2022-12-27T11:43:52.7959800Z   adding 'lxml/includes/lxml-version.h'
2022-12-27T11:43:52.7962190Z   adding 'lxml/includes/relaxng.pxd'
2022-12-27T11:43:52.7965220Z   adding 'lxml/includes/schematron.pxd'
2022-12-27T11:43:52.7970150Z   adding 'lxml/includes/tree.pxd'
2022-12-27T11:43:52.7973070Z   adding 'lxml/includes/uri.pxd'
2022-12-27T11:43:52.7975620Z   adding 'lxml/includes/xinclude.pxd'
2022-12-27T11:43:52.7985440Z   adding 'lxml/includes/xmlerror.pxd'
2022-12-27T11:43:52.7991130Z   adding 'lxml/includes/xmlparser.pxd'
2022-12-27T11:43:52.7994070Z   adding 'lxml/includes/xmlschema.pxd'
2022-12-27T11:43:52.7997250Z   adding 'lxml/includes/xpath.pxd'
2022-12-27T11:43:52.8000810Z   adding 'lxml/includes/xslt.pxd'
2022-12-27T11:43:52.8005940Z   adding 'lxml/isoschematron/__init__.py'
2022-12-27T11:43:52.8011390Z   adding 'lxml/isoschematron/resources/rng/iso-schematron.rng'
2022-12-27T11:43:52.8015280Z   adding 'lxml/isoschematron/resources/xsl/RNG2Schtrn.xsl'
2022-12-27T11:43:52.8018310Z   adding 'lxml/isoschematron/resources/xsl/XSD2Schtrn.xsl'
2022-12-27T11:43:52.8023310Z   adding 'lxml/isoschematron/resources/xsl/iso-schematron-xslt1/iso_abstract_expand.xsl'
2022-12-27T11:43:52.8029900Z   adding 'lxml/isoschematron/resources/xsl/iso-schematron-xslt1/iso_dsdl_include.xsl'
2022-12-27T11:43:52.8033950Z   adding 'lxml/isoschematron/resources/xsl/iso-schematron-xslt1/iso_schematron_message.xsl'
2022-12-27T11:43:52.8051090Z   adding 'lxml/isoschematron/resources/xsl/iso-schematron-xslt1/iso_schematron_skeleton_for_xslt1.xsl'
2022-12-27T11:43:52.8058420Z   adding 'lxml/isoschematron/resources/xsl/iso-schematron-xslt1/iso_svrl_for_xslt1.xsl'
2022-12-27T11:43:52.8061690Z   adding 'lxml/isoschematron/resources/xsl/iso-schematron-xslt1/readme.txt'
2022-12-27T11:43:52.8066700Z   adding 'lxml-4.3.0.dist-info/LICENSES.txt'
2022-12-27T11:43:52.8069390Z   adding 'lxml-4.3.0.dist-info/METADATA'
2022-12-27T11:43:52.8071410Z   adding 'lxml-4.3.0.dist-info/WHEEL'
2022-12-27T11:43:52.8073260Z   adding 'lxml-4.3.0.dist-info/top_level.txt'
2022-12-27T11:43:52.8075310Z   adding 'lxml-4.3.0.dist-info/RECORD'
2022-12-27T11:43:52.8078320Z   removing build/bdist.macosx-11.0-arm64/wheel
2022-12-27T11:43:52.8375200Z   Building wheel for lxml (setup.py): finished with status 'done'
2022-12-27T11:43:52.8429880Z   Created wheel for lxml: filename=lxml-4.3.0-cp38-cp38-macosx_11_0_arm64.whl size=1477344 sha256=1581ed4b5a7412579478c228cd24873810b0d5cbf414c16d5802973b3b9044f4
2022-12-27T11:43:52.8431230Z   Stored in directory: /Users/runner/Library/Caches/pip/wheels/4e/b3/c8/41dbb5b3fd2c70979c0e19fcc38508b7bcff401771d6563df4
2022-12-27T11:43:52.8465690Z Successfully built lxml
2022-12-27T11:43:52.8475810Z Removed build tracker: '/private/var/folders/51/hd414ycd67n82196sw51xqtc0000gn/T/pip-build-tracker-7sg95abd'
2022-12-27T11:43:52.8847740Z ##[endgroup]
2022-12-27T11:43:52.8848310Z                                                              [32m✓ [0m40.36s
2022-12-27T11:43:52.8848640Z ##[group]Repairing wheel...
2022-12-27T11:43:52.8848820Z 
2022-12-27T11:43:52.8852000Z + delocate-wheel --require-archs arm64 -w /private/var/folders/51/hd414ycd67n82196sw51xqtc0000gn/T/cibw-run-ci2rj_fi/cp38-macosx_arm64/repaired_wheel -v /private/var/folders/51/hd414ycd67n82196sw51xqtc0000gn/T/cibw-run-ci2rj_fi/cp38-macosx_arm64/built_wheel/lxml-4.3.0-cp38-cp38-macosx_11_0_arm64.whl
2022-12-27T11:43:56.8761380Z Fixing: /private/var/folders/51/hd414ycd67n82196sw51xqtc0000gn/T/cibw-run-ci2rj_fi/cp38-macosx_arm64/built_wheel/lxml-4.3.0-cp38-cp38-macosx_11_0_arm64.whl
2022-12-27T11:43:56.8837430Z ##[endgroup]
2022-12-27T11:43:56.8837920Z                                                               [32m✓ [0m4.00s
2022-12-27T11:43:56.9162630Z 
2022-12-27T11:43:56.9163120Z [32m✓ [0mcp38-macosx_arm64 finished in 47.69s
2022-12-27T11:43:56.9164980Z 
2022-12-27T11:43:56.9165110Z 1 wheels produced in 1 minutes:
2022-12-27T11:43:56.9165400Z   lxml-4.3.0-cp38-cp38-macosx_11_0_arm64.whl   1,443 kB
2022-12-27T11:43:56.9345860Z ##[group]Run actions/upload-artifact@v3
2022-12-27T11:43:56.9346010Z with:
2022-12-27T11:43:56.9346140Z   name: lxml-4.3.0-cp38-cp38-macosx_11_0_arm64.whl.zip
2022-12-27T11:43:56.9346280Z   path: build_lxml43038/wheelsout/*.whl
2022-12-27T11:43:56.9346410Z   if-no-files-found: warn
2022-12-27T11:43:56.9346530Z env:
2022-12-27T11:43:56.9346660Z   pythonLocation: /Users/runner/hostedtoolcache/Python/3.8.15/x64
2022-12-27T11:43:56.9346850Z   PKG_CONFIG_PATH: /Users/runner/hostedtoolcache/Python/3.8.15/x64/lib/pkgconfig
2022-12-27T11:43:56.9347030Z   Python_ROOT_DIR: /Users/runner/hostedtoolcache/Python/3.8.15/x64
2022-12-27T11:43:56.9347210Z   Python2_ROOT_DIR: /Users/runner/hostedtoolcache/Python/3.8.15/x64
2022-12-27T11:43:56.9347370Z   Python3_ROOT_DIR: /Users/runner/hostedtoolcache/Python/3.8.15/x64
2022-12-27T11:43:56.9347510Z ##[endgroup]
2022-12-27T11:43:56.9873600Z With the provided path, there will be 1 file uploaded
2022-12-27T11:43:56.9875410Z Starting artifact upload
2022-12-27T11:43:56.9876380Z For more detailed logs during the artifact upload process, enable step-debugging: https://docs.github.com/actions/monitoring-and-troubleshooting-workflows/enabling-debug-logging#enabling-step-debug-logging
2022-12-27T11:43:56.9876770Z Artifact name is valid!
2022-12-27T11:43:57.2836920Z Container for artifact "lxml-4.3.0-cp38-cp38-macosx_11_0_arm64.whl.zip" successfully created. Starting upload of file(s)
2022-12-27T11:44:00.0966860Z Total size of all the files uploaded is 1462505 bytes
2022-12-27T11:44:00.0967220Z File upload process has finished. Finalizing the artifact upload
2022-12-27T11:44:00.4159060Z Artifact has been finalized. All files have been successfully uploaded!
2022-12-27T11:44:00.4159740Z 
2022-12-27T11:44:00.4160110Z The raw size of all the files that were specified for upload is 1477372 bytes
2022-12-27T11:44:00.4160560Z The size of all the files that were uploaded is 1462505 bytes. This takes into account any gzip compression used to reduce the upload size, time and storage
2022-12-27T11:44:00.4161370Z 
2022-12-27T11:44:00.4162230Z Note: The size of downloaded zips can differ significantly from the reported size. For more information see: https://github.com/actions/upload-artifact#zipped-artifact-downloads 
2022-12-27T11:44:00.4162660Z 
2022-12-27T11:44:00.4163070Z Artifact lxml-4.3.0-cp38-cp38-macosx_11_0_arm64.whl.zip has been successfully uploaded!
2022-12-27T11:44:00.4220630Z ##[group]Run rm -rf build_lxml43038 wheelsout
2022-12-27T11:44:00.4220890Z [36;1mrm -rf build_lxml43038 wheelsout[0m
2022-12-27T11:44:00.4235610Z shell: /bin/bash -e {0}
2022-12-27T11:44:00.4235770Z env:
2022-12-27T11:44:00.4235980Z   pythonLocation: /Users/runner/hostedtoolcache/Python/3.8.15/x64
2022-12-27T11:44:00.4236200Z   PKG_CONFIG_PATH: /Users/runner/hostedtoolcache/Python/3.8.15/x64/lib/pkgconfig
2022-12-27T11:44:00.4236490Z   Python_ROOT_DIR: /Users/runner/hostedtoolcache/Python/3.8.15/x64
2022-12-27T11:44:00.4236720Z   Python2_ROOT_DIR: /Users/runner/hostedtoolcache/Python/3.8.15/x64
2022-12-27T11:44:00.4236950Z   Python3_ROOT_DIR: /Users/runner/hostedtoolcache/Python/3.8.15/x64
2022-12-27T11:44:00.4237130Z ##[endgroup]
2022-12-27T11:44:00.4537140Z Post job cleanup.
2022-12-27T11:44:00.5725010Z Cleaning up orphan processes
