2022-12-27T08:50:24.8983365Z Requested labels: self-hosted, macOS, X64
2022-12-27T08:50:24.8983454Z Job defined at: kilnbuild/python.build/.github/workflows/mac_arm_build.yml@refs/heads/main
2022-12-27T08:50:24.8983501Z Waiting for a runner to pick up this job...
2022-12-27T11:20:30.9755123Z Job is about to start running on the runner: kr1 (organization)
2022-12-27T11:20:35.8442350Z Current runner version: '2.300.2'
2022-12-27T11:20:35.8450470Z Runner name: 'kr1'
2022-12-27T11:20:35.8450870Z Runner group name: 'Default'
2022-12-27T11:20:35.8451760Z Machine name: 'kr1'
2022-12-27T11:20:35.8454380Z ##[group]GITHUB_TOKEN Permissions
2022-12-27T11:20:35.8455090Z Actions: write
2022-12-27T11:20:35.8455430Z Checks: write
2022-12-27T11:20:35.8455690Z Contents: write
2022-12-27T11:20:35.8455960Z Deployments: write
2022-12-27T11:20:35.8456210Z Discussions: write
2022-12-27T11:20:35.8456470Z Issues: write
2022-12-27T11:20:35.8456720Z Metadata: read
2022-12-27T11:20:35.8456960Z Packages: write
2022-12-27T11:20:35.8457220Z Pages: write
2022-12-27T11:20:35.8457500Z PullRequests: write
2022-12-27T11:20:35.8457800Z RepositoryProjects: write
2022-12-27T11:20:35.8458100Z SecurityEvents: write
2022-12-27T11:20:35.8458370Z Statuses: write
2022-12-27T11:20:35.8458620Z ##[endgroup]
2022-12-27T11:20:35.8462700Z Secret source: Actions
2022-12-27T11:20:35.8463200Z Prepare workflow directory
2022-12-27T11:20:35.9577130Z Prepare all required actions
2022-12-27T11:20:35.9781280Z Getting action download info
2022-12-27T11:20:36.4305810Z Download action repository 'actions/setup-python@v4' (SHA:5ccb29d8773c3f3f653e1705f474dfaa8a06a912)
2022-12-27T11:20:38.2954630Z Download action repository 'actions/upload-artifact@v3' (SHA:83fd05a356d7e2593de66fc9913b3002723633cb)
2022-12-27T11:20:39.7755750Z ##[group]Run echo '{
2022-12-27T11:20:39.7756210Z [36;1mecho '{[0m
2022-12-27T11:20:39.7756420Z [36;1m  "package_name": "lxml",[0m
2022-12-27T11:20:39.7756830Z [36;1m  "package_url": "https://files.pythonhosted.org/packages/eb/9f/61f70bf21b0d6b2dc6320d93e5815a822dd700bc546a6194b3d0ee390cdd/lxml-1.1.tar.gz",[0m
2022-12-27T11:20:39.7757280Z [36;1m  "package_version": "1.1",[0m
2022-12-27T11:20:39.7757540Z [36;1m  "python_version": "3.10",[0m
2022-12-27T11:20:39.7757880Z [36;1m  "use_ccache": "true"[0m
2022-12-27T11:20:39.7758070Z [36;1m}'[0m
2022-12-27T11:20:39.7786220Z shell: /bin/bash -e {0}
2022-12-27T11:20:39.7786460Z ##[endgroup]
2022-12-27T11:20:39.8177940Z {
2022-12-27T11:20:39.8180680Z   "package_name": "lxml",
2022-12-27T11:20:39.8182110Z   "package_url": "https://files.pythonhosted.org/packages/eb/9f/61f70bf21b0d6b2dc6320d93e5815a822dd700bc546a6194b3d0ee390cdd/lxml-1.1.tar.gz",
2022-12-27T11:20:39.8182670Z   "package_version": "1.1",
2022-12-27T11:20:39.8183180Z   "python_version": "3.10",
2022-12-27T11:20:39.8183580Z   "use_ccache": "true"
2022-12-27T11:20:39.8183900Z }
2022-12-27T11:20:39.8565450Z ##[group]Run actions/setup-python@v4
2022-12-27T11:20:39.8565830Z with:
2022-12-27T11:20:39.8566160Z   python-version: 3.10
2022-12-27T11:20:39.8566590Z   check-latest: false
2022-12-27T11:20:39.8567090Z   token: ***
2022-12-27T11:20:39.8567450Z   update-environment: true
2022-12-27T11:20:39.8567850Z ##[endgroup]
2022-12-27T11:20:40.0817860Z ##[group]Installed versions
2022-12-27T11:20:40.0843990Z Successfully set up CPython (3.10.9)
2022-12-27T11:20:40.0845370Z ##[endgroup]
2022-12-27T11:20:40.1062290Z ##[group]Run if [ "true" == "true" ]
2022-12-27T11:20:40.1062910Z [36;1mif [ "true" == "true" ][0m
2022-12-27T11:20:40.1063380Z [36;1mthen[0m
2022-12-27T11:20:40.1063790Z [36;1m  echo "CCACHE_PATH_PREPEND=/usr/local/opt/ccache/libexec" >> $GITHUB_OUTPUT[0m
2022-12-27T11:20:40.1064190Z [36;1melse[0m
2022-12-27T11:20:40.1064500Z [36;1m  echo "CCACHE_PATH_PREPEND=" >> $GITHUB_OUTPUT[0m
2022-12-27T11:20:40.1064860Z [36;1mfi[0m
2022-12-27T11:20:40.1094780Z shell: /bin/bash -e {0}
2022-12-27T11:20:40.1095070Z env:
2022-12-27T11:20:40.1095480Z   pythonLocation: /Users/runner/hostedtoolcache/Python/3.10.9/x64
2022-12-27T11:20:40.1096190Z   PKG_CONFIG_PATH: /Users/runner/hostedtoolcache/Python/3.10.9/x64/lib/pkgconfig
2022-12-27T11:20:40.1096590Z   Python_ROOT_DIR: /Users/runner/hostedtoolcache/Python/3.10.9/x64
2022-12-27T11:20:40.1097040Z   Python2_ROOT_DIR: /Users/runner/hostedtoolcache/Python/3.10.9/x64
2022-12-27T11:20:40.1097700Z   Python3_ROOT_DIR: /Users/runner/hostedtoolcache/Python/3.10.9/x64
2022-12-27T11:20:40.1098560Z ##[endgroup]
2022-12-27T11:20:40.1405600Z ##[group]Run echo "BUILD_NAME=$(echo lxml_1.1_3.10 | tr -dc '[:alnum:]\n\r' | tr '[:upper:]' '[:lower:]')" >> $GITHUB_OUTPUT
2022-12-27T11:20:40.1406210Z [36;1mecho "BUILD_NAME=$(echo lxml_1.1_3.10 | tr -dc '[:alnum:]\n\r' | tr '[:upper:]' '[:lower:]')" >> $GITHUB_OUTPUT[0m
2022-12-27T11:20:40.1434990Z shell: /bin/bash -e {0}
2022-12-27T11:20:40.1435320Z env:
2022-12-27T11:20:40.1435690Z   pythonLocation: /Users/runner/hostedtoolcache/Python/3.10.9/x64
2022-12-27T11:20:40.1436160Z   PKG_CONFIG_PATH: /Users/runner/hostedtoolcache/Python/3.10.9/x64/lib/pkgconfig
2022-12-27T11:20:40.1436770Z   Python_ROOT_DIR: /Users/runner/hostedtoolcache/Python/3.10.9/x64
2022-12-27T11:20:40.1437150Z   Python2_ROOT_DIR: /Users/runner/hostedtoolcache/Python/3.10.9/x64
2022-12-27T11:20:40.1437630Z   Python3_ROOT_DIR: /Users/runner/hostedtoolcache/Python/3.10.9/x64
2022-12-27T11:20:40.1438010Z ##[endgroup]
2022-12-27T11:20:40.1686380Z ##[group]Run echo "PYTHON_NO_DOTS=$(echo 3.10 | tr -dc '[:alnum:]\n\r' | tr '[:upper:]' '[:lower:]')" >> $GITHUB_OUTPUT
2022-12-27T11:20:40.1687160Z [36;1mecho "PYTHON_NO_DOTS=$(echo 3.10 | tr -dc '[:alnum:]\n\r' | tr '[:upper:]' '[:lower:]')" >> $GITHUB_OUTPUT[0m
2022-12-27T11:20:40.1714280Z shell: /bin/bash -e {0}
2022-12-27T11:20:40.1714600Z env:
2022-12-27T11:20:40.1714980Z   pythonLocation: /Users/runner/hostedtoolcache/Python/3.10.9/x64
2022-12-27T11:20:40.1715380Z   PKG_CONFIG_PATH: /Users/runner/hostedtoolcache/Python/3.10.9/x64/lib/pkgconfig
2022-12-27T11:20:40.1715900Z   Python_ROOT_DIR: /Users/runner/hostedtoolcache/Python/3.10.9/x64
2022-12-27T11:20:40.1716420Z   Python2_ROOT_DIR: /Users/runner/hostedtoolcache/Python/3.10.9/x64
2022-12-27T11:20:40.1716860Z   Python3_ROOT_DIR: /Users/runner/hostedtoolcache/Python/3.10.9/x64
2022-12-27T11:20:40.1717170Z ##[endgroup]
2022-12-27T11:20:40.1982700Z ##[group]Run rm -rf build_lxml11310
2022-12-27T11:20:40.1983210Z [36;1mrm -rf build_lxml11310[0m
2022-12-27T11:20:40.1983500Z [36;1mmkdir build_lxml11310[0m
2022-12-27T11:20:40.1983970Z [36;1mcd build_lxml11310[0m
2022-12-27T11:20:40.1984500Z [36;1m/usr/local/bin/wget --quiet https://files.pythonhosted.org/packages/eb/9f/61f70bf21b0d6b2dc6320d93e5815a822dd700bc546a6194b3d0ee390cdd/lxml-1.1.tar.gz[0m
2022-12-27T11:20:40.1985060Z [36;1mtar xf *.tar.gz[0m
2022-12-27T11:20:40.1985310Z [36;1mcd *[0m
2022-12-27T11:20:40.1985660Z [36;1mpython -m pip install cibuildwheel==2.11.3[0m
2022-12-27T11:20:40.1986070Z [36;1mpython -m cibuildwheel --output-dir ../wheelsout[0m
2022-12-27T11:20:40.2014010Z shell: /bin/bash -e {0}
2022-12-27T11:20:40.2014260Z env:
2022-12-27T11:20:40.2014630Z   pythonLocation: /Users/runner/hostedtoolcache/Python/3.10.9/x64
2022-12-27T11:20:40.2015160Z   PKG_CONFIG_PATH: /Users/runner/hostedtoolcache/Python/3.10.9/x64/lib/pkgconfig
2022-12-27T11:20:40.2015730Z   Python_ROOT_DIR: /Users/runner/hostedtoolcache/Python/3.10.9/x64
2022-12-27T11:20:40.2016100Z   Python2_ROOT_DIR: /Users/runner/hostedtoolcache/Python/3.10.9/x64
2022-12-27T11:20:40.2017410Z   Python3_ROOT_DIR: /Users/runner/hostedtoolcache/Python/3.10.9/x64
2022-12-27T11:20:40.2017860Z   CIBW_ARCHS_MACOS: arm64
2022-12-27T11:20:40.2018190Z   CIBW_TEST_SKIP: *_arm64
2022-12-27T11:20:40.2018460Z   CIBW_BUILD: cp310-macosx_arm64
2022-12-27T11:20:40.2018790Z   CIBW_BUILD_FRONTEND: pip
2022-12-27T11:20:40.2019120Z   CIBW_BUILD_VERBOSITY: 3
2022-12-27T11:20:40.2019740Z   CIBW_ENVIRONMENT_MACOS:  CFLAGS="-I/usr/local/opt/openssl@3/include" LDFLAGS="-L/usr/local/opt/openssl@3/lib" CPPFLAGS="-I/usr/local/opt/openssl@3/include" MAKEFLAGS="-j$(sysctl -n hw.logicalcpu)" PATH=/usr/local/opt/ccache/libexec:$PATH
2022-12-27T11:20:40.2020320Z   CIBW_BEFORE_BUILD: pip install Cython; if [[ -f requirements.txt ]]; then pip install -r requirements.txt; fi
2022-12-27T11:20:40.2020770Z   MAKEFLAGS: -j$(sysctl -n hw.logicalcpu)
2022-12-27T11:20:40.2021100Z ##[endgroup]
2022-12-27T11:20:40.7803610Z Requirement already satisfied: cibuildwheel==2.11.3 in /Users/runner/hostedtoolcache/Python/3.10.9/x64/lib/python3.10/site-packages (2.11.3)
2022-12-27T11:20:40.8191560Z Requirement already satisfied: platformdirs in /Users/runner/hostedtoolcache/Python/3.10.9/x64/lib/python3.10/site-packages (from cibuildwheel==2.11.3) (2.6.0)
2022-12-27T11:20:40.8193560Z Requirement already satisfied: filelock in /Users/runner/hostedtoolcache/Python/3.10.9/x64/lib/python3.10/site-packages (from cibuildwheel==2.11.3) (3.8.2)
2022-12-27T11:20:40.8196500Z Requirement already satisfied: bracex in /Users/runner/hostedtoolcache/Python/3.10.9/x64/lib/python3.10/site-packages (from cibuildwheel==2.11.3) (2.3.post1)
2022-12-27T11:20:40.8204790Z Requirement already satisfied: tomli in /Users/runner/hostedtoolcache/Python/3.10.9/x64/lib/python3.10/site-packages (from cibuildwheel==2.11.3) (2.0.1)
2022-12-27T11:20:40.8216570Z Requirement already satisfied: bashlex!=0.13 in /Users/runner/hostedtoolcache/Python/3.10.9/x64/lib/python3.10/site-packages (from cibuildwheel==2.11.3) (0.16)
2022-12-27T11:20:40.8218370Z Requirement already satisfied: certifi in /Users/runner/hostedtoolcache/Python/3.10.9/x64/lib/python3.10/site-packages (from cibuildwheel==2.11.3) (2022.12.7)
2022-12-27T11:20:40.8227430Z Requirement already satisfied: packaging>=20.9 in /Users/runner/hostedtoolcache/Python/3.10.9/x64/lib/python3.10/site-packages (from cibuildwheel==2.11.3) (22.0)
2022-12-27T11:20:40.8237730Z Requirement already satisfied: typing-extensions>=4.1.0 in /Users/runner/hostedtoolcache/Python/3.10.9/x64/lib/python3.10/site-packages (from cibuildwheel==2.11.3) (4.4.0)
2022-12-27T11:20:41.1443630Z 
2022-12-27T11:20:41.1444560Z      _ _       _ _   _       _           _
2022-12-27T11:20:41.1446580Z  ___|_| |_ _ _|_| |_| |_ _ _| |_ ___ ___| |
2022-12-27T11:20:41.1448810Z |  _| | . | | | | | . | | | |   | -_| -_| |
2022-12-27T11:20:41.1451700Z |___|_|___|___|_|_|___|_____|_|_|___|___|_|
2022-12-27T11:20:41.1452160Z 
2022-12-27T11:20:41.1452470Z cibuildwheel version 2.11.3
2022-12-27T11:20:41.1452860Z 
2022-12-27T11:20:41.1453170Z Build options:
2022-12-27T11:20:41.1453810Z   platform: macos
2022-12-27T11:20:41.1512020Z   architectures: arm64[0m
2022-12-27T11:20:41.1515070Z   build_selector: 
2022-12-27T11:20:41.1518170Z     build_config: cp310-macosx_arm64
2022-12-27T11:20:41.1521630Z     skip_config: 
2022-12-27T11:20:41.1522310Z     requires_python: None
2022-12-27T11:20:41.1523340Z     prerelease_pythons: False[0m
2022-12-27T11:20:41.1524380Z   [38;5;244mcontainer_engine: docker[0m
2022-12-27T11:20:41.1525510Z   output_dir: /Users/runner/actions-runner/_work/python.build/python.build/build_lxml11310/wheelsout[0m
2022-12-27T11:20:41.1526430Z   package_dir: /Users/runner/actions-runner/_work/python.build/python.build/build_lxml11310/lxml-1.1[0m
2022-12-27T11:20:41.1526880Z   test_selector: 
2022-12-27T11:20:41.1527380Z     skip_config: *_arm64[0m
2022-12-27T11:20:41.1527840Z   [38;5;244mbefore_all: [0m
2022-12-27T11:20:41.1528620Z   before_build: pip install Cython; if [[ -f requirements.txt ]]; then pip install -r requirements.txt; fi[0m
2022-12-27T11:20:41.1529190Z   [38;5;244mbefore_test: [0m
2022-12-27T11:20:41.1529590Z   [38;5;244mbuild_frontend: pip[0m
2022-12-27T11:20:41.1530030Z   build_verbosity: 3[0m
2022-12-27T11:20:41.1530470Z   [38;5;244mconfig_settings: [0m
2022-12-27T11:20:41.1531160Z   [38;5;244mdependency_constraints: pinned[0m
2022-12-27T11:20:41.1531460Z   environment: 
2022-12-27T11:20:41.1531920Z     CFLAGS="-I/usr/local/opt/openssl@3/include"
2022-12-27T11:20:41.1532410Z     LDFLAGS="-L/usr/local/opt/openssl@3/lib"
2022-12-27T11:20:41.1532840Z     CPPFLAGS="-I/usr/local/opt/openssl@3/include"
2022-12-27T11:20:41.1533500Z     MAKEFLAGS="-j$(sysctl -n hw.logicalcpu)"
2022-12-27T11:20:41.1534010Z     PATH=/usr/local/opt/ccache/libexec:$PATH[0m
2022-12-27T11:20:41.1534570Z   [38;5;244mmanylinux_images: None[0m
2022-12-27T11:20:41.1535040Z   [38;5;244mmusllinux_images: None[0m
2022-12-27T11:20:41.1535920Z   [38;5;244mrepair_command: delocate-wheel --require-archs {delocate_archs} -w {dest_dir} -v {wheel}[0m
2022-12-27T11:20:41.1537170Z   [38;5;244mtest_command: [0m
2022-12-27T11:20:41.1537590Z   [38;5;244mtest_extras: [0m
2022-12-27T11:20:41.1538000Z   [38;5;244mtest_requires: [0m
2022-12-27T11:20:41.1538210Z 
2022-12-27T11:20:41.1538410Z Cache folder: /Users/runner/Library/Caches/cibuildwheel
2022-12-27T11:20:41.1539210Z 
2022-12-27T11:20:41.1539400Z Here we go!
2022-12-27T11:20:41.1539600Z 
2022-12-27T11:20:41.1657430Z 
2022-12-27T11:20:41.1658550Z [1m[34mBuilding cp310-macosx_arm64 wheel[0m
2022-12-27T11:20:41.1659700Z CPython 3.10 macOS arm64 - Apple Silicon
2022-12-27T11:20:41.1660190Z 
2022-12-27T11:20:41.1663320Z ##[group]Installing Python cp310...
2022-12-27T11:20:41.1664100Z 
2022-12-27T11:20:41.1664810Z + pkgutil --pkgs
2022-12-27T11:20:41.1871010Z ##[endgroup]
2022-12-27T11:20:41.1874210Z                                                               [32mâœ“ [0m0.02s
2022-12-27T11:20:41.1876460Z ##[group]Setting up build environment...
2022-12-27T11:20:41.1876920Z 
2022-12-27T11:20:41.1906920Z + /Users/runner/hostedtoolcache/Python/3.10.9/x64/bin/python -sS /Users/runner/Library/Caches/cibuildwheel/virtualenv-20.17.0.pyz --activators= --no-periodic-update --pip=22.3.1 --setuptools=65.6.3 --wheel=0.38.4 --symlink-app-data --python /Library/Frameworks/Python.framework/Versions/3.10/bin/python3 /private/var/folders/51/hd414ycd67n82196sw51xqtc0000gn/T/cibw-run-qp1495gv/cp310-macosx_arm64/build/venv
2022-12-27T11:20:41.5043780Z created virtual environment CPython3.10.8.final.0-64 in 80ms
2022-12-27T11:20:41.5045410Z   creator CPython3Posix(dest=/private/var/folders/51/hd414ycd67n82196sw51xqtc0000gn/T/cibw-run-qp1495gv/cp310-macosx_arm64/build/venv, clear=False, no_vcs_ignore=False, global=False)
2022-12-27T11:20:41.5047490Z   seeder FromAppData(download=False, pip=22.3.1, setuptools=65.6.3, wheel=0.38.4, via=symlink, app_data_dir=/Users/runner/Library/Application Support/virtualenv)
2022-12-27T11:20:41.5048360Z     added seed packages: pip==22.3.1, setuptools==65.6.3, wheel==0.38.4
2022-12-27T11:20:41.5289560Z + python -m pip install --upgrade pip -c /Users/runner/hostedtoolcache/Python/3.10.9/x64/lib/python3.10/site-packages/cibuildwheel/resources/constraints-python310.txt
2022-12-27T11:20:41.9859400Z Requirement already satisfied: pip in ./lib/python3.10/site-packages (22.3.1)
2022-12-27T11:20:42.2301830Z + which pip
2022-12-27T11:20:42.2348240Z /private/var/folders/51/hd414ycd67n82196sw51xqtc0000gn/T/cibw-run-qp1495gv/cp310-macosx_arm64/build/venv/bin/pip
2022-12-27T11:20:42.2351770Z + pip --version
2022-12-27T11:20:42.5604210Z pip 22.3.1 from /private/var/folders/51/hd414ycd67n82196sw51xqtc0000gn/T/cibw-run-qp1495gv/cp310-macosx_arm64/build/venv/lib/python3.10/site-packages/pip (python 3.10)
2022-12-27T11:20:42.6196820Z + which pip
2022-12-27T11:20:42.6247490Z + which python
2022-12-27T11:20:42.6293850Z /private/var/folders/51/hd414ycd67n82196sw51xqtc0000gn/T/cibw-run-qp1495gv/cp310-macosx_arm64/build/venv/bin/python
2022-12-27T11:20:42.6300410Z + python --version
2022-12-27T11:20:42.6390330Z Python 3.10.8
2022-12-27T11:20:42.6398110Z + which python
2022-12-27T11:20:42.6495770Z ##[endgroup]
2022-12-27T11:20:42.6497700Z                                                               [32mâœ“ [0m1.46s
2022-12-27T11:20:42.6499210Z ##[group]Installing build tools...
2022-12-27T11:20:42.6500210Z 
2022-12-27T11:20:42.6501120Z + pip install --upgrade setuptools wheel delocate -c /Users/runner/hostedtoolcache/Python/3.10.9/x64/lib/python3.10/site-packages/cibuildwheel/resources/constraints-python310.txt
2022-12-27T11:20:43.1032210Z Requirement already satisfied: setuptools in /private/var/folders/51/hd414ycd67n82196sw51xqtc0000gn/T/cibw-run-qp1495gv/cp310-macosx_arm64/build/venv/lib/python3.10/site-packages (65.6.3)
2022-12-27T11:20:43.4176790Z Requirement already satisfied: wheel in /private/var/folders/51/hd414ycd67n82196sw51xqtc0000gn/T/cibw-run-qp1495gv/cp310-macosx_arm64/build/venv/lib/python3.10/site-packages (0.38.4)
2022-12-27T11:20:43.4896180Z Collecting delocate
2022-12-27T11:20:43.4941370Z   Using cached delocate-0.10.3-py3-none-any.whl (142 kB)
2022-12-27T11:20:43.5475160Z Collecting packaging>=20.9
2022-12-27T11:20:43.5518150Z   Using cached packaging-21.3-py3-none-any.whl (40 kB)
2022-12-27T11:20:43.5801020Z Collecting typing-extensions
2022-12-27T11:20:43.5833830Z   Using cached typing_extensions-4.4.0-py3-none-any.whl (26 kB)
2022-12-27T11:20:43.6393010Z Collecting pyparsing!=3.0.5,>=2.0.2
2022-12-27T11:20:43.6431700Z   Using cached pyparsing-3.0.9-py3-none-any.whl (98 kB)
2022-12-27T11:20:43.6961680Z Installing collected packages: typing-extensions, pyparsing, packaging, delocate
2022-12-27T11:20:43.9022160Z Successfully installed delocate-0.10.3 packaging-21.3 pyparsing-3.0.9 typing-extensions-4.4.0
2022-12-27T11:20:44.0386240Z ##[endgroup]
2022-12-27T11:20:44.0387300Z                                                               [32mâœ“ [0m1.39s
2022-12-27T11:20:44.0387930Z ##[group]Running before_build...
2022-12-27T11:20:44.0388130Z 
2022-12-27T11:20:44.0398600Z + pip install Cython; if [[ -f requirements.txt ]]; then pip install -r requirements.txt; fi
2022-12-27T11:20:45.0023990Z Collecting Cython
2022-12-27T11:20:45.0100580Z   Using cached Cython-0.29.32-py2.py3-none-any.whl (986 kB)
2022-12-27T11:20:45.0826090Z Installing collected packages: Cython
2022-12-27T11:20:45.7753440Z Successfully installed Cython-0.29.32
2022-12-27T11:20:45.8994670Z ##[endgroup]
2022-12-27T11:20:45.8995600Z                                                               [32mâœ“ [0m1.86s
2022-12-27T11:20:45.8996260Z ##[group]Building wheel...
2022-12-27T11:20:45.8996490Z 
2022-12-27T11:20:45.9005270Z + python -m pip wheel /Users/runner/actions-runner/_work/python.build/python.build/build_lxml11310/lxml-1.1 --wheel-dir=/private/var/folders/51/hd414ycd67n82196sw51xqtc0000gn/T/cibw-run-qp1495gv/cp310-macosx_arm64/built_wheel --no-deps -vvv
2022-12-27T11:20:46.3091360Z Created temporary directory: /private/var/folders/51/hd414ycd67n82196sw51xqtc0000gn/T/pip-ephem-wheel-cache-2npyu682
2022-12-27T11:20:46.3096450Z Created temporary directory: /private/var/folders/51/hd414ycd67n82196sw51xqtc0000gn/T/pip-build-tracker-imeuweto
2022-12-27T11:20:46.3099240Z Initialized build tracking at /private/var/folders/51/hd414ycd67n82196sw51xqtc0000gn/T/pip-build-tracker-imeuweto
2022-12-27T11:20:46.3101100Z Created build tracker: /private/var/folders/51/hd414ycd67n82196sw51xqtc0000gn/T/pip-build-tracker-imeuweto
2022-12-27T11:20:46.3103170Z Entered build tracker: /private/var/folders/51/hd414ycd67n82196sw51xqtc0000gn/T/pip-build-tracker-imeuweto
2022-12-27T11:20:46.3110010Z Created temporary directory: /private/var/folders/51/hd414ycd67n82196sw51xqtc0000gn/T/pip-wheel-mroa56pc
2022-12-27T11:20:46.3118400Z Created temporary directory: /private/var/folders/51/hd414ycd67n82196sw51xqtc0000gn/T/pip-ephem-wheel-cache-ikjh2mxj
2022-12-27T11:20:46.3447860Z Processing /Users/runner/actions-runner/_work/python.build/python.build/build_lxml11310/lxml-1.1
2022-12-27T11:20:46.3456050Z   Added file:///Users/runner/actions-runner/_work/python.build/python.build/build_lxml11310/lxml-1.1 to build tracker '/private/var/folders/51/hd414ycd67n82196sw51xqtc0000gn/T/pip-build-tracker-imeuweto'
2022-12-27T11:20:46.3461920Z   Running setup.py (path:/Users/runner/actions-runner/_work/python.build/python.build/build_lxml11310/lxml-1.1/setup.py) egg_info for package from file:///Users/runner/actions-runner/_work/python.build/python.build/build_lxml11310/lxml-1.1
2022-12-27T11:20:46.3466270Z   Created temporary directory: /private/var/folders/51/hd414ycd67n82196sw51xqtc0000gn/T/pip-pip-egg-info-3xbn904m
2022-12-27T11:20:46.3468250Z   Preparing metadata (setup.py): started
2022-12-27T11:20:46.3471440Z   Running command python setup.py egg_info
2022-12-27T11:20:46.5749690Z   Traceback (most recent call last):
2022-12-27T11:20:46.5767650Z     File "<string>", line 2, in <module>
2022-12-27T11:20:46.5768470Z     File "<pip-setuptools-caller>", line 34, in <module>
2022-12-27T11:20:46.5769220Z     File "/Users/runner/actions-runner/_work/python.build/python.build/build_lxml11310/lxml-1.1/setup.py", line 30
2022-12-27T11:20:46.5770470Z       raise NotImplementedError, \
2022-12-27T11:20:46.5772910Z                                ^
2022-12-27T11:20:46.5776530Z   SyntaxError: invalid syntax
2022-12-27T11:20:46.6275530Z   error: subprocess-exited-with-error
2022-12-27T11:20:46.6277350Z   
2022-12-27T11:20:46.6279030Z   Ã— python setup.py egg_info did not run successfully.
2022-12-27T11:20:46.6281850Z   â”‚ exit code: 1
2022-12-27T11:20:46.6282780Z   â•°â”€> See above for output.
2022-12-27T11:20:46.6283230Z   
2022-12-27T11:20:46.6284080Z   note: This error originates from a subprocess, and is likely not a problem with pip.
2022-12-27T11:20:46.6291170Z   full command: /private/var/folders/51/hd414ycd67n82196sw51xqtc0000gn/T/cibw-run-qp1495gv/cp310-macosx_arm64/build/venv/bin/python -c '
2022-12-27T11:20:46.6297180Z   exec(compile('"'"''"'"''"'"'
2022-12-27T11:20:46.6299690Z   # This is <pip-setuptools-caller> -- a caller that pip uses to run setup.py
2022-12-27T11:20:46.6302950Z   #
2022-12-27T11:20:46.6304050Z   # - It imports setuptools before invoking setup.py, to enable projects that directly
2022-12-27T11:20:46.6304920Z   #   import from `distutils.core` to work with newer packaging standards.
2022-12-27T11:20:46.6305890Z   # - It provides a clear error message when setuptools is not installed.
2022-12-27T11:20:46.6306790Z   # - It sets `sys.argv[0]` to the underlying `setup.py`, when invoking `setup.py` so
2022-12-27T11:20:46.6307860Z   #   setuptools doesn'"'"'t think the script is `-c`. This avoids the following warning:
2022-12-27T11:20:46.6308650Z   #     manifest_maker: standard file '"'"'-c'"'"' not found".
2022-12-27T11:20:46.6309590Z   # - It generates a shim setup.py, for handling setup.cfg-only projects.
2022-12-27T11:20:46.6310080Z   import os, sys, tokenize
2022-12-27T11:20:46.6310350Z   
2022-12-27T11:20:46.6311160Z   try:
2022-12-27T11:20:46.6311660Z       import setuptools
2022-12-27T11:20:46.6311960Z   except ImportError as error:
2022-12-27T11:20:46.6312310Z       print(
2022-12-27T11:20:46.6312850Z           "ERROR: Can not execute `setup.py` since setuptools is not available in "
2022-12-27T11:20:46.6313450Z   Preparing metadata (setup.py): finished with status 'error'
2022-12-27T11:20:46.6314120Z           "the build environment.",
2022-12-27T11:20:46.6314500Z           file=sys.stderr,
2022-12-27T11:20:46.6314840Z       )
2022-12-27T11:20:46.6315140Z       sys.exit(1)
2022-12-27T11:20:46.6315630Z   
2022-12-27T11:20:46.6316460Z   __file__ = %r
2022-12-27T11:20:46.6316910Z   sys.argv[0] = __file__
2022-12-27T11:20:46.6317470Z   
2022-12-27T11:20:46.6317950Z   if os.path.exists(__file__):
2022-12-27T11:20:46.6318250Z       filename = __file__
2022-12-27T11:20:46.6318750Z       with tokenize.open(__file__) as f:
2022-12-27T11:20:46.6319150Z           setup_py_code = f.read()
2022-12-27T11:20:46.6319470Z   else:
2022-12-27T11:20:46.6320070Z       filename = "<auto-generated setuptools caller>"
2022-12-27T11:20:46.6320630Z       setup_py_code = "from setuptools import setup; setup()"
2022-12-27T11:20:46.6320940Z   
2022-12-27T11:20:46.6321400Z   exec(compile(setup_py_code, filename, "exec"))
2022-12-27T11:20:46.6322410Z   '"'"''"'"''"'"' % ('"'"'/Users/runner/actions-runner/_work/python.build/python.build/build_lxml11310/lxml-1.1/setup.py'"'"',), "<pip-setuptools-caller>", "exec"))' egg_info --egg-base /private/var/folders/51/hd414ycd67n82196sw51xqtc0000gn/T/pip-pip-egg-info-3xbn904m
2022-12-27T11:20:46.6323380Z   cwd: /Users/runner/actions-runner/_work/python.build/python.build/build_lxml11310/lxml-1.1/
2022-12-27T11:20:46.6324030Z error: metadata-generation-failed
2022-12-27T11:20:46.6324370Z 
2022-12-27T11:20:46.6324780Z Ã— Encountered error while generating package metadata.
2022-12-27T11:20:46.6325410Z â•°â”€> See above for output.
2022-12-27T11:20:46.6325670Z 
2022-12-27T11:20:46.6325940Z note: This is an issue with the package mentioned above, not pip.
2022-12-27T11:20:46.6326290Z hint: See above for details.
2022-12-27T11:20:46.6358030Z Exception information:
2022-12-27T11:20:46.6359330Z Traceback (most recent call last):
2022-12-27T11:20:46.6362850Z   File "/private/var/folders/51/hd414ycd67n82196sw51xqtc0000gn/T/cibw-run-qp1495gv/cp310-macosx_arm64/build/venv/lib/python3.10/site-packages/pip/_internal/operations/build/metadata_legacy.py", line 64, in generate_metadata
2022-12-27T11:20:46.6364920Z     call_subprocess(
2022-12-27T11:20:46.6366550Z   File "/private/var/folders/51/hd414ycd67n82196sw51xqtc0000gn/T/cibw-run-qp1495gv/cp310-macosx_arm64/build/venv/lib/python3.10/site-packages/pip/_internal/utils/subprocess.py", line 224, in call_subprocess
2022-12-27T11:20:46.6367340Z     raise error
2022-12-27T11:20:46.6518250Z pip._internal.exceptions.InstallationSubprocessError: python setup.py egg_info exited with 1
2022-12-27T11:20:46.6518670Z 
2022-12-27T11:20:46.6518880Z The above exception was the direct cause of the following exception:
2022-12-27T11:20:46.6520210Z 
2022-12-27T11:20:46.6520370Z Traceback (most recent call last):
2022-12-27T11:20:46.6522190Z   File "/private/var/folders/51/hd414ycd67n82196sw51xqtc0000gn/T/cibw-run-qp1495gv/cp310-macosx_arm64/build/venv/lib/python3.10/site-packages/pip/_internal/cli/base_command.py", line 160, in exc_logging_wrapper
2022-12-27T11:20:46.6522790Z     status = run_func(*args)
2022-12-27T11:20:46.6523990Z   File "/private/var/folders/51/hd414ycd67n82196sw51xqtc0000gn/T/cibw-run-qp1495gv/cp310-macosx_arm64/build/venv/lib/python3.10/site-packages/pip/_internal/cli/req_command.py", line 247, in wrapper
2022-12-27T11:20:46.6524590Z     return func(self, options, args)
2022-12-27T11:20:46.6525320Z   File "/private/var/folders/51/hd414ycd67n82196sw51xqtc0000gn/T/cibw-run-qp1495gv/cp310-macosx_arm64/build/venv/lib/python3.10/site-packages/pip/_internal/commands/wheel.py", line 170, in run
2022-12-27T11:20:46.6525920Z     requirement_set = resolver.resolve(reqs, check_supported_wheels=True)
2022-12-27T11:20:46.6527720Z   File "/private/var/folders/51/hd414ycd67n82196sw51xqtc0000gn/T/cibw-run-qp1495gv/cp310-macosx_arm64/build/venv/lib/python3.10/site-packages/pip/_internal/resolution/resolvelib/resolver.py", line 73, in resolve
2022-12-27T11:20:46.6528560Z     collected = self.factory.collect_root_requirements(root_reqs)
2022-12-27T11:20:46.6529470Z   File "/private/var/folders/51/hd414ycd67n82196sw51xqtc0000gn/T/cibw-run-qp1495gv/cp310-macosx_arm64/build/venv/lib/python3.10/site-packages/pip/_internal/resolution/resolvelib/factory.py", line 491, in collect_root_requirements
2022-12-27T11:20:46.6530100Z     req = self._make_requirement_from_install_req(
2022-12-27T11:20:46.6531000Z   File "/private/var/folders/51/hd414ycd67n82196sw51xqtc0000gn/T/cibw-run-qp1495gv/cp310-macosx_arm64/build/venv/lib/python3.10/site-packages/pip/_internal/resolution/resolvelib/factory.py", line 453, in _make_requirement_from_install_req
2022-12-27T11:20:46.6531690Z     cand = self._make_candidate_from_link(
2022-12-27T11:20:46.6532540Z   File "/private/var/folders/51/hd414ycd67n82196sw51xqtc0000gn/T/cibw-run-qp1495gv/cp310-macosx_arm64/build/venv/lib/python3.10/site-packages/pip/_internal/resolution/resolvelib/factory.py", line 206, in _make_candidate_from_link
2022-12-27T11:20:46.6533160Z     self._link_candidate_cache[link] = LinkCandidate(
2022-12-27T11:20:46.6533950Z   File "/private/var/folders/51/hd414ycd67n82196sw51xqtc0000gn/T/cibw-run-qp1495gv/cp310-macosx_arm64/build/venv/lib/python3.10/site-packages/pip/_internal/resolution/resolvelib/candidates.py", line 297, in __init__
2022-12-27T11:20:46.6534490Z     super().__init__(
2022-12-27T11:20:46.6535210Z   File "/private/var/folders/51/hd414ycd67n82196sw51xqtc0000gn/T/cibw-run-qp1495gv/cp310-macosx_arm64/build/venv/lib/python3.10/site-packages/pip/_internal/resolution/resolvelib/candidates.py", line 162, in __init__
2022-12-27T11:20:46.6535790Z     self.dist = self._prepare()
2022-12-27T11:20:46.6536610Z   File "/private/var/folders/51/hd414ycd67n82196sw51xqtc0000gn/T/cibw-run-qp1495gv/cp310-macosx_arm64/build/venv/lib/python3.10/site-packages/pip/_internal/resolution/resolvelib/candidates.py", line 231, in _prepare
2022-12-27T11:20:46.6537610Z     dist = self._prepare_distribution()
2022-12-27T11:20:46.6538540Z   File "/private/var/folders/51/hd414ycd67n82196sw51xqtc0000gn/T/cibw-run-qp1495gv/cp310-macosx_arm64/build/venv/lib/python3.10/site-packages/pip/_internal/resolution/resolvelib/candidates.py", line 308, in _prepare_distribution
2022-12-27T11:20:46.6539230Z     return preparer.prepare_linked_requirement(self._ireq, parallel_builds=True)
2022-12-27T11:20:46.6540070Z   File "/private/var/folders/51/hd414ycd67n82196sw51xqtc0000gn/T/cibw-run-qp1495gv/cp310-macosx_arm64/build/venv/lib/python3.10/site-packages/pip/_internal/operations/prepare.py", line 491, in prepare_linked_requirement
2022-12-27T11:20:46.6540800Z     return self._prepare_linked_requirement(req, parallel_builds)
2022-12-27T11:20:46.6541790Z   File "/private/var/folders/51/hd414ycd67n82196sw51xqtc0000gn/T/cibw-run-qp1495gv/cp310-macosx_arm64/build/venv/lib/python3.10/site-packages/pip/_internal/operations/prepare.py", line 577, in _prepare_linked_requirement
2022-12-27T11:20:46.6542400Z     dist = _get_prepared_distribution(
2022-12-27T11:20:46.6543250Z   File "/private/var/folders/51/hd414ycd67n82196sw51xqtc0000gn/T/cibw-run-qp1495gv/cp310-macosx_arm64/build/venv/lib/python3.10/site-packages/pip/_internal/operations/prepare.py", line 69, in _get_prepared_distribution
2022-12-27T11:20:46.6543860Z     abstract_dist.prepare_distribution_metadata(
2022-12-27T11:20:46.6544660Z   File "/private/var/folders/51/hd414ycd67n82196sw51xqtc0000gn/T/cibw-run-qp1495gv/cp310-macosx_arm64/build/venv/lib/python3.10/site-packages/pip/_internal/distributions/sdist.py", line 61, in prepare_distribution_metadata
2022-12-27T11:20:46.6545270Z     self.req.prepare_metadata()
2022-12-27T11:20:46.6546360Z   File "/private/var/folders/51/hd414ycd67n82196sw51xqtc0000gn/T/cibw-run-qp1495gv/cp310-macosx_arm64/build/venv/lib/python3.10/site-packages/pip/_internal/req/req_install.py", line 541, in prepare_metadata
2022-12-27T11:20:46.6546960Z     self.metadata_directory = generate_metadata_legacy(
2022-12-27T11:20:46.6547850Z   File "/private/var/folders/51/hd414ycd67n82196sw51xqtc0000gn/T/cibw-run-qp1495gv/cp310-macosx_arm64/build/venv/lib/python3.10/site-packages/pip/_internal/operations/build/metadata_legacy.py", line 71, in generate_metadata
2022-12-27T11:20:46.6548400Z     raise MetadataGenerationFailed(package_details=details) from error
2022-12-27T11:20:46.6548890Z pip._internal.exceptions.MetadataGenerationFailed: metadata generation failed
2022-12-27T11:20:46.6549680Z Removed file:///Users/runner/actions-runner/_work/python.build/python.build/build_lxml11310/lxml-1.1 from build tracker '/private/var/folders/51/hd414ycd67n82196sw51xqtc0000gn/T/pip-build-tracker-imeuweto'
2022-12-27T11:20:46.6550430Z Removed build tracker: '/private/var/folders/51/hd414ycd67n82196sw51xqtc0000gn/T/pip-build-tracker-imeuweto'
2022-12-27T11:20:46.7378950Z ##[error]Command ['python', '-m', 'pip', 'wheel', '/Users/runner/actions-runner/_work/python.build/python.build/build_lxml11310/lxml-1.1', '--wheel-dir=/private/var/folders/51/hd414ycd67n82196sw51xqtc0000gn/T/cibw-run-qp1495gv/cp310-macosx_arm64/built_wheel', '--no-deps', '-vvv'] failed with code 1. None
2022-12-27T11:20:46.7389220Z ##[endgroup]
2022-12-27T11:20:46.7389470Z 
2022-12-27T11:20:46.7390000Z                                                               [31mâœ• [0m0.83s
2022-12-27T11:20:46.8219830Z ##[error]Process completed with exit code 1.
2022-12-27T11:20:46.8280170Z ##[group]Run rm -rf build_lxml11310 wheelsout
2022-12-27T11:20:46.8280610Z [36;1mrm -rf build_lxml11310 wheelsout[0m
2022-12-27T11:20:46.8307490Z shell: /bin/bash -e {0}
2022-12-27T11:20:46.8307810Z env:
2022-12-27T11:20:46.8308130Z   pythonLocation: /Users/runner/hostedtoolcache/Python/3.10.9/x64
2022-12-27T11:20:46.8308580Z   PKG_CONFIG_PATH: /Users/runner/hostedtoolcache/Python/3.10.9/x64/lib/pkgconfig
2022-12-27T11:20:46.8309200Z   Python_ROOT_DIR: /Users/runner/hostedtoolcache/Python/3.10.9/x64
2022-12-27T11:20:46.8309620Z   Python2_ROOT_DIR: /Users/runner/hostedtoolcache/Python/3.10.9/x64
2022-12-27T11:20:46.8310460Z   Python3_ROOT_DIR: /Users/runner/hostedtoolcache/Python/3.10.9/x64
2022-12-27T11:20:46.8310760Z ##[endgroup]
2022-12-27T11:20:46.8859210Z Cleaning up orphan processes
