2022-12-27T01:53:02.3434722Z Requested labels: self-hosted, macOS, X64
2022-12-27T01:53:02.3434784Z Job defined at: kilnbuild/python.build/.github/workflows/mac_arm_build.yml@refs/heads/main
2022-12-27T01:53:02.3434814Z Waiting for a runner to pick up this job...
2022-12-27T02:18:28.2202136Z Job is about to start running on the runner: k2 (organization)
2022-12-27T02:18:31.3158620Z Current runner version: '2.300.2'
2022-12-27T02:18:31.3163410Z Runner name: 'k2'
2022-12-27T02:18:31.3163650Z Runner group name: 'Default'
2022-12-27T02:18:31.3164040Z Machine name: 'k2'
2022-12-27T02:18:31.3165490Z ##[group]GITHUB_TOKEN Permissions
2022-12-27T02:18:31.3165900Z Actions: write
2022-12-27T02:18:31.3166040Z Checks: write
2022-12-27T02:18:31.3166170Z Contents: write
2022-12-27T02:18:31.3166310Z Deployments: write
2022-12-27T02:18:31.3166450Z Discussions: write
2022-12-27T02:18:31.3166590Z Issues: write
2022-12-27T02:18:31.3166710Z Metadata: read
2022-12-27T02:18:31.3166840Z Packages: write
2022-12-27T02:18:31.3166980Z Pages: write
2022-12-27T02:18:31.3167110Z PullRequests: write
2022-12-27T02:18:31.3167270Z RepositoryProjects: write
2022-12-27T02:18:31.3167430Z SecurityEvents: write
2022-12-27T02:18:31.3167570Z Statuses: write
2022-12-27T02:18:31.3167700Z ##[endgroup]
2022-12-27T02:18:31.3170080Z Secret source: Actions
2022-12-27T02:18:31.3170390Z Prepare workflow directory
2022-12-27T02:18:31.3825070Z Prepare all required actions
2022-12-27T02:18:31.3953080Z Getting action download info
2022-12-27T02:18:31.8525800Z Download action repository 'actions/setup-python@v4' (SHA:5ccb29d8773c3f3f653e1705f474dfaa8a06a912)
2022-12-27T02:18:33.7100000Z Download action repository 'actions/upload-artifact@v3' (SHA:83fd05a356d7e2593de66fc9913b3002723633cb)
2022-12-27T02:18:35.0625110Z ##[group]Run echo '{
2022-12-27T02:18:35.0625390Z [36;1mecho '{[0m
2022-12-27T02:18:35.0625640Z [36;1m  "environment_variables": "GRPC_PYTHON_BUILD_WITH_CYTHON=1 GRPC_BUILD_WITH_BORING_SSL_ASM='' GRPC_PYTHON_BUILD_SYSTEM_OPENSSL=TRUE",[0m
2022-12-27T02:18:35.0625910Z [36;1m  "package_name": "grpcio",[0m
2022-12-27T02:18:35.0626190Z [36;1m  "package_url": "https://files.pythonhosted.org/packages/57/f3/465521e2fbab1504530b90550f0487e96e2799f934d1098219623efb49ef/grpcio-1.6.3.tar.gz",[0m
2022-12-27T02:18:35.0626430Z [36;1m  "package_version": "1.6.3",[0m
2022-12-27T02:18:35.0626580Z [36;1m  "python_version": "3.7",[0m
2022-12-27T02:18:35.0626760Z [36;1m  "use_ccache": "true"[0m
2022-12-27T02:18:35.0626890Z [36;1m}'[0m
2022-12-27T02:18:35.0642250Z shell: /bin/bash -e {0}
2022-12-27T02:18:35.0642480Z ##[endgroup]
2022-12-27T02:18:35.0861680Z {
2022-12-27T02:18:35.0863200Z   "environment_variables": "GRPC_PYTHON_BUILD_WITH_CYTHON=1 GRPC_BUILD_WITH_BORING_SSL_ASM= GRPC_PYTHON_BUILD_SYSTEM_OPENSSL=TRUE",
2022-12-27T02:18:35.0863470Z   "package_name": "grpcio",
2022-12-27T02:18:35.0864250Z   "package_url": "https://files.pythonhosted.org/packages/57/f3/465521e2fbab1504530b90550f0487e96e2799f934d1098219623efb49ef/grpcio-1.6.3.tar.gz",
2022-12-27T02:18:35.0864540Z   "package_version": "1.6.3",
2022-12-27T02:18:35.0864680Z   "python_version": "3.7",
2022-12-27T02:18:35.0864850Z   "use_ccache": "true"
2022-12-27T02:18:35.0865010Z }
2022-12-27T02:18:35.1072570Z ##[group]Run actions/setup-python@v4
2022-12-27T02:18:35.1072870Z with:
2022-12-27T02:18:35.1073010Z   python-version: 3.7
2022-12-27T02:18:35.1073180Z   check-latest: false
2022-12-27T02:18:35.1073490Z   token: ***
2022-12-27T02:18:35.1073660Z   update-environment: true
2022-12-27T02:18:35.1073870Z ##[endgroup]
2022-12-27T02:18:35.2313470Z ##[group]Installed versions
2022-12-27T02:18:35.2421140Z Successfully set up CPython (3.7.15)
2022-12-27T02:18:35.2422530Z ##[endgroup]
2022-12-27T02:18:35.2566860Z ##[group]Run if [ "true" == "true" ]
2022-12-27T02:18:35.2567080Z [36;1mif [ "true" == "true" ][0m
2022-12-27T02:18:35.2567280Z [36;1mthen[0m
2022-12-27T02:18:35.2567510Z [36;1m  echo "CCACHE_PATH_PREPEND=/usr/local/opt/ccache/libexec" >> $GITHUB_OUTPUT[0m
2022-12-27T02:18:35.2567760Z [36;1melse[0m
2022-12-27T02:18:35.2567960Z [36;1m  echo "CCACHE_PATH_PREPEND=" >> $GITHUB_OUTPUT[0m
2022-12-27T02:18:35.2568150Z [36;1mfi[0m
2022-12-27T02:18:35.2584870Z shell: /bin/bash -e {0}
2022-12-27T02:18:35.2585070Z env:
2022-12-27T02:18:35.2585300Z   pythonLocation: /Users/runner/hostedtoolcache/Python/3.7.15/x64
2022-12-27T02:18:35.2585570Z   PKG_CONFIG_PATH: /Users/runner/hostedtoolcache/Python/3.7.15/x64/lib/pkgconfig
2022-12-27T02:18:35.2586210Z   Python_ROOT_DIR: /Users/runner/hostedtoolcache/Python/3.7.15/x64
2022-12-27T02:18:35.2586520Z   Python2_ROOT_DIR: /Users/runner/hostedtoolcache/Python/3.7.15/x64
2022-12-27T02:18:35.2586810Z   Python3_ROOT_DIR: /Users/runner/hostedtoolcache/Python/3.7.15/x64
2022-12-27T02:18:35.2586980Z ##[endgroup]
2022-12-27T02:18:35.2698240Z ##[group]Run echo "BUILD_NAME=$(echo grpcio_1.6.3_3.7 | tr -dc '[:alnum:]\n\r' | tr '[:upper:]' '[:lower:]')" >> $GITHUB_OUTPUT
2022-12-27T02:18:35.2698700Z [36;1mecho "BUILD_NAME=$(echo grpcio_1.6.3_3.7 | tr -dc '[:alnum:]\n\r' | tr '[:upper:]' '[:lower:]')" >> $GITHUB_OUTPUT[0m
2022-12-27T02:18:35.2713480Z shell: /bin/bash -e {0}
2022-12-27T02:18:35.2713630Z env:
2022-12-27T02:18:35.2713840Z   pythonLocation: /Users/runner/hostedtoolcache/Python/3.7.15/x64
2022-12-27T02:18:35.2714100Z   PKG_CONFIG_PATH: /Users/runner/hostedtoolcache/Python/3.7.15/x64/lib/pkgconfig
2022-12-27T02:18:35.2714420Z   Python_ROOT_DIR: /Users/runner/hostedtoolcache/Python/3.7.15/x64
2022-12-27T02:18:35.2714660Z   Python2_ROOT_DIR: /Users/runner/hostedtoolcache/Python/3.7.15/x64
2022-12-27T02:18:35.2714940Z   Python3_ROOT_DIR: /Users/runner/hostedtoolcache/Python/3.7.15/x64
2022-12-27T02:18:35.2715140Z ##[endgroup]
2022-12-27T02:18:35.2867380Z ##[group]Run echo "PYTHON_NO_DOTS=$(echo 3.7 | tr -dc '[:alnum:]\n\r' | tr '[:upper:]' '[:lower:]')" >> $GITHUB_OUTPUT
2022-12-27T02:18:35.2867730Z [36;1mecho "PYTHON_NO_DOTS=$(echo 3.7 | tr -dc '[:alnum:]\n\r' | tr '[:upper:]' '[:lower:]')" >> $GITHUB_OUTPUT[0m
2022-12-27T02:18:35.2881250Z shell: /bin/bash -e {0}
2022-12-27T02:18:35.2881430Z env:
2022-12-27T02:18:35.2881610Z   pythonLocation: /Users/runner/hostedtoolcache/Python/3.7.15/x64
2022-12-27T02:18:35.2882270Z   PKG_CONFIG_PATH: /Users/runner/hostedtoolcache/Python/3.7.15/x64/lib/pkgconfig
2022-12-27T02:18:35.2882500Z   Python_ROOT_DIR: /Users/runner/hostedtoolcache/Python/3.7.15/x64
2022-12-27T02:18:35.2882740Z   Python2_ROOT_DIR: /Users/runner/hostedtoolcache/Python/3.7.15/x64
2022-12-27T02:18:35.2883010Z   Python3_ROOT_DIR: /Users/runner/hostedtoolcache/Python/3.7.15/x64
2022-12-27T02:18:35.2883200Z ##[endgroup]
2022-12-27T02:18:35.3007570Z ##[group]Run rm -rf build_grpcio16337
2022-12-27T02:18:35.3007890Z [36;1mrm -rf build_grpcio16337[0m
2022-12-27T02:18:35.3008060Z [36;1mmkdir build_grpcio16337[0m
2022-12-27T02:18:35.3008330Z [36;1mcd build_grpcio16337[0m
2022-12-27T02:18:35.3008700Z [36;1m/usr/local/bin/wget --quiet https://files.pythonhosted.org/packages/57/f3/465521e2fbab1504530b90550f0487e96e2799f934d1098219623efb49ef/grpcio-1.6.3.tar.gz[0m
2022-12-27T02:18:35.3009030Z [36;1mtar xf *.tar.gz[0m
2022-12-27T02:18:35.3009280Z [36;1mcd grpcio-*/[0m
2022-12-27T02:18:35.3009520Z [36;1mpython -m pip install cibuildwheel==2.11.3[0m
2022-12-27T02:18:35.3009910Z [36;1mpython -m cibuildwheel --output-dir ../wheelsout[0m
2022-12-27T02:18:35.3025270Z shell: /bin/bash -e {0}
2022-12-27T02:18:35.3025520Z env:
2022-12-27T02:18:35.3025750Z   pythonLocation: /Users/runner/hostedtoolcache/Python/3.7.15/x64
2022-12-27T02:18:35.3026120Z   PKG_CONFIG_PATH: /Users/runner/hostedtoolcache/Python/3.7.15/x64/lib/pkgconfig
2022-12-27T02:18:35.3026420Z   Python_ROOT_DIR: /Users/runner/hostedtoolcache/Python/3.7.15/x64
2022-12-27T02:18:35.3026630Z   Python2_ROOT_DIR: /Users/runner/hostedtoolcache/Python/3.7.15/x64
2022-12-27T02:18:35.3026870Z   Python3_ROOT_DIR: /Users/runner/hostedtoolcache/Python/3.7.15/x64
2022-12-27T02:18:35.3027150Z   CIBW_ARCHS_MACOS: arm64
2022-12-27T02:18:35.3027290Z   CIBW_TEST_SKIP: *_arm64
2022-12-27T02:18:35.3027470Z   CIBW_BUILD: cp37-macosx_arm64
2022-12-27T02:18:35.3027640Z   CIBW_BUILD_FRONTEND: pip
2022-12-27T02:18:35.3027830Z   CIBW_BUILD_VERBOSITY: 3
2022-12-27T02:18:35.3028360Z   CIBW_ENVIRONMENT_MACOS: GRPC_PYTHON_BUILD_WITH_CYTHON=1 GRPC_BUILD_WITH_BORING_SSL_ASM='' GRPC_PYTHON_BUILD_SYSTEM_OPENSSL=TRUE CFLAGS="-I/usr/local/opt/openssl@3/include" LDFLAGS="-L/usr/local/opt/openssl@3/lib" CPPFLAGS="-I/usr/local/opt/openssl@3/include" MAKEFLAGS="-j$(sysctl -n hw.logicalcpu)" PATH=/usr/local/opt/ccache/libexec:$PATH
2022-12-27T02:18:35.3029120Z   CIBW_BEFORE_BUILD: pip install Cython; if [[ -f requirements.txt ]]; then pip install -r requirements.txt; fi
2022-12-27T02:18:35.3029370Z   MAKEFLAGS: -j$(sysctl -n hw.logicalcpu)
2022-12-27T02:18:35.3029540Z ##[endgroup]
2022-12-27T02:18:36.7659380Z Requirement already satisfied: cibuildwheel==2.11.3 in /Users/runner/hostedtoolcache/Python/3.7.15/x64/lib/python3.7/site-packages (2.11.3)
2022-12-27T02:18:36.7956560Z Requirement already satisfied: bashlex!=0.13 in /Users/runner/hostedtoolcache/Python/3.7.15/x64/lib/python3.7/site-packages (from cibuildwheel==2.11.3) (0.16)
2022-12-27T02:18:36.7962780Z Requirement already satisfied: tomli in /Users/runner/hostedtoolcache/Python/3.7.15/x64/lib/python3.7/site-packages (from cibuildwheel==2.11.3) (2.0.1)
2022-12-27T02:18:36.7968070Z Requirement already satisfied: packaging>=20.9 in /Users/runner/hostedtoolcache/Python/3.7.15/x64/lib/python3.7/site-packages (from cibuildwheel==2.11.3) (22.0)
2022-12-27T02:18:36.7972350Z Requirement already satisfied: filelock in /Users/runner/hostedtoolcache/Python/3.7.15/x64/lib/python3.7/site-packages (from cibuildwheel==2.11.3) (3.8.2)
2022-12-27T02:18:36.7977360Z Requirement already satisfied: platformdirs in /Users/runner/hostedtoolcache/Python/3.7.15/x64/lib/python3.7/site-packages (from cibuildwheel==2.11.3) (2.6.0)
2022-12-27T02:18:36.7980270Z Requirement already satisfied: bracex in /Users/runner/hostedtoolcache/Python/3.7.15/x64/lib/python3.7/site-packages (from cibuildwheel==2.11.3) (2.3.post1)
2022-12-27T02:18:36.7983610Z Requirement already satisfied: certifi in /Users/runner/hostedtoolcache/Python/3.7.15/x64/lib/python3.7/site-packages (from cibuildwheel==2.11.3) (2022.12.7)
2022-12-27T02:18:36.7993100Z Requirement already satisfied: typing-extensions>=4.1.0 in /Users/runner/hostedtoolcache/Python/3.7.15/x64/lib/python3.7/site-packages (from cibuildwheel==2.11.3) (4.4.0)
2022-12-27T02:18:36.9804780Z 
2022-12-27T02:18:36.9805340Z      _ _       _ _   _       _           _
2022-12-27T02:18:36.9805980Z  ___|_| |_ _ _|_| |_| |_ _ _| |_ ___ ___| |
2022-12-27T02:18:36.9807230Z |  _| | . | | | | | . | | | |   | -_| -_| |
2022-12-27T02:18:36.9807570Z |___|_|___|___|_|_|___|_____|_|_|___|___|_|
2022-12-27T02:18:36.9807730Z 
2022-12-27T02:18:36.9807860Z cibuildwheel version 2.11.3
2022-12-27T02:18:36.9808030Z 
2022-12-27T02:18:36.9808110Z Build options:
2022-12-27T02:18:36.9808450Z   platform: macos
2022-12-27T02:18:37.0030490Z   architectures: arm64[0m
2022-12-27T02:18:37.0030980Z   build_selector: 
2022-12-27T02:18:37.0031620Z     build_config: cp37-macosx_arm64
2022-12-27T02:18:37.0031990Z     skip_config: 
2022-12-27T02:18:37.0032630Z     requires_python: None
2022-12-27T02:18:37.0032970Z     prerelease_pythons: False[0m
2022-12-27T02:18:37.0033360Z   [38;5;244mcontainer_engine: docker[0m
2022-12-27T02:18:37.0033990Z   output_dir: /Users/runner/actions-runner/_work/python.build/python.build/build_grpcio16337/wheelsout[0m
2022-12-27T02:18:37.0034610Z   package_dir: /Users/runner/actions-runner/_work/python.build/python.build/build_grpcio16337/grpcio-1.6.3[0m
2022-12-27T02:18:37.0035000Z   test_selector: 
2022-12-27T02:18:37.0035750Z cibuildwheel: No build identifiers selected: BuildSelector(build_config='cp37-macosx_arm64', skip_config='', requires_python=None, prerelease_pythons=False)
2022-12-27T02:18:37.0036230Z     skip_config: *_arm64[0m
2022-12-27T02:18:37.0036660Z   [38;5;244mbefore_all: [0m
2022-12-27T02:18:37.0037150Z   before_build: pip install Cython; if [[ -f requirements.txt ]]; then pip install -r requirements.txt; fi[0m
2022-12-27T02:18:37.0037560Z   [38;5;244mbefore_test: [0m
2022-12-27T02:18:37.0037880Z   [38;5;244mbuild_frontend: pip[0m
2022-12-27T02:18:37.0038170Z   build_verbosity: 3[0m
2022-12-27T02:18:37.0038530Z   [38;5;244mconfig_settings: [0m
2022-12-27T02:18:37.0038910Z   [38;5;244mdependency_constraints: pinned[0m
2022-12-27T02:18:37.0039140Z   environment: 
2022-12-27T02:18:37.0039740Z     GRPC_PYTHON_BUILD_WITH_CYTHON=1
2022-12-27T02:18:37.0040120Z     GRPC_BUILD_WITH_BORING_SSL_ASM=''
2022-12-27T02:18:37.0040390Z     GRPC_PYTHON_BUILD_SYSTEM_OPENSSL=TRUE
2022-12-27T02:18:37.0040770Z     CFLAGS="-I/usr/local/opt/openssl@3/include"
2022-12-27T02:18:37.0041140Z     LDFLAGS="-L/usr/local/opt/openssl@3/lib"
2022-12-27T02:18:37.0041510Z     CPPFLAGS="-I/usr/local/opt/openssl@3/include"
2022-12-27T02:18:37.0041900Z     MAKEFLAGS="-j$(sysctl -n hw.logicalcpu)"
2022-12-27T02:18:37.0042270Z     PATH=/usr/local/opt/ccache/libexec:$PATH[0m
2022-12-27T02:18:37.0042620Z   [38;5;244mmanylinux_images: None[0m
2022-12-27T02:18:37.0042960Z   [38;5;244mmusllinux_images: None[0m
2022-12-27T02:18:37.0043440Z   [38;5;244mrepair_command: delocate-wheel --require-archs {delocate_archs} -w {dest_dir} -v {wheel}[0m
2022-12-27T02:18:37.0043890Z   [38;5;244mtest_command: [0m
2022-12-27T02:18:37.0044170Z   [38;5;244mtest_extras: [0m
2022-12-27T02:18:37.0044480Z   [38;5;244mtest_requires: [0m
2022-12-27T02:18:37.0044640Z 
2022-12-27T02:18:37.0044790Z Cache folder: /Users/runner/Library/Caches/cibuildwheel
2022-12-27T02:18:37.0044980Z 
2022-12-27T02:18:37.0045130Z Here we go!
2022-12-27T02:18:37.0045230Z 
2022-12-27T02:18:37.0189250Z ##[error]Process completed with exit code 3.
2022-12-27T02:18:37.0226490Z ##[group]Run rm -rf build_grpcio16337 wheelsout
2022-12-27T02:18:37.0226750Z [36;1mrm -rf build_grpcio16337 wheelsout[0m
2022-12-27T02:18:37.0242000Z shell: /bin/bash -e {0}
2022-12-27T02:18:37.0242170Z env:
2022-12-27T02:18:37.0242370Z   pythonLocation: /Users/runner/hostedtoolcache/Python/3.7.15/x64
2022-12-27T02:18:37.0242600Z   PKG_CONFIG_PATH: /Users/runner/hostedtoolcache/Python/3.7.15/x64/lib/pkgconfig
2022-12-27T02:18:37.0242900Z   Python_ROOT_DIR: /Users/runner/hostedtoolcache/Python/3.7.15/x64
2022-12-27T02:18:37.0243140Z   Python2_ROOT_DIR: /Users/runner/hostedtoolcache/Python/3.7.15/x64
2022-12-27T02:18:37.0243360Z   Python3_ROOT_DIR: /Users/runner/hostedtoolcache/Python/3.7.15/x64
2022-12-27T02:18:37.0243530Z ##[endgroup]
2022-12-27T02:18:37.3139630Z Cleaning up orphan processes
