2022-12-27T08:53:24.6039119Z Requested labels: self-hosted, macOS, X64
2022-12-27T08:53:24.6039224Z Job defined at: kilnbuild/python.build/.github/workflows/mac_arm_build.yml@refs/heads/main
2022-12-27T08:53:24.6039258Z Waiting for a runner to pick up this job...
2022-12-27T11:27:11.1342270Z Job is about to start running on the runner: k2 (organization)
2022-12-27T11:27:13.5121790Z Current runner version: '2.300.2'
2022-12-27T11:27:13.5126480Z Runner name: 'k2'
2022-12-27T11:27:13.5126720Z Runner group name: 'Default'
2022-12-27T11:27:13.5127140Z Machine name: 'k2'
2022-12-27T11:27:13.5128590Z ##[group]GITHUB_TOKEN Permissions
2022-12-27T11:27:13.5128990Z Actions: write
2022-12-27T11:27:13.5129130Z Checks: write
2022-12-27T11:27:13.5129260Z Contents: write
2022-12-27T11:27:13.5129400Z Deployments: write
2022-12-27T11:27:13.5129540Z Discussions: write
2022-12-27T11:27:13.5129670Z Issues: write
2022-12-27T11:27:13.5129800Z Metadata: read
2022-12-27T11:27:13.5129930Z Packages: write
2022-12-27T11:27:13.5130060Z Pages: write
2022-12-27T11:27:13.5130200Z PullRequests: write
2022-12-27T11:27:13.5130360Z RepositoryProjects: write
2022-12-27T11:27:13.5130520Z SecurityEvents: write
2022-12-27T11:27:13.5130660Z Statuses: write
2022-12-27T11:27:13.5130790Z ##[endgroup]
2022-12-27T11:27:13.5133380Z Secret source: Actions
2022-12-27T11:27:13.5133690Z Prepare workflow directory
2022-12-27T11:27:13.5780330Z Prepare all required actions
2022-12-27T11:27:13.5896540Z Getting action download info
2022-12-27T11:27:14.0125780Z Download action repository 'actions/setup-python@v4' (SHA:5ccb29d8773c3f3f653e1705f474dfaa8a06a912)
2022-12-27T11:27:15.7466890Z Download action repository 'actions/upload-artifact@v3' (SHA:83fd05a356d7e2593de66fc9913b3002723633cb)
2022-12-27T11:27:17.0720820Z ##[group]Run echo '{
2022-12-27T11:27:17.0721110Z [36;1mecho '{[0m
2022-12-27T11:27:17.0721270Z [36;1m  "package_name": "lxml",[0m
2022-12-27T11:27:17.0721540Z [36;1m  "package_url": "https://files.pythonhosted.org/packages/b6/25/df4654797537ae5669e6ee373f48a4e60c1cb8d86b685f2678cda3329780/lxml-2.0.11.tar.gz",[0m
2022-12-27T11:27:17.0721800Z [36;1m  "package_version": "2.0.11",[0m
2022-12-27T11:27:17.0721940Z [36;1m  "python_version": "3.9",[0m
2022-12-27T11:27:17.0722080Z [36;1m  "use_ccache": "true"[0m
2022-12-27T11:27:17.0722220Z [36;1m}'[0m
2022-12-27T11:27:17.0737700Z shell: /bin/bash -e {0}
2022-12-27T11:27:17.0737850Z ##[endgroup]
2022-12-27T11:27:17.0948950Z {
2022-12-27T11:27:17.0950210Z   "package_name": "lxml",
2022-12-27T11:27:17.0950820Z   "package_url": "https://files.pythonhosted.org/packages/b6/25/df4654797537ae5669e6ee373f48a4e60c1cb8d86b685f2678cda3329780/lxml-2.0.11.tar.gz",
2022-12-27T11:27:17.0951060Z   "package_version": "2.0.11",
2022-12-27T11:27:17.0951270Z   "python_version": "3.9",
2022-12-27T11:27:17.0951480Z   "use_ccache": "true"
2022-12-27T11:27:17.0951640Z }
2022-12-27T11:27:17.1157620Z ##[group]Run actions/setup-python@v4
2022-12-27T11:27:17.1157880Z with:
2022-12-27T11:27:17.1158020Z   python-version: 3.9
2022-12-27T11:27:17.1158260Z   check-latest: false
2022-12-27T11:27:17.1158560Z   token: ***
2022-12-27T11:27:17.1158730Z   update-environment: true
2022-12-27T11:27:17.1158880Z ##[endgroup]
2022-12-27T11:27:17.2362700Z ##[group]Installed versions
2022-12-27T11:27:17.2467430Z Successfully set up CPython (3.9.16)
2022-12-27T11:27:17.2469110Z ##[endgroup]
2022-12-27T11:27:17.2625950Z ##[group]Run if [ "true" == "true" ]
2022-12-27T11:27:17.2626310Z [36;1mif [ "true" == "true" ][0m
2022-12-27T11:27:17.2626570Z [36;1mthen[0m
2022-12-27T11:27:17.2626760Z [36;1m  echo "CCACHE_PATH_PREPEND=/usr/local/opt/ccache/libexec" >> $GITHUB_OUTPUT[0m
2022-12-27T11:27:17.2626970Z [36;1melse[0m
2022-12-27T11:27:17.2627160Z [36;1m  echo "CCACHE_PATH_PREPEND=" >> $GITHUB_OUTPUT[0m
2022-12-27T11:27:17.2627650Z [36;1mfi[0m
2022-12-27T11:27:17.2644060Z shell: /bin/bash -e {0}
2022-12-27T11:27:17.2644270Z env:
2022-12-27T11:27:17.2644530Z   pythonLocation: /Users/runner/hostedtoolcache/Python/3.9.16/x64
2022-12-27T11:27:17.2644870Z   PKG_CONFIG_PATH: /Users/runner/hostedtoolcache/Python/3.9.16/x64/lib/pkgconfig
2022-12-27T11:27:17.2645120Z   Python_ROOT_DIR: /Users/runner/hostedtoolcache/Python/3.9.16/x64
2022-12-27T11:27:17.2645360Z   Python2_ROOT_DIR: /Users/runner/hostedtoolcache/Python/3.9.16/x64
2022-12-27T11:27:17.2645610Z   Python3_ROOT_DIR: /Users/runner/hostedtoolcache/Python/3.9.16/x64
2022-12-27T11:27:17.2646150Z ##[endgroup]
2022-12-27T11:27:17.2753000Z ##[group]Run echo "BUILD_NAME=$(echo lxml_2.0.11_3.9 | tr -dc '[:alnum:]\n\r' | tr '[:upper:]' '[:lower:]')" >> $GITHUB_OUTPUT
2022-12-27T11:27:17.2753460Z [36;1mecho "BUILD_NAME=$(echo lxml_2.0.11_3.9 | tr -dc '[:alnum:]\n\r' | tr '[:upper:]' '[:lower:]')" >> $GITHUB_OUTPUT[0m
2022-12-27T11:27:17.2767030Z shell: /bin/bash -e {0}
2022-12-27T11:27:17.2767230Z env:
2022-12-27T11:27:17.2767520Z   pythonLocation: /Users/runner/hostedtoolcache/Python/3.9.16/x64
2022-12-27T11:27:17.2767750Z   PKG_CONFIG_PATH: /Users/runner/hostedtoolcache/Python/3.9.16/x64/lib/pkgconfig
2022-12-27T11:27:17.2768030Z   Python_ROOT_DIR: /Users/runner/hostedtoolcache/Python/3.9.16/x64
2022-12-27T11:27:17.2768260Z   Python2_ROOT_DIR: /Users/runner/hostedtoolcache/Python/3.9.16/x64
2022-12-27T11:27:17.2768640Z   Python3_ROOT_DIR: /Users/runner/hostedtoolcache/Python/3.9.16/x64
2022-12-27T11:27:17.2768810Z ##[endgroup]
2022-12-27T11:27:17.2915040Z ##[group]Run echo "PYTHON_NO_DOTS=$(echo 3.9 | tr -dc '[:alnum:]\n\r' | tr '[:upper:]' '[:lower:]')" >> $GITHUB_OUTPUT
2022-12-27T11:27:17.2915510Z [36;1mecho "PYTHON_NO_DOTS=$(echo 3.9 | tr -dc '[:alnum:]\n\r' | tr '[:upper:]' '[:lower:]')" >> $GITHUB_OUTPUT[0m
2022-12-27T11:27:17.2928910Z shell: /bin/bash -e {0}
2022-12-27T11:27:17.2929070Z env:
2022-12-27T11:27:17.2929310Z   pythonLocation: /Users/runner/hostedtoolcache/Python/3.9.16/x64
2022-12-27T11:27:17.2929570Z   PKG_CONFIG_PATH: /Users/runner/hostedtoolcache/Python/3.9.16/x64/lib/pkgconfig
2022-12-27T11:27:17.2929790Z   Python_ROOT_DIR: /Users/runner/hostedtoolcache/Python/3.9.16/x64
2022-12-27T11:27:17.2930020Z   Python2_ROOT_DIR: /Users/runner/hostedtoolcache/Python/3.9.16/x64
2022-12-27T11:27:17.2930280Z   Python3_ROOT_DIR: /Users/runner/hostedtoolcache/Python/3.9.16/x64
2022-12-27T11:27:17.2930480Z ##[endgroup]
2022-12-27T11:27:17.3036220Z ##[group]Run rm -rf build_lxml201139
2022-12-27T11:27:17.3036570Z [36;1mrm -rf build_lxml201139[0m
2022-12-27T11:27:17.3036800Z [36;1mmkdir build_lxml201139[0m
2022-12-27T11:27:17.3036970Z [36;1mcd build_lxml201139[0m
2022-12-27T11:27:17.3037260Z [36;1m/usr/local/bin/wget --quiet https://files.pythonhosted.org/packages/b6/25/df4654797537ae5669e6ee373f48a4e60c1cb8d86b685f2678cda3329780/lxml-2.0.11.tar.gz[0m
2022-12-27T11:27:17.3037530Z [36;1mtar xf *.tar.gz[0m
2022-12-27T11:27:17.3037660Z [36;1mcd *[0m
2022-12-27T11:27:17.3037870Z [36;1mpython -m pip install cibuildwheel==2.11.3[0m
2022-12-27T11:27:17.3038100Z [36;1mpython -m cibuildwheel --output-dir ../wheelsout[0m
2022-12-27T11:27:17.3051240Z shell: /bin/bash -e {0}
2022-12-27T11:27:17.3051430Z env:
2022-12-27T11:27:17.3051640Z   pythonLocation: /Users/runner/hostedtoolcache/Python/3.9.16/x64
2022-12-27T11:27:17.3051890Z   PKG_CONFIG_PATH: /Users/runner/hostedtoolcache/Python/3.9.16/x64/lib/pkgconfig
2022-12-27T11:27:17.3052160Z   Python_ROOT_DIR: /Users/runner/hostedtoolcache/Python/3.9.16/x64
2022-12-27T11:27:17.3052430Z   Python2_ROOT_DIR: /Users/runner/hostedtoolcache/Python/3.9.16/x64
2022-12-27T11:27:17.3052620Z   Python3_ROOT_DIR: /Users/runner/hostedtoolcache/Python/3.9.16/x64
2022-12-27T11:27:17.3052820Z   CIBW_ARCHS_MACOS: arm64
2022-12-27T11:27:17.3052990Z   CIBW_TEST_SKIP: *_arm64
2022-12-27T11:27:17.3053140Z   CIBW_BUILD: cp39-macosx_arm64
2022-12-27T11:27:17.3053350Z   CIBW_BUILD_FRONTEND: pip
2022-12-27T11:27:17.3053520Z   CIBW_BUILD_VERBOSITY: 3
2022-12-27T11:27:17.3053790Z   CIBW_ENVIRONMENT_MACOS:  CFLAGS="-I/usr/local/opt/openssl@3/include" LDFLAGS="-L/usr/local/opt/openssl@3/lib" CPPFLAGS="-I/usr/local/opt/openssl@3/include" MAKEFLAGS="-j$(sysctl -n hw.logicalcpu)" PATH=/usr/local/opt/ccache/libexec:$PATH
2022-12-27T11:27:17.3054140Z   CIBW_BEFORE_BUILD: pip install Cython; if [[ -f requirements.txt ]]; then pip install -r requirements.txt; fi
2022-12-27T11:27:17.3054380Z   MAKEFLAGS: -j$(sysctl -n hw.logicalcpu)
2022-12-27T11:27:17.3054630Z ##[endgroup]
2022-12-27T11:27:17.7374940Z Requirement already satisfied: cibuildwheel==2.11.3 in /Users/runner/hostedtoolcache/Python/3.9.16/x64/lib/python3.9/site-packages (2.11.3)
2022-12-27T11:27:17.7629420Z Requirement already satisfied: typing-extensions>=4.1.0 in /Users/runner/hostedtoolcache/Python/3.9.16/x64/lib/python3.9/site-packages (from cibuildwheel==2.11.3) (4.4.0)
2022-12-27T11:27:17.7635250Z Requirement already satisfied: packaging>=20.9 in /Users/runner/hostedtoolcache/Python/3.9.16/x64/lib/python3.9/site-packages (from cibuildwheel==2.11.3) (22.0)
2022-12-27T11:27:17.7640600Z Requirement already satisfied: bashlex!=0.13 in /Users/runner/hostedtoolcache/Python/3.9.16/x64/lib/python3.9/site-packages (from cibuildwheel==2.11.3) (0.16)
2022-12-27T11:27:17.7644110Z Requirement already satisfied: platformdirs in /Users/runner/hostedtoolcache/Python/3.9.16/x64/lib/python3.9/site-packages (from cibuildwheel==2.11.3) (2.6.0)
2022-12-27T11:27:17.7647510Z Requirement already satisfied: filelock in /Users/runner/hostedtoolcache/Python/3.9.16/x64/lib/python3.9/site-packages (from cibuildwheel==2.11.3) (3.8.2)
2022-12-27T11:27:17.7651000Z Requirement already satisfied: bracex in /Users/runner/hostedtoolcache/Python/3.9.16/x64/lib/python3.9/site-packages (from cibuildwheel==2.11.3) (2.3.post1)
2022-12-27T11:27:17.7654470Z Requirement already satisfied: certifi in /Users/runner/hostedtoolcache/Python/3.9.16/x64/lib/python3.9/site-packages (from cibuildwheel==2.11.3) (2022.12.7)
2022-12-27T11:27:17.7660730Z Requirement already satisfied: tomli in /Users/runner/hostedtoolcache/Python/3.9.16/x64/lib/python3.9/site-packages (from cibuildwheel==2.11.3) (2.0.1)
2022-12-27T11:27:17.9291120Z 
2022-12-27T11:27:17.9291540Z      _ _       _ _   _       _           _
2022-12-27T11:27:17.9292190Z  ___|_| |_ _ _|_| |_| |_ _ _| |_ ___ ___| |
2022-12-27T11:27:17.9293060Z |  _| | . | | | | | . | | | |   | -_| -_| |
2022-12-27T11:27:17.9293820Z |___|_|___|___|_|_|___|_____|_|_|___|___|_|
2022-12-27T11:27:17.9294100Z 
2022-12-27T11:27:17.9294240Z cibuildwheel version 2.11.3
2022-12-27T11:27:17.9294410Z 
2022-12-27T11:27:17.9294630Z Build options:
2022-12-27T11:27:17.9294960Z   platform: macos
2022-12-27T11:27:17.9349560Z   architectures: arm64[0m
2022-12-27T11:27:17.9349950Z   build_selector: 
2022-12-27T11:27:17.9350600Z     build_config: cp39-macosx_arm64
2022-12-27T11:27:17.9351100Z     skip_config: 
2022-12-27T11:27:17.9351730Z     requires_python: None
2022-12-27T11:27:17.9352190Z     prerelease_pythons: False[0m
2022-12-27T11:27:17.9352610Z   [38;5;244mcontainer_engine: docker[0m
2022-12-27T11:27:17.9353130Z   output_dir: /Users/runner/actions-runner/_work/python.build/python.build/build_lxml201139/wheelsout[0m
2022-12-27T11:27:17.9353730Z   package_dir: /Users/runner/actions-runner/_work/python.build/python.build/build_lxml201139/lxml-2.0.11[0m
2022-12-27T11:27:17.9354140Z   test_selector: 
2022-12-27T11:27:17.9354440Z     skip_config: *_arm64[0m
2022-12-27T11:27:17.9354830Z   [38;5;244mbefore_all: [0m
2022-12-27T11:27:17.9355330Z   before_build: pip install Cython; if [[ -f requirements.txt ]]; then pip install -r requirements.txt; fi[0m
2022-12-27T11:27:17.9355820Z   [38;5;244mbefore_test: [0m
2022-12-27T11:27:17.9356130Z   [38;5;244mbuild_frontend: pip[0m
2022-12-27T11:27:17.9356470Z   build_verbosity: 3[0m
2022-12-27T11:27:17.9356800Z   [38;5;244mconfig_settings: [0m
2022-12-27T11:27:17.9357160Z   [38;5;244mdependency_constraints: pinned[0m
2022-12-27T11:27:17.9357500Z   environment: 
2022-12-27T11:27:17.9357860Z     CFLAGS="-I/usr/local/opt/openssl@3/include"
2022-12-27T11:27:17.9358210Z     LDFLAGS="-L/usr/local/opt/openssl@3/lib"
2022-12-27T11:27:17.9358600Z     CPPFLAGS="-I/usr/local/opt/openssl@3/include"
2022-12-27T11:27:17.9359030Z     MAKEFLAGS="-j$(sysctl -n hw.logicalcpu)"
2022-12-27T11:27:17.9359440Z     PATH=/usr/local/opt/ccache/libexec:$PATH[0m
2022-12-27T11:27:17.9359810Z   [38;5;244mmanylinux_images: None[0m
2022-12-27T11:27:17.9360160Z   [38;5;244mmusllinux_images: None[0m
2022-12-27T11:27:17.9360610Z   [38;5;244mrepair_command: delocate-wheel --require-archs {delocate_archs} -w {dest_dir} -v {wheel}[0m
2022-12-27T11:27:17.9361330Z   [38;5;244mtest_command: [0m
2022-12-27T11:27:17.9361710Z   [38;5;244mtest_extras: [0m
2022-12-27T11:27:17.9362030Z   [38;5;244mtest_requires: [0m
2022-12-27T11:27:17.9362150Z 
2022-12-27T11:27:17.9362310Z Cache folder: /Users/runner/Library/Caches/cibuildwheel
2022-12-27T11:27:17.9367470Z 
2022-12-27T11:27:17.9367810Z Here we go!
2022-12-27T11:27:17.9368060Z 
2022-12-27T11:27:17.9486600Z 
2022-12-27T11:27:17.9487190Z [1m[34mBuilding cp39-macosx_arm64 wheel[0m
2022-12-27T11:27:17.9487730Z CPython 3.9 macOS arm64 - Apple Silicon
2022-12-27T11:27:17.9487920Z 
2022-12-27T11:27:17.9490030Z ##[group]Installing Python cp39...
2022-12-27T11:27:17.9490250Z 
2022-12-27T11:27:17.9490460Z + pkgutil --pkgs
2022-12-27T11:27:17.9588160Z ##[endgroup]
2022-12-27T11:27:17.9588990Z                                                               [32m✓ [0m0.01s
2022-12-27T11:27:17.9589360Z ##[group]Setting up build environment...
2022-12-27T11:27:17.9589480Z 
2022-12-27T11:27:17.9610050Z + /Users/runner/hostedtoolcache/Python/3.9.16/x64/bin/python -sS /Users/runner/Library/Caches/cibuildwheel/virtualenv-20.17.0.pyz --activators= --no-periodic-update --pip=22.3.1 --setuptools=65.6.3 --wheel=0.38.4 --symlink-app-data --python /Library/Frameworks/Python.framework/Versions/3.9/bin/python3 /private/var/folders/51/hd414ycd67n82196sw51xqtc0000gn/T/cibw-run-5388kyuz/cp39-macosx_arm64/build/venv
2022-12-27T11:27:18.1387890Z created virtual environment CPython3.9.13.final.0-64 in 44ms
2022-12-27T11:27:18.1388670Z   creator CPython3Posix(dest=/private/var/folders/51/hd414ycd67n82196sw51xqtc0000gn/T/cibw-run-5388kyuz/cp39-macosx_arm64/build/venv, clear=False, no_vcs_ignore=False, global=False)
2022-12-27T11:27:18.1389350Z   seeder FromAppData(download=False, pip=22.3.1, setuptools=65.6.3, wheel=0.38.4, via=symlink, app_data_dir=/Users/runner/Library/Application Support/virtualenv)
2022-12-27T11:27:18.1389700Z     added seed packages: pip==22.3.1, setuptools==65.6.3, wheel==0.38.4
2022-12-27T11:27:18.1482240Z + python -m pip install --upgrade pip -c /Users/runner/hostedtoolcache/Python/3.9.16/x64/lib/python3.9/site-packages/cibuildwheel/resources/constraints-python39.txt
2022-12-27T11:27:18.4600210Z Requirement already satisfied: pip in ./lib/python3.9/site-packages (22.3.1)
2022-12-27T11:27:18.6001140Z + which pip
2022-12-27T11:27:18.6018880Z /private/var/folders/51/hd414ycd67n82196sw51xqtc0000gn/T/cibw-run-5388kyuz/cp39-macosx_arm64/build/venv/bin/pip
2022-12-27T11:27:18.6020810Z + pip --version
2022-12-27T11:27:18.8166840Z pip 22.3.1 from /private/var/folders/51/hd414ycd67n82196sw51xqtc0000gn/T/cibw-run-5388kyuz/cp39-macosx_arm64/build/venv/lib/python3.9/site-packages/pip (python 3.9)
2022-12-27T11:27:18.8386640Z + which pip
2022-12-27T11:27:18.8414880Z + which python
2022-12-27T11:27:18.8433600Z /private/var/folders/51/hd414ycd67n82196sw51xqtc0000gn/T/cibw-run-5388kyuz/cp39-macosx_arm64/build/venv/bin/python
2022-12-27T11:27:18.8436060Z + python --version
2022-12-27T11:27:18.8482660Z Python 3.9.13
2022-12-27T11:27:18.8485810Z + which python
2022-12-27T11:27:18.8540650Z ##[endgroup]
2022-12-27T11:27:18.8541340Z                                                               [32m✓ [0m0.90s
2022-12-27T11:27:18.8541850Z ##[group]Installing build tools...
2022-12-27T11:27:18.8542030Z 
2022-12-27T11:27:18.8542530Z + pip install --upgrade setuptools wheel delocate -c /Users/runner/hostedtoolcache/Python/3.9.16/x64/lib/python3.9/site-packages/cibuildwheel/resources/constraints-python39.txt
2022-12-27T11:27:19.1495430Z Requirement already satisfied: setuptools in /private/var/folders/51/hd414ycd67n82196sw51xqtc0000gn/T/cibw-run-5388kyuz/cp39-macosx_arm64/build/venv/lib/python3.9/site-packages (65.6.3)
2022-12-27T11:27:19.3795520Z Requirement already satisfied: wheel in /private/var/folders/51/hd414ycd67n82196sw51xqtc0000gn/T/cibw-run-5388kyuz/cp39-macosx_arm64/build/venv/lib/python3.9/site-packages (0.38.4)
2022-12-27T11:27:19.4340840Z Collecting delocate
2022-12-27T11:27:19.4367700Z   Using cached delocate-0.10.3-py3-none-any.whl (142 kB)
2022-12-27T11:27:19.4690860Z Collecting packaging>=20.9
2022-12-27T11:27:19.4715150Z   Using cached packaging-21.3-py3-none-any.whl (40 kB)
2022-12-27T11:27:19.4891940Z Collecting typing-extensions
2022-12-27T11:27:19.4914380Z   Using cached typing_extensions-4.4.0-py3-none-any.whl (26 kB)
2022-12-27T11:27:19.5316760Z Collecting pyparsing!=3.0.5,>=2.0.2
2022-12-27T11:27:19.5337160Z   Using cached pyparsing-3.0.9-py3-none-any.whl (98 kB)
2022-12-27T11:27:19.5702070Z Installing collected packages: typing-extensions, pyparsing, packaging, delocate
2022-12-27T11:27:19.7137860Z Successfully installed delocate-0.10.3 packaging-21.3 pyparsing-3.0.9 typing-extensions-4.4.0
2022-12-27T11:27:19.7602580Z ##[endgroup]
2022-12-27T11:27:19.7603400Z                                                               [32m✓ [0m0.91s
2022-12-27T11:27:19.7603960Z ##[group]Running before_build...
2022-12-27T11:27:19.7604110Z 
2022-12-27T11:27:19.7608800Z + pip install Cython; if [[ -f requirements.txt ]]; then pip install -r requirements.txt; fi
2022-12-27T11:27:20.4579810Z Collecting Cython
2022-12-27T11:27:20.4625090Z   Using cached Cython-0.29.32-py2.py3-none-any.whl (986 kB)
2022-12-27T11:27:20.5112170Z Installing collected packages: Cython
2022-12-27T11:27:20.9973560Z Successfully installed Cython-0.29.32
2022-12-27T11:27:21.0417710Z ##[endgroup]
2022-12-27T11:27:21.0418640Z                                                               [32m✓ [0m1.28s
2022-12-27T11:27:21.0419560Z ##[group]Building wheel...
2022-12-27T11:27:21.0419820Z 
2022-12-27T11:27:21.0424150Z + python -m pip wheel /Users/runner/actions-runner/_work/python.build/python.build/build_lxml201139/lxml-2.0.11 --wheel-dir=/private/var/folders/51/hd414ycd67n82196sw51xqtc0000gn/T/cibw-run-5388kyuz/cp39-macosx_arm64/built_wheel --no-deps -vvv
2022-12-27T11:27:21.3169610Z Created temporary directory: /private/var/folders/51/hd414ycd67n82196sw51xqtc0000gn/T/pip-ephem-wheel-cache-wbbv4967
2022-12-27T11:27:21.3174900Z Created temporary directory: /private/var/folders/51/hd414ycd67n82196sw51xqtc0000gn/T/pip-build-tracker-qmrngh6c
2022-12-27T11:27:21.3176880Z Initialized build tracking at /private/var/folders/51/hd414ycd67n82196sw51xqtc0000gn/T/pip-build-tracker-qmrngh6c
2022-12-27T11:27:21.3178300Z Created build tracker: /private/var/folders/51/hd414ycd67n82196sw51xqtc0000gn/T/pip-build-tracker-qmrngh6c
2022-12-27T11:27:21.3179880Z Entered build tracker: /private/var/folders/51/hd414ycd67n82196sw51xqtc0000gn/T/pip-build-tracker-qmrngh6c
2022-12-27T11:27:21.3183000Z Created temporary directory: /private/var/folders/51/hd414ycd67n82196sw51xqtc0000gn/T/pip-wheel-lobhpb1k
2022-12-27T11:27:21.3189210Z Created temporary directory: /private/var/folders/51/hd414ycd67n82196sw51xqtc0000gn/T/pip-ephem-wheel-cache-d3wyp90m
2022-12-27T11:27:21.3343230Z Processing /Users/runner/actions-runner/_work/python.build/python.build/build_lxml201139/lxml-2.0.11
2022-12-27T11:27:21.3348430Z   Added file:///Users/runner/actions-runner/_work/python.build/python.build/build_lxml201139/lxml-2.0.11 to build tracker '/private/var/folders/51/hd414ycd67n82196sw51xqtc0000gn/T/pip-build-tracker-qmrngh6c'
2022-12-27T11:27:21.3352010Z   Running setup.py (path:/Users/runner/actions-runner/_work/python.build/python.build/build_lxml201139/lxml-2.0.11/setup.py) egg_info for package from file:///Users/runner/actions-runner/_work/python.build/python.build/build_lxml201139/lxml-2.0.11
2022-12-27T11:27:21.3355560Z   Created temporary directory: /private/var/folders/51/hd414ycd67n82196sw51xqtc0000gn/T/pip-pip-egg-info-rpp8bzsb
2022-12-27T11:27:21.3357040Z   Preparing metadata (setup.py): started
2022-12-27T11:27:21.3358990Z   Running command python setup.py egg_info
2022-12-27T11:27:21.6276850Z   Traceback (most recent call last):
2022-12-27T11:27:21.6286450Z     File "<string>", line 2, in <module>
2022-12-27T11:27:21.6287360Z     File "<pip-setuptools-caller>", line 34, in <module>
2022-12-27T11:27:21.6287870Z     File "/Users/runner/actions-runner/_work/python.build/python.build/build_lxml201139/lxml-2.0.11/setup.py", line 104, in <module>
2022-12-27T11:27:21.6288690Z       ext_modules = setupinfo.ext_modules(
2022-12-27T11:27:21.6289510Z     File "/Users/runner/actions-runner/_work/python.build/python.build/build_lxml201139/lxml-2.0.11/setupinfo.py", line 42, in ext_modules
2022-12-27T11:27:21.6289970Z       _include_dirs = include_dirs(static_include_dirs)
2022-12-27T11:27:21.6290730Z     File "/Users/runner/actions-runner/_work/python.build/python.build/build_lxml201139/lxml-2.0.11/setupinfo.py", line 120, in include_dirs
2022-12-27T11:27:21.6291280Z       if possible_include_dir.startswith('-I'):
2022-12-27T11:27:21.6291690Z   TypeError: startswith first arg must be bytes or a tuple of bytes, not str
2022-12-27T11:27:21.6292620Z   Building lxml version 2.0.11.
2022-12-27T11:27:21.6294080Z   Building with Cython 0.29.32.
2022-12-27T11:27:21.6295700Z   Using build configuration of libxslt b'1.1.29'
2022-12-27T11:27:21.6548970Z   error: subprocess-exited-with-error
2022-12-27T11:27:21.6549350Z   
2022-12-27T11:27:21.6549930Z   × python setup.py egg_info did not run successfully.
2022-12-27T11:27:21.6550550Z   │ exit code: 1
2022-12-27T11:27:21.6550860Z   ╰─> See above for output.
2022-12-27T11:27:21.6551110Z   
2022-12-27T11:27:21.6551410Z   note: This error originates from a subprocess, and is likely not a problem with pip.
2022-12-27T11:27:21.6558370Z   full command: /private/var/folders/51/hd414ycd67n82196sw51xqtc0000gn/T/cibw-run-5388kyuz/cp39-macosx_arm64/build/venv/bin/python -c '
2022-12-27T11:27:21.6559020Z   exec(compile('"'"''"'"''"'"'
2022-12-27T11:27:21.6561430Z   # This is <pip-setuptools-caller> -- a caller that pip uses to run setup.py
2022-12-27T11:27:21.6561840Z   #
2022-12-27T11:27:21.6562260Z   # - It imports setuptools before invoking setup.py, to enable projects that directly
2022-12-27T11:27:21.6563020Z   #   import from `distutils.core` to work with newer packaging standards.
2022-12-27T11:27:21.6563750Z   # - It provides a clear error message when setuptools is not installed.
2022-12-27T11:27:21.6564140Z   # - It sets `sys.argv[0]` to the underlying `setup.py`, when invoking `setup.py` so
2022-12-27T11:27:21.6564490Z   #   setuptools doesn'"'"'t think the script is `-c`. This avoids the following warning:
2022-12-27T11:27:21.6564940Z   #     manifest_maker: standard file '"'"'-c'"'"' not found".
2022-12-27T11:27:21.6565290Z   # - It generates a shim setup.py, for handling setup.cfg-only projects.
2022-12-27T11:27:21.6565530Z   import os, sys, tokenize
2022-12-27T11:27:21.6565690Z   
2022-12-27T11:27:21.6565960Z   try:
2022-12-27T11:27:21.6566150Z       import setuptools
2022-12-27T11:27:21.6566330Z   except ImportError as error:
2022-12-27T11:27:21.6566540Z       print(
2022-12-27T11:27:21.6566920Z           "ERROR: Can not execute `setup.py` since setuptools is not available in "
2022-12-27T11:27:21.6567270Z           "the build environment.",
2022-12-27T11:27:21.6567610Z           file=sys.stderr,
2022-12-27T11:27:21.6568140Z       )
2022-12-27T11:27:21.6568350Z       sys.exit(1)
2022-12-27T11:27:21.6568600Z   
2022-12-27T11:27:21.6568860Z   __file__ = %r
2022-12-27T11:27:21.6569320Z   sys.argv[0] = __file__
2022-12-27T11:27:21.6569590Z   
2022-12-27T11:27:21.6569850Z   if os.path.exists(__file__):
2022-12-27T11:27:21.6570100Z       filename = __file__
2022-12-27T11:27:21.6570630Z       with tokenize.open(__file__) as f:
2022-12-27T11:27:21.6570960Z           setup_py_code = f.read()
2022-12-27T11:27:21.6571200Z   else:
2022-12-27T11:27:21.6571630Z       filename = "<auto-generated setuptools caller>"
2022-12-27T11:27:21.6572270Z       setup_py_code = "from setuptools import setup; setup()"
2022-12-27T11:27:21.6572580Z   
2022-12-27T11:27:21.6572830Z   exec(compile(setup_py_code, filename, "exec"))
2022-12-27T11:27:21.6573500Z   Preparing metadata (setup.py): finished with status 'error'
2022-12-27T11:27:21.6574300Z   '"'"''"'"''"'"' % ('"'"'/Users/runner/actions-runner/_work/python.build/python.build/build_lxml201139/lxml-2.0.11/setup.py'"'"',), "<pip-setuptools-caller>", "exec"))' egg_info --egg-base /private/var/folders/51/hd414ycd67n82196sw51xqtc0000gn/T/pip-pip-egg-info-rpp8bzsb
2022-12-27T11:27:21.6575400Z   cwd: /Users/runner/actions-runner/_work/python.build/python.build/build_lxml201139/lxml-2.0.11/
2022-12-27T11:27:21.6581500Z error: metadata-generation-failed
2022-12-27T11:27:21.6581710Z 
2022-12-27T11:27:21.6582000Z × Encountered error while generating package metadata.
2022-12-27T11:27:21.6582670Z ╰─> See above for output.
2022-12-27T11:27:21.6582850Z 
2022-12-27T11:27:21.6583030Z note: This is an issue with the package mentioned above, not pip.
2022-12-27T11:27:21.6583320Z hint: See above for details.
2022-12-27T11:27:21.6608970Z Exception information:
2022-12-27T11:27:21.6609430Z Traceback (most recent call last):
2022-12-27T11:27:21.6611250Z   File "/private/var/folders/51/hd414ycd67n82196sw51xqtc0000gn/T/cibw-run-5388kyuz/cp39-macosx_arm64/build/venv/lib/python3.9/site-packages/pip/_internal/operations/build/metadata_legacy.py", line 64, in generate_metadata
2022-12-27T11:27:21.6612010Z     call_subprocess(
2022-12-27T11:27:21.6612930Z   File "/private/var/folders/51/hd414ycd67n82196sw51xqtc0000gn/T/cibw-run-5388kyuz/cp39-macosx_arm64/build/venv/lib/python3.9/site-packages/pip/_internal/utils/subprocess.py", line 224, in call_subprocess
2022-12-27T11:27:21.6613850Z     raise error
2022-12-27T11:27:21.6614430Z pip._internal.exceptions.InstallationSubprocessError: python setup.py egg_info exited with 1
2022-12-27T11:27:21.6614810Z 
2022-12-27T11:27:21.6615080Z The above exception was the direct cause of the following exception:
2022-12-27T11:27:21.6615300Z 
2022-12-27T11:27:21.6615490Z Traceback (most recent call last):
2022-12-27T11:27:21.6616860Z   File "/private/var/folders/51/hd414ycd67n82196sw51xqtc0000gn/T/cibw-run-5388kyuz/cp39-macosx_arm64/build/venv/lib/python3.9/site-packages/pip/_internal/cli/base_command.py", line 160, in exc_logging_wrapper
2022-12-27T11:27:21.6617520Z     status = run_func(*args)
2022-12-27T11:27:21.6618450Z   File "/private/var/folders/51/hd414ycd67n82196sw51xqtc0000gn/T/cibw-run-5388kyuz/cp39-macosx_arm64/build/venv/lib/python3.9/site-packages/pip/_internal/cli/req_command.py", line 247, in wrapper
2022-12-27T11:27:21.6619050Z     return func(self, options, args)
2022-12-27T11:27:21.6619930Z   File "/private/var/folders/51/hd414ycd67n82196sw51xqtc0000gn/T/cibw-run-5388kyuz/cp39-macosx_arm64/build/venv/lib/python3.9/site-packages/pip/_internal/commands/wheel.py", line 170, in run
2022-12-27T11:27:21.6620710Z     requirement_set = resolver.resolve(reqs, check_supported_wheels=True)
2022-12-27T11:27:21.6621720Z   File "/private/var/folders/51/hd414ycd67n82196sw51xqtc0000gn/T/cibw-run-5388kyuz/cp39-macosx_arm64/build/venv/lib/python3.9/site-packages/pip/_internal/resolution/resolvelib/resolver.py", line 73, in resolve
2022-12-27T11:27:21.6622410Z     collected = self.factory.collect_root_requirements(root_reqs)
2022-12-27T11:27:21.6623330Z   File "/private/var/folders/51/hd414ycd67n82196sw51xqtc0000gn/T/cibw-run-5388kyuz/cp39-macosx_arm64/build/venv/lib/python3.9/site-packages/pip/_internal/resolution/resolvelib/factory.py", line 491, in collect_root_requirements
2022-12-27T11:27:21.6623940Z     req = self._make_requirement_from_install_req(
2022-12-27T11:27:21.6624640Z   File "/private/var/folders/51/hd414ycd67n82196sw51xqtc0000gn/T/cibw-run-5388kyuz/cp39-macosx_arm64/build/venv/lib/python3.9/site-packages/pip/_internal/resolution/resolvelib/factory.py", line 453, in _make_requirement_from_install_req
2022-12-27T11:27:21.6625150Z     cand = self._make_candidate_from_link(
2022-12-27T11:27:21.6625860Z   File "/private/var/folders/51/hd414ycd67n82196sw51xqtc0000gn/T/cibw-run-5388kyuz/cp39-macosx_arm64/build/venv/lib/python3.9/site-packages/pip/_internal/resolution/resolvelib/factory.py", line 206, in _make_candidate_from_link
2022-12-27T11:27:21.6626570Z     self._link_candidate_cache[link] = LinkCandidate(
2022-12-27T11:27:21.6627630Z   File "/private/var/folders/51/hd414ycd67n82196sw51xqtc0000gn/T/cibw-run-5388kyuz/cp39-macosx_arm64/build/venv/lib/python3.9/site-packages/pip/_internal/resolution/resolvelib/candidates.py", line 297, in __init__
2022-12-27T11:27:21.6628350Z     super().__init__(
2022-12-27T11:27:21.6628820Z   File "/private/var/folders/51/hd414ycd67n82196sw51xqtc0000gn/T/cibw-run-5388kyuz/cp39-macosx_arm64/build/venv/lib/python3.9/site-packages/pip/_internal/resolution/resolvelib/candidates.py", line 162, in __init__
2022-12-27T11:27:21.6629140Z     self.dist = self._prepare()
2022-12-27T11:27:21.6629660Z   File "/private/var/folders/51/hd414ycd67n82196sw51xqtc0000gn/T/cibw-run-5388kyuz/cp39-macosx_arm64/build/venv/lib/python3.9/site-packages/pip/_internal/resolution/resolvelib/candidates.py", line 231, in _prepare
2022-12-27T11:27:21.6629970Z     dist = self._prepare_distribution()
2022-12-27T11:27:21.6630430Z   File "/private/var/folders/51/hd414ycd67n82196sw51xqtc0000gn/T/cibw-run-5388kyuz/cp39-macosx_arm64/build/venv/lib/python3.9/site-packages/pip/_internal/resolution/resolvelib/candidates.py", line 308, in _prepare_distribution
2022-12-27T11:27:21.6630780Z     return preparer.prepare_linked_requirement(self._ireq, parallel_builds=True)
2022-12-27T11:27:21.6631280Z   File "/private/var/folders/51/hd414ycd67n82196sw51xqtc0000gn/T/cibw-run-5388kyuz/cp39-macosx_arm64/build/venv/lib/python3.9/site-packages/pip/_internal/operations/prepare.py", line 491, in prepare_linked_requirement
2022-12-27T11:27:21.6631610Z     return self._prepare_linked_requirement(req, parallel_builds)
2022-12-27T11:27:21.6632070Z   File "/private/var/folders/51/hd414ycd67n82196sw51xqtc0000gn/T/cibw-run-5388kyuz/cp39-macosx_arm64/build/venv/lib/python3.9/site-packages/pip/_internal/operations/prepare.py", line 577, in _prepare_linked_requirement
2022-12-27T11:27:21.6632380Z     dist = _get_prepared_distribution(
2022-12-27T11:27:21.6633020Z   File "/private/var/folders/51/hd414ycd67n82196sw51xqtc0000gn/T/cibw-run-5388kyuz/cp39-macosx_arm64/build/venv/lib/python3.9/site-packages/pip/_internal/operations/prepare.py", line 69, in _get_prepared_distribution
2022-12-27T11:27:21.6633330Z     abstract_dist.prepare_distribution_metadata(
2022-12-27T11:27:21.6633810Z   File "/private/var/folders/51/hd414ycd67n82196sw51xqtc0000gn/T/cibw-run-5388kyuz/cp39-macosx_arm64/build/venv/lib/python3.9/site-packages/pip/_internal/distributions/sdist.py", line 61, in prepare_distribution_metadata
2022-12-27T11:27:21.6634110Z     self.req.prepare_metadata()
2022-12-27T11:27:21.6634610Z   File "/private/var/folders/51/hd414ycd67n82196sw51xqtc0000gn/T/cibw-run-5388kyuz/cp39-macosx_arm64/build/venv/lib/python3.9/site-packages/pip/_internal/req/req_install.py", line 541, in prepare_metadata
2022-12-27T11:27:21.6635000Z     self.metadata_directory = generate_metadata_legacy(
2022-12-27T11:27:21.6635510Z   File "/private/var/folders/51/hd414ycd67n82196sw51xqtc0000gn/T/cibw-run-5388kyuz/cp39-macosx_arm64/build/venv/lib/python3.9/site-packages/pip/_internal/operations/build/metadata_legacy.py", line 71, in generate_metadata
2022-12-27T11:27:21.6635830Z     raise MetadataGenerationFailed(package_details=details) from error
2022-12-27T11:27:21.6636110Z pip._internal.exceptions.MetadataGenerationFailed: metadata generation failed
2022-12-27T11:27:21.6636650Z Removed file:///Users/runner/actions-runner/_work/python.build/python.build/build_lxml201139/lxml-2.0.11 from build tracker '/private/var/folders/51/hd414ycd67n82196sw51xqtc0000gn/T/pip-build-tracker-qmrngh6c'
2022-12-27T11:27:21.6637100Z Removed build tracker: '/private/var/folders/51/hd414ycd67n82196sw51xqtc0000gn/T/pip-build-tracker-qmrngh6c'
2022-12-27T11:27:21.7045920Z ##[endgroup]
2022-12-27T11:27:21.7069660Z ##[error]Command ['python', '-m', 'pip', 'wheel', '/Users/runner/actions-runner/_work/python.build/python.build/build_lxml201139/lxml-2.0.11', '--wheel-dir=/private/var/folders/51/hd414ycd67n82196sw51xqtc0000gn/T/cibw-run-5388kyuz/cp39-macosx_arm64/built_wheel', '--no-deps', '-vvv'] failed with code 1. None
2022-12-27T11:27:21.7075920Z 
2022-12-27T11:27:21.7076240Z                                                               [31m✕ [0m0.66s
2022-12-27T11:27:21.7500090Z ##[error]Process completed with exit code 1.
2022-12-27T11:27:21.7532290Z ##[group]Run rm -rf build_lxml201139 wheelsout
2022-12-27T11:27:21.7532540Z [36;1mrm -rf build_lxml201139 wheelsout[0m
2022-12-27T11:27:21.7547120Z shell: /bin/bash -e {0}
2022-12-27T11:27:21.7547260Z env:
2022-12-27T11:27:21.7547470Z   pythonLocation: /Users/runner/hostedtoolcache/Python/3.9.16/x64
2022-12-27T11:27:21.7547730Z   PKG_CONFIG_PATH: /Users/runner/hostedtoolcache/Python/3.9.16/x64/lib/pkgconfig
2022-12-27T11:27:21.7547940Z   Python_ROOT_DIR: /Users/runner/hostedtoolcache/Python/3.9.16/x64
2022-12-27T11:27:21.7548180Z   Python2_ROOT_DIR: /Users/runner/hostedtoolcache/Python/3.9.16/x64
2022-12-27T11:27:21.7548400Z   Python3_ROOT_DIR: /Users/runner/hostedtoolcache/Python/3.9.16/x64
2022-12-27T11:27:21.7548590Z ##[endgroup]
2022-12-27T11:27:21.7982250Z Cleaning up orphan processes
