2022-12-27T08:50:20.5802891Z Requested labels: self-hosted, macOS, X64
2022-12-27T08:50:20.5802961Z Job defined at: kilnbuild/python.build/.github/workflows/mac_arm_build.yml@refs/heads/main
2022-12-27T08:50:20.5802986Z Waiting for a runner to pick up this job...
2022-12-27T11:18:57.2804810Z Job is about to start running on the runner: s1 (organization)
2022-12-27T11:19:01.4896020Z Current runner version: '2.300.2'
2022-12-27T11:19:01.4901190Z Runner name: 's1'
2022-12-27T11:19:01.4901440Z Runner group name: 'Default'
2022-12-27T11:19:01.4901880Z Machine name: 's1'
2022-12-27T11:19:01.4903420Z ##[group]GITHUB_TOKEN Permissions
2022-12-27T11:19:01.4903850Z Actions: write
2022-12-27T11:19:01.4903990Z Checks: write
2022-12-27T11:19:01.4904120Z Contents: write
2022-12-27T11:19:01.4904270Z Deployments: write
2022-12-27T11:19:01.4904410Z Discussions: write
2022-12-27T11:19:01.4904540Z Issues: write
2022-12-27T11:19:01.4904670Z Metadata: read
2022-12-27T11:19:01.4904800Z Packages: write
2022-12-27T11:19:01.4904940Z Pages: write
2022-12-27T11:19:01.4905080Z PullRequests: write
2022-12-27T11:19:01.4905240Z RepositoryProjects: write
2022-12-27T11:19:01.4905400Z SecurityEvents: write
2022-12-27T11:19:01.4905550Z Statuses: write
2022-12-27T11:19:01.4905680Z ##[endgroup]
2022-12-27T11:19:01.4908230Z Secret source: Actions
2022-12-27T11:19:01.4908550Z Prepare workflow directory
2022-12-27T11:19:01.5591340Z Prepare all required actions
2022-12-27T11:19:01.5713000Z Getting action download info
2022-12-27T11:19:02.1218610Z Download action repository 'actions/setup-python@v4' (SHA:5ccb29d8773c3f3f653e1705f474dfaa8a06a912)
2022-12-27T11:19:03.9262020Z Download action repository 'actions/upload-artifact@v3' (SHA:83fd05a356d7e2593de66fc9913b3002723633cb)
2022-12-27T11:19:05.2942330Z ##[group]Run echo '{
2022-12-27T11:19:05.2942670Z [36;1mecho '{[0m
2022-12-27T11:19:05.2942840Z [36;1m  "package_name": "lxml",[0m
2022-12-27T11:19:05.2943120Z [36;1m  "package_url": "https://files.pythonhosted.org/packages/4a/bb/8e7b3177a1a3c543475bd702fb308798065ede15e6d97668241a47432d66/lxml-1.0.tar.gz",[0m
2022-12-27T11:19:05.2943360Z [36;1m  "package_version": "1.0",[0m
2022-12-27T11:19:05.2943490Z [36;1m  "python_version": "3.10",[0m
2022-12-27T11:19:05.2943620Z [36;1m  "use_ccache": "true"[0m
2022-12-27T11:19:05.2943740Z [36;1m}'[0m
2022-12-27T11:19:05.2959480Z shell: /bin/bash -e {0}
2022-12-27T11:19:05.2959630Z ##[endgroup]
2022-12-27T11:19:05.3177050Z {
2022-12-27T11:19:05.3178420Z   "package_name": "lxml",
2022-12-27T11:19:05.3179010Z   "package_url": "https://files.pythonhosted.org/packages/4a/bb/8e7b3177a1a3c543475bd702fb308798065ede15e6d97668241a47432d66/lxml-1.0.tar.gz",
2022-12-27T11:19:05.3179310Z   "package_version": "1.0",
2022-12-27T11:19:05.3179550Z   "python_version": "3.10",
2022-12-27T11:19:05.3179750Z   "use_ccache": "true"
2022-12-27T11:19:05.3179920Z }
2022-12-27T11:19:05.3396470Z ##[group]Run actions/setup-python@v4
2022-12-27T11:19:05.3396730Z with:
2022-12-27T11:19:05.3396930Z   python-version: 3.10
2022-12-27T11:19:05.3397140Z   check-latest: false
2022-12-27T11:19:05.3397450Z   token: ***
2022-12-27T11:19:05.3397640Z   update-environment: true
2022-12-27T11:19:05.3397820Z ##[endgroup]
2022-12-27T11:19:05.4638180Z ##[group]Installed versions
2022-12-27T11:19:05.4677190Z Successfully set up CPython (3.10.9)
2022-12-27T11:19:05.4677870Z ##[endgroup]
2022-12-27T11:19:05.4823310Z ##[group]Run if [ "true" == "true" ]
2022-12-27T11:19:05.4823660Z [36;1mif [ "true" == "true" ][0m
2022-12-27T11:19:05.4823860Z [36;1mthen[0m
2022-12-27T11:19:05.4824170Z [36;1m  echo "CCACHE_PATH_PREPEND=/usr/local/opt/ccache/libexec" >> $GITHUB_OUTPUT[0m
2022-12-27T11:19:05.4824360Z [36;1melse[0m
2022-12-27T11:19:05.4824560Z [36;1m  echo "CCACHE_PATH_PREPEND=" >> $GITHUB_OUTPUT[0m
2022-12-27T11:19:05.4824760Z [36;1mfi[0m
2022-12-27T11:19:05.4841620Z shell: /bin/bash -e {0}
2022-12-27T11:19:05.4841850Z env:
2022-12-27T11:19:05.4842080Z   pythonLocation: /Users/runner/hostedtoolcache/Python/3.10.9/x64
2022-12-27T11:19:05.4842360Z   PKG_CONFIG_PATH: /Users/runner/hostedtoolcache/Python/3.10.9/x64/lib/pkgconfig
2022-12-27T11:19:05.4842590Z   Python_ROOT_DIR: /Users/runner/hostedtoolcache/Python/3.10.9/x64
2022-12-27T11:19:05.4842960Z   Python2_ROOT_DIR: /Users/runner/hostedtoolcache/Python/3.10.9/x64
2022-12-27T11:19:05.4843260Z   Python3_ROOT_DIR: /Users/runner/hostedtoolcache/Python/3.10.9/x64
2022-12-27T11:19:05.4843750Z ##[endgroup]
2022-12-27T11:19:05.4950080Z ##[group]Run echo "BUILD_NAME=$(echo lxml_1.0_3.10 | tr -dc '[:alnum:]\n\r' | tr '[:upper:]' '[:lower:]')" >> $GITHUB_OUTPUT
2022-12-27T11:19:05.4950530Z [36;1mecho "BUILD_NAME=$(echo lxml_1.0_3.10 | tr -dc '[:alnum:]\n\r' | tr '[:upper:]' '[:lower:]')" >> $GITHUB_OUTPUT[0m
2022-12-27T11:19:05.4964610Z shell: /bin/bash -e {0}
2022-12-27T11:19:05.4964770Z env:
2022-12-27T11:19:05.4964990Z   pythonLocation: /Users/runner/hostedtoolcache/Python/3.10.9/x64
2022-12-27T11:19:05.4965350Z   PKG_CONFIG_PATH: /Users/runner/hostedtoolcache/Python/3.10.9/x64/lib/pkgconfig
2022-12-27T11:19:05.4965590Z   Python_ROOT_DIR: /Users/runner/hostedtoolcache/Python/3.10.9/x64
2022-12-27T11:19:05.4965870Z   Python2_ROOT_DIR: /Users/runner/hostedtoolcache/Python/3.10.9/x64
2022-12-27T11:19:05.4966120Z   Python3_ROOT_DIR: /Users/runner/hostedtoolcache/Python/3.10.9/x64
2022-12-27T11:19:05.4966290Z ##[endgroup]
2022-12-27T11:19:05.5105360Z ##[group]Run echo "PYTHON_NO_DOTS=$(echo 3.10 | tr -dc '[:alnum:]\n\r' | tr '[:upper:]' '[:lower:]')" >> $GITHUB_OUTPUT
2022-12-27T11:19:05.5105820Z [36;1mecho "PYTHON_NO_DOTS=$(echo 3.10 | tr -dc '[:alnum:]\n\r' | tr '[:upper:]' '[:lower:]')" >> $GITHUB_OUTPUT[0m
2022-12-27T11:19:05.5119820Z shell: /bin/bash -e {0}
2022-12-27T11:19:05.5119970Z env:
2022-12-27T11:19:05.5120170Z   pythonLocation: /Users/runner/hostedtoolcache/Python/3.10.9/x64
2022-12-27T11:19:05.5120960Z   PKG_CONFIG_PATH: /Users/runner/hostedtoolcache/Python/3.10.9/x64/lib/pkgconfig
2022-12-27T11:19:05.5121220Z   Python_ROOT_DIR: /Users/runner/hostedtoolcache/Python/3.10.9/x64
2022-12-27T11:19:05.5121430Z   Python2_ROOT_DIR: /Users/runner/hostedtoolcache/Python/3.10.9/x64
2022-12-27T11:19:05.5121660Z   Python3_ROOT_DIR: /Users/runner/hostedtoolcache/Python/3.10.9/x64
2022-12-27T11:19:05.5121850Z ##[endgroup]
2022-12-27T11:19:05.5227310Z ##[group]Run rm -rf build_lxml10310
2022-12-27T11:19:05.5227690Z [36;1mrm -rf build_lxml10310[0m
2022-12-27T11:19:05.5227880Z [36;1mmkdir build_lxml10310[0m
2022-12-27T11:19:05.5228060Z [36;1mcd build_lxml10310[0m
2022-12-27T11:19:05.5228380Z [36;1m/usr/local/bin/wget --quiet https://files.pythonhosted.org/packages/4a/bb/8e7b3177a1a3c543475bd702fb308798065ede15e6d97668241a47432d66/lxml-1.0.tar.gz[0m
2022-12-27T11:19:05.5228640Z [36;1mtar xf *.tar.gz[0m
2022-12-27T11:19:05.5228800Z [36;1mcd *[0m
2022-12-27T11:19:05.5228960Z [36;1mpython -m pip install cibuildwheel==2.11.3[0m
2022-12-27T11:19:05.5229180Z [36;1mpython -m cibuildwheel --output-dir ../wheelsout[0m
2022-12-27T11:19:05.5243210Z shell: /bin/bash -e {0}
2022-12-27T11:19:05.5243370Z env:
2022-12-27T11:19:05.5243580Z   pythonLocation: /Users/runner/hostedtoolcache/Python/3.10.9/x64
2022-12-27T11:19:05.5243890Z   PKG_CONFIG_PATH: /Users/runner/hostedtoolcache/Python/3.10.9/x64/lib/pkgconfig
2022-12-27T11:19:05.5244150Z   Python_ROOT_DIR: /Users/runner/hostedtoolcache/Python/3.10.9/x64
2022-12-27T11:19:05.5244380Z   Python2_ROOT_DIR: /Users/runner/hostedtoolcache/Python/3.10.9/x64
2022-12-27T11:19:05.5244620Z   Python3_ROOT_DIR: /Users/runner/hostedtoolcache/Python/3.10.9/x64
2022-12-27T11:19:05.5244870Z   CIBW_ARCHS_MACOS: arm64
2022-12-27T11:19:05.5245010Z   CIBW_TEST_SKIP: *_arm64
2022-12-27T11:19:05.5245190Z   CIBW_BUILD: cp310-macosx_arm64
2022-12-27T11:19:05.5245370Z   CIBW_BUILD_FRONTEND: pip
2022-12-27T11:19:05.5245520Z   CIBW_BUILD_VERBOSITY: 3
2022-12-27T11:19:05.5245870Z   CIBW_ENVIRONMENT_MACOS:  CFLAGS="-I/usr/local/opt/openssl@3/include" LDFLAGS="-L/usr/local/opt/openssl@3/lib" CPPFLAGS="-I/usr/local/opt/openssl@3/include" MAKEFLAGS="-j$(sysctl -n hw.logicalcpu)" PATH=/usr/local/opt/ccache/libexec:$PATH
2022-12-27T11:19:05.5246240Z   CIBW_BEFORE_BUILD: pip install Cython; if [[ -f requirements.txt ]]; then pip install -r requirements.txt; fi
2022-12-27T11:19:05.5246480Z   MAKEFLAGS: -j$(sysctl -n hw.logicalcpu)
2022-12-27T11:19:05.5246630Z ##[endgroup]
2022-12-27T11:19:05.8598100Z Requirement already satisfied: cibuildwheel==2.11.3 in /Users/runner/hostedtoolcache/Python/3.10.9/x64/lib/python3.10/site-packages (2.11.3)
2022-12-27T11:19:05.8859930Z Requirement already satisfied: filelock in /Users/runner/hostedtoolcache/Python/3.10.9/x64/lib/python3.10/site-packages (from cibuildwheel==2.11.3) (3.8.2)
2022-12-27T11:19:05.8863840Z Requirement already satisfied: bracex in /Users/runner/hostedtoolcache/Python/3.10.9/x64/lib/python3.10/site-packages (from cibuildwheel==2.11.3) (2.3.post1)
2022-12-27T11:19:05.8869020Z Requirement already satisfied: bashlex!=0.13 in /Users/runner/hostedtoolcache/Python/3.10.9/x64/lib/python3.10/site-packages (from cibuildwheel==2.11.3) (0.16)
2022-12-27T11:19:05.8872350Z Requirement already satisfied: platformdirs in /Users/runner/hostedtoolcache/Python/3.10.9/x64/lib/python3.10/site-packages (from cibuildwheel==2.11.3) (2.6.0)
2022-12-27T11:19:05.8882650Z Requirement already satisfied: typing-extensions>=4.1.0 in /Users/runner/hostedtoolcache/Python/3.10.9/x64/lib/python3.10/site-packages (from cibuildwheel==2.11.3) (4.4.0)
2022-12-27T11:19:05.8886110Z Requirement already satisfied: certifi in /Users/runner/hostedtoolcache/Python/3.10.9/x64/lib/python3.10/site-packages (from cibuildwheel==2.11.3) (2022.12.7)
2022-12-27T11:19:05.8892390Z Requirement already satisfied: tomli in /Users/runner/hostedtoolcache/Python/3.10.9/x64/lib/python3.10/site-packages (from cibuildwheel==2.11.3) (2.0.1)
2022-12-27T11:19:05.8897870Z Requirement already satisfied: packaging>=20.9 in /Users/runner/hostedtoolcache/Python/3.10.9/x64/lib/python3.10/site-packages (from cibuildwheel==2.11.3) (22.0)
2022-12-27T11:19:06.0706600Z 
2022-12-27T11:19:06.0706750Z      _ _       _ _   _       _           _
2022-12-27T11:19:06.0707260Z  ___|_| |_ _ _|_| |_| |_ _ _| |_ ___ ___| |
2022-12-27T11:19:06.0708030Z |  _| | . | | | | | . | | | |   | -_| -_| |
2022-12-27T11:19:06.0709070Z |___|_|___|___|_|_|___|_____|_|_|___|___|_|
2022-12-27T11:19:06.0709260Z 
2022-12-27T11:19:06.0709360Z cibuildwheel version 2.11.3
2022-12-27T11:19:06.0709500Z 
2022-12-27T11:19:06.0709700Z Build options:
2022-12-27T11:19:06.0709940Z   platform: macos
2022-12-27T11:19:06.0747230Z   architectures: arm64[0m
2022-12-27T11:19:06.0747880Z   build_selector: 
2022-12-27T11:19:06.0749120Z     build_config: cp310-macosx_arm64
2022-12-27T11:19:06.0749810Z     skip_config: 
2022-12-27T11:19:06.0750040Z     requires_python: None
2022-12-27T11:19:06.0750420Z     prerelease_pythons: False[0m
2022-12-27T11:19:06.0750910Z   [38;5;244mcontainer_engine: docker[0m
2022-12-27T11:19:06.0751310Z   output_dir: /Users/runner/actions-runner/_work/python.build/python.build/build_lxml10310/wheelsout[0m
2022-12-27T11:19:06.0751800Z   package_dir: /Users/runner/actions-runner/_work/python.build/python.build/build_lxml10310/lxml-1.0[0m
2022-12-27T11:19:06.0752120Z   test_selector: 
2022-12-27T11:19:06.0752520Z     skip_config: *_arm64[0m
2022-12-27T11:19:06.0752860Z   [38;5;244mbefore_all: [0m
2022-12-27T11:19:06.0753300Z   before_build: pip install Cython; if [[ -f requirements.txt ]]; then pip install -r requirements.txt; fi[0m
2022-12-27T11:19:06.0753660Z   [38;5;244mbefore_test: [0m
2022-12-27T11:19:06.0754020Z   [38;5;244mbuild_frontend: pip[0m
2022-12-27T11:19:06.0754300Z   build_verbosity: 3[0m
2022-12-27T11:19:06.0754580Z   [38;5;244mconfig_settings: [0m
2022-12-27T11:19:06.0754890Z   [38;5;244mdependency_constraints: pinned[0m
2022-12-27T11:19:06.0755240Z   environment: 
2022-12-27T11:19:06.0755520Z     CFLAGS="-I/usr/local/opt/openssl@3/include"
2022-12-27T11:19:06.0755760Z     LDFLAGS="-L/usr/local/opt/openssl@3/lib"
2022-12-27T11:19:06.0756030Z     CPPFLAGS="-I/usr/local/opt/openssl@3/include"
2022-12-27T11:19:06.0756420Z     MAKEFLAGS="-j$(sysctl -n hw.logicalcpu)"
2022-12-27T11:19:06.0756700Z     PATH=/usr/local/opt/ccache/libexec:$PATH[0m
2022-12-27T11:19:06.0756920Z   [38;5;244mmanylinux_images: None[0m
2022-12-27T11:19:06.0757160Z   [38;5;244mmusllinux_images: None[0m
2022-12-27T11:19:06.0757490Z   [38;5;244mrepair_command: delocate-wheel --require-archs {delocate_archs} -w {dest_dir} -v {wheel}[0m
2022-12-27T11:19:06.0758160Z   [38;5;244mtest_command: [0m
2022-12-27T11:19:06.0758420Z   [38;5;244mtest_extras: [0m
2022-12-27T11:19:06.0758650Z   [38;5;244mtest_requires: [0m
2022-12-27T11:19:06.0758780Z 
2022-12-27T11:19:06.0758860Z Cache folder: /Users/runner/Library/Caches/cibuildwheel
2022-12-27T11:19:06.0772680Z 
2022-12-27T11:19:06.0772830Z Here we go!
2022-12-27T11:19:06.0773030Z 
2022-12-27T11:19:06.0835580Z 
2022-12-27T11:19:06.0836520Z [1m[34mBuilding cp310-macosx_arm64 wheel[0m
2022-12-27T11:19:06.0837070Z CPython 3.10 macOS arm64 - Apple Silicon
2022-12-27T11:19:06.0837280Z 
2022-12-27T11:19:06.0840240Z ##[group]Installing Python cp310...
2022-12-27T11:19:06.0840570Z 
2022-12-27T11:19:06.0841220Z + pkgutil --pkgs
2022-12-27T11:19:06.0938970Z ##[endgroup]
2022-12-27T11:19:06.0939870Z                                                               [32mâœ“ [0m0.01s
2022-12-27T11:19:06.0940300Z ##[group]Setting up build environment...
2022-12-27T11:19:06.0940480Z 
2022-12-27T11:19:06.0959400Z + /Users/runner/hostedtoolcache/Python/3.10.9/x64/bin/python -sS /Users/runner/Library/Caches/cibuildwheel/virtualenv-20.17.0.pyz --activators= --no-periodic-update --pip=22.3.1 --setuptools=65.6.3 --wheel=0.38.4 --symlink-app-data --python /Library/Frameworks/Python.framework/Versions/3.10/bin/python3 /private/var/folders/51/hd414ycd67n82196sw51xqtc0000gn/T/cibw-run-e49gb8yz/cp310-macosx_arm64/build/venv
2022-12-27T11:19:06.2858700Z created virtual environment CPython3.10.8.final.0-64 in 49ms
2022-12-27T11:19:06.2859330Z   creator CPython3Posix(dest=/private/var/folders/51/hd414ycd67n82196sw51xqtc0000gn/T/cibw-run-e49gb8yz/cp310-macosx_arm64/build/venv, clear=False, no_vcs_ignore=False, global=False)
2022-12-27T11:19:06.2860190Z   seeder FromAppData(download=False, pip=22.3.1, setuptools=65.6.3, wheel=0.38.4, via=symlink, app_data_dir=/Users/runner/Library/Application Support/virtualenv)
2022-12-27T11:19:06.2860630Z     added seed packages: pip==22.3.1, setuptools==65.6.3, wheel==0.38.4
2022-12-27T11:19:06.2977280Z + python -m pip install --upgrade pip -c /Users/runner/hostedtoolcache/Python/3.10.9/x64/lib/python3.10/site-packages/cibuildwheel/resources/constraints-python310.txt
2022-12-27T11:19:06.6005710Z Requirement already satisfied: pip in ./lib/python3.10/site-packages (22.3.1)
2022-12-27T11:19:06.7292880Z + which pip
2022-12-27T11:19:06.7310520Z /private/var/folders/51/hd414ycd67n82196sw51xqtc0000gn/T/cibw-run-e49gb8yz/cp310-macosx_arm64/build/venv/bin/pip
2022-12-27T11:19:06.7312970Z + pip --version
2022-12-27T11:19:06.9346190Z pip 22.3.1 from /private/var/folders/51/hd414ycd67n82196sw51xqtc0000gn/T/cibw-run-e49gb8yz/cp310-macosx_arm64/build/venv/lib/python3.10/site-packages/pip (python 3.10)
2022-12-27T11:19:06.9559850Z + which pip
2022-12-27T11:19:06.9586060Z + which python
2022-12-27T11:19:06.9603150Z /private/var/folders/51/hd414ycd67n82196sw51xqtc0000gn/T/cibw-run-e49gb8yz/cp310-macosx_arm64/build/venv/bin/python
2022-12-27T11:19:06.9606010Z + python --version
2022-12-27T11:19:06.9651480Z Python 3.10.8
2022-12-27T11:19:06.9654400Z + which python
2022-12-27T11:19:06.9707520Z ##[endgroup]
2022-12-27T11:19:06.9708120Z                                                               [32mâœ“ [0m0.88s
2022-12-27T11:19:06.9708560Z ##[group]Installing build tools...
2022-12-27T11:19:06.9708710Z 
2022-12-27T11:19:06.9709140Z + pip install --upgrade setuptools wheel delocate -c /Users/runner/hostedtoolcache/Python/3.10.9/x64/lib/python3.10/site-packages/cibuildwheel/resources/constraints-python310.txt
2022-12-27T11:19:07.2479250Z Requirement already satisfied: setuptools in /private/var/folders/51/hd414ycd67n82196sw51xqtc0000gn/T/cibw-run-e49gb8yz/cp310-macosx_arm64/build/venv/lib/python3.10/site-packages (65.6.3)
2022-12-27T11:19:07.4467250Z Requirement already satisfied: wheel in /private/var/folders/51/hd414ycd67n82196sw51xqtc0000gn/T/cibw-run-e49gb8yz/cp310-macosx_arm64/build/venv/lib/python3.10/site-packages (0.38.4)
2022-12-27T11:19:07.4873100Z Collecting delocate
2022-12-27T11:19:07.4895630Z   Using cached delocate-0.10.3-py3-none-any.whl (142 kB)
2022-12-27T11:19:07.5099990Z Collecting typing-extensions
2022-12-27T11:19:07.5118010Z   Using cached typing_extensions-4.4.0-py3-none-any.whl (26 kB)
2022-12-27T11:19:07.5346650Z Collecting packaging>=20.9
2022-12-27T11:19:07.5367090Z   Using cached packaging-21.3-py3-none-any.whl (40 kB)
2022-12-27T11:19:07.5683290Z Collecting pyparsing!=3.0.5,>=2.0.2
2022-12-27T11:19:07.5700470Z   Using cached pyparsing-3.0.9-py3-none-any.whl (98 kB)
2022-12-27T11:19:07.6032650Z Installing collected packages: typing-extensions, pyparsing, packaging, delocate
2022-12-27T11:19:07.7316360Z Successfully installed delocate-0.10.3 packaging-21.3 pyparsing-3.0.9 typing-extensions-4.4.0
2022-12-27T11:19:07.7747780Z ##[endgroup]
2022-12-27T11:19:07.7748490Z                                                               [32mâœ“ [0m0.80s
2022-12-27T11:19:07.7749000Z ##[group]Running before_build...
2022-12-27T11:19:07.7749150Z 
2022-12-27T11:19:07.7754240Z + pip install Cython; if [[ -f requirements.txt ]]; then pip install -r requirements.txt; fi
2022-12-27T11:19:08.3729840Z Collecting Cython
2022-12-27T11:19:08.3772880Z   Using cached Cython-0.29.32-py2.py3-none-any.whl (986 kB)
2022-12-27T11:19:08.4169810Z Installing collected packages: Cython
2022-12-27T11:19:08.8476240Z Successfully installed Cython-0.29.32
2022-12-27T11:19:08.8897610Z ##[endgroup]
2022-12-27T11:19:08.8898240Z                                                               [32mâœ“ [0m1.11s
2022-12-27T11:19:08.8898730Z ##[group]Building wheel...
2022-12-27T11:19:08.8898940Z 
2022-12-27T11:19:08.8905190Z + python -m pip wheel /Users/runner/actions-runner/_work/python.build/python.build/build_lxml10310/lxml-1.0 --wheel-dir=/private/var/folders/51/hd414ycd67n82196sw51xqtc0000gn/T/cibw-run-e49gb8yz/cp310-macosx_arm64/built_wheel --no-deps -vvv
2022-12-27T11:19:09.1416910Z Created temporary directory: /private/var/folders/51/hd414ycd67n82196sw51xqtc0000gn/T/pip-ephem-wheel-cache-j22v_dtr
2022-12-27T11:19:09.1420580Z Created temporary directory: /private/var/folders/51/hd414ycd67n82196sw51xqtc0000gn/T/pip-build-tracker-i8v3siwp
2022-12-27T11:19:09.1422640Z Initialized build tracking at /private/var/folders/51/hd414ycd67n82196sw51xqtc0000gn/T/pip-build-tracker-i8v3siwp
2022-12-27T11:19:09.1424230Z Created build tracker: /private/var/folders/51/hd414ycd67n82196sw51xqtc0000gn/T/pip-build-tracker-i8v3siwp
2022-12-27T11:19:09.1426060Z Entered build tracker: /private/var/folders/51/hd414ycd67n82196sw51xqtc0000gn/T/pip-build-tracker-i8v3siwp
2022-12-27T11:19:09.1429550Z Created temporary directory: /private/var/folders/51/hd414ycd67n82196sw51xqtc0000gn/T/pip-wheel-uss9rkcs
2022-12-27T11:19:09.1435680Z Created temporary directory: /private/var/folders/51/hd414ycd67n82196sw51xqtc0000gn/T/pip-ephem-wheel-cache-3xiafn_e
2022-12-27T11:19:09.1573240Z Processing /Users/runner/actions-runner/_work/python.build/python.build/build_lxml10310/lxml-1.0
2022-12-27T11:19:09.1579140Z   Added file:///Users/runner/actions-runner/_work/python.build/python.build/build_lxml10310/lxml-1.0 to build tracker '/private/var/folders/51/hd414ycd67n82196sw51xqtc0000gn/T/pip-build-tracker-i8v3siwp'
2022-12-27T11:19:09.1582880Z   Running setup.py (path:/Users/runner/actions-runner/_work/python.build/python.build/build_lxml10310/lxml-1.0/setup.py) egg_info for package from file:///Users/runner/actions-runner/_work/python.build/python.build/build_lxml10310/lxml-1.0
2022-12-27T11:19:09.1586300Z   Created temporary directory: /private/var/folders/51/hd414ycd67n82196sw51xqtc0000gn/T/pip-pip-egg-info-copmpjya
2022-12-27T11:19:09.1588180Z   Preparing metadata (setup.py): started
2022-12-27T11:19:09.1590430Z   Running command python setup.py egg_info
2022-12-27T11:19:09.3051870Z   Traceback (most recent call last):
2022-12-27T11:19:09.3059920Z     File "<string>", line 2, in <module>
2022-12-27T11:19:09.3060560Z     File "<pip-setuptools-caller>", line 34, in <module>
2022-12-27T11:19:09.3061010Z     File "/Users/runner/actions-runner/_work/python.build/python.build/build_lxml10310/lxml-1.0/setup.py", line 22
2022-12-27T11:19:09.3061670Z       raise NotImplementedError, \
2022-12-27T11:19:09.3062080Z                                ^
2022-12-27T11:19:09.3064070Z   SyntaxError: invalid syntax
2022-12-27T11:19:09.3250610Z   error: subprocess-exited-with-error
2022-12-27T11:19:09.3250880Z   
2022-12-27T11:19:09.3251200Z   Ã— python setup.py egg_info did not run successfully.
2022-12-27T11:19:09.3251650Z   â”‚ exit code: 1
2022-12-27T11:19:09.3251930Z   â•°â”€> See above for output.
2022-12-27T11:19:09.3252110Z   
2022-12-27T11:19:09.3252380Z   note: This error originates from a subprocess, and is likely not a problem with pip.
2022-12-27T11:19:09.3260580Z   full command: /private/var/folders/51/hd414ycd67n82196sw51xqtc0000gn/T/cibw-run-e49gb8yz/cp310-macosx_arm64/build/venv/bin/python -c '
2022-12-27T11:19:09.3261040Z   exec(compile('"'"''"'"''"'"'
2022-12-27T11:19:09.3261320Z   # This is <pip-setuptools-caller> -- a caller that pip uses to run setup.py
2022-12-27T11:19:09.3261540Z   #
2022-12-27T11:19:09.3261890Z   # - It imports setuptools before invoking setup.py, to enable projects that directly
2022-12-27T11:19:09.3262140Z   #   import from `distutils.core` to work with newer packaging standards.
2022-12-27T11:19:09.3262460Z   # - It provides a clear error message when setuptools is not installed.
2022-12-27T11:19:09.3262790Z   # - It sets `sys.argv[0]` to the underlying `setup.py`, when invoking `setup.py` so
2022-12-27T11:19:09.3263110Z   #   setuptools doesn'"'"'t think the script is `-c`. This avoids the following warning:
2022-12-27T11:19:09.3263470Z   #     manifest_maker: standard file '"'"'-c'"'"' not found".
2022-12-27T11:19:09.3263780Z   # - It generates a shim setup.py, for handling setup.cfg-only projects.
2022-12-27T11:19:09.3264000Z   import os, sys, tokenize
2022-12-27T11:19:09.3264140Z   
2022-12-27T11:19:09.3264590Z   try:
2022-12-27T11:19:09.3264860Z       import setuptools
2022-12-27T11:19:09.3265020Z   except ImportError as error:
2022-12-27T11:19:09.3265200Z       print(
2022-12-27T11:19:09.3265420Z           "ERROR: Can not execute `setup.py` since setuptools is not available in "
2022-12-27T11:19:09.3265610Z           "the build environment.",
2022-12-27T11:19:09.3265880Z           file=sys.stderr,
2022-12-27T11:19:09.3266100Z       )
2022-12-27T11:19:09.3266240Z       sys.exit(1)
2022-12-27T11:19:09.3266410Z   
2022-12-27T11:19:09.3266600Z   __file__ = %r
2022-12-27T11:19:09.3266740Z   sys.argv[0] = __file__
2022-12-27T11:19:09.3266910Z   
2022-12-27T11:19:09.3267080Z   if os.path.exists(__file__):
2022-12-27T11:19:09.3267230Z       filename = __file__
2022-12-27T11:19:09.3267460Z       with tokenize.open(__file__) as f:
2022-12-27T11:19:09.3267650Z           setup_py_code = f.read()
2022-12-27T11:19:09.3267820Z   else:
2022-12-27T11:19:09.3268050Z       filename = "<auto-generated setuptools caller>"
2022-12-27T11:19:09.3268290Z       setup_py_code = "from setuptools import setup; setup()"
2022-12-27T11:19:09.3268510Z   
2022-12-27T11:19:09.3268660Z   exec(compile(setup_py_code, filename, "exec"))
2022-12-27T11:19:09.3269180Z   '"'"''"'"''"'"' % ('"'"'/Users/runner/actions-runner/_work/python.build/python.build/build_lxml10310/lxml-1.0/setup.py'"'"',), "<pip-setuptools-caller>", "exec"))' egg_info --egg-base /private/var/folders/51/hd414ycd67n82196sw51xqtc0000gn/T/pip-pip-egg-info-copmpjya
2022-12-27T11:19:09.3269660Z   cwd: /Users/runner/actions-runner/_work/python.build/python.build/build_lxml10310/lxml-1.0/
2022-12-27T11:19:09.3270030Z   Preparing metadata (setup.py): finished with status 'error'
2022-12-27T11:19:09.3278260Z error: metadata-generation-failed
2022-12-27T11:19:09.3278410Z 
2022-12-27T11:19:09.3278580Z Ã— Encountered error while generating package metadata.
2022-12-27T11:19:09.3278830Z â•°â”€> See above for output.
2022-12-27T11:19:09.3278940Z 
2022-12-27T11:19:09.3279060Z note: This is an issue with the package mentioned above, not pip.
2022-12-27T11:19:09.3279380Z hint: See above for details.
2022-12-27T11:19:09.3302720Z Exception information:
2022-12-27T11:19:09.3303170Z Traceback (most recent call last):
2022-12-27T11:19:09.3304570Z   File "/private/var/folders/51/hd414ycd67n82196sw51xqtc0000gn/T/cibw-run-e49gb8yz/cp310-macosx_arm64/build/venv/lib/python3.10/site-packages/pip/_internal/operations/build/metadata_legacy.py", line 64, in generate_metadata
2022-12-27T11:19:09.3305110Z     call_subprocess(
2022-12-27T11:19:09.3305890Z   File "/private/var/folders/51/hd414ycd67n82196sw51xqtc0000gn/T/cibw-run-e49gb8yz/cp310-macosx_arm64/build/venv/lib/python3.10/site-packages/pip/_internal/utils/subprocess.py", line 224, in call_subprocess
2022-12-27T11:19:09.3306340Z     raise error
2022-12-27T11:19:09.3306750Z pip._internal.exceptions.InstallationSubprocessError: python setup.py egg_info exited with 1
2022-12-27T11:19:09.3307140Z 
2022-12-27T11:19:09.3307360Z The above exception was the direct cause of the following exception:
2022-12-27T11:19:09.3307770Z 
2022-12-27T11:19:09.3307940Z Traceback (most recent call last):
2022-12-27T11:19:09.3308780Z   File "/private/var/folders/51/hd414ycd67n82196sw51xqtc0000gn/T/cibw-run-e49gb8yz/cp310-macosx_arm64/build/venv/lib/python3.10/site-packages/pip/_internal/cli/base_command.py", line 160, in exc_logging_wrapper
2022-12-27T11:19:09.3309240Z     status = run_func(*args)
2022-12-27T11:19:09.3310090Z   File "/private/var/folders/51/hd414ycd67n82196sw51xqtc0000gn/T/cibw-run-e49gb8yz/cp310-macosx_arm64/build/venv/lib/python3.10/site-packages/pip/_internal/cli/req_command.py", line 247, in wrapper
2022-12-27T11:19:09.3310560Z     return func(self, options, args)
2022-12-27T11:19:09.3311310Z   File "/private/var/folders/51/hd414ycd67n82196sw51xqtc0000gn/T/cibw-run-e49gb8yz/cp310-macosx_arm64/build/venv/lib/python3.10/site-packages/pip/_internal/commands/wheel.py", line 170, in run
2022-12-27T11:19:09.3311820Z     requirement_set = resolver.resolve(reqs, check_supported_wheels=True)
2022-12-27T11:19:09.3312950Z   File "/private/var/folders/51/hd414ycd67n82196sw51xqtc0000gn/T/cibw-run-e49gb8yz/cp310-macosx_arm64/build/venv/lib/python3.10/site-packages/pip/_internal/resolution/resolvelib/resolver.py", line 73, in resolve
2022-12-27T11:19:09.3313490Z     collected = self.factory.collect_root_requirements(root_reqs)
2022-12-27T11:19:09.3314360Z   File "/private/var/folders/51/hd414ycd67n82196sw51xqtc0000gn/T/cibw-run-e49gb8yz/cp310-macosx_arm64/build/venv/lib/python3.10/site-packages/pip/_internal/resolution/resolvelib/factory.py", line 491, in collect_root_requirements
2022-12-27T11:19:09.3314950Z     req = self._make_requirement_from_install_req(
2022-12-27T11:19:09.3315820Z   File "/private/var/folders/51/hd414ycd67n82196sw51xqtc0000gn/T/cibw-run-e49gb8yz/cp310-macosx_arm64/build/venv/lib/python3.10/site-packages/pip/_internal/resolution/resolvelib/factory.py", line 453, in _make_requirement_from_install_req
2022-12-27T11:19:09.3316470Z     cand = self._make_candidate_from_link(
2022-12-27T11:19:09.3317340Z   File "/private/var/folders/51/hd414ycd67n82196sw51xqtc0000gn/T/cibw-run-e49gb8yz/cp310-macosx_arm64/build/venv/lib/python3.10/site-packages/pip/_internal/resolution/resolvelib/factory.py", line 206, in _make_candidate_from_link
2022-12-27T11:19:09.3317930Z     self._link_candidate_cache[link] = LinkCandidate(
2022-12-27T11:19:09.3318720Z   File "/private/var/folders/51/hd414ycd67n82196sw51xqtc0000gn/T/cibw-run-e49gb8yz/cp310-macosx_arm64/build/venv/lib/python3.10/site-packages/pip/_internal/resolution/resolvelib/candidates.py", line 297, in __init__
2022-12-27T11:19:09.3319340Z     super().__init__(
2022-12-27T11:19:09.3320570Z   File "/private/var/folders/51/hd414ycd67n82196sw51xqtc0000gn/T/cibw-run-e49gb8yz/cp310-macosx_arm64/build/venv/lib/python3.10/site-packages/pip/_internal/resolution/resolvelib/candidates.py", line 162, in __init__
2022-12-27T11:19:09.3321140Z     self.dist = self._prepare()
2022-12-27T11:19:09.3322020Z   File "/private/var/folders/51/hd414ycd67n82196sw51xqtc0000gn/T/cibw-run-e49gb8yz/cp310-macosx_arm64/build/venv/lib/python3.10/site-packages/pip/_internal/resolution/resolvelib/candidates.py", line 231, in _prepare
2022-12-27T11:19:09.3322810Z     dist = self._prepare_distribution()
2022-12-27T11:19:09.3323710Z   File "/private/var/folders/51/hd414ycd67n82196sw51xqtc0000gn/T/cibw-run-e49gb8yz/cp310-macosx_arm64/build/venv/lib/python3.10/site-packages/pip/_internal/resolution/resolvelib/candidates.py", line 308, in _prepare_distribution
2022-12-27T11:19:09.3324300Z     return preparer.prepare_linked_requirement(self._ireq, parallel_builds=True)
2022-12-27T11:19:09.3325100Z   File "/private/var/folders/51/hd414ycd67n82196sw51xqtc0000gn/T/cibw-run-e49gb8yz/cp310-macosx_arm64/build/venv/lib/python3.10/site-packages/pip/_internal/operations/prepare.py", line 491, in prepare_linked_requirement
2022-12-27T11:19:09.3325600Z     return self._prepare_linked_requirement(req, parallel_builds)
2022-12-27T11:19:09.3326440Z   File "/private/var/folders/51/hd414ycd67n82196sw51xqtc0000gn/T/cibw-run-e49gb8yz/cp310-macosx_arm64/build/venv/lib/python3.10/site-packages/pip/_internal/operations/prepare.py", line 577, in _prepare_linked_requirement
2022-12-27T11:19:09.3326870Z     dist = _get_prepared_distribution(
2022-12-27T11:19:09.3327580Z   File "/private/var/folders/51/hd414ycd67n82196sw51xqtc0000gn/T/cibw-run-e49gb8yz/cp310-macosx_arm64/build/venv/lib/python3.10/site-packages/pip/_internal/operations/prepare.py", line 69, in _get_prepared_distribution
2022-12-27T11:19:09.3328070Z     abstract_dist.prepare_distribution_metadata(
2022-12-27T11:19:09.3328790Z   File "/private/var/folders/51/hd414ycd67n82196sw51xqtc0000gn/T/cibw-run-e49gb8yz/cp310-macosx_arm64/build/venv/lib/python3.10/site-packages/pip/_internal/distributions/sdist.py", line 61, in prepare_distribution_metadata
2022-12-27T11:19:09.3329330Z     self.req.prepare_metadata()
2022-12-27T11:19:09.3330210Z   File "/private/var/folders/51/hd414ycd67n82196sw51xqtc0000gn/T/cibw-run-e49gb8yz/cp310-macosx_arm64/build/venv/lib/python3.10/site-packages/pip/_internal/req/req_install.py", line 541, in prepare_metadata
2022-12-27T11:19:09.3330670Z     self.metadata_directory = generate_metadata_legacy(
2022-12-27T11:19:09.3331410Z   File "/private/var/folders/51/hd414ycd67n82196sw51xqtc0000gn/T/cibw-run-e49gb8yz/cp310-macosx_arm64/build/venv/lib/python3.10/site-packages/pip/_internal/operations/build/metadata_legacy.py", line 71, in generate_metadata
2022-12-27T11:19:09.3332040Z     raise MetadataGenerationFailed(package_details=details) from error
2022-12-27T11:19:09.3332470Z pip._internal.exceptions.MetadataGenerationFailed: metadata generation failed
2022-12-27T11:19:09.3333230Z Removed file:///Users/runner/actions-runner/_work/python.build/python.build/build_lxml10310/lxml-1.0 from build tracker '/private/var/folders/51/hd414ycd67n82196sw51xqtc0000gn/T/pip-build-tracker-i8v3siwp'
2022-12-27T11:19:09.3333850Z Removed build tracker: '/private/var/folders/51/hd414ycd67n82196sw51xqtc0000gn/T/pip-build-tracker-i8v3siwp'
2022-12-27T11:19:09.3692820Z ##[endgroup]
2022-12-27T11:19:09.3715370Z ##[error]Command ['python', '-m', 'pip', 'wheel', '/Users/runner/actions-runner/_work/python.build/python.build/build_lxml10310/lxml-1.0', '--wheel-dir=/private/var/folders/51/hd414ycd67n82196sw51xqtc0000gn/T/cibw-run-e49gb8yz/cp310-macosx_arm64/built_wheel', '--no-deps', '-vvv'] failed with code 1. None
2022-12-27T11:19:09.3723480Z 
2022-12-27T11:19:09.3724020Z                                                               [31mâœ• [0m0.48s
2022-12-27T11:19:09.4208510Z ##[error]Process completed with exit code 1.
2022-12-27T11:19:09.4303900Z ##[group]Run rm -rf build_lxml10310 wheelsout
2022-12-27T11:19:09.4304170Z [36;1mrm -rf build_lxml10310 wheelsout[0m
2022-12-27T11:19:09.4319310Z shell: /bin/bash -e {0}
2022-12-27T11:19:09.4319450Z env:
2022-12-27T11:19:09.4319620Z   pythonLocation: /Users/runner/hostedtoolcache/Python/3.10.9/x64
2022-12-27T11:19:09.4319820Z   PKG_CONFIG_PATH: /Users/runner/hostedtoolcache/Python/3.10.9/x64/lib/pkgconfig
2022-12-27T11:19:09.4320030Z   Python_ROOT_DIR: /Users/runner/hostedtoolcache/Python/3.10.9/x64
2022-12-27T11:19:09.4320400Z   Python2_ROOT_DIR: /Users/runner/hostedtoolcache/Python/3.10.9/x64
2022-12-27T11:19:09.4320820Z   Python3_ROOT_DIR: /Users/runner/hostedtoolcache/Python/3.10.9/x64
2022-12-27T11:19:09.4320980Z ##[endgroup]
2022-12-27T11:19:09.4582340Z Cleaning up orphan processes
